esptool.py v4.7.0
Serial port /dev/serial/by-id/usb-Silicon_Labs_CP2102N_USB_to_UART_Bridge_Controller_ca317d585c76eb11ba0a87abb7be2ba5-if00-port0
Connecting....
Detecting chip type... ESP32-C3
Chip is ESP32-C3 (QFN32) (revision v0.3)
Features: WiFi, BLE, Embedded Flash 4MB (XMC)
Crystal is 40MHz
MAC: 84:f7:03:09:96:10
Uploading stub...
Running stub...
Stub running...
Changing baud rate to 460800
Changed.
Configuring flash size...
Erasing flash (this may take a while)...
Chip erase completed successfully in 19.1s
Compressed 1035120 bytes to 607300...
Writing at 0x00000000... (2 %)
Writing at 0x00012054... (5 %)
Writing at 0x0001f411... (7 %)
Writing at 0x0002b855... (10 %)
Writing at 0x00031d16... (13 %)
Writing at 0x00037247... (15 %)
Writing at 0x00040e88... (18 %)
Writing at 0x00046ee6... (21 %)
Writing at 0x0004d577... (23 %)
Writing at 0x00053b94... (26 %)
Writing at 0x00059652... (28 %)
Writing at 0x0005f26a... (31 %)
Writing at 0x00065dea... (34 %)
Writing at 0x0006ba53... (36 %)
Writing at 0x00071b3a... (39 %)
Writing at 0x00077af2... (42 %)
Writing at 0x0007dc5b... (44 %)
Writing at 0x00083814... (47 %)
Writing at 0x00088d8c... (50 %)
Writing at 0x0008e918... (52 %)
Writing at 0x00094ff3... (55 %)
Writing at 0x0009ad80... (57 %)
Writing at 0x000a03e3... (60 %)
Writing at 0x000a63fb... (63 %)
Writing at 0x000acb58... (65 %)
Writing at 0x000b2b21... (68 %)
Writing at 0x000b8a2f... (71 %)
Writing at 0x000bedf5... (73 %)
Writing at 0x000c45a6... (76 %)
Writing at 0x000c9f54... (78 %)
Writing at 0x000cffdb... (81 %)
Writing at 0x000d61c2... (84 %)
Writing at 0x000dc651... (86 %)
Writing at 0x000e3de0... (89 %)
Writing at 0x000ea1f3... (92 %)
Writing at 0x000eff04... (94 %)
Writing at 0x000f63d9... (97 %)
Writing at 0x000fc379... (100 %)
Wrote 1035120 bytes (607300 compressed) at 0x00000000 in 19.2 seconds (effective 430.2 kbit/s)...
Hash of data verified.

Leaving...
Hard resetting via RTS pin...
Build:Feb  7 2021
rst:0x1 (POWERON),boot:0xc (SPI_FAST_FLASH_BOOT)
SPIWP:0xee
mode:DIO, clock div:1
load:0x3fcd5820,len:0x1738
load:0x403cc710,len:0xb9c
load:0x403ce710,len:0x2ec8
entry 0x403cc71a
[0;32mI (30) boot: ESP-IDF v5.3 2nd stage bootloader[0m
[0;32mI (30) boot: compile time Sep 28 2024 16:25:25[0m
[0;32mI (30) boot: chip revision: v0.3[0m
[0;32mI (33) boot.esp32c3: SPI Speed      : 80MHz[0m
[0;32mI (38) boot.esp32c3: SPI Mode       : DIO[0m
[0;32mI (43) boot.esp32c3: SPI Flash Size : 4MB[0m
[0;32mI (47) boot: Enabling RNG early entropy source...[0m
[0;32mI (53) boot: Partition Table:[0m
[0;32mI (56) boot: ## Label            Usage          Type ST Offset   Length[0m
[0;32mI (64) boot:  0 nvs              WiFi data        01 02 00009000 00006000[0m
[0;32mI (71) boot:  1 phy_init         RF data          01 01 0000f000 00001000[0m
[0;32mI (78) boot:  2 factory          factory app      00 00 00010000 00100000[0m
[0;32mI (86) boot: End of partition table[0m
[0;32mI (90) esp_image: segment 0: paddr=00010020 vaddr=3c0b0020 size=2c794h (182164) map[0m
[0;32mI (127) esp_image: segment 1: paddr=0003c7bc vaddr=3fc92800 size=02fb8h ( 12216) load[0m
[0;32mI (130) esp_image: segment 2: paddr=0003f77c vaddr=40380000 size=0089ch (  2204) load[0m
[0;32mI (133) esp_image: segment 3: paddr=00040020 vaddr=42000020 size=aac80h (699520) map[0m
[0;32mI (251) esp_image: segment 4: paddr=000eaca8 vaddr=4038089c size=11ea4h ( 73380) load[0m
[0;32mI (270) boot: Loaded app from partition at offset 0x10000[0m
[0;32mI (271) boot: Disabling RNG early entropy source...[0m
[0;32mI (282) cpu_start: Unicore app[0m
[0;32mI (291) cpu_start: Pro cpu start user code[0m
[0;32mI (291) cpu_start: cpu freq: 160000000 Hz[0m
[0;32mI (291) app_init: Application information:[0m
[0;32mI (294) app_init: Project name:     test[0m
[0;32mI (298) app_init: App version:      93772d8-dirty[0m
[0;32mI (304) app_init: Compile time:     Sep 28 2024 16:25:29[0m
[0;32mI (310) app_init: ELF file SHA256:  bd7984443...[0m
[0;32mI (315) app_init: ESP-IDF:          v5.3[0m
[0;32mI (320) efuse_init: Min chip rev:     v0.3[0m
[0;32mI (324) efuse_init: Max chip rev:     v1.99 [0m
[0;32mI (329) efuse_init: Chip rev:         v0.3[0m
[0;32mI (334) heap_init: Initializing. RAM available for dynamic allocation:[0m
[0;32mI (341) heap_init: At 3FC9DB70 len 00022490 (137 KiB): RAM[0m
[0;32mI (348) heap_init: At 3FCC0000 len 0001C710 (113 KiB): Retention RAM[0m
[0;32mI (355) heap_init: At 3FCDC710 len 00002950 (10 KiB): Retention RAM[0m
[0;32mI (362) heap_init: At 50000200 len 00001DE8 (7 KiB): RTCRAM[0m
[0;32mI (369) spi_flash: detected chip: generic[0m
[0;32mI (372) spi_flash: flash io: dio[0m
[0;32mI (377) sleep: Configure to isolate all GPIO pins in sleep state[0m
[0;32mI (383) sleep: Enable automatic switching of GPIO sleep configuration[0m
[0;32mI (390) main_task: Started on CPU0[0m
[0;32mI (410) main_task: Calling app_main()[0m
[5n
Type 'help' to get the list of commands.
Use UP/DOWN arrows to navigate through command history.
Press TAB when typing command name to auto-complete.

Your terminal application does not support escape sequences.

Line editing and history features are disabled.

On Windows, try using Putty instead.
esp32> [0;33mW (920) hil_test: WiFi and Golioth credentials are not set. Use the shell settings commands to set them.[0m

esp32> 
esp32> 
esp32> 
esp32> settings set wifi/ssid "***JONS_ORANGE_PI_WIFI_SSID***"
Setting wifi/ssid saved
esp32> 
esp32> 
esp32> 
esp32> 
esp32> 
esp32> settings set wifi/psk "***JONS_ORANGE_PI_WIFI_PSK***"
Setting wifi/psk saved
esp32> 
esp32> ::add-mask::generated-QmcCVUKZvfoWOMcl

esp32> 
esp32> 
esp32> 
esp32> settings set golioth/psk-id "generated-QmcCVUKZvfoWOMcl@firmware_ci"
Setting golioth/psk-id saved
esp32> 
esp32> 
esp32> 
esp32> 
esp32> 
esp32> settings set golioth/psk "generated-QmcCVUKZvfoWOMcl"
Setting golioth/psk saved
esp32> 
esp32> [0;32mI (7940) pp: pp rom version: 9387209[0m
[0;32mI (7940) net80211: net80211 rom version: 9387209[0m
[0;32mI (7960) wifi_init: rx ba win: 6[0m
[0;32mI (7960) wifi_init: accept mbox: 6[0m
[0;32mI (7960) wifi_init: tcpip mbox: 32[0m
[0;32mI (7960) wifi_init: udp mbox: 6[0m
[0;32mI (7970) wifi_init: tcp mbox: 6[0m
[0;32mI (7970) wifi_init: tcp tx win: 5760[0m
[0;32mI (7980) wifi_init: tcp rx win: 5760[0m
[0;32mI (7980) wifi_init: tcp mss: 1440[0m
[0;32mI (7980) wifi_init: WiFi IRAM OP enabled[0m
[0;32mI (7990) wifi_init: WiFi RX IRAM OP enabled[0m
[0;32mI (7990) phy_init: phy_version 1180,01f2a49,Jun  4 2024,16:34:25[0m
[0;33mW (8010) phy_init: failed to load RF calibration data (0x1102), falling back to full calibration[0m
[0;33mW (8040) phy_init: saving new calibration data because of checksum failure, mode(2)[0m
[0;32mI (9420) esp_netif_handlers: sta ip: 192.168.8.141, mask: 255.255.255.0, gw: 192.168.8.1[0m
[0;32mI (9420) example_wifi: WiFi Connected. Got IP:192.168.8.141[0m
[0;32mI (9430) example_wifi: Connected to AP SSID: ***JONS_ORANGE_PI_WIFI_SSID***[0m
[0;32mI (9430) golioth_mbox: Mbox created, bufsize: 2520, num_items: 20, item_size: 120[0m
[0;32mI (9450) golioth_coap_client_libcoap: Start CoAP session with host: coaps://coap.golioth.io[0m
[0;32mI (9450) golioth_coap_client_libcoap: Session PSK-ID: generated-QmcCVUKZvfoWOMcl@firmware_ci[0m
[0;32mI (9460) libcoap: Setting PSK key
[0m
[0;32mI (9470) golioth_coap_client_libcoap: Entering CoAP I/O loop[0m
[0;32mI (10020) golioth_coap_client_libcoap: Golioth CoAP client connected[0m
[0;32mI (16370) test_lightdb: LightDB State desired data is ready[0m
[0;33mW (24360) golioth_coap_client_libcoap: 4.00 (req type: 3, path: .d/hil/lightdb/invalid/dot), len 0[0m
[0;32mI (24770) test_lightdb: LightDB State reported data is ready[0m
