esptool.py v4.9.0
Serial port /dev/serial/by-id/usb-Silicon_Labs_CP2102N_USB_to_UART_Bridge_Controller_ca317d585c76eb11ba0a87abb7be2ba5-if00-port0
Connecting....
Detecting chip type... ESP32-C3
Chip is ESP32-C3 (QFN32) (revision v0.3)
Features: WiFi, BLE, Embedded Flash 4MB (XMC)
Crystal is 40MHz
MAC: 84:f7:03:09:96:10
Uploading stub...
Running stub...
Stub running...
Changing baud rate to 460800
Changed.
Configuring flash size...
Erasing flash (this may take a while)...
Chip erase completed successfully in 22.4 seconds.
Compressed 1045888 bytes to 609559...
Writing at 0x00000000... (2 %)
Writing at 0x00011d5c... (5 %)
Writing at 0x0001e7be... (7 %)
Writing at 0x0002b4d2... (10 %)
Writing at 0x00032af8... (13 %)
Writing at 0x0003dde0... (15 %)
Writing at 0x000439e5... (18 %)
Writing at 0x0004a21c... (21 %)
Writing at 0x0005033d... (23 %)
Writing at 0x00056220... (26 %)
Writing at 0x0005bc57... (28 %)
Writing at 0x00061ea8... (31 %)
Writing at 0x0006827b... (34 %)
Writing at 0x0006dfcb... (36 %)
Writing at 0x0007434e... (39 %)
Writing at 0x0007a0a3... (42 %)
Writing at 0x0007fdff... (44 %)
Writing at 0x00085bf3... (47 %)
Writing at 0x0008b362... (50 %)
Writing at 0x00090fbe... (52 %)
Writing at 0x00096fec... (55 %)
Writing at 0x0009cc74... (57 %)
Writing at 0x000a2356... (60 %)
Writing at 0x000a825c... (63 %)
Writing at 0x000aea8c... (65 %)
Writing at 0x000b4c77... (68 %)
Writing at 0x000bacd6... (71 %)
Writing at 0x000c0eb4... (73 %)
Writing at 0x000c6ae5... (76 %)
Writing at 0x000cc1b9... (78 %)
Writing at 0x000d1f77... (81 %)
Writing at 0x000d7c93... (84 %)
Writing at 0x000dedac... (86 %)
Writing at 0x000e57b6... (89 %)
Writing at 0x000ebd6c... (92 %)
Writing at 0x000f1e97... (94 %)
Writing at 0x000f8140... (97 %)
Writing at 0x000fded6... (100 %)
Wrote 1045888 bytes (609559 compressed) at 0x00000000 in 20.6 seconds (effective 405.2 kbit/s)...
Hash of data verified.

Leaving...
Hard resetting via RTS pin...
Build:Feb  7 2021
rst:0x1 (POWERON),boot:0xc (SPI_FAST_FLASH_BOOT)
SPIWP:0xee
mode:DIO, clock div:1
load:0x3fcd5820,len:0x1574
load:0x403cc710,len:0xc30
load:0x403ce710,len:0x2ff0
entry 0x403cc71a
I (30) boot: ESP-IDF v5.4.1 2nd stage bootloader
I (30) boot: compile time Oct 17 2025 15:28:16
I (30) boot: chip revision: v0.3
I (30) boot: efuse block revision: v1.1
I (34) boot.esp32c3: SPI Speed      : 80MHz
I (38) boot.esp32c3: SPI Mode       : DIO
I (41) boot.esp32c3: SPI Flash Size : 4MB
I (45) boot: Enabling RNG early entropy source...
I (50) boot: Partition Table:
I (52) boot: ## Label            Usage          Type ST Offset   Length
I (59) boot:  0 nvs              WiFi data        01 02 00009000 00004000
I (65) boot:  1 otadata          OTA data         01 00 0000d000 00002000
I (72) boot:  2 phy_init         RF data          01 01 0000f000 00001000
I (78) boot:  3 factory          factory app      00 00 00010000 00100000
I (85) boot:  4 ota_0            OTA app          00 10 00110000 00100000
I (91) boot:  5 ota_1            OTA app          00 11 00210000 00100000
I (98) boot: End of partition table
I (101) boot: Defaulting to factory image
I (105) esp_image: segment 0: paddr=00010020 vaddr=3c0b0020 size=2a120h (172320) map
I (140) esp_image: segment 1: paddr=0003a148 vaddr=3fc93600 size=030a8h ( 12456) load
I (142) esp_image: segment 2: paddr=0003d1f8 vaddr=40380000 size=02e20h ( 11808) load
I (146) esp_image: segment 3: paddr=00040020 vaddr=42000020 size=aef04h (716548) map
I (265) esp_image: segment 4: paddr=000eef2c vaddr=40382e20 size=1060ch ( 67084) load
I (278) esp_image: segment 5: paddr=000ff540 vaddr=50000200 size=0001ch (    28) load
I (284) boot: Loaded app from partition at offset 0x10000
I (284) boot: Disabling RNG early entropy source...
I (295) cpu_start: Unicore app
D (295) cpu_start: Pro cpu up
D (304) clk: RTC_SLOW_CLK calibration value: 3917568
D (309) cpu_start: calling init function: 0x42000216 on core: 0
D (309) cpu_start: calling init function: 0x420007fe on core: 0
I (309) cpu_start: Pro cpu start user code
I (312) cpu_start: cpu freq: 160000000 Hz
D (316) cpu_start: calling init function: 0x420000ce on core: 0
I (322) app_init: Application information:
I (326) app_init: Project name:     certificate_auth
I (330) app_init: App version:      14c8efa-dirty
I (335) app_init: Compile time:     Oct 17 2025 15:28:09
I (340) app_init: ELF file SHA256:  c97adbcf0...
I (344) app_init: ESP-IDF:          v5.4.1
D (348) cpu_start: calling init function: 0x42000226 on core: 0
I (354) efuse_init: Min chip rev:     v0.3
I (357) efuse_init: Max chip rev:     v1.99 
I (361) efuse_init: Chip rev:         v0.3
D (365) cpu_start: calling init function: 0x42001fba on core: 0
D (371) memory_layout: Checking 5 reserved memory ranges:
D (376) memory_layout: Reserved memory range 0x3fc80000 - 0x3fc93600
D (382) memory_layout: Reserved memory range 0x3fc93600 - 0x3fc9dfe0
D (388) memory_layout: Reserved memory range 0x3fcdf060 - 0x3fce0000
D (394) memory_layout: Reserved memory range 0x50000000 - 0x5000021c
D (400) memory_layout: Reserved memory range 0x50001fe8 - 0x50002000
D (406) memory_layout: Building list of available memory regions:
D (412) memory_layout: Available memory region 0x3fc9dfe0 - 0x3fca0000
D (418) memory_layout: Available memory region 0x3fca0000 - 0x3fcc0000
D (425) memory_layout: Available memory region 0x3fcc0000 - 0x3fcdc710
D (431) memory_layout: Available memory region 0x3fcdc710 - 0x3fcdf060
D (437) memory_layout: Available memory region 0x5000021c - 0x50001fe8
I (443) heap_init: Initializing. RAM available for dynamic allocation:
D (450) heap_init: New heap initialised at 0x3fc9dfe0
I (454) heap_init: At 3FC9DFE0 len 00022020 (136 KiB): RAM
D (460) heap_init: New heap initialised at 0x3fcc0000
I (464) heap_init: At 3FCC0000 len 0001C710 (113 KiB): Retention RAM
I (470) heap_init: At 3FCDC710 len 00002950 (10 KiB): Retention RAM
D (476) heap_init: New heap initialised at 0x5000021c
I (481) heap_init: At 5000021C len 00001DCC (7 KiB): RTCRAM
D (487) cpu_start: calling init function: 0x42004daa on core: 0
D (492) cpu_start: calling init function: 0x420043de on core: 0
D (498) cpu_start: calling init function: 0x42000872 on core: 0
D (504) intr_alloc: Connected src 27 to int 2 (cpu 0)
D (508) cpu_start: calling init function: 0x42000880 on core: 0
D (514) cpu_start: calling init function: 0x42005f62 on core: 0
D (520) cpu_start: calling init function: 0x42008bec on core: 0
D (525) cpu_start: calling init function: 0x4200aab0 on core: 0
D (531) 
esp32> 
esp32> 
esp32> 
esp32> settings set wifi/ssid "***JONS_ORANGE_PI_WIFI_SSID***"
D (6025) nvs: nvs_open_from_partition example 1
D (6025) nvs: nvs_set_str w_ssid ***JONS_ORANGE_PI_WIFI_SSID***
D (6025) nvs: nvs_close 7
Setting wifi/ssid saved
esp32> 
esp32> 
esp32> 
esp32> 
esp32> 
esp32> settings set wifi/psk "***JONS_ORANGE_PI_WIFI_PSK***"
D (6055) nvs: nvs_open_from_partition example 1
D (6055) nvs: nvs_set_str w_pass ***JONS_ORANGE_PI_WIFI_PSK***
D (6055) nvs: nvs_close 8
Setting wifi/psk saved
esp32> 
esp32> D (6325) nvs: nvs_open_from_partition example 1
D (6325) nvs: nvs_get_str_or_blob w_ssid
D (6325) nvs: nvs_close 9
D (6325) nvs: nvs_open_from_partition example 1
D (6335) nvs: nvs_get_str_or_blob w_pass
D (6335) nvs: nvs_close 10
D (6335) nvs: nvs_open_from_partition example 1
D (6345) nvs: nvs_get_str_or_blob w_ssid
D (6345) nvs: nvs_close 11
D (6345) nvs: nvs_open_from_partition example 1
D (6345) nvs: nvs_get_str_or_blob w_pass
D (6355) nvs: nvs_close 12
D (6355) esp_netif_lwip: LwIP stack has been initialized
D (6355) esp_netif_lwip: esp-netif has been successfully initialized
D (6365) event: running task for loop 0x3fca595c
D (6365) event: created task for loop 0x3fca595c
D (6375) event: created event loop 0x3fca595c
D (6375) esp_netif_lwip: check: remote, if=0x3fca0af8 fn=0x42040622
D (6385) esp_netif_objects: esp_netif_add_to_list_unsafe netif added successfully (total netifs: 1)
D (6395) esp_netif_lwip: call api in lwip: ret=0x0, give sem
I (6405) pp: pp rom version: 9387209
I (6405) net80211: net80211 rom version: 9387209
D (6405) nvs: nvs_open_from_partition misc 1
D (6425) efuse: BLK1 REG1 [8-15], len=8 bits
D (6425) efuse: BLK1 REG1 [0-7], len=8 bits
D (6425) efuse: BLK1 REG0 [24-31], len=8 bits
D (6425) efuse: BLK1 REG0 [16-23], len=8 bits
D (6425) efuse: BLK1 REG0 [8-15], len=8 bits
D (6425) efuse: BLK1 REG0 [0-7], len=8 bits
D (6435) nvs: nvs_open_from_partition nvs.net80211 1
D (6445) nvs: nvs_get opmode 1
D (6445) nvs: nvs_get_str_or_blob sta.ssid
D (6445) nvs: nvs_get sta.authmode 1
D (6455) nvs: nvs_get_str_or_blob sta.pswd
D (6455) nvs: nvs_get_str_or_blob sta.pmk
D (6455) nvs: nvs_get sta.chan 1
D (6465) nvs: nvs_get auto.conn 1
D (6465) nvs: nvs_get bssid.set 1
D (6465) nvs: nvs_get_str_or_blob sta.bssid
D (6465) nvs: nvs_get sta.lis_intval 2
D (6475) nvs: nvs_get sta.phym 1
D (6475) nvs: nvs_get sta.phybw 1
D (6475) nvs: nvs_get_str_or_blob sta.apsw
D (6495) nvs: nvs_get_str_or_blob sta.apinfo
D (6495) nvs: nvs_get sta.scan_method 1
D (6495) nvs: nvs_get sta.sort_method 1
D (6505) nvs: nvs_get sta.minrssi 1
D (6505) nvs: nvs_get sta.minauth 1
D (6505) nvs: nvs_get sta.pmf_e 1
D (6505) nvs: nvs_get sta.pmf_r 1
D (6515) nvs: nvs_get sta.btm_e 1
D (6515) nvs: nvs_get sta.rrm_e 1
D (6515) nvs: nvs_get sta.mbo_e 1
D (6515) nvs: nvs_get_str_or_blob ap.ssid
D (6525) nvs: nvs_get_str_or_blob ap.passwd
D (6525) nvs: nvs_get_str_or_blob ap.pmk
D (6525) nvs: nvs_get ap.chan 1
D (6535) nvs: nvs_get ap.authmode 1
D (6535) nvs: nvs_get ap.hidden 1
D (6535) nvs: nvs_get ap.max.conn 1
D (6545) nvs: nvs_get bcn.interval 2
D (6545) nvs: nvs_get ap.phym 1
D (6545) nvs: nvs_get ap.phybw 1
D (6545) nvs: nvs_get ap.sndchan 1
D (6555) nvs: nvs_get ap.pmf_e 1
D (6555) nvs: nvs_get ap.pmf_r 1
D (6555) nvs: nvs_get ap.p_cipher 1
D (6555) nvs: nvs_get lorate 1
D (6575) nvs: nvs_get_str_or_blob country
D (6575) nvs: nvs_get ap.ftm_r 1
D (6575) nvs: nvs_get sta.ft 1
D (6575) nvs: nvs_get sta.owe 1
D (6585) nvs: nvs_get sta.trans_d 1
D (6585) nvs: nvs_get sta.sae_h2e 1
D (6585) nvs: nvs_get sta.sae_pk_mode 1
D (6595) nvs: nvs_get sta.bss_retry 1
D (6595) nvs: nvs_get_str_or_blob sta.owe_data
D (6595) nvs: nvs_get sta.he_dcm 1
D (6605) nvs: nvs_get sta.he_dcm_c_tx 1
D (6605) nvs: nvs_get sta.he_dcm_c_rx 1
D (6605) nvs: nvs_get sta.he_mcs9_d 1
D (6605) nvs: nvs_get sta.he_su_b_d 1
D (6615) nvs: nvs_get sta.he_su_b_f_d 1
D (6615) nvs: nvs_get sta.he_mu_b_f_d 1
D (6615) nvs: nvs_get sta.he_cqi_f_d 1
D (6625) nvs: nvs_get_str_or_blob sta.sae_h2e_id
D (6625) nvs: nvs_get ap.sae_h2e 1
D (6625) nvs: nvs_get_str_or_blob ap.pmk_info
D (6635) nvs: nvs_get nan.phym 1
D (6635) nvs: nvs_get sta.pwr_reset 1
D (6635) nvs: nvs_get band_mode 1
D (6655) nvs: nvs_get sta.phym5g 1
D (6655) nvs: nvs_get ap.phym5g 1
D (6655) nvs: nvs_get sta.phybw5g 1
D (6655) nvs: nvs_get ap.phybw5g 1
D (6665) nvs: nvs_get ap.sndchan5g 1
D (6665) nvs: nvs_get ap.chan5g 1
D (6665) nvs: nvs_get ap.chanisset 1
D (6665) nvs: nvs_get ap.chan5gisset 1
D (6675) nvs: nvs_get sta.rssi_5g_adj 1
D (6675) nvs: nvs_get ap.csa_count 1
D (6675) nvs: nvs_get ap.dtim_period 1
D (6685) nvs: nvs_get ap.trans_d 1
D (6685) nvs: nvs_set ap.sndchan 1 1
I (6685) wifi_init: rx ba win: 6
I (6685) wifi_init: accept mbox: 6
I (6695) wifi_init: tcpip mbox: 32
I (6695) wifi_init: udp mbox: 6
I (6695) wifi_init: tcp mbox: 6
I (6695) wifi_init: tcp tx win: 5760
I (6705) wifi_init: tcp rx win: 5760
I (6715) wifi_init: tcp mss: 1440
I (6715) wifi_init: WiFi IRAM OP enabled
I (6715) wifi_init: WiFi RX IRAM OP enabledf:0x3fca68a4
D (6915) esp_netif_lwip: call api in lwip: ret=0x0, give sem
D (6915) event: running post WIFI_EVENT:2 with handler 0x4200b600 and context 0x3fca78e8 on loop 0x3fca595c
D (6935) gdma: new group (0) at 0x3fcb04f0
D (6935) gdma: new pair (0,0) at 0x3fcb03c0
D (6935) gdma: new tx channel (0,0) at 0x3fcb04b8
D (6935) gdma: new rx channel (0,0) at 0x3fcb056c
D (7305) intr_alloc: Connected src 48 to int 9 (cpu 0)
D (7305) event: running post WIFI_EVENT:4 with handler 0x4204336c and context 0x3fca6b1c on loop 0x3fca595c
D (7305) esp_netif_handlers: esp_netif action connected with netif0x3fca68a4 from event_id=4
D (7315) esp_netif_lwip: check: remote, if=0x3fca68a4 fn=0x42040d2c
D (7325) esp_netif_lwip: esp_netif_up_api esp_netif:0x3fca68a4
D (7325) esp_netif_lwip: call api in lwip: ret=0x0, give sem
D (7345) esp_netif_lwip: check: remote, if=0x3fca68a4 fn=0x4204024e
D (7345) esp_netif_lwip: esp_netif_dhcpc_start_api esp_netif:0x3fca68a4
D (7355) esp_netif_lwip: esp_netif_start_ip_lost_timer esp_netif:0x3fca68a4
D (7355) esp_netif_lwip: if0x3fca68a4 start ip lost tmr: interval=120
D (7365) esp_netif_lwip: starting dhcp client
D (7365) esp_netif_lwip: call api in lwip: ret=0x0, give sem
D (7365) event: running post WIFI_EVENT:4 with handler 0x4200b600 and context 0x3fca78e8 on loop 0x3fca595c
D (8375) esp_netif_lwip: esp_netif_internal_dhcpc_cb lwip-netif:0x3fca6930
D (8375) esp_netif_lwip: check: local, if=0x3fca68a4 fn=0x420414dc
D (8385) esp_netif_lwip: esp_netif_update_default_netif_lwip 0x3fca68a4
D (8385) esp_netif_lwip: if0x3fca68a4 ip changed=1
D (8385) event: running post IP_EVENT:0 with handler 0x42043598 and context 0x3fca6b90 on loop 0x3fca595c
D (8395) wifi_init_default: Got IP wifi default handler entered
D (8405) esp_netif_handlers: esp_netif action got_ip with netif0x3fca68a4 from event_id=0
I (8405) esp_netif_handlers: sta ip: 192.168.8.141, mask: 255.255.255.0, gw: 192.168.8.1
D (8415) event: running post IP_EVENT:0 with handler 0x4200b600 and context 0x3fcafc20 on loop 0x3fca595c
I (8425) example_wifi: WiFi Connected. Got IP:192.168.8.141
I (8425) example_wifi: Connected to AP SSID: ***JONS_ORANGE_PI_WIFI_SSID***
I (8435) golioth_mbox: Mbox created, bufsize: 2688, num_items: 20, item_size: 128
I (8445) certificate_auth: Counter = 0
I (8445) golioth_coap_client_libcoap: Start CoAP session with host: coaps://coap.golioth.io
D (8455) RANDOM: getrandom(buf=0x3fcb3bd0, buflen=2, flags=0)
D (8455) RANDOM: getrandom returns 2
D (8465) RANDOM: getrandom(buf=0x3fcb3c74, buflen=4, flags=0)
D (8465) RANDOM: getrandom returns 4
I (8495) golioth_coap_client_libcoap: Entering CoAP I/O loop
D (8495) RANDOM: getrandom(buf=0x3fcb330c, buflen=1, flags=0)
D (8495) RANDOM: getrandom returns 1
I (10755) golioth_coap_client_libcoap: Golioth CoAP client connected
I (10765) certificate_auth: Golioth client connected
D (10765) RANDOM: getrandom(buf=0x3fcb3358, buflen=1, flags=0)
D (10775) RANDOM: getrandom returns 1
D (10965) RANDOM: getrandom(buf=0x3fcb3358, buflen=1, flags=0)
D (10965) RANDOM: getrandom returns 1
D (11165) RANDOM: getrandom(buf=0x3fcb3358, buflen=1, flags=0)
D (11175) RANDOM: getrandom returns 1
I (13445) certificate_auth: Counter = 1
D (13445) RANDOM: getrandom(buf=0x3fcb3358, buflen=1, flags=0)
D (13445) RANDOM: getrandom returns 1
I (18445) certificate_auth: Counter = 2
D (18445) RANDOM: getrandom(buf=0x3fcb3358, buflen=1, flags=0)
D (18445) RANDOM: getrandom returns 1
I (23445) certificate_auth: Counter = 3
D (23445) RANDOM: getra