esptool.py v4.9.0
Serial port /dev/serial/by-id/usb-Silicon_Labs_CP2102N_USB_to_UART_Bridge_Controller_08bd8600facfec119c501d2686bdcd52-if00-port0
Connecting....
Detecting chip type... ESP32-S3
Chip is ESP32-S3 (QFN56) (revision v0.1)
Features: WiFi, BLE, Embedded PSRAM 8MB (AP_3v3)
Crystal is 40MHz
MAC: 34:85:18:6d:04:5c
Uploading stub...
Running stub...
Stub running...
Changing baud rate to 460800
Changed.
Configuring flash size...
Erasing flash (this may take a while)...
Chip erase completed successfully in 2.2 seconds.
Compressed 963936 bytes to 598841...
Writing at 0x00000000... (2 %)
Writing at 0x00011705... (5 %)
Writing at 0x0001e61e... (8 %)
Writing at 0x0002a7ad... (10 %)
Writing at 0x00033e57... (13 %)
Writing at 0x0003cf16... (16 %)
Writing at 0x000430a1... (18 %)
Writing at 0x000487c8... (21 %)
Writing at 0x0004e416... (24 %)
Writing at 0x00053b22... (27 %)
Writing at 0x00058d91... (29 %)
Writing at 0x0005e1e7... (32 %)
Writing at 0x00063bb4... (35 %)
Writing at 0x00068c67... (37 %)
Writing at 0x0006dfe7... (40 %)
Writing at 0x000731df... (43 %)
Writing at 0x000784a6... (45 %)
Writing at 0x0007d6c4... (48 %)
Writing at 0x00082d3f... (51 %)
Writing at 0x0008820a... (54 %)
Writing at 0x0008d86a... (56 %)
Writing at 0x000927f4... (59 %)
Writing at 0x00097847... (62 %)
Writing at 0x0009ce48... (64 %)
Writing at 0x000a2077... (67 %)
Writing at 0x000a727c... (70 %)
Writing at 0x000ac930... (72 %)
Writing at 0x000b1d48... (75 %)
Writing at 0x000b6e02... (78 %)
Writing at 0x000bc496... (81 %)
Writing at 0x000c26ac... (83 %)
Writing at 0x000c921f... (86 %)
Writing at 0x000d1172... (89 %)
Writing at 0x000d769f... (91 %)
Writing at 0x000dcf2e... (94 %)
Writing at 0x000e2b3c... (97 %)
Writing at 0x000e81e4... (100 %)
Wrote 963936 bytes (598841 compressed) at 0x00000000 in 13.9 seconds (effective 555.5 kbit/s)...
Hash of data verified.

Leaving...
Hard resetting via RTS pin...
ESP-ROM:esp32s3-20210327
Build:Mar 27 2021
rst:0x1 (POWERON),boot:0x8 (SPI_FAST_FLASH_BOOT)
SPIWP:0xee
mode:DIO, clock div:1
load:0x3fce2810,len:0x15a0
load:0x403c8700,len:0x4
load:0x403c8704,len:0xd20
load:0x403cb700,len:0x2f00
entry 0x403c8928
I (27) boot: ESP-IDF v5.4.1 2nd stage bootloader
I (27) boot: compile time Oct 17 2025 15:35:45
I (27) boot: Multicore bootloader
I (27) boot: chip revision: v0.1
I (30) boot: efuse block revision: v1.2
I (33) boot.esp32s3: Boot SPI Speed : 80MHz
I (37) boot.esp32s3: SPI Mode       : DIO
I (41) boot.esp32s3: SPI Flash Size : 2MB
I (45) boot: Enabling RNG early entropy source...
I (49) boot: Partition Table:
I (52) boot: ## Label            Usage          Type ST Offset   Length
I (58) boot:  0 nvs              WiFi data        01 02 00009000 00006000
I (65) boot:  1 phy_init         RF data          01 01 0000f000 00001000
I (71) boot:  2 factory          factory app      00 00 00010000 00100000
I (78) boot: End of partition table
I (81) esp_image: segment 0: paddr=00010020 vaddr=3c0a0020 size=24d18h (150808) map
I (115) esp_image: segment 1: paddr=00034d40 vaddr=3fc99400 size=04bd0h ( 19408) load
I (119) esp_image: segment 2: paddr=00039918 vaddr=40374000 size=06700h ( 26368) load
I (125) esp_image: segment 3: paddr=00040020 vaddr=42000020 size=9c840h (641088) map
I (239) esp_image: segment 4: paddr=000dc868 vaddr=4037a700 size=0eca4h ( 60580) load
I (253) esp_image: segment 5: paddr=000eb514 vaddr=600fe100 size=0001ch (    28) load
I (261) boot: Loaded app from partition at offset 0x10000
I (262) boot: Disabling RNG early entropy source...
I (272) cpu_start: Multicore app
I (281) cpu_start: Pro cpu start user code
I (281) cpu_start: cpu freq: 160000000 Hz
I (281) app_init: Application information:
I (281) app_init: Project name:     stream
I (285) app_init: App version:      14c8efa-dirty
I (289) app_init: Compile time:     Oct 17 2025 15:35:39
I (294) app_init: ELF file SHA256:  5b4df5761...
I (299) app_init: ESP-IDF:          v5.4.1
I (302) efuse_init: Min chip rev:     v0.0
I (306) efuse_init: Max chip rev:     v0.99 
I (310) efuse_init: Chip rev:         v0.1
I (314) heap_init: Initializing. RAM available for dynamic allocation:
I (320) heap_init: At 3FCA53D8 len 00044338 (272 KiB): RAM
I (325) heap_init: At 3FCE9710 len 00005724 (21 KiB): RAM
I (331) heap_init: At 3FCF0000 len 00008000 (32 KiB): DRAM
I (336) heap_init: At 600FE11C len 00001ECC (7 KiB): RTCRAM
I (342) spi_flash: detected chip: gd
I (344) spi_flash: flash io: dio
W (347) spi_flash: Detected size(8192k) larger than the size in the binary image header(2048k). Using the size in the binary image header.
I (360) sleep_gpio: Configure to isolate all GPIO pins in sleep state
I (366) sleep_gpio: Enable automatic switching of GPIO sleep configuration
I (373) main_task: Started on CPU0
I (393) main_task: Calling app_main()
I (393) stream: Start Stream sample
[5n
Type 'help' to get the list of commands.
Use UP/DOWN arrows to navigate through command history.
Press TAB when typing command name to auto-complete.

Your terminal application does not support escape sequences.

Line editing and history features are disabled.

On Windows, try using Putty instead.
esp32> W (903) stream: WiFi and Golioth credentials are not set. Use the shell settings commands to set them.

esp32> 
esp32> 
esp32> 
esp32> settings set wifi/ssid "***MIKES_ORANGE_PI_WIFI_SSID***"
Setting wifi/ssid saved
esp32> 
esp32> 
esp32> 
esp32> 
esp32> 
esp32> settings set wifi/psk "***MIKES_ORANGE_PI_WIFI_PSK***"
Setting wifi/psk saved
esp32> 
esp32> ::add-mask::generated-JFLZJdypLXXpSwyG

esp32> 
esp32> 
esp32> 
esp32> settings set golioth/psk-id "generated-JFLZJdypLXXpSwyG@firmware_ci"
Setting golioth/psk-id saved
esp32> 
esp32> 
esp32> 
esp32> 
esp32> 
esp32> settings set golioth/psk "generated-JFLZJdypLXXpSwyG"
Setting golioth/psk saved
esp32> 
esp32> I (9933) pp: pp rom version: e7ae62f
I (9933) net80211: net80211 rom version: e7ae62f
I (9953) wifi_init: rx ba win: 6
I (9953) wifi_init: accept mbox: 6
I (9953) wifi_init: tcpip mbox: 32
I (9953) wifi_init: udp mbox: 6
I (9953) wifi_init: tcp mbox: 6
I (9963) wifi_init: tcp tx win: 5760
I (9963) wifi_init: tcp rx win: 5760
I (9963) wifi_init: tcp mss: 1440
I (9963) wifi_init: WiFi IRAM OP enabled
I (9983) wifi_init: WiFi RX IRAM OP enabled
I (9983) phy_init: phy_version 700,8582a7fd,Feb 10 2025,20:13:11
W (9983) phy_init: failed to load RF calibration data (0x1102), falling back to full calibration
I (10023) phy_init: Saving new calibration data due to checksum failure or outdated calibration data, mode(2)
I (12283) esp_netif_handlers: sta ip: 192.168.8.234, mask: 255.255.255.0, gw: 192.168.8.1
I (12283) example_wifi: WiFi Connected. Got IP:192.168.8.234
I (12283) example_wifi: Connected to AP SSID: ***MIKES_ORANGE_PI_WIFI_SSID***
I (12293) golioth_mbox: Mbox created, bufsize: 2688, num_items: 20, item_size: 128
W (12293) stream: Waiting for connection to Golioth...
I (12313) golioth_coap_client_libcoap: Start CoAP session with host: coaps://coap.golioth.io
I (12313) golioth_coap_client_libcoap: Session PSK-ID: generated-JFLZJdypLXXpSwyG@firmware_ci
I (12333) libcoap: Setting PSK key

I (12333) golioth_coap_client_libcoap: Entering CoAP I/O loop
I (12773) golioth_coap_client_libcoap: Golioth CoAP client connected
I (12773) stream: Golioth client connected
I (12773) stre