esptool.py v4.8.1
Serial port /dev/serial/by-id/usb-Silicon_Labs_CP2102N_USB_to_UART_Bridge_Controller_08bd8600facfec119c501d2686bdcd52-if00-port0
Connecting....
Detecting chip type... ESP32-S3
Chip is ESP32-S3 (QFN56) (revision v0.1)
Features: WiFi, BLE, Embedded PSRAM 8MB (AP_3v3)
Crystal is 40MHz
MAC: 34:85:18:6d:04:5c
Uploading stub...
Running stub...
Stub running...
Changing baud rate to 460800
Changed.
Configuring flash size...
Erasing flash (this may take a while)...
Chip erase completed successfully in 0.6s
Compressed 982720 bytes to 610494...
Writing at 0x00000000... (2 %)
Writing at 0x00011b23... (5 %)
Writing at 0x0001efb6... (7 %)
Writing at 0x0002b128... (10 %)
Writing at 0x000313f7... (13 %)
Writing at 0x00036bbe... (15 %)
Writing at 0x00041b61... (18 %)
Writing at 0x0004757e... (21 %)
Writing at 0x0004d120... (23 %)
Writing at 0x000526f4... (26 %)
Writing at 0x000578eb... (28 %)
Writing at 0x0005ce20... (31 %)
Writing at 0x00062a43... (34 %)
Writing at 0x00067b05... (36 %)
Writing at 0x0006cf70... (39 %)
Writing at 0x00072152... (42 %)
Writing at 0x00077449... (44 %)
Writing at 0x0007c4ff... (47 %)
Writing at 0x00081ca0... (50 %)
Writing at 0x0008771e... (52 %)
Writing at 0x0008cd37... (55 %)
Writing at 0x00091cce... (57 %)
Writing at 0x00096ddf... (60 %)
Writing at 0x0009c32e... (63 %)
Writing at 0x000a145e... (65 %)
Writing at 0x000a65f1... (68 %)
Writing at 0x000abf9c... (71 %)
Writing at 0x000b1183... (73 %)
Writing at 0x000b6651... (76 %)
Writing at 0x000bb8af... (78 %)
Writing at 0x000c2b24... (81 %)
Writing at 0x000c8793... (84 %)
Writing at 0x000d1c25... (86 %)
Writing at 0x000d7954... (89 %)
Writing at 0x000dd740... (92 %)
Writing at 0x000e325f... (94 %)
Writing at 0x000e9261... (97 %)
Writing at 0x000ee1d3... (100 %)
Wrote 982720 bytes (610494 compressed) at 0x00000000 in 14.2 seconds (effective 555.5 kbit/s)...
Hash of data verified.

Leaving...
Hard resetting via RTS pin...
ESP-ROM:esp32s3-20210327
Build:Mar 27 2021
rst:0x1 (POWERON),boot:0x8 (SPI_FAST_FLASH_BOOT)
SPIWP:0xee
mode:DIO, clock div:1
load:0x3fce2810,len:0x178c
load:0x403c8700,len:0x4
load:0x403c8704,len:0xcb8
load:0x403cb700,len:0x2df4
entry 0x403c8914
[0;32mI (27) boot: ESP-IDF v5.3 2nd stage bootloader[0m
[0;32mI (27) boot: compile time Oct 31 2024 13:36:21[0m
[0;32mI (27) boot: Multicore bootloader[0m
[0;32mI (30) boot: chip revision: v0.1[0m
[0;32mI (34) boot.esp32s3: Boot SPI Speed : 80MHz[0m
[0;32mI (38) boot.esp32s3: SPI Mode       : DIO[0m
[0;32mI (43) boot.esp32s3: SPI Flash Size : 4MB[0m
[0;32mI (48) boot: Enabling RNG early entropy source...[0m
[0;32mI (53) boot: Partition Table:[0m
[0;32mI (57) boot: ## Label            Usage          Type ST Offset   Length[0m
[0;32mI (64) boot:  0 nvs              WiFi data        01 02 00009000 00006000[0m
[0;32mI (71) boot:  1 phy_init         RF data          01 01 0000f000 00001000[0m
[0;32mI (79) boot:  2 factory          factory app      00 00 00010000 00100000[0m
[0;32mI (86) boot: End of partition table[0m
[0;32mI (91) esp_image: segment 0: paddr=00010020 vaddr=3c0a0020 size=2b5a8h (177576) map[0m
[0;32mI (131) esp_image: segment 1: paddr=0003b5d0 vaddr=3fc98800 size=04a48h ( 19016) load[0m
[0;32mI (135) esp_image: segment 2: paddr=00040020 vaddr=42000020 size=9b6e4h (636644) map[0m
[0;32mI (251) esp_image: segment 3: paddr=000db70c vaddr=3fc9d248 size=00020h (    32) load[0m
[0;32mI (251) esp_image: segment 4: paddr=000db734 vaddr=40374000 size=14760h ( 83808) load[0m
[0;32mI (283) boot: Loaded app from partition at offset 0x10000[0m
[0;32mI (284) boot: Disabling RNG early entropy source...[0m
[0;32mI (295) cpu_start: Multicore app[0m
[0;32mI (305) cpu_start: Pro cpu start user code[0m
[0;32mI (305) cpu_start: cpu freq: 160000000 Hz[0m
[0;32mI (305) app_init: Application information:[0m
[0;32mI (308) app_init: Project name:     test[0m
[0;32mI (312) app_init: App version:      f2230c7-dirty[0m
[0;32mI (318) app_init: Compile time:     Oct 31 2024 13:36:15[0m
[0;32mI (324) app_init: ELF file SHA256:  ec4779add...[0m
[0;32mI (329) app_init: ESP-IDF:          v5.3[0m
[0;32mI (333) efuse_init: Min chip rev:     v0.0[0m
[0;32mI (338) efuse_init: Max chip rev:     v0.99 [0m
[0;32mI (343) efuse_init: Chip rev:         v0.1[0m
[0;32mI (348) heap_init: Initializing. RAM available for dynamic allocation:[0m
[0;32mI (355) heap_init: At 3FCA4980 len 00044D90 (275 KiB): RAM[0m
[0;32mI (361) heap_init: At 3FCE9710 len 00005724 (21 KiB): RAM[0m
[0;32mI (367) heap_init: At 3FCF0000 len 00008000 (32 KiB): DRAM[0m
[0;32mI (374) heap_init: At 600FE100 len 00001EE8 (7 KiB): RTCRAM[0m
[0;32mI (381) spi_flash: detected chip: gd[0m
[0;32mI (384) spi_flash: flash io: dio[0m
[0;33mW (388) spi_flash: Detected size(8192k) larger than the size in the binary image header(4096k). Using the size in the binary image header.[0m
[0;32mI (401) sleep: Configure to isolate all GPIO pins in sleep state[0m
[0;32mI (408) sleep: Enable automatic switching of GPIO sleep configuration[0m
[0;32mI (415) main_task: Started on CPU0[0m
[0;32mI (435) main_task: Calling app_main()[0m
[5n
Type 'help' to get the list of commands.
Use UP/DOWN arrows to navigate through command history.
Press TAB when typing command name to auto-complete.

Your terminal application does not support escape sequences.

Line editing and history features are disabled.

On Windows, try using Putty instead.
esp32> [0;33mW (945) hil_test: WiFi and Golioth credentials are not set. Use the shell settings commands to set them.[0m

esp32> 
esp32> 
esp32> 
esp32> settings set wifi/ssid "***MIKES_ORANGE_PI_WIFI_SSID***"
Setting wifi/ssid saved
esp32> 
esp32> 
esp32> 
esp32> 
esp32> 
esp32> settings set wifi/psk "***MIKES_ORANGE_PI_WIFI_PSK***"
Setting wifi/psk saved
esp32> 
esp32> ::add-mask::generated-oagAZSokTZAguKVJ

esp32> 
esp32> 
esp32> 
esp32> settings set golioth/psk-id "generated-oagAZSokTZAguKVJ@firmware_ci"
Setting golioth/psk-id saved
esp32> 
esp32> 
esp32> 
esp32> 
esp32> 
esp32> settings set golioth/psk "generated-oagAZSokTZAguKVJ"
Setting golioth/psk saved
esp32> 
esp32> [0;32mI (7975) pp: pp rom version: e7ae62f[0m
[0;32mI (7975) net80211: net80211 rom version: e7ae62f[0m
[0;32mI (7995) wifi_init: rx ba win: 6[0m
[0;32mI (7995) wifi_init: accept mbox: 6[0m
[0;32mI (7995) wifi_init: tcpip mbox: 32[0m
[0;32mI (7995) wifi_init: udp mbox: 6[0m
[0;32mI (8005) wifi_init: tcp mbox: 6[0m
[0;32mI (8005) wifi_init: tcp tx win: 5760[0m
[0;32mI (8005) wifi_init: tcp rx win: 5760[0m
[0;32mI (8015) wifi_init: tcp mss: 1440[0m
[0;32mI (8025) wifi_init: WiFi IRAM OP enabled[0m
[0;32mI (8025) wifi_init: WiFi RX IRAM OP enabled[0m
[0;32mI (8035) phy_init: phy_version 680,a6008b2,Jun  4 2024,16:41:10[0m
[0;33mW (8035) phy_init: failed to load RF calibration data (0x1102), falling back to full calibration[0m
[0;33mW (8075) phy_init: saving new calibration data because of checksum failure, mode(2)[0m
[0;32mI (13155) esp_netif_handlers: sta ip: 192.168.8.234, mask: 255.255.255.0, gw: 192.168.8.1[0m
[0;32mI (13155) example_wifi: WiFi Connected. Got IP:192.168.8.234[0m
[0;32mI (13165) example_wifi: Connected to AP SSID: ***MIKES_ORANGE_PI_WIFI_SSID***[0m
[0;32mI (13165) golioth_mbox: Mbox created, bufsize: 2520, num_items: 20, item_size: 120[0m
[0;32mI (13185) golioth_coap_client_libcoap: Start CoAP session with host: coaps://coap.golioth.io[0m
[0;32mI (13185) golioth_coap_client_libcoap: Session PSK-ID: generated-oagAZSokTZAguKVJ@firmware_ci[0m
[0;32mI (13205) libcoap: Setting PSK key
[0m
[0;32mI (13205) golioth_coap_client_libcoap: Entering CoAP I/O loop[0m
[0;32mI (13495) golioth_coap_client_libcoap: Golioth CoAP client connected[0m
[0;32mI (13495) test_connect: Golioth client connected[0m
[0;32mI (14495) test_connect: Stopping client[0m
[0;32mI (14495) golioth_coap_client_libcoap: Attempting to stop client[0m
[0;32mI (14535) golioth_coap_client_libcoap: Stopping[0m
[0;32mI (14535) golioth_coap_client_libcoap: Ending session[0m
[0;32mI (14535) test_connect: Golioth client disconnected[0m
[0;32mI (25595) test_connect: Starting client[0m
[0;32mI (25595) golioth_coap_client_libcoap: Start CoAP session with host: coaps://coap.golioth.io[0m
[0;32mI (25595) golioth_coap_client_libcoap: Session PSK-ID: generated-oagAZSokTZAguKVJ@firmware_ci[0m
[0;32mI (25605) libcoap: Setting PSK key
[0m
[0;32mI (25615) golioth_coap_client_libcoap: Entering CoAP I/O loop[0m
[0;32mI (25975) golioth_coap_client_libcoap: Golioth CoAP client connected[0m
[0;32mI (25975) test_connect: Golioth client connected[0m
[0;32mI (26985) test_connect: Destroying client[0m
[0;32mI (26985) golioth_coap_client_libcoap: Attempting to stop client[0m
[0;32mI (27025) golioth_coap_client_libcoap: Stopping[0m
[0;32mI (27025) golioth_coap_client_libcoap: Ending session[0m
[0;32mI (27025) test_connect: Golioth client disconnected[0m
[0;32mI (38085) test_connect: Starting client[0m
[0;32mI (38085) golioth_mbox: Mbox created, bufsize: 2520, num_items: 20, item_size: 120[0m
[0;32mI (38085) golioth_coap_client_libcoap: Start CoAP session with host: coaps://coap.golioth.io[0m
[0;32mI (38095) golioth_coap_client_libcoap: Session PSK-ID: generated-oagAZSokTZAguKVJ@firmware_ci[0m
[0;32mI (38115) libcoap: Setting PSK key
[0m
[0;32mI (38115) golioth_coap_client_libcoap: Entering CoAP I/O loop[0m
[0;32mI (38475) golioth_coap_client_libcoap: Golioth CoAP client connected[0m
