esptool.py v4.8.1
Serial port /dev/serial/by-id/usb-Silicon_Labs_CP2102N_USB_to_UART_Bridge_Controller_ee6375f01ce7ec11973dbed05adebb74-if00-port0
Connecting....
Detecting chip type... ESP32-C3
Chip is ESP32-C3 (QFN32) (revision v0.4)
Features: WiFi, BLE, Embedded Flash 4MB (XMC)
Crystal is 40MHz
MAC: ec:da:3b:0d:18:84
Uploading stub...
Running stub...
Stub running...
Changing baud rate to 460800
Changed.
Configuring flash size...
Erasing flash (this may take a while)...
Chip erase completed successfully in 18.4s
Compressed 1038384 bytes to 609076...
Writing at 0x00000000... (2 %)
Writing at 0x0001205d... (5 %)
Writing at 0x0001f509... (7 %)
Writing at 0x0002b90a... (10 %)
Writing at 0x00031e31... (13 %)
Writing at 0x00037365... (15 %)
Writing at 0x00040f6b... (18 %)
Writing at 0x00046fbe... (21 %)
Writing at 0x0004d6c3... (23 %)
Writing at 0x00053e35... (26 %)
Writing at 0x000597ad... (28 %)
Writing at 0x0005f41c... (31 %)
Writing at 0x00065ea5... (34 %)
Writing at 0x0006bc3b... (36 %)
Writing at 0x00071ab8... (39 %)
Writing at 0x00077d6c... (42 %)
Writing at 0x0007dd72... (44 %)
Writing at 0x00083ae3... (47 %)
Writing at 0x00088f2e... (50 %)
Writing at 0x0008eb38... (52 %)
Writing at 0x00095227... (55 %)
Writing at 0x0009ad0c... (57 %)
Writing at 0x000a05e8... (60 %)
Writing at 0x000a63d1... (63 %)
Writing at 0x000acbb8... (65 %)
Writing at 0x000b2cb9... (68 %)
Writing at 0x000b8c23... (71 %)
Writing at 0x000bef7c... (73 %)
Writing at 0x000c48ca... (76 %)
Writing at 0x000ca116... (78 %)
Writing at 0x000d00b6... (81 %)
Writing at 0x000d604f... (84 %)
Writing at 0x000dca0f... (86 %)
Writing at 0x000e3dee... (89 %)
Writing at 0x000ea2d5... (92 %)
Writing at 0x000f00e0... (94 %)
Writing at 0x000f6664... (97 %)
Writing at 0x000fc4a6... (100 %)
Wrote 1038384 bytes (609076 compressed) at 0x00000000 in 19.3 seconds (effective 430.4 kbit/s)...
Hash of data verified.

Leaving...
Hard resetting via RTS pin...
ESP-ROM:esp32c3-api1-20210207
Build:Feb  7 2021
rst:0x1 (POWERON),boot:0xc (SPI_FAST_FLASH_BOOT)
SPIWP:0xee
mode:DIO, clock div:1
load:0x3fcd5820,len:0x1738
load:0x403cc710,len:0xb9c
load:0x403ce710,len:0x2ec8
entry 0x403cc71a
[0;32mI (30) boot: ESP-IDF v5.3 2nd stage bootloader[0m
[0;32mI (30) boot: compile time Dec  5 2024 22:55:02[0m
[0;32mI (30) boot: chip revision: v0.4[0m
[0;32mI (33) boot.esp32c3: SPI Speed      : 80MHz[0m
[0;32mI (38) boot.esp32c3: SPI Mode       : DIO[0m
[0;32mI (43) boot.esp32c3: SPI Flash Size : 4MB[0m
[0;32mI (47) boot: Enabling RNG early entropy source...[0m
[0;32mI (53) boot: Partition Table:[0m
[0;32mI (56) boot: ## Label            Usage          Type ST Offset   Length[0m
[0;32mI (64) boot:  0 nvs              WiFi data        01 02 00009000 00006000[0m
[0;32mI (71) boot:  1 phy_init         RF data          01 01 0000f000 00001000[0m
[0;32mI (78) boot:  2 factory          factory app      00 00 00010000 00100000[0m
[0;32mI (86) boot: End of partition table[0m
[0;32mI (90) esp_image: segment 0: paddr=00010020 vaddr=3c0b0020 size=2c8ach (182444) map[0m
[0;32mI (127) esp_image: segment 1: paddr=0003c8d4 vaddr=3fc92800 size=02fb8h ( 12216) load[0m
[0;32mI (130) esp_image: segment 2: paddr=0003f894 vaddr=40380000 size=00784h (  1924) load[0m
[0;32mI (133) esp_image: segment 3: paddr=00040020 vaddr=42000020 size=ab828h (702504) map[0m
[0;32mI (251) esp_image: segment 4: paddr=000eb850 vaddr=40380784 size=11fbch ( 73660) load[0m
[0;32mI (271) boot: Loaded app from partition at offset 0x10000[0m
[0;32mI (271) boot: Disabling RNG early entropy source...[0m
[0;32mI (283) cpu_start: Unicore app[0m
[0;32mI (291) cpu_start: Pro cpu start user code[0m
[0;32mI (291) cpu_start: cpu freq: 160000000 Hz[0m
[0;32mI (291) app_init: Application information:[0m
[0;32mI (294) app_init: Project name:     test[0m
[0;32mI (299) app_init: App version:      fe1397b-dirty[0m
[0;32mI (304) app_init: Compile time:     Dec  5 2024 22:55:07[0m
[0;32mI (310) app_init: ELF file SHA256:  818bbd7f0...[0m
[0;32mI (315) app_init: ESP-IDF:          v5.3[0m
[0;32mI (320) efuse_init: Min chip rev:     v0.3[0m
[0;32mI (325) efuse_init: Max chip rev:     v1.99 [0m
[0;32mI (330) efuse_init: Chip rev:         v0.4[0m
[0;32mI (335) heap_init: Initializing. RAM available for dynamic allocation:[0m
[0;32mI (342) heap_init: At 3FC9D540 len 00022AC0 (138 KiB): RAM[0m
[0;32mI (348) heap_init: At 3FCC0000 len 0001C710 (113 KiB): Retention RAM[0m
[0;32mI (355) heap_init: At 3FCDC710 len 00002950 (10 KiB): Retention RAM[0m
[0;32mI (362) heap_init: At 50000200 len 00001DE8 (7 KiB): RTCRAM[0m
[0;32mI (369) spi_flash: detected chip: generic[0m
[0;32mI (373) spi_flash: flash io: dio[0m
[0;32mI (377) sleep: Configure to isolate all GPIO pins in sleep state[0m
[0;32mI (384) sleep: Enable automatic switching of GPIO sleep configuration[0m
[0;32mI (391) main_task: Started on CPU0[0m
[0;32mI (411) main_task: Calling app_main()[0m
[5n
Type 'help' to get the list of commands.
Use UP/DOWN arrows to navigate through command history.
Press TAB when typing command name to auto-complete.

Your terminal application does not support escape sequences.

Line editing and history features are disabled.

On Windows, try using Putty instead.
esp32> [0;33mW (921) hil_test: WiFi and Golioth credentials are not set. Use the shell settings commands to set them.[0m

esp32> 
esp32> 
esp32> 
esp32> settings set wifi/ssid "***MIKES_ORANGE_PI_WIFI_SSID***"
Setting wifi/ssid saved
esp32> 
esp32> 
esp32> 
esp32> 
esp32> 
esp32> settings set wifi/psk "***MIKES_ORANGE_PI_WIFI_PSK***"
Setting wifi/psk saved
esp32> 
esp32> ::add-mask::generated-YUVXsHebwOsUBmXO

esp32> 
esp32> 
esp32> 
esp32> settings set golioth/psk-id "generated-YUVXsHebwOsUBmXO@firmware_ci"
Setting golioth/psk-id saved
esp32> 
esp32> 
esp32> 
esp32> 
esp32> 
esp32> settings set golioth/psk "generated-YUVXsHebwOsUBmXO"
Setting golioth/psk saved
esp32> 
esp32> [0;32mI (15951) pp: pp rom version: 9387209[0m
[0;32mI (15951) net80211: net80211 rom version: 9387209[0m
[0;32mI (15971) wifi_init: rx ba win: 6[0m
[0;32mI (15971) wifi_init: accept mbox: 6[0m
[0;32mI (15971) wifi_init: tcpip mbox: 32[0m
[0;32mI (15971) wifi_init: udp mbox: 6[0m
[0;32mI (15981) wifi_init: tcp mbox: 6[0m
[0;32mI (15981) wifi_init: tcp tx win: 5760[0m
[0;32mI (15991) wifi_init: tcp rx win: 5760[0m
[0;32mI (15991) wifi_init: tcp mss: 1440[0m
[0;32mI (15991) wifi_init: WiFi IRAM OP enabled[0m
[0;32mI (16001) wifi_init: WiFi RX IRAM OP enabled[0m
[0;32mI (16001) phy_init: phy_version 1180,01f2a49,Jun  4 2024,16:34:25[0m
[0;33mW (16021) phy_init: failed to load RF calibration data (0x1102), falling back to full calibration[0m
[0;33mW (16061) phy_init: saving new calibration data because of checksum failure, mode(2)[0m
[0;32mI (17441) esp_netif_handlers: sta ip: 192.168.8.238, mask: 255.255.255.0, gw: 192.168.8.1[0m
[0;32mI (17441) example_wifi: WiFi Connected. Got IP:192.168.8.238[0m
[0;32mI (17451) example_wifi: Connected to AP SSID: ***MIKES_ORANGE_PI_WIFI_SSID***[0m
[0;32mI (17451) golioth_mbox: Mbox created, bufsize: 2520, num_items: 20, item_size: 120[0m
[0;32mI (17471) golioth_coap_client_libcoap: Start CoAP session with host: coaps://coap.golioth.io[0m
[0;32mI (17471) golioth_coap_client_libcoap: Session PSK-ID: generated-YUVXsHebwOsUBmXO@firmware_ci[0m
[0;32mI (17481) libcoap: Setting PSK key
[0m
[0;32mI (17491) golioth_coap_client_libcoap: Entering CoAP I/O loop[0m
[0;32mI (17861) golioth_coap_client_libcoap: Golioth CoAP client connected[0m
[0;32mI (17911) test_settings: Received test_string: foo[0m
[0;32mI (17911) test_settings: Received test_int_range: 1[0m
[0;32mI (17911) test_settings: Received test_restart: false[0m
[0;32mI (17921) test_settings: Received test_cancel: 0[0m
[0;32mI (17931) test_settings: Received test_bool: false[0m
[0;32mI (17941) test_settings: Received test_float: 1.230000[0m
[0;32mI (17941) test_settings: Received test_int: 1[0m
[0;32mI (18221) test_settings: Received test_string: foo[0m
[0;32mI (18221) test_settings: Received test_int: 1[0m
[0;32mI (18221) test_settings: Received test_bool: false[0m
[0;32mI (18231) test_settings: Received test_int_range: 1[0m
[0;32mI (18231) test_settings: Received test_cancel: 0[0m
[0;32mI (18251) test_settings: Received test_float: 1.230000[0m
[0;32mI (18251) test_settings: Received test_restart: false[0m
[0;31mE (18261) golioth_settings: Failed to send a response to server: 10[0m
[0;32mI (18321) test_settings: Received test_string: foo[0m
[0;32mI (18321) test_settings: Received test_bool: false[0m
[0;32mI (18321) test_settings: Received test_float: 1.230000[0m
[0;32mI (18331) test_settings: Received test_int: 1[0m
[0;32mI (18331) test_settings: Received test_restart: false[0m
[0;32mI (18351) test_settings: Received test_cancel: 0[0m
[0;32mI (18351) test_settings: Received test_int_range: 1[0m
[0;31mE (18361) golioth_settings: Failed to send a response to server: 10[0m
[0;32mI (18631) test_settings: Received test_bool: false[0m
[0;32mI (18631) test_settings: Received test_string: foo[0m
[0;32mI (18631) test_settings: Received test_int: 1[0m
[0;32mI (18641) test_settings: Received test_restart: false[0m
[0;32mI (18641) test_settings: Received test_cancel: 0[0m
[0;32mI (18651) test_settings: Received test_float: 1.230000[0m
[0;32mI (18651) test_settings: Received test_int_range: 1[0m
[0;31mE (18671) golioth_settings: Failed to send a response to server: 10[0m
[0;32mI (18721) test_settings: Received test_string: foo[0m
[0;32mI (18721) test_settings: Received test_cancel: 0[0m
[0;32mI (18721) test_settings: Received test_float: 1.230000[0m
[0;32mI (18731) test_settings: Received test_int_range: 1[0m
[0;32mI (18731) test_settings: Received test_restart: false[0m
[0;32mI (18751) test_settings: Received test_int: 1[0m
[0;32mI (18751) test_settings: Received test_bool: false[0m
[0;31mE (18761) golioth_settings: Failed to send a response to server: 10[0m
[0;32mI (18811) test_settings: Received test_int: 1[0m
[0;32mI (18811) test_settings: Received test_int_range: 1[0m
[0;32mI (18821) test_settings: Received test_float: 1.230000[0m
[0;32mI (18831) test_settings: Received test_string: foo[0m
[0;32mI (18831) test_settings: Received test_cancel: 0[0m
[0;32mI (18841) test_settings: Received test_restart: false[0m
[0;32mI (18841) test_settings: Received test_bool: false[0m
[0;31mE (18851) golioth_settings: Failed to send a response to server: 10[0m
[0;32mI (18951) test_settings: Received test_cancel: 0[0m
[0;32mI (18951) test_settings: Received test_restart: false[0m
[0;32mI (18951) test_settings: Received test_int: 1[0m
[0;32mI (18961) test_settings: Received test_bool: false[0m
[0;32mI (18961) test_settings: Received test_float: 1.230000[0m
[0;32mI (18971) test_settings: Received test_int_range: 1[0m
[0;32mI (18971) test_settings: Received test_string: foo[0m
[0;31mE (18991) golioth_settings: Failed to send a response to server: 10[0m
[0;32mI (19241) test_settings: Received test_string: foo[0m
[0;32mI (19241) test_settings: Received test_int_range: 1[0m
[0;32mI (19251) test_settings: Received test_restart: false[0m
[0;32mI (19261) test_settings: Received test_bool: false[0m
[0;32mI (19261) test_settings: Received test_cancel: 0[0m
[0;32mI (19271) test_settings: Received test_float: 1.230000[0m
[0;32mI (19271) test_settings: Received test_int: 1[0m
[0;31mE (19281) golioth_settings: Failed to send a response to server: 10[0m
[0;32mI (19331) test_settings: Received test_int: 42[0m
[0;3