esptool.py v4.8.1
Serial port /dev/serial/by-id/usb-Silicon_Labs_CP2102N_USB_to_UART_Bridge_Controller_ee6375f01ce7ec11973dbed05adebb74-if00-port0
Connecting....
Detecting chip type... ESP32-C3
Chip is ESP32-C3 (QFN32) (revision v0.4)
Features: WiFi, BLE, Embedded Flash 4MB (XMC)
Crystal is 40MHz
MAC: ec:da:3b:0d:18:84
Uploading stub...
Running stub...
Stub running...
Changing baud rate to 460800
Changed.
Configuring flash size...
Erasing flash (this may take a while)...
Chip erase completed successfully in 18.3s
Compressed 1040896 bytes to 610487...
Writing at 0x00000000... (2 %)
Writing at 0x0001205d... (5 %)
Writing at 0x0001f6dc... (7 %)
Writing at 0x0002bc13... (10 %)
Writing at 0x00032333... (13 %)
Writing at 0x00037696... (15 %)
Writing at 0x00041408... (18 %)
Writing at 0x00047530... (21 %)
Writing at 0x0004dc25... (23 %)
Writing at 0x0005409f... (26 %)
Writing at 0x00059a33... (28 %)
Writing at 0x0005f6a6... (31 %)
Writing at 0x0006610a... (34 %)
Writing at 0x0006be8a... (36 %)
Writing at 0x00071d50... (39 %)
Writing at 0x0007805d... (42 %)
Writing at 0x0007e05a... (44 %)
Writing at 0x00083dc3... (47 %)
Writing at 0x000891bf... (50 %)
Writing at 0x0008ee14... (52 %)
Writing at 0x000954e2... (55 %)
Writing at 0x0009af91... (57 %)
Writing at 0x000a0881... (60 %)
Writing at 0x000a6650... (63 %)
Writing at 0x000acdc8... (65 %)
Writing at 0x000b2f18... (68 %)
Writing at 0x000b8e4d... (71 %)
Writing at 0x000bf192... (73 %)
Writing at 0x000c4b13... (76 %)
Writing at 0x000ca374... (78 %)
Writing at 0x000d030b... (81 %)
Writing at 0x000d6263... (84 %)
Writing at 0x000dcc62... (86 %)
Writing at 0x000e3fdb... (89 %)
Writing at 0x000ea48b... (92 %)
Writing at 0x000f02b1... (94 %)
Writing at 0x000f66cc... (97 %)
Writing at 0x000fc690... (100 %)
Wrote 1040896 bytes (610487 compressed) at 0x00000000 in 19.3 seconds (effective 430.7 kbit/s)...
Hash of data verified.

Leaving...
Hard resetting via RTS pin...
ESP-ROM:esp32c3-api1-20210207
Build:Feb  7 2021
rst:0x1 (POWERON),boot:0xc (SPI_FAST_FLASH_BOOT)
SPIWP:0xee
mode:DIO, clock div:1
load:0x3fcd5820,len:0x1738
load:0x403cc710,len:0xb9c
load:0x403ce710,len:0x2ec8
entry 0x403cc71a
[0;32mI (30) boot: ESP-IDF v5.3 2nd stage bootloader[0m
[0;32mI (30) boot: compile time Dec  5 2024 22:55:02[0m
[0;32mI (30) boot: chip revision: v0.4[0m
[0;32mI (33) boot.esp32c3: SPI Speed      : 80MHz[0m
[0;32mI (38) boot.esp32c3: SPI Mode       : DIO[0m
[0;32mI (43) boot.esp32c3: SPI Flash Size : 4MB[0m
[0;32mI (47) boot: Enabling RNG early entropy source...[0m
[0;32mI (53) boot: Partition Table:[0m
[0;32mI (56) boot: ## Label            Usage          Type ST Offset   Length[0m
[0;32mI (64) boot:  0 nvs              WiFi data        01 02 00009000 00006000[0m
[0;32mI (71) boot:  1 phy_init         RF data          01 01 0000f000 00001000[0m
[0;32mI (78) boot:  2 factory          factory app      00 00 00010000 00100000[0m
[0;32mI (86) boot: End of partition table[0m
[0;32mI (90) esp_image: segment 0: paddr=00010020 vaddr=3c0b0020 size=2cf04h (184068) map[0m
[0;32mI (127) esp_image: segment 1: paddr=0003cf2c vaddr=3fc92800 size=02fb8h ( 12216) load[0m
[0;32mI (130) esp_image: segment 2: paddr=0003feec vaddr=40380000 size=0012ch (   300) load[0m
[0;32mI (133) esp_image: segment 3: paddr=00040020 vaddr=42000020 size=abba0h (703392) map[0m
[0;32mI (251) esp_image: segment 4: paddr=000ebbc8 vaddr=4038012c size=12614h ( 75284) load[0m
[0;32mI (272) boot: Loaded app from partition at offset 0x10000[0m
[0;32mI (272) boot: Disabling RNG early entropy source...[0m
[0;32mI (283) cpu_start: Unicore app[0m
[0;32mI (292) cpu_start: Pro cpu start user code[0m
[0;32mI (292) cpu_start: cpu freq: 160000000 Hz[0m
[0;32mI (292) app_init: Application information:[0m
[0;32mI (295) app_init: Project name:     test[0m
[0;32mI (299) app_init: App version:      fe1397b-dirty[0m
[0;32mI (305) app_init: Compile time:     Dec  5 2024 22:55:07[0m
[0;32mI (311) app_init: ELF file SHA256:  4e98547ca...[0m
[0;32mI (316) app_init: ESP-IDF:          v5.3[0m
[0;32mI (321) efuse_init: Min chip rev:     v0.3[0m
[0;32mI (326) efuse_init: Max chip rev:     v1.99 [0m
[0;32mI (330) efuse_init: Chip rev:         v0.4[0m
[0;32mI (335) heap_init: Initializing. RAM available for dynamic allocation:[0m
[0;32mI (343) heap_init: At 3FC9D9C0 len 00022640 (137 KiB): RAM[0m
[0;32mI (349) heap_init: At 3FCC0000 len 0001C710 (113 KiB): Retention RAM[0m
[0;32mI (356) heap_init: At 3FCDC710 len 00002950 (10 KiB): Retention RAM[0m
[0;32mI (363) heap_init: At 50000200 len 00001DE8 (7 KiB): RTCRAM[0m
[0;32mI (370) spi_flash: detected chip: generic[0m
[0;32mI (374) spi_flash: flash io: dio[0m
[0;32mI (378) sleep: Configure to isolate all GPIO pins in sleep state[0m
[0;32mI (384) sleep: Enable automatic switching of GPIO sleep configuration[0m
[0;32mI (392) main_task: Started on CPU0[0m
[0;32mI (412) main_task: Calling app_main()[0m
[5n
Type 'help' to get the list of commands.
Use UP/DOWN arrows to navigate through command history.
Press TAB when typing command name to auto-complete.

Your terminal application does not support escape sequences.

Line editing and history features are disabled.

On Windows, try using Putty instead.
esp32> [0;33mW (922) hil_test: WiFi and Golioth credentials are not set. Use the shell settings commands to set them.[0m

esp32> 
esp32> 
esp32> 
esp32> settings set wifi/ssid "***MIKES_ORANGE_PI_WIFI_SSID***"
Setting wifi/ssid saved
esp32> 
esp32> 
esp32> 
esp32> 
esp32> 
esp32> settings set wifi/psk "***MIKES_ORANGE_PI_WIFI_PSK***"
Setting wifi/psk saved
esp32> 
esp32> ::add-mask::generated-MIcbEnLqPFvWZWUp

esp32> 
esp32> 
esp32> 
esp32> settings set golioth/psk-id "generated-MIcbEnLqPFvWZWUp@firmware_ci"
Setting golioth/psk-id saved
esp32> 
esp32> 
esp32> 
esp32> 
esp32> 
esp32> settings set golioth/psk "generated-MIcbEnLqPFvWZWUp"
Setting golioth/psk saved
esp32> 
esp32> [0;32mI (8942) pp: pp rom version: 9387209[0m
[0;32mI (8942) net80211: net80211 rom version: 9387209[0m
[0;32mI (8962) wifi_init: rx ba win: 6[0m
[0;32mI (8962) wifi_init: accept mbox: 6[0m
[0;32mI (8962) wifi_init: tcpip mbox: 32[0m
[0;32mI (8962) wifi_init: udp mbox: 6[0m
[0;32mI (8972) wifi_init: tcp mbox: 6[0m
[0;32mI (8972) wifi_init: tcp tx win: 5760[0m
[0;32mI (8982) wifi_init: tcp rx win: 5760[0m
[0;32mI (8982) wifi_init: tcp mss: 1440[0m
[0;32mI (8982) wifi_init: WiFi IRAM OP enabled[0m
[0;32mI (8992) wifi_init: WiFi RX IRAM OP enabled[0m
[0;32mI (8992) phy_init: phy_version 1180,01f2a49,Jun  4 2024,16:34:25[0m
[0;33mW (9012) phy_init: failed to load RF calibration data (0x1102), falling back to full calibration[0m
[0;33mW (9042) phy_init: saving new calibration data because of checksum failure, mode(2)[0m
[0;32mI (10422) esp_netif_handlers: sta ip: 192.168.8.238, mask: 255.255.255.0, gw: 192.168.8.1[0m
[0;32mI (10422) example_wifi: WiFi Connected. Got IP:192.168.8.238[0m
[0;32mI (10432) example_wifi: Connected to AP SSID: ***MIKES_ORANGE_PI_WIFI_SSID***[0m
[0;32mI (10432) golioth_mbox: Mbox created, bufsize: 2520, num_items: 20, item_size: 120[0m
[0;32mI (10452) golioth_coap_client_libcoap: Start CoAP session with host: coaps://coap.golioth.io[0m
[0;32mI (10452) golioth_coap_client_libcoap: Session PSK-ID: generated-MIcbEnLqPFvWZWUp@firmware_ci[0m
[0;32mI (10462) libcoap: Setting PSK key
[0m
[0;32mI (10472) golioth_coap_client_libcoap: Entering CoAP I/O loop[0m
[0;32mI (10982) golioth_coap_client_libcoap: Golioth CoAP client connected[0m
[0;32mI (11042) test_ota: Manifest received[0m
[0;32mI (11042) test_ota: Manifest successfully decoded[0m
[0;32mI (11042) test_ota: Manifest doesn't have main or walrus components, skipping this one.[0m
[0;32mI (14202) test_ota: Manifest received[0m
[0;32mI (14202) test_ota: Manifest successfully decoded[0m
[0;32mI (14202) test_ota: Manifest doesn't have main or walrus components, skipping this one.[0m
[0;32mI (14222) test_ota: Manifest received[0m
[0;32mI (14222) test_ota: Manifest successfully decoded[0m
[0;32mI (14222) test_ota: Manifest doesn't have main or walrus components, skipping this one.[0m
[0;32mI (14362) test_ota: Manifest received[0m
[0;32mI (14362) test_ota: Manifest successfully decoded[0m
[0;32mI (14372) test_ota: Manifest doesn't have main or walrus components, skipping this one.[0m
[0;32mI (15632) test_ota: Manifest received[0m
[0;32mI (15632) test_ota: Manifest successfully decoded[0m
[0;32mI (15632) test_ota: Manifest doesn't have main or walrus components, skipping this one.[0m
[0;32mI (15652) test_ota: Manifest received[0m
[0;32mI (15652) test_ota: Manifest successfully decoded[0m
[0;32mI (15652) test_ota: Manifest doesn't have main or walrus components, skipping this one.[0m
[0;32mI (15692) test_ota: Manifest received[0m
[0;32mI (15692) test_ota: Manifest successfully decoded[0m
[0;32mI (15692) test_ota: Found main component[0m
[0;32mI (15702) test_ota: No absent component found[0m
[0;32mI (15702) test_ota: component.package: main[0m
[0;32mI (15702) test_ota: component.version: 1.2.2[0m
[0;32mI (15712) test_ota: component.size: 16147[0m
[0;32mI (15722) test_ota: component.hash: 62c035ff42d6c61ad9d1caf9ee3425dae3ef360eb9d145061d3f76092e266018[0m
[0;32mI (15732) test_ota: component.uri: /.u/c/main@1.2.2[0m
[0;32mI (15742) test_ota: component.bootloader: default[0m
