[0;32mI (25607) test_ota: Manifest received[0m
[0;32mI (25607) test_ota: Manifest successfully decoded[0m
[0;32mI (25607) test_ota: Manifest doesn't have main or walrus components, skipping this one.[0m
[0;32mI (25877) test_ota: Manifest received[0m
[0;32mI (25877) test_ota: Manifest successfully decoded[0m
Guru Meditation Error: Core  0 panic'ed (Interrupt wdt timeout on CPU0). 

Core  0 register dump:
PC      : 0x4037d04c  PS      : 0x00060834  A0      : 0x8037cc98  A1      : 0x3fca88a0  
A2      : 0x3fcc23d8  A3      : 0xffffffff  A4      : 0x1404b2ee  A5      : 0x00060823  
A6      : 0xb33fffff  A7      : 0x0000cdcd  A8      : 0x8037d04c  A9      : 0x3fca8880  
A10     : 0x00000000  A11     : 0xb33fffff  A12     : 0x00000000  A13     : 0x00000000  
A14     : 0x3fc9d7d0  A15     : 0x3fc9d7d0  SAR     : 0x0000001c  EXCCAUSE: 0x00000005  
EXCVADDR: 0x00000000  LBEG    : 0x40056f5c  LEND    : 0x40056f72  LCOUNT  : 0x00000000  


Backtrace: 0x4037d049:0x3fca88a0 0x4037cc95:0x3fca88d0 0x4200ff7b:0x3fca8910 0x4200ffc5:0x3fca8930 0x42012aa2:0x3fca8950 0x420103a8:0x3fca8980 0x420106ca:0x3fca89b0 0x420108a9:0x3fca8a60 0x420128d7:0x3fca8ab0 0x4200d4c6:0x3fca8b30 0x4200be49:0x3fca8b70 0x4209c743:0x3fca8bc0


Core  1 register dump:
PC      : 0x4037a3e2  PS      : 0x00060634  A0      : 0x82004ab8  A1      : 0x3fca9a50  
A2      : 0x00000000  A3      : 0x00000003  A4      : 0x00060023  A5      : 0x00000001  
A6      : 0x3fc992b4  A7      : 0xffffffff  A8      : 0x82020cc2  A9      : 0x3fca9a10  
A10     : 0x00000000  A11     : 0x0000abab  A12     : 0x8037d139  A13     : 0x3fcaa360  
A14     : 0x00060023  A15     : 0x00000000  SAR     : 0x00000000  EXCCAUSE: 0x00000005  
EXCVADDR: 0x00000000  LBEG    : 0x00000000  LEND    : 0x00000000  LCOUNT  : 0x00000000  


Backtrace: 0x4037a3df:0x3fca9a50 0x42004ab5:0x3fca9a70 0x4037e2f3:0x3fca9a90




ELF file SHA256: eec3b8f6d

Rebooting...
ESP-ROM:esp32s3-20210327
Build:Mar 27 2021
rst:0xc (RTC_SW_CPU_RST),boot:0x8 (SPI_FAST_FLASH_BOOT)
Saved PC:0x40375a1d
SPIWP:0xee
mode:DIO, clock div:1
load:0x3fce2810,len:0x178c
load:0x403c8700,len:0x4
load:0x403c8704,len:0xcb8
load:0x403cb700,len:0x2df4
entry 0x403c8914
[0;32mI (31) boot: ESP-IDF v5.3 2nd stage bootloader[0m
[0;32mI (31) boot: compile time Jan  8 2025 15:16:09[0m
[0;32mI (31) boot: Multicore bootloader[0m
[0;32mI (34) boot: chip revision: v0.2[0m
[0;32mI (38) boot.esp32s3: Boot SPI Speed : 80MHz[0m
[0;32mI (43) boot.esp32s3: SPI Mode       : DIO[0m
[0;32mI (47) boot.esp32s3: SPI Flash Size : 4MB[0m
[0;32mI (52) boot: Enabling RNG early entropy source...[0m
[0;32mI (58) boot: Partition Table:[0m
[0;32mI (61) boot: ## Label            Usage          Type ST Offset   Length[0m
[0;32mI (68) boot:  0 nvs              WiFi data        01 02 00009000 00006000[0m
[0;32mI (76) boot:  1 phy_init         RF data          01 01 0000f000 00001000[0m
[0;32mI (83) boot:  2 factory          factory app      00 00 00010000 00100000[0m
[0;32mI (91) boot: End of partition table[0m
[0;32mI (95) esp_image: segment 0: paddr=00010020 vaddr=3c0a0020 size=2c4f8h (181496) map[0m
[0;32mI (136) esp_image: segment 1: paddr=0003c520 vaddr=3fc98800 size=03af8h ( 15096) load[0m
[0;32mI (139) esp_image: segment 2: paddr=00040020 vaddr=42000020 size=9d450h (644176) map[0m
[0;32mI (257) esp_image: segment 3: paddr=000dd478 vaddr=3fc9c2f8 size=00f80h (  3968) load[0m
[0;32mI (259) esp_image: segment 4: paddr=000de400 vaddr=40374000 size=14760h ( 83808) load[0m
[0;32mI (290) boot: Loaded app from partition at offset 0x10000[0m
[0;32mI (290) boot: Disabling RNG early entropy source...[0m
[0;32mI (302) cpu_start: Multicore app[0m
[0;32mI (311) cpu_start: Pro cpu start user code[0m
[0;32mI (311) cpu_start: cpu freq: 160000000 Hz[0m
[0;32mI (311) app_init: Application information:[0m
[0;32mI (314) app_init: Project name:     test[0m
[0;32mI (318) app_init: App version:      592c035-dirty[0m
[0;32mI (324) app_init: Compile time:     Jan  8 2025 15:16:04[0m
[0;32mI (330) app_init: ELF file SHA256:  eec3b8f6d...[0m
[0;32mI (335) app_init: ESP-IDF:          v5.3[0m
[0;32mI (340) efuse_init: Min chip rev:     v0.0[0m
[0;32mI (344) efuse_init: Max chip rev:     v0.99 [0m
[0;32mI (349) efuse_init: Chip rev:         v0.2[0m
[0;32mI (354) heap_init: Initializing. RAM available for dynamic allocation:[0m
[0;32mI (361) heap_init: At 3FCA4E30 len 000448E0 (274 KiB): RAM[0m
[0;32mI (367) heap_init: At 3FCE9710 len 00005724 (21 KiB): RAM[0m
[0;32mI (374) heap_init: At 3FCF0000 len 00008000 (32 KiB): DRAM[0m
[0;32mI (380) heap_init: At 600FE100 len 00001EE8 (7 KiB): RTCRAM[0m
[0;32mI (387) spi_flash: detected chip: gd[0m
[0;32mI (390) spi_flash: flash io: dio[0m
[0;33mW (394) spi_flash: Detected size(8192k) larger than the size in the binary image header(4096k). Using the size in the binary image header.[0m
[0;32mI (408) sleep: Configure to isolate all GPIO pins in sleep state[0m
[0;32mI (414) sleep: Enable automatic switching of GPIO sleep configuration[0m
[0;32mI (422) main_task: Started on CPU0[0m
[0;32mI (442) main_task: Calling app_main()[0m
[5n
Type 'help' to get the list of commands.
Use UP/DOWN arrows to navigate through command history.
Press TAB when typing command name to auto-complete.

Your terminal application does not support escape sequences.

Line editing and history features are disabled.

On Windows, try using Putty instead.
esp32> [0;32mI (952) pp: pp rom version: e7ae62f[0m
[0;32mI (972) net80211: net80211 rom version: e7ae62f[0m
[0;32mI (992) wifi_init: rx ba win: 6[0m
[0;32mI (992) wifi_init: accept mbox: 6[0m
[0;32mI (992) wifi_init: tcpip mbox: 32[0m
[0;32mI (992) wifi_init: udp mbox: 6[0m
[0;32mI (1002) wifi_init: tcp mbox: 6[0m
[0;32mI (1002) wifi_init: tcp tx win: 5760[0m
[0;32mI (1002) wifi_init: tcp rx win: 5760[0m
[0;32mI (1012) wifi_init: tcp mss: 1440[0m
[0;32mI (1022) wifi_init: WiFi IRAM OP enabled[0m
[0;32mI (1022) wifi_init: WiFi RX IRAM OP enabled[0m
[0;32mI (1032) phy_init: phy_version 680,a6008b2,Jun  4 2024,16:41:10[0m
[0;32mI (2652) esp_netif_handlers: sta ip: 192.168.8.168, mask: 255.255.255.0, gw: 192.168.8.1[0m
[0;32mI (2652) example_wifi: WiFi Connected. Got IP:192.168.8.168[0m
[0;32mI (2662) example_wifi: Connected to AP SSID: ***JONS_ORANGE_PI_WIFI_SSID***[0m
[0;32mI (2662) golioth_mbox: Mbox created, bufsize: 2688, num_items: 20, item_size: 128[0m
[0;32mI (2682) golioth_coap_client_libcoap: Start CoAP session with host: coaps://coap.golioth.io[0m
[0;32mI (2682) golioth_coap_client_libcoap: Session PSK-ID: generated-IcOMnfouDmGLToWD@firmware_ci[0m
[0;32mI (2702) libcoap: Setting PSK key
[0m
[0;32mI (2702) golioth_coap_client_libcoap: Entering CoAP I/O loop[0m
[0;32mI (4692) golioth_coap_client_libcoap: Golioth CoAP client connected[0m
[0;32mI (5452) test_ota: Manifest received[0m
[0;32mI (5452) test_ota: Manifest successfully decoded[0m
[0;32mI (5452) test_ota: Manifest received[0m
[0;32mI (5462) test_ota: Manifest successfully decoded[0m
[0;32mI (5502) test_ota: Start resumable blockwise download test[0m
[0;32mI (5502) test_ota: Starting block download from 0[0m
[0;33mW (6682) golioth_coap_client_libcoap: Ignoring request that has aged out, type 2, path /.u/c/walrus@0.4.2[0m
