esptool.py v4.8.1
Serial port /dev/serial/by-id/usb-Silicon_Labs_CP2102N_USB_to_UART_Bridge_Controller_ca317d585c76eb11ba0a87abb7be2ba5-if00-port0
Connecting....
Detecting chip type... ESP32-C3
Chip is ESP32-C3 (QFN32) (revision v0.3)
Features: WiFi, BLE, Embedded Flash 4MB (XMC)
Crystal is 40MHz
MAC: 84:f7:03:09:96:10
Uploading stub...
Running stub...
Stub running...
Changing baud rate to 460800
Changed.
Configuring flash size...
Erasing flash (this may take a while)...
Chip erase completed successfully in 20.3s
Compressed 1032480 bytes to 605776...
Writing at 0x00000000... (2 %)
Writing at 0x0001205a... (5 %)
Writing at 0x0001f071... (8 %)
Writing at 0x0002b3d0... (10 %)
Writing at 0x00031800... (13 %)
Writing at 0x00036dc1... (16 %)
Writing at 0x00041120... (18 %)
Writing at 0x000471f1... (21 %)
Writing at 0x0004d792... (24 %)
Writing at 0x000535fc... (27 %)
Writing at 0x000591ac... (29 %)
Writing at 0x0005f068... (32 %)
Writing at 0x00065b22... (35 %)
Writing at 0x0006b778... (37 %)
Writing at 0x0007182e... (40 %)
Writing at 0x00077a25... (43 %)
Writing at 0x0007d7b1... (45 %)
Writing at 0x000832b2... (48 %)
Writing at 0x0008890a... (51 %)
Writing at 0x0008eb4e... (54 %)
Writing at 0x00094b46... (56 %)
Writing at 0x0009a846... (59 %)
Writing at 0x000a0133... (62 %)
Writing at 0x000a6272... (64 %)
Writing at 0x000ac919... (67 %)
Writing at 0x000b2946... (70 %)
Writing at 0x000b89aa... (72 %)
Writing at 0x000beb88... (75 %)
Writing at 0x000c4282... (78 %)
Writing at 0x000c9ec5... (81 %)
Writing at 0x000cfdd0... (83 %)
Writing at 0x000d6595... (86 %)
Writing at 0x000dc2ec... (89 %)
Writing at 0x000e40ee... (91 %)
Writing at 0x000e9f60... (94 %)
Writing at 0x000efe29... (97 %)
Writing at 0x000f636c... (100 %)
Wrote 1032480 bytes (605776 compressed) at 0x00000000 in 19.7 seconds (effective 420.0 kbit/s)...
Hash of data verified.

Leaving...
Hard resetting via RTS pin...
Build:Feb  7 2021
rst:0x1 (POWERON),boot:0xc (SPI_FAST_FLASH_BOOT)
SPIWP:0xee
mode:DIO, clock div:1
load:0x3fcd5820,len:0x1738
load:0x403cc710,len:0xb9c
load:0x403ce710,len:0x2ec8
entry 0x403cc71a
[0;32mI (30) boot: ESP-IDF v5.3 2nd stage bootloader[0m
[0;32mI (30) boot: compile time Jan  8 2025 15:16:13[0m
[0;32mI (30) boot: chip revision: v0.3[0m
[0;32mI (33) boot.esp32c3: SPI Speed      : 80MHz[0m
[0;32mI (38) boot.esp32c3: SPI Mode       : DIO[0m
[0;32mI (43) boot.esp32c3: SPI Flash Size : 4MB[0m
[0;32mI (47) boot: Enabling RNG early entropy source...[0m
[0;32mI (53) boot: Partition Table:[0m
[0;32mI (56) boot: ## Label            Usage          Type ST Offset   Length[0m
[0;32mI (64) boot:  0 nvs              WiFi data        01 02 00009000 00006000[0m
[0;32mI (71) boot:  1 phy_init         RF data          01 01 0000f000 00001000[0m
[0;32mI (78) boot:  2 factory          factory app      00 00 00010000 00100000[0m
[0;32mI (86) boot: End of partition table[0m
[0;32mI (90) esp_image: segment 0: paddr=00010020 vaddr=3c0b0020 size=2bf2ch (180012) map[0m
[0;32mI (127) esp_image: segment 1: paddr=0003bf54 vaddr=3fc92800 size=03e10h ( 15888) load[0m
[0;32mI (130) esp_image: segment 2: paddr=0003fd6c vaddr=40380000 size=002ach (   684) load[0m
[0;32mI (133) esp_image: segment 3: paddr=00040020 vaddr=42000020 size=a9c28h (695336) map[0m
[0;32mI (250) esp_image: segment 4: paddr=000e9c50 vaddr=403802ac size=124a4h ( 74916) load[0m
[0;32mI (270) boot: Loaded app from partition at offset 0x10000[0m
[0;32mI (270) boot: Disabling RNG early entropy source...[0m
[0;32mI (282) cpu_start: Unicore app[0m
[0;32mI (290) cpu_start: Pro cpu start user code[0m
[0;32mI (290) cpu_start: cpu freq: 160000000 Hz[0m
[0;32mI (290) app_init: Application information:[0m
[0;32mI (293) app_init: Project name:     test[0m
[0;32mI (298) app_init: App version:      592c035-dirty[0m
[0;32mI (303) app_init: Compile time:     Jan  8 2025 15:16:18[0m
[0;32mI (309) app_init: ELF file SHA256:  ee00ee3db...[0m
[0;32mI (315) app_init: ESP-IDF:          v5.3[0m
[0;32mI (319) efuse_init: Min chip rev:     v0.3[0m
[0;32mI (324) efuse_init: Max chip rev:     v1.99 [0m
[0;32mI (329) efuse_init: Chip rev:         v0.3[0m
[0;32mI (334) heap_init: Initializing. RAM available for dynamic allocation:[0m
[0;32mI (341) heap_init: At 3FC9E390 len 00021C70 (135 KiB): RAM[0m
[0;32mI (347) heap_init: At 3FCC0000 len 0001C710 (113 KiB): Retention RAM[0m
[0;32mI (354) heap_init: At 3FCDC710 len 00002950 (10 KiB): Retention RAM[0m
[0;32mI (361) heap_init: At 50000200 len 00001DE8 (7 KiB): RTCRAM[0m
[0;32mI (368) spi_flash: detected chip: generic[0m
[0;32mI (372) spi_flash: flash io: dio[0m
[0;32mI (376) sleep: Configure to isolate all GPIO pins in sleep state[0m
[0;32mI (383) sleep: Enable automatic switching of GPIO sleep configuration[0m
[0;32mI (390) main_task: Started on CPU0[0m
[0;32mI (410) main_task: Calling app_main()[0m
[5n
Type 'help' to get the list of commands.
Use UP/DOWN arrows to navigate through command history.
Press TAB when typing command name to auto-complete.

Your terminal application does not support escape sequences.

Line editing and history features are disabled.

On Windows, try using Putty instead.
esp32> [0;33mW (920) hil_test: WiFi and Golioth credentials are not set. Use the shell settings commands to set them.[0m

esp32> 
esp32> 
esp32> 
esp32> settings set wifi/ssid "***JONS_ORANGE_PI_WIFI_SSID***"
Setting wifi/ssid saved
esp32> 
esp32> 
esp32> 
esp32> 
esp32> 
esp32> settings set wifi/psk "***JONS_ORANGE_PI_WIFI_PSK***"
Setting wifi/psk saved
es::add-mask::generated-RnMRzXxCzhvNtaTW
p32> 
esp32> 
esp32> 
esp32> 
esp32> 
esp32> settings set golioth/psk-id "generated-RnMRzXxCzhvNtaTW@firmware_ci"
Setting golioth/psk-id saved
esp32> 
esp32> 
esp32> 
esp32> 
esp32> 
esp32> settings set golioth/psk "generated-RnMRzXxCzhvNtaTW"
Setting golioth/psk saved
esp32> 
esp32> [0;32mI (8940) pp: pp rom version: 9387209[0m
[0;32mI (8940) net80211: net80211 rom version: 9387209[0m
[0;32mI (8960) wifi_init: rx ba win: 6[0m
[0;32mI (8960) wifi_init: accept mbox: 6[0m
[0;32mI (8960) wifi_init: tcpip mbox: 32[0m
[0;32mI (8960) wifi_init: udp mbox: 6[0m
[0;32mI (8970) wifi_init: tcp mbox: 6[0m
[0;32mI (8970) wifi_init: tcp tx win: 5760[0m
[0;32mI (8980) wifi_init: tcp rx win: 5760[0m
[0;32mI (8980) wifi_init: tcp mss: 1440[0m
[0;32mI (8980) wifi_init: WiFi IRAM OP enabled[0m
[0;32mI (8990) wifi_init: WiFi RX IRAM OP enabled[0m
[0;32mI (8990) phy_init: phy_version 1180,01f2a49,Jun  4 2024,16:34:25[0m
[0;33mW (9010) phy_init: failed to load RF calibration data (0x1102), falling back to full calibration[0m
[0;33mW (9040) phy_init: saving new calibration data because of checksum failure, mode(2)[0m
[0;32mI (10500) esp_netif_handlers: sta ip: 192.168.8.141, mask: 255.255.255.0, gw: 192.168.8.1[0m
[0;32mI (10500) example_wifi: WiFi Connected. Got IP:192.168.8.141[0m
[0;32mI (10510) example_wifi: Connected to AP SSID: ***JONS_ORANGE_PI_WIFI_SSID***[0m
[0;32mI (10510) golioth_mbox: Mbox created, bufsize: 2688, num_items: 20, item_size: 128[0m
[0;32mI (10530) golioth_coap_client_libcoap: Start CoAP session with host: coaps://coap.golioth.io[0m
[0;32mI (10530) golioth_coap_client_libcoap: Session PSK-ID: generated-RnMRzXxCzhvNtaTW@firmware_ci[0m
[0;32mI (10540) libcoap: Setting PSK key
[0m
[0;32mI (10550) golioth_coap_client_libcoap: Entering CoAP I/O loop[0m
[0;32mI (10930) golioth_coap_client_libcoap: Golioth CoAP client connected[0m
[0;32mI (11930) test_stream: block-idx: 0 bu_offset: 0 bytes_remaining: 3666[0m
[0;32mI (12040) test_stream: block-idx: 1 bu_offset: 1024 bytes_remaining: 2642[0m
[0;32mI (12310) test_stream: block-idx: 2 bu_offset: 2048 bytes_remaining: 1618[0m
[0;32mI (13940) test_stream: block-idx: 3 bu_offset: 3072 bytes_remaining: 594[0m
[0;33mW (16400) golioth_coap_client_libcoap: CoAP message retransmitted[0m
[0;33mW (20850) golioth_coap_client_libcoap: CoAP message retransmitted[0m
[0;31mE (24180) golioth_coap_client_libcoap: Timeout: never got a response from the server[0m
Guru Meditation Error: Core  0 panic'ed (Load access fault). Exception was unhandled.

Core  0 register dump:
MEPC    : 0x4201146a  RA      : 0x4200e7a6  SP      : 0x3fcb32a0  GP      : 0x3fc93000  
TP      : 0x3fcb33c0  T0      : 0x00000000  T1      : 0x4200e708  T2      : 0x00000000  
S0/FP   : 0x3fcba19c  S1      : 0x00000004  A0      : 0x3fcb0b14  A1      : 0x00000009  
A2      : 0x00000000  A3      : 0x3fcb32e8  A4      : 0x00000000  A5      : 0x3fca11f0  
A6      : 0x4201143e  A7      : 0x00000004  S2      : 0x3fcb3524  S3      : 0x00000000  
S4      : 0x3fcb32e0  S5      : 0x00005cee  S6      : 0x3c0b6000  S7      : 0x00000001  
S8      : 0x00000000  S9      : 0x0000003f  S10     : 0x000003e8  S11     : 0x3c0b7000  
T3      : 0x00000000  T4      : 0x00000000  T5      : 0x00000000  T6      : 0x00000000  
MSTATUS : 0x00001881  MTVEC   : 0x40380001  MCAUSE  : 0x00000005  MTVAL   : 0x00000000  
MHARTID : 0x00000000  

Stack memory:
3fcb32a0: 0x3c0b67ac 0x3c0b6000 0x3fcb0b14 0x42010a94 0x00000000 0x3fcba19c 0xa5a5a5a5 0xa5a5a5a5
3fcb32c0: 0xa5a5a5a5 0xa5a5a5a5 0x3fcb39b0 0xa5a5a5a5 0xa5a5a5a5 0x3fcb39b0 0xa5a5a536 0xa5a5a5a5
3fcb32e0: 0x00000000 0x3c0b7b00 0x636f6c62 0x70755f6b 0x64616f6c 0x00000000 0x00000000 0x00000000
3fcb3300: 0x00000000 0x00000000 0x00000000 0x00000000 0x88112349 0x254b962d 0x00000004 0x00000001
3fcb3320: 0x00000000 0x00000003 0x00000006 0x3fcba5a8 0x00000252 0x00000000 0x00000000 0x00000000
3fcb3340: 0xffffffff 0xffffffff 0x00000000 0x00000000 0x4200e708 0x3fcba19c 0x00000000 0x00000000
3fcb3360: 0x00000000 0x00000000 0x00000000 0x00000000 0x00000000 0x00000000 0x00000000 0x00000000
3fcb3380: 0x00000000 0x00000000 0x00000000 0x00000000 0x00000000 0x00000000 0x00000000 0x00000000
3fcb33a0: 0x00000000 0x00000000 0x00000000 0x00000000 0x00000000 0xa5a5a5a5 0xa5a5a5a5 0xa5a5a5a5
3fcb33c0: 0xa5a5a5a5 0x00000158 0x3fcb30a0 0x0000094b 0x3fc96818 0x3fc96818 0x3fcb33c8 0x3fc96810
3fcb33e0: 0x00000014 0x3fcb375c 0x3fcb375c 0x3fcb33c8 0x00000000 0x00000005 0x3fcb1bc4 0x70616f63
3fcb3400: 0x696c635f 0x00746e65 0x00000000 0x3fcb33c0 0x00000009 0x00000000 0x00000005 0x00000000
3fcb3420: 0x3fcb3790 0x420048da 0x0000000b 0x3fc9eb94 0x3fc9ebfc 0x3fc9ec64 0x00000000 0x00000000
3fcb3440: 0x00000001 0x00000000 0x00000000 0x00000000 0x42004078 0x00000000 0x00000000 0x00000000
3fcb3460: 0x00000000 0x00000000 0x00000000 0x00000000 0x00000000 0x00000000 0x00000000 0x00000000
3fcb3480: 0x00000000 0x00000000 0x00000000 0x00000000 0x00000000 0x00000000 0x00000000 0x00000000
3fcb34a0: 0x00000000 0x00000000 0x00000000 0x00000000 0x00000000 0x00000000 0x00000000 0x00000000
3fcb34c0: 0x00000000 0x00000000 0x00000000 0x00000000 0x00000000 0x00000000 0x00000000 0x00000000
3fcb34e0: 0x00000000 0x00000000 0x00000000 0x00000000 0x00000000 0x00000000 0x00000000 0x00000000
3fcb3500: 0x00000000 0x00000000 0x00000000 0x00000000 0x00000000 0x00000000 0x00000000 0x00000000
3fcb3520: 0x00000180 0x00000000 0x00000000 0x00000000 0x00000000 0x00002941 0x00000000 0x3fcba084
3fcb3540: 0x3fcb39b0 0x4200f0ac 0x4200ef48 0x00000000 0x00000000 0x4200f624 0x3fcb36a8 0x00000000
3fcb3560: 0x00000000 0x00000000 0x00000000 0x000003e8 0x00800100 0x00000000 0x00000000 0x3fcb0b14
3fcb3580: 0x00000008 0x00000000 0x00000000 0x00000000 0x00000000 0x00000000 0x00000000 0x3fcb3a58
3fcb35a0: 0x00000000 0x00000000 0x00000000 0x00000000 0x00000000 0x00000000 0x00000000 0x00000000
3fcb35c0: 0x00000000 0x00000000 0x00000000 0x00000000 0x00000000 0x00000000 0x00000000 0x00000000
3fcb35e0: 0x00000000 0x00000000 0x00000000 0x00000000 0x00000000 0x00000000 0x00000000 0x00000000
3fcb3600: 0x00000000 0x00000000 0x00000000 0x00000000 0x00000000 0x00000000 0x00000000 0x00000000
3fcb3620: 0x00000000 0x00000000 0x00000000 0x00000000 0x00000000 0x00000000 0x00000000 0x00000000
3fcb3640: 0x00000000 0x00000000 0x00000000 0x00000000 0x00000000 0x00000000 0x00000000 0x00000000
3fcb3660: 0x00000000 0x00000000 0x00000000 0x00000000 0x00000000 0x00000000 0x00000000 0x00000000
3fcb3680: 0x00000000 0x00000000 0x00000000 0x00000000 0x00000000 0x00000000 0x00000000 0x00000001



ELF file SHA256: ee00ee3db

Rebooting...
ESP-ROM:esp32c3-api1-20210207
Build:Feb  7 2021
rst:0xc (RTC_SW_CPU_RST),boot:0xc (SPI_FAST_FLASH_BOOT)
Saved PC:0x40048b92
SPIWP:0xee
mode:DIO, clock div:1
load:0x3fcd5820,len:0x1738
load:0x403cc710,len:0xb9c
load:0x403ce710,len:0x2ec8
entry 0x403cc71a
[0;32mI (35) boot: ESP-IDF v5.3 2nd stage bootloader[0m
[0;32mI (35) boot: compile time Jan  8 2025 15:16:13[0m
[0;32mI (35) boot: chip revision: v0.3[0m
[0;32mI (38) boot.esp32c3: SPI Speed      : 80MHz[0m
[0;32mI (43) boot.esp32c3: SPI Mode       : DIO[0m
[0;32mI (47) boot.esp32c3: SPI Flash Size : 4MB[0m
[0;32mI (52) boot: Enabling RNG early entropy source...[0m
[0;32mI (58) boot: Partition Table:[0m
[0;32mI (61) boot: ## Label            Usage          Type ST Offset   Length[0m
[0;32mI (68) boot:  0 nvs              WiFi data        01 02 00009000 00006000[0m
[0;32mI (76) boot:  1 phy_init         RF data          01 01 0000f000 00001000[0m
[0;32mI (83) boot:  2 factory          factory app      00 00 00010000 00100000[0m
[0;32mI (91) boot: End of partition table[0m
[0;32mI (95) esp_image: segment 0: paddr=00010020 vaddr=3c0b0020 size=2bf2ch (180012) map[0m
[0;32mI (132) esp_image: segment 1: paddr=0003bf54 vaddr=3fc92800 size=03e10h ( 15888) load[0m
[0;32mI (135) esp_image: segment 2: paddr=0003fd6c vaddr=40380000 size=002ach (   684) load[0m
[0;32mI (137) esp_image: segment 3: paddr=00040020 vaddr=42000020 size=a9c28h (695336) map[0m
[0;32mI (254) esp_image: segment 4: paddr=000e9c50 vaddr=403802ac size=124a4h ( 74916) load[0m
[0;32mI (275) boot: Loaded app from partition at offset 0x10000[0m
[0;32mI (275) boot: Disabling RNG early entropy source...[0m
[0;32mI (287) cpu_start: Unicore app[0m
[0;32mI (295) cpu_start: Pro cpu start user code[0m
[0;32mI (295) cpu_start: cpu freq: 160000000 Hz[0m
[0;32mI (295) app_init: Application information:[0m
[0;32mI (298) app_init: Project name:     test[0m
[0;32mI (303) app_init: App version:      592c035-dirty[0m
[0;32mI (308) app_init: Compile time:     Jan  8 2025 15:16:18[0m
[0;32mI (314) app_init: ELF file SHA256:  ee00ee3db...[0m
[0;32mI (319) app_init: ESP-IDF:          v5.3[0m
[0;32mI (324) efuse_init: Min chip rev:     v0.3[0m
[0;32mI (329) efuse_init: Max chip rev:     v1.99 [0m
[0;32mI (334) efuse_init: Chip rev:         v0.3[0m
[0;32mI (339) heap_init: Initializing. RAM available for dynamic allocation:[0m
[0;32mI (346) heap_init: At 3FC9E390 len 00021C70 (135 KiB): RAM[0m
[0;32mI (352) heap_init: At 3FCC0000 len 0001C710 (113 KiB): Retention RAM[0m
[0;32mI (359) heap_init: At 3FCDC710 len 00002950 (10 KiB): Retention RAM[0m
[0;32mI (366) heap_init: At 50000200 len 00001DE8 (7 KiB): RTCRAM[0m
[0;32mI (373) spi_flash: detected chip: generic[0m
[0;32mI (377) spi_flash: flash io: dio[0m
[0;32mI (381) sleep: Configure to isolate all GPIO pins in sleep state[0m
[0;32mI (387) sleep: Enable automatic switching of GPIO sleep configuration[0m
[0;32mI (395) main_task: Started on CPU0[0m
[0;32mI (415) main_task: Calling app_main()[0m
[5n
Type 'help' to get the list of commands.
Use UP/DOWN arrows to navigate through command history.
Press TAB when typing command name to auto-complete.

Your terminal application does not support escape sequences.

Line editing and history features are disabled.

On Windows, try using Putty instead.
esp32> [0;32mI (925) pp: pp rom version: 9387209[0m
[0;32mI (945) net80211: net80211 rom version: 9387209[0m
[0;32mI (965) wifi_init: rx ba win: 6[0m
[0;32mI (965) wifi_init: accept mbox: 6[0m
[0;32mI (965) wifi_init: tcpip mbox: 32[0m
[0;32mI (965) wifi_init: udp mbox: 6[0m
[0;32mI (975) wifi_init: tcp mbox: 6[0m
[0;32mI (975) wifi_init: tcp tx win: 5760[0m
[0;32mI (975) wifi_init: tcp rx win: 5760[0m
[0;32mI (985) wifi_init: tcp mss: 1440[0m
[0;32mI (985) wifi_init: WiFi IRAM OP enabled[0m
[0;32mI (995) wifi_init: WiFi RX IRAM OP enabled[0m
[0;32mI (995) phy_init: phy_version 1180,01f2a49,Jun  4 2024,16:34:25[0m
[0;32mI (2415) esp_netif_handlers: sta ip: 192.168.8.141, mask: 255.255.255.0, gw: 192.168.8.1[0m
[0;32mI (2415) example_wifi: WiFi Connected. Got IP:192.168.8.141[0m
[0;32mI (2425) example_wifi: Connected to AP SSID: ***JONS_ORANGE_PI_WIFI_SSID***[0m
[0;32mI (2425) golioth_mbox: Mbox created, bufsize: 2688, num_items: 20, item_size: 128[0m
[0;32mI (2445) golioth_coap_client_libcoap: Start CoAP session with host: coaps://coap.golioth.io[0m
[0;32mI (2445) golioth_coap_client_libcoap: Session PSK-ID: generated-RnMRzXxCzhvNtaTW@firmware_ci[0m
[0;32mI (2465) libcoap: Setting PSK key
[0m
[0;32mI (2465) golioth_coap_client_libcoap: Entering CoAP I/O loop[0m
[0;32mI (4515) golioth_coap_client_libcoap: Golioth CoAP client connected[0m
[0;32mI (5515) test_stream: block-idx: 0 bu_offset: 0 bytes_remaining: 3666[0m
[0;32mI (5945) test_stream: block-idx: 1 bu_offset: 1024 bytes_remaining: 2642[0m
