[0;32mI (26502) test_ota: Manifest received[0m
[0;32mI (26502) test_ota: Manifest successfully decoded[0m
[0;32mI (26502) test_ota: Manifest doesn't have main or walrus components, skipping this one.[0m
[0;32mI (26572) test_ota: Manifest received[0m
[0;32mI (26572) test_ota: Manifest successfully decoded[0m
Guru Meditation Error: Core  0 panic'ed (Load access fault). Exception was unhandled.

Core  0 register dump:
MEPC    : 0x403890fa  RA      : 0x40387164  SP      : 0x3fca0630  GP      : 0x3fc93000  
TP      : 0x3fca0940  T0      : 0x00000000  T1      : 0x3fc9d000  T2      : 0x00000000  
S0/FP   : 0x3fcba204  S1      : 0x00000001  A0      : 0x3fcba214  A1      : 0x00000001  
A2      : 0x3fc9d000  A3      : 0x00000004  A4      : 0x00000001  A5      : 0x67736d63  
A6      : 0x00000000  A7      : 0x00000014  S2      : 0x00000000  S3      : 0xffffffff  
S4      : 0x3fcba228  S5      : 0x3fca07f4  S6      : 0x00000001  S7      : 0xfffffffc  
S8      : 0x3c0b3000  S9      : 0x00000002  S10     : 0x3c0b6000  S11     : 0x3c0b6000  
T3      : 0x3fc9d000  T4      : 0x00000001  T5      : 0x3fc9d000  T6      : 0x00000001  
MSTATUS : 0x00001881  MTVEC   : 0x40380001  MCAUSE  : 0x00000005  MTVAL   : 0x67736d6f  
MHARTID : 0x00000000  

Stack memory:
3fca0630: 0x00000003 0x00000004 0x3fc9d9d0 0x000003e8 0x0000000c 0x00000000 0x00000000 0x0000078f
3fca0650: 0x00001800 0x00000004 0x00002710 0x00000001 0x00000001 0x00000003 0x3fcb93b4 0x4200f280
3fca0670: 0x00000001 0x3fca07f4 0x3fcb0274 0x420129a4 0x00000001 0x00000001 0x3fcb07c0 0x0000000a
3fca0690: 0x00000001 0x3fca07f4 0x3fcb0274 0x3fca07bc 0x00000001 0x00002710 0x3fca06f0 0x4200f770
3fca06b0: 0x00000000 0x00000000 0x00000000 0x00000000 0xffffffff 0xffffffff 0x00000002 0x3fca07c4
3fca06d0: 0x3c0b8948 0x3fcb0274 0x3fca0808 0x4200fb68 0x00001800 0x00000000 0x3c0b5ce8 0x3fcb9a14
3fca06f0: 0x00000000 0x3c0b8948 0x6e69616d 0x322e3140 0x0000332e 0x00000000 0x00000000 0x00000000
3fca0710: 0x00000000 0x00000000 0x00000000 0x00000000 0xbb77ef14 0xaa54a851 0x00000002 0x00000000
3fca0730: 0x00000000 0x00000400 0x00000000 0x00000000 0x00000000 0x00000000 0x00000000 0x00000000
3fca0750: 0x00000000 0x00000000 0x00000000 0x3fca06bc 0x4200f57c 0x3fcba2c4 0x3fcb93b4 0x3fcba264
3fca0770: 0xaa54a851 0x00000000 0x3fcb0760 0x3c0b63fc 0x3c0b3768 0x3fc965dc 0x3fca0878 0x3fca0874
3fca0790: 0x0000000a 0x00000000 0x3fcb0274 0x4200fd8e 0x3fca07bc 0xffff0208 0xbb77ef14 0xaa54a851
3fca07b0: 0x3c0b3768 0x3fc965dc 0x3fca0878 0x4201237e 0x3fca07fc 0x00000000 0x00000000 0x00000400
3fca07d0: 0x0000000a 0x00000000 0x3fcb0274 0x4201279a 0x3fca07fc 0x00000001 0x0000000a 0x3fc9d000
3fca07f0: 0x3c0b5ce8 0xbb77ef14 0xaa54a851 0x3fc965dc 0x3fca0878 0x3fca0874 0x6e69616d 0x322e3140
3fca0810: 0x0000332e 0x00000000 0x00000000 0x00000000 0x00000000 0x00000000 0x00000000 0x3f000000
3fca0830: 0x00000000 0x00000000 0x00004b96 0x3c0b6000 0x3fc96000 0x00000000 0x00004b96 0x00000000
3fca0850: 0x00000000 0x3fc9d000 0x3c0b6000 0x4200bb3c 0x00000000 0x00000000 0x00000000 0x00004d1e
3fca0870: 0x00000080 0x00000000 0x3fcaf8cc 0x42025976 0x3fca41fc 0x00000000 0x00000000 0x00000000
3fca0890: 0x00000000 0x00000000 0x00000000 0x00000000 0x00000000 0x00000000 0x00000000 0x00000000
3fca08b0: 0x00000000 0x3fc9649c 0x3fc9641c 0x42009b8c 0x3fca1c38 0x3fca0904 0x00000001 0x00000000
3fca08d0: 0x3fc9649c 0x00000026 0x3fc9641c 0x0000001a 0x00000000 0x00000000 0x00000000 0x00000000
3fca08f0: 0x3c0b3688 0x00000000 0x3c0b3000 0x420aab5c 0x00000000 0x00001388 0x00000001 0x00000000
3fca0910: 0x00000000 0x00000000 0x00000000 0x00000000 0x00000000 0x00000000 0x00000000 0x00000000
3fca0930: 0x00000000 0xa5a5a5a5 0xa5a5a5a5 0xa5a5a5a5 0xa5a5a5a5 0xa5a5a5a5 0x00000158 0x3fca05a0
3fca0950: 0x00000b77 0x3fc95978 0x3fc95978 0x3fca094c 0x3fc95970 0x00000018 0x3fcba230 0x3fcba230
3fca0970: 0x3fca094c 0x00000000 0x00000001 0x3fc9f948 0x6e69616d 0x00000000 0x00000000 0x00000000
3fca0990: 0x3fca0940 0x00000002 0x00000000 0x00000001 0x00000000 0x3fca73c8 0x420048da 0x0000000b
3fca09b0: 0x3fc9e1d4 0x3fc9e23c 0x3fc9e2a4 0x00000000 0x00000000 0x00000001 0x00000000 0x00000000
3fca09d0: 0x00000000 0x42004078 0x00000000 0x00000000 0x00000000 0x00000000 0x00000000 0x00000000
3fca09f0: 0x00000000 0x00000000 0x00000000 0x00000000 0x00000000 0x00000000 0x00000000 0x00000000
3fca0a10: 0x00000000 0x00000000 0x00000000 0x00000000 0x00000000 0x00000000 0x00000000 0x00000000



ELF file SHA256: e31ddcd5f

Rebooting...
ESP-ROM:esp32c3-api1-20210207
Build:Feb  7 2021
rst:0xc (RTC_SW_CPU_RST),boot:0xc (SPI_FAST_FLASH_BOOT)
Saved PC:0x40380794
SPIWP:0xee
mode:DIO, clock div:1
load:0x3fcd5820,len:0x1738
load:0x403cc710,len:0xb9c
load:0x403ce710,len:0x2ec8
entry 0x403cc71a
[0;32mI (35) boot: ESP-IDF v5.3 2nd stage bootloader[0m
[0;32mI (35) boot: compile time Jan  8 2025 15:16:13[0m
[0;32mI (35) boot: chip revision: v0.3[0m
[0;32mI (38) boot.esp32c3: SPI Speed      : 80MHz[0m
[0;32mI (43) boot.esp32c3: SPI Mode       : DIO[0m
[0;32mI (47) boot.esp32c3: SPI Flash Size : 4MB[0m
[0;32mI (52) boot: Enabling RNG early entropy source...[0m
[0;32mI (58) boot: Partition Table:[0m
[0;32mI (61) boot: ## Label            Usage          Type ST Offset   Length[0m
[0;32mI (68) boot:  0 nvs              WiFi data        01 02 00009000 00006000[0m
[0;32mI (76) boot:  1 phy_init         RF data          01 01 0000f000 00001000[0m
[0;32mI (83) boot:  2 factory          factory app      00 00 00010000 00100000[0m
[0;32mI (91) boot: End of partition table[0m
[0;32mI (95) esp_image: segment 0: paddr=00010020 vaddr=3c0b0020 size=2cec4h (184004) map[0m
[0;32mI (132) esp_image: segment 1: paddr=0003ceec vaddr=3fc92800 size=02fb8h ( 12216) load[0m
[0;32mI (135) esp_image: segment 2: paddr=0003feac vaddr=40380000 size=0016ch (   364) load[0m
[0;32mI (138) esp_image: segment 3: paddr=00040020 vaddr=42000020 size=ab99ch (702876) map[0m
[0;32mI (256) esp_image: segment 4: paddr=000eb9c4 vaddr=4038016c size=125d4h ( 75220) load[0m
[0;32mI (276) boot: Loaded app from partition at offset 0x10000[0m
[0;32mI (277) boot: Disabling RNG early entropy source...[0m
[0;32mI (288) cpu_start: Unicore app[0m
[0;32mI (297) cpu_start: Pro cpu start user code[0m
[0;32mI (297) cpu_start: cpu freq: 160000000 Hz[0m
[0;32mI (297) app_init: Application information:[0m
[0;32mI (300) app_init: Project name:     test[0m
[0;32mI (304) app_init: App version:      592c035-dirty[0m
[0;32mI (310) app_init: Compile time:     Jan  8 2025 15:16:18[0m
[0;32mI (316) app_init: ELF file SHA256:  e31ddcd5f...[0m
[0;32mI (321) app_init: ESP-IDF:          v5.3[0m
[0;32mI (326) efuse_init: Min chip rev:     v0.3[0m
[0;32mI (330) efuse_init: Max chip rev:     v1.99 [0m
[0;32mI (335) efuse_init: Chip rev:         v0.3[0m
[0;32mI (340) heap_init: Initializing. RAM available for dynamic allocation:[0m
[0;32mI (347) heap_init: At 3FC9D9D0 len 00022630 (137 KiB): RAM[0m
[0;32mI (353) heap_init: At 3FCC0000 len 0001C710 (113 KiB): Retention RAM[0m
[0;32mI (360) heap_init: At 3FCDC710 len 00002950 (10 KiB): Retention RAM[0m
[0;32mI (367) heap_init: At 50000200 len 00001DE8 (7 KiB): RTCRAM[0m
[0;32mI (375) spi_flash: detected chip: generic[0m
[0;32mI (378) spi_flash: flash io: dio[0m
[0;32mI (383) sleep: Configure to isolate all GPIO pins in sleep state[0m
[0;32mI (389) sleep: Enable automatic switching of GPIO sleep configuration[0m
[0;32mI (396) main_task: Started on CPU0[0m
[0;32mI (416) main_task: Calling app_main()[0m
[5n
Type 'help' to get the list of commands.
Use UP/DOWN arrows to navigate through command history.
Press TAB when typing command name to auto-complete.

Your terminal application does not support escape sequences.

Line editing and history features are disabled.

On Windows, try using Putty instead.
esp32> [0;32mI (926) pp: pp rom version: 9387209[0m
[0;32mI (946) net80211: net80211 rom version: 9387209[0m
[0;32mI (966) wifi_init: rx ba win: 6[0m
[0;32mI (966) wifi_init: accept mbox: 6[0m
[0;32mI (966) wifi_init: tcpip mbox: 32[0m
[0;32mI (966) wifi_init: udp mbox: 6[0m
[0;32mI (976) wifi_init: tcp mbox: 6[0m
[0;32mI (976) wifi_init: tcp tx win: 5760[0m
[0;32mI (976) wifi_init: tcp rx win: 5760[0m
[0;32mI (986) wifi_init: tcp mss: 1440[0m
[0;32mI (986) wifi_init: WiFi IRAM OP enabled[0m
[0;32mI (996) wifi_init: WiFi RX IRAM OP enabled[0m
[0;32mI (996) phy_init: phy_version 1180,01f2a49,Jun  4 2024,16:34:25[0m
[0;32mI (2416) esp_netif_handlers: sta ip: 192.168.8.141, mask: 255.255.255.0, gw: 192.168.8.1[0m
[0;32mI (2416) example_wifi: WiFi Connected. Got IP:192.168.8.141[0m
[0;32mI (2426) example_wifi: Connected to AP SSID: ***JONS_ORANGE_PI_WIFI_SSID***[0m
[0;32mI (2426) golioth_mbox: Mbox created, bufsize: 2688, num_items: 20, item_size: 128[0m
[0;32mI (2456) golioth_coap_client_libcoap: Start CoAP session with host: coaps://coap.golioth.io[0m
[0;32mI (2456) golioth_coap_client_libcoap: Session PSK-ID: generated-huDxYuZUtslKfxrp@firmware_ci[0m
[0;32mI (2466) libcoap: Setting PSK key
[0m
[0;32mI (2476) golioth_coap_client_libcoap: Entering CoAP I/O loop[0m
[0;32mI (2926) golioth_coap_client_libcoap: Golioth CoAP client connected[0m
[0;32mI (3026) test_ota: Manifest received[0m
[0;32mI (3026) test_ota: Manifest successfully decoded[0m
[0;32mI (3026) test_ota: Manifest received[0m
[0;32mI (3036) test_ota: Manifest successfully decoded[0m
[0;32mI (3126) test_ota: Start resumable blockwise download test[0m
[0;32mI (3126) test_ota: Starting block download from 0[0m
[0;33mW (3846) golioth_coap_client_libcoap: Ignoring request that has aged out, type 2, path /.u/c/walrus@0.4.2[0m
