esptool.py v4.8.1
Serial port /dev/serial/by-id/usb-Silicon_Labs_CP2102N_USB_to_UART_Bridge_Controller_ca317d585c76eb11ba0a87abb7be2ba5-if00-port0
Connecting....
Detecting chip type... ESP32-C3
Chip is ESP32-C3 (QFN32) (revision v0.3)
Features: WiFi, BLE, Embedded Flash 4MB (XMC)
Crystal is 40MHz
MAC: 84:f7:03:09:96:10
Uploading stub...
Running stub...
Stub running...
Changing baud rate to 460800
Changed.
Configuring flash size...
Erasing flash (this may take a while)...
Chip erase completed successfully in 20.3s
Compressed 1038848 bytes to 610317...
Writing at 0x00000000... (2 %)
Writing at 0x00012158... (5 %)
Writing at 0x0001f353... (7 %)
Writing at 0x0002bb0a... (10 %)
Writing at 0x00031fe3... (13 %)
Writing at 0x000370f9... (15 %)
Writing at 0x00040fa8... (18 %)
Writing at 0x00046fb8... (21 %)
Writing at 0x0004d829... (23 %)
Writing at 0x00053895... (26 %)
Writing at 0x00059396... (28 %)
Writing at 0x0005f1f2... (31 %)
Writing at 0x00065cd2... (34 %)
Writing at 0x0006b90e... (36 %)
Writing at 0x0007198e... (39 %)
Writing at 0x00077a63... (42 %)
Writing at 0x0007d998... (44 %)
Writing at 0x000834ce... (47 %)
Writing at 0x00088b05... (50 %)
Writing at 0x0008ebb2... (52 %)
Writing at 0x00094d86... (55 %)
Writing at 0x0009a7fe... (57 %)
Writing at 0x000a00ae... (60 %)
Writing at 0x000a5e7e... (63 %)
Writing at 0x000ac5fe... (65 %)
Writing at 0x000b2789... (68 %)
Writing at 0x000b86c2... (71 %)
Writing at 0x000be9f0... (73 %)
Writing at 0x000c4392... (76 %)
Writing at 0x000c9c1d... (78 %)
Writing at 0x000cfbc7... (81 %)
Writing at 0x000d5b25... (84 %)
Writing at 0x000dc52e... (86 %)
Writing at 0x000e38b9... (89 %)
Writing at 0x000e9d7c... (92 %)
Writing at 0x000efbaa... (94 %)
Writing at 0x000f5ff0... (97 %)
Writing at 0x000fbf98... (100 %)
Wrote 1038848 bytes (610317 compressed) at 0x00000000 in 19.7 seconds (effective 420.9 kbit/s)...
Hash of data verified.

Leaving...
Hard resetting via RTS pin...
Build:Feb  7 2021
rst:0x1 (POWERON),boot:0xc (SPI_FAST_FLASH_BOOT)
SPIWP:0xee
mode:DIO, clock div:1
load:0x3fcd5820,len:0x1738
load:0x403cc710,len:0xb9c
load:0x403ce710,len:0x2e4c
entry 0x403cc71a
[0;32mI (30) boot: ESP-IDF v5.3 2nd stage bootloader[0m
[0;32mI (30) boot: compile time Jan  8 2025 15:18:35[0m
[0;32mI (30) boot: chip revision: v0.3[0m
[0;32mI (33) boot.esp32c3: SPI Speed      : 80MHz[0m
[0;32mI (38) boot.esp32c3: SPI Mode       : DIO[0m
[0;32mI (43) boot.esp32c3: SPI Flash Size : 2MB[0m
[0;32mI (47) boot: Enabling RNG early entropy source...[0m
[0;32mI (53) boot: Partition Table:[0m
[0;32mI (56) boot: ## Label            Usage          Type ST Offset   Length[0m
[0;32mI (64) boot:  0 nvs              WiFi data        01 02 00009000 00006000[0m
[0;32mI (71) boot:  1 phy_init         RF data          01 01 0000f000 00001000[0m
[0;32mI (78) boot:  2 factory          factory app      00 00 00010000 00100000[0m
[0;32mI (86) boot: End of partition table[0m
[0;32mI (90) esp_image: segment 0: paddr=00010020 vaddr=3c0b0020 size=2ce74h (183924) map[0m
[0;32mI (127) esp_image: segment 1: paddr=0003ce9c vaddr=3fc92800 size=02fc8h ( 12232) load[0m
[0;32mI (130) esp_image: segment 2: paddr=0003fe6c vaddr=40380000 size=001ach (   428) load[0m
[0;32mI (133) esp_image: segment 3: paddr=00040020 vaddr=42000020 size=ab414h (701460) map[0m
[0;32mI (251) esp_image: segment 4: paddr=000eb43c vaddr=403801ac size=12594h ( 75156) load[0m
[0;32mI (271) boot: Loaded app from partition at offset 0x10000[0m
[0;32mI (271) boot: Disabling RNG early entropy source...[0m
[0;32mI (283) cpu_start: Unicore app[0m
[0;32mI (292) cpu_start: Pro cpu start user code[0m
[0;32mI (292) cpu_start: cpu freq: 160000000 Hz[0m
[0;32mI (292) app_init: Application information:[0m
[0;32mI (295) app_init: Project name:     set[0m
[0;32mI (299) app_init: App version:      592c035-dirty[0m
[0;32mI (305) app_init: Compile time:     Jan  8 2025 15:18:30[0m
[0;32mI (311) app_init: ELF file SHA256:  5088e6402...[0m
[0;32mI (316) app_init: ESP-IDF:          v5.3[0m
[0;32mI (320) efuse_init: Min chip rev:     v0.3[0m
[0;32mI (325) efuse_init: Max chip rev:     v1.99 [0m
[0;32mI (330) efuse_init: Chip rev:         v0.3[0m
[0;32mI (335) heap_init: Initializing. RAM available for dynamic allocation:[0m
[0;32mI (342) heap_init: At 3FC9D5F0 len 00022A10 (138 KiB): RAM[0m
[0;32mI (348) heap_init: At 3FCC0000 len 0001C710 (113 KiB): Retention RAM[0m
[0;32mI (355) heap_init: At 3FCDC710 len 00002950 (10 KiB): Retention RAM[0m
[0;32mI (362) heap_init: At 50000200 len 00001DE8 (7 KiB): RTCRAM[0m
[0;32mI (369) spi_flash: detected chip: generic[0m
[0;32mI (373) spi_flash: flash io: dio[0m
[0;33mW (377) spi_flash: Detected size(4096k) larger than the size in the binary image header(2048k). Using the size in the binary image header.[0m
[0;32mI (391) sleep: Configure to isolate all GPIO pins in sleep state[0m
[0;32mI (397) sleep: Enable automatic switching of GPIO sleep configuration[0m
[0;32mI (404) main_task: Started on CPU0[0m
[0;32mI (414) main_task: Calling app_main()[0m
[0;32mI (414) lightdb: Start LightDB set sample[0m
[5n
Type 'help' to get the list of commands.
Use UP/DOWN arrows to navigate through command history.
Press TAB when typing command name to auto-complete.

Your terminal application does not support escape sequences.

Line editing and history features are disabled.

On Windows, try using Putty instead.
esp32> [0;33mW (924) lightdb: WiFi and Golioth credentials are not set. Use the shell settings commands to set them.[0m

esp32> 
esp32> 
esp32> 
esp32> settings set wifi/ssid "***JONS_ORANGE_PI_WIFI_SSID***"
Setting wifi/ssid saved
esp32> 
esp32> 
esp32> 
esp32> 
esp32> 
esp32> settings set wifi/psk "***JONS_ORANGE_PI_WIFI_PSK***"
Setting wifi/psk saved
es::add-mask::generated-FsvBhMtNYuvOJulU
p32> 
esp32> 
esp32> 
esp32> 
esp32> 
esp32> settings set golioth/psk-id "generated-FsvBhMtNYuvOJulU@firmware_ci"
Setting golioth/psk-id saved
esp32> 
esp32> 
esp32> 
esp32> 
esp32> 
esp32> settings set golioth/psk "generated-FsvBhMtNYuvOJulU"
Setting golioth/psk saved
esp32> 
esp32> [0;32mI (10944) pp: pp rom version: 9387209[0m
[0;32mI (10944) net80211: net80211 rom version: 9387209[0m
[0;32mI (10964) wifi_init: rx ba win: 6[0m
[0;32mI (10964) wifi_init: accept mbox: 6[0m
[0;32mI (10964) wifi_init: tcpip mbox: 32[0m
[0;32mI (10964) wifi_init: udp mbox: 6[0m
[0;32mI (10974) wifi_init: tcp mbox: 6[0m
[0;32mI (10974) wifi_init: tcp tx win: 5760[0m
[0;32mI (10984) wifi_init: tcp rx win: 5760[0m
[0;32mI (10984) wifi_init: tcp mss: 1440[0m
[0;32mI (10984) wifi_init: WiFi IRAM OP enabled[0m
[0;32mI (10994) wifi_init: WiFi RX IRAM OP enabled[0m
[0;32mI (10994) phy_init: phy_version 1180,01f2a49,Jun  4 2024,16:34:25[0m
[0;33mW (11014) phy_init: failed to load RF calibration data (0x1102), falling back to full calibration[0m
[0;33mW (11054) phy_init: saving new calibration data because of checksum failure, mode(2)[0m
[0;32mI (12424) esp_netif_handlers: sta ip: 192.168.8.141, mask: 255.255.255.0, gw: 192.168.8.1[0m
[0;32mI (12424) example_wifi: WiFi Connected. Got IP:192.168.8.141[0m
[0;32mI (12434) example_wifi: Connected to AP SSID: ***JONS_ORANGE_PI_WIFI_SSID***[0m
[0;32mI (12434) golioth_mbox: Mbox created, bufsize: 2688, num_items: 20, item_size: 128[0m
[0;33mW (12444) lightdb: Waiting for connection to Golioth...[0m
[0;32mI (12454) golioth_coap_client_libcoap: Start CoAP session with host: coaps://coap.golioth.io[0m
[0;32mI (12454) golioth_coap_client_libcoap: Session PSK-ID: generated-FsvBhMtNYuvOJulU@firmware_ci[0m
[0;32mI (12474) libcoap: Setting PSK key
[0m
[0;32mI (12474) golioth_coap_client_libcoap: Entering CoAP I/O loop[0m
[0;32mI (12944) golioth_coap_client_libcoap: Golioth CoAP client connected[0m
[0;32mI (12944) lightdb: Golioth client connected[0m
[0;32mI (12944) lightdb: Setting counter to 0[0m
[0;32mI (12954) lightdb: Before request (async)[0m
[0;32mI (12964) lightdb: After request (async)[0m
[0;32mI (14254) lightdb: Counter successfully set[0m
[0;32mI (17964) lightdb: Setting counter to 1[0m
[0;32mI (17964) lightdb: Before request (sync)[0m
[0;32mI (18344) lightdb: Counter successfully set[0m
[0;32mI (18354) lightdb: After request (sync)[0m
[0;32mI (23354) lightdb: Setting counter to 2[0m
[0;32mI (23354) lightdb: Before request (json async)[0m
[0;32mI (23354) lightdb: After request (json async)[0m
[0;32mI (23874) lightdb: Counter successfully set[0m
[0;32mI (28354) lightdb: Setting counter to 3[0m
[0;32mI (28354) lightdb: Before request (cbor sync)[0m
[0;32mI (28994) lightdb: Counter successfully set[0m
[0;32mI