Warning: Deprecated: Command 'write_flash' is deprecated. Use 'write-flash' instead.
esptool v5.1.0
Serial port /dev/serial/by-id/usb-Silicon_Labs_CP2102N_USB_to_UART_Bridge_Controller_90568bbbd827ee11b31a14d8f49e3369-if00-port0:
Connecting.....
Detecting chip type... ESP32
Connected to ESP32 on /dev/serial/by-id/usb-Silicon_Labs_CP2102N_USB_to_UART_Bridge_Controller_90568bbbd827ee11b31a14d8f49e3369-if00-port0:
Chip type:          ESP32-D0WD-V3 (revision v3.1)
Features:           Wi-Fi, BT, Dual Core + LP Core, 240MHz, Vref calibration in eFuse, Coding Scheme None
Crystal frequency:  40MHz
MAC:                a0:a3:b3:8b:38:c0

Uploading stub flasher...
Running stub flasher...
Stub flasher running.
Changing baud rate to 460800...
Changed.

Configuring flash size...
Erasing flash memory (this may take a while)...
Flash memory erased successfully in 2.2 seconds.
Compressed 968192 bytes to 608114...
Writing at 0x00000000 [                              ]   0.0% 0/608114 bytes... 
Writing at 0x000074b0 [                              ]   2.7% 16384/608114 bytes... 
Writing at 0x0001be3f [>                             ]   5.4% 32768/608114 bytes... 
Writing at 0x0002890c [=>                            ]   8.1% 49152/608114 bytes... 
Writing at 0x000315a0 [==>                           ]  10.8% 65536/608114 bytes... 
Writing at 0x0003b382 [===>                          ]  13.5% 81920/608114 bytes... 
Writing at 0x00040b1e [===>                          ]  16.2% 98304/608114 bytes... 
Writing at 0x00046422 [====>                         ]  18.9% 114688/608114 bytes... 
Writing at 0x0004bb41 [=====>                        ]  21.6% 131072/608114 bytes... 
Writing at 0x00050fe7 [======>                       ]  24.2% 147456/608114 bytes... 
Writing at 0x00056118 [=======>                      ]  26.9% 163840/608114 bytes... 
Writing at 0x0005b56c [=======>                      ]  29.6% 180224/608114 bytes... 
Writing at 0x00060b42 [========>                     ]  32.3% 196608/608114 bytes... 
Writing at 0x00065ba0 [=========>                    ]  35.0% 212992/608114 bytes... 
Writing at 0x0006aef8 [==========>                   ]  37.7% 229376/608114 bytes... 
Writing at 0x00070116 [===========>                  ]  40.4% 245760/608114 bytes... 
Writing at 0x000753fc [===========>                  ]  43.1% 262144/608114 bytes... 
Writing at 0x0007a543 [============>                 ]  45.8% 278528/608114 bytes... 
Writing at 0x0007fb9d [=============>                ]  48.5% 294912/608114 bytes... 
Writing at 0x00085446 [==============>               ]  51.2% 311296/608114 bytes... 
Writing at 0x0008acca [===============>              ]  53.9% 327680/608114 bytes... 
Writing at 0x0008fe8a [===============>              ]  56.6% 344064/608114 bytes... 
Writing at 0x00095201 [================>             ]  59.3% 360448/608114 bytes... 
Writing at 0x0009a8fe [=================>            ]  62.0% 376832/608114 bytes... 
Writing at 0x000a0070 [==================>           ]  64.7% 393216/608114 bytes... 
Writing at 0x000a52ae [===================>          ]  67.4% 409600/608114 bytes... 
Writing at 0x000aaabb [====================>         ]  70.1% 425984/608114 bytes... 
Writing at 0x000b033c [====================>         ]  72.7% 442368/608114 bytes... 
Writing at 0x000b53de [=====================>        ]  75.4% 458752/608114 bytes... 
Writing at 0x000bab8e [======================>       ]  78.1% 475136/608114 bytes... 
Writing at 0x000c01d8 [=======================>      ]  80.8% 491520/608114 bytes... 
Writing at 0x000c79f5 [========================>     ]  83.5% 507904/608114 bytes... 
Writing at 0x000ce552 [========================>     ]  86.2% 524288/608114 bytes... 
Writing at 0x000d5abe [=========================>    ]  88.9% 540672/608114 bytes... 
Writing at 0x000db272 [==========================>   ]  91.6% 557056/608114 bytes... 
Writing at 0x000e0a95 [===========================>  ]  94.3% 573440/608114 bytes... 
Writing at 0x000e65d2 [============================> ]  97.0% 589824/608114 bytes... 
Writing at 0x000eb913 [============================> ]  99.7% 606208/608114 bytes... 
Writing at 0x000ec600 [==============================] 100.0% 608114/608114 bytes... 
Wrote 968192 bytes (608114 compressed) at 0x00000000 in 17.9 seconds (432.7 kbit/s).
Hash of data verified.

Hard resetting via RTS pin...
0x00,d_drv:0x00,cs0_drv:0x00,hd_drv:0x00,wp_drv:0x00
mode:DIO, clock div:2
load:0x3fff0030,len:6276
load:0x40078000,len:15828
load:0x40080400,len:4
ho 8 tail 4 room 4
load:0x40080404,len:3860
entry 0x4008063c
I (31) boot: ESP-IDF v5.4.1 2nd stage bootloader
I (31) boot: compile time Oct 17 2025 15:43:17
I (31) boot: Multicore bootloader
I (32) boot: chip revision: v3.1
I (35) boot.esp32: SPI Speed      : 40MHz
I (39) boot.esp32: SPI Mode       : DIO
I (43) boot.esp32: SPI Flash Size : 4MB
I (46) boot: Enabling RNG early entropy source...
I (51) boot: Partition Table:
I (53) boot: ## Label            Usage          Type ST Offset   Length
I (60) boot:  0 nvs              WiFi data        01 02 00009000 00006000
I (66) boot:  1 phy_init         RF data          01 01 0000f000 00001000
I (73) boot:  2 factory          factory app      00 00 00010000 00100000
I (79) boot: End of partition table
I (82) esp_image: segment 0: paddr=00010020 vaddr=3f400020 size=23af0h (146160) map
I (140) esp_image: segment 1: paddr=00033b18 vaddr=3ff80000 size=0001ch (    28) load
I (140) esp_image: segment 2: paddr=00033b3c vaddr=3ffb0000 size=04f38h ( 20280) load
I (151) esp_image: segment 3: paddr=00038a7c vaddr=40080000 size=0759ch ( 30108) load
I (163) esp_image: segment 4: paddr=00040020 vaddr=400d0020 size=9cbb0h (641968) map
I (383) esp_image: segment 5: paddr=000dcbd8 vaddr=4008759c size=0f9f8h ( 63992) load
I (419) boot: Loaded app from partition at offset 0x10000
I (419) boot: Disabling RNG early entropy source...
I (429) cpu_start: Multicore app
I (438) cpu_start: Pro cpu start user code
I (438) cpu_start: cpu freq: 160000000 Hz
I (438) app_init: Application information:
I (438) app_init: Project name:     test
I (442) app_init: App version:      c27c9b9-dirty
I (446) app_init: Compile time:     Oct 17 2025 15:43:10
I (451) app_init: ELF file SHA256:  72c5d96a6...
I (455) app_init: ESP-IDF:          v5.4.1
I (459) efuse_init: Min chip rev:     v0.0
I (463) efuse_init: Max chip rev:     v3.99 
I (467) efuse_init: Chip rev:         v3.1
I (471) heap_init: Initializing. RAM available for dynamic allocation:
I (477) heap_init: At 3FFAE6E0 len 00001920 (6 KiB): DRAM
I (482) heap_init: At 3FFBC8E0 len 00023720 (141 KiB): DRAM
I (487) heap_init: At 3FFE0440 len 00003AE0 (14 KiB): D/IRAM
I (493) heap_init: At 3FFE4350 len 0001BCB0 (111 KiB): D/IRAM
I (498) heap_init: At 40096F94 len 0000906C (36 KiB): IRAM
I (505) spi_flash: detected chip: generic
I (507) spi_flash: flash io: dio
W (510) spi_flash: Detected size(8192k) larger than the size in the binary image header(4096k). Using the size in the binary image header.
I (523) main_task: Started on CPU0
I (533) main_task: Calling app_main()
[5n
Type 'help' to get the list of commands.
Use UP/DOWN arrows to navigate through command history.
Press TAB when typing command name to auto-complete.

Your terminal application does not support escape sequences.

Line editing and history features are disabled.

On Windows, try using Putty instead.
esp32> W (1043) hil_test: WiFi and Golioth credentials are not set. Use the shell settings commands to set them.

esp32> 
esp32> 
esp32> 
esp32> settings set wifi/ssid "***SAMS_ORANGE_PI_WIFI_SSID***"
Setting wifi/ssid saved
esp32> 
esp32> 
esp32> 
esp32> 
esp32> 
esp32> settings set wifi/psk "***SAMS_ORANGE_PI_WIFI_PSK***"
Setting wifi/psk saved
esp32> 
esp32> ::add-mask::generated-KuxKneTwJxKAIpBz

esp32> 
esp32> 
esp32> 
esp32> settings set golioth/psk-id "generated-KuxKneTwJxKAIpBz@firmware_ci"
Setting golioth/psk-id saved
esp32> 
esp32> 
esp32> 
esp32> 
esp32> 
esp32> settings set golioth/psk "generated-KuxKneTwJxKAIpBz"
Setting golioth/psk saved
esp32> 
esp32> I (7093) wifi_init: rx ba win: 6
I (7093) wifi_init: accept mbox: 6
I (7093) wifi_init: tcpip mbox: 32
I (7093) wifi_init: udp mbox: 6
I (7093) wifi_init: tcp mbox: 6
I (7113) wifi_init: tcp tx win: 5760
I (7113) wifi_init: tcp rx win: 5760
I (7113) wifi_init: tcp mss: 1440
I (7113) wifi_init: WiFi IRAM OP enabled
I (7123) wifi_init: WiFi RX IRAM OP enabled
I (7123) phy_init: phy_version 4860,6b7a6e5,Feb  6 2025,14:47:07
W (7123) phy_init: failed to load RF calibration data (0x1102), falling back to full calibration
I (7203) phy_init: Saving new calibration data due to checksum failure or outdated calibration data, mode(2)
I (9133) esp_netif_handlers: sta ip: 192.168.0.119, mask: 255.255.255.0, gw: 192.168.0.1
I (9133) example_wifi: WiFi Connected. Got IP:192.168.0.119
I (9133) example_wifi: Connected to AP SSID: ***SAMS_ORANGE_PI_WIFI_SSID***
I (9143) golioth_mbox: Mbox created, bufsize: 2688, num_items: 20, item_size: 128
I (9173) golioth_coap_client_libcoap: Start CoAP session with host: coaps://coap.golioth.io
I (9183) golioth_coap_client_libcoap: Session PSK-ID: generated-KuxKneTwJxKAIpBz@firmware_ci
I (9193) libcoap: Setting PSK key

I (9203) golioth_coap_client_libcoap: Entering CoAP I/O loop
I (9653) golioth_coap_client_libcoap: Golioth CoAP client connected
I (10663) test_stream: block-idx: 0 bu_offset: 0 bytes_remaining: 3666
I (10743) test_stream: block-idx: 1 bu_offset: 1024 bytes_remaining: 2642
I (10843) test_stream: block-idx: 2 bu_offset: 2048 bytes_remaining: 1618
I (10953) test_stream: block-idx: 3 bu_offset: 3072 bytes_remaining: 594
I (11053) test_stream: Block upload successful!
I (11053) test_stream: block-idx: 0 bu_offset: 0 bytes_remaining: 3666
I (11183) test_stream: Multi-block callback; Block: 0, Status: 0, CoAP: 2.31
I (11193) test_stream: block-idx: 1 bu_offset: 1024 bytes_remaining: 2642
I (11313) test_stream: Multi-block callback; Block: 1, Status: 0, CoAP: 2.31
I (11323) test_stream: block-idx: 2 bu_offset: 2048 bytes_remaining: 1618
I (11453) test_stream: Multi-block callback; Block: 2, Status: 0, CoAP: 2.31
I (11463) test_stream: block-idx: 3 bu_offset: 3072 bytes_remaining: 594
I (11593) test_stream: Multi-block callback; Block: 3, Status: 0, CoAP: 2.01
I (11603) test_stream: Multi-block upload successful!
I (17603) test_stream: All stream data has been sent
