Warning: Deprecated: Command 'write_flash' is deprecated. Use 'write-flash' instead.
esptool v5.1.0
Serial port /dev/serial/by-id/usb-Silicon_Labs_CP2102N_USB_to_UART_Bridge_Controller_18a5eb8de0faeb11a1553ea4c6d924ec-if00-port0:
Connecting....
Detecting chip type... ESP32-C3
Connected to ESP32-C3 on /dev/serial/by-id/usb-Silicon_Labs_CP2102N_USB_to_UART_Bridge_Controller_18a5eb8de0faeb11a1553ea4c6d924ec-if00-port0:
Chip type:          ESP32-C3 (QFN32) (revision v0.3)
Features:           Wi-Fi, BT 5 (LE), Single Core, 160MHz
Crystal frequency:  40MHz
MAC:                7c:df:a1:da:77:ac

Uploading stub flasher...
Running stub flasher...
Stub flasher running.
Changing baud rate to 460800...
Changed.

Configuring flash size...
Erasing flash memory (this may take a while)...
Flash memory erased successfully in 10.5 seconds.
Compressed 1029120 bytes to 601812...
Writing at 0x00000000 [                              ]   0.0% 0/601812 bytes... 
Writing at 0x00011bff [                              ]   2.7% 16384/601812 bytes... 
Writing at 0x0001e8df [>                             ]   5.4% 32768/601812 bytes... 
Writing at 0x0002b033 [=>                            ]   8.2% 49152/601812 bytes... 
Writing at 0x00034305 [==>                           ]  10.9% 65536/601812 bytes... 
Writing at 0x0003c474 [===>                          ]  13.6% 81920/601812 bytes... 
Writing at 0x00042436 [===>                          ]  16.3% 98304/601812 bytes... 
Writing at 0x000489f6 [====>                         ]  19.1% 114688/601812 bytes... 
Writing at 0x0004f226 [=====>                        ]  21.8% 131072/601812 bytes... 
Writing at 0x00055624 [======>                       ]  24.5% 147456/601812 bytes... 
Writing at 0x0005ae33 [=======>                      ]  27.2% 163840/601812 bytes... 
Writing at 0x00060ad8 [=======>                      ]  29.9% 180224/601812 bytes... 
Writing at 0x00066fba [========>                     ]  32.7% 196608/601812 bytes... 
Writing at 0x0006ccf1 [=========>                    ]  35.4% 212992/601812 bytes... 
Writing at 0x00072bfe [==========>                   ]  38.1% 229376/601812 bytes... 
Writing at 0x00078ea3 [===========>                  ]  40.8% 245760/601812 bytes... 
Writing at 0x0007ec04 [============>                 ]  43.6% 262144/601812 bytes... 
Writing at 0x00084a6c [============>                 ]  46.3% 278528/601812 bytes... 
Writing at 0x0008a1a1 [=============>                ]  49.0% 294912/601812 bytes... 
Writing at 0x0008fade [==============>               ]  51.7% 311296/601812 bytes... 
Writing at 0x00095dd8 [===============>              ]  54.4% 327680/601812 bytes... 
Writing at 0x0009b85a [================>             ]  57.2% 344064/601812 bytes... 
Writing at 0x000a11d1 [================>             ]  59.9% 360448/601812 bytes... 
Writing at 0x000a70f1 [=================>            ]  62.6% 376832/601812 bytes... 
Writing at 0x000ad5b8 [==================>           ]  65.3% 393216/601812 bytes... 
Writing at 0x000b37b2 [===================>          ]  68.1% 409600/601812 bytes... 
Writing at 0x000b9bf8 [====================>         ]  70.8% 425984/601812 bytes... 
Writing at 0x000bfc42 [=====================>        ]  73.5% 442368/601812 bytes... 
Writing at 0x000c5940 [=====================>        ]  76.2% 458752/601812 bytes... 
Writing at 0x000cafb6 [======================>       ]  79.0% 475136/601812 bytes... 
Writing at 0x000d0d73 [=======================>      ]  81.7% 491520/601812 bytes... 
Writing at 0x000d6a05 [========================>     ]  84.4% 507904/601812 bytes... 
Writing at 0x000dda96 [=========================>    ]  87.1% 524288/601812 bytes... 
Writing at 0x000e3d62 [=========================>    ]  89.8% 540672/601812 bytes... 
Writing at 0x000eac50 [==========================>   ]  92.6% 557056/601812 bytes... 
Writing at 0x000f0bd7 [===========================>  ]  95.3% 573440/601812 bytes... 
Writing at 0x000f6c84 [============================> ]  98.0% 589824/601812 bytes... 
Writing at 0x000fb400 [==============================] 100.0% 601812/601812 bytes... 
Wrote 1029120 bytes (601812 compressed) at 0x00000000 in 20.2 seconds (407.8 kbit/s).
Hash of data verified.

Hard resetting via RTS pin...
ESP-ROM:esp32c3-api1-20210207
Build:Feb  7 2021
rst:0x1 (POWERON),boot:0xc (SPI_FAST_FLASH_BOOT)
SPIWP:0xee
mode:DIO, clock div:1
load:0x3fcd5820,len:0x1574
load:0x403cc710,len:0xc30
load:0x403ce710,len:0x2ff0
entry 0x403cc71a
I (30) boot: ESP-IDF v5.4.1 2nd stage bootloader
I (30) boot: compile time Oct 17 2025 15:42:48
I (30) boot: chip revision: v0.3
I (30) boot: efuse block revision: v1.1
I (34) boot.esp32c3: SPI Speed      : 80MHz
I (38) boot.esp32c3: SPI Mode       : DIO
I (41) boot.esp32c3: SPI Flash Size : 4MB
I (45) boot: Enabling RNG early entropy source...
I (50) boot: Partition Table:
I (52) boot: ## Label            Usage          Type ST Offset   Length
I (59) boot:  0 nvs              WiFi data        01 02 00009000 00006000
I (65) boot:  1 phy_init         RF data          01 01 0000f000 00001000
I (72) boot:  2 factory          factory app      00 00 00010000 00100000
I (78) boot: End of partition table
I (81) esp_image: segment 0: paddr=00010020 vaddr=3c0b0020 size=25fe8h (155624) map
I (114) esp_image: segment 1: paddr=00036010 vaddr=3fc93400 size=03048h ( 12360) load
I (116) esp_image: segment 2: paddr=00039060 vaddr=40380000 size=06fb8h ( 28600) load
I (123) esp_image: segment 3: paddr=00040020 vaddr=42000020 size=aefd4h (716756) map
I (239) esp_image: segment 4: paddr=000eeffc vaddr=40386fb8 size=0c3b8h ( 50104) load
I (249) esp_image: segment 5: paddr=000fb3bc vaddr=50000200 size=0001ch (    28) load
I (255) boot: Loaded app from partition at offset 0x10000
I (255) boot: Disabling RNG early entropy source...
I (266) cpu_start: Unicore app
I (275) cpu_start: Pro cpu start user code
I (275) cpu_start: cpu freq: 160000000 Hz
I (275) app_init: Application information:
I (275) app_init: Project name:     test
I (278) app_init: App version:      c27c9b9-dirty
I (283) app_init: Compile time:     Oct 17 2025 15:42:41
I (288) app_init: ELF file SHA256:  76b305ecf...
I (292) app_init: ESP-IDF:          v5.4.1
I (296) efuse_init: Min chip rev:     v0.3
I (300) efuse_init: Max chip rev:     v1.99 
I (304) efuse_init: Chip rev:         v0.3
I (308) heap_init: Initializing. RAM available for dynamic allocation:
I (314) heap_init: At 3FC9F2E0 len 00020D20 (131 KiB): RAM
I (319) heap_init: At 3FCC0000 len 0001C710 (113 KiB): Retention RAM
I (325) heap_init: At 3FCDC710 len 00002950 (10 KiB): Retention RAM
I (331) heap_init: At 5000021C len 00001DCC (7 KiB): RTCRAM
I (337) spi_flash: detected chip: generic
I (340) spi_flash: flash io: dio
I (344) sleep_gpio: Configure to isolate all GPIO pins in sleep state
I (349) sleep_gpio: Enable automatic switching of GPIO sleep configuration
I (356) main_task: Started on CPU0
I (386) main_task: Calling app_main()
[5n
Type 'help' to get the list of commands.
Use UP/DOWN arrows to navigate through command history.
Press TAB when typing command name to auto-complete.

Your terminal application does not support escape sequences.

Line editing and history features are disabled.

On Windows, try using Putty instead.
esp32> W (886) hil_test: WiFi and Golioth credentials are not set. Use the shell settings commands to set them.

esp32> 
esp32> 
esp32> 
esp32> settings set wifi/ssid "***MIKES_ORANGE_PI_WIFI_SSID***"
Setting wifi/ssid saved
esp32> 
esp32> 
esp32> 
esp32> 
esp32> 
esp32> settings set wifi/psk "***MIKES_ORANGE_PI_WIFI_PSK***"
Setting wifi/psk saved
esp32> 
es::add-mask::generated-tmtWYooOLhLpdvqa
p32> 
esp32> 
esp32> 
esp32> 
esp32> settings set golioth/psk-id "generated-tmtWYooOLhLpdvqa@firmware_ci"
Setting golioth/psk-id saved
esp32> 
esp32> 
esp32> 
esp32> 
esp32> 
esp32> settings set golioth/psk "generated-tmtWYooOLhLpdvqa"
Setting golioth/psk saved
esp32> 
esp32> I (7906) pp: pp rom version: 9387209
I (7906) net80211: net80211 rom version: 9387209
I (7926) wifi_init: rx ba win: 6
I (7926) wifi_init: accept mbox: 6
I (7926) wifi_init: tcpip mbox: 32
I (7926) wifi_init: udp mbox: 6
I (7926) wifi_init: tcp mbox: 6
I (7936) wifi_init: tcp tx win: 5760
I (7936) wifi_init: tcp rx win: 5760
I (7936) wifi_init: tcp mss: 1440
I (7946) wifi_init: WiFi IRAM OP enabled
I (7946) wifi_init: WiFi RX IRAM OP enabled
I (7946) phy_init: phy_version 1200,2b7123f9,Feb 18 2025,15:22:21
W (7956) phy_init: failed to load RF calibration data (0x1102), falling back to full calibration
I (7996) phy_init: Saving new calibration data due to checksum failure or outdated calibration data, mode(2)
I (10016) esp_netif_handlers: sta ip: 192.168.8.119, mask: 255.255.255.0, gw: 192.168.8.1
I (10016) example_wifi: WiFi Connected. Got IP:192.168.8.119
I (10026) example_wifi: Connected to AP SSID: ***MIKES_ORANGE_PI_WIFI_SSID***
I (10026) golioth_mbox: Mbox created, bufsize: 2688, num_items: 20, item_size: 128
I (10046) golioth_coap_client_libcoap: Start CoAP session with host: coaps://coap.golioth.io
I (10046) golioth_coap_client_libcoap: Session PSK-ID: generated-tmtWYooOLhLpdvqa@firmware_ci
I (10056) libcoap: Setting PSK key

I (10066) golioth_coap_client_libcoap: Entering CoAP I/O loop
I (10566) golioth_coap_client_libcoap: Golioth CoAP client connected
I (10716) test_ota: Manifest received
I (10716) test_ota: Manifest successfully decoded
I (10716) test_ota: Manifest doesn't have main or walrus components, skipping this one.
I (11906) test_ota: Manifest received
I (11906) test_ota: Manifest successfully decoded
I (11906) test_ota: Manifest doesn't have main or walrus components, skipping this one.
I (12006) test_ota: Manifest received
I (12006) test_ota: Manifest successfully decoded
I (12006) test_ota: Manifest doesn't have main or walrus components, skipping this one.
I (12566) test_ota: Manifest received
I (12566) test_ota: Manifest successfully decoded
I (12566) test_ota: Manifest doesn't have main or walrus components, skipping this one.
I (12866) test_ota: Manifest received
I (12866) test_ota: Manifest successfully decoded
I (12866) test_ota: Manifest doesn't have main or walrus components, skipping this one.
I (12886) test_ota: Manifest received
I (12886) test_ota: Manifest successfully decoded
I (12886) test_ota: Manifest doesn't have main or walrus components, skipping this one.
I (13386) test_ota: Manifest received
I (13386) test_ota: Manifest successfully decoded
I (13386) test_ota: Found main component
I (13386) test_ota: No absent component found
I (13396) test_ota: component.package: main
I (13396) test_ota: component.version: 1.2.2
I (13396) test_ota: component.size: 16147
I (13406) test_ota: component.hash: 62c035ff42d6c61ad9d1caf9ee3425dae3ef360eb9d145061d3f76092e266018
I (13416) test_ota: component.uri: /.u/c/main@1.2.2
I (13426) test_ota: component.bootloader: default
