Warning: Deprecated: Command 'write_flash' is deprecated. Use 'write-flash' instead.
esptool v5.1.0
Serial port /dev/serial/by-id/usb-Silicon_Labs_CP2102N_USB_to_UART_Bridge_Controller_ee6375f01ce7ec11973dbed05adebb74-if00-port0:
Connecting....
Detecting chip type... ESP32-C3
Connected to ESP32-C3 on /dev/serial/by-id/usb-Silicon_Labs_CP2102N_USB_to_UART_Bridge_Controller_ee6375f01ce7ec11973dbed05adebb74-if00-port0:
Chip type:          ESP32-C3 (QFN32) (revision v0.4)
Features:           Wi-Fi, BT 5 (LE), Single Core, 160MHz, Embedded Flash 4MB (XMC)
Crystal frequency:  40MHz
MAC:                ec:da:3b:0d:18:84

Uploading stub flasher...
Running stub flasher...
Stub flasher running.
Changing baud rate to 460800...
Changed.

Configuring flash size...
Erasing flash memory (this may take a while)...
Flash memory erased successfully in 18.2 seconds.
Compressed 1021392 bytes to 599986...
Writing at 0x00000000 [                              ]   0.0% 0/599986 bytes... 
Writing at 0x00011d27 [                              ]   2.7% 16384/599986 bytes... 
Writing at 0x0001e779 [>                             ]   5.5% 32768/599986 bytes... 
Writing at 0x0002aa8b [=>                            ]   8.2% 49152/599986 bytes... 
Writing at 0x000337ab [==>                           ]  10.9% 65536/599986 bytes... 
Writing at 0x0003ba49 [===>                          ]  13.7% 81920/599986 bytes... 
Writing at 0x00041b52 [===>                          ]  16.4% 98304/599986 bytes... 
Writing at 0x00047e5f [====>                         ]  19.1% 114688/599986 bytes... 
Writing at 0x0004e30c [=====>                        ]  21.8% 131072/599986 bytes... 
Writing at 0x00054418 [======>                       ]  24.6% 147456/599986 bytes... 
Writing at 0x00059e0a [=======>                      ]  27.3% 163840/599986 bytes... 
Writing at 0x0005f995 [========>                     ]  30.0% 180224/599986 bytes... 
Writing at 0x0006622c [========>                     ]  32.8% 196608/599986 bytes... 
Writing at 0x0006bdb4 [=========>                    ]  35.5% 212992/599986 bytes... 
Writing at 0x00071eb8 [==========>                   ]  38.2% 229376/599986 bytes... 
Writing at 0x00077cdd [===========>                  ]  41.0% 245760/599986 bytes... 
Writing at 0x0007de03 [============>                 ]  43.7% 262144/599986 bytes... 
Writing at 0x000839c4 [============>                 ]  46.4% 278528/599986 bytes... 
Writing at 0x0008906d [=============>                ]  49.2% 294912/599986 bytes... 
Writing at 0x0008eb3c [==============>               ]  51.9% 311296/599986 bytes... 
Writing at 0x00094be7 [===============>              ]  54.6% 327680/599986 bytes... 
Writing at 0x0009a646 [================>             ]  57.3% 344064/599986 bytes... 
Writing at 0x0009ff22 [=================>            ]  60.1% 360448/599986 bytes... 
Writing at 0x000a5e86 [=================>            ]  62.8% 376832/599986 bytes... 
Writing at 0x000ac3c7 [==================>           ]  65.5% 393216/599986 bytes... 
Writing at 0x000b251e [===================>          ]  68.3% 409600/599986 bytes... 
Writing at 0x000b899a [====================>         ]  71.0% 425984/599986 bytes... 
Writing at 0x000be96f [=====================>        ]  73.7% 442368/599986 bytes... 
Writing at 0x000c4674 [=====================>        ]  76.5% 458752/599986 bytes... 
Writing at 0x000c9c8e [======================>       ]  79.2% 475136/599986 bytes... 
Writing at 0x000cfa9d [=======================>      ]  81.9% 491520/599986 bytes... 
Writing at 0x000d56f4 [========================>     ]  84.7% 507904/599986 bytes... 
Writing at 0x000dc7b5 [=========================>    ]  87.4% 524288/599986 bytes... 
Writing at 0x000e2af0 [==========================>   ]  90.1% 540672/599986 bytes... 
Writing at 0x000e98e8 [==========================>   ]  92.8% 557056/599986 bytes... 
Writing at 0x000ef928 [===========================>  ]  95.6% 573440/599986 bytes... 
Writing at 0x000f5867 [============================> ]  98.3% 589824/599986 bytes... 
Writing at 0x000f95d0 [==============================] 100.0% 599986/599986 bytes... 
Wrote 1021392 bytes (599986 compressed) at 0x00000000 in 21.8 seconds (375.2 kbit/s).
Hash of data verified.

Hard resetting via RTS pin...
ESP-ROM:esp32c3-api1-20210207
Build:Feb  7 2021
rst:0x1 (POWERON),boot:0xc (SPI_FAST_FLASH_BOOT)
SPIWP:0xee
mode:DIO, clock div:1
load:0x3fcd5820,len:0x1574
load:0x403cc710,len:0xc30
load:0x403ce710,len:0x2f64
entry 0x403cc71a
I (30) boot: ESP-IDF v5.4.1 2nd stage bootloader
I (30) boot: compile time Oct 17 2025 15:52:54
I (30) boot: chip revision: v0.4
I (30) boot: efuse block revision: v1.2
I (34) boot.esp32c3: SPI Speed      : 80MHz
I (38) boot.esp32c3: SPI Mode       : DIO
I (41) boot.esp32c3: SPI Flash Size : 2MB
I (45) boot: Enabling RNG early entropy source...
I (50) boot: Partition Table:
I (52) boot: ## Label            Usage          Type ST Offset   Length
I (59) boot:  0 nvs              WiFi data        01 02 00009000 00006000
I (65) boot:  1 phy_init         RF data          01 01 0000f000 00001000
I (72) boot:  2 factory          factory app      00 00 00010000 00100000
I (78) boot: End of partition table
I (81) esp_image: segment 0: paddr=00010020 vaddr=3c0b0020 size=25848h (153672) map
I (113) esp_image: segment 1: paddr=00035870 vaddr=3fc93400 size=03050h ( 12368) load
I (116) esp_image: segment 2: paddr=000388c8 vaddr=40380000 size=07750h ( 30544) load
I (123) esp_image: segment 3: paddr=00040020 vaddr=42000020 size=ad938h (710968) map
I (238) esp_image: segment 4: paddr=000ed960 vaddr=40387750 size=0bc20h ( 48160) load
I (247) esp_image: segment 5: paddr=000f9588 vaddr=50000200 size=0001ch (    28) load
I (253) boot: Loaded app from partition at offset 0x10000
I (254) boot: Disabling RNG early entropy source...
I (265) cpu_start: Unicore app
I (273) cpu_start: Pro cpu start user code
I (273) cpu_start: cpu freq: 160000000 Hz
I (273) app_init: Application information:
I (273) app_init: Project name:     observe
I (277) app_init: App version:      c27c9b9-dirty
I (281) app_init: Compile time:     Oct 17 2025 15:52:48
I (286) app_init: ELF file SHA256:  e0eb89ac8...
I (291) app_init: ESP-IDF:          v5.4.1
I (295) efuse_init: Min chip rev:     v0.3
I (298) efuse_init: Max chip rev:     v1.99 
I (302) efuse_init: Chip rev:         v0.4
I (306) heap_init: Initializing. RAM available for dynamic allocation:
I (313) heap_init: At 3FC9DEB0 len 00022150 (136 KiB): RAM
I (318) heap_init: At 3FCC0000 len 0001C710 (113 KiB): Retention RAM
I (324) heap_init: At 3FCDC710 len 00002950 (10 KiB): Retention RAM
I (330) heap_init: At 5000021C len 00001DCC (7 KiB): RTCRAM
I (336) spi_flash: detected chip: generic
I (339) spi_flash: flash io: dio
W (342) spi_flash: Detected size(4096k) larger than the size in the binary image header(2048k). Using the size in the binary image header.
I (354) sleep_gpio: Configure to isolate all GPIO pins in sleep state
I (360) sleep_gpio: Enable automatic switching of GPIO sleep configuration
I (367) main_task: Started on CPU0
I (377) main_task: Calling app_main()
I (377) lightdb: Start LightDB observe sample
[5n
Type 'help' to get the list of commands.
Use UP/DOWN arrows to navigate through command history.
Press TAB when typing command name to auto-complete.

Your terminal application does not support escape sequences.

Line editing and history features are disabled.

On Windows, try using Putty instead.
esp32> W (887) lightdb: WiFi and Golioth credentials are not set. Use the shell settings commands to set them.

esp32> 
esp32> 
esp32> 
esp32> settings set wifi/ssid "***MIKES_ORANGE_PI_WIFI_SSID***"
Setting wifi/ssid saved
esp32> 
esp32> 
esp32> 
esp32> 
esp32> 
esp32> settings set wifi/psk "***MIKES_ORANGE_PI_WIFI_PSK***"
Setting wifi/psk saved
esp32> 
esp32> ::add-mask::generated-EdClUzWLHSqOHtth

esp32> 
esp32> 
esp32> 
esp32> settings set golioth/psk-id "generated-EdClUzWLHSqOHtth@firmware_ci"
Setting golioth/psk-id saved
esp32> 
esp32> 
esp32> 
esp32> 
esp32> 
esp32> settings set golioth/psk "generated-EdClUzWLHSqOHtth"
Setting golioth/psk saved
esp32> 
esp32> I (9907) pp: pp rom version: 9387209
I (9907) net80211: net80211 rom version: 9387209
I (9927) wifi_init: rx ba win: 6
I (9927) wifi_init: accept mbox: 6
I (9927) wifi_init: tcpip mbox: 32
I (9927) wifi_init: udp mbox: 6
I (9927) wifi_init: tcp mbox: 6
I (9937) wifi_init: tcp tx win: 5760
I (9937) wifi_init: tcp rx win: 5760
I (9937) wifi_init: tcp mss: 1440
I (9947) wifi_init: WiFi IRAM OP enabled
I (9947) wifi_init: WiFi RX IRAM OP enabled
I (9947) phy_init: phy_version 1200,2b7123f9,Feb 18 2025,15:22:21
W (9957) phy_init: failed to load RF calibration data (0x1102), falling back to full calibration
I (9987) phy_init: Saving new calibration data due to checksum failure or outdated calibration data, mode(2)
I (11987) esp_netif_handlers: sta ip: 192.168.8.238, mask: 255.255.255.0, gw: 192.168.8.1
I (11987) example_wifi: WiFi Connected. Got IP:192.168.8.238
I (11997) example_wifi: Connected to AP SSID: ***MIKES_ORANGE_PI_WIFI_SSID***
I (11997) golioth_mbox: Mbox created, bufsize: 2688, num_items: 20, item_size: 128
W (12007) lightdb: Waiting for connection to Golioth...
I (12017) golioth_coap_client_libcoap: Start CoAP session with host: coaps://coap.golioth.io
I (12027) golioth_coap_client_libcoap: Session PSK-ID: generated-EdClUzWLHSqOHtth@firmware_ci
I (12037) libcoap: Setting PSK key

I (12047) golioth_coap_client_libcoap: Entering CoAP I/O loop
I (12267) golioth_coap_client_libcoap: Golioth CoAP client connected
I (12267) lightdb: Golioth client connected
I (13677) lightdb: 0x3fcba9b9   6e 75 6c 6c                                       |null|
Success for pattern '6e 75 6c 6c |null'
I (15677) lightdb: 0x3fcb5291   38 37                                             |87|
Success for pattern '38 37 |87'
