Warning: Deprecated: Command 'write_flash' is deprecated. Use 'write-flash' instead.
esptool v5.1.0
Serial port /dev/serial/by-id/usb-Silicon_Labs_CP2102N_USB_to_UART_Bridge_Controller_90568bbbd827ee11b31a14d8f49e3369-if00-port0:
Connecting.......
Detecting chip type... ESP32
Connected to ESP32 on /dev/serial/by-id/usb-Silicon_Labs_CP2102N_USB_to_UART_Bridge_Controller_90568bbbd827ee11b31a14d8f49e3369-if00-port0:
Chip type:          ESP32-D0WD-V3 (revision v3.1)
Features:           Wi-Fi, BT, Dual Core + LP Core, 240MHz, Vref calibration in eFuse, Coding Scheme None
Crystal frequency:  40MHz
MAC:                a0:a3:b3:8b:38:c0

Uploading stub flasher...
Running stub flasher...
Stub flasher running.
Changing baud rate to 460800...
Changed.

Configuring flash size...
Erasing flash memory (this may take a while)...
Flash memory erased successfully in 2.2 seconds.
Compressed 970272 bytes to 610243...
Writing at 0x00000000 [                              ]   0.0% 0/610243 bytes... 
Writing at 0x000074c1 [                              ]   2.7% 16384/610243 bytes... 
Writing at 0x0001bf0d [>                             ]   5.4% 32768/610243 bytes... 
Writing at 0x00028ca2 [=>                            ]   8.1% 49152/610243 bytes... 
Writing at 0x000314e6 [==>                           ]  10.7% 65536/610243 bytes... 
Writing at 0x0003ae80 [===>                          ]  13.4% 81920/610243 bytes... 
Writing at 0x0004052c [===>                          ]  16.1% 98304/610243 bytes... 
Writing at 0x00045ebf [====>                         ]  18.8% 114688/610243 bytes... 
Writing at 0x0004b678 [=====>                        ]  21.5% 131072/610243 bytes... 
Writing at 0x00050b1d [======>                       ]  24.2% 147456/610243 bytes... 
Writing at 0x00055ca6 [=======>                      ]  26.8% 163840/610243 bytes... 
Writing at 0x0005b18c [=======>                      ]  29.5% 180224/610243 bytes... 
Writing at 0x00060652 [========>                     ]  32.2% 196608/610243 bytes... 
Writing at 0x000656b4 [=========>                    ]  34.9% 212992/610243 bytes... 
Writing at 0x0006aa55 [==========>                   ]  37.6% 229376/610243 bytes... 
Writing at 0x0006fc21 [===========>                  ]  40.3% 245760/610243 bytes... 
Writing at 0x00074f01 [===========>                  ]  43.0% 262144/610243 bytes... 
Writing at 0x0007a0a7 [============>                 ]  45.6% 278528/610243 bytes... 
Writing at 0x0007f6f7 [=============>                ]  48.3% 294912/610243 bytes... 
Writing at 0x00084f55 [==============>               ]  51.0% 311296/610243 bytes... 
Writing at 0x0008a9f6 [===============>              ]  53.7% 327680/610243 bytes... 
Writing at 0x0008fcd7 [===============>              ]  56.4% 344064/610243 bytes... 
Writing at 0x00094f33 [================>             ]  59.1% 360448/610243 bytes... 
Writing at 0x0009a671 [=================>            ]  61.8% 376832/610243 bytes... 
Writing at 0x0009fd36 [==================>           ]  64.4% 393216/610243 bytes... 
Writing at 0x000a503f [===================>          ]  67.1% 409600/610243 bytes... 
Writing at 0x000aa71a [===================>          ]  69.8% 425984/610243 bytes... 
Writing at 0x000b00d6 [====================>         ]  72.5% 442368/610243 bytes... 
Writing at 0x000b51d3 [=====================>        ]  75.2% 458752/610243 bytes... 
Writing at 0x000ba617 [======================>       ]  77.9% 475136/610243 bytes... 
Writing at 0x000bff0c [=======================>      ]  80.5% 491520/610243 bytes... 
Writing at 0x000c7722 [=======================>      ]  83.2% 507904/610243 bytes... 
Writing at 0x000cdce5 [========================>     ]  85.9% 524288/610243 bytes... 
Writing at 0x000d556b [=========================>    ]  88.6% 540672/610243 bytes... 
Writing at 0x000daca4 [==========================>   ]  91.3% 557056/610243 bytes... 
Writing at 0x000e076b [===========================>  ]  94.0% 573440/610243 bytes... 
Writing at 0x000e636e [===========================>  ]  96.7% 589824/610243 bytes... 
Writing at 0x000eb5ec [============================> ]  99.3% 606208/610243 bytes... 
Writing at 0x000ece20 [==============================] 100.0% 610243/610243 bytes... 
Wrote 970272 bytes (610243 compressed) at 0x00000000 in 17.9 seconds (433.2 kbit/s).
Hash of data verified.

Hard resetting via RTS pin...
x00,d_drv:0x00,cs0_drv:0x00,hd_drv:0x00,wp_drv:0x00
mode:DIO, clock div:2
load:0x3fff0030,len:6276
load:0x40078000,len:15748
load:0x40080400,len:4
ho 8 tail 4 room 4
load:0x40080404,len:3860
entry 0x4008063c
I (31) boot: ESP-IDF v5.4.1 2nd stage bootloader
I (31) boot: compile time Oct 17 2025 15:53:09
I (31) boot: Multicore bootloader
I (32) boot: chip revision: v3.1
I (35) boot.esp32: SPI Speed      : 40MHz
I (39) boot.esp32: SPI Mode       : DIO
I (43) boot.esp32: SPI Flash Size : 2MB
I (46) boot: Enabling RNG early entropy source...
I (51) boot: Partition Table:
I (53) boot: ## Label            Usage          Type ST Offset   Length
I (60) boot:  0 nvs              WiFi data        01 02 00009000 00006000
I (66) boot:  1 phy_init         RF data          01 01 0000f000 00001000
I (73) boot:  2 factory          factory app      00 00 00010000 00100000
I (79) boot: End of partition table
I (82) esp_image: segment 0: paddr=00010020 vaddr=3f400020 size=24410h (148496) map
I (141) esp_image: segment 1: paddr=00034438 vaddr=3ff80000 size=0001ch (    28) load
I (141) esp_image: segment 2: paddr=0003445c vaddr=3ffb0000 size=040e8h ( 16616) load
I (151) esp_image: segment 3: paddr=0003854c vaddr=40080000 size=07acch ( 31436) load
I (164) esp_image: segment 4: paddr=00040020 vaddr=400d0020 size=9d904h (645380) map
I (385) esp_image: segment 5: paddr=000dd92c vaddr=40087acc size=0f4c8h ( 62664) load
I (421) boot: Loaded app from partition at offset 0x10000
I (421) boot: Disabling RNG early entropy source...
I (431) cpu_start: Multicore app
I (439) cpu_start: Pro cpu start user code
I (439) cpu_start: cpu freq: 160000000 Hz
I (439) app_init: Application information:
I (440) app_init: Project name:     observe
I (443) app_init: App version:      c27c9b9-dirty
I (448) app_init: Compile time:     Oct 17 2025 15:53:02
I (453) app_init: ELF file SHA256:  ffb556991...
I (457) app_init: ESP-IDF:          v5.4.1
I (461) efuse_init: Min chip rev:     v0.0
I (465) efuse_init: Max chip rev:     v3.99 
I (469) efuse_init: Chip rev:         v3.1
I (473) heap_init: Initializing. RAM available for dynamic allocation:
I (479) heap_init: At 3FFAE6E0 len 00001920 (6 KiB): DRAM
I (484) heap_init: At 3FFBBB20 len 000244E0 (145 KiB): DRAM
I (489) heap_init: At 3FFE0440 len 00003AE0 (14 KiB): D/IRAM
I (495) heap_init: At 3FFE4350 len 0001BCB0 (111 KiB): D/IRAM
I (500) heap_init: At 40096F94 len 0000906C (36 KiB): IRAM
I (507) spi_flash: detected chip: generic
I (509) spi_flash: flash io: dio
W (512) spi_flash: Detected size(8192k) larger than the size in the binary image header(2048k). Using the size in the binary image header.
I (525) main_task: Started on CPU0
I (535) main_task: Calling app_main()
I (535) lightdb: Start LightDB observe sample
[5n
Type 'help' to get the list of commands.
Use UP/DOWN arrows to navigate through command history.
Press TAB when typing command name to auto-complete.

Your terminal application does not support escape sequences.

Line editing and history features are disabled.

On Windows, try using Putty instead.
esp32> W (1055) lightdb: WiFi and Golioth credentials are not set. Use the shell settings commands to set them.

esp32> 
esp32> 
esp32> 
esp32> settings set wifi/ssid "***SAMS_ORANGE_PI_WIFI_SSID***"
Setting wifi/ssid saved
esp32> 
esp32> 
esp32> 
esp32> 
esp32> 
esp32> settings set wifi/psk "***SAMS_ORANGE_PI_WIFI_PSK***"
Setting wifi/psk saved
esp32> 
esp32> ::add-mask::generated-RQjIdEonhcWJMfGY

esp32> 
esp32> 
esp32> 
esp32> settings set golioth/psk-id "generated-RQjIdEonhcWJMfGY@firmware_ci"
Setting golioth/psk-id saved
esp32> 
esp32> 
esp32> 
esp32> 
esp32> 
esp32> settings set golioth/psk "generated-RQjIdEonhcWJMfGY"
Setting golioth/psk saved
esp32> 
esp32> I (10105) wifi_init: rx ba win: 6
I (10105) wifi_init: accept mbox: 6
I (10105) wifi_init: tcpip mbox: 32
I (10105) wifi_init: udp mbox: 6
I (10105) wifi_init: tcp mbox: 6
I (10125) wifi_init: tcp tx win: 5760
I (10125) wifi_init: tcp rx win: 5760
I (10125) wifi_init: tcp mss: 1440
I (10125) wifi_init: WiFi IRAM OP enabled
I (10135) wifi_init: WiFi RX IRAM OP enabled
I (10135) phy_init: phy_version 4860,6b7a6e5,Feb  6 2025,14:47:07
W (10135) phy_init: failed to load RF calibration data (0x1102), falling back to full calibration
I (10215) phy_init: Saving new calibration data due to checksum failure or outdated calibration data, mode(2)
I (12125) esp_netif_handlers: sta ip: 192.168.0.119, mask: 255.255.255.0, gw: 192.168.0.1
I (12125) example_wifi: WiFi Connected. Got IP:192.168.0.119
I (12125) example_wifi: Connected to AP SSID: ***SAMS_ORANGE_PI_WIFI_SSID***
I (12135) golioth_mbox: Mbox created, bufsize: 2688, num_items: 20, item_size: 128
W (12145) lightdb: Waiting for connection to Golioth...
I (12175) golioth_coap_client_libcoap: Start CoAP session with host: coaps://coap.golioth.io
I (12175) golioth_coap_client_libcoap: Session PSK-ID: generated-RQjIdEonhcWJMfGY@firmware_ci
I (12185) libcoap: Setting PSK key

I (12195) golioth_coap_client_libcoap: Entering CoAP I/O loop
I (12715) golioth_coap_client_libcoap: Golioth CoAP client connected
I (12715) lightdb: Golioth client connected
W (15575) golioth_coap_client_libcoap: CoAP message retransmitted
I (16365) lightdb: 0x3ffd7a91   6e 75 6c 6c                                       |null|
Success for pattern '6e 75 6c 6c |null'
I (17415) lightdb: 0x3ffd746d   38 37                                             |87|
Success for pattern '38 37 |87'
