Warning: Deprecated: Command 'write_flash' is deprecated. Use 'write-flash' instead.
esptool v5.1.0
Serial port /dev/serial/by-id/usb-Silicon_Labs_CP2102N_USB_to_UART_Bridge_Controller_90568bbbd827ee11b31a14d8f49e3369-if00-port0:
Connecting....
Detecting chip type... ESP32
Connected to ESP32 on /dev/serial/by-id/usb-Silicon_Labs_CP2102N_USB_to_UART_Bridge_Controller_90568bbbd827ee11b31a14d8f49e3369-if00-port0:
Chip type:          ESP32-D0WD-V3 (revision v3.1)
Features:           Wi-Fi, BT, Dual Core + LP Core, 240MHz, Vref calibration in eFuse, Coding Scheme None
Crystal frequency:  40MHz
MAC:                a0:a3:b3:8b:38:c0

Uploading stub flasher...
Running stub flasher...
Stub flasher running.
Changing baud rate to 460800...
Changed.

Configuring flash size...
Erasing flash memory (this may take a while)...
Flash memory erased successfully in 0.9 seconds.
Compressed 960880 bytes to 604739...
Writing at 0x00000000 [                              ]   0.0% 0/604739 bytes... 
Writing at 0x000074ac [                              ]   2.7% 16384/604739 bytes... 
Writing at 0x0001bee3 [>                             ]   5.4% 32768/604739 bytes... 
Writing at 0x000288d9 [=>                            ]   8.1% 49152/604739 bytes... 
Writing at 0x000316aa [==>                           ]  10.8% 65536/604739 bytes... 
Writing at 0x0003a8af [===>                          ]  13.5% 81920/604739 bytes... 
Writing at 0x0003ffd2 [===>                          ]  16.3% 98304/604739 bytes... 
Writing at 0x00045a7e [====>                         ]  19.0% 114688/604739 bytes... 
Writing at 0x0004b1fb [=====>                        ]  21.7% 131072/604739 bytes... 
Writing at 0x000506d8 [======>                       ]  24.4% 147456/604739 bytes... 
Writing at 0x000557d2 [=======>                      ]  27.1% 163840/604739 bytes... 
Writing at 0x0005ac99 [=======>                      ]  29.8% 180224/604739 bytes... 
Writing at 0x0006020d [========>                     ]  32.5% 196608/604739 bytes... 
Writing at 0x00065236 [=========>                    ]  35.2% 212992/604739 bytes... 
Writing at 0x0006a5a7 [==========>                   ]  37.9% 229376/604739 bytes... 
Writing at 0x0006f7ae [===========>                  ]  40.6% 245760/604739 bytes... 
Writing at 0x00074a67 [============>                 ]  43.3% 262144/604739 bytes... 
Writing at 0x00079bcc [============>                 ]  46.1% 278528/604739 bytes... 
Writing at 0x0007f25f [=============>                ]  48.8% 294912/604739 bytes... 
Writing at 0x00084aa3 [==============>               ]  51.5% 311296/604739 bytes... 
Writing at 0x0008a358 [===============>              ]  54.2% 327680/604739 bytes... 
Writing at 0x0008f568 [================>             ]  56.9% 344064/604739 bytes... 
Writing at 0x000948a2 [================>             ]  59.6% 360448/604739 bytes... 
Writing at 0x00099fc1 [=================>            ]  62.3% 376832/604739 bytes... 
Writing at 0x0009f6de [==================>           ]  65.0% 393216/604739 bytes... 
Writing at 0x000a4968 [===================>          ]  67.7% 409600/604739 bytes... 
Writing at 0x000aa173 [====================>         ]  70.4% 425984/604739 bytes... 
Writing at 0x000af9f4 [====================>         ]  73.2% 442368/604739 bytes... 
Writing at 0x000b4a76 [=====================>        ]  75.9% 458752/604739 bytes... 
Writing at 0x000ba230 [======================>       ]  78.6% 475136/604739 bytes... 
Writing at 0x000bf886 [=======================>      ]  81.3% 491520/604739 bytes... 
Writing at 0x000c7074 [========================>     ]  84.0% 507904/604739 bytes... 
Writing at 0x000cdc10 [=========================>    ]  86.7% 524288/604739 bytes... 
Writing at 0x000d514a [=========================>    ]  89.4% 540672/604739 bytes... 
Writing at 0x000da8d7 [==========================>   ]  92.1% 557056/604739 bytes... 
Writing at 0x000e0341 [===========================>  ]  94.8% 573440/604739 bytes... 
Writing at 0x000e59d6 [============================> ]  97.5% 589824/604739 bytes... 
Writing at 0x000ea970 [==============================] 100.0% 604739/604739 bytes... 
Wrote 960880 bytes (604739 compressed) at 0x00000000 in 17.9 seconds (430.2 kbit/s).
Hash of data verified.

Hard resetting via RTS pin...
0,d_drv:0x00,cs0_drv:0x00,hd_drv:0x00,wp_drv:0x00
mode:DIO, clock div:2
load:0x3fff0030,len:6276
load:0x40078000,len:15828
load:0x40080400,len:4
ho 8 tail 4 room 4
load:0x40080404,len:3860
entry 0x4008063c
I (31) boot: ESP-IDF v5.4.1 2nd stage bootloader
I (31) boot: compile time Oct 17 2025 15:43:17
I (31) boot: Multicore bootloader
I (32) boot: chip revision: v3.1
I (35) boot.esp32: SPI Speed      : 40MHz
I (39) boot.esp32: SPI Mode       : DIO
I (43) boot.esp32: SPI Flash Size : 4MB
I (46) boot: Enabling RNG early entropy source...
I (51) boot: Partition Table:
I (53) boot: ## Label            Usage          Type ST Offset   Length
I (60) boot:  0 nvs              WiFi data        01 02 00009000 00006000
I (66) boot:  1 phy_init         RF data          01 01 0000f000 00001000
I (73) boot:  2 factory          factory app      00 00 00010000 00100000
I (79) boot: End of partition table
I (82) esp_image: segment 0: paddr=00010020 vaddr=3f400020 size=237b0h (145328) map
I (140) esp_image: segment 1: paddr=000337d8 vaddr=3ff80000 size=0001ch (    28) load
I (140) esp_image: segment 2: paddr=000337fc vaddr=3ffb0000 size=040d8h ( 16600) load
I (150) esp_image: segment 3: paddr=000378dc vaddr=40080000 size=0873ch ( 34620) load
I (164) esp_image: segment 4: paddr=00040020 vaddr=400d0020 size=9c0c8h (639176) map
I (383) esp_image: segment 5: paddr=000dc0f0 vaddr=4008873c size=0e858h ( 59480) load
I (417) boot: Loaded app from partition at offset 0x10000
I (418) boot: Disabling RNG early entropy source...
I (428) cpu_start: Multicore app
I (436) cpu_start: Pro cpu start user code
I (436) cpu_start: cpu freq: 160000000 Hz
I (436) app_init: Application information:
I (436) app_init: Project name:     test
I (440) app_init: App version:      c27c9b9-dirty
I (444) app_init: Compile time:     Oct 17 2025 15:43:10
I (449) app_init: ELF file SHA256:  ba3280584...
I (454) app_init: ESP-IDF:          v5.4.1
I (458) efuse_init: Min chip rev:     v0.0
I (461) efuse_init: Max chip rev:     v3.99 
I (465) efuse_init: Chip rev:         v3.1
I (470) heap_init: Initializing. RAM available for dynamic allocation:
I (476) heap_init: At 3FFAE6E0 len 00001920 (6 KiB): DRAM
I (481) heap_init: At 3FFBBA80 len 00024580 (145 KiB): DRAM
I (486) heap_init: At 3FFE0440 len 00003AE0 (14 KiB): D/IRAM
I (491) heap_init: At 3FFE4350 len 0001BCB0 (111 KiB): D/IRAM
I (497) heap_init: At 40096F94 len 0000906C (36 KiB): IRAM
I (503) spi_flash: detected chip: generic
I (506) spi_flash: flash io: dio
W (509) spi_flash: Detected size(8192k) larger than the size in the binary image header(4096k). Using the size in the binary image header.
I (522) main_task: Started on CPU0
I (532) main_task: Calling app_main()
[5n
Type 'help' to get the list of commands.
Use UP/DOWN arrows to navigate through command history.
Press TAB when typing command name to auto-complete.

Your terminal application does not support escape sequences.

Line editing and history features are disabled.

On Windows, try using Putty instead.
esp32> W (1042) hil_test: WiFi and Golioth credentials are not set. Use the shell settings commands to set them.

esp32> 
esp32> 
esp32> 
esp32> settings set wifi/ssid "***SAMS_ORANGE_PI_WIFI_SSID***"
Setting wifi/ssid saved
esp32> 
esp32> 
esp32> 
esp32> 
esp32> 
esp32> settings set wifi/psk "***SAMS_ORANGE_PI_WIFI_PSK***"
Setting wifi/psk saved
esp32> 
esp32> ::add-mask::generated-IsGWFKMudVBVVnaF

esp32> 
esp32> 
esp32> 
esp32> settings set golioth/psk-id "generated-IsGWFKMudVBVVnaF@firmware_ci"
Setting golioth/psk-id saved
esp32> 
esp32> 
esp32> 
esp32> 
esp32> 
esp32> settings set golioth/psk "generated-IsGWFKMudVBVVnaF"
Setting golioth/psk saved
esp32> 
esp32> I (8092) wifi_init: rx ba win: 6
I (8092) wifi_init: accept mbox: 6
I (8092) wifi_init: tcpip mbox: 32
I (8092) wifi_init: udp mbox: 6
I (8092) wifi_init: tcp mbox: 6
I (8112) wifi_init: tcp tx win: 5760
I (8112) wifi_init: tcp rx win: 5760
I (8112) wifi_init: tcp mss: 1440
I (8112) wifi_init: WiFi IRAM OP enabled
I (8122) wifi_init: WiFi RX IRAM OP enabled
I (8122) phy_init: phy_version 4860,6b7a6e5,Feb  6 2025,14:47:07
W (8122) phy_init: failed to load RF calibration data (0x1102), falling back to full calibration
I (8202) phy_init: Saving new calibration data due to checksum failure or outdated calibration data, mode(2)
I (10122) esp_netif_handlers: sta ip: 192.168.0.119, mask: 255.255.255.0, gw: 192.168.0.1
I (10122) example_wifi: WiFi Connected. Got IP:192.168.0.119
I (10122) example_wifi: Connected to AP SSID: ***SAMS_ORANGE_PI_WIFI_SSID***
I (10132) golioth_mbox: Mbox created, bufsize: 2688, num_items: 20, item_size: 128
I (10172) golioth_coap_client_libcoap: Start CoAP session with host: coaps://coap.golioth.io
I (10182) golioth_coap_client_libcoap: Session PSK-ID: generated-IsGWFKMudVBVVnaF@firmware_ci
I (10192) libcoap: Setting PSK key

I (10202) golioth_coap_client_libcoap: Entering CoAP I/O loop
I (11072) golioth_coap_client_libcoap: Golioth CoAP client connected
I (11082) test_connect: Golioth client connected
I (12082) test_connect: Stopping client
I (12082) golioth_coap_client_libcoap: Attempting to stop client
W (13822) golioth_coap_client_libcoap: CoAP message retransmitted
I (15802) golioth_coap_client_libcoap: Stopping
I (15802) golioth_coap_client_libcoap: Ending session
I (15802) test_connect: Golioth client disconnected
I (26882) test_connect: Starting client
I (26882) golioth_coap_client_libcoap: Start CoAP session with host: coaps://coap.golioth.io
I (26882) golioth_coap_client_libcoap: Session PSK-ID: generated-IsGWFKMudVBVVnaF@firmware_ci
I (26892) libcoap: Setting PSK key

I (26902) golioth_coap_client_libcoap: Entering CoAP I/O loop
I (27992) golioth_coap_client_libcoap: Golioth CoAP client connected
I (27992) test_connect: Golioth client connected
I (29002) test_connect: Destroying client
I (29002) golioth_coap_client_libcoap: Attempting to stop client
I (29212) golioth_coap_client_libcoap: Stopping
I (29222) golioth_coap_client_libcoap: Ending session
I (29222) test_connect: Golioth client disconnected
I (40312) test_connect: Starting client
I (40312) golioth_mbox: Mbox created, bufsize: 2688, num_items: 20, item_size: 128
I (40312) golioth_coap_client_libcoap: Start CoAP session with host: coaps://coap.golioth.io
I (40322) golioth_coap_client_libcoap: Session PSK-ID: generated-IsGWFKMudVBVVnaF@firmware_ci
I (40332) libcoap: Setting PSK key

I (40332) golioth_coap_client_libcoap: Entering CoAP I/O loop
I (40992) golioth_coap_client_libcoap: Golioth CoAP client connected
