Warning: Deprecated: Command 'write_flash' is deprecated. Use 'write-flash' instead.
esptool v5.1.0
Serial port /dev/serial/by-id/usb-Silicon_Labs_CP2102N_USB_to_UART_Bridge_Controller_90568bbbd827ee11b31a14d8f49e3369-if00-port0:
Connecting....
Detecting chip type... ESP32
Connected to ESP32 on /dev/serial/by-id/usb-Silicon_Labs_CP2102N_USB_to_UART_Bridge_Controller_90568bbbd827ee11b31a14d8f49e3369-if00-port0:
Chip type:          ESP32-D0WD-V3 (revision v3.1)
Features:           Wi-Fi, BT, Dual Core + LP Core, 240MHz, Vref calibration in eFuse, Coding Scheme None
Crystal frequency:  40MHz
MAC:                a0:a3:b3:8b:38:c0

Uploading stub flasher...
Running stub flasher...
Stub flasher running.
Changing baud rate to 460800...
Changed.

Configuring flash size...
Erasing flash memory (this may take a while)...
Flash memory erased successfully in 2.2 seconds.
Compressed 968320 bytes to 608519...
Writing at 0x00000000 [                              ]   0.0% 0/608519 bytes... 
Writing at 0x000074ac [                              ]   2.7% 16384/608519 bytes... 
Writing at 0x0001bff1 [>                             ]   5.4% 32768/608519 bytes... 
Writing at 0x00028c13 [=>                            ]   8.1% 49152/608519 bytes... 
Writing at 0x00031728 [==>                           ]  10.8% 65536/608519 bytes... 
Writing at 0x0003ae9f [===>                          ]  13.5% 81920/608519 bytes... 
Writing at 0x00040589 [===>                          ]  16.2% 98304/608519 bytes... 
Writing at 0x00045f57 [====>                         ]  18.8% 114688/608519 bytes... 
Writing at 0x0004b77a [=====>                        ]  21.5% 131072/608519 bytes... 
Writing at 0x00050d0d [======>                       ]  24.2% 147456/608519 bytes... 
Writing at 0x00055fc7 [=======>                      ]  26.9% 163840/608519 bytes... 
Writing at 0x0005b2e3 [=======>                      ]  29.6% 180224/608519 bytes... 
Writing at 0x00060a06 [========>                     ]  32.3% 196608/608519 bytes... 
Writing at 0x00065aba [=========>                    ]  35.0% 212992/608519 bytes... 
Writing at 0x0006ad5e [==========>                   ]  37.7% 229376/608519 bytes... 
Writing at 0x0006fff1 [===========>                  ]  40.4% 245760/608519 bytes... 
Writing at 0x0007513b [===========>                  ]  43.1% 262144/608519 bytes... 
Writing at 0x0007a42f [============>                 ]  45.8% 278528/608519 bytes... 
Writing at 0x0007f950 [=============>                ]  48.5% 294912/608519 bytes... 
Writing at 0x00085288 [==============>               ]  51.2% 311296/608519 bytes... 
Writing at 0x0008ab65 [===============>              ]  53.8% 327680/608519 bytes... 
Writing at 0x0008fddd [===============>              ]  56.5% 344064/608519 bytes... 
Writing at 0x0009504f [================>             ]  59.2% 360448/608519 bytes... 
Writing at 0x0009a789 [=================>            ]  61.9% 376832/608519 bytes... 
Writing at 0x0009fea4 [==================>           ]  64.6% 393216/608519 bytes... 
Writing at 0x000a518f [===================>          ]  67.3% 409600/608519 bytes... 
Writing at 0x000aa915 [====================>         ]  70.0% 425984/608519 bytes... 
Writing at 0x000b0215 [====================>         ]  72.7% 442368/608519 bytes... 
Writing at 0x000b52d4 [=====================>        ]  75.4% 458752/608519 bytes... 
Writing at 0x000ba73b [======================>       ]  78.1% 475136/608519 bytes... 
Writing at 0x000c002c [=======================>      ]  80.8% 491520/608519 bytes... 
Writing at 0x000c7931 [========================>     ]  83.5% 507904/608519 bytes... 
Writing at 0x000cdfd1 [========================>     ]  86.2% 524288/608519 bytes... 
Writing at 0x000d57bb [=========================>    ]  88.9% 540672/608519 bytes... 
Writing at 0x000dae16 [==========================>   ]  91.5% 557056/608519 bytes... 
Writing at 0x000e08af [===========================>  ]  94.2% 573440/608519 bytes... 
Writing at 0x000e6437 [============================> ]  96.9% 589824/608519 bytes... 
Writing at 0x000eb783 [============================> ]  99.6% 606208/608519 bytes... 
Writing at 0x000ec680 [==============================] 100.0% 608519/608519 bytes... 
Wrote 968320 bytes (608519 compressed) at 0x00000000 in 17.9 seconds (433.2 kbit/s).
Hash of data verified.

Hard resetting via RTS pin...
0,d_drv:0x00,cs0_drv:0x00,hd_drv:0x00,wp_drv:0x00
mode:DIO, clock div:2
load:0x3fff0030,len:6276
load:0x40078000,len:15828
load:0x40080400,len:4
ho 8 tail 4 room 4
load:0x40080404,len:3860
entry 0x4008063c
I (31) boot: ESP-IDF v5.4.1 2nd stage bootloader
I (31) boot: compile time Oct 17 2025 15:43:17
I (31) boot: Multicore bootloader
I (32) boot: chip revision: v3.1
I (35) boot.esp32: SPI Speed      : 40MHz
I (39) boot.esp32: SPI Mode       : DIO
I (43) boot.esp32: SPI Flash Size : 4MB
I (46) boot: Enabling RNG early entropy source...
I (51) boot: Partition Table:
I (53) boot: ## Label            Usage          Type ST Offset   Length
I (60) boot:  0 nvs              WiFi data        01 02 00009000 00006000
I (66) boot:  1 phy_init         RF data          01 01 0000f000 00001000
I (73) boot:  2 factory          factory app      00 00 00010000 00100000
I (79) boot: End of partition table
I (82) esp_image: segment 0: paddr=00010020 vaddr=3f400020 size=24100h (147712) map
I (140) esp_image: segment 1: paddr=00034128 vaddr=3ff80000 size=0001ch (    28) load
I (141) esp_image: segment 2: paddr=0003414c vaddr=3ffb0000 size=040d8h ( 16600) load
I (150) esp_image: segment 3: paddr=0003822c vaddr=40080000 size=07dech ( 32236) load
I (164) esp_image: segment 4: paddr=00040020 vaddr=400d0020 size=9d484h (644228) map
I (385) esp_image: segment 5: paddr=000dd4ac vaddr=40087dec size=0f1a8h ( 61864) load
I (420) boot: Loaded app from partition at offset 0x10000
I (420) boot: Disabling RNG early entropy source...
I (430) cpu_start: Multicore app
I (439) cpu_start: Pro cpu start user code
I (439) cpu_start: cpu freq: 160000000 Hz
I (439) app_init: Application information:
I (439) app_init: Project name:     test
I (442) app_init: App version:      c27c9b9-dirty
I (447) app_init: Compile time:     Oct 17 2025 15:43:10
I (452) app_init: ELF file SHA256:  a3e61252e...
I (456) app_init: ESP-IDF:          v5.4.1
I (460) efuse_init: Min chip rev:     v0.0
I (464) efuse_init: Max chip rev:     v3.99 
I (468) efuse_init: Chip rev:         v3.1
I (472) heap_init: Initializing. RAM available for dynamic allocation:
I (478) heap_init: At 3FFAE6E0 len 00001920 (6 KiB): DRAM
I (483) heap_init: At 3FFBC0B8 len 00023F48 (143 KiB): DRAM
I (488) heap_init: At 3FFE0440 len 00003AE0 (14 KiB): D/IRAM
I (494) heap_init: At 3FFE4350 len 0001BCB0 (111 KiB): D/IRAM
I (499) heap_init: At 40096F94 len 0000906C (36 KiB): IRAM
I (506) spi_flash: detected chip: generic
I (508) spi_flash: flash io: dio
W (511) spi_flash: Detected size(8192k) larger than the size in the binary image header(4096k). Using the size in the binary image header.
I (524) main_task: Started on CPU0
I (534) main_task: Calling app_main()
[5n
Type 'help' to get the list of commands.
Use UP/DOWN arrows to navigate through command history.
Press TAB when typing command name to auto-complete.

Your terminal application does not support escape sequences.

Line editing and history features are disabled.

On Windows, try using Putty instead.
esp32> W (1044) hil_test: WiFi and Golioth credentials are not set. Use the shell settings commands to set them.

esp32> 
esp32> 
esp32> 
esp32> settings set wifi/ssid "***SAMS_ORANGE_PI_WIFI_SSID***"
Setting wifi/ssid saved
esp32> 
esp32> 
esp32> 
esp32> 
esp32> 
esp32> settings set wifi/psk "***SAMS_ORANGE_PI_WIFI_PSK***"
Setting wifi/psk saved
esp32> 
esp32> ::add-mask::generated-pGXCIBwiQCAkgsPv

esp32> 
esp32> 
esp32> 
esp32> settings set golioth/psk-id "generated-pGXCIBwiQCAkgsPv@firmware_ci"
Setting golioth/psk-id saved
esp32> 
esp32> 
esp32> 
esp32> 
esp32> 
esp32> settings set golioth/psk "generated-pGXCIBwiQCAkgsPv"
Setting golioth/psk saved
esp32> 
esp32> I (7094) wifi_init: rx ba win: 6
I (7094) wifi_init: accept mbox: 6
I (7094) wifi_init: tcpip mbox: 32
I (7094) wifi_init: udp mbox: 6
I (7094) wifi_init: tcp mbox: 6
I (7114) wifi_init: tcp tx win: 5760
I (7114) wifi_init: tcp rx win: 5760
I (7114) wifi_init: tcp mss: 1440
I (7114) wifi_init: WiFi IRAM OP enabled
I (7124) wifi_init: WiFi RX IRAM OP enabled
I (7124) phy_init: phy_version 4860,6b7a6e5,Feb  6 2025,14:47:07
W (7124) phy_init: failed to load RF calibration data (0x1102), falling back to full calibration
I (7204) phy_init: Saving new calibration data due to checksum failure or outdated calibration data, mode(2)
I (9134) esp_netif_handlers: sta ip: 192.168.0.119, mask: 255.255.255.0, gw: 192.168.0.1
I (9134) example_wifi: WiFi Connected. Got IP:192.168.0.119
I (9134) example_wifi: Connected to AP SSID: ***SAMS_ORANGE_PI_WIFI_SSID***
I (9144) golioth_mbox: Mbox created, bufsize: 2688, num_items: 20, item_size: 128
I (9224) golioth_coap_client_libcoap: Start CoAP session with host: coaps://coap.golioth.io
I (9224) golioth_coap_client_libcoap: Session PSK-ID: generated-pGXCIBwiQCAkgsPv@firmware_ci
I (9244) libcoap: Setting PSK key

I (9254) golioth_coap_client_libcoap: Entering CoAP I/O loop
I (10434) golioth_coap_client_libcoap: Golioth CoAP client connected
I (11474) test_lightdb: LightDB State desired data is ready
W (14594) golioth_coap_client_libcoap: CoAP message retransmitted
W (16254) golioth_coap_client_libcoap: 4.00 (req type: 3, path: .d/hil/lightdb/invalid/dot), len 0
I (16344) test_lightdb: LightDB State reported data is ready
