Warning: Deprecated: Command 'write_flash' is deprecated. Use 'write-flash' instead.
esptool v5.1.0
Serial port /dev/serial/by-id/usb-Silicon_Labs_CP2102N_USB_to_UART_Bridge_Controller_18a5eb8de0faeb11a1553ea4c6d924ec-if00-port0:
Connecting....
Detecting chip type... ESP32-C3
Connected to ESP32-C3 on /dev/serial/by-id/usb-Silicon_Labs_CP2102N_USB_to_UART_Bridge_Controller_18a5eb8de0faeb11a1553ea4c6d924ec-if00-port0:
Chip type:          ESP32-C3 (QFN32) (revision v0.3)
Features:           Wi-Fi, BT 5 (LE), Single Core, 160MHz
Crystal frequency:  40MHz
MAC:                7c:df:a1:da:77:ac

Uploading stub flasher...
Running stub flasher...
Stub flasher running.
Changing baud rate to 460800...
Changed.

Configuring flash size...
Erasing flash memory (this may take a while)...
Flash memory erased successfully in 10.5 seconds.
Compressed 1020320 bytes to 597933...
Writing at 0x00000000 [                              ]   0.0% 0/597933 bytes... 
Writing at 0x00011be7 [                              ]   2.7% 16384/597933 bytes... 
Writing at 0x0001e8fd [>                             ]   5.5% 32768/597933 bytes... 
Writing at 0x0002aa25 [=>                            ]   8.2% 49152/597933 bytes... 
Writing at 0x00033fb5 [==>                           ]  11.0% 65536/597933 bytes... 
Writing at 0x0003bcec [===>                          ]  13.7% 81920/597933 bytes... 
Writing at 0x00041e17 [===>                          ]  16.4% 98304/597933 bytes... 
Writing at 0x000481c6 [====>                         ]  19.2% 114688/597933 bytes... 
Writing at 0x0004e6a5 [=====>                        ]  21.9% 131072/597933 bytes... 
Writing at 0x00054b98 [======>                       ]  24.7% 147456/597933 bytes... 
Writing at 0x0005a388 [=======>                      ]  27.4% 163840/597933 bytes... 
Writing at 0x0005ffc4 [========>                     ]  30.1% 180224/597933 bytes... 
Writing at 0x00066649 [========>                     ]  32.9% 196608/597933 bytes... 
Writing at 0x0006c224 [=========>                    ]  35.6% 212992/597933 bytes... 
Writing at 0x00072132 [==========>                   ]  38.4% 229376/597933 bytes... 
Writing at 0x00078320 [===========>                  ]  41.1% 245760/597933 bytes... 
Writing at 0x0007e243 [============>                 ]  43.8% 262144/597933 bytes... 
Writing at 0x00084146 [============>                 ]  46.6% 278528/597933 bytes... 
Writing at 0x0008955f [=============>                ]  49.3% 294912/597933 bytes... 
Writing at 0x0008f13a [==============>               ]  52.1% 311296/597933 bytes... 
Writing at 0x000952cc [===============>              ]  54.8% 327680/597933 bytes... 
Writing at 0x0009ad70 [================>             ]  57.5% 344064/597933 bytes... 
Writing at 0x000a0660 [=================>            ]  60.3% 360448/597933 bytes... 
Writing at 0x000a65e4 [=================>            ]  63.0% 376832/597933 bytes... 
Writing at 0x000acd54 [==================>           ]  65.8% 393216/597933 bytes... 
Writing at 0x000b2e22 [===================>          ]  68.5% 409600/597933 bytes... 
Writing at 0x000b909a [====================>         ]  71.2% 425984/597933 bytes... 
Writing at 0x000bf109 [=====================>        ]  74.0% 442368/597933 bytes... 
Writing at 0x000c4d1e [======================>       ]  76.7% 458752/597933 bytes... 
Writing at 0x000ca3d6 [======================>       ]  79.5% 475136/597933 bytes... 
Writing at 0x000d01af [=======================>      ]  82.2% 491520/597933 bytes... 
Writing at 0x000d5e5c [========================>     ]  84.9% 507904/597933 bytes... 
Writing at 0x000dcf02 [=========================>    ]  87.7% 524288/597933 bytes... 
Writing at 0x000e34eb [==========================>   ]  90.4% 540672/597933 bytes... 
Writing at 0x000e9fed [==========================>   ]  93.2% 557056/597933 bytes... 
Writing at 0x000f022a [===========================>  ]  95.9% 573440/597933 bytes... 
Writing at 0x000f5f5c [============================> ]  98.6% 589824/597933 bytes... 
Writing at 0x000f91a0 [==============================] 100.0% 597933/597933 bytes... 
Wrote 1020320 bytes (597933 compressed) at 0x00000000 in 20.0 seconds (408.8 kbit/s).
Hash of data verified.

Hard resetting via RTS pin...
ESP-ROM:esp32c3-api1-20210207
Build:Feb  7 2021
rst:0x1 (POWERON),boot:0xc (SPI_FAST_FLASH_BOOT)
SPIWP:0xee
mode:DIO, clock div:1
load:0x3fcd5820,len:0x1574
load:0x403cc710,len:0xc30
load:0x403ce710,len:0x2ff0
entry 0x403cc71a
I (30) boot: ESP-IDF v5.4.1 2nd stage bootloader
I (30) boot: compile time Oct 17 2025 15:42:48
I (30) boot: chip revision: v0.3
I (30) boot: efuse block revision: v1.1
I (34) boot.esp32c3: SPI Speed      : 80MHz
I (38) boot.esp32c3: SPI Mode       : DIO
I (41) boot.esp32c3: SPI Flash Size : 4MB
I (45) boot: Enabling RNG early entropy source...
I (50) boot: Partition Table:
I (52) boot: ## Label            Usage          Type ST Offset   Length
I (59) boot:  0 nvs              WiFi data        01 02 00009000 00006000
I (65) boot:  1 phy_init         RF data          01 01 0000f000 00001000
I (72) boot:  2 factory          factory app      00 00 00010000 00100000
I (78) boot: End of partition table
I (81) esp_image: segment 0: paddr=00010020 vaddr=3c0b0020 size=25488h (152712) map
I (113) esp_image: segment 1: paddr=000354b0 vaddr=3fc93400 size=03048h ( 12360) load
I (116) esp_image: segment 2: paddr=00038500 vaddr=40380000 size=07b18h ( 31512) load
I (123) esp_image: segment 3: paddr=00040020 vaddr=42000020 size=ad8d0h (710864) map
I (238) esp_image: segment 4: paddr=000ed8f8 vaddr=40387b18 size=0b858h ( 47192) load
I (247) esp_image: segment 5: paddr=000f9158 vaddr=50000200 size=0001ch (    28) load
I (253) boot: Loaded app from partition at offset 0x10000
I (253) boot: Disabling RNG early entropy source...
I (264) cpu_start: Unicore app
I (273) cpu_start: Pro cpu start user code
I (273) cpu_start: cpu freq: 160000000 Hz
I (273) app_init: Application information:
I (273) app_init: Project name:     test
I (276) app_init: App version:      c27c9b9-dirty
I (281) app_init: Compile time:     Oct 17 2025 15:42:41
I (286) app_init: ELF file SHA256:  6667aa3f0...
I (290) app_init: ESP-IDF:          v5.4.1
I (294) efuse_init: Min chip rev:     v0.3
I (298) efuse_init: Max chip rev:     v1.99 
I (302) efuse_init: Chip rev:         v0.3
I (306) heap_init: Initializing. RAM available for dynamic allocation:
I (312) heap_init: At 3FC9DF20 len 000220E0 (136 KiB): RAM
I (317) heap_init: At 3FCC0000 len 0001C710 (113 KiB): Retention RAM
I (323) heap_init: At 3FCDC710 len 00002950 (10 KiB): Retention RAM
I (329) heap_init: At 5000021C len 00001DCC (7 KiB): RTCRAM
I (335) spi_flash: detected chip: generic
I (338) spi_flash: flash io: dio
I (342) sleep_gpio: Configure to isolate all GPIO pins in sleep state
I (347) sleep_gpio: Enable automatic switching of GPIO sleep configuration
I (354) main_task: Started on CPU0
I (384) main_task: Calling app_main()
[5n
Type 'help' to get the list of commands.
Use UP/DOWN arrows to navigate through command history.
Press TAB when typing command name to auto-complete.

Your terminal application does not support escape sequences.

Line editing and history features are disabled.

On Windows, try using Putty instead.
esp32> W (884) hil_test: WiFi and Golioth credentials are not set. Use the shell settings commands to set them.

esp32> 
esp32> 
esp32> 
esp32> settings set wifi/ssid "***MIKES_ORANGE_PI_WIFI_SSID***"
Setting wifi/ssid saved
esp32> 
esp32> 
esp32> 
esp32> 
esp32> 
esp32> settings set wifi/psk "***MIKES_ORANGE_PI_WIFI_PSK***"
Setting wifi/psk saved
esp32> 
es::add-mask::generated-cqHhrvKTeWiQfhcF
p32> 
esp32> 
esp32> 
esp32> 
esp32> settings set golioth/psk-id "generated-cqHhrvKTeWiQfhcF@firmware_ci"
Setting golioth/psk-id saved
esp32> 
esp32> 
esp32> 
esp32> 
esp32> 
esp32> settings set golioth/psk "generated-cqHhrvKTeWiQfhcF"
Setting golioth/psk saved
esp32> 
esp32> I (6904) pp: pp rom version: 9387209
I (6904) net80211: net80211 rom version: 9387209
I (6924) wifi_init: rx ba win: 6
I (6924) wifi_init: accept mbox: 6
I (6924) wifi_init: tcpip mbox: 32
I (6924) wifi_init: udp mbox: 6
I (6924) wifi_init: tcp mbox: 6
I (6934) wifi_init: tcp tx win: 5760
I (6934) wifi_init: tcp rx win: 5760
I (6934) wifi_init: tcp mss: 1440
I (6944) wifi_init: WiFi IRAM OP enabled
I (6944) wifi_init: WiFi RX IRAM OP enabled
I (6944) phy_init: phy_version 1200,2b7123f9,Feb 18 2025,15:22:21
W (6954) phy_init: failed to load RF calibration data (0x1102), falling back to full calibration
I (6994) phy_init: Saving new calibration data due to checksum failure or outdated calibration data, mode(2)
I (9014) esp_netif_handlers: sta ip: 192.168.8.119, mask: 255.255.255.0, gw: 192.168.8.1
I (9014) example_wifi: WiFi Connected. Got IP:192.168.8.119
I (9024) example_wifi: Connected to AP SSID: ***MIKES_ORANGE_PI_WIFI_SSID***
I (9024) golioth_mbox: Mbox created, bufsize: 2688, num_items: 20, item_size: 128
I (9054) golioth_coap_client_libcoap: Start CoAP session with host: coaps://coap.golioth.io
I (9054) golioth_coap_client_libcoap: Session PSK-ID: generated-cqHhrvKTeWiQfhcF@firmware_ci
I (9064) libcoap: Setting PSK key

I (9074) golioth_coap_client_libcoap: Entering CoAP I/O loop
I (9554) golioth_coap_client_libcoap: Golioth CoAP client connected
I (9824) golioth_rpc: RPC observation established
