Warning: Deprecated: Command 'write_flash' is deprecated. Use 'write-flash' instead.
esptool v5.1.0
Serial port /dev/serial/by-id/usb-Silicon_Labs_CP2102N_USB_to_UART_Bridge_Controller_ee6375f01ce7ec11973dbed05adebb74-if00-port0:
Connecting....
Detecting chip type... ESP32-C3
Connected to ESP32-C3 on /dev/serial/by-id/usb-Silicon_Labs_CP2102N_USB_to_UART_Bridge_Controller_ee6375f01ce7ec11973dbed05adebb74-if00-port0:
Chip type:          ESP32-C3 (QFN32) (revision v0.4)
Features:           Wi-Fi, BT 5 (LE), Single Core, 160MHz, Embedded Flash 4MB (XMC)
Crystal frequency:  40MHz
MAC:                ec:da:3b:0d:18:84

Uploading stub flasher...
Running stub flasher...
Stub flasher running.
Changing baud rate to 460800...
Changed.

Configuring flash size...
Erasing flash memory (this may take a while)...
Flash memory erased successfully in 18.2 seconds.
Compressed 1023344 bytes to 600634...
Writing at 0x00000000 [                              ]   0.0% 0/600634 bytes... 
Writing at 0x00011d41 [                              ]   2.7% 16384/600634 bytes... 
Writing at 0x0001e698 [>                             ]   5.5% 32768/600634 bytes... 
Writing at 0x0002aa27 [=>                            ]   8.2% 49152/600634 bytes... 
Writing at 0x0003352f [==>                           ]  10.9% 65536/600634 bytes... 
Writing at 0x0003bae3 [===>                          ]  13.6% 81920/600634 bytes... 
Writing at 0x00041b7c [===>                          ]  16.4% 98304/600634 bytes... 
Writing at 0x00047f38 [====>                         ]  19.1% 114688/600634 bytes... 
Writing at 0x0004e44a [=====>                        ]  21.8% 131072/600634 bytes... 
Writing at 0x000544fe [======>                       ]  24.6% 147456/600634 bytes... 
Writing at 0x00059edc [=======>                      ]  27.3% 163840/600634 bytes... 
Writing at 0x0005fa7a [========>                     ]  30.0% 180224/600634 bytes... 
Writing at 0x000662ed [========>                     ]  32.7% 196608/600634 bytes... 
Writing at 0x0006be73 [=========>                    ]  35.5% 212992/600634 bytes... 
Writing at 0x00071f5b [==========>                   ]  38.2% 229376/600634 bytes... 
Writing at 0x00077ddb [===========>                  ]  40.9% 245760/600634 bytes... 
Writing at 0x0007dece [============>                 ]  43.6% 262144/600634 bytes... 
Writing at 0x00083a64 [============>                 ]  46.4% 278528/600634 bytes... 
Writing at 0x00089132 [=============>                ]  49.1% 294912/600634 bytes... 
Writing at 0x0008ebcc [==============>               ]  51.8% 311296/600634 bytes... 
Writing at 0x00094cd5 [===============>              ]  54.6% 327680/600634 bytes... 
Writing at 0x0009a727 [================>             ]  57.3% 344064/600634 bytes... 
Writing at 0x0009ff90 [=================>            ]  60.0% 360448/600634 bytes... 
Writing at 0x000a5f0f [=================>            ]  62.7% 376832/600634 bytes... 
Writing at 0x000ac502 [==================>           ]  65.5% 393216/600634 bytes... 
Writing at 0x000b25d5 [===================>          ]  68.2% 409600/600634 bytes... 
Writing at 0x000b8a4e [====================>         ]  70.9% 425984/600634 bytes... 
Writing at 0x000be9de [=====================>        ]  73.7% 442368/600634 bytes... 
Writing at 0x000c4719 [=====================>        ]  76.4% 458752/600634 bytes... 
Writing at 0x000c9d22 [======================>       ]  79.1% 475136/600634 bytes... 
Writing at 0x000cfba5 [=======================>      ]  81.8% 491520/600634 bytes... 
Writing at 0x000d58a5 [========================>     ]  84.6% 507904/600634 bytes... 
Writing at 0x000dc97c [=========================>    ]  87.3% 524288/600634 bytes... 
Writing at 0x000e2e7f [==========================>   ]  90.0% 540672/600634 bytes... 
Writing at 0x000e9d29 [==========================>   ]  92.7% 557056/600634 bytes... 
Writing at 0x000efc17 [===========================>  ]  95.5% 573440/600634 bytes... 
Writing at 0x000f5c01 [============================> ]  98.2% 589824/600634 bytes... 
Writing at 0x000f9d70 [==============================] 100.0% 600634/600634 bytes... 
Wrote 1023344 bytes (600634 compressed) at 0x00000000 in 21.8 seconds (375.3 kbit/s).
Hash of data verified.

Hard resetting via RTS pin...
ESP-ROM:esp32c3-api1-20210207
Build:Feb  7 2021
rst:0x1 (POWERON),boot:0xc (SPI_FAST_FLASH_BOOT)
SPIWP:0xee
mode:DIO, clock div:1
load:0x3fcd5820,len:0x1574
load:0x403cc710,len:0xc30
load:0x403ce710,len:0x2f64
entry 0x403cc71a
I (30) boot: ESP-IDF v5.4.1 2nd stage bootloader
I (30) boot: compile time Oct 17 2025 15:44:16
I (30) boot: chip revision: v0.4
I (30) boot: efuse block revision: v1.2
I (34) boot.esp32c3: SPI Speed      : 80MHz
I (38) boot.esp32c3: SPI Mode       : DIO
I (41) boot.esp32c3: SPI Flash Size : 2MB
I (45) boot: Enabling RNG early entropy source...
I (50) boot: Partition Table:
I (52) boot: ## Label            Usage          Type ST Offset   Length
I (59) boot:  0 nvs              WiFi data        01 02 00009000 00006000
I (65) boot:  1 phy_init         RF data          01 01 0000f000 00001000
I (72) boot:  2 factory          factory app      00 00 00010000 00100000
I (78) boot: End of partition table
I (81) esp_image: segment 0: paddr=00010020 vaddr=3c0b0020 size=25a1ch (154140) map
I (113) esp_image: segment 1: paddr=00035a44 vaddr=3fc93400 size=03050h ( 12368) load
I (116) esp_image: segment 2: paddr=00038a9c vaddr=40380000 size=0757ch ( 30076) load
I (123) esp_image: segment 3: paddr=00040020 vaddr=42000020 size=adf00h (712448) map
I (238) esp_image: segment 4: paddr=000edf28 vaddr=4038757c size=0bdf4h ( 48628) load
I (247) esp_image: segment 5: paddr=000f9d24 vaddr=50000200 size=0001ch (    28) load
I (254) boot: Loaded app from partition at offset 0x10000
I (254) boot: Disabling RNG early entropy source...
I (265) cpu_start: Unicore app
I (273) cpu_start: Pro cpu start user code
I (273) cpu_start: cpu freq: 160000000 Hz
I (273) app_init: Application information:
I (274) app_init: Project name:     cpp
I (277) app_init: App version:      c27c9b9-dirty
I (281) app_init: Compile time:     Oct 17 2025 15:44:09
I (287) app_init: ELF file SHA256:  81d1ed341...
I (291) app_init: ESP-IDF:          v5.4.1
I (295) efuse_init: Min chip rev:     v0.3
I (298) efuse_init: Max chip rev:     v1.99 
I (302) efuse_init: Chip rev:         v0.4
I (306) heap_init: Initializing. RAM available for dynamic allocation:
I (313) heap_init: At 3FC9DF50 len 000220B0 (136 KiB): RAM
I (318) heap_init: At 3FCC0000 len 0001C710 (113 KiB): Retention RAM
I (324) heap_init: At 3FCDC710 len 00002950 (10 KiB): Retention RAM
I (330) heap_init: At 5000021C len 00001DCC (7 KiB): RTCRAM
I (336) spi_flash: detected chip: generic
I (339) spi_flash: flash io: dio
W (342) spi_flash: Detected size(4096k) larger than the size in the binary image header(2048k). Using the size in the binary image header.
I (354) sleep_gpio: Configure to isolate all GPIO pins in sleep state
I (360) sleep_gpio: Enable automatic switching of GPIO sleep configuration
I (367) main_task: Started on CPU0
I (377) main_task: Calling app_main()
[5n
Type 'help' to get the list of commands.
Use UP/DOWN arrows to navigate through command history.
Press TAB when typing command name to auto-complete.

Your terminal application does not support escape sequences.

Line editing and history features are disabled.

On Windows, try using Putty instead.
esp32> W (887) app_main: WiFi and Golioth credentials are not set. Use the shell settings commands to set them.

esp32> 
esp32> 
esp32> 
esp32> settings set wifi/ssid "***MIKES_ORANGE_PI_WIFI_SSID***"
Setting wifi/ssid saved
esp32> 
esp32> 
esp32> 
esp32> 
esp32> 
esp32> settings set wifi/psk "***MIKES_ORANGE_PI_WIFI_PSK***"
Setting wifi/psk saved
esp32> 
es::add-mask::generated-yDrGzaddpeTgNevA
p32> 
esp32> 
esp32> 
esp32> 
esp32> settings set golioth/psk-id "generated-yDrGzaddpeTgNevA@firmware_ci"
Setting golioth/psk-id saved
esp32> 
esp32> 
esp32> 
esp32> 
esp32> 
esp32> settings set golioth/psk "generated-yDrGzaddpeTgNevA"
Setting golioth/psk saved
esp32> 
esp32> I (7907) pp: pp rom version: 9387209
I (7907) net80211: net80211 rom version: 9387209
I (7927) wifi_init: rx ba win: 6
I (7927) wifi_init: accept mbox: 6
I (7927) wifi_init: tcpip mbox: 32
I (7927) wifi_init: udp mbox: 6
I (7927) wifi_init: tcp mbox: 6
I (7937) wifi_init: tcp tx win: 5760
I (7937) wifi_init: tcp rx win: 5760
I (7937) wifi_init: tcp mss: 1440
I (7947) wifi_init: WiFi IRAM OP enabled
I (7947) wifi_init: WiFi RX IRAM OP enabled
I (7947) phy_init: phy_version 1200,2b7123f9,Feb 18 2025,15:22:21
W (7957) phy_init: failed to load RF calibration data (0x1102), falling back to full calibration
I (7987) phy_init: Saving new calibration data due to checksum failure or outdated calibration data, mode(2)
I (10017) esp_netif_handlers: sta ip: 192.168.8.238, mask: 255.255.255.0, gw: 192.168.8.1
I (10017) example_wifi: WiFi Connected. Got IP:192.168.8.238
I (10027) example_wifi: Connected to AP SSID: ***MIKES_ORANGE_PI_WIFI_SSID***
I (10027) golioth_mbox: Mbox created, bufsize: 2688, num_items: 20, item_size: 128
I (10037) app_main: Hello, Golioth 0!
I (10047) golioth_coap_client_libcoap: Start CoAP session with host: coaps://coap.golioth.io
I (10047) golioth_coap_client_libcoap: Session PSK-ID: generated-yDrGzaddpeTgNevA@firmware_ci
I (10067) libcoap: Setting PSK key

I (10067) golioth_coap_client_libcoap: Entering CoAP I/O loop
I (10277) golioth_coap_client_libcoap: Golioth CoAP client connected
I (15037) app_main: Hello, Golioth 1!
I (20037) app_main: Hello, Golioth 2!
