Warning: Deprecated: Command 'write_flash' is deprecated. Use 'write-flash' instead.
esptool v5.1.0
Serial port /dev/serial/by-id/usb-Silicon_Labs_CP2102N_USB_to_UART_Bridge_Controller_18a5eb8de0faeb11a1553ea4c6d924ec-if00-port0:
Connecting....
Detecting chip type... ESP32-C3
Connected to ESP32-C3 on /dev/serial/by-id/usb-Silicon_Labs_CP2102N_USB_to_UART_Bridge_Controller_18a5eb8de0faeb11a1553ea4c6d924ec-if00-port0:
Chip type:          ESP32-C3 (QFN32) (revision v0.3)
Features:           Wi-Fi, BT 5 (LE), Single Core, 160MHz
Crystal frequency:  40MHz
MAC:                7c:df:a1:da:77:ac

Uploading stub flasher...
Running stub flasher...
Stub flasher running.
Changing baud rate to 460800...
Changed.

Configuring flash size...
Erasing flash memory (this may take a while)...
Flash memory erased successfully in 10.6 seconds.
Compressed 1011200 bytes to 593273...
Writing at 0x00000000 [                              ]   0.0% 0/593273 bytes... 
Writing at 0x00011bde [                              ]   2.8% 16384/593273 bytes... 
Writing at 0x0001e5d0 [>                             ]   5.5% 32768/593273 bytes... 
Writing at 0x0002a59d [=>                            ]   8.3% 49152/593273 bytes... 
Writing at 0x00033b93 [==>                           ]  11.0% 65536/593273 bytes... 
Writing at 0x0003b69a [===>                          ]  13.8% 81920/593273 bytes... 
Writing at 0x000417e8 [===>                          ]  16.6% 98304/593273 bytes... 
Writing at 0x00047a04 [====>                         ]  19.3% 114688/593273 bytes... 
Writing at 0x0004dfc8 [=====>                        ]  22.1% 131072/593273 bytes... 
Writing at 0x0005409e [======>                       ]  24.9% 147456/593273 bytes... 
Writing at 0x00059a6d [=======>                      ]  27.6% 163840/593273 bytes... 
Writing at 0x0005f62d [========>                     ]  30.4% 180224/593273 bytes... 
Writing at 0x00065e9f [========>                     ]  33.1% 196608/593273 bytes... 
Writing at 0x0006ba29 [=========>                    ]  35.9% 212992/593273 bytes... 
Writing at 0x00071b51 [==========>                   ]  38.7% 229376/593273 bytes... 
Writing at 0x0007793e [===========>                  ]  41.4% 245760/593273 bytes... 
Writing at 0x0007da78 [============>                 ]  44.2% 262144/593273 bytes... 
Writing at 0x000835d5 [=============>                ]  46.9% 278528/593273 bytes... 
Writing at 0x00088c93 [=============>                ]  49.7% 294912/593273 bytes... 
Writing at 0x0008e75d [==============>               ]  52.5% 311296/593273 bytes... 
Writing at 0x00094876 [===============>              ]  55.2% 327680/593273 bytes... 
Writing at 0x0009a56a [================>             ]  58.0% 344064/593273 bytes... 
Writing at 0x0009fdc3 [=================>            ]  60.8% 360448/593273 bytes... 
Writing at 0x000a5d31 [==================>           ]  63.5% 376832/593273 bytes... 
Writing at 0x000ac48c [==================>           ]  66.3% 393216/593273 bytes... 
Writing at 0x000b263f [===================>          ]  69.0% 409600/593273 bytes... 
Writing at 0x000b8728 [====================>         ]  71.8% 425984/593273 bytes... 
Writing at 0x000be96c [=====================>        ]  74.6% 442368/593273 bytes... 
Writing at 0x000c42fc [======================>       ]  77.3% 458752/593273 bytes... 
Writing at 0x000c9a20 [=======================>      ]  80.1% 475136/593273 bytes... 
Writing at 0x000cf7c2 [=======================>      ]  82.8% 491520/593273 bytes... 
Writing at 0x000d55c6 [========================>     ]  85.6% 507904/593273 bytes... 
Writing at 0x000dc593 [=========================>    ]  88.4% 524288/593273 bytes... 
Writing at 0x000e305d [==========================>   ]  91.1% 540672/593273 bytes... 
Writing at 0x000e96c4 [===========================>  ]  93.9% 557056/593273 bytes... 
Writing at 0x000ef8dd [===========================>  ]  96.7% 573440/593273 bytes... 
Writing at 0x000f5716 [============================> ]  99.4% 589824/593273 bytes... 
Writing at 0x000f6e00 [==============================] 100.0% 593273/593273 bytes... 
Wrote 1011200 bytes (593273 compressed) at 0x00000000 in 19.5 seconds (415.0 kbit/s).
Hash of data verified.

Hard resetting via RTS pin...
ESP-ROM:esp32c3-api1-20210207
Build:Feb  7 2021
rst:0x1 (POWERON),boot:0xc (SPI_FAST_FLASH_BOOT)
SPIWP:0xee
mode:DIO, clock div:1
load:0x3fcd5820,len:0x1574
load:0x403cc710,len:0xc30
load:0x403ce710,len:0x2ff0
entry 0x403cc71a
I (30) boot: ESP-IDF v5.4.1 2nd stage bootloader
I (30) boot: compile time Oct 17 2025 15:42:48
I (30) boot: chip revision: v0.3
I (30) boot: efuse block revision: v1.1
I (34) boot.esp32c3: SPI Speed      : 80MHz
I (38) boot.esp32c3: SPI Mode       : DIO
I (41) boot.esp32c3: SPI Flash Size : 4MB
I (45) boot: Enabling RNG early entropy source...
I (50) boot: Partition Table:
I (52) boot: ## Label            Usage          Type ST Offset   Length
I (59) boot:  0 nvs              WiFi data        01 02 00009000 00006000
I (65) boot:  1 phy_init         RF data          01 01 0000f000 00001000
I (72) boot:  2 factory          factory app      00 00 00010000 00100000
I (78) boot: End of partition table
I (81) esp_image: segment 0: paddr=00010020 vaddr=3c0b0020 size=24b88h (150408) map
I (113) esp_image: segment 1: paddr=00034bb0 vaddr=3fc93400 size=03048h ( 12360) load
I (115) esp_image: segment 2: paddr=00037c00 vaddr=40380000 size=08418h ( 33816) load
I (123) esp_image: segment 3: paddr=00040020 vaddr=42000020 size=abe38h (704056) map
I (236) esp_image: segment 4: paddr=000ebe60 vaddr=40388418 size=0af58h ( 44888) load
I (245) esp_image: segment 5: paddr=000f6dc0 vaddr=50000200 size=0001ch (    28) load
I (251) boot: Loaded app from partition at offset 0x10000
I (251) boot: Disabling RNG early entropy source...
I (263) cpu_start: Unicore app
I (271) cpu_start: Pro cpu start user code
I (271) cpu_start: cpu freq: 160000000 Hz
I (271) app_init: Application information:
I (271) app_init: Project name:     test
I (275) app_init: App version:      c27c9b9-dirty
I (279) app_init: Compile time:     Oct 17 2025 15:42:41
I (284) app_init: ELF file SHA256:  5f55195fc...
I (288) app_init: ESP-IDF:          v5.4.1
I (292) efuse_init: Min chip rev:     v0.3
I (296) efuse_init: Max chip rev:     v1.99 
I (300) efuse_init: Chip rev:         v0.3
I (304) heap_init: Initializing. RAM available for dynamic allocation:
I (310) heap_init: At 3FC9DE10 len 000221F0 (136 KiB): RAM
I (315) heap_init: At 3FCC0000 len 0001C710 (113 KiB): Retention RAM
I (321) heap_init: At 3FCDC710 len 00002950 (10 KiB): Retention RAM
I (327) heap_init: At 5000021C len 00001DCC (7 KiB): RTCRAM
I (333) spi_flash: detected chip: generic
I (336) spi_flash: flash io: dio
I (340) sleep_gpio: Configure to isolate all GPIO pins in sleep state
I (346) sleep_gpio: Enable automatic switching of GPIO sleep configuration
I (352) main_task: Started on CPU0
I (382) main_task: Calling app_main()
[5n
Type 'help' to get the list of commands.
Use UP/DOWN arrows to navigate through command history.
Press TAB when typing command name to auto-complete.

Your terminal application does not support escape sequences.

Line editing and history features are disabled.

On Windows, try using Putty instead.
esp32> W (882) hil_test: WiFi and Golioth credentials are not set. Use the shell settings commands to set them.

esp32> 
esp32> 
esp32> 
esp32> settings set wifi/ssid "***MIKES_ORANGE_PI_WIFI_SSID***"
Setting wifi/ssid saved
esp32> 
esp32> 
esp32> 
esp32> 
esp32> 
esp32> settings set wifi/psk "***MIKES_ORANGE_PI_WIFI_PSK***"
Setting wifi/psk saved
esp32> 
es::add-mask::generated-gMxaqXdiMjVYQDFe
p32> 
esp32> 
esp32> 
esp32> 
esp32> settings set golioth/psk-id "generated-gMxaqXdiMjVYQDFe@firmware_ci"
Setting golioth/psk-id saved
esp32> 
esp32> 
esp32> 
esp32> 
esp32> 
esp32> settings set golioth/psk "generated-gMxaqXdiMjVYQDFe"
Setting golioth/psk saved
esp32> 
esp32> I (7902) pp: pp rom version: 9387209
I (7902) net80211: net80211 rom version: 9387209
I (7922) wifi_init: rx ba win: 6
I (7922) wifi_init: accept mbox: 6
I (7922) wifi_init: tcpip mbox: 32
I (7922) wifi_init: udp mbox: 6
I (7922) wifi_init: tcp mbox: 6
I (7932) wifi_init: tcp tx win: 5760
I (7932) wifi_init: tcp rx win: 5760
I (7932) wifi_init: tcp mss: 1440
I (7942) wifi_init: WiFi IRAM OP enabled
I (7942) wifi_init: WiFi RX IRAM OP enabled
I (7942) phy_init: phy_version 1200,2b7123f9,Feb 18 2025,15:22:21
W (7952) phy_init: failed to load RF calibration data (0x1102), falling back to full calibration
I (7982) phy_init: Saving new calibration data due to checksum failure or outdated calibration data, mode(2)
I (9962) esp_netif_handlers: sta ip: 192.168.8.119, mask: 255.255.255.0, gw: 192.168.8.1
I (9962) example_wifi: WiFi Connected. Got IP:192.168.8.119
I (9972) example_wifi: Connected to AP SSID: ***MIKES_ORANGE_PI_WIFI_SSID***
I (9972) golioth_mbox: Mbox created, bufsize: 2688, num_items: 20, item_size: 128
I (10002) golioth_coap_client_libcoap: Start CoAP session with host: coaps://coap.golioth.io
I (10002) golioth_coap_client_libcoap: Session PSK-ID: generated-gMxaqXdiMjVYQDFe@firmware_ci
I (10022) libcoap: Setting PSK key

I (10022) golioth_coap_client_libcoap: Entering CoAP I/O loop
I (10742) golioth_coap_client_libcoap: Golioth CoAP client connected
I (10742) test_connect: Golioth client connected
I (11742) test_connect: Stopping client
I (11742) golioth_coap_client_libcoap: Attempting to stop client
I (11902) golioth_coap_client_libcoap: Stopping
I (11902) golioth_coap_client_libcoap: Ending session
I (11902) test_connect: Golioth client disconnected
I (22942) test_connect: Starting client
I (22942) golioth_coap_client_libcoap: Start CoAP session with host: coaps://coap.golioth.io
I (22942) golioth_coap_client_libcoap: Session PSK-ID: generated-gMxaqXdiMjVYQDFe@firmware_ci
I (22952) libcoap: Setting PSK key

I (22952) golioth_coap_client_libcoap: Entering CoAP I/O loop
I (23632) golioth_coap_client_libcoap: Golioth CoAP client connected
I (23632) test_connect: Golioth client connected
I (24642) test_connect: Destroying client
I (24642) golioth_coap_client_libcoap: Attempting to stop client
I (24862) golioth_coap_client_libcoap: Stopping
I (24862) golioth_coap_client_libcoap: Ending session
I (24862) test_connect: Golioth client disconnected
I (35942) test_connect: Starting client
I (35942) golioth_mbox: Mbox created, bufsize: 2688, num_items: 20, item_size: 128
I (35942) golioth_coap_client_libcoap: Start CoAP session with host: coaps://coap.golioth.io
I (35952) golioth_coap_client_libcoap: Session PSK-ID: generated-gMxaqXdiMjVYQDFe@firmware_ci
I (35962) libcoap: Setting PSK key

I (35962) golioth_coap_client_libcoap: Entering CoAP I/O loop
I (36952) golioth_coap_client_libcoap: Golioth CoAP client connected
