Warning: Deprecated: Command 'write_flash' is deprecated. Use 'write-flash' instead.
esptool v5.1.0
Serial port /dev/serial/by-id/usb-Silicon_Labs_CP2102N_USB_to_UART_Bridge_Controller_90568bbbd827ee11b31a14d8f49e3369-if00-port0:
Connecting....
Detecting chip type... ESP32
Connected to ESP32 on /dev/serial/by-id/usb-Silicon_Labs_CP2102N_USB_to_UART_Bridge_Controller_90568bbbd827ee11b31a14d8f49e3369-if00-port0:
Chip type:          ESP32-D0WD-V3 (revision v3.1)
Features:           Wi-Fi, BT, Dual Core + LP Core, 240MHz, Vref calibration in eFuse, Coding Scheme None
Crystal frequency:  40MHz
MAC:                a0:a3:b3:8b:38:c0

Uploading stub flasher...
Running stub flasher...
Stub flasher running.
Changing baud rate to 460800...
Changed.

Configuring flash size...
Erasing flash memory (this may take a while)...
Flash memory erased successfully in 2.2 seconds.
Compressed 970304 bytes to 610255...
Writing at 0x00000000 [                              ]   0.0% 0/610255 bytes... 
Writing at 0x000074b0 [                              ]   2.7% 16384/610255 bytes... 
Writing at 0x0001bfd9 [>                             ]   5.4% 32768/610255 bytes... 
Writing at 0x00028bea [=>                            ]   8.1% 49152/610255 bytes... 
Writing at 0x000317c3 [==>                           ]  10.7% 65536/610255 bytes... 
Writing at 0x0003ae7e [===>                          ]  13.4% 81920/610255 bytes... 
Writing at 0x00040598 [===>                          ]  16.1% 98304/610255 bytes... 
Writing at 0x00045f7d [====>                         ]  18.8% 114688/610255 bytes... 
Writing at 0x0004b7b0 [=====>                        ]  21.5% 131072/610255 bytes... 
Writing at 0x00050cab [======>                       ]  24.2% 147456/610255 bytes... 
Writing at 0x00055f18 [=======>                      ]  26.8% 163840/610255 bytes... 
Writing at 0x0005b2aa [=======>                      ]  29.5% 180224/610255 bytes... 
Writing at 0x000609c1 [========>                     ]  32.2% 196608/610255 bytes... 
Writing at 0x00065a5b [=========>                    ]  34.9% 212992/610255 bytes... 
Writing at 0x0006abf6 [==========>                   ]  37.6% 229376/610255 bytes... 
Writing at 0x0006ffa6 [===========>                  ]  40.3% 245760/610255 bytes... 
Writing at 0x000750b4 [===========>                  ]  43.0% 262144/610255 bytes... 
Writing at 0x0007a3ec [============>                 ]  45.6% 278528/610255 bytes... 
Writing at 0x0007f7ce [=============>                ]  48.3% 294912/610255 bytes... 
Writing at 0x000851d9 [==============>               ]  51.0% 311296/610255 bytes... 
Writing at 0x0008aa63 [===============>              ]  53.7% 327680/610255 bytes... 
Writing at 0x0008fdbb [===============>              ]  56.4% 344064/610255 bytes... 
Writing at 0x0009500d [================>             ]  59.1% 360448/610255 bytes... 
Writing at 0x0009a778 [=================>            ]  61.7% 376832/610255 bytes... 
Writing at 0x0009fe49 [==================>           ]  64.4% 393216/610255 bytes... 
Writing at 0x000a515e [===================>          ]  67.1% 409600/610255 bytes... 
Writing at 0x000aa7de [===================>          ]  69.8% 425984/610255 bytes... 
Writing at 0x000b01bf [====================>         ]  72.5% 442368/610255 bytes... 
Writing at 0x000b52d6 [=====================>        ]  75.2% 458752/610255 bytes... 
Writing at 0x000ba642 [======================>       ]  77.9% 475136/610255 bytes... 
Writing at 0x000c0069 [=======================>      ]  80.5% 491520/610255 bytes... 
Writing at 0x000c7778 [=======================>      ]  83.2% 507904/610255 bytes... 
Writing at 0x000cde25 [========================>     ]  85.9% 524288/610255 bytes... 
Writing at 0x000d563d [=========================>    ]  88.6% 540672/610255 bytes... 
Writing at 0x000dad7a [==========================>   ]  91.3% 557056/610255 bytes... 
Writing at 0x000e0786 [===========================>  ]  94.0% 573440/610255 bytes... 
Writing at 0x000e6382 [===========================>  ]  96.7% 589824/610255 bytes... 
Writing at 0x000eb5fb [============================> ]  99.3% 606208/610255 bytes... 
Writing at 0x000ece40 [==============================] 100.0% 610255/610255 bytes... 
Wrote 970304 bytes (610255 compressed) at 0x00000000 in 17.9 seconds (433.4 kbit/s).
Hash of data verified.

Hard resetting via RTS pin...
:0x00,d_drv:0x00,cs0_drv:0x00,hd_drv:0x00,wp_drv:0x00
mode:DIO, clock div:2
load:0x3fff0030,len:6276
load:0x40078000,len:15828
load:0x40080400,len:4
ho 8 tail 4 room 4
load:0x40080404,len:3860
entry 0x4008063c
I (31) boot: ESP-IDF v5.4.1 2nd stage bootloader
I (31) boot: compile time Oct 17 2025 15:43:17
I (31) boot: Multicore bootloader
I (32) boot: chip revision: v3.1
I (35) boot.esp32: SPI Speed      : 40MHz
I (39) boot.esp32: SPI Mode       : DIO
I (43) boot.esp32: SPI Flash Size : 4MB
I (46) boot: Enabling RNG early entropy source...
I (51) boot: Partition Table:
I (53) boot: ## Label            Usage          Type ST Offset   Length
I (60) boot:  0 nvs              WiFi data        01 02 00009000 00006000
I (66) boot:  1 phy_init         RF data          01 01 0000f000 00001000
I (73) boot:  2 factory          factory app      00 00 00010000 00100000
I (79) boot: End of partition table
I (82) esp_image: segment 0: paddr=00010020 vaddr=3f400020 size=24070h (147568) map
I (140) esp_image: segment 1: paddr=00034098 vaddr=3ff80000 size=0001ch (    28) load
I (141) esp_image: segment 2: paddr=000340bc vaddr=3ffb0000 size=040d8h ( 16600) load
I (150) esp_image: segment 3: paddr=0003819c vaddr=40080000 size=07e7ch ( 32380) load
I (164) esp_image: segment 4: paddr=00040020 vaddr=400d0020 size=9dcd8h (646360) map
I (385) esp_image: segment 5: paddr=000ddd00 vaddr=40087e7c size=0f118h ( 61720) load
I (421) boot: Loaded app from partition at offset 0x10000
I (421) boot: Disabling RNG early entropy source...
I (431) cpu_start: Multicore app
I (439) cpu_start: Pro cpu start user code
I (439) cpu_start: cpu freq: 160000000 Hz
I (439) app_init: Application information:
I (439) app_init: Project name:     test
I (443) app_init: App version:      c27c9b9-dirty
I (447) app_init: Compile time:     Oct 17 2025 15:43:10
I (453) app_init: ELF file SHA256:  5d0edb1ec...
I (457) app_init: ESP-IDF:          v5.4.1
I (461) efuse_init: Min chip rev:     v0.0
I (465) efuse_init: Max chip rev:     v3.99 
I (469) efuse_init: Chip rev:         v3.1
I (473) heap_init: Initializing. RAM available for dynamic allocation:
I (479) heap_init: At 3FFAE6E0 len 00001920 (6 KiB): DRAM
I (484) heap_init: At 3FFBBA88 len 00024578 (145 KiB): DRAM
I (489) heap_init: At 3FFE0440 len 00003AE0 (14 KiB): D/IRAM
I (494) heap_init: At 3FFE4350 len 0001BCB0 (111 KiB): D/IRAM
I (500) heap_init: At 40096F94 len 0000906C (36 KiB): IRAM
I (507) spi_flash: detected chip: generic
I (509) spi_flash: flash io: dio
W (512) spi_flash: Detected size(8192k) larger than the size in the binary image header(4096k). Using the size in the binary image header.
I (525) main_task: Started on CPU0
I (535) main_task: Calling app_main()
[5n
Type 'help' to get the list of commands.
Use UP/DOWN arrows to navigate through command history.
Press TAB when typing command name to auto-complete.

Your terminal application does not support escape sequences.

Line editing and history features are disabled.

On Windows, try using Putty instead.
esp32> W (1045) hil_test: WiFi and Golioth credentials are not set. Use the shell settings commands to set them.

esp32> 
esp32> 
esp32> 
esp32> settings set wifi/ssid "***SAMS_ORANGE_PI_WIFI_SSID***"
Setting wifi/ssid saved
esp32> 
esp32> 
esp32> 
esp32> 
esp32> 
esp32> settings set wifi/psk "***SAMS_ORANGE_PI_WIFI_PSK***"
Setting wifi/psk saved
esp32> 
esp32> ::add-mask::generated-LrnBIoHLctRtLNex

esp32> 
esp32> 
esp32> 
esp32> settings set golioth/psk-id "generated-LrnBIoHLctRtLNex@firmware_ci"
Setting golioth/psk-id saved
esp32> 
esp32> 
esp32> 
esp32> 
esp32> 
esp32> settings set golioth/psk "generated-LrnBIoHLctRtLNex"
Setting golioth/psk saved
esp32> 
esp32> I (11095) wifi_init: rx ba win: 6
I (11095) wifi_init: accept mbox: 6
I (11095) wifi_init: tcpip mbox: 32
I (11095) wifi_init: udp mbox: 6
I (11095) wifi_init: tcp mbox: 6
I (11115) wifi_init: tcp tx win: 5760
I (11115) wifi_init: tcp rx win: 5760
I (11115) wifi_init: tcp mss: 1440
I (11115) wifi_init: WiFi IRAM OP enabled
I (11125) wifi_init: WiFi RX IRAM OP enabled
I (11125) phy_init: phy_version 4860,6b7a6e5,Feb  6 2025,14:47:07
W (11125) phy_init: failed to load RF calibration data (0x1102), falling back to full calibration
I (11205) phy_init: Saving new calibration data due to checksum failure or outdated calibration data, mode(2)
I (13135) esp_netif_handlers: sta ip: 192.168.0.119, mask: 255.255.255.0, gw: 192.168.0.1
I (13135) example_wifi: WiFi Connected. Got IP:192.168.0.119
I (13135) example_wifi: Connected to AP SSID: ***SAMS_ORANGE_PI_WIFI_SSID***
I (13145) golioth_mbox: Mbox created, bufsize: 2688, num_items: 20, item_size: 128
I (13175) golioth_coap_client_libcoap: Start CoAP session with host: coaps://coap.golioth.io
I (13185) golioth_coap_client_libcoap: Session PSK-ID: generated-LrnBIoHLctRtLNex@firmware_ci
I (13195) libcoap: Setting PSK key

I (13205) golioth_coap_client_libcoap: Entering CoAP I/O loop
I (14855) golioth_coap_client_libcoap: Golioth CoAP client connected
I (14905) test_settings: Received test_float: 1.230000
I (14905) test_settings: Received test_restart: false
I (14905) test_settings: Received test_bool: false
I (14905) test_settings: Received test_cancel: 0
I (14925) test_settings: Received test_int: 1
I (14925) test_settings: Received test_string: foo
I (14925) test_settings: Received test_int_range: 1
I (14995) test_settings: Received test_float: 1.230000
I (14995) test_settings: Received test_restart: false
I (14995) test_settings: Received test_string: foo
I (14995) test_settings: Received test_int_range: 1
I (15005) test_settings: Received test_int: 1
I (15005) test_settings: Received test_cancel: 0
I (15005) test_settings: Received test_bool: false
E (15025) golioth_settings: Failed to send a response to server: 10
I (15095) test_settings: Received test_bool: false
I (15095) test_settings: Received test_int_range: 1
I (15095) test_settings: Received test_restart: false
I (15095) test_settings: Received test_cancel: 0
I (15115) test_settings: Received test_int: 1
I (15115) test_settings: Received test_string: foo
I (15115) test_settings: Received test_float: 1.230000
E (15125) golioth_settings: Failed to send a response to server: 10
I (15185) test_settings: Received test_bool: false
I (15185) test_settings: Received test_cancel: 0
I (15185) test_settings: Received test_restart: false
I (15195) test_settings: Received test_string: foo
I (15205) test_settings: Received test_float: 1.230000
I (15205) test_settings: Received test_int_range: 1
I (15205) test_settings: Received test_int: 1
E (15215) golioth_settings: Failed to send a response to server: 10
I (15275) test_settings: Received test_string: foo
I (15275) test_settings: Received test_restart: false
I (15275) test_settings: Received test_int: 1
I (15275) test_settings: Received test_bool: false
I (15285) test_settings: Received test_int_range: 1
I (15285) test_settings: Received test_cancel: 0
I (15295) test_settings: Received test_float: 1.230000
E (15305) golioth_settings: Failed to send a response to server: 10
I (15475) test_settings: Received test_float: 1.230000
I (15475) test_settings: Received test_string: foo
I (15475) test_settings: Received test_int: 1
I (15475) test_settings: Received test_int_range: 1
I (15485) test_settings: Received test_cancel: 0
I (15485) test_settings: Received test_bool: false
I (15495) test_settings: Received test_restart: false
E (15505) golioth_settings: Failed to send a response to server: 10
I (15565) test_settings: Received test_int_range: 1
I (15565) test_settings: Received test_restart: false
I (15565) test_settings: Received test_bool: false
I (15565) test_settings: Received test_cancel: 0
I (15575) test_settings: Received test_string: foo
I (15585) test_settings: Received test_float: 1.230000
I (15585) test_settings: Received test_int: 1
E (15595) golioth_settings: Failed to send a response to server: 10
I (15655) test_settings: Received test_cancel: 0
I (15655) test_settings: Received test_float: 1.230000
I (15655) test_settings: Received test_int: 1
I (15665) test_settings: Received test_restart: false
I (15675) test_settings: Received test_bool: false
I (15675) test_settings: Received test_string: foo
I (15675) test_settings: Received test_int_range: 1
E (15675) golioth_settings: Failed to send a response to server: 10
I (15735) test_settings: Received test_int_range: 1
I (15745) test_settings: Received test_int: 1
I (15745) test_settings: Received test_string: foo
I (15745) test_settings: Received test_bool: false
I (15755) test_settings: Received test_float: 1.230000
I (15755) test_settings: Received test_restart: false
I (15755) test_settings: Received test_cancel: 0
E (15765) golioth_settings: Failed to send a response to server: 10
W (18885) golioth_coap_client_libcoap: CoAP message retransmitted
I (19865) test_settings: Settings registration complete
I (21825) test_settings: Received test_cancel: 0
I (21825) test_settings: Received test_float: 1.230000
I (21825) test_settings: Received test_int_range: 1
I (21825) test_settings: Received test_bool: false
I (21845) test_settings: Received test_int: 42
I (21845) test_settings: Received test_restart: false
I (218