Warning: Deprecated: Command 'write_flash' is deprecated. Use 'write-flash' instead.
esptool v5.1.0
Serial port /dev/serial/by-id/usb-Silicon_Labs_CP2102N_USB_to_UART_Bridge_Controller_18a5eb8de0faeb11a1553ea4c6d924ec-if00-port0:
Connecting....
Detecting chip type... ESP32-C3
Connected to ESP32-C3 on /dev/serial/by-id/usb-Silicon_Labs_CP2102N_USB_to_UART_Bridge_Controller_18a5eb8de0faeb11a1553ea4c6d924ec-if00-port0:
Chip type:          ESP32-C3 (QFN32) (revision v0.3)
Features:           Wi-Fi, BT 5 (LE), Single Core, 160MHz
Crystal frequency:  40MHz
MAC:                7c:df:a1:da:77:ac

Uploading stub flasher...
Running stub flasher...
Stub flasher running.
Changing baud rate to 460800...
Changed.

Configuring flash size...
Erasing flash memory (this may take a while)...
Flash memory erased successfully in 10.5 seconds.
Compressed 1022560 bytes to 599019...
Writing at 0x00000000 [                              ]   0.0% 0/599019 bytes... 
Writing at 0x00011bff [                              ]   2.7% 16384/599019 bytes... 
Writing at 0x0001e928 [>                             ]   5.5% 32768/599019 bytes... 
Writing at 0x0002aa4a [=>                            ]   8.2% 49152/599019 bytes... 
Writing at 0x00033fc2 [==>                           ]  10.9% 65536/599019 bytes... 
Writing at 0x0003bccc [===>                          ]  13.7% 81920/599019 bytes... 
Writing at 0x00041e17 [===>                          ]  16.4% 98304/599019 bytes... 
Writing at 0x0004819f [====>                         ]  19.1% 114688/599019 bytes... 
Writing at 0x0004e6e0 [=====>                        ]  21.9% 131072/599019 bytes... 
Writing at 0x00054e49 [======>                       ]  24.6% 147456/599019 bytes... 
Writing at 0x0005a6d3 [=======>                      ]  27.4% 163840/599019 bytes... 
Writing at 0x000602c0 [========>                     ]  30.1% 180224/599019 bytes... 
Writing at 0x0006695f [========>                     ]  32.8% 196608/599019 bytes... 
Writing at 0x0006c4d3 [=========>                    ]  35.6% 212992/599019 bytes... 
Writing at 0x00072388 [==========>                   ]  38.3% 229376/599019 bytes... 
Writing at 0x00078670 [===========>                  ]  41.0% 245760/599019 bytes... 
Writing at 0x0007e43f [============>                 ]  43.8% 262144/599019 bytes... 
Writing at 0x000843ce [============>                 ]  46.5% 278528/599019 bytes... 
Writing at 0x000898ee [=============>                ]  49.2% 294912/599019 bytes... 
Writing at 0x0008f3de [==============>               ]  52.0% 311296/599019 bytes... 
Writing at 0x000955fa [===============>              ]  54.7% 327680/599019 bytes... 
Writing at 0x0009b016 [================>             ]  57.4% 344064/599019 bytes... 
Writing at 0x000a0957 [=================>            ]  60.2% 360448/599019 bytes... 
Writing at 0x000a68de [=================>            ]  62.9% 376832/599019 bytes... 
Writing at 0x000ace75 [==================>           ]  65.6% 393216/599019 bytes... 
Writing at 0x000b2f35 [===================>          ]  68.4% 409600/599019 bytes... 
Writing at 0x000b93da [====================>         ]  71.1% 425984/599019 bytes... 
Writing at 0x000bf36a [=====================>        ]  73.8% 442368/599019 bytes... 
Writing at 0x000c50af [=====================>        ]  76.6% 458752/599019 bytes... 
Writing at 0x000ca6c8 [======================>       ]  79.3% 475136/599019 bytes... 
Writing at 0x000d04f0 [=======================>      ]  82.1% 491520/599019 bytes... 
Writing at 0x000d620e [========================>     ]  84.8% 507904/599019 bytes... 
Writing at 0x000dd1e6 [=========================>    ]  87.5% 524288/599019 bytes... 
Writing at 0x000e3676 [==========================>   ]  90.3% 540672/599019 bytes... 
Writing at 0x000ea31b [==========================>   ]  93.0% 557056/599019 bytes... 
Writing at 0x000f03be [===========================>  ]  95.7% 573440/599019 bytes... 
Writing at 0x000f626e [============================> ]  98.5% 589824/599019 bytes... 
Writing at 0x000f9a60 [==============================] 100.0% 599019/599019 bytes... 
Wrote 1022560 bytes (599019 compressed) at 0x00000000 in 20.0 seconds (409.2 kbit/s).
Hash of data verified.

Hard resetting via RTS pin...
ESP-ROM:esp32c3-api1-20210207
Build:Feb  7 2021
rst:0x1 (POWERON),boot:0xc (SPI_FAST_FLASH_BOOT)
SPIWP:0xee
mode:DIO, clock div:1
load:0x3fcd5820,len:0x1574
load:0x403cc710,len:0xc30
load:0x403ce710,len:0x2ff0
entry 0x403cc71a
I (30) boot: ESP-IDF v5.4.1 2nd stage bootloader
I (30) boot: compile time Oct 17 2025 15:42:48
I (30) boot: chip revision: v0.3
I (30) boot: efuse block revision: v1.1
I (34) boot.esp32c3: SPI Speed      : 80MHz
I (38) boot.esp32c3: SPI Mode       : DIO
I (41) boot.esp32c3: SPI Flash Size : 4MB
I (45) boot: Enabling RNG early entropy source...
I (50) boot: Partition Table:
I (52) boot: ## Label            Usage          Type ST Offset   Length
I (59) boot:  0 nvs              WiFi data        01 02 00009000 00006000
I (65) boot:  1 phy_init         RF data          01 01 0000f000 00001000
I (72) boot:  2 factory          factory app      00 00 00010000 00100000
I (78) boot: End of partition table
I (81) esp_image: segment 0: paddr=00010020 vaddr=3c0b0020 size=254b0h (152752) map
I (113) esp_image: segment 1: paddr=000354d8 vaddr=3fc93400 size=03048h ( 12360) load
I (116) esp_image: segment 2: paddr=00038528 vaddr=40380000 size=07af0h ( 31472) load
I (123) esp_image: segment 3: paddr=00040020 vaddr=42000020 size=ae16ch (713068) map
I (238) esp_image: segment 4: paddr=000ee194 vaddr=40387af0 size=0b880h ( 47232) load
I (247) esp_image: segment 5: paddr=000f9a1c vaddr=50000200 size=0001ch (    28) load
I (253) boot: Loaded app from partition at offset 0x10000
I (254) boot: Disabling RNG early entropy source...
I (265) cpu_start: Unicore app
I (273) cpu_start: Pro cpu start user code
I (273) cpu_start: cpu freq: 160000000 Hz
I (273) app_init: Application information:
I (273) app_init: Project name:     test
I (277) app_init: App version:      c27c9b9-dirty
I (281) app_init: Compile time:     Oct 17 2025 15:42:41
I (286) app_init: ELF file SHA256:  1a09c4192...
I (291) app_init: ESP-IDF:          v5.4.1
I (294) efuse_init: Min chip rev:     v0.3
I (298) efuse_init: Max chip rev:     v1.99 
I (302) efuse_init: Chip rev:         v0.3
I (306) heap_init: Initializing. RAM available for dynamic allocation:
I (312) heap_init: At 3FC9DE20 len 000221E0 (136 KiB): RAM
I (318) heap_init: At 3FCC0000 len 0001C710 (113 KiB): Retention RAM
I (324) heap_init: At 3FCDC710 len 00002950 (10 KiB): Retention RAM
I (330) heap_init: At 5000021C len 00001DCC (7 KiB): RTCRAM
I (336) spi_flash: detected chip: generic
I (339) spi_flash: flash io: dio
I (342) sleep_gpio: Configure to isolate all GPIO pins in sleep state
I (348) sleep_gpio: Enable automatic switching of GPIO sleep configuration
I (355) main_task: Started on CPU0
I (385) main_task: Calling app_main()
[5n
Type 'help' to get the list of commands.
Use UP/DOWN arrows to navigate through command history.
Press TAB when typing command name to auto-complete.

Your terminal application does not support escape sequences.

Line editing and history features are disabled.

On Windows, try using Putty instead.
esp32> W (885) hil_test: WiFi and Golioth credentials are not set. Use the shell settings commands to set them.

esp32> 
esp32> 
esp32> 
esp32> settings set wifi/ssid "***MIKES_ORANGE_PI_WIFI_SSID***"
Setting wifi/ssid saved
esp32> 
esp32> 
esp32> 
esp32> 
esp32> 
esp32> settings set wifi/psk "***MIKES_ORANGE_PI_WIFI_PSK***"
Setting wifi/psk saved
esp32> 
es::add-mask::generated-LiTQYaDcdFFpoELG
p32> 
esp32> 
esp32> 
esp32> 
esp32> settings set golioth/psk-id "generated-LiTQYaDcdFFpoELG@firmware_ci"
Setting golioth/psk-id saved
esp32> 
esp32> 
esp32> 
esp32> 
esp32> 
esp32> settings set golioth/psk "generated-LiTQYaDcdFFpoELG"
Setting golioth/psk saved
esp32> 
esp32> I (10905) pp: pp rom version: 9387209
I (10905) net80211: net80211 rom version: 9387209
I (10925) wifi_init: rx ba win: 6
I (10925) wifi_init: accept mbox: 6
I (10925) wifi_init: tcpip mbox: 32
I (10925) wifi_init: udp mbox: 6
I (10925) wifi_init: tcp mbox: 6
I (10935) wifi_init: tcp tx win: 5760
I (10935) wifi_init: tcp rx win: 5760
I (10935) wifi_init: tcp mss: 1440
I (10945) wifi_init: WiFi IRAM OP enabled
I (10945) wifi_init: WiFi RX IRAM OP enabled
I (10945) phy_init: phy_version 1200,2b7123f9,Feb 18 2025,15:22:21
W (10955) phy_init: failed to load RF calibration data (0x1102), falling back to full calibration
I (10985) phy_init: Saving new calibration data due to checksum failure or outdated calibration data, mode(2)
I (13005) esp_netif_handlers: sta ip: 192.168.8.119, mask: 255.255.255.0, gw: 192.168.8.1
I (13005) example_wifi: WiFi Connected. Got IP:192.168.8.119
I (13015) example_wifi: Connected to AP SSID: ***MIKES_ORANGE_PI_WIFI_SSID***
I (13015) golioth_mbox: Mbox created, bufsize: 2688, num_items: 20, item_size: 128
I (13035) golioth_coap_client_libcoap: Start CoAP session with host: coaps://coap.golioth.io
I (13035) golioth_coap_client_libcoap: Session PSK-ID: generated-LiTQYaDcdFFpoELG@firmware_ci
I (13045) libcoap: Setting PSK key

I (13055) golioth_coap_client_libcoap: Entering CoAP I/O loop
I (15765) golioth_coap_client_libcoap: Golioth CoAP client connected
I (15905) test_settings: Received test_float: 1.230000
I (15905) test_settings: Received test_cancel: 0
I (15905) test_settings: Received test_int: 1
I (15905) test_settings: Received test_int_range: 1
I (15915) test_settings: Received test_restart: false
I (15915) test_settings: Received test_bool: false
I (15935) test_settings: Received test_string: foo
I (16175) test_settings: Received test_int_range: 1
I (16175) test_settings: Received test_cancel: 0
I (16175) test_settings: Received test_float: 1.230000
I (16185) test_settings: Received test_string: foo
I (16185) test_settings: Received test_bool: false
I (16185) test_settings: Received test_int: 1
I (16195) test_settings: Received test_restart: false
E (16195) golioth_settings: Failed to send a response to server: 10
I (17195) test_settings: Received test_restart: false
I (17195) test_settings: Received test_cancel: 0
I (17205) test_settings: Received test_bool: false
I (17215) test_settings: Received test_int: 1
I (17215) test_settings: Received test_int_range: 1
I (17215) test_settings: Received test_float: 1.230000
I (17225) test_settings: Received test_string: foo
E (17225) golioth_settings: Failed to send a response to server: 10
I (18105) test_settings: Received test_cancel: 0
I (18115) test_settings: Received test_string: foo
I (18115) test_settings: Received test_bool: false
I (18125) test_settings: Received test_restart: false
I (18125) test_settings: Received test_float: 1.230000
I (18125) test_settings: Received test_int: 1
I (18135) test_settings: Received test_int_range: 1
E (18135) golioth_settings: Failed to send a response to server: 10
I (18215) test_settings: Received test_int_range: 1
I (18225) test_settings: Received test_bool: false
I (18225) test_settings: Received test_restart: false
I (18235) test_settings: Received test_string: foo
I (18235) test_settings: Received test_int: 1
I (18235) test_settings: Received test_cancel: 0
I (18245) test_settings: Received test_float: 1.230000
E (18245) golioth_settings: Failed to send a response to server: 10
I (18425) test_settings: Received test_int_range: 1
I (18425) test_settings: Received test_restart: false
I (18425) test_settings: Received test_bool: false
I (18435) test_settings: Received test_cancel: 0
I (18435) test_settings: Received test_float: 1.230000
I (18435) test_settings: Received test_string: foo
I (18445) test_settings: Received test_int: 1
E (18455) golioth_settings: Failed to send a response to server: 10
I (18625) test_settings: Received test_int: 1
I (18625) test_settings: Received test_bool: false
I (18635) test_settings: Received test_restart: false
I (18645) test_settings: Received test_float: 1.230000
I (18645) test_settings: Received test_string: foo
I (18645) test_settings: Received test_int_range: 1
I (18655) test_settings: Received test_cancel: 0
E (18655) golioth_settings: Failed to send a response to server: 10
I (18835) test_settings: Received test_restart: false
I (18835) test_settings: Received test_string: foo
I (18835) test_settings: Received test_bool: false
I (18845) test_settings: Received test_float: 1.230000
I (18845) test_settings: Received test_cancel: 0
I (18845) test_settings: Received test_int_range: 1
I (18855) test_settings: Received test_int: 1
E (18855) golioth_settings: Failed to send a response to server: 10
I (19035) test_settings: Received test_cancel: 0
I (19035) test_settings: Received test_string: foo
I (19035) test_settings: Received test_float: 1.230000
I (19055) test_settings: Received test_int: 1
I (19055) test_settings: Received test_restart: false
I (19055) test_settings: Received test_bool: false
I (19065) test_settings: Received test_int_range: 1
E (19065) golioth_settings: Failed to send a response to server: 10
I (20775) test_settings: Settings registration complete
I (21825) test_settings: Received test_cancel: 0
I (21825) test_settings: Received test_float: 1.230000
I (21825) test_settings: Received test_int: 42
I (21825) test_settings: Received test