Warning: Deprecated: Command 'write_flash' is deprecated. Use 'write-flash' instead.
esptool v5.1.0
Serial port /dev/serial/by-id/usb-Silicon_Labs_CP2102N_USB_to_UART_Bridge_Controller_08bd8600facfec119c501d2686bdcd52-if00-port0:
Connecting....
Detecting chip type... ESP32-S3
Connected to ESP32-S3 on /dev/serial/by-id/usb-Silicon_Labs_CP2102N_USB_to_UART_Bridge_Controller_08bd8600facfec119c501d2686bdcd52-if00-port0:
Chip type:          ESP32-S3 (QFN56) (revision v0.1)
Features:           Wi-Fi, BT 5 (LE), Dual Core + LP Core, 240MHz, Embedded PSRAM 8MB (AP_3v3)
Crystal frequency:  40MHz
MAC:                34:85:18:6d:04:5c

Uploading stub flasher...
Running stub flasher...
Stub flasher running.
Changing baud rate to 460800...
Changed.

Configuring flash size...
Erasing flash memory (this may take a while)...
Flash memory erased successfully in 1.4 seconds.
Compressed 965456 bytes to 599540...
Writing at 0x00000000 [                              ]   0.0% 0/599540 bytes... 
Writing at 0x00011705 [                              ]   2.7% 16384/599540 bytes... 
Writing at 0x0001e737 [>                             ]   5.5% 32768/599540 bytes... 
Writing at 0x0002a8f2 [=>                            ]   8.2% 49152/599540 bytes... 
Writing at 0x00033eeb [==>                           ]  10.9% 65536/599540 bytes... 
Writing at 0x0003d05d [===>                          ]  13.7% 81920/599540 bytes... 
Writing at 0x000431c2 [===>                          ]  16.4% 98304/599540 bytes... 
Writing at 0x000488d1 [====>                         ]  19.1% 114688/599540 bytes... 
Writing at 0x0004e5eb [=====>                        ]  21.9% 131072/599540 bytes... 
Writing at 0x00053d41 [======>                       ]  24.6% 147456/599540 bytes... 
Writing at 0x00058fcb [=======>                      ]  27.3% 163840/599540 bytes... 
Writing at 0x0005e437 [========>                     ]  30.1% 180224/599540 bytes... 
Writing at 0x00063db3 [========>                     ]  32.8% 196608/599540 bytes... 
Writing at 0x00068e80 [=========>                    ]  35.5% 212992/599540 bytes... 
Writing at 0x0006e1d4 [==========>                   ]  38.3% 229376/599540 bytes... 
Writing at 0x000733e2 [===========>                  ]  41.0% 245760/599540 bytes... 
Writing at 0x0007869e [============>                 ]  43.7% 262144/599540 bytes... 
Writing at 0x0007d8fc [============>                 ]  46.5% 278528/599540 bytes... 
Writing at 0x00082f1e [=============>                ]  49.2% 294912/599540 bytes... 
Writing at 0x0008841a [==============>               ]  51.9% 311296/599540 bytes... 
Writing at 0x0008da7f [===============>              ]  54.7% 327680/599540 bytes... 
Writing at 0x000929db [================>             ]  57.4% 344064/599540 bytes... 
Writing at 0x000979a5 [=================>            ]  60.1% 360448/599540 bytes... 
Writing at 0x0009d051 [=================>            ]  62.9% 376832/599540 bytes... 
Writing at 0x000a21c2 [==================>           ]  65.6% 393216/599540 bytes... 
Writing at 0x000a74a7 [===================>          ]  68.3% 409600/599540 bytes... 
Writing at 0x000aca03 [====================>         ]  71.1% 425984/599540 bytes... 
Writing at 0x000b1f57 [=====================>        ]  73.8% 442368/599540 bytes... 
Writing at 0x000b701c [=====================>        ]  76.5% 458752/599540 bytes... 
Writing at 0x000bc6b9 [======================>       ]  79.3% 475136/599540 bytes... 
Writing at 0x000c286e [=======================>      ]  82.0% 491520/599540 bytes... 
Writing at 0x000c93e4 [========================>     ]  84.7% 507904/599540 bytes... 
Writing at 0x000d0e71 [=========================>    ]  87.4% 524288/599540 bytes... 
Writing at 0x000d7865 [==========================>   ]  90.2% 540672/599540 bytes... 
Writing at 0x000dd11d [==========================>   ]  92.9% 557056/599540 bytes... 
Writing at 0x000e2c6d [===========================>  ]  95.6% 573440/599540 bytes... 
Writing at 0x000e8465 [============================> ]  98.4% 589824/599540 bytes... 
Writing at 0x000ebb50 [==============================] 100.0% 599540/599540 bytes... 
Wrote 965456 bytes (599540 compressed) at 0x00000000 in 17.6 seconds (438.6 kbit/s).
Hash of data verified.

Hard resetting via RTS pin...
ESP-ROM:esp32s3-20210327
Build:Mar 27 2021
rst:0x1 (POWERON),boot:0x8 (SPI_FAST_FLASH_BOOT)
SPIWP:0xee
mode:DIO, clock div:1
load:0x3fce2810,len:0x15a0
load:0x403c8700,len:0x4
load:0x403c8704,len:0xd20
load:0x403cb700,len:0x2f00
entry 0x403c8928
I (27) boot: ESP-IDF v5.4.1 2nd stage bootloader
I (27) boot: compile time Oct 17 2025 15:56:04
I (27) boot: Multicore bootloader
I (27) boot: chip revision: v0.1
I (30) boot: efuse block revision: v1.2
I (33) boot.esp32s3: Boot SPI Speed : 80MHz
I (37) boot.esp32s3: SPI Mode       : DIO
I (41) boot.esp32s3: SPI Flash Size : 2MB
I (45) boot: Enabling RNG early entropy source...
I (49) boot: Partition Table:
I (52) boot: ## Label            Usage          Type ST Offset   Length
I (58) boot:  0 nvs              WiFi data        01 02 00009000 00006000
I (65) boot:  1 phy_init         RF data          01 01 0000f000 00001000
I (71) boot:  2 factory          factory app      00 00 00010000 00100000
I (78) boot: End of partition table
I (81) esp_image: segment 0: paddr=00010020 vaddr=3c0a0020 size=24f28h (151336) map
I (115) esp_image: segment 1: paddr=00034f50 vaddr=3fc99400 size=04bd0h ( 19408) load
I (119) esp_image: segment 2: paddr=00039b28 vaddr=40374000 size=064f0h ( 25840) load
I (125) esp_image: segment 3: paddr=00040020 vaddr=42000020 size=9cc2ch (642092) map
I (240) esp_image: segment 4: paddr=000dcc54 vaddr=4037a4f0 size=0eeb4h ( 61108) load
I (253) esp_image: segment 5: paddr=000ebb10 vaddr=600fe100 size=0001ch (    28) load
I (262) boot: Loaded app from partition at offset 0x10000
I (262) boot: Disabling RNG early entropy source...
I (272) cpu_start: Multicore app
I (281) cpu_start: Pro cpu start user code
I (281) cpu_start: cpu freq: 160000000 Hz
I (281) app_init: Application information:
I (281) app_init: Project name:     set
I (285) app_init: App version:      c27c9b9-dirty
I (289) app_init: Compile time:     Oct 17 2025 15:55:58
I (294) app_init: ELF file SHA256:  90ec7a297...
I (299) app_init: ESP-IDF:          v5.4.1
I (303) efuse_init: Min chip rev:     v0.0
I (306) efuse_init: Max chip rev:     v0.99 
I (310) efuse_init: Chip rev:         v0.1
I (314) heap_init: Initializing. RAM available for dynamic allocation:
I (320) heap_init: At 3FCA53D8 len 00044338 (272 KiB): RAM
I (326) heap_init: At 3FCE9710 len 00005724 (21 KiB): RAM
I (331) heap_init: At 3FCF0000 len 00008000 (32 KiB): DRAM
I (336) heap_init: At 600FE11C len 00001ECC (7 KiB): RTCRAM
I (342) spi_flash: detected chip: gd
I (345) spi_flash: flash io: dio
W (347) spi_flash: Detected size(8192k) larger than the size in the binary image header(2048k). Using the size in the binary image header.
I (360) sleep_gpio: Configure to isolate all GPIO pins in sleep state
I (366) sleep_gpio: Enable automatic switching of GPIO sleep configuration
I (373) main_task: Started on CPU0
I (393) main_task: Calling app_main()
I (393) lightdb: Start LightDB set sample
[5n
Type 'help' to get the list of commands.
Use UP/DOWN arrows to navigate through command history.
Press TAB when typing command name to auto-complete.

Your terminal application does not support escape sequences.

Line editing and history features are disabled.

On Windows, try using Putty instead.
esp32> W (903) lightdb: WiFi and Golioth credentials are not set. Use the shell settings commands to set them.

esp32> 
esp32> 
esp32> 
esp32> settings set wifi/ssid "***MIKES_ORANGE_PI_WIFI_SSID***"
Setting wifi/ssid saved
esp32> 
esp32> 
esp32> 
esp32> 
esp32> 
esp32> settings set wifi/psk "***MIKES_ORANGE_PI_WIFI_PSK***"
Setting wifi/psk saved
esp32> 
es::add-mask::generated-EboTOEZfEDprQuab
p32> 
esp32> 
esp32> 
esp32> 
esp32> settings set golioth/psk-id "generated-EboTOEZfEDprQuab@firmware_ci"
Setting golioth/psk-id saved
esp32> 
esp32> 
esp32> 
esp32> 
esp32> 
esp32> settings set golioth/psk "generated-EboTOEZfEDprQuab"
Setting golioth/psk saved
esp32> 
esp32> I (9933) pp: pp rom version: e7ae62f
I (9933) net80211: net80211 rom version: e7ae62f
I (9953) wifi_init: rx ba win: 6
I (9953) wifi_init: accept mbox: 6
I (9953) wifi_init: tcpip mbox: 32
I (9953) wifi_init: udp mbox: 6
I (9953) wifi_init: tcp mbox: 6
I (9963) wifi_init: tcp tx win: 5760
I (9963) wifi_init: tcp rx win: 5760
I (9963) wifi_init: tcp mss: 1440
I (9963) wifi_init: WiFi IRAM OP enabled
I (9983) wifi_init: WiFi RX IRAM OP enabled
I (9983) phy_init: phy_version 700,8582a7fd,Feb 10 2025,20:13:11
W (9983) phy_init: failed to load RF calibration data (0x1102), falling back to full calibration
I (10023) phy_init: Saving new calibration data due to checksum failure or outdated calibration data, mode(2)
I (12213) esp_netif_handlers: sta ip: 192.168.8.234, mask: 255.255.255.0, gw: 192.168.8.1
I (12213) example_wifi: WiFi Connected. Got IP:192.168.8.234
I (12213) example_wifi: Connected to AP SSID: ***MIKES_ORANGE_PI_WIFI_SSID***
I (12223) golioth_mbox: Mbox created, bufsize: 2688, num_items: 20, item_size: 128
W (12223) lightdb: Waiting for connection to Golioth...
I (12233) golioth_coap_client_libcoap: Start CoAP session with host: coaps://coap.golioth.io
I (12243) golioth_coap_client_libcoap: Session PSK-ID: generated-EboTOEZfEDprQuab@firmware_ci
I (12263) libcoap: Setting PSK key

I (12263) golioth_coap_client_libcoap: Entering CoAP I/O loop
I (13173) golioth_coap_client_libcoap: Golioth CoAP client connected
I (13173) lightdb: Golioth client connected
I (13183) lightdb: Setting counter to 0
I (13183) lightdb: Before request (async)
I (13183) lightdb: After request (async)
I (13653) lightdb: Counter successfully set
I (18193) lightdb: Setting counter to 1
I (18193) lightdb: Before request (sync)
I (18503) lightdb: Counter successfully set
I (18503) lightdb: After request (sync)
I (23503) lightdb: Setting counter to 2
I (23503) lightdb: Before request (json async)
I (23503) lightdb: After request (json async)
I (24233) lightdb: Counter successfully set
I (28503) lightdb: Setting counter to 3
I (28503) lightdb: Before request (cbor sync)
I (28653) lightdb: Counter successfully set
I (28663) lightdb: 