Warning: Deprecated: Command 'write_flash' is deprecated. Use 'write-flash' instead.
esptool v5.1.0
Serial port /dev/serial/by-id/usb-Silicon_Labs_CP2102N_USB_to_UART_Bridge_Controller_ee6375f01ce7ec11973dbed05adebb74-if00-port0:
Connecting....
Detecting chip type... ESP32-C3
Connected to ESP32-C3 on /dev/serial/by-id/usb-Silicon_Labs_CP2102N_USB_to_UART_Bridge_Controller_ee6375f01ce7ec11973dbed05adebb74-if00-port0:
Chip type:          ESP32-C3 (QFN32) (revision v0.4)
Features:           Wi-Fi, BT 5 (LE), Single Core, 160MHz, Embedded Flash 4MB (XMC)
Crystal frequency:  40MHz
MAC:                ec:da:3b:0d:18:84

Uploading stub flasher...
Running stub flasher...
Stub flasher running.
Changing baud rate to 460800...
Changed.

Configuring flash size...
Erasing flash memory (this may take a while)...
Flash memory erased successfully in 18.2 seconds.
Compressed 1019552 bytes to 599013...
Writing at 0x00000000 [                              ]   0.0% 0/599013 bytes... 
Writing at 0x00011d30 [                              ]   2.7% 16384/599013 bytes... 
Writing at 0x0001e6eb [>                             ]   5.5% 32768/599013 bytes... 
Writing at 0x0002aa00 [=>                            ]   8.2% 49152/599013 bytes... 
Writing at 0x00033739 [==>                           ]  10.9% 65536/599013 bytes... 
Writing at 0x0003b95f [===>                          ]  13.7% 81920/599013 bytes... 
Writing at 0x00041aaf [===>                          ]  16.4% 98304/599013 bytes... 
Writing at 0x00047da0 [====>                         ]  19.1% 114688/599013 bytes... 
Writing at 0x0004e20e [=====>                        ]  21.9% 131072/599013 bytes... 
Writing at 0x000542cb [======>                       ]  24.6% 147456/599013 bytes... 
Writing at 0x00059ca5 [=======>                      ]  27.4% 163840/599013 bytes... 
Writing at 0x0005f9ea [========>                     ]  30.1% 180224/599013 bytes... 
Writing at 0x000660fa [========>                     ]  32.8% 196608/599013 bytes... 
Writing at 0x0006bc93 [=========>                    ]  35.6% 212992/599013 bytes... 
Writing at 0x00071d77 [==========>                   ]  38.3% 229376/599013 bytes... 
Writing at 0x00077be8 [===========>                  ]  41.0% 245760/599013 bytes... 
Writing at 0x0007dc8e [============>                 ]  43.8% 262144/599013 bytes... 
Writing at 0x00083800 [============>                 ]  46.5% 278528/599013 bytes... 
Writing at 0x00088ef4 [=============>                ]  49.2% 294912/599013 bytes... 
Writing at 0x0008e95f [==============>               ]  52.0% 311296/599013 bytes... 
Writing at 0x00094ad1 [===============>              ]  54.7% 327680/599013 bytes... 
Writing at 0x0009a546 [================>             ]  57.4% 344064/599013 bytes... 
Writing at 0x0009fd76 [=================>            ]  60.2% 360448/599013 bytes... 
Writing at 0x000a5d27 [=================>            ]  62.9% 376832/599013 bytes... 
Writing at 0x000ac388 [==================>           ]  65.6% 393216/599013 bytes... 
Writing at 0x000b2441 [===================>          ]  68.4% 409600/599013 bytes... 
Writing at 0x000b884e [====================>         ]  71.1% 425984/599013 bytes... 
Writing at 0x000be7e7 [=====================>        ]  73.8% 442368/599013 bytes... 
Writing at 0x000c44b5 [=====================>        ]  76.6% 458752/599013 bytes... 
Writing at 0x000c9b19 [======================>       ]  79.3% 475136/599013 bytes... 
Writing at 0x000cf8e5 [=======================>      ]  82.1% 491520/599013 bytes... 
Writing at 0x000d55e0 [========================>     ]  84.8% 507904/599013 bytes... 
Writing at 0x000dc610 [=========================>    ]  87.5% 524288/599013 bytes... 
Writing at 0x000e2b56 [==========================>   ]  90.3% 540672/599013 bytes... 
Writing at 0x000e971c [==========================>   ]  93.0% 557056/599013 bytes... 
Writing at 0x000ef801 [===========================>  ]  95.7% 573440/599013 bytes... 
Writing at 0x000f56b9 [============================> ]  98.5% 589824/599013 bytes... 
Writing at 0x000f8ea0 [==============================] 100.0% 599013/599013 bytes... 
Wrote 1019552 bytes (599013 compressed) at 0x00000000 in 21.9 seconds (373.3 kbit/s).
Hash of data verified.

Hard resetting via RTS pin...
ESP-ROM:esp32c3-api1-20210207
Build:Feb  7 2021
rst:0x1 (POWERON),boot:0xc (SPI_FAST_FLASH_BOOT)
SPIWP:0xee
mode:DIO, clock div:1
load:0x3fcd5820,len:0x1574
load:0x403cc710,len:0xc30
load:0x403ce710,len:0x2f64
entry 0x403cc71a
I (30) boot: ESP-IDF v5.4.1 2nd stage bootloader
I (30) boot: compile time Oct 17 2025 15:45:43
I (30) boot: chip revision: v0.4
I (30) boot: efuse block revision: v1.2
I (34) boot.esp32c3: SPI Speed      : 80MHz
I (38) boot.esp32c3: SPI Mode       : DIO
I (41) boot.esp32c3: SPI Flash Size : 2MB
I (45) boot: Enabling RNG early entropy source...
I (50) boot: Partition Table:
I (52) boot: ## Label            Usage          Type ST Offset   Length
I (59) boot:  0 nvs              WiFi data        01 02 00009000 00006000
I (65) boot:  1 phy_init         RF data          01 01 0000f000 00001000
I (72) boot:  2 factory          factory app      00 00 00010000 00100000
I (78) boot: End of partition table
I (81) esp_image: segment 0: paddr=00010020 vaddr=3c0b0020 size=25710h (153360) map
I (113) esp_image: segment 1: paddr=00035738 vaddr=3fc93400 size=03050h ( 12368) load
I (116) esp_image: segment 2: paddr=00038790 vaddr=40380000 size=07888h ( 30856) load
I (123) esp_image: segment 3: paddr=00040020 vaddr=42000020 size=ad348h (709448) map
I (238) esp_image: segment 4: paddr=000ed370 vaddr=40387888 size=0bae8h ( 47848) load
I (247) esp_image: segment 5: paddr=000f8e60 vaddr=50000200 size=0001ch (    28) load
I (253) boot: Loaded app from partition at offset 0x10000
I (253) boot: Disabling RNG early entropy source...
I (264) cpu_start: Unicore app
I (273) cpu_start: Pro cpu start user code
I (273) cpu_start: cpu freq: 160000000 Hz
I (273) app_init: Application information:
I (273) app_init: Project name:     hello
I (276) app_init: App version:      c27c9b9-dirty
I (281) app_init: Compile time:     Oct 17 2025 15:45:36
I (286) app_init: ELF file SHA256:  695bda2df...
I (290) app_init: ESP-IDF:          v5.4.1
I (294) efuse_init: Min chip rev:     v0.3
I (298) efuse_init: Max chip rev:     v1.99 
I (302) efuse_init: Chip rev:         v0.4
I (306) heap_init: Initializing. RAM available for dynamic allocation:
I (312) heap_init: At 3FC9DEB0 len 00022150 (136 KiB): RAM
I (317) heap_init: At 3FCC0000 len 0001C710 (113 KiB): Retention RAM
I (323) heap_init: At 3FCDC710 len 00002950 (10 KiB): Retention RAM
I (329) heap_init: At 5000021C len 00001DCC (7 KiB): RTCRAM
I (335) spi_flash: detected chip: generic
I (338) spi_flash: flash io: dio
W (341) spi_flash: Detected size(4096k) larger than the size in the binary image header(2048k). Using the size in the binary image header.
I (354) sleep_gpio: Configure to isolate all GPIO pins in sleep state
I (360) sleep_gpio: Enable automatic switching of GPIO sleep configuration
I (367) main_task: Started on CPU0
I (377) main_task: Calling app_main()
[5n
Type 'help' to get the list of commands.
Use UP/DOWN arrows to navigate through command history.
Press TAB when typing command name to auto-complete.

Your terminal application does not support escape sequences.

Line editing and history features are disabled.

On Windows, try using Putty instead.
esp32> W (887) hello: WiFi credentials are not set. Use the shell settings commands to set them.

esp32> 
esp32> 
esp32> 
esp32> settings set wifi/ssid "***MIKES_ORANGE_PI_WIFI_SSID***"
Setting wifi/ssid saved
esp32> 
esp32> 
esp32> 
esp32> 
esp32> 
esp32> settings set wifi/psk "***MIKES_ORANGE_PI_WIFI_PSK***"
Setting wifi/psk saved
esp32> 
esp32> ::add-mask::generated-uATTCCaawsDpfpct

esp32> 
esp32> 
esp32> 
esp32> settings set golioth/psk-id "generated-uATTCCaawsDpfpct@firmware_ci"
Setting golioth/psk-id saved
esp32> 
esp32> 
esp32> 
esp32> 
esp32> 
esp32> settings set golioth/psk "generated-uATTCCaawsDpfpct"
Setting golioth/psk saved
esp32> 
esp32> I (7907) pp: pp rom version: 9387209
I (7907) net80211: net80211 rom version: 9387209
I (7927) wifi_init: rx ba win: 6
I (7927) wifi_init: accept mbox: 6
I (7927) wifi_init: tcpip mbox: 32
I (7927) wifi_init: udp mbox: 6
I (7927) wifi_init: tcp mbox: 6
I (7937) wifi_init: tcp tx win: 5760
I (7937) wifi_init: tcp rx win: 5760
I (7937) wifi_init: tcp mss: 1440
I (7947) wifi_init: WiFi IRAM OP enabled
I (7947) wifi_init: WiFi RX IRAM OP enabled
I (7947) phy_init: phy_version 1200,2b7123f9,Feb 18 2025,15:22:21
W (7957) phy_init: failed to load RF calibration data (0x1102), falling back to full calibration
I (7997) phy_init: Saving new calibration data due to checksum failure or outdated calibration data, mode(2)
I (9997) esp_netif_handlers: sta ip: 192.168.8.238, mask: 255.255.255.0, gw: 192.168.8.1
I (9997) example_wifi: WiFi Connected. Got IP:192.168.8.238
I (10007) example_wifi: Connected to AP SSID: ***MIKES_ORANGE_PI_WIFI_SSID***
I (10007) golioth_mbox: Mbox created, bufsize: 2688, num_items: 20, item_size: 128
W (10017) hello: Waiting for connection to Golioth...
I (10027) golioth_coap_client_libcoap: Start CoAP session with host: coaps://coap.golioth.io
I (10027) golioth_coap_client_libcoap: Session PSK-ID: generated-uATTCCaawsDpfpct@firmware_ci
I (10047) libcoap: Setting PSK key

I (10047) golioth_coap_client_libcoap: Entering CoAP I/O loop
I (10377) golioth_coap_client_libcoap: Golioth CoAP client connected
I (10377) hello: Golioth client connected
I (10377) hello: Sending hello! 0
I (15377) hello: Sending hello! 1
I (20377) hello: Sending hello! 2
I (25377) hello: Sending hello! 3
