Warning: Deprecated: Command 'write_flash' is deprecated. Use 'write-flash' instead.
esptool v5.1.0
Serial port /dev/serial/by-id/usb-Silicon_Labs_CP2102N_USB_to_UART_Bridge_Controller_90568bbbd827ee11b31a14d8f49e3369-if00-port0:
Connecting....
Detecting chip type... ESP32
Connected to ESP32 on /dev/serial/by-id/usb-Silicon_Labs_CP2102N_USB_to_UART_Bridge_Controller_90568bbbd827ee11b31a14d8f49e3369-if00-port0:
Chip type:          ESP32-D0WD-V3 (revision v3.1)
Features:           Wi-Fi, BT, Dual Core + LP Core, 240MHz, Vref calibration in eFuse, Coding Scheme None
Crystal frequency:  40MHz
MAC:                a0:a3:b3:8b:38:c0

Uploading stub flasher...
Running stub flasher...
Stub flasher running.
Changing baud rate to 460800...
Changed.

Configuring flash size...
Erasing flash memory (this may take a while)...
Flash memory erased successfully in 2.3 seconds.
Compressed 968912 bytes to 609307...
Writing at 0x00000000 [                              ]   0.0% 0/609307 bytes... 
Writing at 0x000074b0 [                              ]   2.7% 16384/609307 bytes... 
Writing at 0x0001c0d3 [>                             ]   5.4% 32768/609307 bytes... 
Writing at 0x00028ced [=>                            ]   8.1% 49152/609307 bytes... 
Writing at 0x0003149f [==>                           ]  10.8% 65536/609307 bytes... 
Writing at 0x0003adc5 [===>                          ]  13.4% 81920/609307 bytes... 
Writing at 0x000404ca [===>                          ]  16.1% 98304/609307 bytes... 
Writing at 0x00045e67 [====>                         ]  18.8% 114688/609307 bytes... 
Writing at 0x0004b61b [=====>                        ]  21.5% 131072/609307 bytes... 
Writing at 0x00050a9b [======>                       ]  24.2% 147456/609307 bytes... 
Writing at 0x00055c6f [=======>                      ]  26.9% 163840/609307 bytes... 
Writing at 0x0005b111 [=======>                      ]  29.6% 180224/609307 bytes... 
Writing at 0x000605d8 [========>                     ]  32.3% 196608/609307 bytes... 
Writing at 0x000656a2 [=========>                    ]  35.0% 212992/609307 bytes... 
Writing at 0x0006aa20 [==========>                   ]  37.6% 229376/609307 bytes... 
Writing at 0x0006fba7 [===========>                  ]  40.3% 245760/609307 bytes... 
Writing at 0x00074eec [===========>                  ]  43.0% 262144/609307 bytes... 
Writing at 0x0007a011 [============>                 ]  45.7% 278528/609307 bytes... 
Writing at 0x0007f69b [=============>                ]  48.4% 294912/609307 bytes... 
Writing at 0x00084eb8 [==============>               ]  51.1% 311296/609307 bytes... 
Writing at 0x0008a9ca [===============>              ]  53.8% 327680/609307 bytes... 
Writing at 0x0008fc4d [===============>              ]  56.5% 344064/609307 bytes... 
Writing at 0x00094ea9 [================>             ]  59.2% 360448/609307 bytes... 
Writing at 0x0009a5fe [=================>            ]  61.8% 376832/609307 bytes... 
Writing at 0x0009fcfa [==================>           ]  64.5% 393216/609307 bytes... 
Writing at 0x000a4fea [===================>          ]  67.2% 409600/609307 bytes... 
Writing at 0x000aa709 [===================>          ]  69.9% 425984/609307 bytes... 
Writing at 0x000b0084 [====================>         ]  72.6% 442368/609307 bytes... 
Writing at 0x000b5171 [=====================>        ]  75.3% 458752/609307 bytes... 
Writing at 0x000ba5a5 [======================>       ]  78.0% 475136/609307 bytes... 
Writing at 0x000bfea7 [=======================>      ]  80.7% 491520/609307 bytes... 
Writing at 0x000c7786 [========================>     ]  83.4% 507904/609307 bytes... 
Writing at 0x000cde22 [========================>     ]  86.0% 524288/609307 bytes... 
Writing at 0x000d5533 [=========================>    ]  88.7% 540672/609307 bytes... 
Writing at 0x000dac5f [==========================>   ]  91.4% 557056/609307 bytes... 
Writing at 0x000e06a6 [===========================>  ]  94.1% 573440/609307 bytes... 
Writing at 0x000e62ac [============================> ]  96.8% 589824/609307 bytes... 
Writing at 0x000eb5bf [============================> ]  99.5% 606208/609307 bytes... 
Writing at 0x000ec8d0 [==============================] 100.0% 609307/609307 bytes... 
Wrote 968912 bytes (609307 compressed) at 0x00000000 in 17.9 seconds (432.8 kbit/s).
Hash of data verified.

Hard resetting via RTS pin...
:0x00,d_drv:0x00,cs0_drv:0x00,hd_drv:0x00,wp_drv:0x00
mode:DIO, clock div:2
load:0x3fff0030,len:6276
load:0x40078000,len:15748
load:0x40080400,len:4
ho 8 tail 4 room 4
load:0x40080404,len:3860
entry 0x4008063c
I (31) boot: ESP-IDF v5.4.1 2nd stage bootloader
I (31) boot: compile time Oct 17 2025 15:46:00
I (31) boot: Multicore bootloader
I (32) boot: chip revision: v3.1
I (35) boot.esp32: SPI Speed      : 40MHz
I (39) boot.esp32: SPI Mode       : DIO
I (43) boot.esp32: SPI Flash Size : 2MB
I (46) boot: Enabling RNG early entropy source...
I (51) boot: Partition Table:
I (53) boot: ## Label            Usage          Type ST Offset   Length
I (60) boot:  0 nvs              WiFi data        01 02 00009000 00006000
I (66) boot:  1 phy_init         RF data          01 01 0000f000 00001000
I (73) boot:  2 factory          factory app      00 00 00010000 00100000
I (79) boot: End of partition table
I (82) esp_image: segment 0: paddr=00010020 vaddr=3f400020 size=242e0h (148192) map
I (141) esp_image: segment 1: paddr=00034308 vaddr=3ff80000 size=0001ch (    28) load
I (141) esp_image: segment 2: paddr=0003432c vaddr=3ffb0000 size=040e8h ( 16616) load
I (151) esp_image: segment 3: paddr=0003841c vaddr=40080000 size=07bfch ( 31740) load
I (164) esp_image: segment 4: paddr=00040020 vaddr=400d0020 size=9d4e8h (644328) map
I (385) esp_image: segment 5: paddr=000dd510 vaddr=40087bfc size=0f398h ( 62360) load
I (420) boot: Loaded app from partition at offset 0x10000
I (420) boot: Disabling RNG early entropy source...
I (431) cpu_start: Multicore app
I (439) cpu_start: Pro cpu start user code
I (439) cpu_start: cpu freq: 160000000 Hz
I (439) app_init: Application information:
I (439) app_init: Project name:     hello
I (443) app_init: App version:      c27c9b9-dirty
I (447) app_init: Compile time:     Oct 17 2025 15:45:54
I (452) app_init: ELF file SHA256:  873d4e4ce...
I (457) app_init: ESP-IDF:          v5.4.1
I (460) efuse_init: Min chip rev:     v0.0
I (464) efuse_init: Max chip rev:     v3.99 
I (468) efuse_init: Chip rev:         v3.1
I (472) heap_init: Initializing. RAM available for dynamic allocation:
I (478) heap_init: At 3FFAE6E0 len 00001920 (6 KiB): DRAM
I (483) heap_init: At 3FFBBB20 len 000244E0 (145 KiB): DRAM
I (489) heap_init: At 3FFE0440 len 00003AE0 (14 KiB): D/IRAM
I (494) heap_init: At 3FFE4350 len 0001BCB0 (111 KiB): D/IRAM
I (500) heap_init: At 40096F94 len 0000906C (36 KiB): IRAM
I (506) spi_flash: detected chip: generic
I (508) spi_flash: flash io: dio
W (511) spi_flash: Detected size(8192k) larger than the size in the binary image header(2048k). Using the size in the binary image header.
I (525) main_task: Started on CPU0
I (535) main_task: Calling app_main()
[5n
Type 'help' to get the list of commands.
Use UP/DOWN arrows to navigate through command history.
Press TAB when typing command name to auto-complete.

Your terminal application does not support escape sequences.

Line editing and history features are disabled.

On Windows, try using Putty instead.
esp32> W (1045) hello: WiFi credentials are not set. Use the shell settings commands to set them.

esp32> 
esp32> 
esp32> 
esp32> settings set wifi/ssid "***SAMS_ORANGE_PI_WIFI_SSID***"
Setting wifi/ssid saved
esp32> 
esp32> 
esp32> 
esp32> 
esp32> 
esp32> settings set wifi/psk "***SAMS_ORANGE_PI_WIFI_PSK***"
Setting wifi/psk saved
esp32> 
esp32> ::add-mask::generated-eHKRoiJEreuPvyIi

esp32> 
esp32> 
esp32> 
esp32> settings set golioth/psk-id "generated-eHKRoiJEreuPvyIi@firmware_ci"
Setting golioth/psk-id saved
esp32> 
esp32> 
esp32> 
esp32> 
esp32> 
esp32> settings set golioth/psk "generated-eHKRoiJEreuPvyIi"
Setting golioth/psk saved
esp32> 
esp32> I (7085) wifi_init: rx ba win: 6
I (7085) wifi_init: accept mbox: 6
I (7085) wifi_init: tcpip mbox: 32
I (7085) wifi_init: udp mbox: 6
I (7085) wifi_init: tcp mbox: 6
I (7105) wifi_init: tcp tx win: 5760
I (7105) wifi_init: tcp rx win: 5760
I (7105) wifi_init: tcp mss: 1440
I (7105) wifi_init: WiFi IRAM OP enabled
I (7115) wifi_init: WiFi RX IRAM OP enabled
I (7115) phy_init: phy_version 4860,6b7a6e5,Feb  6 2025,14:47:07
W (7115) phy_init: failed to load RF calibration data (0x1102), falling back to full calibration
I (7195) phy_init: Saving new calibration data due to checksum failure or outdated calibration data, mode(2)
I (9115) esp_netif_handlers: sta ip: 192.168.0.119, mask: 255.255.255.0, gw: 192.168.0.1
I (9115) example_wifi: WiFi Connected. Got IP:192.168.0.119
I (9115) example_wifi: Connected to AP SSID: ***SAMS_ORANGE_PI_WIFI_SSID***
I (9125) golioth_mbox: Mbox created, bufsize: 2688, num_items: 20, item_size: 128
W (9135) hello: Waiting for connection to Golioth...
I (9165) golioth_coap_client_libcoap: Start CoAP session with host: coaps://coap.golioth.io
I (9165) golioth_coap_client_libcoap: Session PSK-ID: generated-eHKRoiJEreuPvyIi@firmware_ci
I (9185) libcoap: Setting PSK key

I (9185) golioth_coap_client_libcoap: Entering CoAP I/O loop
I (9405) golioth_coap_client_libcoap: Golioth CoAP client connected
I (9405) hello: Golioth client connected
I (9415) hello: Sending hello! 0
I (14415) hello: Sending hello! 1
I (19415) hello: Sending hello! 2
I (24415) hello: Sending hello! 3
