Warning: Deprecated: Command 'write_flash' is deprecated. Use 'write-flash' instead.
esptool v5.1.0
Serial port /dev/serial/by-id/usb-Silicon_Labs_CP2102N_USB_to_UART_Bridge_Controller_18a5eb8de0faeb11a1553ea4c6d924ec-if00-port0:
Connecting....
Detecting chip type... ESP32-C3
Connected to ESP32-C3 on /dev/serial/by-id/usb-Silicon_Labs_CP2102N_USB_to_UART_Bridge_Controller_18a5eb8de0faeb11a1553ea4c6d924ec-if00-port0:
Chip type:          ESP32-C3 (QFN32) (revision v0.3)
Features:           Wi-Fi, BT 5 (LE), Single Core, 160MHz
Crystal frequency:  40MHz
MAC:                7c:df:a1:da:77:ac

Uploading stub flasher...
Running stub flasher...
Stub flasher running.
Changing baud rate to 460800...
Changed.

Configuring flash size...
Erasing flash memory (this may take a while)...
Flash memory erased successfully in 10.5 seconds.
Compressed 1019984 bytes to 597220...
Writing at 0x00000000 [                              ]   0.0% 0/597220 bytes... 
Writing at 0x00011be7 [                              ]   2.7% 16384/597220 bytes... 
Writing at 0x0001e968 [>                             ]   5.5% 32768/597220 bytes... 
Writing at 0x0002aa83 [=>                            ]   8.2% 49152/597220 bytes... 
Writing at 0x0003402f [==>                           ]  11.0% 65536/597220 bytes... 
Writing at 0x0003bd60 [===>                          ]  13.7% 81920/597220 bytes... 
Writing at 0x00041eac [===>                          ]  16.5% 98304/597220 bytes... 
Writing at 0x00048307 [====>                         ]  19.2% 114688/597220 bytes... 
Writing at 0x0004e7aa [=====>                        ]  21.9% 131072/597220 bytes... 
Writing at 0x00054dd9 [======>                       ]  24.7% 147456/597220 bytes... 
Writing at 0x0005a61d [=======>                      ]  27.4% 163840/597220 bytes... 
Writing at 0x00060236 [========>                     ]  30.2% 180224/597220 bytes... 
Writing at 0x00066917 [========>                     ]  32.9% 196608/597220 bytes... 
Writing at 0x0006c510 [=========>                    ]  35.7% 212992/597220 bytes... 
Writing at 0x000723e8 [==========>                   ]  38.4% 229376/597220 bytes... 
Writing at 0x00078579 [===========>                  ]  41.2% 245760/597220 bytes... 
Writing at 0x0007e521 [============>                 ]  43.9% 262144/597220 bytes... 
Writing at 0x000842f6 [============>                 ]  46.6% 278528/597220 bytes... 
Writing at 0x000897ef [=============>                ]  49.4% 294912/597220 bytes... 
Writing at 0x0008f3a3 [==============>               ]  52.1% 311296/597220 bytes... 
Writing at 0x00095588 [===============>              ]  54.9% 327680/597220 bytes... 
Writing at 0x0009afda [================>             ]  57.6% 344064/597220 bytes... 
Writing at 0x000a08a1 [=================>            ]  60.4% 360448/597220 bytes... 
Writing at 0x000a6847 [=================>            ]  63.1% 376832/597220 bytes... 
Writing at 0x000ad044 [==================>           ]  65.8% 393216/597220 bytes... 
Writing at 0x000b31b1 [===================>          ]  68.6% 409600/597220 bytes... 
Writing at 0x000b929b [====================>         ]  71.3% 425984/597220 bytes... 
Writing at 0x000bf3d9 [=====================>        ]  74.1% 442368/597220 bytes... 
Writing at 0x000c4f8b [======================>       ]  76.8% 458752/597220 bytes... 
Writing at 0x000ca617 [======================>       ]  79.6% 475136/597220 bytes... 
Writing at 0x000d049b [=======================>      ]  82.3% 491520/597220 bytes... 
Writing at 0x000d6069 [========================>     ]  85.0% 507904/597220 bytes... 
Writing at 0x000dd196 [=========================>    ]  87.8% 524288/597220 bytes... 
Writing at 0x000e3bc2 [==========================>   ]  90.5% 540672/597220 bytes... 
Writing at 0x000ea232 [==========================>   ]  93.3% 557056/597220 bytes... 
Writing at 0x000f052a [===========================>  ]  96.0% 573440/597220 bytes... 
Writing at 0x000f6227 [============================> ]  98.8% 589824/597220 bytes... 
Writing at 0x000f9050 [==============================] 100.0% 597220/597220 bytes... 
Wrote 1019984 bytes (597220 compressed) at 0x00000000 in 20.0 seconds (408.2 kbit/s).
Hash of data verified.

Hard resetting via RTS pin...
ESP-ROM:esp32c3-api1-20210207
Build:Feb  7 2021
rst:0x1 (POWERON),boot:0xc (SPI_FAST_FLASH_BOOT)
SPIWP:0xee
mode:DIO, clock div:1
load:0x3fcd5820,len:0x1574
load:0x403cc710,len:0xc30
load:0x403ce710,len:0x2ff0
entry 0x403cc71a
I (30) boot: ESP-IDF v5.4.1 2nd stage bootloader
I (30) boot: compile time Oct 17 2025 15:42:48
I (30) boot: chip revision: v0.3
I (30) boot: efuse block revision: v1.1
I (34) boot.esp32c3: SPI Speed      : 80MHz
I (38) boot.esp32c3: SPI Mode       : DIO
I (41) boot.esp32c3: SPI Flash Size : 4MB
I (45) boot: Enabling RNG early entropy source...
I (50) boot: Partition Table:
I (52) boot: ## Label            Usage          Type ST Offset   Length
I (59) boot:  0 nvs              WiFi data        01 02 00009000 00006000
I (65) boot:  1 phy_init         RF data          01 01 0000f000 00001000
I (72) boot:  2 factory          factory app      00 00 00010000 00100000
I (78) boot: End of partition table
I (81) esp_image: segment 0: paddr=00010020 vaddr=3c0b0020 size=25530h (152880) map
I (113) esp_image: segment 1: paddr=00035558 vaddr=3fc93400 size=03048h ( 12360) load
I (116) esp_image: segment 2: paddr=000385a8 vaddr=40380000 size=07a70h ( 31344) load
I (123) esp_image: segment 3: paddr=00040020 vaddr=42000020 size=ad6d8h (710360) map
I (238) esp_image: segment 4: paddr=000ed700 vaddr=40387a70 size=0b900h ( 47360) load
I (247) esp_image: segment 5: paddr=000f9008 vaddr=50000200 size=0001ch (    28) load
I (253) boot: Loaded app from partition at offset 0x10000
I (253) boot: Disabling RNG early entropy source...
I (264) cpu_start: Unicore app
I (273) cpu_start: Pro cpu start user code
I (273) cpu_start: cpu freq: 160000000 Hz
I (273) app_init: Application information:
I (273) app_init: Project name:     test
I (276) app_init: App version:      c27c9b9-dirty
I (281) app_init: Compile time:     Oct 17 2025 15:42:41
I (286) app_init: ELF file SHA256:  8b521c2ce...
I (290) app_init: ESP-IDF:          v5.4.1
I (294) efuse_init: Min chip rev:     v0.3
I (298) efuse_init: Max chip rev:     v1.99 
I (302) efuse_init: Chip rev:         v0.3
I (306) heap_init: Initializing. RAM available for dynamic allocation:
I (312) heap_init: At 3FC9E450 len 00021BB0 (134 KiB): RAM
I (317) heap_init: At 3FCC0000 len 0001C710 (113 KiB): Retention RAM
I (323) heap_init: At 3FCDC710 len 00002950 (10 KiB): Retention RAM
I (329) heap_init: At 5000021C len 00001DCC (7 KiB): RTCRAM
I (335) spi_flash: detected chip: generic
I (338) spi_flash: flash io: dio
I (342) sleep_gpio: Configure to isolate all GPIO pins in sleep state
I (347) sleep_gpio: Enable automatic switching of GPIO sleep configuration
I (354) main_task: Started on CPU0
I (384) main_task: Calling app_main()
[5n
Type 'help' to get the list of commands.
Use UP/DOWN arrows to navigate through command history.
Press TAB when typing command name to auto-complete.

Your terminal application does not support escape sequences.

Line editing and history features are disabled.

On Windows, try using Putty instead.
esp32> W (884) hil_test: WiFi and Golioth credentials are not set. Use the shell settings commands to set them.

esp32> 
esp32> 
esp32> 
esp32> settings set wifi/ssid "***MIKES_ORANGE_PI_WIFI_SSID***"
Setting wifi/ssid saved
esp32> 
esp32> 
esp32> 
esp32> 
esp32> 
esp32> settings set wifi/psk "***MIKES_ORANGE_PI_WIFI_PSK***"
Setting wifi/psk saved
esp32> 
es::add-mask::generated-ehVOiwTporajTtEH
p32> 
esp32> 
esp32> 
esp32> 
esp32> settings set golioth/psk-id "generated-ehVOiwTporajTtEH@firmware_ci"
Setting golioth/psk-id saved
esp32> 
esp32> 
esp32> 
esp32> 
esp32> 
esp32> settings set golioth/psk "generated-ehVOiwTporajTtEH"
Setting golioth/psk saved
esp32> 
esp32> I (6904) pp: pp rom version: 9387209
I (6904) net80211: net80211 rom version: 9387209
I (6924) wifi_init: rx ba win: 6
I (6924) wifi_init: accept mbox: 6
I (6924) wifi_init: tcpip mbox: 32
I (6924) wifi_init: udp mbox: 6
I (6924) wifi_init: tcp mbox: 6
I (6934) wifi_init: tcp tx win: 5760
I (6934) wifi_init: tcp rx win: 5760
I (6934) wifi_init: tcp mss: 1440
I (6944) wifi_init: WiFi IRAM OP enabled
I (6944) wifi_init: WiFi RX IRAM OP enabled
I (6944) phy_init: phy_version 1200,2b7123f9,Feb 18 2025,15:22:21
W (6954) phy_init: failed to load RF calibration data (0x1102), falling back to full calibration
I (6994) phy_init: Saving new calibration data due to checksum failure or outdated calibration data, mode(2)
I (9014) esp_netif_handlers: sta ip: 192.168.8.119, mask: 255.255.255.0, gw: 192.168.8.1
I (9014) example_wifi: WiFi Connected. Got IP:192.168.8.119
I (9024) example_wifi: Connected to AP SSID: ***MIKES_ORANGE_PI_WIFI_SSID***
I (9024) golioth_mbox: Mbox created, bufsize: 2688, num_items: 20, item_size: 128
I (9044) golioth_coap_client_libcoap: Start CoAP session with host: coaps://coap.golioth.io
I (9044) golioth_coap_client_libcoap: Session PSK-ID: generated-ehVOiwTporajTtEH@firmware_ci
I (9054) libcoap: Setting PSK key

I (9064) golioth_coap_client_libcoap: Entering CoAP I/O loop
I (9294) golioth_coap_client_libcoap: Golioth CoAP client connected
W (12444) golioth_coap_client_libcoap: CoAP message retransmitted
I (14824) test_lightdb: LightDB State desired data is ready
W (18864) golioth_coap_client_libcoap: 4.00 (req type: 3, path: .d/hil/lightdb/invalid/dot), len 0
I (18974) test_lightdb: LightDB State reported data is ready
