Warning: Deprecated: Command 'write_flash' is deprecated. Use 'write-flash' instead.
esptool v5.1.0
Serial port /dev/serial/by-id/usb-Silicon_Labs_CP2102N_USB_to_UART_Bridge_Controller_90568bbbd827ee11b31a14d8f49e3369-if00-port0:
Connecting....
Detecting chip type... ESP32
Connected to ESP32 on /dev/serial/by-id/usb-Silicon_Labs_CP2102N_USB_to_UART_Bridge_Controller_90568bbbd827ee11b31a14d8f49e3369-if00-port0:
Chip type:          ESP32-D0WD-V3 (revision v3.1)
Features:           Wi-Fi, BT, Dual Core + LP Core, 240MHz, Vref calibration in eFuse, Coding Scheme None
Crystal frequency:  40MHz
MAC:                a0:a3:b3:8b:38:c0

Uploading stub flasher...
Running stub flasher...
Stub flasher running.
Changing baud rate to 460800...
Changed.

Configuring flash size...
Erasing flash memory (this may take a while)...
Flash memory erased successfully in 2.2 seconds.
Compressed 968720 bytes to 609256...
Writing at 0x00000000 [                              ]   0.0% 0/609256 bytes... 
Writing at 0x000074af [                              ]   2.7% 16384/609256 bytes... 
Writing at 0x0001bf49 [>                             ]   5.4% 32768/609256 bytes... 
Writing at 0x00028ba2 [=>                            ]   8.1% 49152/609256 bytes... 
Writing at 0x00031701 [==>                           ]  10.8% 65536/609256 bytes... 
Writing at 0x0003ae48 [===>                          ]  13.4% 81920/609256 bytes... 
Writing at 0x00040549 [===>                          ]  16.1% 98304/609256 bytes... 
Writing at 0x00045f4f [====>                         ]  18.8% 114688/609256 bytes... 
Writing at 0x0004b753 [=====>                        ]  21.5% 131072/609256 bytes... 
Writing at 0x00050be1 [======>                       ]  24.2% 147456/609256 bytes... 
Writing at 0x00055e43 [=======>                      ]  26.9% 163840/609256 bytes... 
Writing at 0x0005b191 [=======>                      ]  29.6% 180224/609256 bytes... 
Writing at 0x00060853 [========>                     ]  32.3% 196608/609256 bytes... 
Writing at 0x000658f3 [=========>                    ]  35.0% 212992/609256 bytes... 
Writing at 0x0006aaff [==========>                   ]  37.6% 229376/609256 bytes... 
Writing at 0x0006fe5f [===========>                  ]  40.3% 245760/609256 bytes... 
Writing at 0x00074f9a [===========>                  ]  43.0% 262144/609256 bytes... 
Writing at 0x0007a279 [============>                 ]  45.7% 278528/609256 bytes... 
Writing at 0x0007f798 [=============>                ]  48.4% 294912/609256 bytes... 
Writing at 0x000850cd [==============>               ]  51.1% 311296/609256 bytes... 
Writing at 0x0008a993 [===============>              ]  53.8% 327680/609256 bytes... 
Writing at 0x0008fc4a [===============>              ]  56.5% 344064/609256 bytes... 
Writing at 0x00094eaa [================>             ]  59.2% 360448/609256 bytes... 
Writing at 0x0009a62d [=================>            ]  61.9% 376832/609256 bytes... 
Writing at 0x0009fcd2 [==================>           ]  64.5% 393216/609256 bytes... 
Writing at 0x000a4feb [===================>          ]  67.2% 409600/609256 bytes... 
Writing at 0x000aa728 [===================>          ]  69.9% 425984/609256 bytes... 
Writing at 0x000b0090 [====================>         ]  72.6% 442368/609256 bytes... 
Writing at 0x000b5183 [=====================>        ]  75.3% 458752/609256 bytes... 
Writing at 0x000ba5aa [======================>       ]  78.0% 475136/609256 bytes... 
Writing at 0x000bfea7 [=======================>      ]  80.7% 491520/609256 bytes... 
Writing at 0x000c7724 [========================>     ]  83.4% 507904/609256 bytes... 
Writing at 0x000cddcc [========================>     ]  86.1% 524288/609256 bytes... 
Writing at 0x000d5501 [=========================>    ]  88.7% 540672/609256 bytes... 
Writing at 0x000dac51 [==========================>   ]  91.4% 557056/609256 bytes... 
Writing at 0x000e0622 [===========================>  ]  94.1% 573440/609256 bytes... 
Writing at 0x000e622c [============================> ]  96.8% 589824/609256 bytes... 
Writing at 0x000eb549 [============================> ]  99.5% 606208/609256 bytes... 
Writing at 0x000ec810 [==============================] 100.0% 609256/609256 bytes... 
Wrote 968720 bytes (609256 compressed) at 0x00000000 in 17.9 seconds (432.6 kbit/s).
Hash of data verified.

Hard resetting via RTS pin...
00,d_drv:0x00,cs0_drv:0x00,hd_drv:0x00,wp_drv:0x00
mode:DIO, clock div:2
load:0x3fff0030,len:6276
load:0x40078000,len:15828
load:0x40080400,len:4
ho 8 tail 4 room 4
load:0x40080404,len:3860
entry 0x4008063c
I (31) boot: ESP-IDF v5.4.1 2nd stage bootloader
I (31) boot: compile time Oct 17 2025 15:43:17
I (31) boot: Multicore bootloader
I (32) boot: chip revision: v3.1
I (35) boot.esp32: SPI Speed      : 40MHz
I (39) boot.esp32: SPI Mode       : DIO
I (43) boot.esp32: SPI Flash Size : 4MB
I (46) boot: Enabling RNG early entropy source...
I (51) boot: Partition Table:
I (53) boot: ## Label            Usage          Type ST Offset   Length
I (60) boot:  0 nvs              WiFi data        01 02 00009000 00006000
I (66) boot:  1 phy_init         RF data          01 01 0000f000 00001000
I (73) boot:  2 factory          factory app      00 00 00010000 00100000
I (79) boot: End of partition table
I (82) esp_image: segment 0: paddr=00010020 vaddr=3f400020 size=24050h (147536) map
I (140) esp_image: segment 1: paddr=00034078 vaddr=3ff80000 size=0001ch (    28) load
I (141) esp_image: segment 2: paddr=0003409c vaddr=3ffb0000 size=040d8h ( 16600) load
I (150) esp_image: segment 3: paddr=0003817c vaddr=40080000 size=07e9ch ( 32412) load
I (164) esp_image: segment 4: paddr=00040020 vaddr=400d0020 size=9d6cch (644812) map
I (385) esp_image: segment 5: paddr=000dd6f4 vaddr=40087e9c size=0f0f8h ( 61688) load
I (420) boot: Loaded app from partition at offset 0x10000
I (420) boot: Disabling RNG early entropy source...
I (431) cpu_start: Multicore app
I (439) cpu_start: Pro cpu start user code
I (439) cpu_start: cpu freq: 160000000 Hz
I (439) app_init: Application information:
I (439) app_init: Project name:     test
I (443) app_init: App version:      c27c9b9-dirty
I (447) app_init: Compile time:     Oct 17 2025 15:43:10
I (452) app_init: ELF file SHA256:  7647e409d...
I (456) app_init: ESP-IDF:          v5.4.1
I (460) efuse_init: Min chip rev:     v0.0
I (464) efuse_init: Max chip rev:     v3.99 
I (468) efuse_init: Chip rev:         v3.1
I (472) heap_init: Initializing. RAM available for dynamic allocation:
I (478) heap_init: At 3FFAE6E0 len 00001920 (6 KiB): DRAM
I (483) heap_init: At 3FFBBB88 len 00024478 (145 KiB): DRAM
I (489) heap_init: At 3FFE0440 len 00003AE0 (14 KiB): D/IRAM
I (494) heap_init: At 3FFE4350 len 0001BCB0 (111 KiB): D/IRAM
I (499) heap_init: At 40096F94 len 0000906C (36 KiB): IRAM
I (506) spi_flash: detected chip: generic
I (508) spi_flash: flash io: dio
W (511) spi_flash: Detected size(8192k) larger than the size in the binary image header(4096k). Using the size in the binary image header.
I (524) main_task: Started on CPU0
I (534) main_task: Calling app_main()
[5n
Type 'help' to get the list of commands.
Use UP/DOWN arrows to navigate through command history.
Press TAB when typing command name to auto-complete.

Your terminal application does not support escape sequences.

Line editing and history features are disabled.

On Windows, try using Putty instead.
esp32> W (1044) hil_test: WiFi and Golioth credentials are not set. Use the shell settings commands to set them.

esp32> 
esp32> 
esp32> 
esp32> settings set wifi/ssid "***SAMS_ORANGE_PI_WIFI_SSID***"
Setting wifi/ssid saved
esp32> 
esp32> 
esp32> 
esp32> 
esp32> 
esp32> settings set wifi/psk "***SAMS_ORANGE_PI_WIFI_PSK***"
Setting wifi/psk saved
esp32> 
esp32> ::add-mask::generated-ijasVOniKBJSlkDp

esp32> 
esp32> 
esp32> 
esp32> settings set golioth/psk-id "generated-ijasVOniKBJSlkDp@firmware_ci"
Setting golioth/psk-id saved
esp32> 
esp32> 
esp32> 
esp32> 
esp32> 
esp32> settings set golioth/psk "generated-ijasVOniKBJSlkDp"
Setting golioth/psk saved
esp32> 
esp32> I (7094) wifi_init: rx ba win: 6
I (7094) wifi_init: accept mbox: 6
I (7094) wifi_init: tcpip mbox: 32
I (7094) wifi_init: udp mbox: 6
I (7094) wifi_init: tcp mbox: 6
I (7114) wifi_init: tcp tx win: 5760
I (7114) wifi_init: tcp rx win: 5760
I (7114) wifi_init: tcp mss: 1440
I (7114) wifi_init: WiFi IRAM OP enabled
I (7124) wifi_init: WiFi RX IRAM OP enabled
I (7124) phy_init: phy_version 4860,6b7a6e5,Feb  6 2025,14:47:07
W (7124) phy_init: failed to load RF calibration data (0x1102), falling back to full calibration
I (7204) phy_init: Saving new calibration data due to checksum failure or outdated calibration data, mode(2)
I (9544) esp_netif_handlers: sta ip: 192.168.0.119, mask: 255.255.255.0, gw: 192.168.0.1
I (9544) example_wifi: WiFi Connected. Got IP:192.168.0.119
I (9544) example_wifi: Connected to AP SSID: ***SAMS_ORANGE_PI_WIFI_SSID***
I (9554) golioth_mbox: Mbox created, bufsize: 2688, num_items: 20, item_size: 128
I (9594) golioth_coap_client_libcoap: Start CoAP session with host: coaps://coap.golioth.io
I (9594) golioth_coap_client_libcoap: Session PSK-ID: generated-ijasVOniKBJSlkDp@firmware_ci
I (9614) libcoap: Setting PSK key

I (9614) golioth_coap_client_libcoap: Entering CoAP I/O loop
I (12504) golioth_coap_client_libcoap: Golioth CoAP client connected
I (12974) golioth_rpc: RPC observation established
