Warning: Deprecated: Command 'write_flash' is deprecated. Use 'write-flash' instead.
esptool v5.1.0
Serial port /dev/serial/by-id/usb-Silicon_Labs_CP2102N_USB_to_UART_Bridge_Controller_90568bbbd827ee11b31a14d8f49e3369-if00-port0:
Connecting.....
Detecting chip type... ESP32
Connected to ESP32 on /dev/serial/by-id/usb-Silicon_Labs_CP2102N_USB_to_UART_Bridge_Controller_90568bbbd827ee11b31a14d8f49e3369-if00-port0:
Chip type:          ESP32-D0WD-V3 (revision v3.1)
Features:           Wi-Fi, BT, Dual Core + LP Core, 240MHz, Vref calibration in eFuse, Coding Scheme None
Crystal frequency:  40MHz
MAC:                a0:a3:b3:8b:38:c0

Uploading stub flasher...
Running stub flasher...
Stub flasher running.
Changing baud rate to 460800...
Changed.

Configuring flash size...
Erasing flash memory (this may take a while)...
Flash memory erased successfully in 2.2 seconds.
Compressed 974720 bytes to 612838...
Writing at 0x00000000 [                              ]   0.0% 0/612838 bytes... 
Writing at 0x000074c1 [                              ]   2.7% 16384/612838 bytes... 
Writing at 0x0001bf45 [>                             ]   5.3% 32768/612838 bytes... 
Writing at 0x00028e6d [=>                            ]   8.0% 49152/612838 bytes... 
Writing at 0x000316ad [==>                           ]  10.7% 65536/612838 bytes... 
Writing at 0x0003b1a7 [===>                          ]  13.4% 81920/612838 bytes... 
Writing at 0x00040869 [===>                          ]  16.0% 98304/612838 bytes... 
Writing at 0x00046172 [====>                         ]  18.7% 114688/612838 bytes... 
Writing at 0x0004b94c [=====>                        ]  21.4% 131072/612838 bytes... 
Writing at 0x00050dbb [======>                       ]  24.1% 147456/612838 bytes... 
Writing at 0x00055fbd [=======>                      ]  26.7% 163840/612838 bytes... 
Writing at 0x0005b34c [=======>                      ]  29.4% 180224/612838 bytes... 
Writing at 0x00060a12 [========>                     ]  32.1% 196608/612838 bytes... 
Writing at 0x00065afe [=========>                    ]  34.8% 212992/612838 bytes... 
Writing at 0x0006adba [==========>                   ]  37.4% 229376/612838 bytes... 
Writing at 0x000700b8 [===========>                  ]  40.1% 245760/612838 bytes... 
Writing at 0x0007520e [===========>                  ]  42.8% 262144/612838 bytes... 
Writing at 0x0007a4ee [============>                 ]  45.4% 278528/612838 bytes... 
Writing at 0x0007fa5b [=============>                ]  48.1% 294912/612838 bytes... 
Writing at 0x0008534d [==============>               ]  50.8% 311296/612838 bytes... 
Writing at 0x0008adac [===============>              ]  53.5% 327680/612838 bytes... 
Writing at 0x000900f6 [===============>              ]  56.1% 344064/612838 bytes... 
Writing at 0x0009533c [================>             ]  58.8% 360448/612838 bytes... 
Writing at 0x0009aa89 [=================>            ]  61.5% 376832/612838 bytes... 
Writing at 0x000a019e [==================>           ]  64.2% 393216/612838 bytes... 
Writing at 0x000a54c7 [===================>          ]  66.8% 409600/612838 bytes... 
Writing at 0x000aaa7b [===================>          ]  69.5% 425984/612838 bytes... 
Writing at 0x000b052b [====================>         ]  72.2% 442368/612838 bytes... 
Writing at 0x000b566e [=====================>        ]  74.9% 458752/612838 bytes... 
Writing at 0x000ba93d [======================>       ]  77.5% 475136/612838 bytes... 
Writing at 0x000c0318 [=======================>      ]  80.2% 491520/612838 bytes... 
Writing at 0x000c7985 [=======================>      ]  82.9% 507904/612838 bytes... 
Writing at 0x000ce0ce [========================>     ]  85.6% 524288/612838 bytes... 
Writing at 0x000d5830 [=========================>    ]  88.2% 540672/612838 bytes... 
Writing at 0x000db112 [==========================>   ]  90.9% 557056/612838 bytes... 
Writing at 0x000e0b25 [===========================>  ]  93.6% 573440/612838 bytes... 
Writing at 0x000e68c2 [===========================>  ]  96.2% 589824/612838 bytes... 
Writing at 0x000ebab1 [============================> ]  98.9% 606208/612838 bytes... 
Writing at 0x000edf80 [==============================] 100.0% 612838/612838 bytes... 
Wrote 974720 bytes (612838 compressed) at 0x00000000 in 18.0 seconds (434.2 kbit/s).
Hash of data verified.

Hard resetting via RTS pin...
x00,d_drv:0x00,cs0_drv:0x00,hd_drv:0x00,wp_drv:0x00
mode:DIO, clock div:2
load:0x3fff0030,len:6276
load:0x40078000,len:15748
load:0x40080400,len:4
ho 8 tail 4 room 4
load:0x40080404,len:3860
entry 0x4008063c
I (31) boot: ESP-IDF v5.4.1 2nd stage bootloader
I (31) boot: compile time Oct 17 2025 15:47:26
I (31) boot: Multicore bootloader
I (32) boot: chip revision: v3.1
I (35) boot.esp32: SPI Speed      : 40MHz
I (39) boot.esp32: SPI Mode       : DIO
I (43) boot.esp32: SPI Flash Size : 2MB
I (46) boot: Enabling RNG early entropy source...
I (51) boot: Partition Table:
I (53) boot: ## Label            Usage          Type ST Offset   Length
I (60) boot:  0 nvs              WiFi data        01 02 00009000 00006000
I (66) boot:  1 phy_init         RF data          01 01 0000f000 00001000
I (73) boot:  2 factory          factory app      00 00 00010000 00100000
I (79) boot: End of partition table
I (82) esp_image: segment 0: paddr=00010020 vaddr=3f400020 size=248c0h (149696) map
I (141) esp_image: segment 1: paddr=000348e8 vaddr=3ff80000 size=0001ch (    28) load
I (141) esp_image: segment 2: paddr=0003490c vaddr=3ffb0000 size=040e8h ( 16616) load
I (151) esp_image: segment 3: paddr=000389fc vaddr=40080000 size=0761ch ( 30236) load
I (164) esp_image: segment 4: paddr=00040020 vaddr=400d0020 size=9e5b0h (648624) map
I (386) esp_image: segment 5: paddr=000de5d8 vaddr=4008761c size=0f978h ( 63864) load
I (422) boot: Loaded app from partition at offset 0x10000
I (422) boot: Disabling RNG early entropy source...
I (433) cpu_start: Multicore app
I (441) cpu_start: Pro cpu start user code
I (441) cpu_start: cpu freq: 160000000 Hz
I (441) app_init: Application information:
I (441) app_init: Project name:     rpc
I (445) app_init: App version:      c27c9b9-dirty
I (449) app_init: Compile time:     Oct 17 2025 15:47:20
I (454) app_init: ELF file SHA256:  a7dee48da...
I (458) app_init: ESP-IDF:          v5.4.1
I (462) efuse_init: Min chip rev:     v0.0
I (466) efuse_init: Max chip rev:     v3.99 
I (470) efuse_init: Chip rev:         v3.1
I (474) heap_init: Initializing. RAM available for dynamic allocation:
I (480) heap_init: At 3FFAE6E0 len 00001920 (6 KiB): DRAM
I (485) heap_init: At 3FFBBC20 len 000243E0 (144 KiB): DRAM
I (490) heap_init: At 3FFE0440 len 00003AE0 (14 KiB): D/IRAM
I (496) heap_init: At 3FFE4350 len 0001BCB0 (111 KiB): D/IRAM
I (501) heap_init: At 40096F94 len 0000906C (36 KiB): IRAM
I (508) spi_flash: detected chip: generic
I (510) spi_flash: flash io: dio
W (513) spi_flash: Detected size(8192k) larger than the size in the binary image header(2048k). Using the size in the binary image header.
I (526) main_task: Started on CPU0
I (536) main_task: Calling app_main()
I (536) rpc: Start RPC sample
[5n
Type 'help' to get the list of commands.
Use UP/DOWN arrows to navigate through command history.
Press TAB when typing command name to auto-complete.

Your terminal application does not support escape sequences.

Line editing and history features are disabled.

On Windows, try using Putty instead.
esp32> W (1046) rpc: WiFi and Golioth credentials are not set. Use the shell settings commands to set them.

esp32> 
esp32> 
esp32> 
esp32> settings set wifi/ssid "***SAMS_ORANGE_PI_WIFI_SSID***"
Setting wifi/ssid saved
esp32> 
esp32> 
esp32> 
esp32> 
esp32> 
esp32> settings set wifi/psk "***SAMS_ORANGE_PI_WIFI_PSK***"
Setting wifi/psk saved
esp32> 
esp32> ::add-mask::generated-sZvoYcJdkZXDQKRo

esp32> 
esp32> 
esp32> 
esp32> settings set golioth/psk-id "generated-sZvoYcJdkZXDQKRo@firmware_ci"
Setting golioth/psk-id saved
esp32> 
esp32> 
esp32> 
esp32> 
esp32> 
esp32> settings set golioth/psk "generated-sZvoYcJdkZXDQKRo"
Setting golioth/psk saved
esp32> 
esp32> I (7096) wifi_init: rx ba win: 6
I (7096) wifi_init: accept mbox: 6
I (7096) wifi_init: tcpip mbox: 32
I (7096) wifi_init: udp mbox: 6
I (7096) wifi_init: tcp mbox: 6
I (7116) wifi_init: tcp tx win: 5760
I (7116) wifi_init: tcp rx win: 5760
I (7116) wifi_init: tcp mss: 1440
I (7116) wifi_init: WiFi IRAM OP enabled
I (7126) wifi_init: WiFi RX IRAM OP enabled
I (7126) phy_init: phy_version 4860,6b7a6e5,Feb  6 2025,14:47:07
W (7126) phy_init: failed to load RF calibration data (0x1102), falling back to full calibration
I (7206) phy_init: Saving new calibration data due to checksum failure or outdated calibration data, mode(2)
I (9126) esp_netif_handlers: sta ip: 192.168.0.119, mask: 255.255.255.0, gw: 192.168.0.1
I (9126) example_wifi: WiFi Connected. Got IP:192.168.0.119
I (9126) example_wifi: Connected to AP SSID: ***SAMS_ORANGE_PI_WIFI_SSID***
I (9136) golioth_mbox: Mbox created, bufsize: 2688, num_items: 20, item_size: 128
W (9146) rpc: Waiting for connection to Golioth...
I (9166) golioth_coap_client_libcoap: Start CoAP session with host: coaps://coap.golioth.io
I (9166) golioth_coap_client_libcoap: Session PSK-ID: generated-sZvoYcJdkZXDQKRo@firmware_ci
I (9186) libcoap: Setting PSK key

I (9196) golioth_coap_client_libcoap: Entering CoAP I/O loop
I (9526) golioth_coap_client_libcoap: Golioth CoAP client connected
I (9526) rpc: Golioth client connected
I (9536) rpc: RPC successfully registered
I (10126) golioth_rpc: RPC observation established
