Warning: Deprecated: Command 'write_flash' is deprecated. Use 'write-flash' instead.
esptool v5.1.0
Serial port /dev/serial/by-id/usb-Silicon_Labs_CP2102N_USB_to_UART_Bridge_Controller_90568bbbd827ee11b31a14d8f49e3369-if00-port0:
Connecting....
Detecting chip type... ESP32
Connected to ESP32 on /dev/serial/by-id/usb-Silicon_Labs_CP2102N_USB_to_UART_Bridge_Controller_90568bbbd827ee11b31a14d8f49e3369-if00-port0:
Chip type:          ESP32-D0WD-V3 (revision v3.1)
Features:           Wi-Fi, BT, Dual Core + LP Core, 240MHz, Vref calibration in eFuse, Coding Scheme None
Crystal frequency:  40MHz
MAC:                a0:a3:b3:8b:38:c0

Uploading stub flasher...
Running stub flasher...
Stub flasher running.
Changing baud rate to 460800...
Changed.

Configuring flash size...
Erasing flash memory (this may take a while)...
Flash memory erased successfully in 2.2 seconds.
Compressed 971136 bytes to 610732...
Writing at 0x00000000 [                              ]   0.0% 0/610732 bytes... 
Writing at 0x000074c1 [                              ]   2.7% 16384/610732 bytes... 
Writing at 0x0001c0e5 [>                             ]   5.4% 32768/610732 bytes... 
Writing at 0x00028c49 [=>                            ]   8.0% 49152/610732 bytes... 
Writing at 0x000314b5 [==>                           ]  10.7% 65536/610732 bytes... 
Writing at 0x0003aea5 [===>                          ]  13.4% 81920/610732 bytes... 
Writing at 0x0004052a [===>                          ]  16.1% 98304/610732 bytes... 
Writing at 0x00045e92 [====>                         ]  18.8% 114688/610732 bytes... 
Writing at 0x0004b653 [=====>                        ]  21.5% 131072/610732 bytes... 
Writing at 0x00050ab7 [======>                       ]  24.1% 147456/610732 bytes... 
Writing at 0x00055c98 [=======>                      ]  26.8% 163840/610732 bytes... 
Writing at 0x0005b140 [=======>                      ]  29.5% 180224/610732 bytes... 
Writing at 0x000605f7 [========>                     ]  32.2% 196608/610732 bytes... 
Writing at 0x000656dd [=========>                    ]  34.9% 212992/610732 bytes... 
Writing at 0x0006aa3b [==========>                   ]  37.6% 229376/610732 bytes... 
Writing at 0x0006fbc1 [===========>                  ]  40.2% 245760/610732 bytes... 
Writing at 0x00074f0a [===========>                  ]  42.9% 262144/610732 bytes... 
Writing at 0x0007a039 [============>                 ]  45.6% 278528/610732 bytes... 
Writing at 0x0007f6d3 [=============>                ]  48.3% 294912/610732 bytes... 
Writing at 0x00084edf [==============>               ]  51.0% 311296/610732 bytes... 
Writing at 0x0008a9fc [===============>              ]  53.7% 327680/610732 bytes... 
Writing at 0x0008fc68 [===============>              ]  56.3% 344064/610732 bytes... 
Writing at 0x00094eb4 [================>             ]  59.0% 360448/610732 bytes... 
Writing at 0x0009a608 [=================>            ]  61.7% 376832/610732 bytes... 
Writing at 0x0009fd15 [==================>           ]  64.4% 393216/610732 bytes... 
Writing at 0x000a5019 [===================>          ]  67.1% 409600/610732 bytes... 
Writing at 0x000aa747 [===================>          ]  69.7% 425984/610732 bytes... 
Writing at 0x000b00a6 [====================>         ]  72.4% 442368/610732 bytes... 
Writing at 0x000b5194 [=====================>        ]  75.1% 458752/610732 bytes... 
Writing at 0x000ba6b8 [======================>       ]  77.8% 475136/610732 bytes... 
Writing at 0x000c0006 [=======================>      ]  80.5% 491520/610732 bytes... 
Writing at 0x000c776c [=======================>      ]  83.2% 507904/610732 bytes... 
Writing at 0x000cddda [========================>     ]  85.8% 524288/610732 bytes... 
Writing at 0x000d5603 [=========================>    ]  88.5% 540672/610732 bytes... 
Writing at 0x000dad5b [==========================>   ]  91.2% 557056/610732 bytes... 
Writing at 0x000e0837 [===========================>  ]  93.9% 573440/610732 bytes... 
Writing at 0x000e64a5 [===========================>  ]  96.6% 589824/610732 bytes... 
Writing at 0x000eb70f [============================> ]  99.3% 606208/610732 bytes... 
Writing at 0x000ed180 [==============================] 100.0% 610732/610732 bytes... 
Wrote 971136 bytes (610732 compressed) at 0x00000000 in 17.9 seconds (433.4 kbit/s).
Hash of data verified.

Hard resetting via RTS pin...
00,d_drv:0x00,cs0_drv:0x00,hd_drv:0x00,wp_drv:0x00
mode:DIO, clock div:2
load:0x3fff0030,len:6276
load:0x40078000,len:15748
load:0x40080400,len:4
ho 8 tail 4 room 4
load:0x40080404,len:3860
entry 0x4008063c
I (31) boot: ESP-IDF v5.4.1 2nd stage bootloader
I (31) boot: compile time Oct 17 2025 15:44:33
I (31) boot: Multicore bootloader
I (32) boot: chip revision: v3.1
I (35) boot.esp32: SPI Speed      : 40MHz
I (39) boot.esp32: SPI Mode       : DIO
I (43) boot.esp32: SPI Flash Size : 2MB
I (46) boot: Enabling RNG early entropy source...
I (51) boot: Partition Table:
I (53) boot: ## Label            Usage          Type ST Offset   Length
I (60) boot:  0 nvs              WiFi data        01 02 00009000 00006000
I (66) boot:  1 phy_init         RF data          01 01 0000f000 00001000
I (73) boot:  2 factory          factory app      00 00 00010000 00100000
I (79) boot: End of partition table
I (82) esp_image: segment 0: paddr=00010020 vaddr=3f400020 size=244e8h (148712) map
I (141) esp_image: segment 1: paddr=00034510 vaddr=3ff80000 size=0001ch (    28) load
I (141) esp_image: segment 2: paddr=00034534 vaddr=3ffb0000 size=040e8h ( 16616) load
I (151) esp_image: segment 3: paddr=00038624 vaddr=40080000 size=079f4h ( 31220) load
I (164) esp_image: segment 4: paddr=00040020 vaddr=400d0020 size=9db94h (646036) map
I (385) esp_image: segment 5: paddr=000ddbbc vaddr=400879f4 size=0f5a0h ( 62880) load
I (421) boot: Loaded app from partition at offset 0x10000
I (421) boot: Disabling RNG early entropy source...
I (431) cpu_start: Multicore app
I (440) cpu_start: Pro cpu start user code
I (440) cpu_start: cpu freq: 160000000 Hz
I (440) app_init: Application information:
I (440) app_init: Project name:     cpp
I (443) app_init: App version:      c27c9b9-dirty
I (448) app_init: Compile time:     Oct 17 2025 15:44:26
I (453) app_init: ELF file SHA256:  ccd75fe11...
I (457) app_init: ESP-IDF:          v5.4.1
I (461) efuse_init: Min chip rev:     v0.0
I (465) efuse_init: Max chip rev:     v3.99 
I (469) efuse_init: Chip rev:         v3.1
I (473) heap_init: Initializing. RAM available for dynamic allocation:
I (479) heap_init: At 3FFAE6E0 len 00001920 (6 KiB): DRAM
I (484) heap_init: At 3FFBBB18 len 000244E8 (145 KiB): DRAM
I (489) heap_init: At 3FFE0440 len 00003AE0 (14 KiB): D/IRAM
I (495) heap_init: At 3FFE4350 len 0001BCB0 (111 KiB): D/IRAM
I (500) heap_init: At 40096F94 len 0000906C (36 KiB): IRAM
I (507) spi_flash: detected chip: generic
I (509) spi_flash: flash io: dio
W (512) spi_flash: Detected size(8192k) larger than the size in the binary image header(2048k). Using the size in the binary image header.
I (525) main_task: Started on CPU0
I (535) main_task: Calling app_main()
[5n
Type 'help' to get the list of commands.
Use UP/DOWN arrows to navigate through command history.
Press TAB when typing command name to auto-complete.

Your terminal application does not support escape sequences.

Line editing and history features are disabled.

On Windows, try using Putty instead.
esp32> W (1045) app_main: WiFi and Golioth credentials are not set. Use the shell settings commands to set them.

esp32> 
esp32> 
esp32> 
esp32> settings set wifi/ssid "***SAMS_ORANGE_PI_WIFI_SSID***"
Setting wifi/ssid saved
esp32> 
esp32> 
esp32> 
esp32> 
esp32> 
esp32> settings set wifi/psk "***SAMS_ORANGE_PI_WIFI_PSK***"
Setting wifi/psk saved
esp32> 
esp32> ::add-mask::generated-omqQELwjfuaEArVp

esp32> 
esp32> 
esp32> 
esp32> settings set golioth/psk-id "generated-omqQELwjfuaEArVp@firmware_ci"
Setting golioth/psk-id saved
esp32> 
esp32> 
esp32> 
esp32> 
esp32> 
esp32> settings set golioth/psk "generated-omqQELwjfuaEArVp"
Setting golioth/psk saved
esp32> 
esp32> I (8095) wifi_init: rx ba win: 6
I (8095) wifi_init: accept mbox: 6
I (8095) wifi_init: tcpip mbox: 32
I (8095) wifi_init: udp mbox: 6
I (8095) wifi_init: tcp mbox: 6
I (8115) wifi_init: tcp tx win: 5760
I (8115) wifi_init: tcp rx win: 5760
I (8115) wifi_init: tcp mss: 1440
I (8115) wifi_init: WiFi IRAM OP enabled
I (8125) wifi_init: WiFi RX IRAM OP enabled
I (8125) phy_init: phy_version 4860,6b7a6e5,Feb  6 2025,14:47:07
W (8125) phy_init: failed to load RF calibration data (0x1102), falling back to full calibration
I (8205) phy_init: Saving new calibration data due to checksum failure or outdated calibration data, mode(2)
I (10555) esp_netif_handlers: sta ip: 192.168.0.119, mask: 255.255.255.0, gw: 192.168.0.1
I (10555) example_wifi: WiFi Connected. Got IP:192.168.0.119
I (10555) example_wifi: Connected to AP SSID: ***SAMS_ORANGE_PI_WIFI_SSID***
I (10565) golioth_mbox: Mbox created, bufsize: 2688, num_items: 20, item_size: 128
I (10575) app_main: Hello, Golioth 0!
I (10595) golioth_coap_client_libcoap: Start CoAP session with host: coaps://coap.golioth.io
I (10605) golioth_coap_client_libcoap: Session PSK-ID: generated-omqQELwjfuaEArVp@firmware_ci
I (10615) libcoap: Setting PSK key

I (10625) golioth_coap_client_libcoap: Entering CoAP I/O loop
I (11075) golioth_coap_client_libcoap: Golioth CoAP client connected
I (15575) app_main: Hello, Golioth 1!
I (20585) app_main: Hello, Golioth 2!
