Warning: Deprecated: Command 'write_flash' is deprecated. Use 'write-flash' instead.
esptool v5.1.0
Serial port /dev/serial/by-id/usb-Silicon_Labs_CP2102N_USB_to_UART_Bridge_Controller_ee6375f01ce7ec11973dbed05adebb74-if00-port0:
Connecting....
Detecting chip type... ESP32-C3
Connected to ESP32-C3 on /dev/serial/by-id/usb-Silicon_Labs_CP2102N_USB_to_UART_Bridge_Controller_ee6375f01ce7ec11973dbed05adebb74-if00-port0:
Chip type:          ESP32-C3 (QFN32) (revision v0.4)
Features:           Wi-Fi, BT 5 (LE), Single Core, 160MHz, Embedded Flash 4MB (XMC)
Crystal frequency:  40MHz
MAC:                ec:da:3b:0d:18:84

Uploading stub flasher...
Running stub flasher...
Stub flasher running.
Changing baud rate to 460800...
Changed.

Configuring flash size...
Erasing flash memory (this may take a while)...
Flash memory erased successfully in 18.2 seconds.
Compressed 1045904 bytes to 609581...
Writing at 0x00000000 [                              ]   0.0% 0/609581 bytes... 
Writing at 0x00011d5c [                              ]   2.7% 16384/609581 bytes... 
Writing at 0x0001e7be [>                             ]   5.4% 32768/609581 bytes... 
Writing at 0x0002b4c9 [=>                            ]   8.1% 49152/609581 bytes... 
Writing at 0x00032afd [==>                           ]  10.8% 65536/609581 bytes... 
Writing at 0x0003dde0 [===>                          ]  13.4% 81920/609581 bytes... 
Writing at 0x000439e9 [===>                          ]  16.1% 98304/609581 bytes... 
Writing at 0x0004a220 [====>                         ]  18.8% 114688/609581 bytes... 
Writing at 0x0005033d [=====>                        ]  21.5% 131072/609581 bytes... 
Writing at 0x00056229 [======>                       ]  24.2% 147456/609581 bytes... 
Writing at 0x0005bc53 [=======>                      ]  26.9% 163840/609581 bytes... 
Writing at 0x00061ea0 [=======>                      ]  29.6% 180224/609581 bytes... 
Writing at 0x00068262 [========>                     ]  32.3% 196608/609581 bytes... 
Writing at 0x0006dfc4 [=========>                    ]  34.9% 212992/609581 bytes... 
Writing at 0x00074348 [==========>                   ]  37.6% 229376/609581 bytes... 
Writing at 0x0007a0a0 [===========>                  ]  40.3% 245760/609581 bytes... 
Writing at 0x0007fdf9 [===========>                  ]  43.0% 262144/609581 bytes... 
Writing at 0x00085bea [============>                 ]  45.7% 278528/609581 bytes... 
Writing at 0x0008b358 [=============>                ]  48.4% 294912/609581 bytes... 
Writing at 0x00090fb4 [==============>               ]  51.1% 311296/609581 bytes... 
Writing at 0x00096fe4 [===============>              ]  53.8% 327680/609581 bytes... 
Writing at 0x0009cc6d [===============>              ]  56.4% 344064/609581 bytes... 
Writing at 0x000a234f [================>             ]  59.1% 360448/609581 bytes... 
Writing at 0x000a8252 [=================>            ]  61.8% 376832/609581 bytes... 
Writing at 0x000aea83 [==================>           ]  64.5% 393216/609581 bytes... 
Writing at 0x000b4c6c [===================>          ]  67.2% 409600/609581 bytes... 
Writing at 0x000bacca [===================>          ]  69.9% 425984/609581 bytes... 
Writing at 0x000c0ea2 [====================>         ]  72.6% 442368/609581 bytes... 
Writing at 0x000c6aac [=====================>        ]  75.3% 458752/609581 bytes... 
Writing at 0x000cc1ab [======================>       ]  77.9% 475136/609581 bytes... 
Writing at 0x000d1f6a [=======================>      ]  80.6% 491520/609581 bytes... 
Writing at 0x000d7c7f [=======================>      ]  83.3% 507904/609581 bytes... 
Writing at 0x000ded9a [========================>     ]  86.0% 524288/609581 bytes... 
Writing at 0x000e57a9 [=========================>    ]  88.7% 540672/609581 bytes... 
Writing at 0x000ebd56 [==========================>   ]  91.4% 557056/609581 bytes... 
Writing at 0x000f1e82 [===========================>  ]  94.1% 573440/609581 bytes... 
Writing at 0x000f810a [============================> ]  96.8% 589824/609581 bytes... 
Writing at 0x000fdebd [============================> ]  99.4% 606208/609581 bytes... 
Writing at 0x000ff590 [==============================] 100.0% 609581/609581 bytes... 
Wrote 1045904 bytes (609581 compressed) at 0x00000000 in 22.4 seconds (374.0 kbit/s).
Hash of data verified.

Hard resetting via RTS pin...
ESP-ROM:esp32c3-api1-20210207
Build:Feb  7 2021
rst:0x1 (POWERON),boot:0xc (SPI_FAST_FLASH_BOOT)
SPIWP:0xee
mode:DIO, clock div:1
load:0x3fcd5820,len:0x1574
load:0x403cc710,len:0xc30
load:0x403ce710,len:0x2ff0
entry 0x403cc71a
I (30) boot: ESP-IDF v5.4.1 2nd stage bootloader
I (30) boot: compile time Oct 17 2025 15:42:48
I (30) boot: chip revision: v0.4
I (30) boot: efuse block revision: v1.2
I (34) boot.esp32c3: SPI Speed      : 80MHz
I (38) boot.esp32c3: SPI Mode       : DIO
I (41) boot.esp32c3: SPI Flash Size : 4MB
I (45) boot: Enabling RNG early entropy source...
I (50) boot: Partition Table:
I (52) boot: ## Label            Usage          Type ST Offset   Length
I (59) boot:  0 nvs              WiFi data        01 02 00009000 00004000
I (65) boot:  1 otadata          OTA data         01 00 0000d000 00002000
I (72) boot:  2 phy_init         RF data          01 01 0000f000 00001000
I (78) boot:  3 factory          factory app      00 00 00010000 00100000
I (85) boot:  4 ota_0            OTA app          00 10 00110000 00100000
I (91) boot:  5 ota_1            OTA app          00 11 00210000 00100000
I (98) boot: End of partition table
I (101) boot: Defaulting to factory image
I (105) esp_image: segment 0: paddr=00010020 vaddr=3c0b0020 size=2a128h (172328) map
I (140) esp_image: segment 1: paddr=0003a150 vaddr=3fc93600 size=030a8h ( 12456) load
I (142) esp_image: segment 2: paddr=0003d200 vaddr=40380000 size=02e18h ( 11800) load
I (146) esp_image: segment 3: paddr=00040020 vaddr=42000020 size=aef04h (716548) map
I (265) esp_image: segment 4: paddr=000eef2c vaddr=40382e18 size=10614h ( 67092) load
I (278) esp_image: segment 5: paddr=000ff548 vaddr=50000200 size=0001ch (    28) load
I (284) boot: Loaded app from partition at offset 0x10000
I (284) boot: Disabling RNG early entropy source...
I (295) cpu_start: Unicore app
D (295) cpu_start: Pro cpu up
D (303) clk: RTC_SLOW_CLK calibration value: 3854170
D (308) cpu_start: calling init function: 0x42000216 on core: 0
D (308) cpu_start: calling init function: 0x420007fe on core: 0
I (309) cpu_start: Pro cpu start user code
I (312) cpu_start: cpu freq: 160000000 Hz
D (316) cpu_start: calling init function: 0x420000ce on core: 0
I (322) app_init: Application information:
I (325) app_init: Project name:     certificate_auth
I (330) app_init: App version:      c27c9b9-dirty
I (335) app_init: Compile time:     Oct 17 2025 15:42:41
I (340) app_init: ELF file SHA256:  d046131eb...
I (344) app_init: ESP-IDF:          v5.4.1
D (348) cpu_start: calling init function: 0x42000226 on core: 0
I (353) efuse_init: Min chip rev:     v0.3
I (357) efuse_init: Max chip rev:     v1.99 
I (361) efuse_init: Chip rev:         v0.4
D (365) cpu_start: calling init function: 0x42001fba on core: 0
D (371) memory_layout: Checking 5 reserved memory ranges:
D (376) memory_layout: Reserved memory range 0x3fc80000 - 0x3fc93600
D (382) memory_layout: Reserved memory range 0x3fc93600 - 0x3fc9dfe0
D (388) memory_layout: Reserved memory range 0x3fcdf060 - 0x3fce0000
D (394) memory_layout: Reserved memory range 0x50000000 - 0x5000021c
D (400) memory_layout: Reserved memory range 0x50001fe8 - 0x50002000
D (406) memory_layout: Building list of available memory regions:
D (412) memory_layout: Available memory region 0x3fc9dfe0 - 0x3fca0000
D (418) memory_layout: Available memory region 0x3fca0000 - 0x3fcc0000
D (424) memory_layout: Available memory region 0x3fcc0000 - 0x3fcdc710
D (431) memory_layout: Available memory region 0x3fcdc710 - 0x3fcdf060
D (437) memory_layout: Available memory region 0x5000021c - 0x50001fe8
I (443) heap_init: Initializing. RAM available for dynamic allocation:
D (450) heap_init: New heap initialised at 0x3fc9dfe0
I (454) heap_init: At 3FC9DFE0 len 00022020 (136 KiB): RAM
D (459) heap_init: New heap initialised at 0x3fcc0000
I (464) heap_init: At 3FCC0000 len 0001C710 (113 KiB): Retention RAM
I (470) heap_init: At 3FCDC710 len 00002950 (10 KiB): Retention RAM
D (476) heap_init: New heap initialised at 0x5000021c
I (481) heap_init: At 5000021C len 00001DCC (7 KiB): RTCRAM
D (486) cpu_start: calling init function: 0x42004daa on core: 0
D (492) cpu_start: calling init function: 0x420043de on core: 0
D (498) cpu_start: calling init function: 0x42000872 on core: 0
D (503) intr_alloc: Connected src 27 to int 2 (cpu 0)
D (508) cpu_start: calling init function: 0x42000880 on core: 0
D (514) cpu_start: calling init function: 0x42005f62 on core: 0
D (519) cpu_start: calling init function: 0x42008bec on core: 0
D (525) cpu_start: calling init function: 0x4200aab0 on core: 0
D (531) 
esp32> 
esp32> 
esp32> 
esp32> settings set wifi/ssid "***MIKES_ORANGE_PI_WIFI_SSID***"
D (6025) nvs: nvs_open_from_partition example 1
D (6025) nvs: nvs_set_str w_ssid ***MIKES_ORANGE_PI_WIFI_SSID***
D (6025) nvs: nvs_close 7
Setting wifi/ssid saved
esp32> 
esp32> 
esp32> 
esp32> 
esp32> 
esp32> settings set wifi/psk "***MIKES_ORANGE_PI_WIFI_PSK***"
D (6055) nvs: nvs_open_from_partition example 1
D (6055) nvs: nvs_set_str w_pass ***MIKES_ORANGE_PI_WIFI_PSK***
D (6055) nvs: nvs_close 8
Setting wifi/psk saved
esp32> 
esp32> D (6325) nvs: nvs_open_from_partition example 1
D (6325) nvs: nvs_get_str_or_blob w_ssid
D (6325) nvs: nvs_close 9
D (6325) nvs: nvs_open_from_partition example 1
D (6335) nvs: nvs_get_str_or_blob w_pass
D (6335) nvs: nvs_close 10
D (6335) nvs: nvs_open_from_partition example 1
D (6345) nvs: nvs_get_str_or_blob w_ssid
D (6345) nvs: nvs_close 11
D (6345) nvs: nvs_open_from_partition example 1
D (6345) nvs: nvs_get_str_or_blob w_pass
D (6355) nvs: nvs_close 12
D (6355) esp_netif_lwip: LwIP stack has been initialized
D (6355) esp_netif_lwip: esp-netif has been successfully initialized
D (6365) event: running task for loop 0x3fca5974
D (6365) event: created task for loop 0x3fca5974
D (6375) event: created event loop 0x3fca5974
D (6385) esp_netif_lwip: check: remote, if=0x3fca0af8 fn=0x42040622
D (6385) esp_netif_objects: esp_netif_add_to_list_unsafe netif added successfully (total netifs: 1)
D (6395) esp_netif_lwip: call api in lwip: ret=0x0, give sem
I (6405) pp: pp rom version: 9387209
I (6405) net80211: net80211 rom version: 9387209
D (6405) nvs: nvs_open_from_partition misc 1
D (6425) efuse: BLK1 REG1 [8-15], len=8 bits
D (6425) efuse: BLK1 REG1 [0-7], len=8 bits
D (6425) efuse: BLK1 REG0 [24-31], len=8 bits
D (6425) efuse: BLK1 REG0 [16-23], len=8 bits
D (6425) efuse: BLK1 REG0 [8-15], len=8 bits
D (6425) efuse: BLK1 REG0 [0-7], len=8 bits
D (6435) nvs: nvs_open_from_partition nvs.net80211 1
D (6445) nvs: nvs_get opmode 1
D (6445) nvs: nvs_get_str_or_blob sta.ssid
D (6445) nvs: nvs_get sta.authmode 1
D (6455) nvs: nvs_get_str_or_blob sta.pswd
D (6455) nvs: nvs_get_str_or_blob sta.pmk
D (6455) nvs: nvs_get sta.chan 1
D (6465) nvs: nvs_get auto.conn 1
D (6465) nvs: nvs_get bssid.set 1
D (6465) nvs: nvs_get_str_or_blob sta.bssid
D (6465) nvs: nvs_get sta.lis_intval 2
D (6475) nvs: nvs_get sta.phym 1
D (6475) nvs: nvs_get sta.phybw 1
D (6475) nvs: nvs_get_str_or_blob sta.apsw
D (6495) nvs: nvs_get_str_or_blob sta.apinfo
D (6495) nvs: nvs_get sta.scan_method 1
D (6495) nvs: nvs_get sta.sort_method 1
D (6505) nvs: nvs_get sta.minrssi 1
D (6505) nvs: nvs_get sta.minauth 1
D (6505) nvs: nvs_get sta.pmf_e 1
D (6505) nvs: nvs_get sta.pmf_r 1
D (6515) nvs: nvs_get sta.btm_e 1
D (6515) nvs: nvs_get sta.rrm_e 1
D (6515) nvs: nvs_get sta.mbo_e 1
D (6515) nvs: nvs_get_str_or_blob ap.ssid
D (6525) nvs: nvs_get_str_or_blob ap.passwd
D (6525) nvs: nvs_get_str_or_blob ap.pmk
D (6525) nvs: nvs_get ap.chan 1
D (6535) nvs: nvs_get ap.authmode 1
D (6535) nvs: nvs_get ap.hidden 1
D (6535) nvs: nvs_get ap.max.conn 1
D (6545) nvs: nvs_get bcn.interval 2
D (6545) nvs: nvs_get ap.phym 1
D (6545) nvs: nvs_get ap.phybw 1
D (6545) nvs: nvs_get ap.sndchan 1
D (6555) nvs: nvs_get ap.pmf_e 1
D (6555) nvs: nvs_get ap.pmf_r 1
D (6555) nvs: nvs_get ap.p_cipher 1
D (6555) nvs: nvs_get lorate 1
D (6575) nvs: nvs_get_str_or_blob country
D (6575) nvs: nvs_get ap.ftm_r 1
D (6575) nvs: nvs_get sta.ft 1
D (6575) nvs: nvs_get sta.owe 1
D (6585) nvs: nvs_get sta.trans_d 1
D (6585) nvs: nvs_get sta.sae_h2e 1
D (6585) nvs: nvs_get sta.sae_pk_mode 1
D (6595) nvs: nvs_get sta.bss_retry 1
D (6595) nvs: nvs_get_str_or_blob sta.owe_data
D (6595) nvs: nvs_get sta.he_dcm 1
D (6605) nvs: nvs_get sta.he_dcm_c_tx 1
D (6605) nvs: nvs_get sta.he_dcm_c_rx 1
D (6605) nvs: nvs_get sta.he_mcs9_d 1
D (6605) nvs: nvs_get sta.he_su_b_d 1
D (6615) nvs: nvs_get sta.he_su_b_f_d 1
D (6615) nvs: nvs_get sta.he_mu_b_f_d 1
D (6615) nvs: nvs_get sta.he_cqi_f_d 1
D (6625) nvs: nvs_get_str_or_blob sta.sae_h2e_id
D (6625) nvs: nvs_get ap.sae_h2e 1
D (6625) nvs: nvs_get_str_or_blob ap.pmk_info
D (6635) nvs: nvs_get nan.phym 1
D (6635) nvs: nvs_get sta.pwr_reset 1
D (6635) nvs: nvs_get band_mode 1
D (6655) nvs: nvs_get sta.phym5g 1
D (6655) nvs: nvs_get ap.phym5g 1
D (6655) nvs: nvs_get sta.phybw5g 1
D (6655) nvs: nvs_get ap.phybw5g 1
D (6665) nvs: nvs_get ap.sndchan5g 1
D (6665) nvs: nvs_get ap.chan5g 1
D (6665) nvs: nvs_get ap.chanisset 1
D (6665) nvs: nvs_get ap.chan5gisset 1
D (6675) nvs: nvs_get sta.rssi_5g_adj 1
D (6675) nvs: nvs_get ap.csa_count 1
D (6675) nvs: nvs_get ap.dtim_period 1
D (6685) nvs: nvs_get ap.trans_d 1
D (6685) nvs: nvs_set ap.sndchan 1 1
I (6685) wifi_init: rx ba win: 6
I (6685) wifi_init: accept mbox: 6
I (6695) wifi_init: tcpip mbox: 32
I (6695) wifi_init: udp mbox: 6
I (6695) wifi_init: tcp mbox: 6
I (6695) wifi_init: tcp tx win: 5760
I (6705) wifi_init: tcp rx win: 5760
I (6715) wifi_init: tcp mss: 1440
I (6715) wifi_init: WiFi IRAM OP enabled
I (6725) wifi_init: WiFi RX IRAM OP enabled
I (6725) phy_init: phy_version 1200,2b7123f9,Feb 18 2025,15:22:21
D (6725) phy_init: loading PHY init data from application binary
D (6735) nvs: nvs_open_from_partition phy 0
D (6735) phy_init: esp_phy_load_cal_data_from_nvs: failed to open NVS namespace (0x1102)
W (6745) phy_init: failed to load RF calibration data (0x1102), falling back to full calibration
D (6755) efuse: BLK1 REG1 [8-15], len=8 bits
D (6755) efuse: BLK1 REG1 [0-7], len=8 bits
D (6755) efuse: BLK1 REG0 [24-31], len=8 bits
D (6755) efuse: BLK1 REG0 [16-23], len=8 bits
D (6765) efuse: BLK1 REG0 [8-15], len=8 bits
D (6765) efuse: BLK1 REG0 [0-7], len=8 bits
D (6785) temperature_sensor: range changed, change to index 2
I (6795) phy_init: Saving new calibration data due to checksum failure or outdated calibration data, mode(2)
D (6795) nvs: nvs_open_from_partition phy 1
D (6815) nvs: nvs_set_blob cal_data 1904
D (6815) efuse: BLK1 REG1 [8-15], len=8 bits
D (6815) efuse: BLK1 REG1 [0-7], len=8 bits
D (6815) efuse: BLK1 REG0 [24-31], len=8 bits
D (6815) efuse: BLK1 REG0 [16-23], len=8 bits
D (6825) efuse: BLK1 REG0 [8-15], len=8 bits
D (6825) efuse: BLK1 REG0 [0-7], len=8 bits
D (6835) nvs: nvs_set_blob cal_mac 6
D (6845) nvs: nvs_set cal_version 4 1200
D (6845) nvs: nvs_close 15
D (6845) event: running post WIFI_EVENT:43 with handler 0x4200b600 and context 0x3fca7900 on loop 0x3fca5974
D (6855) event: running post WIFI_EVENT:2 with handler 0x42043428 and context 0x3fca6ad4 on loop 0x3fca5974
D (6865) wifi_init_default: wifi_start esp-netif:0x3fca68bc event-id2
D (6865) wifi_init_default: WIFI mac address: ec da 3b d 18 84
D (6875) esp_netif_lwip: check: remote, if=0x3fca68bc fn=0x4203fe00
D (6875) esp_netif_lwip: call api in lwip: ret=0x0, give sem
D (6895) esp_netif_handlers: esp_netif action has started with netif0x3fca68bc from event_id=2
D (6895) esp_netif_lwip: check: remote, if=0x3fca68bc fn=0x42040986
D (6905) esp_netif_lwip: esp_netif_start_api 0x3fca68bc
D (6905) esp_netif_lwip: esp_netif_get_hostname esp_netif:0x3fca68bc
D (6915) esp_netif_lwip: call api in lwip: ret=0x0, give sem
D (6915) event: running post WIFI_EVENT:2 with handler 0x4200b600 and context 0x3fca7900 on loop 0x3fca5974
D (7535) gdma: new group (0) at 0x3fcb0508
D (7535) gdma: new pair (0,0) at 0x3fcb03d8
D (7535) gdma: new tx channel (0,0) at 0x3fcb04d0
D (7535) gdma: new rx channel (0,0) at 0x3fcb0584
D (7795) event: running post WIFI_EVENT:43 with handler 0x4200b600 and context 0x3fca7900 on loop 0x3fca5974
D (7885) intr_alloc: Connected src 48 to int 9 (cpu 0)
D (7885) event: running post WIFI_EVENT:4 with handler 0x4204336c and context 0x3fca6b34 on loop 0x3fca5974
D (7895) esp_netif_handlers: esp_netif action connected with netif0x3fca68bc from event_id=4
D (7905) esp_netif_lwip: check: remote, if=0x3fca68bc fn=0x42040d2c
D (7915) esp_netif_lwip: esp_netif_up_api esp_netif:0x3fca68bc
D (7915) esp_netif_lwip: call api in lwip: ret=0x0, give sem
D (7925) esp_netif_lwip: check: remote, if=0x3fca68bc fn=0x4204024e
D (7925) esp_netif_lwip: esp_netif_dhcpc_start_api esp_netif:0x3fca68bc
D (7935) esp_netif_lwip: esp_netif_start_ip_lost_timer esp_netif:0x3fca68bc
D (7935) esp_netif_lwip: if0x3fca68bc start ip lost tmr: interval=120
D (7945) esp_netif_lwip: starting dhcp client
D (7945) esp_netif_lwip: call api in lwip: ret=0x0, give sem
D (7945) event: running post WIFI_EVENT:4 with handler 0x4200b600 and context 0x3fca7900 on loop 0x3fca5974
D (12415) esp_netif_lwip: esp_netif_internal_dhcpc_cb lwip-netif:0x3fca6948
D (12415) esp_netif_lwip: check: local, if=0x3fca68bc fn=0x420414dc
D (12425) esp_netif_lwip: esp_netif_update_default_netif_lwip 0x3fca68bc
D (12425) esp_netif_lwip: if0x3fca68bc ip changed=1
D (12425) event: running post IP_EVENT:0 with handler 0x42043598 and context 0x3fca6ba8 on loop 0x3fca5974
D (12435) wifi_init_default: Got IP wifi default handler entered
D (12445) esp_netif_handlers: esp_netif action got_ip with netif0x3fca68bc from event_id=0
I (12455) esp_netif_handlers: sta ip: 192.168.8.238, mask: 255.255.255.0, gw: 192.168.8.1
D (12455) event: running post IP_EVENT:0 with handler 0x4200b600 and context 0x3fcafc38 on loop 0x3fca5974
I (12465) example_wifi: WiFi Connected. Got IP:192.168.8.238
I (12475) example_wifi: Connected to AP SSID: ***MIKES_ORANGE_PI_WIFI_SSID***
I (12475) golioth_mbox: Mbox created, bufsize: 2688, num_items: 20, item_size: 128
I (12495) certificate_auth: Counter = 0
I (12505) golioth_coap_client_libcoap: Start CoAP session with host: coaps://coap.golioth.io
D (12505) RANDOM: getrandom(buf=0x3fcb3c44, buflen=2, flags=0)
D (12515) RANDOM: getrandom returns 2
D (12515) RANDOM: getrandom(buf=0x3fcb3ce8, buflen=4, flags=0)
D (12515) RANDOM: getrandom returns 4
I (12545) golioth_coap_client_libcoap: Entering CoAP I/O loop
D (12555) RANDOM: getrandom(buf=0x3fcb339c, buflen=1, flags=0)
D (12555) RANDOM: getrandom returns 1
I (15205) golioth_coap_client_libcoap: Golioth CoAP client connected
I (15205) certificate_auth: Golioth client connected
D (15205) RANDOM: getrandom(buf=0x3fcb33e8, buflen=1, flags=0)
D (15215) RANDOM: getrandom returns 1
D (15265) RANDOM: getrandom(buf=0x3fcb33e8, buflen=1, flags=0)
D (15265) RANDOM: getrandom returns 1
D (15315) RANDOM: getrandom(buf=0x3fcb33e8, buflen=1, flags=0)
D (15315) RANDOM: getrandom returns 1
I (17495) certificate_auth: Counter = 1
D (17495) RANDOM: getrandom(buf=0x3fcb33e8, buflen=1, flags=0)
D (17495) RANDOM: getrandom returns 1
I (22495) certificate_auth: Counter = 2
D (22495) RANDOM: getrandom(buf=0x3fcb33e8, buflen=1, flags=0)
D (22495) RANDOM: getrandom returns 1
I (27495) certificate_auth: Counter = 3
D (27495) RANDOM: getra