esptool.py v4.8.1
Serial port /dev/serial/by-id/usb-Silicon_Labs_CP2102N_USB_to_UART_Bridge_Controller_4ea3e6704b5fec1187ca2c5f25bfaa52-if00-port0
Connecting......
Detecting chip type... Unsupported detection protocol, switching and trying again...
Connecting.....
Detecting chip type... ESP32
Chip is ESP32-D0WD-V3 (revision v3.0)
Features: WiFi, BT, Dual Core, 240MHz, VRef calibration in efuse, Coding Scheme None
Crystal is 40MHz
MAC: 90:38:0c:eb:0a:28
Uploading stub...
Running stub...
Stub running...
Changing baud rate to 460800
Changed.
Configuring flash size...
Erasing flash (this may take a while)...
Chip erase completed successfully in 20.3s
Compressed 998416 bytes to 627125...
Writing at 0x00000000... (2 %)
Writing at 0x000077eb... (5 %)
Writing at 0x0001c79c... (7 %)
Writing at 0x00029851... (10 %)
Writing at 0x0003025a... (12 %)
Writing at 0x00035452... (15 %)
Writing at 0x00040332... (17 %)
Writing at 0x00045dd2... (20 %)
Writing at 0x0004b4ab... (23 %)
Writing at 0x000507d8... (25 %)
Writing at 0x00055a1c... (28 %)
Writing at 0x0005ae30... (30 %)
Writing at 0x00060608... (33 %)
Writing at 0x000656c9... (35 %)
Writing at 0x0006aaf0... (38 %)
Writing at 0x0006fd7d... (41 %)
Writing at 0x0007504b... (43 %)
Writing at 0x0007a160... (46 %)
Writing at 0x0007f871... (48 %)
Writing at 0x0008538f... (51 %)
Writing at 0x0008ab17... (53 %)
Writing at 0x0008fe0d... (56 %)
Writing at 0x00095043... (58 %)
Writing at 0x0009a6b8... (61 %)
Writing at 0x0009fdc9... (64 %)
Writing at 0x000a5023... (66 %)
Writing at 0x000aa8c4... (69 %)
Writing at 0x000b0136... (71 %)
Writing at 0x000b51dc... (74 %)
Writing at 0x000ba926... (76 %)
Writing at 0x000c00a2... (79 %)
Writing at 0x000c7ac0... (82 %)
Writing at 0x000cf846... (84 %)
Writing at 0x000d6a29... (87 %)
Writing at 0x000dc10d... (89 %)
Writing at 0x000e1c63... (92 %)
Writing at 0x000e731a... (94 %)
Writing at 0x000eced4... (97 %)
Writing at 0x000f214a... (100 %)
Wrote 998416 bytes (627125 compressed) at 0x00000000 in 16.0 seconds (effective 500.5 kbit/s)...
Hash of data verified.

Leaving...
Hard resetting via RTS pin...
xxxxxxxxxx Ò’Ò¢j

rst:0x1 (POWERON_RESET),boot:0x13 (SPI_FAST_FLASH_BOOT)
configsip: 0, SPIWP:0xee
clk_drv:0x00,q_drv:0x00,d_drv:0x00,cs0_drv:0x00,hd_drv:0x00,wp_drv:0x00
mode:DIO, clock div:2
load:0x3fff0030,len:7176
load:0x40078000,len:15564
ho 0 tail 12 room 4
load:0x40080400,len:4
load:0x40080404,len:3904
entry 0x40080640
[0;32mI (31) boot: ESP-IDF v5.3 2nd stage bootloader[0m
[0;32mI (31) boot: compile time Dec 11 2024 22:58:32[0m
[0;32mI (31) boot: Multicore bootloader[0m
[0;32mI (35) boot: chip revision: v3.0[0m
[0;32mI (39) boot.esp32: SPI Speed      : 40MHz[0m
[0;32mI (44) boot.esp32: SPI Mode       : DIO[0m
[0;32mI (48) boot.esp32: SPI Flash Size : 2MB[0m
[0;32mI (53) boot: Enabling RNG early entropy source...[0m
[0;32mI (58) boot: Partition Table:[0m
[0;32mI (62) boot: ## Label            Usage          Type ST Offset   Length[0m
[0;32mI (69) boot:  0 nvs              WiFi data        01 02 00009000 00006000[0m
[0;32mI (76) boot:  1 phy_init         RF data          01 01 0000f000 00001000[0m
[0;32mI (84) boot:  2 factory          factory app      00 00 00010000 00100000[0m
[0;32mI (91) boot: End of partition table[0m
[0;32mI (96) esp_image: segment 0: paddr=00010020 vaddr=3f400020 size=2b938h (178488) map[0m
[0;32mI (165) esp_image: segment 1: paddr=0003b960 vaddr=3ffb0000 size=04074h ( 16500) load[0m
[0;32mI (172) esp_image: segment 2: paddr=0003f9dc vaddr=40080000 size=0063ch (  1596) load[0m
[0;32mI (173) esp_image: segment 3: paddr=00040020 vaddr=400d0020 size=9d690h (644752) map[0m
[0;32mI (400) esp_image: segment 4: paddr=000dd6b8 vaddr=4008063c size=16534h ( 91444) load[0m
[0;32mI (448) boot: Loaded app from partition at offset 0x10000[0m
[0;32mI (448) boot: Disabling RNG early entropy source...[0m
[0;32mI (460) cpu_start: Multicore app[0m
[0;32mI (468) cpu_start: Pro cpu start user code[0m
[0;32mI (468) cpu_start: cpu freq: 160000000 Hz[0m
[0;32mI (468) app_init: Application information:[0m
[0;32mI (471) app_init: Project name:     stream[0m
[0;32mI (476) app_init: App version:      7a39be8-dirty[0m
[0;32mI (481) app_init: Compile time:     Dec 11 2024 22:58:25[0m
[0;32mI (487) app_init: ELF file SHA256:  533c61944...[0m
[0;32mI (493) app_init: ESP-IDF:          v5.3[0m
[0;32mI (497) efuse_init: Min chip rev:     v0.0[0m
[0;32mI (502) efuse_init: Max chip rev:     v3.99 [0m
[0;32mI (507) efuse_init: Chip rev:         v3.0[0m
[0;32mI (512) heap_init: Initializing. RAM available for dynamic allocation:[0m
[0;32mI (519) heap_init: At 3FFAE6E0 len 00001920 (6 KiB): DRAM[0m
[0;32mI (525) heap_init: At 3FFBBE78 len 00024188 (144 KiB): DRAM[0m
[0;32mI (531) heap_init: At 3FFE0440 len 00003AE0 (14 KiB): D/IRAM[0m
[0;32mI (538) heap_init: At 3FFE4350 len 0001BCB0 (111 KiB): D/IRAM[0m
[0;32mI (544) heap_init: At 40096B70 len 00009490 (37 KiB): IRAM[0m
[0;32mI (552) spi_flash: detected chip: generic[0m
[0;32mI (555) spi_flash: flash io: dio[0m
[0;33mW (559) spi_flash: Detected size(8192k) larger than the size in the binary image header(2048k). Using the size in the binary image header.[0m
[0;32mI (573) main_task: Started on CPU0[0m
[0;32mI (583) main_task: Calling app_main()[0m
[0;32mI (583) stream: Start Stream sample[0m
[5n
Type 'help' to get the list of commands.
Use UP/DOWN arrows to navigate through command history.
Press TAB when typing command name to auto-complete.

Your terminal application does not support escape sequences.

Line editing and history features are disabled.

On Windows, try using Putty instead.
esp32> [0;33mW (1103) stream: WiFi and Golioth credentials are not set. Use the shell settings commands to set them.[0m

esp32> 
esp32> 
esp32> 
esp32> settings set wifi/ssid "***MIKES_ORANGE_PI_WIFI_SSID***"
Setting wifi/ssid saved
esp32> 
esp32> 
esp32> 
esp32> 
esp32> 
esp32> settings set wifi/psk "***MIKES_ORANGE_PI_WIFI_PSK***"
Setting wifi/psk saved
esp32> 
es::add-mask::generated-iNglvUEdzyIsanTI
p32> 
esp32> 
esp32> 
esp32> 
esp32> settings set golioth/psk-id "generated-iNglvUEdzyIsanTI@firmware_ci"
Setting golioth/psk-id saved
esp32> 
esp32> 
esp32> 
esp32> 
esp32> 
esp32> settings set golioth/psk "generated-iNglvUEdzyIsanTI"
Setting golioth/psk saved
esp32> 
esp32> [0;32mI (10153) wifi_init: rx ba win: 6[0m
[0;32mI (10153) wifi_init: accept mbox: 6[0m
[0;32mI (10153) wifi_init: tcpip mbox: 32[0m
[0;32mI (10153) wifi_init: udp mbox: 6[0m
[0;32mI (10173) wifi_init: tcp mbox: 6[0m
[0;32mI (10173) wifi_init: tcp tx win: 5760[0m
[0;32mI (10173) wifi_init: tcp rx win: 5760[0m
[0;32mI (10183) wifi_init: tcp mss: 1440[0m
[0;32mI (10183) wifi_init: WiFi IRAM OP enabled[0m
[0;32mI (10183) wifi_init: WiFi RX IRAM OP enabled[0m
[0;32mI (10193) phy_init: phy_version 4830,54550f7,Jun 20 2024,14:22:08[0m
[0;33mW (10193) phy_init: failed to load RF calibration data (0x1102), falling back to full calibration[0m
[0;33mW (10273) phy_init: saving new calibration data because of checksum failure, mode(2)[0m
[0;32mI (11673) esp_netif_handlers: sta ip: 192.168.8.157, mask: 255.255.255.0, gw: 192.168.8.1[0m
[0;32mI (11673) example_wifi: WiFi Connected. Got IP:192.168.8.157[0m
[0;32mI (11683) example_wifi: Connected to AP SSID: ***MIKES_ORANGE_PI_WIFI_SSID***[0m
[0;32mI (11683) golioth_mbox: Mbox created, bufsize: 2520, num_items: 20, item_size: 120[0m
[0;33mW (11703) stream: Waiting for connection to Golioth...[0m
[0;32mI (11703) golioth_coap_client_libcoap: Start CoAP session with host: coaps://coap.golioth.io[0m
[0;32mI (11713) golioth_coap_client_libcoap: Session PSK-ID: generated-iNglvUEdzyIsanTI@firmware_ci[0m
[0;32mI (11723) libcoap: Setting PSK key
[0m
[0;32mI (11733) golioth_coap_client_libcoap: Entering CoAP I/O loop[0m
[0;32mI (12063) golioth_coap_client_libcoap: Golioth CoAP client connected[0m
[0;32mI (12063) stream: Golioth client connected[0m
[0;32mI (12073) stream: Sending temperature 20.000000[