esptool.py v4.8.1
Serial port /dev/serial/by-id/usb-Silicon_Labs_CP2102N_USB_to_UART_Bridge_Controller_ca317d585c76eb11ba0a87abb7be2ba5-if00-port0
Connecting....
Detecting chip type... ESP32-C3
Chip is ESP32-C3 (QFN32) (revision v0.3)
Features: WiFi, BLE, Embedded Flash 4MB (XMC)
Crystal is 40MHz
MAC: 84:f7:03:09:96:10
Uploading stub...
Running stub...
Stub running...
Changing baud rate to 460800
Changed.
Configuring flash size...
Erasing flash (this may take a while)...
Chip erase completed successfully in 20.4s
Compressed 1044656 bytes to 608290...
Writing at 0x00000000... (2 %)
Writing at 0x00011d9d... (5 %)
Writing at 0x0001e85b... (7 %)
Writing at 0x0002b4ae... (10 %)
Writing at 0x00032b52... (13 %)
Writing at 0x0003dccd... (15 %)
Writing at 0x000438c4... (18 %)
Writing at 0x0004a0d7... (21 %)
Writing at 0x0005023c... (23 %)
Writing at 0x000560b8... (26 %)
Writing at 0x0005bb4e... (28 %)
Writing at 0x000620cf... (31 %)
Writing at 0x00068458... (34 %)
Writing at 0x0006e1c3... (36 %)
Writing at 0x0007453f... (39 %)
Writing at 0x0007a2c7... (42 %)
Writing at 0x0008000b... (44 %)
Writing at 0x00085df5... (47 %)
Writing at 0x0008b576... (50 %)
Writing at 0x000911c2... (52 %)
Writing at 0x000971ea... (55 %)
Writing at 0x0009ce6e... (57 %)
Writing at 0x000a257b... (60 %)
Writing at 0x000a8433... (63 %)
Writing at 0x000aec8a... (65 %)
Writing at 0x000b4e0a... (68 %)
Writing at 0x000bae90... (71 %)
Writing at 0x000c10d6... (73 %)
Writing at 0x000c6cbb... (76 %)
Writing at 0x000cc428... (78 %)
Writing at 0x000d21f6... (81 %)
Writing at 0x000d7e43... (84 %)
Writing at 0x000def55... (86 %)
Writing at 0x000e5976... (89 %)
Writing at 0x000ebf45... (92 %)
Writing at 0x000f210e... (94 %)
Writing at 0x000f8443... (97 %)
Writing at 0x000fe1cc... (100 %)
Wrote 1044656 bytes (608290 compressed) at 0x00000000 in 19.8 seconds (effective 422.3 kbit/s)...
Hash of data verified.

Leaving...
Hard resetting via RTS pin...
Build:Feb  7 2021
rst:0x1 (POWERON),boot:0xc (SPI_FAST_FLASH_BOOT)
SPIWP:0xee
mode:DIO, clock div:1
load:0x3fcd5820,len:0x1574
load:0x403cc710,len:0xc30
load:0x403ce710,len:0x2fe4
entry 0x403cc71a
I (30) boot: ESP-IDF v5.4 2nd stage bootloader
I (30) boot: compile time Jan 16 2025 00:05:16
I (30) boot: chip revision: v0.3
I (30) boot: efuse block revision: v1.1
I (34) boot.esp32c3: SPI Speed      : 80MHz
I (38) boot.esp32c3: SPI Mode       : DIO
I (41) boot.esp32c3: SPI Flash Size : 4MB
I (45) boot: Enabling RNG early entropy source...
I (50) boot: Partition Table:
I (52) boot: ## Label            Usage          Type ST Offset   Length
I (58) boot:  0 nvs              WiFi data        01 02 00009000 00004000
I (65) boot:  1 otadata          OTA data         01 00 0000d000 00002000
I (72) boot:  2 phy_init         RF data          01 01 0000f000 00001000
I (78) boot:  3 factory          factory app      00 00 00010000 00100000
I (85) boot:  4 ota_0            OTA app          00 10 00110000 00100000
I (91) boot:  5 ota_1            OTA app          00 11 00210000 00100000
I (98) boot: End of partition table
I (101) boot: Defaulting to factory image
I (105) esp_image: segment 0: paddr=00010020 vaddr=3c0b0020 size=29ecch (171724) map
I (139) esp_image: segment 1: paddr=00039ef4 vaddr=3fc93400 size=03080h ( 12416) load
I (142) esp_image: segment 2: paddr=0003cf7c vaddr=40380000 size=0309ch ( 12444) load
I (146) esp_image: segment 3: paddr=00040020 vaddr=42000020 size=aee58h (716376) map
I (265) esp_image: segment 4: paddr=000eee80 vaddr=4038309c size=101e4h ( 66020) load
I (277) esp_image: segment 5: paddr=000ff06c vaddr=50000200 size=0001ch (    28) load
I (283) boot: Loaded app from partition at offset 0x10000
I (284) boot: Disabling RNG early entropy source...
I (295) cpu_start: Unicore app
D (295) cpu_start: Pro cpu up
D (303) clk: RTC_SLOW_CLK calibration value: 3906739
D (308) cpu_start: calling init function: 0x42000216 on core: 0
D (308) cpu_start: calling init function: 0x420007fe on core: 0
I (308) cpu_start: Pro cpu start user code
I (312) cpu_start: cpu freq: 160000000 Hz
D (315) cpu_start: calling init function: 0x420000ce on core: 0
I (321) app_init: Application information:
I (325) app_init: Project name:     certificate_auth
I (329) app_init: App version:      c2ac22d-dirty
I (334) app_init: Compile time:     Jan 16 2025 00:05:09
I (339) app_init: ELF file SHA256:  e80be43f6...
I (343) app_init: ESP-IDF:          v5.4
D (347) cpu_start: calling init function: 0x42000226 on core: 0
I (353) efuse_init: Min chip rev:     v0.3
I (356) efuse_init: Max chip rev:     v1.99 
I (360) efuse_init: Chip rev:         v0.3
D (364) cpu_start: calling init function: 0x42001fc0 on core: 0
D (370) memory_layout: Checking 5 reserved memory ranges:
D (375) memory_layout: Reserved memory range 0x3fc80000 - 0x3fc93400
D (381) memory_layout: Reserved memory range 0x3fc93400 - 0x3fc9dd80
D (387) memory_layout: Reserved memory range 0x3fcdf060 - 0x3fce0000
D (393) memory_layout: Reserved memory range 0x50000000 - 0x5000021c
D (399) memory_layout: Reserved memory range 0x50001fe8 - 0x50002000
D (405) memory_layout: Building list of available memory regions:
D (411) memory_layout: Available memory region 0x3fc9dd80 - 0x3fca0000
D (417) memory_layout: Available memory region 0x3fca0000 - 0x3fcc0000
D (424) memory_layout: Available memory region 0x3fcc0000 - 0x3fcdc710
D (430) memory_layout: Available memory region 0x3fcdc710 - 0x3fcdf060
D (436) memory_layout: Available memory region 0x5000021c - 0x50001fe8
I (442) heap_init: Initializing. RAM available for dynamic allocation:
D (449) heap_init: New heap initialised at 0x3fc9dd80
I (453) heap_init: At 3FC9DD80 len 00022280 (136 KiB): RAM
D (459) heap_init: New heap initialised at 0x3fcc0000
I (463) heap_init: At 3FCC0000 len 0001C710 (113 KiB): Retention RAM
I (469) heap_init: At 3FCDC710 len 00002950 (10 KiB): Retention RAM
D (475) heap_init: New heap initialised at 0x5000021c
I (480) heap_init: At 5000021C len 00001DCC (7 KiB): RTCRAM
D (486) cpu_start: calling init function: 0x42004c02 on core: 0
D (491) cpu_start: calling init function: 0x42004236 on core: 0
D (497) cpu_start: calling init function: 0x42000872 on core: 0
D (503) intr_alloc: Connected src 27 to int 2 (cpu 0)
D (507) cpu_start: calling init function: 0x42000880 on core: 0
D (513) cpu_start: calling init function: 0x42005d3e on core: 0
D (519) cpu_start: calling init function: 0x42008894 on core: 0
D (524) cpu_start: calling init function: 0x4200a758 on core: 0
D (530) cp
esp32> 
esp32> 
esp32> 
esp32> settings set wifi/ssid "***JONS_ORANGE_PI_WIFI_SSID***"
D (6024) nvs: nvs_open_from_partition example 1
D (6024) nvs: nvs_set_str w_ssid ***JONS_ORANGE_PI_WIFI_SSID***
D (6024) nvs: nvs_close 7
Setting wifi/ssid saved
esp32> 
esp32> 
esp32> 
esp32> 
esp32> 
esp32> settings set wifi/psk "***JONS_ORANGE_PI_WIFI_PSK***"
D (6054) nvs: nvs_open_from_partition example 1
D (6054) nvs: nvs_set_str w_pass ***JONS_ORANGE_PI_WIFI_PSK***
D (6054) nvs: nvs_close 8
Setting wifi/psk saved
esp32> 
esp32> D (6324) nvs: nvs_open_from_partition example 1
D (6324) nvs: nvs_get_str_or_blob w_ssid
D (6324) nvs: nvs_close 9
D (6324) nvs: nvs_open_from_partition example 1
D (6334) nvs: nvs_get_str_or_blob w_pass
D (6334) nvs: nvs_close 10
D (6334) nvs: nvs_open_from_partition example 1
D (6344) nvs: nvs_get_str_or_blob w_ssid
D (6344) nvs: nvs_close 11
D (6344) nvs: nvs_open_from_partition example 1
D (6344) nvs: nvs_get_str_or_blob w_pass
D (6354) nvs: nvs_close 12
D (6354) esp_netif_lwip: LwIP stack has been initialized
D (6354) esp_netif_lwip: esp-netif has been successfully initialized
D (6364) event: running task for loop 0x3fca56fc
D (6364) event: created task for loop 0x3fca56fc
D (6374) event: created event loop 0x3fca56fc
D (6374) esp_netif_lwip: check: remote, if=0x3fca0898 fn=0x42040816
D (6384) esp_netif_objects: esp_netif_add_to_list_unsafe netif added successfully (total netifs: 1)
D (6394) esp_netif_lwip: call api in lwip: ret=0x0, give sem
I (6404) pp: pp rom version: 9387209
I (6404) net80211: net80211 rom version: 9387209
D (6404) nvs: nvs_open_from_partition misc 1
D (6424) efuse: BLK1 REG1 [8-15], len=8 bits
D (6424) efuse: BLK1 REG1 [0-7], len=8 bits
D (6424) efuse: BLK1 REG0 [24-31], len=8 bits
D (6424) efuse: BLK1 REG0 [16-23], len=8 bits
D (6424) efuse: BLK1 REG0 [8-15], len=8 bits
D (6424) efuse: BLK1 REG0 [0-7], len=8 bits
D (6434) nvs: nvs_open_from_partition nvs.net80211 1
D (6444) nvs: nvs_get opmode 1
D (6444) nvs: nvs_get_str_or_blob sta.ssid
D (6444) nvs: nvs_get sta.authmode 1
D (6454) nvs: nvs_get_str_or_blob sta.pswd
D (6454) nvs: nvs_get_str_or_blob sta.pmk
D (6454) nvs: nvs_get sta.chan 1
D (6464) nvs: nvs_get auto.conn 1
D (6464) nvs: nvs_get bssid.set 1
D (6464) nvs: nvs_get_str_or_blob sta.bssid
D (6464) nvs: nvs_get sta.lis_intval 2
D (6474) nvs: nvs_get sta.phym 1
D (6474) nvs: nvs_get sta.phybw 1
D (6474) nvs: nvs_get_str_or_blob sta.apsw
D (6494) nvs: nvs_get_str_or_blob sta.apinfo
D (6494) nvs: nvs_get sta.scan_method 1
D (6494) nvs: nvs_get sta.sort_method 1
D (6504) nvs: nvs_get sta.minrssi 1
D (6504) nvs: nvs_get sta.minauth 1
D (6504) nvs: nvs_get sta.pmf_e 1
D (6504) nvs: nvs_get sta.pmf_r 1
D (6514) nvs: nvs_get sta.btm_e 1
D (6514) nvs: nvs_get sta.rrm_e 1
D (6514) nvs: nvs_get sta.mbo_e 1
D (6514) nvs: nvs_get_str_or_blob ap.ssid
D (6524) nvs: nvs_get_str_or_blob ap.passwd
D (6524) nvs: nvs_get_str_or_blob ap.pmk
D (6524) nvs: nvs_get ap.chan 1
D (6534) nvs: nvs_get ap.authmode 1
D (6534) nvs: nvs_get ap.hidden 1
D (6534) nvs: nvs_get ap.max.conn 1
D (6544) nvs: nvs_get bcn.interval 2
D (6544) nvs: nvs_get ap.phym 1
D (6544) nvs: nvs_get ap.phybw 1
D (6544) nvs: nvs_get ap.sndchan 1
D (6554) nvs: nvs_get ap.pmf_e 1
D (6554) nvs: nvs_get ap.pmf_r 1
D (6554) nvs: nvs_get ap.p_cipher 1
D (6554) nvs: nvs_get lorate 1
D (6574) nvs: nvs_get_str_or_blob country
D (6574) nvs: nvs_get ap.ftm_r 1
D (6574) nvs: nvs_get sta.ft 1
D (6584) nvs: nvs_get sta.owe 1
D (6584) nvs: nvs_get sta.trans_d 1
D (6584) nvs: nvs_get sta.sae_h2e 1
D (6584) nvs: nvs_get sta.sae_pk_mode 1
D (6594) nvs: nvs_get sta.bss_retry 1
D (6594) nvs: nvs_get_str_or_blob sta.owe_data
D (6594) nvs: nvs_get sta.he_dcm 1
D (6604) nvs: nvs_get sta.he_dcm_c_tx 1
D (6604) nvs: nvs_get sta.he_dcm_c_rx 1
D (6604) nvs: nvs_get sta.he_mcs9_d 1
D (6604) nvs: nvs_get sta.he_su_b_d 1
D (6614) nvs: nvs_get sta.he_su_b_f_d 1
D (6614) nvs: nvs_get sta.he_mu_b_f_d 1
D (6614) nvs: nvs_get sta.he_cqi_f_d 1
D (6624) nvs: nvs_get_str_or_blob sta.sae_h2e_id
D (6624) nvs: nvs_get ap.sae_h2e 1
D (6624) nvs: nvs_get_str_or_blob ap.pmk_info
D (6634) nvs: nvs_get nan.phym 1
D (6634) nvs: nvs_get sta.pwr_reset 1
D (6634) nvs: nvs_get band_mode 1
D (6644) nvs: nvs_get sta.phym5g 1
D (6654) nvs: nvs_get ap.phym5g 1
D (6654) nvs: nvs_get sta.phybw5g 1
D (6654) nvs: nvs_get ap.phybw5g 1
D (6664) nvs: nvs_get ap.sndchan5g 1
D (6664) nvs: nvs_get ap.chan5g 1
D (6664) nvs: nvs_get ap.chanisset 1
D (6664) nvs: nvs_get ap.chan5gisset 1
D (6674) nvs: nvs_get sta.rssi_5g_adj 1
D (6674) nvs: nvs_get ap.csa_count 1
D (6674) nvs: nvs_get ap.dtim_period 1
D (6684) nvs: nvs_set ap.sndchan 1 1
I (6684) wifi_init: rx ba win: 6
I (6684) wifi_init: accept mbox: 6
I (6684) wifi_init: tcpip mbox: 32
I (6694) wifi_init: udp mbox: 6
I (6694) wifi_init: tcp mbox: 6
I (6694) wifi_init: tcp tx win: 5760
I (6694) wifi_init: tcp rx win: 5760
I (6704) wifi_init: tcp mss: 1440
I (6704) wifi_init: WiFi IRAM OP enabled
I (6714) wifi_init: WiFi RX IRAM OP enabled
I (6724) phy_init: phy_version 1180D (7294) intr_alloc: Connected src 48 to int 9 (cpu 0)
D (7304) event: running post WIFI_EVENT:4 with handler 0x42043560 and context 0x3fca68bc on loop 0x3fca56fc
D (7304) esp_netif_handlers: esp_netif action connected with netif0x3fca6644 from event_id=4
D (7314) esp_netif_lwip: check: remote, if=0x3fca6644 fn=0x42040f20
D (7324) esp_netif_lwip: esp_netif_up_api esp_netif:0x3fca6644
D (7324) esp_netif_lwip: call api in lwip: ret=0x0, give sem
D (7334) esp_netif_lwip: check: remote, if=0x3fca6644 fn=0x42040442
D (7334) esp_netif_lwip: esp_netif_dhcpc_start_api esp_netif:0x3fca6644
D (7344) esp_netif_lwip: esp_netif_start_ip_lost_timer esp_netif:0x3fca6644
D (7344) esp_netif_lwip: if0x3fca6644 start ip lost tmr: interval=120
D (7364) esp_netif_lwip: starting dhcp client
D (7364) esp_netif_lwip: call api in lwip: ret=0x0, give sem
D (7364) event: running post WIFI_EVENT:4 with handler 0x4200b2a8 and context 0x3fca7688 on loop 0x3fca56fc
D (8374) esp_netif_lwip: esp_netif_internal_dhcpc_cb lwip-netif:0x3fca66d0
D (8374) esp_netif_lwip: check: local, if=0x3fca6644 fn=0x420416d0
D (8384) esp_netif_lwip: esp_netif_update_default_netif_lwip 0x3fca6644
D (8384) esp_netif_lwip: if0x3fca6644 ip changed=1
D (8384) event: running post IP_EVENT:0 with handler 0x4204378c and context 0x3fca6930 on loop 0x3fca56fc
D (8394) wifi_init_default: Got IP wifi default handler entered
D (8404) esp_netif_handlers: esp_netif action got_ip with netif0x3fca6644 from event_id=0
I (8404) esp_netif_handlers: sta ip: 192.168.8.141, mask: 255.255.255.0, gw: 192.168.8.1
D (8414) event: running post IP_EVENT:0 with handler 0x4200b2a8 and context 0x3fcaf9c0 on loop 0x3fca56fc
I (8424) example_wifi: WiFi Connected. Got IP:192.168.8.141
I (8424) example_wifi: Connected to AP SSID: ***JONS_ORANGE_PI_WIFI_SSID***
I (8434) golioth_mbox: Mbox created, bufsize: 2520, num_items: 20, item_size: 120
I (8444) certificate_auth: Counter = 0
I (8454) golioth_coap_client_libcoap: Start CoAP session with host: coaps://coap.golioth.io
D (8454) RANDOM: getrandom(buf=0x3fcb38c0, buflen=2, flags=0)
D (8464) RANDOM: getrandom returns 2
D (8464) RANDOM: getrandom(buf=0x3fcb3964, buflen=4, flags=0)
D (8464) RANDOM: getrandom returns 4
I (8494) golioth_coap_client_libcoap: Entering CoAP I/O loop
D (8504) RANDOM: getrandom(buf=0x3fcb2fec, buflen=1, flags=0)
D (8504) RANDOM: getrandom returns 1
I (10354) golioth_coap_client_libcoap: Golioth CoAP client connected
I (10354) certificate_auth: Golioth client connected
D (10354) RANDOM: getrandom(buf=0x3fcb3038, buflen=1, flags=0)
D (10364) RANDOM: getrandom returns 1
D (10634) RANDOM: getrandom(buf=0x3fcb3038, buflen=1, flags=0)
D (10634) RANDOM: getrandom returns 1
D (10834) RANDOM: getrandom(buf=0x3fcb3038, buflen=1, flags=0)
D (10834) RANDOM: getrandom returns 1
I (13454) certificate_auth: Counter = 1
D (13454) RANDOM: getrandom(buf=0x3fcb3038, buflen=1, flags=0)
D (13454) RANDOM: getrandom returns 1
I (18454) certificate_auth: Counter = 2
D (18454) RANDOM: getrandom(buf=0x3fcb3038, buflen=1, flags=0)
D (18454) RANDOM: getrandom returns 1
I (23454) certificate_auth: Counter = 3
D (23454) RANDOM: getra