esptool.py v4.8.1
Serial port /dev/serial/by-id/usb-Silicon_Labs_CP2102N_USB_to_UART_Bridge_Controller_ca317d585c76eb11ba0a87abb7be2ba5-if00-port0
Connecting....
Detecting chip type... ESP32-C3
Chip is ESP32-C3 (QFN32) (revision v0.3)
Features: WiFi, BLE, Embedded Flash 4MB (XMC)
Crystal is 40MHz
MAC: 84:f7:03:09:96:10
Uploading stub...
Running stub...
Stub running...
Changing baud rate to 460800
Changed.
Configuring flash size...
Erasing flash (this may take a while)...
Chip erase completed successfully in 20.7s
Compressed 1020784 bytes to 598755...
Writing at 0x00000000... (2 %)
Writing at 0x00011d85... (5 %)
Writing at 0x0001e825... (8 %)
Writing at 0x0002ab07... (10 %)
Writing at 0x000336e5... (13 %)
Writing at 0x0003bb36... (16 %)
Writing at 0x00041c80... (18 %)
Writing at 0x000480e8... (21 %)
Writing at 0x0004e49e... (24 %)
Writing at 0x00054576... (27 %)
Writing at 0x00059f66... (29 %)
Writing at 0x0005fd6f... (32 %)
Writing at 0x00066719... (35 %)
Writing at 0x0006c28e... (37 %)
Writing at 0x0007237a... (40 %)
Writing at 0x000781f8... (43 %)
Writing at 0x0007e2f9... (45 %)
Writing at 0x00083e8a... (48 %)
Writing at 0x00089564... (51 %)
Writing at 0x0008efe4... (54 %)
Writing at 0x00095150... (56 %)
Writing at 0x0009ab6b... (59 %)
Writing at 0x000a03c6... (62 %)
Writing at 0x000a6339... (64 %)
Writing at 0x000ac920... (67 %)
Writing at 0x000b2a69... (70 %)
Writing at 0x000b8e1d... (72 %)
Writing at 0x000bee68... (75 %)
Writing at 0x000c4ac3... (78 %)
Writing at 0x000ca14a... (81 %)
Writing at 0x000cfe9f... (83 %)
Writing at 0x000d5bad... (86 %)
Writing at 0x000dcbdd... (89 %)
Writing at 0x000e3096... (91 %)
Writing at 0x000e9cf0... (94 %)
Writing at 0x000efe14... (97 %)
Writing at 0x000f5cfb... (100 %)
Wrote 1020784 bytes (598755 compressed) at 0x00000000 in 19.7 seconds (effective 414.7 kbit/s)...
Hash of data verified.

Leaving...
Hard resetting via RTS pin...
Build:Feb  7 2021
rst:0x1 (POWERON),boot:0xc (SPI_FAST_FLASH_BOOT)
SPIWP:0xee
mode:DIO, clock div:1
load:0x3fcd5820,len:0x1574
load:0x403cc710,len:0xc30
load:0x403ce710,len:0x2f58
entry 0x403cc71a
I (30) boot: ESP-IDF v5.4 2nd stage bootloader
I (30) boot: compile time Jan  9 2025 20:41:49
I (30) boot: chip revision: v0.3
I (30) boot: efuse block revision: v1.1
I (34) boot.esp32c3: SPI Speed      : 80MHz
I (38) boot.esp32c3: SPI Mode       : DIO
I (41) boot.esp32c3: SPI Flash Size : 2MB
I (45) boot: Enabling RNG early entropy source...
I (50) boot: Partition Table:
I (52) boot: ## Label            Usage          Type ST Offset   Length
I (58) boot:  0 nvs              WiFi data        01 02 00009000 00006000
I (65) boot:  1 phy_init         RF data          01 01 0000f000 00001000
I (72) boot:  2 factory          factory app      00 00 00010000 00100000
I (78) boot: End of partition table
I (81) esp_image: segment 0: paddr=00010020 vaddr=3c0b0020 size=2592ch (153900) map
I (113) esp_image: segment 1: paddr=00035954 vaddr=3fc93200 size=03020h ( 12320) load
I (116) esp_image: segment 2: paddr=0003897c vaddr=40380000 size=0769ch ( 30364) load
I (123) esp_image: segment 3: paddr=00040020 vaddr=42000020 size=ad7d0h (710608) map
I (238) esp_image: segment 4: paddr=000ed7f8 vaddr=4038769c size=0bb28h ( 47912) load
I (247) esp_image: segment 5: paddr=000f9328 vaddr=50000200 size=0001ch (    28) load
I (253) boot: Loaded app from partition at offset 0x10000
I (253) boot: Disabling RNG early entropy source...
I (265) cpu_start: Unicore app
I (273) cpu_start: Pro cpu start user code
I (273) cpu_start: cpu freq: 160000000 Hz
I (273) app_init: Application information:
I (273) app_init: Project name:     stream
I (277) app_init: App version:      e422340-dirty
I (281) app_init: Compile time:     Jan  9 2025 20:41:42
I (286) app_init: ELF file SHA256:  84e952874...
I (291) app_init: ESP-IDF:          v5.4
I (294) efuse_init: Min chip rev:     v0.3
I (298) efuse_init: Max chip rev:     v1.99 
I (302) efuse_init: Chip rev:         v0.3
I (306) heap_init: Initializing. RAM available for dynamic allocation:
I (312) heap_init: At 3FC9DC40 len 000223C0 (136 KiB): RAM
I (317) heap_init: At 3FCC0000 len 0001C710 (113 KiB): Retention RAM
I (323) heap_init: At 3FCDC710 len 00002950 (10 KiB): Retention RAM
I (329) heap_init: At 5000021C len 00001DCC (7 KiB): RTCRAM
I (336) spi_flash: detected chip: generic
I (339) spi_flash: flash io: dio
W (341) spi_flash: Detected size(4096k) larger than the size in the binary image header(2048k). Using the size in the binary image header.
I (354) sleep_gpio: Configure to isolate all GPIO pins in sleep state
I (360) sleep_gpio: Enable automatic switching of GPIO sleep configuration
I (367) main_task: Started on CPU0
I (377) main_task: Calling app_main()
I (377) stream: Start Stream sample
[5n
Type 'help' to get the list of commands.
Use UP/DOWN arrows to navigate through command history.
Press TAB when typing command name to auto-complete.

Your terminal application does not support escape sequences.

Line editing and history features are disabled.

On Windows, try using Putty instead.
esp32> W (887) stream: WiFi and Golioth credentials are not set. Use the shell settings commands to set them.

esp32> 
esp32> 
esp32> 
esp32> settings set wifi/ssid "***JONS_ORANGE_PI_WIFI_SSID***"
Setting wifi/ssid saved
esp32> 
esp32> 
esp32> 
esp32> 
esp32> 
esp32> settings set wifi/psk "***JONS_ORANGE_PI_WIFI_PSK***"
Setting wifi/psk saved
es::add-mask::generated-USZzwYANCWWYSZiV
p32> 
esp32> 
esp32> 
esp32> 
esp32> 
esp32> settings set golioth/psk-id "generated-USZzwYANCWWYSZiV@firmware_ci"
Setting golioth/psk-id saved
esp32> 
esp32> 
esp32> 
esp32> 
esp32> 
esp32> settings set golioth/psk "generated-USZzwYANCWWYSZiV"
Setting golioth/psk saved
esp32> 
esp32> I (9907) pp: pp rom version: 9387209
I (9907) net80211: net80211 rom version: 9387209
I (9917) wifi_init: rx ba win: 6
I (9917) wifi_init: accept mbox: 6
I (9917) wifi_init: tcpip mbox: 32
I (9917) wifi_init: udp mbox: 6
I (9917) wifi_init: tcp mbox: 6
I (9927) wifi_init: tcp tx win: 5760
I (9927) wifi_init: tcp rx win: 5760
I (9927) wifi_init: tcp mss: 1440
I (9937) wifi_init: WiFi IRAM OP enabled
I (9937) wifi_init: WiFi RX IRAM OP enabled
I (9937) phy_init: phy_version 1180,01f2a49,Jun  4 2024,16:34:25
W (9947) phy_init: failed to load RF calibration data (0x1102), falling back to full calibration
W (10007) phy_init: saving new calibration data because of checksum failure, mode(2)
I (11497) esp_netif_handlers: sta ip: 192.168.8.141, mask: 255.255.255.0, gw: 192.168.8.1
I (11497) example_wifi: WiFi Connected. Got IP:192.168.8.141
I (11507) example_wifi: Connected to AP SSID: ***JONS_ORANGE_PI_WIFI_SSID***
I (11507) golioth_mbox: Mbox created, bufsize: 2520, num_items: 20, item_size: 120
W (11517) stream: Waiting for connection to Golioth...
I (11677) golioth_coap_client_libcoap: Start CoAP session with host: coaps://coap.golioth.io
I (11687) golioth_coap_client_libcoap: Session PSK-ID: generated-USZzwYANCWWYSZiV@firmware_ci
I (11697) libcoap: Setting PSK key

I (11707) golioth_coap_client_libcoap: Entering CoAP I/O loop
I (12487) golioth_coap_client_libcoap: Golioth CoAP client connected
I (12487) stream: Golioth client connected
I (12487) stre