esptool.py v4.8.1
Serial port /dev/serial/by-id/usb-Silicon_Labs_CP2102N_USB_to_UART_Bridge_Controller_ca317d585c76eb11ba0a87abb7be2ba5-if00-port0
Connecting....
Detecting chip type... ESP32-C3
Chip is ESP32-C3 (QFN32) (revision v0.3)
Features: WiFi, BLE, Embedded Flash 4MB (XMC)
Crystal is 40MHz
MAC: 84:f7:03:09:96:10
Uploading stub...
Running stub...
Stub running...
Changing baud rate to 460800
Changed.
Configuring flash size...
Erasing flash (this may take a while)...
Chip erase completed successfully in 20.2s
Compressed 1039440 bytes to 610491...
Writing at 0x00000000... (2 %)
Writing at 0x00012144... (5 %)
Writing at 0x0001f40f... (7 %)
Writing at 0x0002bba9... (10 %)
Writing at 0x000320f5... (13 %)
Writing at 0x000371e9... (15 %)
Writing at 0x00041074... (18 %)
Writing at 0x0004707c... (21 %)
Writing at 0x0004d92b... (23 %)
Writing at 0x000539d6... (26 %)
Writing at 0x000594c9... (28 %)
Writing at 0x0005f31d... (31 %)
Writing at 0x00065e27... (34 %)
Writing at 0x0006ba54... (36 %)
Writing at 0x00071ace... (39 %)
Writing at 0x00077b94... (42 %)
Writing at 0x0007dada... (44 %)
Writing at 0x00083607... (47 %)
Writing at 0x00088c42... (50 %)
Writing at 0x0008ecec... (52 %)
Writing at 0x00094ec4... (55 %)
Writing at 0x0009a935... (57 %)
Writing at 0x000a01de... (60 %)
Writing at 0x000a5fae... (63 %)
Writing at 0x000ac70a... (65 %)
Writing at 0x000b288c... (68 %)
Writing at 0x000b87c5... (71 %)
Writing at 0x000beae8... (73 %)
Writing at 0x000c447e... (76 %)
Writing at 0x000c9cfb... (78 %)
Writing at 0x000cfca7... (81 %)
Writing at 0x000d5bfb... (84 %)
Writing at 0x000dc608... (86 %)
Writing at 0x000e3988... (89 %)
Writing at 0x000e9e2a... (92 %)
Writing at 0x000efcf7... (94 %)
Writing at 0x000f611f... (97 %)
Writing at 0x000fc0e0... (100 %)
Wrote 1039440 bytes (610491 compressed) at 0x00000000 in 19.7 seconds (effective 422.2 kbit/s)...
Hash of data verified.

Leaving...
Hard resetting via RTS pin...
Build:Feb  7 2021
rst:0x1 (POWERON),boot:0xc (SPI_FAST_FLASH_BOOT)
SPIWP:0xee
mode:DIO, clock div:1
load:0x3fcd5820,len:0x1738
load:0x403cc710,len:0xb9c
load:0x403ce710,len:0x2e4c
entry 0x403cc71a
[0;32mI (30) boot: ESP-IDF v5.3 2nd stage bootloader[0m
[0;32mI (30) boot: compile time Jan  7 2025 16:56:56[0m
[0;32mI (30) boot: chip revision: v0.3[0m
[0;32mI (33) boot.esp32c3: SPI Speed      : 80MHz[0m
[0;32mI (38) boot.esp32c3: SPI Mode       : DIO[0m
[0;32mI (43) boot.esp32c3: SPI Flash Size : 2MB[0m
[0;32mI (47) boot: Enabling RNG early entropy source...[0m
[0;32mI (53) boot: Partition Table:[0m
[0;32mI (56) boot: ## Label            Usage          Type ST Offset   Length[0m
[0;32mI (64) boot:  0 nvs              WiFi data        01 02 00009000 00006000[0m
[0;32mI (71) boot:  1 phy_init         RF data          01 01 0000f000 00001000[0m
[0;32mI (78) boot:  2 factory          factory app      00 00 00010000 00100000[0m
[0;32mI (86) boot: End of partition table[0m
[0;32mI (90) esp_image: segment 0: paddr=00010020 vaddr=3c0b0020 size=2cfa4h (184228) map[0m
[0;32mI (127) esp_image: segment 1: paddr=0003cfcc vaddr=3fc92800 size=02fc8h ( 12232) load[0m
[0;32mI (130) esp_image: segment 2: paddr=0003ff9c vaddr=40380000 size=0007ch (   124) load[0m
[0;32mI (133) esp_image: segment 3: paddr=00040020 vaddr=42000020 size=ab540h (701760) map[0m
[0;32mI (251) esp_image: segment 4: paddr=000eb568 vaddr=4038007c size=126c4h ( 75460) load[0m
[0;32mI (271) boot: Loaded app from partition at offset 0x10000[0m
[0;32mI (272) boot: Disabling RNG early entropy source...[0m
[0;32mI (283) cpu_start: Unicore app[0m
[0;32mI (292) cpu_start: Pro cpu start user code[0m
[0;32mI (292) cpu_start: cpu freq: 160000000 Hz[0m
[0;32mI (292) app_init: Application information:[0m
[0;32mI (295) app_init: Project name:     set[0m
[0;32mI (299) app_init: App version:      6ff1c2a-dirty[0m
[0;32mI (305) app_init: Compile time:     Jan  7 2025 16:56:51[0m
[0;32mI (311) app_init: ELF file SHA256:  97d9c7087...[0m
[0;32mI (316) app_init: ESP-IDF:          v5.3[0m
[0;32mI (321) efuse_init: Min chip rev:     v0.3[0m
[0;32mI (325) efuse_init: Max chip rev:     v1.99 [0m
[0;32mI (330) efuse_init: Chip rev:         v0.3[0m
[0;32mI (335) heap_init: Initializing. RAM available for dynamic allocation:[0m
[0;32mI (342) heap_init: At 3FC9D5F0 len 00022A10 (138 KiB): RAM[0m
[0;32mI (348) heap_init: At 3FCC0000 len 0001C710 (113 KiB): Retention RAM[0m
[0;32mI (355) heap_init: At 3FCDC710 len 00002950 (10 KiB): Retention RAM[0m
[0;32mI (362) heap_init: At 50000200 len 00001DE8 (7 KiB): RTCRAM[0m
[0;32mI (370) spi_flash: detected chip: generic[0m
[0;32mI (373) spi_flash: flash io: dio[0m
[0;33mW (377) spi_flash: Detected size(4096k) larger than the size in the binary image header(2048k). Using the size in the binary image header.[0m
[0;32mI (391) sleep: Configure to isolate all GPIO pins in sleep state[0m
[0;32mI (397) sleep: Enable automatic switching of GPIO sleep configuration[0m
[0;32mI (404) main_task: Started on CPU0[0m
[0;32mI (414) main_task: Calling app_main()[0m
[0;32mI (414) lightdb: Start LightDB set sample[0m
[5n
Type 'help' to get the list of commands.
Use UP/DOWN arrows to navigate through command history.
Press TAB when typing command name to auto-complete.

Your terminal application does not support escape sequences.

Line editing and history features are disabled.

On Windows, try using Putty instead.
esp32> [0;33mW (924) lightdb: WiFi and Golioth credentials are not set. Use the shell settings commands to set them.[0m

esp32> 
esp32> 
esp32> 
esp32> settings set wifi/ssid "***JONS_ORANGE_PI_WIFI_SSID***"
Setting wifi/ssid saved
esp32> 
esp32> 
esp32> 
esp32> 
esp32> 
esp32> settings set wifi/psk "***JONS_ORANGE_PI_WIFI_PSK***"
Setting wifi/psk saved
es::add-mask::generated-ayAyfxelcWIszGlJ
p32> 
esp32> 
esp32> 
esp32> 
esp32> 
esp32> settings set golioth/psk-id "generated-ayAyfxelcWIszGlJ@firmware_ci"
Setting golioth/psk-id saved
esp32> 
esp32> 
esp32> 
esp32> 
esp32> 
esp32> settings set golioth/psk "generated-ayAyfxelcWIszGlJ"
Setting golioth/psk saved
esp32> 
esp32> [0;32mI (10944) pp: pp rom version: 9387209[0m
[0;32mI (10944) net80211: net80211 rom version: 9387209[0m
[0;32mI (10964) wifi_init: rx ba win: 6[0m
[0;32mI (10964) wifi_init: accept mbox: 6[0m
[0;32mI (10964) wifi_init: tcpip mbox: 32[0m
[0;32mI (10964) wifi_init: udp mbox: 6[0m
[0;32mI (10974) wifi_init: tcp mbox: 6[0m
[0;32mI (10974) wifi_init: tcp tx win: 5760[0m
[0;32mI (10984) wifi_init: tcp rx win: 5760[0m
[0;32mI (10984) wifi_init: tcp mss: 1440[0m
[0;32mI (10984) wifi_init: WiFi IRAM OP enabled[0m
[0;32mI (10994) wifi_init: WiFi RX IRAM OP enabled[0m
[0;32mI (10994) phy_init: phy_version 1180,01f2a49,Jun  4 2024,16:34:25[0m
[0;33mW (11014) phy_init: failed to load RF calibration data (0x1102), falling back to full calibration[0m
[0;33mW (11054) phy_init: saving new calibration data because of checksum failure, mode(2)[0m
[0;32mI (12434) esp_netif_handlers: sta ip: 192.168.8.141, mask: 255.255.255.0, gw: 192.168.8.1[0m
[0;32mI (12434) example_wifi: WiFi Connected. Got IP:192.168.8.141[0m
[0;32mI (12444) example_wifi: Connected to AP SSID: ***JONS_ORANGE_PI_WIFI_SSID***[0m
[0;32mI (12444) golioth_mbox: Mbox created, bufsize: 2520, num_items: 20, item_size: 120[0m
[0;33mW (12454) lightdb: Waiting for connection to Golioth...[0m
[0;32mI (12464) golioth_coap_client_libcoap: Start CoAP session with host: coaps://coap.golioth.io[0m
[0;32mI (12474) golioth_coap_client_libcoap: Session PSK-ID: generated-ayAyfxelcWIszGlJ@firmware_ci[0m
[0;32mI (12484) libcoap: Setting PSK key
[0m
[0;32mI (12484) golioth_coap_client_libcoap: Entering CoAP I/O loop[0m
[0;32mI (13104) golioth_coap_client_libcoap: Golioth CoAP client connected[0m
[0;32mI (13104) lightdb: Golioth client connected[0m
[0;32mI (13104) lightdb: Setting counter to 0[0m
[0;32mI (13114) lightdb: Before request (async)[0m
[0;32mI (13114) lightdb: After request (async)[0m
[0;32mI (14734) lightdb: Counter successfully set[0m
[0;32mI (18114) lightdb: Setting counter to 1[0m
[0;32mI (18114) lightdb: Before request (sync)[0m
[0;32mI (18824) lightdb: Counter successfully set[0m
[0;32mI (18834) lightdb: After request (sync)[0m
[0;32mI (23834) lightdb: Setting counter to 2[0m
[0;32mI (23834) lightdb: Before request (json async)[0m
[0;32mI (23834) lightdb: After request (json async)[0m
[0;32mI (24354) lightdb: Counter successfully set[0m
[0;32mI (28834) lightdb: Setting counter to 3[0m
[0;32mI (28834) lightdb: Before request (cbor sync)[0m
[0;32mI (29274) lightdb: Counter successfully set[0m
[0;32mI