esptool.py v4.8.1
Serial port /dev/serial/by-id/usb-Silicon_Labs_CP2102N_USB_to_UART_Bridge_Controller_ca317d585c76eb11ba0a87abb7be2ba5-if00-port0
Connecting....
Detecting chip type... ESP32-C3
Chip is ESP32-C3 (QFN32) (revision v0.3)
Features: WiFi, BLE, Embedded Flash 4MB (XMC)
Crystal is 40MHz
MAC: 84:f7:03:09:96:10
Uploading stub...
Running stub...
Stub running...
Changing baud rate to 460800
Changed.
Configuring flash size...
Erasing flash (this may take a while)...
Chip erase completed successfully in 19.9s
Compressed 1032800 bytes to 605813...
Writing at 0x00000000... (2 %)
Writing at 0x00012059... (5 %)
Writing at 0x0001f0e6... (8 %)
Writing at 0x0002b47d... (10 %)
Writing at 0x000318b0... (13 %)
Writing at 0x00036e67... (16 %)
Writing at 0x000411c5... (18 %)
Writing at 0x00047279... (21 %)
Writing at 0x0004d888... (24 %)
Writing at 0x00053716... (27 %)
Writing at 0x000592f3... (29 %)
Writing at 0x0005f176... (32 %)
Writing at 0x00065c43... (35 %)
Writing at 0x0006b8a8... (37 %)
Writing at 0x0007197a... (40 %)
Writing at 0x00077b4e... (43 %)
Writing at 0x0007d8d2... (45 %)
Writing at 0x000833dc... (48 %)
Writing at 0x00088a30... (51 %)
Writing at 0x0008ec78... (54 %)
Writing at 0x00094c54... (56 %)
Writing at 0x0009a975... (59 %)
Writing at 0x000a024e... (62 %)
Writing at 0x000a63a1... (64 %)
Writing at 0x000aca1b... (67 %)
Writing at 0x000b2a5a... (70 %)
Writing at 0x000b8ad5... (72 %)
Writing at 0x000becc6... (75 %)
Writing at 0x000c43be... (78 %)
Writing at 0x000c9feb... (81 %)
Writing at 0x000cff16... (83 %)
Writing at 0x000d66e2... (86 %)
Writing at 0x000dc411... (89 %)
Writing at 0x000e4253... (91 %)
Writing at 0x000ea066... (94 %)
Writing at 0x000eff33... (97 %)
Writing at 0x000f643e... (100 %)
Wrote 1032800 bytes (605813 compressed) at 0x00000000 in 19.5 seconds (effective 424.2 kbit/s)...
Hash of data verified.

Leaving...
Hard resetting via RTS pin...
Build:Feb  7 2021
rst:0x1 (POWERON),boot:0xc (SPI_FAST_FLASH_BOOT)
SPIWP:0xee
mode:DIO, clock div:1
load:0x3fcd5820,len:0x1738
load:0x403cc710,len:0xb9c
load:0x403ce710,len:0x2ec8
entry 0x403cc71a
[0;32mI (30) boot: ESP-IDF v5.3 2nd stage bootloader[0m
[0;32mI (30) boot: compile time Nov 25 2024 20:23:04[0m
[0;32mI (30) boot: chip revision: v0.3[0m
[0;32mI (33) boot.esp32c3: SPI Speed      : 80MHz[0m
[0;32mI (38) boot.esp32c3: SPI Mode       : DIO[0m
[0;32mI (43) boot.esp32c3: SPI Flash Size : 4MB[0m
[0;32mI (47) boot: Enabling RNG early entropy source...[0m
[0;32mI (53) boot: Partition Table:[0m
[0;32mI (56) boot: ## Label            Usage          Type ST Offset   Length[0m
[0;32mI (64) boot:  0 nvs              WiFi data        01 02 00009000 00006000[0m
[0;32mI (71) boot:  1 phy_init         RF data          01 01 0000f000 00001000[0m
[0;32mI (78) boot:  2 factory          factory app      00 00 00010000 00100000[0m
[0;32mI (86) boot: End of partition table[0m
[0;32mI (90) esp_image: segment 0: paddr=00010020 vaddr=3c0b0020 size=2bff4h (180212) map[0m
[0;32mI (127) esp_image: segment 1: paddr=0003c01c vaddr=3fc92800 size=03e10h ( 15888) load[0m
[0;32mI (130) esp_image: segment 2: paddr=0003fe34 vaddr=40380000 size=001e4h (   484) load[0m
[0;32mI (133) esp_image: segment 3: paddr=00040020 vaddr=42000020 size=a9c9ch (695452) map[0m
[0;32mI (250) esp_image: segment 4: paddr=000e9cc4 vaddr=403801e4 size=1256ch ( 75116) load[0m
[0;32mI (270) boot: Loaded app from partition at offset 0x10000[0m
[0;32mI (270) boot: Disabling RNG early entropy source...[0m
[0;32mI (282) cpu_start: Unicore app[0m
[0;32mI (290) cpu_start: Pro cpu start user code[0m
[0;32mI (290) cpu_start: cpu freq: 160000000 Hz[0m
[0;32mI (290) app_init: Application information:[0m
[0;32mI (293) app_init: Project name:     test[0m
[0;32mI (298) app_init: App version:      9dd93e7-dirty[0m
[0;32mI (303) app_init: Compile time:     Nov 25 2024 20:23:08[0m
[0;32mI (309) app_init: ELF file SHA256:  40502d31e...[0m
[0;32mI (315) app_init: ESP-IDF:          v5.3[0m
[0;32mI (319) efuse_init: Min chip rev:     v0.3[0m
[0;32mI (324) efuse_init: Max chip rev:     v1.99 [0m
[0;32mI (329) efuse_init: Chip rev:         v0.3[0m
[0;32mI (334) heap_init: Initializing. RAM available for dynamic allocation:[0m
[0;32mI (341) heap_init: At 3FC9E380 len 00021C80 (135 KiB): RAM[0m
[0;32mI (347) heap_init: At 3FCC0000 len 0001C710 (113 KiB): Retention RAM[0m
[0;32mI (354) heap_init: At 3FCDC710 len 00002950 (10 KiB): Retention RAM[0m
[0;32mI (361) heap_init: At 50000200 len 00001DE8 (7 KiB): RTCRAM[0m
[0;32mI (368) spi_flash: detected chip: generic[0m
[0;32mI (372) spi_flash: flash io: dio[0m
[0;32mI (376) sleep: Configure to isolate all GPIO pins in sleep state[0m
[0;32mI (383) sleep: Enable automatic switching of GPIO sleep configuration[0m
[0;32mI (390) main_task: Started on CPU0[0m
[0;32mI (410) main_task: Calling app_main()[0m
[5n
Type 'help' to get the list of commands.
Use UP/DOWN arrows to navigate through command history.
Press TAB when typing command name to auto-complete.

Your terminal application does not support escape sequences.

Line editing and history features are disabled.

On Windows, try using Putty instead.
esp32> [0;33mW (920) hil_test: WiFi and Golioth credentials are not set. Use the shell settings commands to set them.[0m

esp32> 
esp32> 
esp32> 
esp32> settings set wifi/ssid "***JONS_ORANGE_PI_WIFI_SSID***"
Setting wifi/ssid saved
esp32> 
esp32> 
esp32> 
esp32> 
esp32> 
esp32> settings set wifi/psk "***JONS_ORANGE_PI_WIFI_PSK***"
Setting wifi/psk saved
es::add-mask::generated-OgGxwaQGIVFpVTCU
