esptool.py v4.9.0
Serial port /dev/serial/by-id/usb-Silicon_Labs_CP2102N_USB_to_UART_Bridge_Controller_ee6375f01ce7ec11973dbed05adebb74-if00-port0
Connecting....
Detecting chip type... ESP32-C3
Chip is ESP32-C3 (QFN32) (revision v0.4)
Features: WiFi, BLE, Embedded Flash 4MB (XMC)
Crystal is 40MHz
MAC: ec:da:3b:0d:18:84
Uploading stub...
Running stub...
Stub running...
Changing baud rate to 460800
Changed.
Configuring flash size...
Erasing flash (this may take a while)...
Chip erase completed successfully in 18.1 seconds.
Compressed 1023328 bytes to 600654...
Writing at 0x00000000... (2 %)
Writing at 0x00011d30... (5 %)
Writing at 0x0001e698... (8 %)
Writing at 0x0002aa21... (10 %)
Writing at 0x00033530... (13 %)
Writing at 0x0003bacc... (16 %)
Writing at 0x00041b71... (18 %)
Writing at 0x00047f2a... (21 %)
Writing at 0x0004e441... (24 %)
Writing at 0x00054500... (27 %)
Writing at 0x00059ee1... (29 %)
Writing at 0x0005fa70... (32 %)
Writing at 0x000662e6... (35 %)
Writing at 0x0006be67... (37 %)
Writing at 0x00071f4b... (40 %)
Writing at 0x00077dc0... (43 %)
Writing at 0x0007deb5... (45 %)
Writing at 0x00083a4c... (48 %)
Writing at 0x0008911c... (51 %)
Writing at 0x0008ebb4... (54 %)
Writing at 0x00094cd3... (56 %)
Writing at 0x0009a70c... (59 %)
Writing at 0x0009ff7d... (62 %)
Writing at 0x000a5ef9... (64 %)
Writing at 0x000ac4dc... (67 %)
Writing at 0x000b25b3... (70 %)
Writing at 0x000b8a33... (72 %)
Writing at 0x000be9c3... (75 %)
Writing at 0x000c46f1... (78 %)
Writing at 0x000c9cf6... (81 %)
Writing at 0x000cfb76... (83 %)
Writing at 0x000d587d... (86 %)
Writing at 0x000dc94d... (89 %)
Writing at 0x000e2e2c... (91 %)
Writing at 0x000e9d01... (94 %)
Writing at 0x000efbe2... (97 %)
Writing at 0x000f5bd6... (100 %)
Wrote 1023328 bytes (600654 compressed) at 0x00000000 in 18.9 seconds (effective 433.0 kbit/s)...
Hash of data verified.

Leaving...
Hard resetting via RTS pin...
ESP-ROM:esp32c3-api1-20210207
Build:Feb  7 2021
rst:0x1 (POWERON),boot:0xc (SPI_FAST_FLASH_BOOT)
SPIWP:0xee
mode:DIO, clock div:1
load:0x3fcd5820,len:0x1574
load:0x403cc710,len:0xc30
load:0x403ce710,len:0x2f64
entry 0x403cc71a
I (30) boot: ESP-IDF v5.4.1 2nd stage bootloader
I (30) boot: compile time Sep 26 2025 00:05:44
I (30) boot: chip revision: v0.4
I (30) boot: efuse block revision: v1.2
I (34) boot.esp32c3: SPI Speed      : 80MHz
I (38) boot.esp32c3: SPI Mode       : DIO
I (41) boot.esp32c3: SPI Flash Size : 2MB
I (45) boot: Enabling RNG early entropy source...
I (50) boot: Partition Table:
I (52) boot: ## Label            Usage          Type ST Offset   Length
I (59) boot:  0 nvs              WiFi data        01 02 00009000 00006000
I (65) boot:  1 phy_init         RF data          01 01 0000f000 00001000
I (72) boot:  2 factory          factory app      00 00 00010000 00100000
I (78) boot: End of partition table
I (81) esp_image: segment 0: paddr=00010020 vaddr=3c0b0020 size=25a1ch (154140) map
I (113) esp_image: segment 1: paddr=00035a44 vaddr=3fc93400 size=03050h ( 12368) load
I (116) esp_image: segment 2: paddr=00038a9c vaddr=40380000 size=0757ch ( 30076) load
I (123) esp_image: segment 3: paddr=00040020 vaddr=42000020 size=adef4h (712436) map
I (238) esp_image: segment 4: paddr=000edf1c vaddr=4038757c size=0bdf4h ( 48628) load
I (247) esp_image: segment 5: paddr=000f9d18 vaddr=50000200 size=0001ch (    28) load
I (254) boot: Loaded app from partition at offset 0x10000
I (254) boot: Disabling RNG early entropy source...
I (265) cpu_start: Unicore app
I (273) cpu_start: Pro cpu start user code
I (273) cpu_start: cpu freq: 160000000 Hz
I (274) app_init: Application information:
I (274) app_init: Project name:     cpp
I (277) app_init: App version:      1fc16f4-dirty
I (282) app_init: Compile time:     Sep 26 2025 00:05:38
I (287) app_init: ELF file SHA256:  f7b556407...
I (291) app_init: ESP-IDF:          v5.4.1
I (295) efuse_init: Min chip rev:     v0.3
I (299) efuse_init: Max chip rev:     v1.99 
I (303) efuse_init: Chip rev:         v0.4
I (306) heap_init: Initializing. RAM available for dynamic allocation:
I (313) heap_init: At 3FC9DF50 len 000220B0 (136 KiB): RAM
I (318) heap_init: At 3FCC0000 len 0001C710 (113 KiB): Retention RAM
I (324) heap_init: At 3FCDC710 len 00002950 (10 KiB): Retention RAM
I (330) heap_init: At 5000021C len 00001DCC (7 KiB): RTCRAM
I (336) spi_flash: detected chip: generic
I (339) spi_flash: flash io: dio
W (342) spi_flash: Detected size(4096k) larger than the size in the binary image header(2048k). Using the size in the binary image header.
I (354) sleep_gpio: Configure to isolate all GPIO pins in sleep state
I (360) sleep_gpio: Enable automatic switching of GPIO sleep configuration
I (367) main_task: Started on CPU0
I (377) main_task: Calling app_main()
[5n
Type 'help' to get the list of commands.
Use UP/DOWN arrows to navigate through command history.
Press TAB when typing command name to auto-complete.

Your terminal application does not support escape sequences.

Line editing and history features are disabled.

On Windows, try using Putty instead.
esp32> W (887) app_main: WiFi and Golioth credentials are not set. Use the shell settings commands to set them.

esp32> 
esp32> 
esp32> 
esp32> settings set wifi/ssid "***MIKES_ORANGE_PI_WIFI_SSID***"
Setting wifi/ssid saved
esp32> 
esp32> 
esp32> 
esp32> 
esp32> 
esp32> settings set wifi/psk "***MIKES_ORANGE_PI_WIFI_PSK***"
Setting wifi/psk saved
esp32> 
es::add-mask::generated-VrIbhPMueHNgPlLr
p32> 
esp32> 
esp32> 
esp32> 
esp32> settings set golioth/psk-id "generated-VrIbhPMueHNgPlLr@firmware_ci"
Setting golioth/psk-id saved
esp32> 
esp32> 
esp32> 
esp32> 
esp32> 
esp32> settings set golioth/psk "generated-VrIbhPMueHNgPlLr"
Setting golioth/psk saved
esp32> 
esp32> I (7907) pp: pp rom version: 9387209
I (7907) net80211: net80211 rom version: 9387209
I (7927) wifi_init: rx ba win: 6
I (7927) wifi_init: accept mbox: 6
I (7927) wifi_init: tcpip mbox: 32
I (7927) wifi_init: udp mbox: 6
I (7927) wifi_init: tcp mbox: 6
I (7937) wifi_init: tcp tx win: 5760
I (7937) wifi_init: tcp rx win: 5760
I (7937) wifi_init: tcp mss: 1440
I (7947) wifi_init: WiFi IRAM OP enabled
I (7947) wifi_init: WiFi RX IRAM OP enabled
I (7947) phy_init: phy_version 1200,2b7123f9,Feb 18 2025,15:22:21
W (7957) phy_init: failed to load RF calibration data (0x1102), falling back to full calibration
I (7987) phy_init: Saving new calibration data due to checksum failure or outdated calibration data, mode(2)
I (10037) esp_netif_handlers: sta ip: 192.168.8.238, mask: 255.255.255.0, gw: 192.168.8.1
I (10037) example_wifi: WiFi Connected. Got IP:192.168.8.238
I (10047) example_wifi: Connected to AP SSID: ***MIKES_ORANGE_PI_WIFI_SSID***
I (10047) golioth_mbox: Mbox created, bufsize: 2688, num_items: 20, item_size: 128
I (10057) app_main: Hello, Golioth 0!
I (10067) golioth_coap_client_libcoap: Start CoAP session with host: coaps://coap.golioth.io
I (10067) golioth_coap_client_libcoap: Session PSK-ID: generated-VrIbhPMueHNgPlLr@firmware_ci
I (10077) libcoap: Setting PSK key

I (10087) golioth_coap_client_libcoap: Entering CoAP I/O loop
I (10817) golioth_coap_client_libcoap: Golioth CoAP client connected
I (15057) app_main: Hello, Golioth 1!
I (20057) app_main: Hello, Golioth 2!
