esptool.py v4.8.1
Serial port /dev/serial/by-id/usb-Silicon_Labs_CP2102N_USB_to_UART_Bridge_Controller_6a5ea5870128ee11b6e611d8f49e3369-if00-port0
Connecting....
Detecting chip type... ESP32-S3
Chip is ESP32-S3 (QFN56) (revision v0.2)
Features: WiFi, BLE, Embedded PSRAM 2MB (AP_3v3)
Crystal is 40MHz
MAC: dc:da:0c:61:9f:74
Uploading stub...
Running stub...
Stub running...
Changing baud rate to 460800
Changed.
Configuring flash size...
Erasing flash (this may take a while)...
Chip erase completed successfully in 1.9s
Compressed 966960 bytes to 600748...
Writing at 0x00000000... (2 %)
Writing at 0x0001161a... (5 %)
Writing at 0x0001e7ae... (8 %)
Writing at 0x0002a665... (10 %)
Writing at 0x00033d66... (13 %)
Writing at 0x0003cd09... (16 %)
Writing at 0x00042eba... (18 %)
Writing at 0x00048698... (21 %)
Writing at 0x0004e390... (24 %)
Writing at 0x00053ba7... (27 %)
Writing at 0x00058ebc... (29 %)
Writing at 0x0005e1aa... (32 %)
Writing at 0x00063fa9... (35 %)
Writing at 0x00069047... (37 %)
Writing at 0x0006e203... (40 %)
Writing at 0x000735d1... (43 %)
Writing at 0x000786df... (45 %)
Writing at 0x0007daaa... (48 %)
Writing at 0x00082fa3... (51 %)
Writing at 0x00088579... (54 %)
Writing at 0x0008dacf... (56 %)
Writing at 0x00092b95... (59 %)
Writing at 0x00097b92... (62 %)
Writing at 0x0009d08e... (64 %)
Writing at 0x000a2233... (67 %)
Writing at 0x000a7481... (70 %)
Writing at 0x000ac8c0... (72 %)
Writing at 0x000b20e5... (75 %)
Writing at 0x000b70a1... (78 %)
Writing at 0x000bc7f1... (81 %)
Writing at 0x000c1e0a... (83 %)
Writing at 0x000c9533... (86 %)
Writing at 0x000d07f9... (89 %)
Writing at 0x000d774a... (91 %)
Writing at 0x000dd0bc... (94 %)
Writing at 0x000e2b41... (97 %)
Writing at 0x000e8446... (100 %)
Wrote 966960 bytes (600748 compressed) at 0x00000000 in 13.8 seconds (effective 559.5 kbit/s)...
Hash of data verified.

Leaving...
Hard resetting via RTS pin...
Build:Mar 27 2021
rst:0x1 (POWERON),boot:0x8 (SPI_FAST_FLASH_BOOT)
SPIWP:0xee
mode:DIO, clock div:1
load:0x3fce2810,len:0x15a0
load:0x403c8700,len:0x4
load:0x403c8704,len:0xd20
load:0x403cb700,len:0x2f3c
entry 0x403c8928
I (27) boot: ESP-IDF v5.4 2nd stage bootloader
I (27) boot: compile time Jan 11 2025 06:16:57
I (27) boot: Multicore bootloader
I (27) boot: chip revision: v0.2
I (30) boot: efuse block revision: v1.3
I (33) boot.esp32s3: Boot SPI Speed : 80MHz
I (37) boot.esp32s3: SPI Mode       : DIO
I (41) boot.esp32s3: SPI Flash Size : 4MB
I (45) boot: Enabling RNG early entropy source...
I (49) boot: Partition Table:
I (52) boot: ## Label            Usage          Type ST Offset   Length
I (58) boot:  0 nvs              WiFi data        01 02 00009000 00006000
I (65) boot:  1 phy_init         RF data          01 01 0000f000 00001000
I (71) boot:  2 factory          factory app      00 00 00010000 00100000
I (78) boot: End of partition table
I (81) esp_image: segment 0: paddr=00010020 vaddr=3c0a0020 size=249ach (149932) map
I (115) esp_image: segment 1: paddr=000349d4 vaddr=3fc99200 size=04b44h ( 19268) load
I (119) esp_image: segment 2: paddr=00039520 vaddr=40374000 size=06af8h ( 27384) load
I (125) esp_image: segment 3: paddr=00040020 vaddr=42000020 size=9da00h (645632) map
I (240) esp_image: segment 4: paddr=000dda28 vaddr=4037aaf8 size=0e6b4h ( 59060) load
I (253) esp_image: segment 5: paddr=000ec0e4 vaddr=600fe100 size=0001ch (    28) load
I (262) boot: Loaded app from partition at offset 0x10000
I (262) boot: Disabling RNG early entropy source...
I (272) cpu_start: Multicore app
I (281) cpu_start: Pro cpu start user code
I (281) cpu_start: cpu freq: 160000000 Hz
I (281) app_init: Application information:
I (281) app_init: Project name:     test
I (284) app_init: App version:      1cc3ca4-dirty
I (289) app_init: Compile time:     Jan 11 2025 06:16:51
I (294) app_init: ELF file SHA256:  4805d94bc...
I (298) app_init: ESP-IDF:          v5.4
I (302) efuse_init: Min chip rev:     v0.0
I (306) efuse_init: Max chip rev:     v0.99 
I (310) efuse_init: Chip rev:         v0.2
I (314) heap_init: Initializing. RAM available for dynamic allocation:
I (320) heap_init: At 3FCA5080 len 00044690 (273 KiB): RAM
I (325) heap_init: At 3FCE9710 len 00005724 (21 KiB): RAM
I (330) heap_init: At 3FCF0000 len 00008000 (32 KiB): DRAM
I (335) heap_init: At 600FE11C len 00001ECC (7 KiB): RTCRAM
I (342) spi_flash: detected chip: gd
I (344) spi_flash: flash io: dio
W (347) spi_flash: Detected size(8192k) larger than the size in the binary image header(4096k). Using the size in the binary image header.
I (359) sleep_gpio: Configure to isolate all GPIO pins in sleep state
I (365) sleep_gpio: Enable automatic switching of GPIO sleep configuration
I (372) main_task: Started on CPU0
I (392) main_task: Calling app_main()
[5n
Type 'help' to get the list of commands.
Use UP/DOWN arrows to navigate through command history.
Press TAB when typing command name to auto-complete.

Your terminal application does not support escape sequences.

Line editing and history features are disabled.

On Windows, try using Putty instead.
esp32> W (902) hil_test: WiFi and Golioth credentials are not set. Use the shell settings commands to set them.

esp32> 
esp32> 
esp32> 
esp32> settings set wifi/ssid "***JONS_ORANGE_PI_WIFI_SSID***"
Setting wifi/ssid saved
esp32> 
esp32> 
esp32> 
esp32> 
esp32> 
esp32> settings set wifi/psk "***JONS_ORANGE_PI_WIFI_PSK***"
Setting wifi/psk saved
es::add-mask::generated-tLwfwSbUTtuxvKbl
p32> 
esp32> 
esp32> 
esp32> 
esp32> 
esp32> settings set golioth/psk-id "generated-tLwfwSbUTtuxvKbl@firmware_ci"
Setting golioth/psk-id saved
esp32> 
esp32> 
esp32> 
esp32> 
esp32> 
esp32> settings set golioth/psk "generated-tLwfwSbUTtuxvKbl"
Setting golioth/psk saved
esp32> 
esp32> I (15932) pp: pp rom version: e7ae62f
I (15932) net80211: net80211 rom version: e7ae62f
I (15952) wifi_init: rx ba win: 6
I (15952) wifi_init: accept mbox: 6
I (15952) wifi_init: tcpip mbox: 32
I (15952) wifi_init: udp mbox: 6
I (15952) wifi_init: tcp mbox: 6
I (15962) wifi_init: tcp tx win: 5760
I (15962) wifi_init: tcp rx win: 5760
I (15962) wifi_init: tcp mss: 1440
I (15962) wifi_init: WiFi IRAM OP enabled
I (15982) wifi_init: WiFi RX IRAM OP enabled
I (15982) phy_init: phy_version 680,a6008b2,Jun  4 2024,16:41:10
W (15982) phy_init: failed to load RF calibration data (0x1102), falling back to full calibration
W (16032) phy_init: saving new calibration data because of checksum failure, mode(2)
I (17602) esp_netif_handlers: sta ip: 192.168.8.168, mask: 255.255.255.0, gw: 192.168.8.1
I (17602) example_wifi: WiFi Connected. Got IP:192.168.8.168
I (17602) example_wifi: Connected to AP SSID: ***JONS_ORANGE_PI_WIFI_SSID***
I (17612) golioth_mbox: Mbox created, bufsize: 2520, num_items: 20, item_size: 120
I (17622) golioth_coap_client_libcoap: Start CoAP session with host: coaps://coap.golioth.io
I (17622) golioth_coap_client_libcoap: Session PSK-ID: generated-tLwfwSbUTtuxvKbl@firmware_ci
I (17642) libcoap: Setting PSK key

I (17652) golioth_coap_client_libcoap: Entering CoAP I/O loop
I (18062) golioth_coap_client_libcoap: Golioth CoAP client connected
I (18262) test_settings: Received test_string: foo
I (18262) test_settings: Received test_int: 1
I (18262) test_settings: Received test_int_range: 1
I (18272) test_settings: Received test_float: 1.230000
I (18282) test_settings: Received test_cancel: 0
I (18282) test_settings: Received test_restart: false
I (18282) test_settings: Received test_bool: false
I (18472) test_settings: Received test_float: 1.230000
I (18472) test_settings: Received test_cancel: 0
I (18472) test_settings: Received test_int: 1
I (18472) test_settings: Received test_string: foo
I (18482) test_settings: Received test_bool: false
I (18482) test_settings: Received test_int_range: 1
I (18482) test_settings: Received test_restart: false
E (18492) golioth_settings: Failed to send a response to server: 10
I (18672) test_settings: Received test_cancel: 0
I (18672) test_settings: Received test_restart: false
I (18672) test_settings: Received test_int: 1
I (18672) test_settings: Received test_bool: false
I (18692) test_settings: Received test_int_range: 1
I (18692) test_settings: Received test_float: 1.230000
I (18692) test_settings: Received test_string: foo
E (18702) golioth_settings: Failed to send a response to server: 10
I (18782) test_settings: Received test_cancel: 0
I (18782) test_settings: Received test_float: 1.230000
I (18782) test_settings: Received test_string: foo
I (18782) test_settings: Received test_int: 1
I (18792) test_settings: Received test_bool: false
I (18792) test_settings: Received test_int_range: 1
I (18802) test_settings: Received test_restart: false
E (18812) golioth_settings: Failed to send a response to server: 10
I (18932) test_settings: Received test_restart: false
I (18932) test_settings: Received test_float: 1.230000
I (18932) test_settings: Received test_string: foo
I (18932) test_settings: Received test_bool: false
I (18942) test_settings: Received test_cancel: 0
I (18952) test_settings: Received test_int: 1
I (18952) test_settings: Received test_int_range: 1
E (18962) golioth_settings: Failed to send a response to server: 10
I (19082) test_settings: Received test_bool: false
I (19082) test_settings: Received test_float: 1.230000
I (19082) test_settings: Received test_int_range: 1
I (19082) test_settings: Received test_restart: false
I (19102) test_settings: Received test_cancel: 0
I (19102) test_settings: Received test_int: 1
I (19102) test_settings: Received test_string: foo
E (19112) golioth_settings: Failed to send a response to server: 10
I (19292) test_settings: Received test_bool: false
I (19292) test_settings: Received test_float: 1.230000
I (19292) test_settings: Received test_int_range: 1
I (19292) test_settings: Received test_string: foo
I (19302) test_settings: Received test_cancel: 0
I (19302) test_settings: Received test_int: 1
I (19302) test_settings: Received test_restart: false
E (19312) golioth_settings: Failed to send a response to server: 10
I (19492) test_settings: Received test_cancel: 0
I (19492) test_settings: Received test_float: 1.230000
I (19492) test_settings: Received test_int: 1
I (19492) test_settings: Received test_int_range: 1
I (19512) test_settings: Received test_string: foo
I (19512) test_settings: Received test_restart: false
I (19512) test_settings: Received test_bool: false
E (19522) golioth_settings: Failed to send a response to server: 10
I (19702) test_settings: Received test_float: 1.230000
I (19702) test_settings: Received test_int: 42
I (19702) test_settings: