esptool.py v4.8.1
Serial port /dev/serial/by-id/usb-Silicon_Labs_CP2102N_USB_to_UART_Bridge_Controller_6a5ea5870128ee11b6e611d8f49e3369-if00-port0
Connecting....
Detecting chip type... ESP32-S3
Chip is ESP32-S3 (QFN56) (revision v0.2)
Features: WiFi, BLE, Embedded PSRAM 2MB (AP_3v3)
Crystal is 40MHz
MAC: dc:da:0c:61:9f:74
Uploading stub...
Running stub...
Stub running...
Changing baud rate to 460800
Changed.
Configuring flash size...
Erasing flash (this may take a while)...
Chip erase completed successfully in 1.9s
Compressed 1006992 bytes to 623114...
Writing at 0x00000000... (2 %)
Writing at 0x00011aee... (5 %)
Writing at 0x0001f3b8... (7 %)
Writing at 0x0002c184... (10 %)
Writing at 0x00032da1... (12 %)
Writing at 0x00037fd9... (15 %)
Writing at 0x00042072... (17 %)
Writing at 0x00047a9c... (20 %)
Writing at 0x0004d62f... (23 %)
Writing at 0x00052e95... (25 %)
Writing at 0x00058055... (28 %)
Writing at 0x0005d428... (30 %)
Writing at 0x00062e14... (33 %)
Writing at 0x000683db... (35 %)
Writing at 0x0006d53e... (38 %)
Writing at 0x000728e0... (41 %)
Writing at 0x00077c8c... (43 %)
Writing at 0x0007cecf... (46 %)
Writing at 0x00082297... (48 %)
Writing at 0x00087eff... (51 %)
Writing at 0x0008d4b3... (53 %)
Writing at 0x00092871... (56 %)
Writing at 0x0009777f... (58 %)
Writing at 0x0009cac8... (61 %)
Writing at 0x000a1e3d... (64 %)
Writing at 0x000a6ee0... (66 %)
Writing at 0x000ac22f... (69 %)
Writing at 0x000b1b8f... (71 %)
Writing at 0x000b6c1b... (74 %)
Writing at 0x000bc364... (76 %)
Writing at 0x000c178e... (79 %)
Writing at 0x000c924b... (82 %)
Writing at 0x000d07da... (84 %)
Writing at 0x000d812a... (87 %)
Writing at 0x000dd7aa... (89 %)
Writing at 0x000e4a6f... (92 %)
Writing at 0x000ea512... (94 %)
Writing at 0x000f03e1... (97 %)
Writing at 0x000f5aef... (100 %)
Wrote 1006992 bytes (623114 compressed) at 0x00000000 in 14.4 seconds (effective 558.5 kbit/s)...
Hash of data verified.

Leaving...
Hard resetting via RTS pin...
P]ZMar 27 2021
rst:0x1 (POWERON),boot:0x8 (SPI_FAST_FLASH_BOOT)
SPIWP:0xee
mode:DIO, clock div:1
load:0x3fce2810,len:0x178c
load:0x403c8700,len:0x4
load:0x403c8704,len:0xcb8
load:0x403cb700,len:0x2df4
entry 0x403c8914
[0;32mI (27) boot: ESP-IDF v5.3 2nd stage bootloader[0m
[0;32mI (27) boot: compile time Nov 21 2024 21:15:45[0m
[0;32mI (27) boot: Multicore bootloader[0m
[0;32mI (30) boot: chip revision: v0.2[0m
[0;32mI (34) boot.esp32s3: Boot SPI Speed : 80MHz[0m
[0;32mI (38) boot.esp32s3: SPI Mode       : DIO[0m
[0;32mI (43) boot.esp32s3: SPI Flash Size : 4MB[0m
[0;32mI (48) boot: Enabling RNG early entropy source...[0m
[0;32mI (53) boot: Partition Table:[0m
[0;32mI (57) boot: ## Label            Usage          Type ST Offset   Length[0m
[0;32mI (64) boot:  0 nvs              WiFi data        01 02 00009000 00004000[0m
[0;32mI (71) boot:  1 otadata          OTA data         01 00 0000d000 00002000[0m
[0;32mI (79) boot:  2 phy_init         RF data          01 01 0000f000 00001000[0m
[0;32mI (86) boot:  3 ota_0            OTA app          00 10 00010000 00190000[0m
[0;32mI (94) boot:  4 ota_1            OTA app          00 11 001a0000 00190000[0m
[0;32mI (101) boot: End of partition table[0m
[0;32mI (106) boot: No factory image, trying OTA 0[0m
[0;32mI (111) esp_image: segment 0: paddr=00010020 vaddr=3c0a0020 size=2dba8h (187304) map[0m
[0;32mI (153) esp_image: segment 1: paddr=0003dbd0 vaddr=3fc98800 size=02448h (  9288) load[0m
[0;32mI (155) esp_image: segment 2: paddr=00040020 vaddr=42000020 size=9ef34h (651060) map[0m
[0;32mI (275) esp_image: segment 3: paddr=000def5c vaddr=3fc9ac48 size=02630h (  9776) load[0m
[0;32mI (278) esp_image: segment 4: paddr=000e1594 vaddr=40374000 size=147d0h ( 83920) load[0m
[0;32mI (308) boot: Loaded app from partition at offset 0x10000[0m
[0;32mI (337) boot: Set actual ota_seq=1 in otadata[0][0m
[0;32mI (337) boot: Disabling RNG early entropy source...[0m
[0;32mI (348) cpu_start: Multicore app[0m
[0;32mI (357) cpu_start: Pro cpu start user code[0m
[0;32mI (357) cpu_start: cpu freq: 160000000 Hz[0m
[0;32mI (357) app_init: Application information:[0m
[0;32mI (360) app_init: Project name:     fw_update[0m
[0;32mI (365) app_init: App version:      2453d80-dirty[0m
[0;32mI (370) app_init: Compile time:     Nov 21 2024 21:15:39[0m
[0;32mI (376) app_init: ELF file SHA256:  90f324cd3...[0m
[0;32mI (382) app_init: ESP-IDF:          v5.3[0m
[0;32mI (386) efuse_init: Min chip rev:     v0.0[0m
[0;32mI (391) efuse_init: Max chip rev:     v0.99 [0m
[0;32mI (396) efuse_init: Chip rev:         v0.2[0m
[0;32mI (401) heap_init: Initializing. RAM available for dynamic allocation:[0m
[0;32mI (408) heap_init: At 3FCA4B00 len 00044C10 (275 KiB): RAM[0m
[0;32mI (414) heap_init: At 3FCE9710 len 00005724 (21 KiB): RAM[0m
[0;32mI (420) heap_init: At 3FCF0000 len 00008000 (32 KiB): DRAM[0m
[0;32mI (426) heap_init: At 600FE100 len 00001EE8 (7 KiB): RTCRAM[0m
[0;32mI (433) spi_flash: detected chip: gd[0m
[0;32mI (437) spi_flash: flash io: dio[0m
[0;33mW (441) spi_flash: Detected size(8192k) larger than the size in the binary image header(4096k). Using the size in the binary image header.[0m
[0;32mI (454) sleep: Configure to isolate all GPIO pins in sleep state[0m
[0;32mI (461) sleep: Enable automatic switching of GPIO sleep configuration[0m
[0;32mI (468) main_task: Started on CPU0[0m
[0;32mI (488) main_task: Calling app_main()[0m
[0;32mI (488) fw_update: Start FW Update sample.[0m
[5n
Type 'help' to get the list of commands.
Use UP/DOWN arrows to navigate through command history.
Press TAB when typing command name to auto-complete.

Your terminal application does not support escape sequences.

Line editing and history features are disabled.

On Windows, try using Putty instead.
esp32> [0;33mW (998) fw_update: WiFi credentials are not set. Use the shell settings commands to set them.[0m

esp32> 
esp32> 
esp32> 
esp32> settings set wifi/ssid "***JONS_ORANGE_PI_WIFI_SSID***"
Setting wifi/ssid saved
esp32> 
esp32> 
esp32> 
esp32> 
esp32> 
esp32> settings set wifi/psk "***JONS_ORANGE_PI_WIFI_PSK***"
Setting wifi/psk saved
es::add-mask::generated-wwMPMuRgshwryYCb
p32> 
esp32> 
esp32> 
esp32> 
esp32> 
esp32> settings set golioth/psk-id "generated-wwMPMuRgshwryYCb@firmware_ci"
Setting golioth/psk-id saved
esp32> 
esp32> 
esp32> 
esp32> 
esp32> 
esp32> settings set golioth/psk "generated-wwMPMuRgshwryYCb"
Setting golioth/psk saved
esp32> 
esp32> [0;32mI (21028) pp: pp rom version: e7ae62f[0m
[0;32mI (21028) net80211: net80211 rom version: e7ae62f[0m
[0;32mI (21048) wifi_init: rx ba win: 6[0m
[0;32mI (21048) wifi_init: accept mbox: 6[0m
[0;32mI (21048) wifi_init: tcpip mbox: 32[0m
[0;32mI (21048) wifi_init: udp mbox: 6[0m
[0;32mI (21058) wifi_init: tcp mbox: 6[0m
[0;32mI (21058) wifi_init: tcp tx win: 5760[0m
[0;32mI (21058) wifi_init: tcp rx win: 5760[0m
[0;32mI (21078) wifi_init: tcp mss: 1440[0m
[0;32mI (21078) wifi_init: WiFi IRAM OP enabled[0m
[0;32mI (21078) wifi_init: WiFi RX IRAM OP enabled[0m
[0;32mI (21088) phy_init: phy_version 680,a6008b2,Jun  4 2024,16:41:10[0m
[0;33mW (21088) phy_init: failed to load RF calibration data (0x1102), falling back to full calibration[0m
[0;33mW (21128) phy_init: saving new calibration data because of checksum failure, mode(2)[0m
[0;32mI (22728) esp_netif_handlers: sta ip: 192.168.8.168, mask: 255.255.255.0, gw: 192.168.8.1[0m
[0;32mI (22728) example_wifi: WiFi Connected. Got IP:192.168.8.168[0m
[0;32mI (22738) example_wifi: Connected to AP SSID: ***JONS_ORANGE_PI_WIFI_SSID***[0m
[0;32mI (22738) golioth_mbox: Mbox created, bufsize: 2520, num_items: 20, item_size: 120[0m
[0;33mW (22758) fw_update: Waiting for connection to Golioth...[0m
[0;32mI (22758) golioth_coap_client_libcoap: Start CoAP session with host: coaps://coap.golioth.io[0m
[0;32mI (22758) golioth_coap_client_libcoap: Session PSK-ID: generated-wwMPMuRgshwryYCb@firmware_ci[0m
[0;32mI (22778) libcoap: Setting PSK key
[0m
[0;32mI (22778) golioth_coap_client_libcoap: Entering CoAP I/O loop[0m
[0;32mI (23818) golioth_coap_client_libcoap: Golioth CoAP client connected[0m
[0;32mI (23818) fw_update: Golioth client connected[0m
[0;33mW (23828) fw_update: Current FW Version: 1.2.3[0m
[0;32mI (23828) golioth_fw_update: Current firmware version: main - 1.2.3[0m
[0;32mI (23838) main_task: Returned from app_main()[0m
[0;32mI (25458) golioth_fw_update: Waiting to receive OTA manifest[0m
[0;32mI (25668) golioth_fw_update: Received OTA manifest[0m
[0;32mI (25668) golioth_fw_update: Manifest does not contain different firmware version. Nothing to do.[0m
[0;32mI (25678) golioth_fw_update: Waiting to receive OTA manifest[0m
[0;32mI (27278) golioth_fw_update: Received OTA manifest[0m
[0;32mI (27278) golioth_fw_update: Current version = 1.2.3, Target version = 255.8.9[0m
[0;32mI (27278) golioth_fw_update: State = Downloading[0m
[0;31mE (28528) golioth_fw_update: Firmware download failed[0m
[0;32mI (28538) golioth_fw_update: State = Idle[0m
[0;32mI (29148) golioth_fw_update: Waiting to receive OTA manifest[0m
