esptool.py v4.8.1
Serial port /dev/serial/by-id/usb-Silicon_Labs_CP2102N_USB_to_UART_Bridge_Controller_08bd8600facfec119c501d2686bdcd52-if00-port0
Connecting....
Detecting chip type... ESP32-S3
Chip is ESP32-S3 (QFN56) (revision v0.1)
Features: WiFi, BLE, Embedded PSRAM 8MB (AP_3v3)
Crystal is 40MHz
MAC: 34:85:18:6d:04:5c
Uploading stub...
Running stub...
Stub running...
Changing baud rate to 460800
Changed.
Configuring flash size...
Erasing flash (this may take a while)...
Chip erase completed successfully in 0.6s
Compressed 986608 bytes to 612239...
Writing at 0x00000000... (2 %)
Writing at 0x00011bf3... (5 %)
Writing at 0x0001f03c... (7 %)
Writing at 0x0002b522... (10 %)
Writing at 0x00031a99... (13 %)
Writing at 0x000371ac... (15 %)
Writing at 0x00041dfa... (18 %)
Writing at 0x00047791... (21 %)
Writing at 0x0004d327... (23 %)
Writing at 0x000528a5... (26 %)
Writing at 0x00057ae0... (28 %)
Writing at 0x0005cfe8... (31 %)
Writing at 0x00062c3b... (34 %)
Writing at 0x00067d16... (36 %)
Writing at 0x0006d13c... (39 %)
Writing at 0x0007235b... (42 %)
Writing at 0x00077621... (44 %)
Writing at 0x0007c758... (47 %)
Writing at 0x00081ef7... (50 %)
Writing at 0x0008794d... (52 %)
Writing at 0x0008cfce... (55 %)
Writing at 0x00091f2c... (57 %)
Writing at 0x00097015... (60 %)
Writing at 0x0009c530... (63 %)
Writing at 0x000a167e... (65 %)
Writing at 0x000a6828... (68 %)
Writing at 0x000ac218... (71 %)
Writing at 0x000b13f3... (73 %)
Writing at 0x000b686c... (76 %)
Writing at 0x000bbb17... (78 %)
Writing at 0x000c2853... (81 %)
Writing at 0x000c8a29... (84 %)
Writing at 0x000d1ce4... (86 %)
Writing at 0x000d7c0d... (89 %)
Writing at 0x000ddcb9... (92 %)
Writing at 0x000e3948... (94 %)
Writing at 0x000e94c8... (97 %)
Writing at 0x000ee8e4... (100 %)
Wrote 986608 bytes (612239 compressed) at 0x00000000 in 14.2 seconds (effective 557.4 kbit/s)...
Hash of data verified.

Leaving...
Hard resetting via RTS pin...
ESP-ROM:esp32s3-20210327
Build:Mar 27 2021
rst:0x1 (POWERON),boot:0x8 (SPI_FAST_FLASH_BOOT)
SPIWP:0xee
mode:DIO, clock div:1
load:0x3fce2810,len:0x178c
load:0x403c8700,len:0x4
load:0x403c8704,len:0xcb8
load:0x403cb700,len:0x2db0
entry 0x403c8914
[0;32mI (27) boot: ESP-IDF v5.3 2nd stage bootloader[0m
[0;32mI (27) boot: compile time Nov 21 2024 21:17:07[0m
[0;32mI (27) boot: Multicore bootloader[0m
[0;32mI (30) boot: chip revision: v0.1[0m
[0;32mI (34) boot.esp32s3: Boot SPI Speed : 80MHz[0m
[0;32mI (38) boot.esp32s3: SPI Mode       : DIO[0m
[0;32mI (43) boot.esp32s3: SPI Flash Size : 2MB[0m
[0;32mI (48) boot: Enabling RNG early entropy source...[0m
[0;32mI (53) boot: Partition Table:[0m
[0;32mI (57) boot: ## Label            Usage          Type ST Offset   Length[0m
[0;32mI (64) boot:  0 nvs              WiFi data        01 02 00009000 00006000[0m
[0;32mI (71) boot:  1 phy_init         RF data          01 01 0000f000 00001000[0m
[0;32mI (79) boot:  2 factory          factory app      00 00 00010000 00100000[0m
[0;32mI (86) boot: End of partition table[0m
[0;32mI (91) esp_image: segment 0: paddr=00010020 vaddr=3c0a0020 size=2bf60h (180064) map[0m
[0;32mI (131) esp_image: segment 1: paddr=0003bf88 vaddr=3fc98800 size=04090h ( 16528) load[0m
[0;32mI (135) esp_image: segment 2: paddr=00040020 vaddr=42000020 size=9bc4ch (638028) map[0m
[0;32mI (252) esp_image: segment 3: paddr=000dbc74 vaddr=3fc9c890 size=009e8h (  2536) load[0m
[0;32mI (252) esp_image: segment 4: paddr=000dc664 vaddr=40374000 size=14760h ( 83808) load[0m
[0;32mI (284) boot: Loaded app from partition at offset 0x10000[0m
[0;32mI (284) boot: Disabling RNG early entropy source...[0m
[0;32mI (296) cpu_start: Multicore app[0m
[0;32mI (305) cpu_start: Pro cpu start user code[0m
[0;32mI (305) cpu_start: cpu freq: 160000000 Hz[0m
[0;32mI (305) app_init: Application information:[0m
[0;32mI (308) app_init: Project name:     hello[0m
[0;32mI (313) app_init: App version:      2453d80-dirty[0m
[0;32mI (318) app_init: Compile time:     Nov 21 2024 21:17:01[0m
[0;32mI (324) app_init: ELF file SHA256:  b563d6a70...[0m
[0;32mI (330) app_init: ESP-IDF:          v5.3[0m
[0;32mI (334) efuse_init: Min chip rev:     v0.0[0m
[0;32mI (339) efuse_init: Max chip rev:     v0.99 [0m
[0;32mI (344) efuse_init: Chip rev:         v0.1[0m
[0;32mI (349) heap_init: Initializing. RAM available for dynamic allocation:[0m
[0;32mI (356) heap_init: At 3FCA4A28 len 00044CE8 (275 KiB): RAM[0m
[0;32mI (362) heap_init: At 3FCE9710 len 00005724 (21 KiB): RAM[0m
[0;32mI (368) heap_init: At 3FCF0000 len 00008000 (32 KiB): DRAM[0m
[0;32mI (374) heap_init: At 600FE100 len 00001EE8 (7 KiB): RTCRAM[0m
[0;32mI (382) spi_flash: detected chip: gd[0m
[0;32mI (385) spi_flash: flash io: dio[0m
[0;33mW (389) spi_flash: Detected size(8192k) larger than the size in the binary image header(2048k). Using the size in the binary image header.[0m
[0;32mI (402) sleep: Configure to isolate all GPIO pins in sleep state[0m
[0;32mI (409) sleep: Enable automatic switching of GPIO sleep configuration[0m
[0;32mI (416) main_task: Started on CPU0[0m
[0;32mI (436) main_task: Calling app_main()[0m
[5n
Type 'help' to get the list of commands.
Use UP/DOWN arrows to navigate through command history.
Press TAB when typing command name to auto-complete.

Your terminal application does not support escape sequences.

Line editing and history features are disabled.

On Windows, try using Putty instead.
esp32> [0;33mW (946) hello: WiFi credentials are not set. Use the shell settings commands to set them.[0m

esp32> 
esp32> 
esp32> 
esp32> settings set wifi/ssid "***MIKES_ORANGE_PI_WIFI_SSID***"
Setting wifi/ssid saved
esp32> 
esp32> 
esp32> 
esp32> 
esp32> 
esp32> settings set wifi/psk "***MIKES_ORANGE_PI_WIFI_PSK***"
Setting wifi/psk saved
esp32> 
es::add-mask::generated-ENTcFzvAxsyuGIFA
p32> 
esp32> 
esp32> 
esp32> 
esp32> settings set golioth/psk-id "generated-ENTcFzvAxsyuGIFA@firmware_ci"
Setting golioth/psk-id saved
esp32> 
esp32> 
esp32> 
esp32> 
esp32> 
esp32> settings set golioth/psk "generated-ENTcFzvAxsyuGIFA"
Setting golioth/psk saved
esp32> 
esp32> [0;32mI (7976) pp: pp rom version: e7ae62f[0m
[0;32mI (7976) net80211: net80211 rom version: e7ae62f[0m
[0;32mI (7996) wifi_init: rx ba win: 6[0m
[0;32mI (7996) wifi_init: accept mbox: 6[0m
[0;32mI (7996) wifi_init: tcpip mbox: 32[0m
[0;32mI (7996) wifi_init: udp mbox: 6[0m
[0;32mI (8006) wifi_init: tcp mbox: 6[0m
[0;32mI (8006) wifi_init: tcp tx win: 5760[0m
[0;32mI (8006) wifi_init: tcp rx win: 5760[0m
[0;32mI (8016) wifi_init: tcp mss: 1440[0m
[0;32mI (8026) wifi_init: WiFi IRAM OP enabled[0m
[0;32mI (8026) wifi_init: WiFi RX IRAM OP enabled[0m
[0;32mI (8036) phy_init: phy_version 680,a6008b2,Jun  4 2024,16:41:10[0m
[0;33mW (8036) phy_init: failed to load RF calibration data (0x1102), falling back to full calibration[0m
[0;33mW (8076) phy_init: saving new calibration data because of checksum failure, mode(2)[0m
[0;32mI (9646) esp_netif_handlers: sta ip: 192.168.8.234, mask: 255.255.255.0, gw: 192.168.8.1[0m
[0;32mI (9646) example_wifi: WiFi Connected. Got IP:192.168.8.234[0m
[0;32mI (9656) example_wifi: Connected to AP SSID: ***MIKES_ORANGE_PI_WIFI_SSID***[0m
[0;32mI (9656) golioth_mbox: Mbox created, bufsize: 2520, num_items: 20, item_size: 120[0m
[0;33mW (9676) hello: Waiting for connection to Golioth...[0m
[0;32mI (9676) golioth_coap_client_libcoap: Start CoAP session with host: coaps://coap.golioth.io[0m
[0;32mI (9676) golioth_coap_client_libcoap: Session PSK-ID: generated-ENTcFzvAxsyuGIFA@firmware_ci[0m
[0;32mI (9696) libcoap: Setting PSK key
[0m
[0;32mI (9696) golioth_coap_client_libcoap: Entering CoAP I/O loop[0m
[0;32mI (10026) golioth_coap_client_libcoap: Golioth CoAP client connected[0m
[0;32mI (10026) hello: Golioth client connected[0m
[0;32mI (10026) hello: Sending hello! 0[0m
[0;32mI (15026) hello: Sending hello! 1[0m
[0;32mI (20026) hello: Sending hello! 2[0m
[0;32mI (25026) hello: Sending hello! 3[0m
