esptool.py v4.8.1
Serial port /dev/serial/by-id/usb-Silicon_Labs_CP2102N_USB_to_UART_Bridge_Controller_18a5eb8de0faeb11a1553ea4c6d924ec-if00-port0
Connecting....
Detecting chip type... ESP32-C3
Chip is ESP32-C3 (QFN32) (revision v0.3)
Features: WiFi, BLE
Crystal is 40MHz
MAC: 7c:df:a1:da:77:ac
Uploading stub...
Running stub...
Stub running...
Changing baud rate to 460800
Changed.
Configuring flash size...
Erasing flash (this may take a while)...
Chip erase completed successfully in 10.5s
Compressed 1058192 bytes to 620511...
Writing at 0x00000000... (2 %)
Writing at 0x00011ff9... (5 %)
Writing at 0x0001f54c... (7 %)
Writing at 0x0002c5ad... (10 %)
Writing at 0x0003326b... (13 %)
Writing at 0x00038301... (15 %)
Writing at 0x000415d7... (18 %)
Writing at 0x000477c0... (21 %)
Writing at 0x0004dcd4... (23 %)
Writing at 0x000542f8... (26 %)
Writing at 0x00059ca5... (28 %)
Writing at 0x0005f931... (31 %)
Writing at 0x00066297... (34 %)
Writing at 0x0006c268... (36 %)
Writing at 0x000720c2... (39 %)
Writing at 0x00078530... (42 %)
Writing at 0x0007e208... (44 %)
Writing at 0x000840d8... (47 %)
Writing at 0x0008980b... (50 %)
Writing at 0x0008f0a4... (52 %)
Writing at 0x0009585c... (55 %)
Writing at 0x0009b25b... (57 %)
Writing at 0x000a0d68... (60 %)
Writing at 0x000a67e4... (63 %)
Writing at 0x000aca77... (65 %)
Writing at 0x000b2f56... (68 %)
Writing at 0x000b8fd3... (71 %)
Writing at 0x000bf0da... (73 %)
Writing at 0x000c4f45... (76 %)
Writing at 0x000ca666... (78 %)
Writing at 0x000d0426... (81 %)
Writing at 0x000d60ae... (84 %)
Writing at 0x000dd057... (86 %)
Writing at 0x000e359a... (89 %)
Writing at 0x000ea50a... (92 %)
Writing at 0x000f0e2a... (94 %)
Writing at 0x000f6cbe... (97 %)
Writing at 0x000fd2d6... (100 %)
Wrote 1058192 bytes (620511 compressed) at 0x00000000 in 17.4 seconds (effective 487.8 kbit/s)...
Hash of data verified.

Leaving...
Hard resetting via RTS pin...
ESP-ROM:esp32c3-api1-20210207
Build:Feb  7 2021
rst:0x1 (POWERON),boot:0xc (SPI_FAST_FLASH_BOOT)
SPIWP:0xee
mode:DIO, clock div:1
load:0x3fcd5820,len:0x1738
load:0x403cc710,len:0xb9c
load:0x403ce710,len:0x2ec8
entry 0x403cc71a
[0;32mI (30) boot: ESP-IDF v5.3 2nd stage bootloader[0m
[0;32mI (30) boot: compile time Nov 21 2024 21:15:01[0m
[0;32mI (30) boot: chip revision: v0.3[0m
[0;32mI (33) boot.esp32c3: SPI Speed      : 80MHz[0m
[0;32mI (38) boot.esp32c3: SPI Mode       : DIO[0m
[0;32mI (43) boot.esp32c3: SPI Flash Size : 4MB[0m
[0;32mI (47) boot: Enabling RNG early entropy source...[0m
[0;32mI (53) boot: Partition Table:[0m
[0;32mI (56) boot: ## Label            Usage          Type ST Offset   Length[0m
[0;32mI (64) boot:  0 nvs              WiFi data        01 02 00009000 00004000[0m
[0;32mI (71) boot:  1 otadata          OTA data         01 00 0000d000 00002000[0m
[0;32mI (78) boot:  2 phy_init         RF data          01 01 0000f000 00001000[0m
[0;32mI (86) boot:  3 ota_0            OTA app          00 10 00010000 00190000[0m
[0;32mI (93) boot:  4 ota_1            OTA app          00 11 001a0000 00190000[0m
[0;32mI (101) boot: End of partition table[0m
[0;32mI (105) boot: No factory image, trying OTA 0[0m
[0;32mI (110) esp_image: segment 0: paddr=00010020 vaddr=3c0b0020 size=2e7ach (190380) map[0m
[0;32mI (148) esp_image: segment 1: paddr=0003e7d4 vaddr=3fc92800 size=01844h (  6212) load[0m
[0;32mI (150) esp_image: segment 2: paddr=00040020 vaddr=42000020 size=ae5dch (714204) map[0m
[0;32mI (266) esp_image: segment 3: paddr=000ee604 vaddr=3fc94044 size=01784h (  6020) load[0m
[0;32mI (267) esp_image: segment 4: paddr=000efd90 vaddr=40380000 size=127d0h ( 75728) load[0m
[0;32mI (291) boot: Loaded app from partition at offset 0x10000[0m
[0;32mI (356) boot: Set actual ota_seq=1 in otadata[0][0m
[0;32mI (356) boot: Disabling RNG early entropy source...[0m
[0;32mI (367) cpu_start: Unicore app[0m
[0;32mI (376) cpu_start: Pro cpu start user code[0m
[0;32mI (376) cpu_start: cpu freq: 160000000 Hz[0m
[0;32mI (376) app_init: Application information:[0m
[0;32mI (379) app_init: Project name:     fw_update[0m
[0;32mI (384) app_init: App version:      2453d80-dirty[0m
[0;32mI (389) app_init: Compile time:     Nov 21 2024 21:14:56[0m
[0;32mI (395) app_init: ELF file SHA256:  1d23971bd...[0m
[0;32mI (400) app_init: ESP-IDF:          v5.3[0m
[0;32mI (405) efuse_init: Min chip rev:     v0.3[0m
[0;32mI (410) efuse_init: Max chip rev:     v1.99 [0m
[0;32mI (415) efuse_init: Chip rev:         v0.3[0m
[0;32mI (419) heap_init: Initializing. RAM available for dynamic allocation:[0m
[0;32mI (427) heap_init: At 3FC9D6C0 len 00022940 (138 KiB): RAM[0m
[0;32mI (433) heap_init: At 3FCC0000 len 0001C710 (113 KiB): Retention RAM[0m
[0;32mI (440) heap_init: At 3FCDC710 len 00002950 (10 KiB): Retention RAM[0m
[0;32mI (447) heap_init: At 50000200 len 00001DE8 (7 KiB): RTCRAM[0m
[0;32mI (454) spi_flash: detected chip: generic[0m
[0;32mI (458) spi_flash: flash io: dio[0m
[0;32mI (462) sleep: Configure to isolate all GPIO pins in sleep state[0m
[0;32mI (468) sleep: Enable automatic switching of GPIO sleep configuration[0m
[0;32mI (476) main_task: Started on CPU0[0m
[0;32mI (496) main_task: Calling app_main()[0m
[0;32mI (496) fw_update: Start FW Update sample.[0m
[5n
Type 'help' to get the list of commands.
Use UP/DOWN arrows to navigate through command history.
Press TAB when typing command name to auto-complete.

Your terminal application does not support escape sequences.

Line editing and history features are disabled.

On Windows, try using Putty instead.
esp32> [0;33mW (1006) fw_update: WiFi credentials are not set. Use the shell settings commands to set them.[0m

esp32> 
esp32> 
esp32> 
esp32> settings set wifi/ssid "***MIKES_ORANGE_PI_WIFI_SSID***"
Setting wifi/ssid saved
esp32> 
esp32> 
esp32> 
esp32> 
esp32> 
esp32> settings set wifi/psk "***MIKES_ORANGE_PI_WIFI_PSK***"
Setting wifi/psk saved
esp32> 
esp32> ::add-mask::generated-VUGksBxZpAvurASQ

esp32> 
esp32> 
esp32> 
esp32> settings set golioth/psk-id "generated-VUGksBxZpAvurASQ@firmware_ci"
Setting golioth/psk-id saved
esp32> 
esp32> 
esp32> 
esp32> 
esp32> 
esp32> settings set golioth/psk "generated-VUGksBxZpAvurASQ"
Setting golioth/psk saved
esp32> 
esp32> [0;32mI (21026) pp: pp rom version: 9387209[0m
[0;32mI (21026) net80211: net80211 rom version: 9387209[0m
[0;32mI (21046) wifi_init: rx ba win: 6[0m
[0;32mI (21046) wifi_init: accept mbox: 6[0m
[0;32mI (21046) wifi_init: tcpip mbox: 32[0m
[0;32mI (21046) wifi_init: udp mbox: 6[0m
[0;32mI (21056) wifi_init: tcp mbox: 6[0m
[0;32mI (21056) wifi_init: tcp tx win: 5760[0m
[0;32mI (21066) wifi_init: tcp rx win: 5760[0m
[0;32mI (21066) wifi_init: tcp mss: 1440[0m
[0;32mI (21066) wifi_init: WiFi IRAM OP enabled[0m
[0;32mI (21076) wifi_init: WiFi RX IRAM OP enabled[0m
[0;32mI (21076) phy_init: phy_version 1180,01f2a49,Jun  4 2024,16:34:25[0m
[0;33mW (21096) phy_init: failed to load RF calibration data (0x1102), falling back to full calibration[0m
[0;33mW (21136) phy_init: saving new calibration data because of checksum failure, mode(2)[0m
[0;32mI (22526) esp_netif_handlers: sta ip: 192.168.8.119, mask: 255.255.255.0, gw: 192.168.8.1[0m
[0;32mI (22526) example_wifi: WiFi Connected. Got IP:192.168.8.119[0m
[0;32mI (22536) example_wifi: Connected to AP SSID: ***MIKES_ORANGE_PI_WIFI_SSID***[0m
[0;32mI (22536) golioth_mbox: Mbox created, bufsize: 2520, num_items: 20, item_size: 120[0m
[0;33mW (22546) fw_update: Waiting for connection to Golioth...[0m
[0;32mI (22556) golioth_coap_client_libcoap: Start CoAP session with host: coaps://coap.golioth.io[0m
[0;32mI (22566) golioth_coap_client_libcoap: Session PSK-ID: generated-VUGksBxZpAvurASQ@firmware_ci[0m
[0;32mI (22576) libcoap: Setting PSK key
[0m
[0;32mI (22586) golioth_coap_client_libcoap: Entering CoAP I/O loop[0m
[0;32mI (22956) golioth_coap_client_libcoap: Golioth CoAP client connected[0m
[0;32mI (22966) fw_update: Golioth client connected[0m
[0;33mW (22966) fw_update: Current FW Version: 1.2.3[0m
[0;32mI (22976) golioth_fw_update: Current firmware version: main - 1.2.3[0m
[0;32mI (22976) main_task: Returned from app_main()[0m
[0;32mI (23426) golioth_fw_update: Waiting to receive OTA manifest[0m
[0;32mI (23536) golioth_fw_update: Received OTA manifest[0m
[0;32mI (23536) golioth_fw_update: Manifest does not contain different firmware version. Nothing to do.[0m
[0;32mI (23546) golioth_fw_update: Waiting to receive OTA manifest[0m
[0;32mI (24736) golioth_fw_update: Received OTA manifest[0m
[0;32mI (24736) golioth_fw_update: Current version = 1.2.3, Target version = 255.8.9[0m
[0;32mI (24736) golioth_fw_update: State = Downloading[0m
[0;31mE (25376) golioth_fw_update: Firmware download failed[0m
[0;32mI (25376) golioth_fw_update: State = Idle[0m
[0;32mI (25626) golioth_fw_update: Waiting to receive OTA manifest[0m
