esptool.py v4.8.1
Serial port /dev/serial/by-id/usb-Silicon_Labs_CP2102N_USB_to_UART_Bridge_Controller_4ea3e6704b5fec1187ca2c5f25bfaa52-if00-port0
Connecting.....
Detecting chip type... Unsupported detection protocol, switching and trying again...
Connecting......
Detecting chip type... ESP32
Chip is ESP32-D0WD-V3 (revision v3.0)
Features: WiFi, BT, Dual Core, 240MHz, VRef calibration in efuse, Coding Scheme None
Crystal is 40MHz
MAC: 90:38:0c:eb:0a:28
Uploading stub...
Running stub...
Stub running...
Changing baud rate to 460800
Changed.
Configuring flash size...
Erasing flash (this may take a while)...
Chip erase completed successfully in 20.5s
Compressed 972432 bytes to 611210...
Writing at 0x00000000... (2 %)
Writing at 0x000074bf... (5 %)
Writing at 0x0001c117... (7 %)
Writing at 0x00028cfd... (10 %)
Writing at 0x00031617... (13 %)
Writing at 0x0003afee... (15 %)
Writing at 0x00040645... (18 %)
Writing at 0x00045f99... (21 %)
Writing at 0x0004b74f... (23 %)
Writing at 0x00050b70... (26 %)
Writing at 0x00055d3c... (28 %)
Writing at 0x0005b1de... (31 %)
Writing at 0x000608c1... (34 %)
Writing at 0x000659bf... (36 %)
Writing at 0x0006ad1c... (39 %)
Writing at 0x0006feb8... (42 %)
Writing at 0x000751c5... (44 %)
Writing at 0x0007a2e6... (47 %)
Writing at 0x0007f991... (50 %)
Writing at 0x00085180... (52 %)
Writing at 0x0008ace1... (55 %)
Writing at 0x0008ff2f... (57 %)
Writing at 0x00095167... (60 %)
Writing at 0x0009a874... (63 %)
Writing at 0x0009ff48... (65 %)
Writing at 0x000a525a... (68 %)
Writing at 0x000aaa01... (71 %)
Writing at 0x000b0326... (73 %)
Writing at 0x000b5405... (76 %)
Writing at 0x000ba931... (78 %)
Writing at 0x000c02d1... (81 %)
Writing at 0x000c7951... (84 %)
Writing at 0x000ce05e... (86 %)
Writing at 0x000d5863... (89 %)
Writing at 0x000daff8... (92 %)
Writing at 0x000e0b11... (94 %)
Writing at 0x000e678a... (97 %)
Writing at 0x000eb9ec... (100 %)
Wrote 972432 bytes (611210 compressed) at 0x00000000 in 15.3 seconds (effective 509.7 kbit/s)...
Hash of data verified.

Leaving...
Hard resetting via RTS pin...
xxxxxxxxxx Ò’Ò¢j

rst:0x1 (POWERON_RESET),boot:0x13 (SPI_FAST_FLASH_BOOT)
configsip: 0, SPIWP:0xee
clk_drv:0x00,q_drv:0x00,d_drv:0x00,cs0_drv:0x00,hd_drv:0x00,wp_drv:0x00
mode:DIO, clock div:2
load:0x3fff0030,len:6276
load:0x40078000,len:15716
load:0x40080400,len:4
ho 8 tail 4 room 4
load:0x40080404,len:3860
entry 0x4008063c
I (31) boot: ESP-IDF v5.4 2nd stage bootloader
I (31) boot: compile time Jan 21 2025 19:20:07
I (31) boot: Multicore bootloader
I (32) boot: chip revision: v3.0
I (35) boot.esp32: SPI Speed      : 40MHz
I (39) boot.esp32: SPI Mode       : DIO
I (42) boot.esp32: SPI Flash Size : 2MB
I (46) boot: Enabling RNG early entropy source...
I (50) boot: Partition Table:
I (53) boot: ## Label            Usage          Type ST Offset   Length
I (59) boot:  0 nvs              WiFi data        01 02 00009000 00006000
I (66) boot:  1 phy_init         RF data          01 01 0000f000 00001000
I (72) boot:  2 factory          factory app      00 00 00010000 00100000
I (79) boot: End of partition table
I (82) esp_image: segment 0: paddr=00010020 vaddr=3f400020 size=24608h (149000) map
I (141) esp_image: segment 1: paddr=00034630 vaddr=3ff80000 size=0001ch (    28) load
I (141) esp_image: segment 2: paddr=00034654 vaddr=3ffb0000 size=04120h ( 16672) load
I (151) esp_image: segment 3: paddr=0003877c vaddr=40080000 size=0789ch ( 30876) load
I (164) esp_image: segment 4: paddr=00040020 vaddr=400d0020 size=9df7ch (647036) map
I (385) esp_image: segment 5: paddr=000ddfa4 vaddr=4008789c size=0f6c8h ( 63176) load
I (421) boot: Loaded app from partition at offset 0x10000
I (421) boot: Disabling RNG early entropy source...
I (432) cpu_start: Multicore app
I (440) cpu_start: Pro cpu start user code
I (440) cpu_start: cpu freq: 160000000 Hz
I (440) app_init: Application information:
I (440) app_init: Project name:     cpp
I (444) app_init: App version:      74ffab6-dirty
I (448) app_init: Compile time:     Jan 21 2025 19:20:01
I (453) app_init: ELF file SHA256:  f3c09e399...
I (457) app_init: ESP-IDF:          v5.4
I (461) efuse_init: Min chip rev:     v0.0
I (465) efuse_init: Max chip rev:     v3.99 
I (469) efuse_init: Chip rev:         v3.0
I (473) heap_init: Initializing. RAM available for dynamic allocation:
I (479) heap_init: At 3FFAE6E0 len 00001920 (6 KiB): DRAM
I (484) heap_init: At 3FFBBB18 len 000244E8 (145 KiB): DRAM
I (489) heap_init: At 3FFE0440 len 00003AE0 (14 KiB): D/IRAM
I (495) heap_init: At 3FFE4350 len 0001BCB0 (111 KiB): D/IRAM
I (500) heap_init: At 40096F64 len 0000909C (36 KiB): IRAM
I (507) spi_flash: detected chip: generic
I (509) spi_flash: flash io: dio
W (512) spi_flash: Detected size(8192k) larger than the size in the binary image header(2048k). Using the size in the binary image header.
I (525) main_task: Started on CPU0
I (535) main_task: Calling app_main()
[5n
Type 'help' to get the list of commands.
Use UP/DOWN arrows to navigate through command history.
Press TAB when typing command name to auto-complete.

Your terminal application does not support escape sequences.

Line editing and history features are disabled.

On Windows, try using Putty instead.
esp32> W (1045) app_main: WiFi and Golioth credentials are not set. Use the shell settings commands to set them.

esp32> 
esp32> 
esp32> 
esp32> settings set wifi/ssid "***MIKES_ORANGE_PI_WIFI_SSID***"
Setting wifi/ssid saved
esp32> 
esp32> 
esp32> 
esp32> 
esp32> 
esp32> settings set wifi/psk "***MIKES_ORANGE_PI_WIFI_PSK***"
Setting wifi/psk saved
esp32> 
es::add-mask::generated-ZVVzBlKzgFmkxovw
p32> 
esp32> 
esp32> 
esp32> 
esp32> settings set golioth/psk-id "generated-ZVVzBlKzgFmkxovw@firmware_ci"
Setting golioth/psk-id saved
esp32> 
esp32> 
esp32> 
esp32> 
esp32> 
esp32> settings set golioth/psk "generated-ZVVzBlKzgFmkxovw"
Setting golioth/psk saved
esp32> 
esp32> I (8095) wifi_init: rx ba win: 6
I (8095) wifi_init: accept mbox: 6
I (8095) wifi_init: tcpip mbox: 32
I (8095) wifi_init: udp mbox: 6
I (8095) wifi_init: tcp mbox: 6
I (8115) wifi_init: tcp tx win: 5760
I (8115) wifi_init: tcp rx win: 5760
I (8115) wifi_init: tcp mss: 1440
I (8115) wifi_init: WiFi IRAM OP enabled
I (8125) wifi_init: WiFi RX IRAM OP enabled
I (8125) phy_init: phy_version 4840,02e0d70,Sep  2 2024,19:39:07
W (8125) phy_init: failed to load RF calibration data (0x1102), falling back to full calibration
W (8195) phy_init: saving new calibration data because of checksum failure, mode(2)
I (9625) esp_netif_handlers: sta ip: 192.168.8.157, mask: 255.255.255.0, gw: 192.168.8.1
I (9625) example_wifi: WiFi Connected. Got IP:192.168.8.157
I (9625) example_wifi: Connected to AP SSID: ***MIKES_ORANGE_PI_WIFI_SSID***
I (9635) golioth_mbox: Mbox created, bufsize: 2520, num_items: 20, item_size: 120
I (9645) app_main: Hello, Golioth 0!
I (9645) golioth_coap_client_libcoap: Start CoAP session with host: coaps://coap.golioth.io
I (9645) golioth_coap_client_libcoap: Session PSK-ID: generated-ZVVzBlKzgFmkxovw@firmware_ci
I (9665) libcoap: Setting PSK key

I (9675) golioth_coap_client_libcoap: Entering CoAP I/O loop
I (10075) golioth_coap_client_libcoap: Golioth CoAP client connected
I (14645) app_main: Hello, Golioth 1!
I (19655) app_main: Hello, Golioth 2!
