esptool.py v4.7.0
Serial port /dev/serial/by-id/usb-Silicon_Labs_CP2102N_USB_to_UART_Bridge_Controller_18a5eb8de0faeb11a1553ea4c6d924ec-if00-port0
Connecting....
Detecting chip type... ESP32-C3
Chip is ESP32-C3 (QFN32) (revision v0.3)
Features: WiFi, BLE
Crystal is 40MHz
MAC: 7c:df:a1:da:77:ac
Uploading stub...
Running stub...
Stub running...
Changing baud rate to 460800
Changed.
Configuring flash size...
Erasing flash (this may take a while)...
Chip erase completed successfully in 10.5s
Compressed 1037696 bytes to 609013...
Writing at 0x00000000... (2 %)
Writing at 0x0001205a... (5 %)
Writing at 0x0001f598... (7 %)
Writing at 0x0002b9cc... (10 %)
Writing at 0x00031fc2... (13 %)
Writing at 0x000373fd... (15 %)
Writing at 0x0004109b... (18 %)
Writing at 0x00047116... (21 %)
Writing at 0x0004d835... (23 %)
Writing at 0x00053c0e... (26 %)
Writing at 0x000595fb... (28 %)
Writing at 0x0005f28a... (31 %)
Writing at 0x00065d9b... (34 %)
Writing at 0x0006badf... (36 %)
Writing at 0x000719a8... (39 %)
Writing at 0x00077bb4... (42 %)
Writing at 0x0007dc0c... (44 %)
Writing at 0x00083896... (47 %)
Writing at 0x00088d6a... (50 %)
Writing at 0x0008e94c... (52 %)
Writing at 0x00094ff4... (55 %)
Writing at 0x0009ab73... (57 %)
Writing at 0x000a03df... (60 %)
Writing at 0x000a61d1... (63 %)
Writing at 0x000aca7b... (65 %)
Writing at 0x000b2ac3... (68 %)
Writing at 0x000b89c8... (71 %)
Writing at 0x000bedaa... (73 %)
Writing at 0x000c4627... (76 %)
Writing at 0x000c9ed3... (78 %)
Writing at 0x000cfe30... (81 %)
Writing at 0x000d5e50... (84 %)
Writing at 0x000dc768... (86 %)
Writing at 0x000e3b9a... (89 %)
Writing at 0x000ea0f3... (92 %)
Writing at 0x000efea2... (94 %)
Writing at 0x000f63ed... (97 %)
Writing at 0x000fc246... (100 %)
Wrote 1037696 bytes (609013 compressed) at 0x00000000 in 17.1 seconds (effective 486.4 kbit/s)...
Hash of data verified.

Leaving...
Hard resetting via RTS pin...
ESP-ROM:esp32c3-api1-20210207
Build:Feb  7 2021
rst:0x1 (POWERON),boot:0xc (SPI_FAST_FLASH_BOOT)
SPIWP:0xee
mode:DIO, clock div:1
load:0x3fcd5820,len:0x1738
load:0x403cc710,len:0xb9c
load:0x403ce710,len:0x2ec8
entry 0x403cc71a
[0;32mI (30) boot: ESP-IDF v5.3 2nd stage bootloader[0m
[0;32mI (30) boot: compile time Oct  7 2024 16:50:01[0m
[0;32mI (30) boot: chip revision: v0.3[0m
[0;32mI (33) boot.esp32c3: SPI Speed      : 80MHz[0m
[0;32mI (38) boot.esp32c3: SPI Mode       : DIO[0m
[0;32mI (43) boot.esp32c3: SPI Flash Size : 4MB[0m
[0;32mI (47) boot: Enabling RNG early entropy source...[0m
[0;32mI (53) boot: Partition Table:[0m
[0;32mI (56) boot: ## Label            Usage          Type ST Offset   Length[0m
[0;32mI (64) boot:  0 nvs              WiFi data        01 02 00009000 00006000[0m
[0;32mI (71) boot:  1 phy_init         RF data          01 01 0000f000 00001000[0m
[0;32mI (78) boot:  2 factory          factory app      00 00 00010000 00100000[0m
[0;32mI (86) boot: End of partition table[0m
[0;32mI (90) esp_image: segment 0: paddr=00010020 vaddr=3c0b0020 size=2cac4h (182980) map[0m
[0;32mI (127) esp_image: segment 1: paddr=0003caec vaddr=3fc92800 size=02fb8h ( 12216) load[0m
[0;32mI (130) esp_image: segment 2: paddr=0003faac vaddr=40380000 size=0056ch (  1388) load[0m
[0;32mI (133) esp_image: segment 3: paddr=00040020 vaddr=42000020 size=ab354h (701268) map[0m
[0;32mI (251) esp_image: segment 4: paddr=000eb37c vaddr=4038056c size=121d4h ( 74196) load[0m
[0;32mI (271) boot: Loaded app from partition at offset 0x10000[0m
[0;32mI (271) boot: Disabling RNG early entropy source...[0m
[0;32mI (283) cpu_start: Unicore app[0m
[0;32mI (291) cpu_start: Pro cpu start user code[0m
[0;32mI (291) cpu_start: cpu freq: 160000000 Hz[0m
[0;32mI (291) app_init: Application information:[0m
[0;32mI (294) app_init: Project name:     test[0m
[0;32mI (299) app_init: App version:      8b4cbd8-dirty[0m
[0;32mI (304) app_init: Compile time:     Oct  7 2024 16:50:06[0m
[0;32mI (310) app_init: ELF file SHA256:  a76f94fa2...[0m
[0;32mI (316) app_init: ESP-IDF:          v5.3[0m
[0;32mI (320) efuse_init: Min chip rev:     v0.3[0m
[0;32mI (325) efuse_init: Max chip rev:     v1.99 [0m
[0;32mI (330) efuse_init: Chip rev:         v0.3[0m
[0;32mI (335) heap_init: Initializing. RAM available for dynamic allocation:[0m
[0;32mI (342) heap_init: At 3FC9D950 len 000226B0 (137 KiB): RAM[0m
[0;32mI (348) heap_init: At 3FCC0000 len 0001C710 (113 KiB): Retention RAM[0m
[0;32mI (355) heap_init: At 3FCDC710 len 00002950 (10 KiB): Retention RAM[0m
[0;32mI (362) heap_init: At 50000200 len 00001DE8 (7 KiB): RTCRAM[0m
[0;32mI (369) spi_flash: detected chip: generic[0m
[0;32mI (373) spi_flash: flash io: dio[0m
[0;32mI (377) sleep: Configure to isolate all GPIO pins in sleep state[0m
[0;32mI (384) sleep: Enable automatic switching of GPIO sleep configuration[0m
[0;32mI (391) main_task: Started on CPU0[0m
[0;32mI (411) main_task: Calling app_main()[0m
[5n
Type 'help' to get the list of commands.
Use UP/DOWN arrows to navigate through command history.
Press TAB when typing command name to auto-complete.

Your terminal application does not support escape sequences.

Line editing and history features are disabled.

On Windows, try using Putty instead.
esp32> [0;33mW (921) hil_test: WiFi and Golioth credentials are not set. Use the shell settings commands to set them.[0m

esp32> 
esp32> 
esp32> 
esp32> settings set wifi/ssid "***MIKES_ORANGE_PI_WIFI_SSID***"
Setting wifi/ssid saved
esp32> 
esp32> 
esp32> 
esp32> 
esp32> 
esp32> settings set wifi/psk "***MIKES_ORANGE_PI_WIFI_PSK***"
Setting wifi/psk saved
esp32> 
esp32> ::add-mask::generated-abVfDdPIhqYDpShj

esp32> 
esp32> 
esp32> 
esp32> settings set golioth/psk-id "generated-abVfDdPIhqYDpShj@firmware_ci"
Setting golioth/psk-id saved
esp32> 
esp32> 
esp32> 
esp32> 
esp32> 
esp32> settings set golioth/psk "generated-abVfDdPIhqYDpShj"
Setting golioth/psk saved
esp32> 
esp32> [0;32mI (7941) pp: pp rom version: 9387209[0m
[0;32mI (7941) net80211: net80211 rom version: 9387209[0m
[0;32mI (7961) wifi_init: rx ba win: 6[0m
[0;32mI (7961) wifi_init: accept mbox: 6[0m
[0;32mI (7961) wifi_init: tcpip mbox: 32[0m
[0;32mI (7961) wifi_init: udp mbox: 6[0m
[0;32mI (7971) wifi_init: tcp mbox: 6[0m
[0;32mI (7971) wifi_init: tcp tx win: 5760[0m
[0;32mI (7981) wifi_init: tcp rx win: 5760[0m
[0;32mI (7981) wifi_init: tcp mss: 1440[0m
[0;32mI (7981) wifi_init: WiFi IRAM OP enabled[0m
[0;32mI (7991) wifi_init: WiFi RX IRAM OP enabled[0m
[0;32mI (7991) phy_init: phy_version 1180,01f2a49,Jun  4 2024,16:34:25[0m
[0;33mW (8001) phy_init: failed to load RF calibration data (0x1102), falling back to full calibration[0m
[0;33mW (8041) phy_init: saving new calibration data because of checksum failure, mode(2)[0m
[0;32mI (9411) esp_netif_handlers: sta ip: 192.168.8.119, mask: 255.255.255.0, gw: 192.168.8.1[0m
[0;32mI (9411) example_wifi: WiFi Connected. Got IP:192.168.8.119[0m
[0;32mI (9421) example_wifi: Connected to AP SSID: ***MIKES_ORANGE_PI_WIFI_SSID***[0m
[0;32mI (9421) golioth_mbox: Mbox created, bufsize: 2520, num_items: 20, item_size: 120[0m
[0;32mI (9441) golioth_coap_client_libcoap: Start CoAP session with host: coaps://coap.golioth.io[0m
[0;32mI (9441) golioth_coap_client_libcoap: Session PSK-ID: generated-abVfDdPIhqYDpShj@firmware_ci[0m
[0;32mI (9461) libcoap: Setting PSK key
[0m
[0;32mI (9461) golioth_coap_client_libcoap: Entering CoAP I/O loop[0m
[0;32mI (9731) golioth_coap_client_libcoap: Golioth CoAP client connected[0m
[0;32mI (9891) test_ota: Manifest received[0m
[0;32mI (9891) test_ota: Manifest successfully decoded[0m
[0;32mI (9891) test_ota: Manifest is missing main, skipping this one.[0m
[0;32mI (12041) test_ota: Manifest received[0m
[0;32mI (12041) test_ota: Manifest successfully decoded[0m
[0;32mI (12041) test_ota: Manifest is missing main, skipping this one.[0m
[0;32mI (12071) test_ota: Manifest received[0m
[0;32mI (12071) test_ota: Manifest successfully decoded[0m
[0;32mI (12071) test_ota: Manifest is missing main, skipping this one.[0m
[0;32mI (12311) test_ota: Manifest received[0m
[0;32mI (12321) test_ota: Manifest successfully decoded[0m
[0;32mI (12321) test_ota: Manifest is missing main, skipping this one.[0m
[0;32mI (13491) test_ota: Manifest received[0m
[0;32mI (13491) test_ota: Manifest successfully decoded[0m
[0;32mI (13491) test_ota: Manifest is missing main, skipping this one.[0m
[0;32mI (13511) test_ota: Manifest received[0m
[0;32mI (13511) test_ota: Manifest successfully decoded[0m
[0;32mI (13511) test_ota: Found main component[0m
[0;32mI (13521) test_ota: No absent component found[0m
[0;32mI (13521) test_ota: component.package: main[0m
[0;32mI (13521) test_ota: component.version: 1.2.2[0m
[0;32mI (13531) test_ota: component.size: 16147[0m
[0;32mI (13531) test_ota: component.hash: 62c035ff42d6c61ad9d1caf9ee3425dae3ef360eb9d145061d3f76092e266018[0m
[0;32mI (13541) test_ota: component.uri: /.u/c/main@1.2.2[0m
[0;32mI (13551) test_ota: component.bootloader: default[0m
