[0m
[0;32mI (150637) test_settings: Received test_string: bar[0m
[0;32mI (150637) test_settings: Received test_bool: true[0m
[0;32mI (150647) test_settings: Received test_cancel: 1[0m
[0;32mI (151747) test_settings: Received test_int: 1337[0m
[0;32mI (151747) test_settings: Received test_bool: true[0m
[0;32mI (151747) test_settings: Received test_float: 10.000000[0m
[0;32mI (151757) test_settings: Received test_cancel: 1[0m
[0;32mI (151767) test_settings: Received test_string: bar[0m
[0;32mI (151767) test_settings: Received test_restart: false[0m
[0;31mE (151777) golioth_settings: Failed to send a response to server: 10[0m
[0;32mI (152667) test_settings: Received test_bool: true[0m
[0;32mI (152667) test_settings: Received test_float: 10.000000[0m
[0;32mI (152667) test_settings: Received test_restart: false[0m
[0;32mI (152687) test_settings: Received test_cancel: 1[0m
[0;32mI (152687) test_settings: Received test_int: 1337[0m
[0;32mI (152687) test_settings: Received test_string: bar[0m
[0;31mE (152697) golioth_settings: Failed to send a response to server: 10[0m
[0;32mI (153907) test_settings: Received test_cancel: 1[0m
[0;32mI (153907) test_settings: Received test_float: 10.000000[0m
[0;32mI (153907) test_settings: Received test_int: 1337[0m
[0;32mI (153917) test_settings: Received test_restart: false[0m
[0;32mI (153917) test_settings: Received test_bool: true[0m
[0;32mI (153917) test_settings: Received test_string: bar[0m
[0;31mE (153927) golioth_settings: Failed to send a response to server: 10[0m
[0;32mI (154917) test_settings: Received test_bool: true[0m
[0;32mI (154927) test_settings: Received test_float: 10.000000[0m
[0;32mI (154927) test_settings: Received test_cancel: 1[0m
[0;32mI (154937) test_settings: Received test_int: 1337[0m
[0;32mI (154937) test_settings: Received test_restart: false[0m
[0;32mI (154937) test_settings: Received test_string: bar[0m
[0;31mE (154947) golioth_settings: Failed to send a response to server: 10[0m
[0;32mI (155297) test_settings: Settings have been reregistered[0m
[0;32mI (155537) test_settings: Received test_restart: false[0m
[0;32mI (155537) test_settings: Received test_string: bar[0m
[0;32mI (155537) test_settings: Received test_int: 1337[0m
[0;32mI (155547) test_settings: Received test_bool: true[0m
[0;32mI (155547) test_settings: Received test_float: 10.000000[0m
[0;32mI (155567) test_settings: Received test_cancel: 1[0m
[0;31mE (155567) golioth_settings: Failed to send a response to server: 10[0m
[0;32mI (155947) test_settings: Received test_bool: true[0m
[0;32mI (155947) test_settings: Received test_cancel: 1[0m
[0;32mI (155947) test_settings: Received test_float: 10.000000[0m
[0;32mI (155957) test_settings: Received test_restart: true[0m
[0;32mI (155957) test_settings: Received test_int: 1337[0m
[0;32mI (155967) test_settings: Received test_string: bar[0m
[0;31mE (155977) golioth_settings: Failed to send a response to server: 10[0m
[0;32mI (156257) test_settings: Received test_int: 1337[0m
[0;32mI (156257) test_settings: Received test_float: 10.000000[0m
[0;32mI (156257) test_settings: Received test_string: bar[0m
[0;32mI (156267) test_settings: Received test_cancel: 1[0m
[0;32mI (156267) test_settings: Received test_bool: true[0m
[0;32mI (156267) test_settings: Received test_restart: true[0m
[0;31mE (156277) golioth_settings: Failed to send a response to server: 10[0m
[0;32mI (156397) test_settings: Cancelling settings[0m
[0;31mE (156397) golioth_coap_client: Failed to enqueue request, queue full[0m
Guru Meditation Error: Core  0 panic'ed (LoadStoreError). Exception was unhandled.

Core  0 register dump:
PC      : 0x4005544b  PS      : 0x00060a30  A0      : 0x82012048  A1      : 0x3fcba810  
A2      : 0x414c4544  A3      : 0x3fcba830  A4      : 0x00000008  A5      : 0x3fcba838  
A6      : 0x0519544e  A7      : 0x544e495f  A8      : 0x00000000  A9      : 0x00000054  
A10     : 0x00000003  A11     : 0x00000002  A12     : 0x00000003  A13     : 0x00000002  
A14     : 0x00000000  A15     : 0x3fcbab84  SAR     : 0x00000010  EXCCAUSE: 0x00000003  
EXCVADDR: 0x414c4544  LBEG    : 0x40056fc5  LEND    : 0x40056fe7  LCOUNT  : 0xffffffff  


Backtrace: 0x40055448:0x3fcba810 0x42012045:0x3fcba820 0x42012ba5:0x3fcba8c0 0x4201230a:0x3fcba900 0x42010831:0x3fcbac80 0x4201aa08:0x3fcbad00 0x4201abac:0x3fcbad60 0x420189ff:0x3fcbad80 0x4201ac59:0x3fcbada0 0x4201af4a:0x3fcbadf0 0x420175b1:0x3fcbae20 0x420176ce:0x3fcbae90 0x420176e1:0x3fcbaeb0 0x420114c4:0x3fcbaed0




ELF file SHA256: dce919bca

Rebooting...
ESP-ROM:esp32s3-20210327
Build:Mar 27 2021
rst:0xc (RTC_SW_CPU_RST),boot:0x8 (SPI_FAST_FLASH_BOOT)
Saved PC:0x40375a1d
SPIWP:0xee
mode:DIO, clock div:1
load:0x3fce2810,len:0x178c
load:0x403c8700,len:0x4
load:0x403c8704,len:0xcb8
load:0x403cb700,len:0x2df4
entry 0x403c8914
[0;32mI (31) boot: ESP-IDF v5.3 2nd stage bootloader[0m
[0;32mI (31) boot: compile time Oct  7 2024 00:25:20[0m
[0;32mI (31) boot: Multicore bootloader[0m
[0;32mI (34) boot: chip revision: v0.2[0m
[0;32mI (38) boot.esp32s3: Boot SPI Speed : 80MHz[0m
[0;32mI (43) boot.esp32s3: SPI Mode       : DIO[0m
[0;32mI (47) boot.esp32s3: SPI Flash Size : 4MB[0m
[0;32mI (52) boot: Enabling RNG early entropy source...[0m
[0;32mI (58) boot: Partition Table:[0m
[0;32mI (61) boot: ## Label            Usage          Type ST Offset   Length[0m
[0;32mI (68) boot:  0 nvs              WiFi data        01 02 00009000 00006000[0m
[0;32mI (76) boot:  1 phy_init         RF data          01 01 0000f000 00001000[0m
[0;32mI (83) boot:  2 factory          factory app      00 00 00010000 00100000[0m
[0;32mI (91) boot: End of partition table[0m
[0;32mI (95) esp_image: segment 0: paddr=00010020 vaddr=3c0a0020 size=2bf08h (179976) map[0m
[0;32mI (136) esp_image: segment 1: paddr=0003bf30 vaddr=3fc98800 size=040e8h ( 16616) load[0m
[0;32mI (140) esp_image: segment 2: paddr=00040020 vaddr=42000020 size=9d264h (643684) map[0m
[0;32mI (257) esp_image: segment 3: paddr=000dd28c vaddr=3fc9c8e8 size=00980h (  2432) load[0m
[0;32mI (258) esp_image: segment 4: paddr=000ddc14 vaddr=40374000 size=14760h ( 83808) load[0m
[0;32mI (289) boot: Loaded app from partition at offset 0x10000[0m
[0;32mI (290) boot: Disabling RNG early entropy source...[0m
[0;32mI (301) cpu_start: Multicore app[0m
[0;32mI (311) cpu_start: Pro cpu start user code[0m
[0;32mI (311) cpu_start: cpu freq: 160000000 Hz[0m
[0;32mI (311) app_init: Application information:[0m
[0;32mI (314) app_init: Project name:     test[0m
[0;32mI (318) app_init: App version:      343f86f-dirty[0m
[0;32mI (324) app_init: Compile time:     Oct  7 2024 00:25:14[0m
[0;32mI (330) app_init: ELF file SHA256:  dce919bca...[0m
[0;32mI (335) app_init: ESP-IDF:          v5.3[0m
[0;32mI (339) efuse_init: Min chip rev:     v0.0[0m
[0;32mI (344) efuse_init: Max chip rev:     v0.99 [0m
[0;32mI (349) efuse_init: Chip rev:         v0.2[0m
[0;32mI (354) heap_init: Initializing. RAM available for dynamic allocation:[0m
[0;32mI (361) heap_init: At 3FCA4988 len 00044D88 (275 KiB): RAM[0m
[0;32mI (367) heap_init: At 3FCE9710 len 00005724 (21 KiB): RAM[0m
[0;32mI (373) heap_init: At 3FCF0000 len 00008000 (32 KiB): DRAM[0m
[0;32mI (380) heap_init: At 600FE100 len 00001EE8 (7 KiB): RTCRAM[0m
[0;32mI (387) spi_flash: detected chip: generic[0m
[0;32mI (390) spi_flash: flash io: dio[0m
[0;33mW (394) spi_flash: Detected size(8192k) larger than the size in the binary image header(4096k). Using the size in the binary image header.[0m
[0;32mI (408) sleep: Configure to isolate all GPIO pins in sleep state[0m
[0;32mI (414) sleep: Enable automatic switching of GPIO sleep configuration[0m
[0;32mI (422) main_task: Started on CPU0[0m
[0;32mI (442) main_task: Calling app_main()[0m
[5n
Type 'help' to get the list of commands.
Use UP/DOWN arrows to navigate through command history.
Press TAB when typing command name to auto-complete.

Your terminal application does not support escape sequences.

Line editing and history features are disabled.

On Windows, try using Putty instead.
esp32> [0;32mI (952) pp: pp rom version: e7ae62f[0m
[0;32mI (972) net80211: net80211 rom version: e7ae62f[0m
[0;32mI (992) wifi_init: rx ba win: 6[0m
[0;32mI (992) wifi_init: accept mbox: 6[0m
[0;32mI (992) wifi_init: tcpip mbox: 32[0m
[0;32mI (992) wifi_init: udp mbox: 6[0m
[0;32mI (1002) wifi_init: tcp mbox: 6[0m
[0;32mI (1002) wifi_init: tcp tx win: 5760[0m
[0;32mI (1002) wifi_init: tcp rx win: 5760[0m
[0;32mI (1012) wifi_init: tcp mss: 1440[0m
[0;32mI (1022) wifi_init: WiFi IRAM OP enabled[0m
[0;32mI (1022) wifi_init: WiFi RX IRAM OP enabled[0m
[0;32mI (1032) phy_init: phy_version 680,a6008b2,Jun  4 2024,16:41:10[0m
[0;32mI (2802) esp_netif_handlers: sta ip: 192.168.0.118, mask: 255.255.255.0, gw: 192.168.0.1[0m
[0;32mI (2802) example_wifi: WiFi Connected. Got IP:192.168.0.118[0m
[0;32mI (2812) example_wifi: Connected to AP SSID: ***SAMS_ORANGE_PI_WIFI_SSID***[0m
[0;32mI (2812) golioth_mbox: Mbox created, bufsize: 2520, num_items: 20, item_size: 120[0m
[0;32mI (2852) golioth_coap_client_libcoap: Start CoAP session with host: coaps://coap.golioth.io[0m
[0;32mI (2852) golioth_coap_client_libcoap: Session PSK-ID: generated-KmZUBQThQKKcKEMI@firmware_ci[0m
[0;32mI (2872) libcoap: Setting PSK key
[0m
[0;32mI (2882) golioth_coap_client_libcoap: Entering CoAP I/O loop[0m
[0;32mI (3072) golioth_coap_client_libcoap: Golioth CoAP client connected[0m
[0;32mI (3442) test_settings: Received test_string: bar[0m
[0;32mI (3442) test_settings: Received test_restart: true[0m
[0;32mI (3442) test_settings: Received test_float: 10.000000[0m
[0;32mI (3462) test_settings: Received test_cancel: 1[0m
[0;32mI (3462) test_settings: Received test_int: 1337[0m
[0;32mI (3462) test_settings: Received test_bool: true[0m
[0;32mI (3952) test_settings: Received test_bool: true[0m
[0;32mI (3952) test_settings: Received test_float: 10.000000[0m
[0;32mI (3952) test_settings: Received test_int: 1337[0m
[0;32mI (3972) test_settings: Received test_string: bar[0m
[0;32mI (3972) test_settings: Received test_cancel: 1[0m
[0;32mI (3972) test_settings: Received test_restart: true[0m
[0;31mE (3982) golioth_settings: Failed to send a response to server: 10[0m
[0;32mI (4482) test_settings: Cancelling settings[0m
[0;31mE (4482) golioth_coap_client: Failed to enqueue request, queue full[0m
Guru Meditation Error: Core  0 panic'ed (LoadStoreError). Exception was unhandled.

Core  0 register dump:
PC      : 0x4005544b  PS      : 0x00060030  A0      : 0x82012048  A1      : 0x3fcba650  
A2      : 0x435f5453  A3      : 0x3fcba670  A4      : 0x0000000b  A5      : 0x3fcba67a  
A6      : 0x0000004c  A7      : 0x00000045  A8      : 0x00000000  A9      : 0x00000054  
A10     : 0x00000003  A11     : 0x00000002  A12     : 0x00000003  A13     : 0x00000002  
A14     : 0x00000000  A15     : 0x3fcba9c4  SAR     : 0x00000010  EXCCAUSE: 0x00000003  
EXCVADDR: 0x435f5453  LBEG    : 0x40056fc5  LEND    : 0x40056fe7  LCOUNT  : 0xffffffff  


Backtrace: 0x40055448:0x3fcba650 0x42012045:0x3fcba660 0x42012ba5:0x3fcba700 0x4201230a:0x3fcba740 0x42010831:0x3fcbaac0 0x4201aa08:0x3fcbab40 0x4201abac:0x3fcbaba0 0x420189ff:0x3fcbabc0 0x4201ac59:0x3fcbabe0 0x4201af4a:0x3fcbac30 0x420175b1:0x3fcbac60 0x420176ce:0x3fcbacd0 0x420176e1:0x3fcbacf0 0x420114c4:0x3fcbad10




ELF file SHA256: dce919bca

Rebooting...
ESP-ROM:esp32s3-20210327
Build:Mar 27 2021
rst:0xc (RTC_SW_CPU_RST),boot:0x8 (SPI_FAST_FLASH_BOOT)
Saved PC:0x40375a1d
SPIWP:0xee
mode:DIO, clock div:1
load:0x3fce2810,len:0x178c
load:0x403c8700,len:0x4
load:0x403c8704,len:0xcb8
load:0x403cb700,len:0x2df4
entry 0x403c8914
[0;32mI (31) boot: ESP-IDF v5.3 2nd stage bootloader[0m
[0;32mI (31) boot: compile time Oct  7 2024 00:25:20[0m
[0;32mI (31) boot: Multicore bootloader[0m
[0;32mI (34) boot: chip revision: v0.2[0m
[0;32mI (38) boot.esp32s3: Boot SPI Speed : 80MHz[0m
[0;32mI (43) boot.esp32s3: SPI Mode       : DIO[0m
[0;32mI (47) boot.esp32s3: SPI Flash Size : 4MB[0m
[0;32mI (52) boot: Enabling RNG early entropy source...[0m
[0;32mI (58) boot: Partition Table:[0m
[0;32mI (61) boot: ## Label            Usage          Type ST Offset   Length[0m
[0;32mI (68) boot:  0 nvs              WiFi data        01 02 00009000 00006000[0m
[0;32mI (76) boot:  1 phy_init         RF data          01 01 0000f000 00001000[0m
[0;32mI (83) boot:  2 factory          factory app      00 00 00010000 00100000[0m
[0;32mI (91) boot: End of partition table[0m
[0;32mI (95) esp_image: segment 0: paddr=00010020 vaddr=3c0a0020 size=2bf08h (179976) map[0m
[0;32mI (136) esp_image: segment 1: paddr=0003bf30 vaddr=3fc98800 size=040e8h ( 16616) load[0m
[0;32mI (140) esp_image: segment 2: paddr=00040020 vaddr=42000020 size=9d264h (643684) map[0m
[0;32mI (257) esp_image: segment 3: paddr=000dd28c vaddr=3fc9c8e8 size=00980h (  2432) load[0m
[0;32mI (258) esp_image: segment 4: paddr=000ddc14 vaddr=40374000 size=14760h ( 83808) load[0m
[0;32mI (289) boot: Loaded app from partition at offset 0x10000[0m
[0;32mI (290) boot: Disabling RNG early entropy source...[0m
[0;32mI (301) cpu_start: Multicore app[0m
[0;32mI (311) cpu_start: Pro cpu start user code[0m
[0;32mI (311) cpu_start: cpu freq: 160000000 Hz[0m
[0;32mI (311) app_init: Application information:[0m
[0;32mI (314) app_init: Project name:     test[0m
[0;32mI (318) app_init: App version:      343f86f-dirty[0m
[0;32mI (324) app_init: Compile time:     Oct  7 2024 00:25:14[0m
[0;32mI (330) app_init: ELF file SHA256:  dce919bca...[0m
[0;32mI (335) app_init: ESP-IDF:          v5.3[0m
[0;32mI (339) efuse_init: Min chip rev:     v0.0[0m
[0;32mI (344) efuse_init: Max chip rev:     v0.99 [0m
[0;32mI (349) efuse_init: Chip rev:         v0.2[0m
[0;32mI (354) heap_init: Initializing. RAM available for dynamic allocation:[0m
[0;32mI (361) heap_init: At 3FCA4988 len 00044D88 (275 KiB): RAM[0m
[0;32mI (367) heap_init: At 3FCE9710 len 00005724 (21 KiB): RAM[0m
[0;32mI (373) heap_init: At 3FCF0000 len 00008000 (32 KiB): DRAM[0m
[0;32mI (380) heap_init: At 600FE100 len 00001EE8 (7 KiB): RTCRAM[0m
[0;32mI (387) spi_flash: detected chip: generic[0m
[0;32mI (391) spi_flash: flash io: dio[0m
[0;33mW (394) spi_flash: Detected size(8192k) larger than the size in the binary image header(4096k). Using the size in the binary image header.[0m
[0;32mI (408) sleep: Configure to isolate all GPIO pins in sleep state[0m
[0;32mI (414) sleep: Enable automatic switching of GPIO sleep configuration[0m
[0;32mI (422) main_task: Started on CPU0[0m
[0;32mI (442) main_task: Calling app_main()[0m
[5n
Type 'help' to get the list of commands.
Use UP/DOWN arrows to navigate through command history.
Press TAB when typing command name to auto-complete.

Your terminal application does not support escape sequences.

Line editing and history features are disabled.

On Windows, try using Putty instead.
esp32> [0;32mI (952) pp: pp rom version: e7ae62f[0m
[0;32mI (972) net80211: net80211 rom version: e7ae62f[0m
[0;32mI (992) wifi_init: rx ba win: 6[0m
[0;32mI (992) wifi_init: accept mbox: 6[0m
[0;32mI (992) wifi_init: tcpip mbox: 32[0m
[0;32mI (992) wifi_init: udp mbox: 6[0m
[0;32mI (1002) wifi_init: tcp mbox: 6[0m
[0;32mI (1002) wifi_init: tcp tx win: 5760[0m
[0;32mI (1002) wifi_init: tcp rx win: 5760[0m
[0;32mI (1012) wifi_init: tcp mss: 1440[0m
[0;32mI (1022) wifi_init: WiFi IRAM OP enabled[0m
[0;32mI (1022) wifi_init: WiFi RX IRAM OP enabled[0m
[0;32mI (1032) phy_init: phy_version 680,a6008b2,Jun  4 2024,16:41:10[0m
[0;32mI (2802) esp_netif_handlers: sta ip: 192.168.0.118, mask: 255.255.255.0, gw: 192.168.0.1[0m
[0;32mI (2802) example_wifi: WiFi Connected. Got IP:192.168.0.118[0m
[0;32mI (2812) example_wifi: Connected to AP SSID: ***SAMS_ORANGE_PI_WIFI_SSID***[0m
[0;32mI (2812) golioth_mbox: Mbox created, bufsize: 2520, num_items: 20, item_size: 120[0m
[0;32mI (2852) golioth_coap_client_libcoap: Start CoAP session with host: coaps://coap.golioth.io[0m
[0;32mI (2852) golioth_coap_client_libcoap: Session PSK-ID: generated-KmZUBQThQKKcKEMI@firmware_ci[0m
[0;32mI (2872) libcoap: Setting PSK key
[0m
[0;32mI (2882) golioth_coap_client_libcoap: Entering CoAP I/O loop[0m
[0;32mI (3072) golioth_coap_client_libcoap: Golioth CoAP client connected[0m
[0;32mI (3442) test_settings: Received test_int: 1337[0m
[0;32mI (3442) test_settings: Received test_restart: true[0m
[0;32mI (3452) test_settings: Received test_float: 10.000000[0m
[0;32mI (3462) test_settings: Received test_bool: true[0m
[0;32mI (3462) test_settings: Received test_string: bar[0m
[0;32mI (3462) test_settings: Received test_cancel: 1[0m
[0;32mI (3852) test_settings: Received test_cancel: 1[0m
[0;32mI (3852) test_settings: Received test_restart: true[0m
[0;32mI (3862) test_settings: Received test_int: 1337[0m
[0;32mI (3872) test_settings: Received test_float: 10.000000[0m
[0;32mI (3872) test_settings: Received test_bool: true[0m
[0;32mI (3872) test_settings: Received test_string: bar[0m
[0;31mE (3882) golioth_settings: Failed to send a response to server: 10[0m
