esptool.py v4.8.1
Serial port /dev/serial/by-id/usb-Silicon_Labs_CP2102N_USB_to_UART_Bridge_Controller_342e9e0b1d28ee11811d0dd8f49e3369-if00-port0
Connecting.....
Detecting chip type... Unsupported detection protocol, switching and trying again...
Connecting....
Detecting chip type... ESP32
Chip is ESP32-D0WD-V3 (revision v3.1)
Features: WiFi, BT, Dual Core, 240MHz, VRef calibration in efuse, Coding Scheme None
Crystal is 40MHz
MAC: a0:a3:b3:2d:0a:ac
Uploading stub...
Running stub...
Stub running...
Changing baud rate to 460800
Changed.
Configuring flash size...
Erasing flash (this may take a while)...
Chip erase completed successfully in 16.9s
Compressed 971344 bytes to 610403...
Writing at 0x00000000... (2 %)
Writing at 0x000074b6... (5 %)
Writing at 0x0001c080... (7 %)
Writing at 0x00028c8f... (10 %)
Writing at 0x0003185a... (13 %)
Writing at 0x0003af76... (15 %)
Writing at 0x00040686... (18 %)
Writing at 0x0004604a... (21 %)
Writing at 0x0004b859... (23 %)
Writing at 0x00050d89... (26 %)
Writing at 0x0005601d... (28 %)
Writing at 0x0005b368... (31 %)
Writing at 0x00060c67... (34 %)
Writing at 0x00065d02... (36 %)
Writing at 0x0006aec5... (39 %)
Writing at 0x0007026b... (42 %)
Writing at 0x0007536a... (44 %)
Writing at 0x0007a6a2... (47 %)
Writing at 0x0007fbbc... (50 %)
Writing at 0x000854e7... (52 %)
Writing at 0x0008ad56... (55 %)
Writing at 0x000900a6... (57 %)
Writing at 0x000952cf... (60 %)
Writing at 0x0009a9d4... (63 %)
Writing at 0x000a0098... (65 %)
Writing at 0x000a53b1... (68 %)
Writing at 0x000aaadd... (71 %)
Writing at 0x000b046f... (73 %)
Writing at 0x000b5563... (76 %)
Writing at 0x000ba934... (78 %)
Writing at 0x000c02dd... (81 %)
Writing at 0x000c79d8... (84 %)
Writing at 0x000ce121... (86 %)
Writing at 0x000d5917... (89 %)
Writing at 0x000db093... (92 %)
Writing at 0x000e0ad4... (94 %)
Writing at 0x000e66e7... (97 %)
Writing at 0x000eb969... (100 %)
Wrote 971344 bytes (610403 compressed) at 0x00000000 in 16.2 seconds (effective 480.2 kbit/s)...
Hash of data verified.

Leaving...
Hard resetting via RTS pin...
xxxxxxxxxx2019 12:21:46

rst:0x1 (POWERON_RESET),boot:0x13 (SPI_FAST_FLASH_BOOT)
configsip: 0, SPIWP:0xee
clk_drv:0x00,q_drv:0x00,d_drv:0x00,cs0_drv:0x00,hd_drv:0x00,wp_drv:0x00
mode:DIO, clock div:2
load:0x3fff0030,len:6276
load:0x40078000,len:15796
load:0x40080400,len:4
ho 8 tail 4 room 4
load:0x40080404,len:3860
entry 0x4008063c
I (31) boot: ESP-IDF v5.4 2nd stage bootloader
I (31) boot: compile time Jan 12 2025 00:04:05
I (31) boot: Multicore bootloader
I (32) boot: chip revision: v3.1
I (35) boot.esp32: SPI Speed      : 40MHz
I (39) boot.esp32: SPI Mode       : DIO
I (42) boot.esp32: SPI Flash Size : 4MB
I (46) boot: Enabling RNG early entropy source...
I (50) boot: Partition Table:
I (53) boot: ## Label            Usage          Type ST Offset   Length
I (59) boot:  0 nvs              WiFi data        01 02 00009000 00006000
I (66) boot:  1 phy_init         RF data          01 01 0000f000 00001000
I (72) boot:  2 factory          factory app      00 00 00010000 00100000
I (79) boot: End of partition table
I (82) esp_image: segment 0: paddr=00010020 vaddr=3f400020 size=24150h (147792) map
I (140) esp_image: segment 1: paddr=00034178 vaddr=3ff80000 size=0001ch (    28) load
I (140) esp_image: segment 2: paddr=0003419c vaddr=3ffb0000 size=04110h ( 16656) load
I (150) esp_image: segment 3: paddr=000382b4 vaddr=40080000 size=07d64h ( 32100) load
I (164) esp_image: segment 4: paddr=00040020 vaddr=400d0020 size=9dffch (647164) map
I (385) esp_image: segment 5: paddr=000de024 vaddr=40087d64 size=0f200h ( 61952) load
I (421) boot: Loaded app from partition at offset 0x10000
I (421) boot: Disabling RNG early entropy source...
I (431) cpu_start: Multicore app
I (439) cpu_start: Pro cpu start user code
I (440) cpu_start: cpu freq: 160000000 Hz
I (440) app_init: Application information:
I (440) app_init: Project name:     test
I (443) app_init: App version:      c2ac22d-dirty
I (448) app_init: Compile time:     Jan 12 2025 00:03:59
I (453) app_init: ELF file SHA256:  5414eddf8...
I (457) app_init: ESP-IDF:          v5.4
I (461) efuse_init: Min chip rev:     v0.0
I (465) efuse_init: Max chip rev:     v3.99 
I (469) efuse_init: Chip rev:         v3.1
I (473) heap_init: Initializing. RAM available for dynamic allocation:
I (479) heap_init: At 3FFAE6E0 len 00001920 (6 KiB): DRAM
I (484) heap_init: At 3FFBBA88 len 00024578 (145 KiB): DRAM
I (489) heap_init: At 3FFE0440 len 00003AE0 (14 KiB): D/IRAM
I (494) heap_init: At 3FFE4350 len 0001BCB0 (111 KiB): D/IRAM
I (500) heap_init: At 40096F64 len 0000909C (36 KiB): IRAM
I (507) spi_flash: detected chip: generic
I (509) spi_flash: flash io: dio
I (513) main_task: Started on CPU0
I (523) main_task: Calling app_main()
[5n
Type 'help' to get the list of commands.
Use UP/DOWN arrows to navigate through command history.
Press TAB when typing command name to auto-complete.

Your terminal application does not support escape sequences.

Line editing and history features are disabled.

On Windows, try using Putty instead.
esp32> W (1033) hil_test: WiFi and Golioth credentials are not set. Use the shell settings commands to set them.

esp32> 
esp32> 
esp32> 
esp32> settings set wifi/ssid "***TIMS_ORANGE_PI_WIFI_SSID***"
Setting wifi/ssid saved
esp32> 
esp32> 
esp32> 
esp32> 
esp32> 
esp32> settings set wifi/psk "***TIMS_ORANGE_PI_WIFI_PSK***"
Setting wifi/psk saved
esp32> 
es::add-mask::generated-yrmCGOCUXqsrtuzp
p32> 
esp32> 
esp32> 
esp32> 
esp32> settings set golioth/psk-id "generated-yrmCGOCUXqsrtuzp@firmware_ci"
Setting golioth/psk-id saved
esp32> 
esp32> 
esp32> 
esp32> 
esp32> 
esp32> settings set golioth/psk "generated-yrmCGOCUXqsrtuzp"
Setting golioth/psk saved
esp32> 
esp32> I (15083) wifi_init: rx ba win: 6
I (15083) wifi_init: accept mbox: 6
I (15083) wifi_init: tcpip mbox: 32
I (15083) wifi_init: udp mbox: 6
I (15083) wifi_init: tcp mbox: 6
I (15103) wifi_init: tcp tx win: 5760
I (15103) wifi_init: tcp rx win: 5760
I (15103) wifi_init: tcp mss: 1440
I (15103) wifi_init: WiFi IRAM OP enabled
I (15113) wifi_init: WiFi RX IRAM OP enabled
I (15113) phy_init: phy_version 4840,02e0d70,Sep  2 2024,19:39:07
W (15113) phy_init: failed to load RF calibration data (0x1102), falling back to full calibration
W (15193) phy_init: saving new calibration data because of checksum failure, mode(2)
I (16613) esp_netif_handlers: sta ip: 192.168.8.131, mask: 255.255.255.0, gw: 192.168.8.1
I (16613) example_wifi: WiFi Connected. Got IP:192.168.8.131
I (16613) example_wifi: Connected to AP SSID: ***TIMS_ORANGE_PI_WIFI_SSID***
I (16623) golioth_mbox: Mbox created, bufsize: 2520, num_items: 20, item_size: 120
I (16633) golioth_coap_client_libcoap: Start CoAP session with host: coaps://coap.golioth.io
I (16633) golioth_coap_client_libcoap: Session PSK-ID: generated-yrmCGOCUXqsrtuzp@firmware_ci
I (16653) libcoap: Setting PSK key

I (16663) golioth_coap_client_libcoap: Entering CoAP I/O loop
I (16913) golioth_coap_client_libcoap: Golioth CoAP client connected
I (16973) test_settings: Received test_bool: false
I (16973) test_settings: Received test_int_range: 1
I (16973) test_settings: Received test_string: foo
I (16983) test_settings: Received test_int: 1
I (16993) test_settings: Received test_restart: false
I (16993) test_settings: Received test_cancel: 0
I (16993) test_settings: Received test_float: 1.230000
I (17283) test_settings: Received test_int_range: 1
I (17283) test_settings: Received test_float: 1.230000
I (17283) test_settings: Received test_cancel: 0
I (17283) test_settings: Received test_int: 1
I (17293) test_settings: Received test_string: foo
I (17293) test_settings: Received test_bool: false
I (17293) test_settings: Received test_restart: false
E (17313) golioth_settings: Failed to send a response to server: 10
I (17483) test_settings: Received test_bool: false
I (17493) test_settings: Received test_int_range: 1
I (17493) test_settings: Received test_cancel: 0
I (17493) test_settings: Received test_int: 1
I (17503) test_settings: Received test_string: foo
I (17503) test_settings: Received test_float: 1.230000
I (17503) test_settings: Received test_restart: false
E (17513) golioth_settings: Failed to send a response to server: 10
I (17573) test_settings: Received test_restart: false
I (17573) test_settings: Received test_int: 1
I (17583) test_settings: Received test_bool: false
I (17583) test_settings: Received test_cancel: 0
I (17593) test_settings: Received test_float: 1.230000
I (17593) test_settings: Received test_int_range: 1
I (17593) test_settings: Received test_string: foo
E (17593) golioth_settings: Failed to send a response to server: 10
I (17693) test_settings: Received test_bool: false
I (17693) test_settings: Received test_string: foo
I (17693) test_settings: Received test_cancel: 0
I (17693) test_settings: Received test_float: 1.230000
I (17703) test_settings: Received test_int: 1
I (17703) test_settings: Received test_restart: false
I (17703) test_settings: Received test_int_range: 1
E (17723) golioth_settings: Failed to send a response to server: 10
I (17893) test_settings: Received test_float: 1.230000
I (17903) test_settings: Received test_int: 1
I (17903) test_settings: Received test_cancel: 0
I (17903) test_settings: Received test_int_range: 1
I (17913) test_settings: Received test_string: foo
I (17913) test_settings: Received test_restart: false
I (17913) test_settings: Received test_bool: false
E (17923) golioth_settings: Failed to send a response to server: 10
I (17983) test_settings: Received test_float: 1.230000
I (17993) test_settings: Received test_int: 1
I (17993) test_settings: Received test_int_range: 1
I (17993) test_settings: Received test_bool: false
I (18003) test_settings: Received test_cancel: 0
I (18003) test_settings: Received test_string: foo
I (18003) test_settings: Received test_restart: false
E (18003) golioth_settings: Failed to send a response to server: 10
I (18083) test_settings: Received test_float: 1.230000
I (18083) test_settings: Received test_bool: false
I (18083) test_settings: Received test_int: 1
I (18083) test_settings: Received test_int_range: 1
I (18093) test_settings: Received test_restart: false
I (18093) test_settings: Received test_string: foo
I (18103) test_settings: Received test_cancel: 0
E (18113) golioth_settings: Failed to send a response to server: 10
I (18303) test_settings: Received test_int: 1
I (18303) test_settings: Received test_int_range: 1
I (18303) test_settings: Received test_string: foo
I (18303) test_settings: Received test_cancel: 0
I (18323) test_settings: Received test_bool: false
I (18323) test_settings: Received test_float: 1.230000
I (18323) test_settings: Received test_restart: false
E (18323) golioth_settings: Failed to send a response to server: 10
I (18343) test_settings: Received test_bool: false
I (18343) test_settings: Received test_string: foo
I (18353) test_settings: Received test_float: 1.230000
I (18353) test_settings: Received test_int: 42
I (18363) test_settings: Received test_cancel: 0