esptool.py v4.8.1
Serial port /dev/serial/by-id/usb-Silicon_Labs_CP2102N_USB_to_UART_Bridge_Controller_ca317d585c76eb11ba0a87abb7be2ba5-if00-port0
Connecting....
Detecting chip type... ESP32-C3
Chip is ESP32-C3 (QFN32) (revision v0.3)
Features: WiFi, BLE, Embedded Flash 4MB (XMC)
Crystal is 40MHz
MAC: 84:f7:03:09:96:10
Uploading stub...
Running stub...
Stub running...
Changing baud rate to 460800
Changed.
Configuring flash size...
Erasing flash (this may take a while)...
Chip erase completed successfully in 20.2s
Compressed 1010528 bytes to 592311...
Writing at 0x00000000... (2 %)
Writing at 0x00011c74... (5 %)
Writing at 0x0001e632... (8 %)
Writing at 0x0002a5b0... (10 %)
Writing at 0x00033bc2... (13 %)
Writing at 0x0003b6b5... (16 %)
Writing at 0x00041856... (18 %)
Writing at 0x00047b13... (21 %)
Writing at 0x0004dfc4... (24 %)
Writing at 0x000540b4... (27 %)
Writing at 0x00059a79... (29 %)
Writing at 0x0005f84c... (32 %)
Writing at 0x00066229... (35 %)
Writing at 0x0006bdcf... (37 %)
Writing at 0x00071ecd... (40 %)
Writing at 0x00077d24... (43 %)
Writing at 0x0007dde1... (45 %)
Writing at 0x00083971... (48 %)
Writing at 0x00089003... (51 %)
Writing at 0x0008eaab... (54 %)
Writing at 0x00094bf8... (56 %)
Writing at 0x0009a8e4... (59 %)
Writing at 0x000a01ad... (62 %)
Writing at 0x000a6126... (64 %)
Writing at 0x000ac7a3... (67 %)
Writing at 0x000b2956... (70 %)
Writing at 0x000b8a30... (72 %)
Writing at 0x000bed14... (75 %)
Writing at 0x000c460e... (78 %)
Writing at 0x000c9d53... (81 %)
Writing at 0x000cfbd2... (83 %)
Writing at 0x000d5989... (86 %)
Writing at 0x000dc7ea... (89 %)
Writing at 0x000e32bd... (91 %)
Writing at 0x000e9a27... (94 %)
Writing at 0x000efca6... (97 %)
Writing at 0x000f5a6a... (100 %)
Wrote 1010528 bytes (592311 compressed) at 0x00000000 in 19.2 seconds (effective 421.4 kbit/s)...
Hash of data verified.

Leaving...
Hard resetting via RTS pin...
Build:Feb  7 2021
rst:0x1 (POWERON),boot:0xc (SPI_FAST_FLASH_BOOT)
SPIWP:0xee
mode:DIO, clock div:1
load:0x3fcd5820,len:0x1574
load:0x403cc710,len:0xc30
load:0x403ce710,len:0x2fe4
entry 0x403cc71a
I (30) boot: ESP-IDF v5.4 2nd stage bootloader
I (30) boot: compile time Jan 22 2025 00:03:58
I (30) boot: chip revision: v0.3
I (30) boot: efuse block revision: v1.1
I (34) boot.esp32c3: SPI Speed      : 80MHz
I (38) boot.esp32c3: SPI Mode       : DIO
I (41) boot.esp32c3: SPI Flash Size : 4MB
I (45) boot: Enabling RNG early entropy source...
I (50) boot: Partition Table:
I (52) boot: ## Label            Usage          Type ST Offset   Length
I (58) boot:  0 nvs              WiFi data        01 02 00009000 00006000
I (65) boot:  1 phy_init         RF data          01 01 0000f000 00001000
I (72) boot:  2 factory          factory app      00 00 00010000 00100000
I (78) boot: End of partition table
I (81) esp_image: segment 0: paddr=00010020 vaddr=3c0b0020 size=24b64h (150372) map
I (113) esp_image: segment 1: paddr=00034b8c vaddr=3fc93200 size=03018h ( 12312) load
I (115) esp_image: segment 2: paddr=00037bac vaddr=40380000 size=0846ch ( 33900) load
I (123) esp_image: segment 3: paddr=00040020 vaddr=42000020 size=abd8ch (703884) map
I (236) esp_image: segment 4: paddr=000ebdb4 vaddr=4038846c size=0ad58h ( 44376) load
I (245) esp_image: segment 5: paddr=000f6b14 vaddr=50000200 size=0001ch (    28) load
I (251) boot: Loaded app from partition at offset 0x10000
I (251) boot: Disabling RNG early entropy source...
I (262) cpu_start: Unicore app
I (271) cpu_start: Pro cpu start user code
I (271) cpu_start: cpu freq: 160000000 Hz
I (271) app_init: Application information:
I (271) app_init: Project name:     test
I (274) app_init: App version:      ef4f118-dirty
I (279) app_init: Compile time:     Jan 22 2025 00:03:52
I (284) app_init: ELF file SHA256:  7a5fe874b...
I (288) app_init: ESP-IDF:          v5.4
I (292) efuse_init: Min chip rev:     v0.3
I (296) efuse_init: Max chip rev:     v1.99 
I (300) efuse_init: Chip rev:         v0.3
I (303) heap_init: Initializing. RAM available for dynamic allocation:
I (310) heap_init: At 3FC9DBB0 len 00022450 (137 KiB): RAM
I (315) heap_init: At 3FCC0000 len 0001C710 (113 KiB): Retention RAM
I (321) heap_init: At 3FCDC710 len 00002950 (10 KiB): Retention RAM
I (327) heap_init: At 5000021C len 00001DCC (7 KiB): RTCRAM
I (333) spi_flash: detected chip: generic
I (336) spi_flash: flash io: dio
I (339) sleep_gpio: Configure to isolate all GPIO pins in sleep state
I (345) sleep_gpio: Enable automatic switching of GPIO sleep configuration
I (352) main_task: Started on CPU0
I (382) main_task: Calling app_main()
[5n
Type 'help' to get the list of commands.
Use UP/DOWN arrows to navigate through command history.
Press TAB when typing command name to auto-complete.

Your terminal application does not support escape sequences.

Line editing and history features are disabled.

On Windows, try using Putty instead.
esp32> W (882) hil_test: WiFi and Golioth credentials are not set. Use the shell settings commands to set them.

esp32> 
esp32> 
esp32> 
esp32> settings set wifi/ssid "***JONS_ORANGE_PI_WIFI_SSID***"
Setting wifi/ssid saved
esp32> 
esp32> 
esp32> 
esp32> 
esp32> 
esp32> settings set wifi/psk "***JONS_ORANGE_PI_WIFI_PSK***"
Setting wifi/psk saved
es::add-mask::generated-RQhwXmhvXCmatHCC
p32> 
esp32> 
esp32> 
esp32> 
esp32> 
esp32> settings set golioth/psk-id "generated-RQhwXmhvXCmatHCC@firmware_ci"
Setting golioth/psk-id saved
esp32> 
esp32> 
esp32> 
esp32> 
esp32> 
esp32> settings set golioth/psk "generated-RQhwXmhvXCmatHCC"
Setting golioth/psk saved
esp32> 
esp32> I (8902) pp: pp rom version: 9387209
I (8902) net80211: net80211 rom version: 9387209
I (8922) wifi_init: rx ba win: 6
I (8922) wifi_init: accept mbox: 6
I (8922) wifi_init: tcpip mbox: 32
I (8922) wifi_init: udp mbox: 6
I (8922) wifi_init: tcp mbox: 6
I (8932) wifi_init: tcp tx win: 5760
I (8932) wifi_init: tcp rx win: 5760
I (8932) wifi_init: tcp mss: 1440
I (8942) wifi_init: WiFi IRAM OP enabled
I (8942) wifi_init: WiFi RX IRAM OP enabled
I (8942) phy_init: phy_version 1180,01f2a49,Jun  4 2024,16:34:25
W (8952) phy_init: failed to load RF calibration data (0x1102), falling back to full calibration
W (8992) phy_init: saving new calibration data because of checksum failure, mode(2)
I (10362) esp_netif_handlers: sta ip: 192.168.8.141, mask: 255.255.255.0, gw: 192.168.8.1
I (10362) example_wifi: WiFi Connected. Got IP:192.168.8.141
I (10372) example_wifi: Connected to AP SSID: ***JONS_ORANGE_PI_WIFI_SSID***
I (10372) golioth_mbox: Mbox created, bufsize: 2520, num_items: 20, item_size: 120
I (10392) golioth_coap_client_libcoap: Start CoAP session with host: coaps://coap.golioth.io
I (10392) golioth_coap_client_libcoap: Session PSK-ID: generated-RQhwXmhvXCmatHCC@firmware_ci
I (10402) libcoap: Setting PSK key

I (10412) golioth_coap_client_libcoap: Entering CoAP I/O loop
I (11092) golioth_coap_client_libcoap: Golioth CoAP client connected
I (11092) test_connect: Golioth client connected
I (12102) test_connect: Stopping client
I (12102) golioth_coap_client_libcoap: Attempting to stop client
I (12202) golioth_coap_client_libcoap: Stopping
I (12202) golioth_coap_client_libcoap: Ending session
I (12202) test_connect: Golioth client disconnected
I (23302) test_connect: Starting client
I (23302) golioth_coap_client_libcoap: Start CoAP session with host: coaps://coap.golioth.io
I (23302) golioth_coap_client_libcoap: Session PSK-ID: generated-RQhwXmhvXCmatHCC@firmware_ci
I (23312) libcoap: Setting PSK key

I (23312) golioth_coap_client_libcoap: Entering CoAP I/O loop
I (24202) golioth_coap_client_libcoap: Golioth CoAP client connected
I (24202) test_connect: Golioth client connected
I (25202) test_connect: Destroying client
I (25202) golioth_coap_client_libcoap: Attempting to stop client
I (25222) golioth_coap_client_libcoap: Stopping
I (25222) golioth_coap_client_libcoap: Ending session
I (25232) test_connect: Golioth client disconnected
I (36302) test_connect: Starting client
I (36302) golioth_mbox: Mbox created, bufsize: 2520, num_items: 20, item_size: 120
I (36302) golioth_coap_client_libcoap: Start CoAP session with host: coaps://coap.golioth.io
I (36312) golioth_coap_client_libcoap: Session PSK-ID: generated-RQhwXmhvXCmatHCC@firmware_ci
I (36322) libcoap: Setting PSK key

I (36322) golioth_coap_client_libcoap: Entering CoAP I/O loop
I (37102) golioth_coap_client_libcoap: Golioth CoAP client connected
