esptool.py v4.8.1
Serial port /dev/serial/by-id/usb-Silicon_Labs_CP2102N_USB_to_UART_Bridge_Controller_6a5ea5870128ee11b6e611d8f49e3369-if00-port0
Connecting....
Detecting chip type... ESP32-S3
Chip is ESP32-S3 (QFN56) (revision v0.2)
Features: WiFi, BLE, Embedded PSRAM 2MB (AP_3v3)
Crystal is 40MHz
MAC: dc:da:0c:61:9f:74
Uploading stub...
Running stub...
Stub running...
Changing baud rate to 460800
Changed.
Configuring flash size...
Erasing flash (this may take a while)...
Chip erase completed successfully in 1.9s
Compressed 968576 bytes to 600985...
Writing at 0x00000000... (2 %)
Writing at 0x00011736... (5 %)
Writing at 0x0001e89b... (8 %)
Writing at 0x0002aa87... (10 %)
Writing at 0x000340a7... (13 %)
Writing at 0x0003d261... (16 %)
Writing at 0x000433ec... (18 %)
Writing at 0x00048b16... (21 %)
Writing at 0x0004e83f... (24 %)
Writing at 0x0005400c... (27 %)
Writing at 0x0005923b... (29 %)
Writing at 0x0005e69f... (32 %)
Writing at 0x00064248... (35 %)
Writing at 0x0006931a... (37 %)
Writing at 0x0006e5b1... (40 %)
Writing at 0x0007391b... (43 %)
Writing at 0x00078a54... (45 %)
Writing at 0x0007ddfb... (48 %)
Writing at 0x00083339... (51 %)
Writing at 0x000888c6... (54 %)
Writing at 0x0008de8c... (56 %)
Writing at 0x00092ede... (59 %)
Writing at 0x00097eb1... (62 %)
Writing at 0x0009d449... (64 %)
Writing at 0x000a252f... (67 %)
Writing at 0x000a786e... (70 %)
Writing at 0x000ace30... (72 %)
Writing at 0x000b2442... (75 %)
Writing at 0x000b74e4... (78 %)
Writing at 0x000bcb29... (81 %)
Writing at 0x000c239f... (83 %)
Writing at 0x000c98dd... (86 %)
Writing at 0x000d0e59... (89 %)
Writing at 0x000d7bd2... (91 %)
Writing at 0x000dd581... (94 %)
Writing at 0x000e3045... (97 %)
Writing at 0x000e8982... (100 %)
Wrote 968576 bytes (600985 compressed) at 0x00000000 in 13.8 seconds (effective 560.3 kbit/s)...
Hash of data verified.

Leaving...
Hard resetting via RTS pin...
Build:Mar 27 2021
rst:0x1 (POWERON),boot:0x8 (SPI_FAST_FLASH_BOOT)
SPIWP:0xee
mode:DIO, clock div:1
load:0x3fce2810,len:0x15a0
load:0x403c8700,len:0x4
load:0x403c8704,len:0xd20
load:0x403cb700,len:0x2ee4
entry 0x403c8928
I (27) boot: ESP-IDF v5.4 2nd stage bootloader
I (27) boot: compile time Jan 22 2025 00:11:31
I (27) boot: Multicore bootloader
I (27) boot: chip revision: v0.2
I (30) boot: efuse block revision: v1.3
I (33) boot.esp32s3: Boot SPI Speed : 80MHz
I (37) boot.esp32s3: SPI Mode       : DIO
I (41) boot.esp32s3: SPI Flash Size : 2MB
I (45) boot: Enabling RNG early entropy source...
I (49) boot: Partition Table:
I (52) boot: ## Label            Usage          Type ST Offset   Length
I (58) boot:  0 nvs              WiFi data        01 02 00009000 00006000
I (65) boot:  1 phy_init         RF data          01 01 0000f000 00001000
I (71) boot:  2 factory          factory app      00 00 00010000 00100000
I (78) boot: End of partition table
I (81) esp_image: segment 0: paddr=00010020 vaddr=3c0a0020 size=25194h (151956) map
I (115) esp_image: segment 1: paddr=000351bc vaddr=3fc99200 size=04b54h ( 19284) load
I (119) esp_image: segment 2: paddr=00039d18 vaddr=40374000 size=06300h ( 25344) load
I (125) esp_image: segment 3: paddr=00040020 vaddr=42000020 size=9d864h (645220) map
I (240) esp_image: segment 4: paddr=000dd88c vaddr=4037a300 size=0eeach ( 61100) load
I (254) esp_image: segment 5: paddr=000ec740 vaddr=600fe100 size=0001ch (    28) load
I (262) boot: Loaded app from partition at offset 0x10000
I (262) boot: Disabling RNG early entropy source...
I (272) cpu_start: Multicore app
I (281) cpu_start: Pro cpu start user code
I (281) cpu_start: cpu freq: 160000000 Hz
I (281) app_init: Application information:
I (282) app_init: Project name:     get
I (285) app_init: App version:      ef4f118-dirty
I (289) app_init: Compile time:     Jan 22 2025 00:11:25
I (295) app_init: ELF file SHA256:  7b6feda1f...
I (299) app_init: ESP-IDF:          v5.4
I (302) efuse_init: Min chip rev:     v0.0
I (306) efuse_init: Max chip rev:     v0.99 
I (310) efuse_init: Chip rev:         v0.2
I (314) heap_init: Initializing. RAM available for dynamic allocation:
I (320) heap_init: At 3FCA5120 len 000445F0 (273 KiB): RAM
I (326) heap_init: At 3FCE9710 len 00005724 (21 KiB): RAM
I (331) heap_init: At 3FCF0000 len 00008000 (32 KiB): DRAM
I (336) heap_init: At 600FE11C len 00001ECC (7 KiB): RTCRAM
I (342) spi_flash: detected chip: gd
I (345) spi_flash: flash io: dio
W (347) spi_flash: Detected size(8192k) larger than the size in the binary image header(2048k). Using the size in the binary image header.
I (360) sleep_gpio: Configure to isolate all GPIO pins in sleep state
I (366) sleep_gpio: Enable automatic switching of GPIO sleep configuration
I (373) main_task: Started on CPU0
I (393) main_task: Calling app_main()
I (393) lightdb: Start LightDB get sample
[5n
Type 'help' to get the list of commands.
Use UP/DOWN arrows to navigate through command history.
Press TAB when typing command name to auto-complete.

Your terminal application does not support escape sequences.

Line editing and history features are disabled.

On Windows, try using Putty instead.
esp32> W (903) lightdb: WiFi and Golioth credentials are not set. Use the shell settings commands to set them.

esp32> 
esp32> 
esp32> 
esp32> settings set wifi/ssid "***JONS_ORANGE_PI_WIFI_SSID***"
Setting wifi/ssid saved
esp32> 
esp32> 
esp32> 
esp32> 
esp32> 
esp32> settings set wifi/psk "***JONS_ORANGE_PI_WIFI_PSK***"
Setting wifi/psk saved
es::add-mask::generated-zTNdZCzvZrXvoTFh
p32> 
esp32> 
esp32> 
esp32> 
esp32> 
esp32> settings set golioth/psk-id "generated-zTNdZCzvZrXvoTFh@firmware_ci"
Setting golioth/psk-id saved
esp32> 
esp32> 
esp32> 
esp32> 
esp32> 
esp32> settings set golioth/psk "generated-zTNdZCzvZrXvoTFh"
Setting golioth/psk saved
esp32> 
esp32> I (10933) pp: pp rom version: e7ae62f
I (10933) net80211: net80211 rom version: e7ae62f
I (10953) wifi_init: rx ba win: 6
I (10953) wifi_init: accept mbox: 6
I (10953) wifi_init: tcpip mbox: 32
I (10953) wifi_init: udp mbox: 6
I (10953) wifi_init: tcp mbox: 6
I (10963) wifi_init: tcp tx win: 5760
I (10963) wifi_init: tcp rx win: 5760
I (10963) wifi_init: tcp mss: 1440
I (10963) wifi_init: WiFi IRAM OP enabled
I (10983) wifi_init: WiFi RX IRAM OP enabled
I (10983) phy_init: phy_version 680,a6008b2,Jun  4 2024,16:41:10
W (10983) phy_init: failed to load RF calibration data (0x1102), falling back to full calibration
W (11023) phy_init: saving new calibration data because of checksum failure, mode(2)
I (12603) esp_netif_handlers: sta ip: 192.168.8.168, mask: 255.255.255.0, gw: 192.168.8.1
I (12603) example_wifi: WiFi Connected. Got IP:192.168.8.168
I (12603) example_wifi: Connected to AP SSID: ***JONS_ORANGE_PI_WIFI_SSID***
I (12613) golioth_mbox: Mbox created, bufsize: 2520, num_items: 20, item_size: 120
W (12613) lightdb: Waiting for connection to Golioth...
I (12623) golioth_coap_client_libcoap: Start CoAP session with host: coaps://coap.golioth.io
I (12633) golioth_coap_client_libcoap: Session PSK-ID: generated-zTNdZCzvZrXvoTFh@firmware_ci
I (12653) libcoap: Setting PSK key

I (12653) golioth_coap_client_libcoap: Entering CoAP I/O loop
I (13523) golioth_coap_client_libcoap: Golioth CoAP client connected
I (13523) lightdb: Golioth client connected
I (13523) lightdb: Before request (async)
I (13533) lightdb: After request (async)
W (14493) lightdb: Failed to get counter (async): 0
I (18533) lightdb: Before request (sync)
I (18793) lightdb: Counter (sync): 13
I (18793) lightdb: After request (sync)
I (23793) lightdb: Before JSON request (sync)
I (24113) lightdb: 0x3fca8bf0   7b 22 63 6f 75 6e 74 65  72 22 3a 32 37 7d        |{"counter":27}|
I (24123) lightdb: After JSON request (sync)
I (29123) lightdb: Before CBOR request (async)
I (29123) lightdb: After CBOR request (async)
I (29443) lightdb: Counter (CBOR async): 99
I (34123) lightdb: Before request (async)
I (34123) lightdb: After request (async)
I (34563) lightdb: Counter (async): 42
