esptool.py v4.9.0
Serial port /dev/serial/by-id/usb-Silicon_Labs_CP2102N_USB_to_UART_Bridge_Controller_ca317d585c76eb11ba0a87abb7be2ba5-if00-port0
Connecting....
Detecting chip type... ESP32-C3
Chip is ESP32-C3 (QFN32) (revision v0.3)
Features: WiFi, BLE, Embedded Flash 4MB (XMC)
Crystal is 40MHz
MAC: 84:f7:03:09:96:10
Uploading stub...
Running stub...
Stub running...
Changing baud rate to 460800
Changed.
Configuring flash size...
Erasing flash (this may take a while)...
Chip erase completed successfully in 22.6 seconds.
Compressed 1021856 bytes to 599944...
Writing at 0x00000000... (2 %)
Writing at 0x00011d20... (5 %)
Writing at 0x0001e7d0... (8 %)
Writing at 0x0002ab25... (10 %)
Writing at 0x0003387b... (13 %)
Writing at 0x0003bb37... (16 %)
Writing at 0x00041be7... (18 %)
Writing at 0x00047f4c... (21 %)
Writing at 0x0004e494... (24 %)
Writing at 0x00054621... (27 %)
Writing at 0x00059fd4... (29 %)
Writing at 0x0005fbb7... (32 %)
Writing at 0x00066415... (35 %)
Writing at 0x0006bf66... (37 %)
Writing at 0x00072090... (40 %)
Writing at 0x00077e9e... (43 %)
Writing at 0x0007e005... (45 %)
Writing at 0x00083b84... (48 %)
Writing at 0x00089294... (51 %)
Writing at 0x0008ecf2... (54 %)
Writing at 0x00094d8e... (56 %)
Writing at 0x0009a83d... (59 %)
Writing at 0x000a00fc... (62 %)
Writing at 0x000a6086... (64 %)
Writing at 0x000ac63a... (67 %)
Writing at 0x000b2734... (70 %)
Writing at 0x000b8bc1... (72 %)
Writing at 0x000beb3a... (75 %)
Writing at 0x000c4889... (78 %)
Writing at 0x000c9e92... (81 %)
Writing at 0x000cfcc4... (83 %)
Writing at 0x000d58f6... (86 %)
Writing at 0x000dc9bd... (89 %)
Writing at 0x000e2db8... (91 %)
Writing at 0x000e9af3... (94 %)
Writing at 0x000efb42... (97 %)
Writing at 0x000f5a82... (100 %)
Wrote 1021856 bytes (599944 compressed) at 0x00000000 in 20.4 seconds (effective 399.8 kbit/s)...
Hash of data verified.

Leaving...
Hard resetting via RTS pin...
Build:Feb  7 2021
rst:0x1 (POWERON),boot:0xc (SPI_FAST_FLASH_BOOT)
SPIWP:0xee
mode:DIO, clock div:1
load:0x3fcd5820,len:0x1574
load:0x403cc710,len:0xc30
load:0x403ce710,len:0x2f64
entry 0x403cc71a
I (30) boot: ESP-IDF v5.4.1 2nd stage bootloader
I (30) boot: compile time Oct  7 2025 18:14:41
I (30) boot: chip revision: v0.3
I (30) boot: efuse block revision: v1.1
I (34) boot.esp32c3: SPI Speed      : 80MHz
I (38) boot.esp32c3: SPI Mode       : DIO
I (41) boot.esp32c3: SPI Flash Size : 2MB
I (45) boot: Enabling RNG early entropy source...
I (50) boot: Partition Table:
I (52) boot: ## Label            Usage          Type ST Offset   Length
I (59) boot:  0 nvs              WiFi data        01 02 00009000 00006000
I (65) boot:  1 phy_init         RF data          01 01 0000f000 00001000
I (72) boot:  2 factory          factory app      00 00 00010000 00100000
I (78) boot: End of partition table
I (81) esp_image: segment 0: paddr=00010020 vaddr=3c0b0020 size=259a8h (154024) map
I (113) esp_image: segment 1: paddr=000359d0 vaddr=3fc93400 size=03050h ( 12368) load
I (116) esp_image: segment 2: paddr=00038a28 vaddr=40380000 size=075f0h ( 30192) load
I (123) esp_image: segment 3: paddr=00040020 vaddr=42000020 size=ad9ach (711084) map
I (238) esp_image: segment 4: paddr=000ed9d4 vaddr=403875f0 size=0bd80h ( 48512) load
I (247) esp_image: segment 5: paddr=000f975c vaddr=50000200 size=0001ch (    28) load
I (254) boot: Loaded app from partition at offset 0x10000
I (254) boot: Disabling RNG early entropy source...
I (265) cpu_start: Unicore app
I (273) cpu_start: Pro cpu start user code
I (273) cpu_start: cpu freq: 160000000 Hz
I (273) app_init: Application information:
I (273) app_init: Project name:     delete
I (277) app_init: App version:      aff82a8-dirty
I (282) app_init: Compile time:     Oct  7 2025 18:14:34
I (287) app_init: ELF file SHA256:  4b951253e...
I (291) app_init: ESP-IDF:          v5.4.1
I (295) efuse_init: Min chip rev:     v0.3
I (299) efuse_init: Max chip rev:     v1.99 
I (303) efuse_init: Chip rev:         v0.3
I (306) heap_init: Initializing. RAM available for dynamic allocation:
I (313) heap_init: At 3FC9DEB0 len 00022150 (136 KiB): RAM
I (318) heap_init: At 3FCC0000 len 0001C710 (113 KiB): Retention RAM
I (324) heap_init: At 3FCDC710 len 00002950 (10 KiB): Retention RAM
I (330) heap_init: At 5000021C len 00001DCC (7 KiB): RTCRAM
I (336) spi_flash: detected chip: generic
I (339) spi_flash: flash io: dio
W (342) spi_flash: Detected size(4096k) larger than the size in the binary image header(2048k). Using the size in the binary image header.
I (355) sleep_gpio: Configure to isolate all GPIO pins in sleep state
I (360) sleep_gpio: Enable automatic switching of GPIO sleep configuration
I (367) main_task: Started on CPU0
I (377) main_task: Calling app_main()
I (377) lightdb: Start LightDB delete sample
[5n
Type 'help' to get the list of commands.
Use UP/DOWN arrows to navigate through command history.
Press TAB when typing command name to auto-complete.

Your terminal application does not support escape sequences.

Line editing and history features are disabled.

On Windows, try using Putty instead.
esp32> W (887) lightdb: WiFi and Golioth credentials are not set. Use the shell settings commands to set them.

esp32> 
esp32> 
esp32> 
esp32> settings set wifi/ssid "***JONS_ORANGE_PI_WIFI_SSID***"
Setting wifi/ssid saved
esp32> 
esp32> 
esp32> 
esp32> 
esp32> 
esp32> settings set wifi/psk "***JONS_ORANGE_PI_WIFI_PSK***"
Setting wifi/psk saved
es::add-mask::generated-YdlHpIpiSxPgkqeX
p32> 
esp32> 
esp32> 
esp32> 
esp32> 
esp32> settings set golioth/psk-id "generated-YdlHpIpiSxPgkqeX@firmware_ci"
Setting golioth/psk-id saved
esp32> 
esp32> 
esp32> 
esp32> 
esp32> 
esp32> settings set golioth/psk "generated-YdlHpIpiSxPgkqeX"
Setting golioth/psk saved
esp32> 
esp32> I (10907) pp: pp rom version: 9387209
I (10907) net80211: net80211 rom version: 9387209
I (10927) wifi_init: rx ba win: 6
I (10927) wifi_init: accept mbox: 6
I (10927) wifi_init: tcpip mbox: 32
I (10927) wifi_init: udp mbox: 6
I (10927) wifi_init: tcp mbox: 6
I (10937) wifi_init: tcp tx win: 5760
I (10937) wifi_init: tcp rx win: 5760
I (10937) wifi_init: tcp mss: 1440
I (10947) wifi_init: WiFi IRAM OP enabled
I (10947) wifi_init: WiFi RX IRAM OP enabled
I (10947) phy_init: phy_version 1200,2b7123f9,Feb 18 2025,15:22:21
W (10957) phy_init: failed to load RF calibration data (0x1102), falling back to full calibration
I (10997) phy_init: Saving new calibration data due to checksum failure or outdated calibration data, mode(2)
I (12397) esp_netif_handlers: sta ip: 192.168.8.141, mask: 255.255.255.0, gw: 192.168.8.1
I (12397) example_wifi: WiFi Connected. Got IP:192.168.8.141
I (12407) example_wifi: Connected to AP SSID: ***JONS_ORANGE_PI_WIFI_SSID***
I (12407) golioth_mbox: Mbox created, bufsize: 2688, num_items: 20, item_size: 128
W (12417) lightdb: Waiting for connection to Golioth...
I (12427) golioth_coap_client_libcoap: Start CoAP session with host: coaps://coap.golioth.io
I (12427) golioth_coap_client_libcoap: Session PSK-ID: generated-YdlHpIpiSxPgkqeX@firmware_ci
I (12437) libcoap: Setting PSK key

I (12447) golioth_coap_client_libcoap: Entering CoAP I/O loop
I (13387) golioth_coap_client_libcoap: Golioth CoAP client connected
I (13387) lightdb: Golioth client connected
I (13387) lightdb: Before request (async)
I (13387) lightdb: After request (async)
I (15837) lightdb: Counter deleted successfully
I (18397) lightdb: Before request (sync)
I (18707) lightdb: Counter deleted successfully
I (18717) light