esptool.py v4.8.1
Serial port /dev/serial/by-id/usb-Silicon_Labs_CP2102N_USB_to_UART_Bridge_Controller_4ea3e6704b5fec1187ca2c5f25bfaa52-if00-port0
Connecting......
Detecting chip type... Unsupported detection protocol, switching and trying again...
Connecting....
Detecting chip type... ESP32
Chip is ESP32-D0WD-V3 (revision v3.0)
Features: WiFi, BT, Dual Core, 240MHz, VRef calibration in efuse, Coding Scheme None
Crystal is 40MHz
MAC: 90:38:0c:eb:0a:28
Uploading stub...
Running stub...
Stub running...
Changing baud rate to 460800
Changed.
Configuring flash size...
Erasing flash (this may take a while)...
Chip erase completed successfully in 20.3s
Compressed 1004112 bytes to 630742...
Writing at 0x00000000... (2 %)
Writing at 0x000077eb... (5 %)
Writing at 0x0001c878... (7 %)
Writing at 0x00029abd... (10 %)
Writing at 0x000305d6... (12 %)
Writing at 0x000357ca... (15 %)
Writing at 0x0004044d... (17 %)
Writing at 0x00045eef... (20 %)
Writing at 0x0004b5de... (23 %)
Writing at 0x00050ab4... (25 %)
Writing at 0x00055baa... (28 %)
Writing at 0x0005ae5e... (30 %)
Writing at 0x0006084b... (33 %)
Writing at 0x00065964... (35 %)
Writing at 0x0006acf3... (38 %)
Writing at 0x0006ffd1... (41 %)
Writing at 0x0007527c... (43 %)
Writing at 0x0007a447... (46 %)
Writing at 0x0007f9f3... (48 %)
Writing at 0x000855d2... (51 %)
Writing at 0x0008aca1... (53 %)
Writing at 0x000900a4... (56 %)
Writing at 0x0009523f... (58 %)
Writing at 0x0009a966... (61 %)
Writing at 0x0009ffc3... (64 %)
Writing at 0x000a52b6... (66 %)
Writing at 0x000aaaa2... (69 %)
Writing at 0x000b03a5... (71 %)
Writing at 0x000b5496... (74 %)
Writing at 0x000baa9a... (76 %)
Writing at 0x000c0255... (79 %)
Writing at 0x000c7ca4... (82 %)
Writing at 0x000ceefe... (84 %)
Writing at 0x000d6a38... (87 %)
Writing at 0x000dc08c... (89 %)
Writing at 0x000e1fea... (92 %)
Writing at 0x000e764f... (94 %)
Writing at 0x000ed355... (97 %)
Writing at 0x000f257f... (100 %)
Wrote 1004112 bytes (630742 compressed) at 0x00000000 in 15.9 seconds (effective 504.8 kbit/s)...
Hash of data verified.

Leaving...
Hard resetting via RTS pin...
xxxxxxxxxxÒ’Ò¢j

rst:0x1 (POWERON_RESET),boot:0x13 (SPI_FAST_FLASH_BOOT)
configsip: 0, SPIWP:0xee
clk_drv:0x00,q_drv:0x00,d_drv:0x00,cs0_drv:0x00,hd_drv:0x00,wp_drv:0x00
mode:DIO, clock div:2
load:0x3fff0030,len:7176
load:0x40078000,len:15564
ho 0 tail 12 room 4
load:0x40080400,len:4
load:0x40080404,len:3904
entry 0x40080640
[0;32mI (31) boot: ESP-IDF v5.3 2nd stage bootloader[0m
[0;32mI (31) boot: compile time Dec  3 2024 18:55:39[0m
[0;32mI (31) boot: Multicore bootloader[0m
[0;32mI (35) boot: chip revision: v3.0[0m
[0;32mI (39) boot.esp32: SPI Speed      : 40MHz[0m
[0;32mI (44) boot.esp32: SPI Mode       : DIO[0m
[0;32mI (48) boot.esp32: SPI Flash Size : 2MB[0m
[0;32mI (53) boot: Enabling RNG early entropy source...[0m
[0;32mI (58) boot: Partition Table:[0m
[0;32mI (62) boot: ## Label            Usage          Type ST Offset   Length[0m
[0;32mI (69) boot:  0 nvs              WiFi data        01 02 00009000 00006000[0m
[0;32mI (76) boot:  1 phy_init         RF data          01 01 0000f000 00001000[0m
[0;32mI (84) boot:  2 factory          factory app      00 00 00010000 00100000[0m
[0;32mI (91) boot: End of partition table[0m
[0;32mI (96) esp_image: segment 0: paddr=00010020 vaddr=3f400020 size=2bd98h (179608) map[0m
[0;32mI (166) esp_image: segment 1: paddr=0003bdc0 vaddr=3ffb0000 size=04074h ( 16500) load[0m
[0;32mI (172) esp_image: segment 2: paddr=0003fe3c vaddr=40080000 size=001dch (   476) load[0m
[0;32mI (172) esp_image: segment 3: paddr=00040020 vaddr=400d0020 size=9e864h (649316) map[0m
[0;32mI (402) esp_image: segment 4: paddr=000de88c vaddr=400801dc size=16994h ( 92564) load[0m
[0;32mI (450) boot: Loaded app from partition at offset 0x10000[0m
[0;32mI (450) boot: Disabling RNG early entropy source...[0m
[0;32mI (462) cpu_start: Multicore app[0m
[0;32mI (471) cpu_start: Pro cpu start user code[0m
[0;32mI (471) cpu_start: cpu freq: 160000000 Hz[0m
[0;32mI (471) app_init: Application information:[0m
[0;32mI (474) app_init: Project name:     settings[0m
[0;32mI (479) app_init: App version:      273c0a2-dirty[0m
[0;32mI (484) app_init: Compile time:     Dec  3 2024 18:55:32[0m
[0;32mI (490) app_init: ELF file SHA256:  be1a43a5c...[0m
[0;32mI (495) app_init: ESP-IDF:          v5.3[0m
[0;32mI (500) efuse_init: Min chip rev:     v0.0[0m
[0;32mI (505) efuse_init: Max chip rev:     v3.99 [0m
[0;32mI (510) efuse_init: Chip rev:         v3.0[0m
[0;32mI (515) heap_init: Initializing. RAM available for dynamic allocation:[0m
[0;32mI (522) heap_init: At 3FFAE6E0 len 00001920 (6 KiB): DRAM[0m
[0;32mI (528) heap_init: At 3FFBBE70 len 00024190 (144 KiB): DRAM[0m
[0;32mI (534) heap_init: At 3FFE0440 len 00003AE0 (14 KiB): D/IRAM[0m
[0;32mI (540) heap_init: At 3FFE4350 len 0001BCB0 (111 KiB): D/IRAM[0m
[0;32mI (547) heap_init: At 40096B70 len 00009490 (37 KiB): IRAM[0m
[0;32mI (554) spi_flash: detected chip: generic[0m
[0;32mI (558) spi_flash: flash io: dio[0m
[0;33mW (561) spi_flash: Detected size(8192k) larger than the size in the binary image header(2048k). Using the size in the binary image header.[0m
[0;32mI (576) main_task: Started on CPU0[0m
[0;32mI (586) main_task: Calling app_main()[0m
[0;32mI (586) settings: Start Golioth Device Settings sample[0m
[5n
Type 'help' to get the list of commands.
Use UP/DOWN arrows to navigate through command history.
Press TAB when typing command name to auto-complete.

Your terminal application does not support escape sequences.

Line editing and history features are disabled.

On Windows, try using Putty instead.
esp32> [0;33mW (2106) settings: WiFi and golioth credentials are not set[0m
[0;33mW (2106) settings: Use the shell settings commands to set them, then restart[0m

esp32> 
esp32> 
esp32> 
esp32> settings set wifi/ssid "***MIKES_ORANGE_PI_WIFI_SSID***"
Setting wifi/ssid saved
esp32> 
esp32> 
esp32> 
esp32> 
esp32> 
esp32> settings set wifi/psk "***MIKES_ORANGE_PI_WIFI_PSK***"
Setting wifi/psk saved
esp32> 
es::add-mask::generated-eXeIAzXyIsbxoyyy
p32> 
esp32> 
esp32> 
esp32> 
esp32> settings set golioth/psk-id "generated-eXeIAzXyIsbxoyyy@firmware_ci"
Setting golioth/psk-id saved
esp32> 
esp32> 
esp32> 
esp32> 
esp32> 
esp32> settings set golioth/psk "generated-eXeIAzXyIsbxoyyy"
Setting golioth/psk saved
esp32> 
esp32> 
esp32> 
esp32> 
esp32> 
esp32> reset
[0;32mI (11236) shell: Resetting[0m
ets Jul 29 2019 12:21:46

rst:0xc (SW_CPU_RESET),boot:0x13 (SPI_FAST_FLASH_BOOT)
configsip: 0, SPIWP:0xee
clk_drv:0x00,q_drv:0x00,d_drv:0x00,cs0_drv:0x00,hd_drv:0x00,wp_drv:0x00
mode:DIO, clock div:2
load:0x3fff0030,len:7176
load:0x40078000,len:15564
ho 0 tail 12 room 4
load:0x40080400,len:4
load:0x40080404,len:3904
entry 0x40080640
[0;32mI (31) boot: ESP-IDF v5.3 2nd stage bootloader[0m
[0;32mI (31) boot: compile time Dec  3 2024 18:55:39[0m
[0;32mI (31) boot: Multicore bootloader[0m
[0;32mI (35) boot: chip revision: v3.0[0m
[0;32mI (39) boot.esp32: SPI Speed      : 40MHz[0m
[0;32mI (44) boot.esp32: SPI Mode       : DIO[0m
[0;32mI (48) boot.esp32: SPI Flash Size : 2MB[0m
[0;32mI (53) boot: Enabling RNG early entropy source...[0m
[0;32mI (58) boot: Partition Table:[0m
[0;32mI (62) boot: ## Label            Usage          Type ST Offset   Length[0m
[0;32mI (69) boot:  0 nvs              WiFi data        01 02 00009000 00006000[0m
[0;32mI (76) boot:  1 phy_init         RF data          01 01 0000f000 00001000[0m
[0;32mI (84) boot:  2 factory          factory app      00 00 00010000 00100000[0m
[0;32mI (91) boot: End of partition table[0m
[0;32mI (96) esp_image: segment 0: paddr=00010020 vaddr=3f400020 size=2bd98h (179608) map[0m
[0;32mI (166) esp_image: segment 1: paddr=0003bdc0 vaddr=3ffb0000 size=04074h ( 16500) load[0m
[0;32mI (172) esp_image: segment 2: paddr=0003fe3c vaddr=40080000 size=001dch (   476) load[0m
[0;32mI (172) esp_image: segment 3: paddr=00040020 vaddr=400d0020 size=9e864h (649316) map[0m
[0;32mI (402) esp_image: segment 4: paddr=000de88c vaddr=400801dc size=16994h ( 92564) load[0m
[0;32mI (450) boot: Loaded app from partition at offset 0x10000[0m
[0;32mI (450) boot: Disabling RNG early entropy source...[0m
[0;32mI (462) cpu_start: Multicore app[0m
[0;32mI (471) cpu_start: Pro cpu start user code[0m
[0;32mI (471) cpu_start: cpu freq: 160000000 Hz[0m
[0;32mI (471) app_init: Application information:[0m
[0;32mI (474) app_init: Project name:     settings[0m
[0;32mI (479) app_init: App version:      273c0a2-dirty[0m
[0;32mI (484) app_init: Compile time:     Dec  3 2024 18:55:32[0m
[0;32mI (490) app_init: ELF file SHA256:  be1a43a5c...[0m
[0;32mI (495) app_init: ESP-IDF:          v5.3[0m
[0;32mI (500) efuse_init: Min chip rev:     v0.0[0m
[0;32mI (505) efuse_init: Max chip rev:     v3.99 [0m
[0;32mI (509) efuse_init: Chip rev:         v3.0[0m
[0;32mI (515) heap_init: Initializing. RAM available for dynamic allocation:[0m
[0;32mI (522) heap_init: At 3FFAE6E0 len 00001920 (6 KiB): DRAM[0m
[0;32mI (528) heap_init: At 3FFBBE70 len 00024190 (144 KiB): DRAM[0m
[0;32mI (534) heap_init: At 3FFE0440 len 00003AE0 (14 KiB): D/IRAM[0m
[0;32mI (540) heap_init: At 3FFE4350 len 0001BCB0 (111 KiB): D/IRAM[0m
[0;32mI (547) heap_init: At 40096B70 len 00009490 (37 KiB): IRAM[0m
[0;32mI (554) spi_flash: detected chip: generic[0m
[0;32mI (557) spi_flash: flash io: dio[0m
[0;33mW (561) spi_flash: Detected size(8192k) larger than the size in the binary image header(2048k). Using the size in the binary image header.[0m
[0;32mI (575) main_task: Started on CPU0[0m
[0;32mI (585) main_task: Calling app_main()[0m
[0;32mI (585) settings: Start Golioth Device Settings sample[0m
[5n
Type 'help' to get the list of commands.
Use UP/DOWN arrows to navigate through command history.
Press TAB when typing command name to auto-complete.

Your terminal application does not support escape sequences.

Line editing and history features are disabled.

On Windows, try using Putty instead.
esp32> [0;32mI (1125) wifi_init: rx ba win: 6[0m
[0;32mI (1135) wifi_init: accept mbox: 6[0m
[0;32mI (1135) wifi_init: tcpip mbox: 32[0m
[0;32mI (1135) wifi_init: udp mbox: 6[0m
[0;32mI (1135) wifi_init: tcp mbox: 6[0m
[0;32mI (1145) wifi_init: tcp tx win: 5760[0m
[0;32mI (1145) wifi_init: tcp rx win: 5760[0m
[0;32mI (1145) wifi_init: tcp mss: 1440[0m
[0;32mI (1155) wifi_init: WiFi IRAM OP enabled[0m
[0;32mI (1155) wifi_init: WiFi RX IRAM OP enabled[0m
[0;32mI (1165) phy_init: phy_version 4830,54550f7,Jun 20 2024,14:22:08[0m
[0;33mW (1175) phy_init: failed to load RF calibration data (0x1102), falling back to full calibration[0m
[0;33mW (1245) phy_init: saving new calibration data because of checksum failure, mode(2)[0m
[0;32mI (2645) esp_netif_handlers: sta ip: 192.168.8.157, mask: 255.255.255.0, gw: 192.168.8.1[0m
[0;32mI (2645) example_wifi: WiFi Connected. Got IP:192.168.8.157[0m
[0;32mI (2655) example_wifi: Connected to AP SSID: ***MIKES_ORANGE_PI_WIFI_SSID***[0m
[0;32mI (2655) golioth_mbox: Mbox created, bufsize: 2520, num_items: 20, item_size: 120[0m
[0;33mW (2675) settings: Waiting for connection to Golioth...[0m
[0;32mI (2675) golioth_coap_client_libcoap: Start CoAP session with host: coaps://coap.golioth.io[0m
[0;32mI (2685) golioth_coap_client_libcoap: Session PSK-ID: generated-eXeIAzXyIsbxoyyy@firmware_ci[0m
[0;32mI (2695) libcoap: Setting PSK key
[0m
[0;32mI (2705) golioth_coap_client_libcoap: Entering CoAP I/O loop[0m
[0;32mI (3075) golioth_coap_client_libcoap: Golioth CoAP client connected[0m
[0;32mI (3075) settings: Golioth client connected[0m
[0;32mI (3085) settings: Sending hello! 0[0m
[0;32mI (3445) settings: Setting loop delay to 1 s[0m
[0;31mE (3445) golioth_settings: Failed to send a response to server: -12[0m
[0;32mI (3505) settings: Setting loop delay to 1 s[0m
[0;31mE (3505) golioth_settings: Failed to send a response to server: -12[0m
[0;32mI (4755) settings: Setting loop delay to 5 s[0m
[0;31m