esptool.py v4.8.1
Serial port /dev/serial/by-id/usb-Silicon_Labs_CP2102N_USB_to_UART_Bridge_Controller_76b3b9235e24ed11ac32d0fff9a97352-if00-port0
Connecting....
Detecting chip type... Unsupported detection protocol, switching and trying again...
Connecting....
Detecting chip type... ESP32
Chip is ESP32-D0WD-V3 (revision v3.1)
Features: WiFi, BT, Dual Core, 240MHz, VRef calibration in efuse, Coding Scheme None
Crystal is 40MHz
MAC: 08:b6:1f:ed:44:bc
Uploading stub...
Running stub...
Stub running...
Changing baud rate to 460800
Changed.
Configuring flash size...
Erasing flash (this may take a while)...
Chip erase completed successfully in 0.7s
Compressed 996688 bytes to 626359...
Writing at 0x00000000... (2 %)
Writing at 0x000077ef... (5 %)
Writing at 0x0001c7ad... (7 %)
Writing at 0x0002978a... (10 %)
Writing at 0x00030020... (12 %)
Writing at 0x00035215... (15 %)
Writing at 0x000400de... (17 %)
Writing at 0x00045bd2... (20 %)
Writing at 0x0004b2ec... (23 %)
Writing at 0x00050580... (25 %)
Writing at 0x000557b5... (28 %)
Writing at 0x0005abba... (30 %)
Writing at 0x00060377... (33 %)
Writing at 0x0006542f... (35 %)
Writing at 0x0006a85e... (38 %)
Writing at 0x0006faec... (41 %)
Writing at 0x00074de7... (43 %)
Writing at 0x00079eed... (46 %)
Writing at 0x0007f5bf... (48 %)
Writing at 0x00085127... (51 %)
Writing at 0x0008a887... (53 %)
Writing at 0x0008fb5b... (56 %)
Writing at 0x00094d8c... (58 %)
Writing at 0x0009a41d... (61 %)
Writing at 0x0009fb15... (64 %)
Writing at 0x000a4d75... (66 %)
Writing at 0x000aa657... (69 %)
Writing at 0x000afe9d... (71 %)
Writing at 0x000b4f53... (74 %)
Writing at 0x000ba68f... (76 %)
Writing at 0x000bfe3d... (79 %)
Writing at 0x000c77fd... (82 %)
Writing at 0x000cf626... (84 %)
Writing at 0x000d679a... (87 %)
Writing at 0x000dbea0... (89 %)
Writing at 0x000e194c... (92 %)
Writing at 0x000e704e... (94 %)
Writing at 0x000ecb82... (97 %)
Writing at 0x000f1dfd... (100 %)
Wrote 996688 bytes (626359 compressed) at 0x00000000 in 14.4 seconds (effective 552.9 kbit/s)...
Hash of data verified.

Leaving...
Hard resetting via RTS pin...
xxxxxxxxxx@2019 12:21:46

rst:0x1 (POWERON_RESET),boot:0x13 (SPI_FAST_FLASH_BOOT)
configsip: 0, SPIWP:0xee
clk_drv:0x00,q_drv:0x00,d_drv:0x00,cs0_drv:0x00,hd_drv:0x00,wp_drv:0x00
mode:DIO, clock div:2
load:0x3fff0030,len:7176
load:0x40078000,len:15564
ho 0 tail 12 room 4
load:0x40080400,len:4
load:0x40080404,len:3904
entry 0x40080640
[0;32mI (31) boot: ESP-IDF v5.3 2nd stage bootloader[0m
[0;32mI (31) boot: compile time Nov 25 2024 16:38:20[0m
[0;32mI (31) boot: Multicore bootloader[0m
[0;32mI (35) boot: chip revision: v3.1[0m
[0;32mI (39) boot.esp32: SPI Speed      : 40MHz[0m
[0;32mI (44) boot.esp32: SPI Mode       : DIO[0m
[0;32mI (48) boot.esp32: SPI Flash Size : 2MB[0m
[0;32mI (53) boot: Enabling RNG early entropy source...[0m
[0;32mI (58) boot: Partition Table:[0m
[0;32mI (62) boot: ## Label            Usage          Type ST Offset   Length[0m
[0;32mI (69) boot:  0 nvs              WiFi data        01 02 00009000 00006000[0m
[0;32mI (76) boot:  1 phy_init         RF data          01 01 0000f000 00001000[0m
[0;32mI (84) boot:  2 factory          factory app      00 00 00010000 00100000[0m
[0;32mI (91) boot: End of partition table[0m
[0;32mI (96) esp_image: segment 0: paddr=00010020 vaddr=3f400020 size=2b678h (177784) map[0m
[0;32mI (165) esp_image: segment 1: paddr=0003b6a0 vaddr=3ffb0000 size=04074h ( 16500) load[0m
[0;32mI (171) esp_image: segment 2: paddr=0003f71c vaddr=40080000 size=008fch (  2300) load[0m
[0;32mI (173) esp_image: segment 3: paddr=00040020 vaddr=400d0020 size=9d284h (643716) map[0m
[0;32mI (400) esp_image: segment 4: paddr=000dd2ac vaddr=400808fc size=16274h ( 90740) load[0m
[0;32mI (447) boot: Loaded app from partition at offset 0x10000[0m
[0;32mI (447) boot: Disabling RNG early entropy source...[0m
[0;32mI (459) cpu_start: Multicore app[0m
[0;32mI (467) cpu_start: Pro cpu start user code[0m
[0;32mI (467) cpu_start: cpu freq: 160000000 Hz[0m
[0;32mI (468) app_init: Application information:[0m
[0;32mI (470) app_init: Project name:     hello[0m
[0;32mI (475) app_init: App version:      636af7e-dirty[0m
[0;32mI (480) app_init: Compile time:     Nov 25 2024 16:38:14[0m
[0;32mI (486) app_init: ELF file SHA256:  d59db871e...[0m
[0;32mI (492) app_init: ESP-IDF:          v5.3[0m
[0;32mI (496) efuse_init: Min chip rev:     v0.0[0m
[0;32mI (501) efuse_init: Max chip rev:     v3.99 [0m
[0;32mI (506) efuse_init: Chip rev:         v3.1[0m
[0;32mI (511) heap_init: Initializing. RAM available for dynamic allocation:[0m
[0;32mI (518) heap_init: At 3FFAE6E0 len 00001920 (6 KiB): DRAM[0m
[0;32mI (524) heap_init: At 3FFBBE68 len 00024198 (144 KiB): DRAM[0m
[0;32mI (530) heap_init: At 3FFE0440 len 00003AE0 (14 KiB): D/IRAM[0m
[0;32mI (537) heap_init: At 3FFE4350 len 0001BCB0 (111 KiB): D/IRAM[0m
[0;32mI (543) heap_init: At 40096B70 len 00009490 (37 KiB): IRAM[0m
[0;32mI (551) spi_flash: detected chip: gd[0m
[0;32mI (554) spi_flash: flash io: dio[0m
[0;33mW (557) spi_flash: Detected size(8192k) larger than the size in the binary image header(2048k). Using the size in the binary image header.[0m
[0;32mI (572) main_task: Started on CPU0[0m
[0;32mI (582) main_task: Calling app_main()[0m
[5n
Type 'help' to get the list of commands.
Use UP/DOWN arrows to navigate through command history.
Press TAB when typing command name to auto-complete.

Your terminal application does not support escape sequences.

Line editing and history features are disabled.

On Windows, try using Putty instead.
esp32> [0;33mW (1092) hello: WiFi credentials are not set. Use the shell settings commands to set them.[0m

esp32> 
esp32> 
esp32> 
esp32> settings set wifi/ssid "***MIKES_ORANGE_PI_WIFI_SSID***"
Setting wifi/ssid saved
esp32> 
esp32> 
esp32> 
esp32> 
esp32> 
esp32> settings set wifi/psk "***MIKES_ORANGE_PI_WIFI_PSK***"
Setting wifi/psk saved
esp32> 
es::add-mask::generated-RNlYYFWXwIrrrIyA
p32> 
esp32> 
esp32> 
esp32> 
esp32> settings set golioth/psk-id "generated-RNlYYFWXwIrrrIyA@firmware_ci"
Setting golioth/psk-id saved
esp32> 
esp32> 
esp32> 
esp32> 
esp32> 
esp32> settings set golioth/psk "generated-RNlYYFWXwIrrrIyA"
Setting golioth/psk saved
esp32> 
esp32> [0;32mI (9142) wifi_init: rx ba win: 6[0m
[0;32mI (9142) wifi_init: accept mbox: 6[0m
[0;32mI (9142) wifi_init: tcpip mbox: 32[0m
[0;32mI (9142) wifi_init: udp mbox: 6[0m
[0;32mI (9162) wifi_init: tcp mbox: 6[0m
[0;32mI (9162) wifi_init: tcp tx win: 5760[0m
[0;32mI (9162) wifi_init: tcp rx win: 5760[0m
[0;32mI (9172) wifi_init: tcp mss: 1440[0m
[0;32mI (9172) wifi_init: WiFi IRAM OP enabled[0m
[0;32mI (9172) wifi_init: WiFi RX IRAM OP enabled[0m
[0;32mI (9182) phy_init: phy_version 4830,54550f7,Jun 20 2024,14:22:08[0m
[0;33mW (9182) phy_init: failed to load RF calibration data (0x1102), falling back to full calibration[0m
[0;33mW (9262) phy_init: saving new calibration data because of checksum failure, mode(2)[0m
[0;32mI (14132) esp_netif_handlers: sta ip: 192.168.8.240, mask: 255.255.255.0, gw: 192.168.8.1[0m
[0;32mI (14132) example_wifi: WiFi Connected. Got IP:192.168.8.240[0m
[0;32mI (14142) example_wifi: Connected to AP SSID: ***MIKES_ORANGE_PI_WIFI_SSID***[0m
[0;32mI (14142) golioth_mbox: Mbox created, bufsize: 2520, num_items: 20, item_size: 120[0m
[0;33mW (14162) hello: Waiting for connection to Golioth...[0m
[0;32mI (14202) golioth_coap_client_libcoap: Start CoAP session with host: coaps://coap.golioth.io[0m
[0;32mI (14202) golioth_coap_client_libcoap: Session PSK-ID: generated-RNlYYFWXwIrrrIyA@firmware_ci[0m
[0;32mI (14222) libcoap: Setting PSK key
[0m
[0;32mI (14232) golioth_coap_client_libcoap: Entering CoAP I/O loop[0m
[0;32mI (14642) golioth_coap_client_libcoap: Golioth CoAP client connected[0m
[0;32mI (14642) hello: Golioth client connected[0m
[0;32mI (14652) hello: Sending hello! 0[0m
[0;32mI (19652) hello: Sending hello! 1[0m
[0;32mI (24652) hello: Sending hello! 2[0m
[0;32mI (29652) hello: Sending hello! 3[0m
