esptool.py v4.8.1
Serial port /dev/serial/by-id/usb-Silicon_Labs_CP2102N_USB_to_UART_Bridge_Controller_18a5eb8de0faeb11a1553ea4c6d924ec-if00-port0
Connecting....
Detecting chip type... ESP32-C3
Chip is ESP32-C3 (QFN32) (revision v0.3)
Features: WiFi, BLE
Crystal is 40MHz
MAC: 7c:df:a1:da:77:ac
Uploading stub...
Running stub...
Stub running...
Changing baud rate to 460800
Changed.
Configuring flash size...
Erasing flash (this may take a while)...
Chip erase completed successfully in 10.5s
Compressed 1021520 bytes to 597869...
Writing at 0x00000000... (2 %)
Writing at 0x00011c69... (5 %)
Writing at 0x0001e93a... (8 %)
Writing at 0x0002aa06... (10 %)
Writing at 0x00033fc1... (13 %)
Writing at 0x0003bca4... (16 %)
Writing at 0x00041e75... (18 %)
Writing at 0x00048343... (21 %)
Writing at 0x0004e735... (24 %)
Writing at 0x00054e1e... (27 %)
Writing at 0x0005a65e... (29 %)
Writing at 0x000602a3... (32 %)
Writing at 0x00066c78... (35 %)
Writing at 0x0006c7f4... (37 %)
Writing at 0x00072713... (40 %)
Writing at 0x00078994... (43 %)
Writing at 0x0007e79c... (45 %)
Writing at 0x00084762... (48 %)
Writing at 0x00089bb6... (51 %)
Writing at 0x0008f73e... (54 %)
Writing at 0x00095917... (56 %)
Writing at 0x0009b369... (59 %)
Writing at 0x000a0c5d... (62 %)
Writing at 0x000a6bbd... (64 %)
Writing at 0x000ad1dc... (67 %)
Writing at 0x000b33c5... (70 %)
Writing at 0x000b9656... (72 %)
Writing at 0x000bf6a6... (75 %)
Writing at 0x000c52eb... (78 %)
Writing at 0x000ca9b5... (81 %)
Writing at 0x000d06ef... (83 %)
Writing at 0x000d63dd... (86 %)
Writing at 0x000dd3fb... (89 %)
Writing at 0x000e3941... (91 %)
Writing at 0x000ea51d... (94 %)
Writing at 0x000f06c1... (97 %)
Writing at 0x000f6477... (100 %)
Wrote 1021520 bytes (597869 compressed) at 0x00000000 in 16.9 seconds (effective 484.8 kbit/s)...
Hash of data verified.

Leaving...
Hard resetting via RTS pin...
ESP-ROM:esp32c3-api1-20210207
Build:Feb  7 2021
rst:0x1 (POWERON),boot:0xc (SPI_FAST_FLASH_BOOT)
SPIWP:0xee
mode:DIO, clock div:1
load:0x3fcd5820,len:0x1574
load:0x403cc710,len:0xc30
load:0x403ce710,len:0x2fe4
entry 0x403cc71a
I (30) boot: ESP-IDF v5.4 2nd stage bootloader
I (30) boot: compile time Jan 16 2025 18:51:43
I (30) boot: chip revision: v0.3
I (30) boot: efuse block revision: v1.1
I (34) boot.esp32c3: SPI Speed      : 80MHz
I (38) boot.esp32c3: SPI Mode       : DIO
I (41) boot.esp32c3: SPI Flash Size : 4MB
I (45) boot: Enabling RNG early entropy source...
I (50) boot: Partition Table:
I (52) boot: ## Label            Usage          Type ST Offset   Length
I (58) boot:  0 nvs              WiFi data        01 02 00009000 00006000
I (65) boot:  1 phy_init         RF data          01 01 0000f000 00001000
I (72) boot:  2 factory          factory app      00 00 00010000 00100000
I (78) boot: End of partition table
I (81) esp_image: segment 0: paddr=00010020 vaddr=3c0b0020 size=25454h (152660) map
I (113) esp_image: segment 1: paddr=0003547c vaddr=3fc93200 size=03018h ( 12312) load
I (116) esp_image: segment 2: paddr=0003849c vaddr=40380000 size=07b7ch ( 31612) load
I (123) esp_image: segment 3: paddr=00040020 vaddr=42000020 size=adf90h (712592) map
I (238) esp_image: segment 4: paddr=000edfb8 vaddr=40387b7c size=0b648h ( 46664) load
I (247) esp_image: segment 5: paddr=000f9608 vaddr=50000200 size=0001ch (    28) load
I (253) boot: Loaded app from partition at offset 0x10000
I (253) boot: Disabling RNG early entropy source...
I (264) cpu_start: Unicore app
I (273) cpu_start: Pro cpu start user code
I (273) cpu_start: cpu freq: 160000000 Hz
I (273) app_init: Application information:
I (273) app_init: Project name:     test
I (276) app_init: App version:      12ed975-dirty
I (281) app_init: Compile time:     Jan 16 2025 18:51:36
I (286) app_init: ELF file SHA256:  4ca831c8f...
I (290) app_init: ESP-IDF:          v5.4
I (294) efuse_init: Min chip rev:     v0.3
I (298) efuse_init: Max chip rev:     v1.99 
I (302) efuse_init: Chip rev:         v0.3
I (306) heap_init: Initializing. RAM available for dynamic allocation:
I (312) heap_init: At 3FC9DBB0 len 00022450 (137 KiB): RAM
I (317) heap_init: At 3FCC0000 len 0001C710 (113 KiB): Retention RAM
I (323) heap_init: At 3FCDC710 len 00002950 (10 KiB): Retention RAM
I (329) heap_init: At 5000021C len 00001DCC (7 KiB): RTCRAM
I (335) spi_flash: detected chip: generic
I (338) spi_flash: flash io: dio
I (341) sleep_gpio: Configure to isolate all GPIO pins in sleep state
I (347) sleep_gpio: Enable automatic switching of GPIO sleep configuration
I (354) main_task: Started on CPU0
I (384) main_task: Calling app_main()
[5n
Type 'help' to get the list of commands.
Use UP/DOWN arrows to navigate through command history.
Press TAB when typing command name to auto-complete.

Your terminal application does not support escape sequences.

Line editing and history features are disabled.

On Windows, try using Putty instead.
esp32> W (884) hil_test: WiFi and Golioth credentials are not set. Use the shell settings commands to set them.

esp32> 
esp32> 
esp32> 
esp32> settings set wifi/ssid "***MIKES_ORANGE_PI_WIFI_SSID***"
Setting wifi/ssid saved
esp32> 
esp32> 
esp32> 
esp32> 
esp32> 
esp32> settings set wifi/psk "***MIKES_ORANGE_PI_WIFI_PSK***"
Setting wifi/psk saved
esp32> 
es::add-mask::generated-siinFrlNHnnwraBW
p32> 
esp32> 
esp32> 
esp32> 
esp32> settings set golioth/psk-id "generated-siinFrlNHnnwraBW@firmware_ci"
Setting golioth/psk-id saved
esp32> 
esp32> 
esp32> 
esp32> 
esp32> 
esp32> settings set golioth/psk "generated-siinFrlNHnnwraBW"
Setting golioth/psk saved
esp32> 
esp32> I (14904) pp: pp rom version: 9387209
I (14904) net80211: net80211 rom version: 9387209
I (14924) wifi_init: rx ba win: 6
I (14924) wifi_init: accept mbox: 6
I (14924) wifi_init: tcpip mbox: 32
I (14924) wifi_init: udp mbox: 6
I (14924) wifi_init: tcp mbox: 6
I (14934) wifi_init: tcp tx win: 5760
I (14934) wifi_init: tcp rx win: 5760
I (14934) wifi_init: tcp mss: 1440
I (14944) wifi_init: WiFi IRAM OP enabled
I (14944) wifi_init: WiFi RX IRAM OP enabled
I (14944) phy_init: phy_version 1180,01f2a49,Jun  4 2024,16:34:25
W (14954) phy_init: failed to load RF calibration data (0x1102), falling back to full calibration
W (14994) phy_init: saving new calibration data because of checksum failure, mode(2)
I (16484) esp_netif_handlers: sta ip: 192.168.8.119, mask: 255.255.255.0, gw: 192.168.8.1
I (16484) example_wifi: WiFi Connected. Got IP:192.168.8.119
I (16494) example_wifi: Connected to AP SSID: ***MIKES_ORANGE_PI_WIFI_SSID***
I (16494) golioth_mbox: Mbox created, bufsize: 2520, num_items: 20, item_size: 120
I (16504) golioth_coap_client_libcoap: Start CoAP session with host: coaps://coap.golioth.io
I (16514) golioth_coap_client_libcoap: Session PSK-ID: generated-siinFrlNHnnwraBW@firmware_ci
I (16524) libcoap: Setting PSK key

I (16534) golioth_coap_client_libcoap: Entering CoAP I/O loop
I (16954) golioth_coap_client_libcoap: Golioth CoAP client connected
I (17144) test_settings: Received test_float: 1.230000
I (17144) test_settings: Received test_int: 1
I (17144) test_settings: Received test_restart: false
I (17164) test_settings: Received test_bool: false
I (17164) test_settings: Received test_cancel: 0
I (17164) test_settings: Received test_string: foo
I (17174) test_settings: Received test_int_range: 1
I (17224) test_settings: Received test_bool: false
I (17224) test_settings: Received test_cancel: 0
I (17224) test_settings: Received test_restart: false
I (17234) test_settings: Received test_float: 1.230000
I (17244) test_settings: Received test_int_range: 1
I (17244) test_settings: Received test_string: foo
I (17254) test_settings: Received test_int: 1
E (17254) golioth_settings: Failed to send a response to server: 10
I (17304) test_settings: Received test_int_range: 1
I (17304) test_settings: Received test_string: foo
I (17304) test_settings: Received test_bool: false
I (17324) test_settings: Received test_cancel: 0
I (17324) test_settings: Received test_restart: false
I (17324) test_settings: Received test_float: 1.230000
I (17334) test_settings: Received test_int: 1
E (17334) golioth_settings: Failed to send a response to server: 10
I (17394) test_settings: Received test_cancel: 0
I (17394) test_settings: Received test_restart: false
I (17394) test_settings: Received test_float: 1.230000
I (17404) test_settings: Received test_int: 1
I (17404) test_settings: Received test_bool: false
I (17404) test_settings: Received test_int_range: 1
I (17414) test_settings: Received test_string: foo
E (17414) golioth_settings: Failed to send a response to server: 10
I (17474) test_settings: Received test_cancel: 0
I (17474) test_settings: Received test_int: 1
I (17474) test_settings: Received test_restart: false
I (17484) test_settings: Received test_float: 1.230000
I (17484) test_settings: Received test_bool: false
I (17484) test_settings: Received test_int_range: 1
I (17494) test_settings: Received test_string: foo
E (17504) golioth_settings: Failed to send a response to server: 10
I (17554) test_settings: Received test_string: foo
I (17554) test_settings: Received test_float: 1.230000
I (17554) test_settings: Received test_int: 1
I (17554) test_settings: Received test_bool: false
I (17564) test_settings: Received test_cancel: 0
I (17564) test_settings: Received test_int_range: 1
I (17574) test_settings: Received test_restart: false
E (17574) golioth_settings: Failed to send a response to server: 10
I (17634) test_settings: Received test_float: 1.230000
I (17634) test_settings: Received test_restart: false
I (17634) test_settings: Received test_int: 1
I (17644) test_settings: Received test_cancel: 0
I (17644) test_settings: Received test_int_range: 1
I (17644) test_settings: Received test_string: foo
I (17654) test_settings: Received test_bool: false
E (17654) golioth_settings: Failed to send a response to server: 10
I (17764) test_settings: Received test_cancel: 0
I (17764) test_settings: Received test_restart: false
I (17764) test_settings: Received test_string: foo
I (17774) test_settings: Received test_bool: false
I (17774) test_settings: Received test_int_range: 1
I (17774) test_settings: Received test_float: 1.230000
I (17784) test_settings: Received test_int: 1
E (17784) golioth_settings: Failed to send a response to server: 10
I (17844) test_settings: Received test_cancel: 0
I (17844) test_settings: Received test_int: 1
I (17844) test_settings: Received test_string: foo
I (17844) test_settings: Received test_bool: false
I (17854) test_settings: Received test_float: 1.230000
I (17854) test_settings: Received test_int_range: 1
I (17864) test_settings: Received test_restart: false
E (17864) golioth_settings: Failed to send a response to server: 10
I (18384) test_settings: Received test_int_range: 1
I (18384) test_settings: Received test_cancel: 0
I (18384) test_settings: Received test_float: 1.230000
I (18394) test_settings: Received test_bool: false
I (18394) test_settings: Received test_string: foo
I (18394) test_settings: Received test_int: 42
I (18404)