esptool.py v4.8.1
Serial port /dev/serial/by-id/usb-Silicon_Labs_CP2102N_USB_to_UART_Bridge_Controller_18a5eb8de0faeb11a1553ea4c6d924ec-if00-port0
Connecting....
Detecting chip type... ESP32-C3
Chip is ESP32-C3 (QFN32) (revision v0.3)
Features: WiFi, BLE
Crystal is 40MHz
MAC: 7c:df:a1:da:77:ac
Uploading stub...
Running stub...
Stub running...
Changing baud rate to 460800
Changed.
Configuring flash size...
Erasing flash (this may take a while)...
Chip erase completed successfully in 10.5s
Compressed 1010528 bytes to 592318...
Writing at 0x00000000... (2 %)
Writing at 0x00011c5c... (5 %)
Writing at 0x0001e62c... (8 %)
Writing at 0x0002a5ac... (10 %)
Writing at 0x00033bbb... (13 %)
Writing at 0x0003b6b2... (16 %)
Writing at 0x00041852... (18 %)
Writing at 0x00047b0e... (21 %)
Writing at 0x0004dfbe... (24 %)
Writing at 0x000540af... (27 %)
Writing at 0x00059a75... (29 %)
Writing at 0x0005f848... (32 %)
Writing at 0x00066224... (35 %)
Writing at 0x0006bdca... (37 %)
Writing at 0x00071ec8... (40 %)
Writing at 0x00077d12... (43 %)
Writing at 0x0007dddc... (45 %)
Writing at 0x0008396c... (48 %)
Writing at 0x00088ffc... (51 %)
Writing at 0x0008eaa6... (54 %)
Writing at 0x00094bf5... (56 %)
Writing at 0x0009a8e1... (59 %)
Writing at 0x000a01a4... (62 %)
Writing at 0x000a611a... (64 %)
Writing at 0x000ac79e... (67 %)
Writing at 0x000b2953... (70 %)
Writing at 0x000b8a2b... (72 %)
Writing at 0x000bed0e... (75 %)
Writing at 0x000c4609... (78 %)
Writing at 0x000c9d4b... (81 %)
Writing at 0x000cfbcd... (83 %)
Writing at 0x000d5984... (86 %)
Writing at 0x000dc7e7... (89 %)
Writing at 0x000e32b4... (91 %)
Writing at 0x000e9a24... (94 %)
Writing at 0x000efca0... (97 %)
Writing at 0x000f5a5b... (100 %)
Wrote 1010528 bytes (592318 compressed) at 0x00000000 in 16.5 seconds (effective 490.4 kbit/s)...
Hash of data verified.

Leaving...
Hard resetting via RTS pin...
ESP-ROM:esp32c3-api1-20210207
Build:Feb  7 2021
rst:0x1 (POWERON),boot:0xc (SPI_FAST_FLASH_BOOT)
SPIWP:0xee
mode:DIO, clock div:1
load:0x3fcd5820,len:0x1574
load:0x403cc710,len:0xc30
load:0x403ce710,len:0x2fe4
entry 0x403cc71a
I (30) boot: ESP-IDF v5.4 2nd stage bootloader
I (30) boot: compile time Jan 16 2025 18:51:43
I (30) boot: chip revision: v0.3
I (30) boot: efuse block revision: v1.1
I (34) boot.esp32c3: SPI Speed      : 80MHz
I (38) boot.esp32c3: SPI Mode       : DIO
I (41) boot.esp32c3: SPI Flash Size : 4MB
I (45) boot: Enabling RNG early entropy source...
I (50) boot: Partition Table:
I (52) boot: ## Label            Usage          Type ST Offset   Length
I (58) boot:  0 nvs              WiFi data        01 02 00009000 00006000
I (65) boot:  1 phy_init         RF data          01 01 0000f000 00001000
I (72) boot:  2 factory          factory app      00 00 00010000 00100000
I (78) boot: End of partition table
I (81) esp_image: segment 0: paddr=00010020 vaddr=3c0b0020 size=24b64h (150372) map
I (113) esp_image: segment 1: paddr=00034b8c vaddr=3fc93200 size=03018h ( 12312) load
I (115) esp_image: segment 2: paddr=00037bac vaddr=40380000 size=0846ch ( 33900) load
I (123) esp_image: segment 3: paddr=00040020 vaddr=42000020 size=abd8ch (703884) map
I (236) esp_image: segment 4: paddr=000ebdb4 vaddr=4038846c size=0ad58h ( 44376) load
I (245) esp_image: segment 5: paddr=000f6b14 vaddr=50000200 size=0001ch (    28) load
I (251) boot: Loaded app from partition at offset 0x10000
I (251) boot: Disabling RNG early entropy source...
I (262) cpu_start: Unicore app
I (270) cpu_start: Pro cpu start user code
I (270) cpu_start: cpu freq: 160000000 Hz
I (271) app_init: Application information:
I (271) app_init: Project name:     test
I (274) app_init: App version:      12ed975-dirty
I (279) app_init: Compile time:     Jan 16 2025 18:51:36
I (284) app_init: ELF file SHA256:  1f23eb887...
I (288) app_init: ESP-IDF:          v5.4
I (292) efuse_init: Min chip rev:     v0.3
I (295) efuse_init: Max chip rev:     v1.99 
I (299) efuse_init: Chip rev:         v0.3
I (303) heap_init: Initializing. RAM available for dynamic allocation:
I (310) heap_init: At 3FC9DBB0 len 00022450 (137 KiB): RAM
I (315) heap_init: At 3FCC0000 len 0001C710 (113 KiB): Retention RAM
I (321) heap_init: At 3FCDC710 len 00002950 (10 KiB): Retention RAM
I (327) heap_init: At 5000021C len 00001DCC (7 KiB): RTCRAM
I (333) spi_flash: detected chip: generic
I (336) spi_flash: flash io: dio
I (339) sleep_gpio: Configure to isolate all GPIO pins in sleep state
I (345) sleep_gpio: Enable automatic switching of GPIO sleep configuration
I (352) main_task: Started on CPU0
I (382) main_task: Calling app_main()
[5n
Type 'help' to get the list of commands.
Use UP/DOWN arrows to navigate through command history.
Press TAB when typing command name to auto-complete.

Your terminal application does not support escape sequences.

Line editing and history features are disabled.

On Windows, try using Putty instead.
esp32> W (882) hil_test: WiFi and Golioth credentials are not set. Use the shell settings commands to set them.

esp32> 
esp32> 
esp32> 
esp32> settings set wifi/ssid "***MIKES_ORANGE_PI_WIFI_SSID***"
Setting wifi/ssid saved
esp32> 
esp32> 
esp32> 
esp32> 
esp32> 
esp32> settings set wifi/psk "***MIKES_ORANGE_PI_WIFI_PSK***"
Setting wifi/psk saved
esp32> 
es::add-mask::generated-iVLLzFphkkjSIzYU
p32> 
esp32> 
esp32> 
esp32> 
esp32> settings set golioth/psk-id "generated-iVLLzFphkkjSIzYU@firmware_ci"
Setting golioth/psk-id saved
esp32> 
esp32> 
esp32> 
esp32> 
esp32> 
esp32> settings set golioth/psk "generated-iVLLzFphkkjSIzYU"
Setting golioth/psk saved
esp32> 
esp32> I (8912) pp: pp rom version: 9387209
I (8912) net80211: net80211 rom version: 9387209
I (8932) wifi_init: rx ba win: 6
I (8932) wifi_init: accept mbox: 6
I (8932) wifi_init: tcpip mbox: 32
I (8932) wifi_init: udp mbox: 6
I (8932) wifi_init: tcp mbox: 6
I (8942) wifi_init: tcp tx win: 5760
I (8942) wifi_init: tcp rx win: 5760
I (8942) wifi_init: tcp mss: 1440
I (8952) wifi_init: WiFi IRAM OP enabled
I (8952) wifi_init: WiFi RX IRAM OP enabled
I (8952) phy_init: phy_version 1180,01f2a49,Jun  4 2024,16:34:25
W (8962) phy_init: failed to load RF calibration data (0x1102), falling back to full calibration
W (9002) phy_init: saving new calibration data because of checksum failure, mode(2)
I (13882) esp_netif_handlers: sta ip: 192.168.8.119, mask: 255.255.255.0, gw: 192.168.8.1
I (13882) example_wifi: WiFi Connected. Got IP:192.168.8.119
I (13892) example_wifi: Connected to AP SSID: ***MIKES_ORANGE_PI_WIFI_SSID***
I (13892) golioth_mbox: Mbox created, bufsize: 2520, num_items: 20, item_size: 120
I (14212) golioth_coap_client_libcoap: Start CoAP session with host: coaps://coap.golioth.io
I (14212) golioth_coap_client_libcoap: Session PSK-ID: generated-iVLLzFphkkjSIzYU@firmware_ci
I (14232) libcoap: Setting PSK key

I (14232) golioth_coap_client_libcoap: Entering CoAP I/O loop
I (14472) golioth_coap_client_libcoap: Golioth CoAP client connected
I (14482) test_connect: Golioth client connected
I (15482) test_connect: Stopping client
I (15482) golioth_coap_client_libcoap: Attempting to stop client
I (15522) golioth_coap_client_libcoap: Stopping
I (15522) golioth_coap_client_libcoap: Ending session
I (15522) test_connect: Golioth client disconnected
I (26582) test_connect: Starting client
I (26582) golioth_coap_client_libcoap: Start CoAP session with host: coaps://coap.golioth.io
I (26582) golioth_coap_client_libcoap: Session PSK-ID: generated-iVLLzFphkkjSIzYU@firmware_ci
I (26592) libcoap: Setting PSK key

I (26592) golioth_coap_client_libcoap: Entering CoAP I/O loop
I (26972) golioth_coap_client_libcoap: Golioth CoAP client connected
I (26972) test_connect: Golioth client connected
I (27972) test_connect: Destroying client
I (27972) golioth_coap_client_libcoap: Attempting to stop client
I (28012) golioth_coap_client_libcoap: Stopping
I (28012) golioth_coap_client_libcoap: Ending session
I (28012) test_connect: Golioth client disconnected
I (39072) test_connect: Starting client
I (39072) golioth_mbox: Mbox created, bufsize: 2520, num_items: 20, item_size: 120
I (39072) golioth_coap_client_libcoap: Start CoAP session with host: coaps://coap.golioth.io
I (39082) golioth_coap_client_libcoap: Session PSK-ID: generated-iVLLzFphkkjSIzYU@firmware_ci
I (39092) libcoap: Setting PSK key

I (39092) golioth_coap_client_libcoap: Entering CoAP I/O loop
I (39472) golioth_coap_client_libcoap: Golioth CoAP client connected
