esptool.py v4.8.1
Serial port /dev/serial/by-id/usb-Silicon_Labs_CP2102N_USB_to_UART_Bridge_Controller_08bd8600facfec119c501d2686bdcd52-if00-port0
Connecting....
Detecting chip type... ESP32-S3
Chip is ESP32-S3 (QFN56) (revision v0.1)
Features: WiFi, BLE, Embedded PSRAM 8MB (AP_3v3)
Crystal is 40MHz
MAC: 34:85:18:6d:04:5c
Uploading stub...
Running stub...
Stub running...
Changing baud rate to 460800
Changed.
Configuring flash size...
Erasing flash (this may take a while)...
Chip erase completed successfully in 1.3s
Compressed 992528 bytes to 616087...
Writing at 0x00000000... (2 %)
Writing at 0x00011b23... (5 %)
Writing at 0x0001f385... (7 %)
Writing at 0x0002b591... (10 %)
Writing at 0x00031b92... (13 %)
Writing at 0x000371c2... (15 %)
Writing at 0x00041e64... (18 %)
Writing at 0x00047832... (21 %)
Writing at 0x0004d423... (23 %)
Writing at 0x00052bc5... (26 %)
Writing at 0x00057eb9... (28 %)
Writing at 0x0005d26e... (31 %)
Writing at 0x0006305e... (34 %)
Writing at 0x00068180... (36 %)
Writing at 0x0006d38e... (39 %)
Writing at 0x00072813... (42 %)
Writing at 0x0007790f... (44 %)
Writing at 0x0007cc31... (47 %)
Writing at 0x000821ba... (50 %)
Writing at 0x00087d3a... (52 %)
Writing at 0x0008d224... (55 %)
Writing at 0x000923df... (57 %)
Writing at 0x00097335... (60 %)
Writing at 0x0009c841... (63 %)
Writing at 0x000a1943... (65 %)
Writing at 0x000a6c4b... (68 %)
Writing at 0x000ac255... (71 %)
Writing at 0x000b1809... (73 %)
Writing at 0x000b68af... (76 %)
Writing at 0x000bbf50... (78 %)
Writing at 0x000c209b... (81 %)
Writing at 0x000c8ec2... (84 %)
Writing at 0x000d18e4... (86 %)
Writing at 0x000d803e... (89 %)
Writing at 0x000dd8f1... (92 %)
Writing at 0x000e3a84... (94 %)
Writing at 0x000e947e... (97 %)
Writing at 0x000eed07... (100 %)
Wrote 992528 bytes (616087 compressed) at 0x00000000 in 14.4 seconds (effective 553.3 kbit/s)...
Hash of data verified.

Leaving...
Hard resetting via RTS pin...
ESP-ROM:esp32s3-20210327
Build:Mar 27 2021
rst:0x1 (POWERON),boot:0x8 (SPI_FAST_FLASH_BOOT)
SPIWP:0xee
mode:DIO, clock div:1
load:0x3fce2810,len:0x178c
load:0x403c8700,len:0x4
load:0x403c8704,len:0xcb8
load:0x403cb700,len:0x2df4
entry 0x403c8914
[0;32mI (27) boot: ESP-IDF v5.3 2nd stage bootloader[0m
[0;32mI (27) boot: compile time Dec 31 2024 14:36:58[0m
[0;32mI (27) boot: Multicore bootloader[0m
[0;32mI (30) boot: chip revision: v0.1[0m
[0;32mI (34) boot.esp32s3: Boot SPI Speed : 80MHz[0m
[0;32mI (38) boot.esp32s3: SPI Mode       : DIO[0m
[0;32mI (43) boot.esp32s3: SPI Flash Size : 4MB[0m
[0;32mI (48) boot: Enabling RNG early entropy source...[0m
[0;32mI (53) boot: Partition Table:[0m
[0;32mI (57) boot: ## Label            Usage          Type ST Offset   Length[0m
[0;32mI (64) boot:  0 nvs              WiFi data        01 02 00009000 00006000[0m
[0;32mI (71) boot:  1 phy_init         RF data          01 01 0000f000 00001000[0m
[0;32mI (79) boot:  2 factory          factory app      00 00 00010000 00100000[0m
[0;32mI (86) boot: End of partition table[0m
[0;32mI (91) esp_image: segment 0: paddr=00010020 vaddr=3c0a0020 size=2bf88h (180104) map[0m
[0;32mI (131) esp_image: segment 1: paddr=0003bfb0 vaddr=3fc98800 size=04068h ( 16488) load[0m
[0;32mI (135) esp_image: segment 2: paddr=00040020 vaddr=42000020 size=9d354h (643924) map[0m
[0;32mI (253) esp_image: segment 3: paddr=000dd37c vaddr=3fc9c868 size=00a00h (  2560) load[0m
[0;32mI (254) esp_image: segment 4: paddr=000ddd84 vaddr=40374000 size=14760h ( 83808) load[0m
[0;32mI (285) boot: Loaded app from partition at offset 0x10000[0m
[0;32mI (285) boot: Disabling RNG early entropy source...[0m
[0;32mI (297) cpu_start: Multicore app[0m
[0;32mI (306) cpu_start: Pro cpu start user code[0m
[0;32mI (306) cpu_start: cpu freq: 160000000 Hz[0m
[0;32mI (306) app_init: Application information:[0m
[0;32mI (309) app_init: Project name:     test[0m
[0;32mI (314) app_init: App version:      387027c-dirty[0m
[0;32mI (319) app_init: Compile time:     Dec 31 2024 14:36:52[0m
[0;32mI (325) app_init: ELF file SHA256:  461fc1f6b...[0m
[0;32mI (331) app_init: ESP-IDF:          v5.3[0m
[0;32mI (335) efuse_init: Min chip rev:     v0.0[0m
[0;32mI (340) efuse_init: Max chip rev:     v0.99 [0m
[0;32mI (345) efuse_init: Chip rev:         v0.1[0m
[0;32mI (350) heap_init: Initializing. RAM available for dynamic allocation:[0m
[0;32mI (357) heap_init: At 3FCA4998 len 00044D78 (275 KiB): RAM[0m
[0;32mI (363) heap_init: At 3FCE9710 len 00005724 (21 KiB): RAM[0m
[0;32mI (369) heap_init: At 3FCF0000 len 00008000 (32 KiB): DRAM[0m
[0;32mI (375) heap_init: At 600FE100 len 00001EE8 (7 KiB): RTCRAM[0m
[0;32mI (383) spi_flash: detected chip: gd[0m
[0;32mI (386) spi_flash: flash io: dio[0m
[0;33mW (390) spi_flash: Detected size(8192k) larger than the size in the binary image header(4096k). Using the size in the binary image header.[0m
[0;32mI (403) sleep: Configure to isolate all GPIO pins in sleep state[0m
[0;32mI (410) sleep: Enable automatic switching of GPIO sleep configuration[0m
[0;32mI (417) main_task: Started on CPU0[0m
[0;32mI (437) main_task: Calling app_main()[0m
[5n
Type 'help' to get the list of commands.
Use UP/DOWN arrows to navigate through command history.
Press TAB when typing command name to auto-complete.

Your terminal application does not support escape sequences.

Line editing and history features are disabled.

On Windows, try using Putty instead.
esp32> [0;33mW (947) hil_test: WiFi and Golioth credentials are not set. Use the shell settings commands to set them.[0m

esp32> 
esp32> 
esp32> 
esp32> settings set wifi/ssid "***MIKES_ORANGE_PI_WIFI_SSID***"
Setting wifi/ssid saved
esp32> 
esp32> 
esp32> 
esp32> 
esp32> 
esp32> settings set wifi/psk "***MIKES_ORANGE_PI_WIFI_PSK***"
Setting wifi/psk saved
esp32> 
esp32> ::add-mask::generated-UAeelzjCrhjOGqwm

esp32> 
esp32> 
esp32> 
esp32> settings set golioth/psk-id "generated-UAeelzjCrhjOGqwm@firmware_ci"
Setting golioth/psk-id saved
esp32> 
esp32> 
esp32> 
esp32> 
esp32> 
esp32> settings set golioth/psk "generated-UAeelzjCrhjOGqwm"
Setting golioth/psk saved
esp32> 
esp32> [0;32mI (14977) pp: pp rom version: e7ae62f[0m
[0;32mI (14977) net80211: net80211 rom version: e7ae62f[0m
[0;32mI (14997) wifi_init: rx ba win: 6[0m
[0;32mI (14997) wifi_init: accept mbox: 6[0m
[0;32mI (14997) wifi_init: tcpip mbox: 32[0m
[0;32mI (14997) wifi_init: udp mbox: 6[0m
[0;32mI (15007) wifi_init: tcp mbox: 6[0m
[0;32mI (15007) wifi_init: tcp tx win: 5760[0m
[0;32mI (15007) wifi_init: tcp rx win: 5760[0m
[0;32mI (15027) wifi_init: tcp mss: 1440[0m
[0;32mI (15027) wifi_init: WiFi IRAM OP enabled[0m
[0;32mI (15027) wifi_init: WiFi RX IRAM OP enabled[0m
[0;32mI (15037) phy_init: phy_version 680,a6008b2,Jun  4 2024,16:41:10[0m
[0;33mW (15037) phy_init: failed to load RF calibration data (0x1102), falling back to full calibration[0m
[0;33mW (15077) phy_init: saving new calibration data because of checksum failure, mode(2)[0m
[0;32mI (16677) esp_netif_handlers: sta ip: 192.168.8.234, mask: 255.255.255.0, gw: 192.168.8.1[0m
[0;32mI (16677) example_wifi: WiFi Connected. Got IP:192.168.8.234[0m
[0;32mI (16687) example_wifi: Connected to AP SSID: ***MIKES_ORANGE_PI_WIFI_SSID***[0m
[0;32mI (16687) golioth_mbox: Mbox created, bufsize: 2520, num_items: 20, item_size: 120[0m
[0;32mI (16707) golioth_coap_client_libcoap: Start CoAP session with host: coaps://coap.golioth.io[0m
[0;32mI (16707) golioth_coap_client_libcoap: Session PSK-ID: generated-UAeelzjCrhjOGqwm@firmware_ci[0m
[0;32mI (16727) libcoap: Setting PSK key
[0m
[0;32mI (16727) golioth_coap_client_libcoap: Entering CoAP I/O loop[0m
[0;32mI (17017) golioth_coap_client_libcoap: Golioth CoAP client connected[0m
[0;32mI (17187) test_settings: Received test_string: foo[0m
[0;32mI (17187) test_settings: Received test_int: 1[0m
[0;32mI (17187) test_settings: Received test_bool: false[0m
[0;32mI (17197) test_settings: Received test_int_range: 1[0m
[0;32mI (17197) test_settings: Received test_restart: false[0m
[0;32mI (17217) test_settings: Received test_cancel: 0[0m
[0;32mI (17217) test_settings: Received test_float: 1.230000[0m
[0;32mI (17277) test_settings: Received test_int: 1[0m
[0;32mI (17277) test_settings: Received test_int_range: 1[0m
[0;32mI (17277) test_settings: Received test_string: foo[0m
[0;32mI (17287) test_settings: Received test_float: 1.230000[0m
[0;32mI (17287) test_settings: Received test_restart: false[0m
[0;32mI (17287) test_settings: Received test_bool: false[0m
[0;32mI (17307) test_settings: Received test_cancel: 0[0m
[0;31mE (17307) golioth_settings: Failed to send a response to server: 10[0m
[0;32mI (17367) test_settings: Received test_restart: false[0m
[0;32mI (17367) test_settings: Received test_int_range: 1[0m
[0;32mI (17367) test_settings: Received test_int: 1[0m
[0;32mI (17377) test_settings: Received test_string: foo[0m
[0;32mI (17377) test_settings: Received test_cancel: 0[0m
[0;32mI (17387) test_settings: Received test_float: 1.230000[0m
[0;32mI (17397) test_settings: Received test_bool: false[0m
[0;31mE (17397) golioth_settings: Failed to send a response to server: 10[0m
[0;32mI (17457) test_settings: Received test_bool: false[0m
[0;32mI (17467) test_settings: Received test_float: 1.230000[0m
[0;32mI (17467) test_settings: Received test_cancel: 0[0m
[0;32mI (17477) test_settings: Received test_restart: false[0m
[0;32mI (17477) test_settings: Received test_int: 1[0m
[0;32mI (17477) test_settings: Received test_int_range: 1[0m
[0;32mI (17487) test_settings: Received test_string: foo[0m
[0;31mE (17487) golioth_settings: Failed to send a response to server: 10[0m
[0;32mI (17597) test_settings: Received test_int: 1[0m
[0;32mI (17597) test_settings: Received test_int_range: 1[0m
[0;32mI (17597) test_settings: Received test_cancel: 0[0m
[0;32mI (17607) test_settings: Received test_float: 1.230000[0m
[0;32mI (17607) test_settings: Received test_restart: false[0m
[0;32mI (17617) test_settings: Received test_string: foo[0m
[0;32mI (17627) test_settings: Received test_bool: false[0m
[0;31mE (17627) golioth_settings: Failed to send a response to server: 10[0m
[0;32mI (17697) test_settings: Received test_float: 1.230000[0m
[0;32mI (17697) test_settings: Received test_restart: false[0m
[0;32mI (17697) test_settings: Received test_string: foo[0m
[0;32mI (17707) test_settings: Received test_bool: false[0m
[0;32mI (17707) test_settings: Received test_int_range: 1[0m
[0;32mI (17717) test_settings: Received test_cancel: 0[0m
[0;32mI (17717) test_settings: Received test_int: 1[0m
[0;31mE (17727) golioth_settings: Failed to send a response to server: 10[0m
[0;32mI (17787) test_settings: Received test_int: 1[0m
[0;32mI (17787) test_settings: Received test_int_range: 1[0m
[0;32mI (17787) test_settings: Received test_restart: false[0m
[0;32mI (17797) test_settings: Received test_cancel: 0[0m
[0;32mI (17797) test_settings: Received test_bool: false[0m
[0;32mI (17797) test_settings: Received test_float: 1.230000[0m
[0;32mI (17817) test_settings: Received test_string: foo[0m
[0;31mE (17817) golioth_settings: Failed to send a response to server: 10[0m
[0;32mI (17877) test_settings: Received test_int: 1[0m
[0;32mI (17877) test_settings: Received test_int_range: 1[0m
[0;32mI (17877) test_settings: Received test_restart: false[0m
[0;32mI (17897) test_settings: Received test_string: foo[0m
[0;32mI (17897) test_settings: Received test_cancel: 0[0m
[0;32mI (17907) test_settings: Received test_float: 1.230000[0m
[0;32mI (17907) test_settings: Received test_bool: false[0m
[0;31mE (17907) golioth_settings: Failed to send a response to server: 10[0m
[0;32mI (17977) test_settings: Received test_string: foo[0m
[0;32mI (17977) test_settings: Received test_int: 1[0m
[0;32mI (17977) test_settings: Received test_int_range: 1[0m
[0;32mI (17987) test_settings: Received test_restart: false[0m
[0;32mI (17987) test_settings: Received test_bool: false[0m
[0;32mI (17997) test_settings: Received test_cancel: 0[0m
[0;32mI (18007) test_settings: Received test_float: 1.230000[0m
[0;31mE (18007) golioth_settings: Failed to send a response to server[0;32mI (18427) test_settings: Received test_int_range: 1[0m
[0;32mI (18427) test_settings: Received test_restart: false[0m
[0;32mI (18427) test_settings: Received test_float: 1.230000[0m
[0;32mI (18437) test_settings: Received test_int: 42[0m
