esptool.py v4.8.1
Serial port /dev/serial/by-id/usb-Silicon_Labs_CP2102N_USB_to_UART_Bridge_Controller_76b3b9235e24ed11ac32d0fff9a97352-if00-port0
Connecting....
Detecting chip type... Unsupported detection protocol, switching and trying again...
Connecting....
Detecting chip type... ESP32
Chip is ESP32-D0WD-V3 (revision v3.1)
Features: WiFi, BT, Dual Core, 240MHz, VRef calibration in efuse, Coding Scheme None
Crystal is 40MHz
MAC: 08:b6:1f:ed:44:bc
Uploading stub...
Running stub...
Stub running...
Changing baud rate to 460800
Changed.
Configuring flash size...
Erasing flash (this may take a while)...
Chip erase completed successfully in 0.7s
Compressed 988720 bytes to 621431...
Writing at 0x00000000... (2 %)
Writing at 0x000077d2... (5 %)
Writing at 0x0001c682... (7 %)
Writing at 0x00029324... (10 %)
Writing at 0x0002fbba... (13 %)
Writing at 0x00034c91... (15 %)
Writing at 0x0003fbf6... (18 %)
Writing at 0x000456e6... (21 %)
Writing at 0x0004ad6c... (23 %)
Writing at 0x000500e6... (26 %)
Writing at 0x000552ca... (28 %)
Writing at 0x0005a72a... (31 %)
Writing at 0x0005feef... (34 %)
Writing at 0x00064f89... (36 %)
Writing at 0x0006a390... (39 %)
Writing at 0x0006f5c2... (42 %)
Writing at 0x000748db... (44 %)
Writing at 0x00079993... (47 %)
Writing at 0x0007f091... (50 %)
Writing at 0x00084b73... (52 %)
Writing at 0x0008a345... (55 %)
Writing at 0x0008f5c6... (57 %)
Writing at 0x00094890... (60 %)
Writing at 0x0009a0e6... (63 %)
Writing at 0x0009f54d... (65 %)
Writing at 0x000a490e... (68 %)
Writing at 0x000aa220... (71 %)
Writing at 0x000af9e1... (73 %)
Writing at 0x000b4a76... (76 %)
Writing at 0x000ba4e1... (78 %)
Writing at 0x000bfbc5... (81 %)
Writing at 0x000c72e0... (84 %)
Writing at 0x000cfcf5... (86 %)
Writing at 0x000d6480... (89 %)
Writing at 0x000dbc8c... (92 %)
Writing at 0x000e153f... (94 %)
Writing at 0x000e6d55... (97 %)
Writing at 0x000ec49a... (100 %)
Wrote 988720 bytes (621431 compressed) at 0x00000000 in 14.4 seconds (effective 548.0 kbit/s)...
Hash of data verified.

Leaving...
Hard resetting via RTS pin...
xxxxxxxxxxÒ’Ò¢j

rst:0x1 (POWERON_RESET),boot:0x13 (SPI_FAST_FLASH_BOOT)
configsip: 0, SPIWP:0xee
clk_drv:0x00,q_drv:0x00,d_drv:0x00,cs0_drv:0x00,hd_drv:0x00,wp_drv:0x00
mode:DIO, clock div:2
load:0x3fff0030,len:7176
load:0x40078000,len:15648
load:0x40080400,len:4
ho 8 tail 4 room 4
load:0x40080404,len:3904
entry 0x40080640
[0;32mI (31) boot: ESP-IDF v5.3 2nd stage bootloader[0m
[0;32mI (31) boot: compile time Oct 13 2024 00:26:19[0m
[0;32mI (31) boot: Multicore bootloader[0m
[0;32mI (35) boot: chip revision: v3.1[0m
[0;32mI (39) boot.esp32: SPI Speed      : 40MHz[0m
[0;32mI (44) boot.esp32: SPI Mode       : DIO[0m
[0;32mI (48) boot.esp32: SPI Flash Size : 4MB[0m
[0;32mI (53) boot: Enabling RNG early entropy source...[0m
[0;32mI (58) boot: Partition Table:[0m
[0;32mI (62) boot: ## Label            Usage          Type ST Offset   Length[0m
[0;32mI (69) boot:  0 nvs              WiFi data        01 02 00009000 00006000[0m
[0;32mI (76) boot:  1 phy_init         RF data          01 01 0000f000 00001000[0m
[0;32mI (84) boot:  2 factory          factory app      00 00 00010000 00100000[0m
[0;32mI (91) boot: End of partition table[0m
[0;32mI (96) esp_image: segment 0: paddr=00010020 vaddr=3f400020 size=2ab60h (174944) map[0m
[0;32mI (164) esp_image: segment 1: paddr=0003ab88 vaddr=3ffb0000 size=04064h ( 16484) load[0m
[0;32mI (170) esp_image: segment 2: paddr=0003ebf4 vaddr=40080000 size=01424h (  5156) load[0m
[0;32mI (173) esp_image: segment 3: paddr=00040020 vaddr=400d0020 size=9be94h (638612) map[0m
[0;32mI (397) esp_image: segment 4: paddr=000dbebc vaddr=40081424 size=1574ch ( 87884) load[0m
[0;32mI (443) boot: Loaded app from partition at offset 0x10000[0m
[0;32mI (443) boot: Disabling RNG early entropy source...[0m
[0;32mI (455) cpu_start: Multicore app[0m
[0;32mI (463) cpu_start: Pro cpu start user code[0m
[0;32mI (464) cpu_start: cpu freq: 160000000 Hz[0m
[0;32mI (464) app_init: Application information:[0m
[0;32mI (466) app_init: Project name:     test[0m
[0;32mI (471) app_init: App version:      1c2071a-dirty[0m
[0;32mI (476) app_init: Compile time:     Oct 13 2024 00:26:12[0m
[0;32mI (482) app_init: ELF file SHA256:  cbe63187e...[0m
[0;32mI (488) app_init: ESP-IDF:          v5.3[0m
[0;32mI (492) efuse_init: Min chip rev:     v0.0[0m
[0;32mI (497) efuse_init: Max chip rev:     v3.99 [0m
[0;32mI (502) efuse_init: Chip rev:         v3.1[0m
[0;32mI (507) heap_init: Initializing. RAM available for dynamic allocation:[0m
[0;32mI (514) heap_init: At 3FFAE6E0 len 00001920 (6 KiB): DRAM[0m
[0;32mI (520) heap_init: At 3FFBBDC0 len 00024240 (144 KiB): DRAM[0m
[0;32mI (526) heap_init: At 3FFE0440 len 00003AE0 (14 KiB): D/IRAM[0m
[0;32mI (533) heap_init: At 3FFE4350 len 0001BCB0 (111 KiB): D/IRAM[0m
[0;32mI (539) heap_init: At 40096B70 len 00009490 (37 KiB): IRAM[0m
[0;32mI (547) spi_flash: detected chip: gd[0m
[0;32mI (550) spi_flash: flash io: dio[0m
[0;33mW (553) spi_flash: Detected size(8192k) larger than the size in the binary image header(4096k). Using the size in the binary image header.[0m
[0;32mI (568) main_task: Started on CPU0[0m
[0;32mI (578) main_task: Calling app_main()[0m
[5n
Type 'help' to get the list of commands.
Use UP/DOWN arrows to navigate through command history.
Press TAB when typing command name to auto-complete.

Your terminal application does not support escape sequences.

Line editing and history features are disabled.

On Windows, try using Putty instead.
esp32> [0;33mW (1088) hil_test: WiFi and Golioth credentials are not set. Use the shell settings commands to set them.[0m

esp32> 
esp32> 
esp32> 
esp32> settings set wifi/ssid "***MIKES_ORANGE_PI_WIFI_SSID***"
Setting wifi/ssid saved
esp32> 
esp32> 
esp32> 
esp32> 
esp32> 
esp32> settings set wifi/psk "***MIKES_ORANGE_PI_WIFI_PSK***"
Setting wifi/psk saved
esp32> 
es::add-mask::generated-PbPjFPaytrwNGfXR
p32> 
esp32> 
esp32> 
esp32> 
esp32> settings set golioth/psk-id "generated-PbPjFPaytrwNGfXR@firmware_ci"
Setting golioth/psk-id saved
esp32> 
esp32> 
esp32> 
esp32> 
esp32> 
esp32> settings set golioth/psk "generated-PbPjFPaytrwNGfXR"
Setting golioth/psk saved
esp32> 
esp32> [0;32mI (8138) wifi_init: rx ba win: 6[0m
[0;32mI (8138) wifi_init: accept mbox: 6[0m
[0;32mI (8138) wifi_init: tcpip mbox: 32[0m
[0;32mI (8138) wifi_init: udp mbox: 6[0m
[0;32mI (8158) wifi_init: tcp mbox: 6[0m
[0;32mI (8158) wifi_init: tcp tx win: 5760[0m
[0;32mI (8158) wifi_init: tcp rx win: 5760[0m
[0;32mI (8168) wifi_init: tcp mss: 1440[0m
[0;32mI (8168) wifi_init: WiFi IRAM OP enabled[0m
[0;32mI (8168) wifi_init: WiFi RX IRAM OP enabled[0m
[0;32mI (8178) phy_init: phy_version 4830,54550f7,Jun 20 2024,14:22:08[0m
[0;33mW (8178) phy_init: failed to load RF calibration data (0x1102), falling back to full calibration[0m
[0;33mW (8258) phy_init: saving new calibration data because of checksum failure, mode(2)[0m
[0;32mI (13118) esp_netif_handlers: sta ip: 192.168.8.240, mask: 255.255.255.0, gw: 192.168.8.1[0m
[0;32mI (13118) example_wifi: WiFi Connected. Got IP:192.168.8.240[0m
[0;32mI (13118) example_wifi: Connected to AP SSID: ***MIKES_ORANGE_PI_WIFI_SSID***[0m
[0;32mI (13138) golioth_mbox: Mbox created, bufsize: 2520, num_items: 20, item_size: 120[0m
[0;32mI (13428) golioth_coap_client_libcoap: Start CoAP session with host: coaps://coap.golioth.io[0m
[0;32mI (13438) golioth_coap_client_libcoap: Session PSK-ID: generated-PbPjFPaytrwNGfXR@firmware_ci[0m
[0;32mI (13448) libcoap: Setting PSK key
[0m
[0;32mI (13458) golioth_coap_client_libcoap: Entering CoAP I/O loop[0m
[0;32mI (13888) golioth_coap_client_libcoap: Golioth CoAP client connected[0m
[0;32mI (13888) test_connect: Golioth client connected[0m
[0;32mI (14898) test_connect: Stopping client[0m
[0;32mI (14898) golioth_coap_client_libcoap: Attempting to stop client[0m
[0;32mI (14948) golioth_coap_client_libcoap: Stopping[0m
[0;32mI (14948) golioth_coap_client_libcoap: Ending session[0m
[0;32mI (14948) test_connect: Golioth client disconnected[0m
[0;32mI (26008) test_connect: Starting client[0m
[0;32mI (26008) golioth_coap_client_libcoap: Start CoAP session with host: coaps://coap.golioth.io[0m
[0;32mI (26008) golioth_coap_client_libcoap: Session PSK-ID: generated-PbPjFPaytrwNGfXR@firmware_ci[0m
[0;32mI (26018) libcoap: Setting PSK key
[0m
[0;32mI (26028) golioth_coap_client_libcoap: Entering CoAP I/O loop[0m
[0;32mI (26588) golioth_coap_client_libcoap: Golioth CoAP client connected[0m
[0;32mI (26588) test_connect: Golioth client connected[0m
[0;32mI (27598) test_connect: Destroying client[0m
[0;32mI (27598) golioth_coap_client_libcoap: Attempting to stop client[0m
[0;32mI (27648) golioth_coap_client_libcoap: Stopping[0m
[0;32mI (27648) golioth_coap_client_libcoap: Ending session[0m
[0;32mI (27648) test_connect: Golioth client disconnected[0m
[0;32mI (38708) test_connect: Starting client[0m
[0;32mI (38708) golioth_mbox: Mbox created, bufsize: 2520, num_items: 20, item_size: 120[0m
[0;32mI (38708) golioth_coap_client_libcoap: Start CoAP session with host: coaps://coap.golioth.io[0m
[0;32mI (38718) golioth_coap_client_libcoap: Session PSK-ID: generated-PbPjFPaytrwNGfXR@firmware_ci[0m
[0;32mI (38738) libcoap: Setting PSK key
[0m
[0;32mI (38738) golioth_coap_client_libcoap: Entering CoAP I/O loop[0m
[0;32mI (39078) golioth_coap_client_libcoap: Golioth CoAP client connected[0m
