esptool.py v4.8.1
Serial port /dev/serial/by-id/usb-Silicon_Labs_CP2102N_USB_to_UART_Bridge_Controller_342e9e0b1d28ee11811d0dd8f49e3369-if00-port0
Connecting....
Detecting chip type... Unsupported detection protocol, switching and trying again...
Connecting....
Detecting chip type... ESP32
Chip is ESP32-D0WD-V3 (revision v3.1)
Features: WiFi, BT, Dual Core, 240MHz, VRef calibration in efuse, Coding Scheme None
Crystal is 40MHz
MAC: a0:a3:b3:2d:0a:ac
Uploading stub...
Running stub...
Stub running...
Changing baud rate to 460800
Changed.
Configuring flash size...
Erasing flash (this may take a while)...
Chip erase completed successfully in 16.0s
Compressed 993280 bytes to 623247...
Writing at 0x00000000... (2 %)
Writing at 0x000077db... (5 %)
Writing at 0x0001c54b... (7 %)
Writing at 0x00029344... (10 %)
Writing at 0x0002fb3d... (12 %)
Writing at 0x00034caa... (15 %)
Writing at 0x000404e0... (17 %)
Writing at 0x00045edc... (20 %)
Writing at 0x0004b5aa... (23 %)
Writing at 0x000507e8... (25 %)
Writing at 0x00055a1f... (28 %)
Writing at 0x0005ae15... (30 %)
Writing at 0x000605e2... (33 %)
Writing at 0x0006568c... (35 %)
Writing at 0x0006aac1... (38 %)
Writing at 0x0006fd3b... (41 %)
Writing at 0x00075013... (43 %)
Writing at 0x0007a0ae... (46 %)
Writing at 0x0007f7d1... (48 %)
Writing at 0x00085343... (51 %)
Writing at 0x0008aacd... (53 %)
Writing at 0x0008fce1... (56 %)
Writing at 0x00094fdb... (58 %)
Writing at 0x0009a952... (61 %)
Writing at 0x0009fc7f... (64 %)
Writing at 0x000a50d1... (66 %)
Writing at 0x000aabce... (69 %)
Writing at 0x000b0125... (71 %)
Writing at 0x000b51c5... (74 %)
Writing at 0x000bac3a... (76 %)
Writing at 0x000c063d... (79 %)
Writing at 0x000c79d2... (82 %)
Writing at 0x000d0590... (84 %)
Writing at 0x000d6c51... (87 %)
Writing at 0x000dc46f... (89 %)
Writing at 0x000e1cd6... (92 %)
Writing at 0x000e73af... (94 %)
Writing at 0x000ecd94... (97 %)
Writing at 0x000f24aa... (100 %)
Wrote 993280 bytes (623247 compressed) at 0x00000000 in 16.7 seconds (effective 475.4 kbit/s)...
Hash of data verified.

Leaving...
Hard resetting via RTS pin...
xxxxxxxxxx Ò’Ò¢j

rst:0x1 (POWERON_RESET),boot:0x13 (SPI_FAST_FLASH_BOOT)
configsip: 0, SPIWP:0xee
clk_drv:0x00,q_drv:0x00,d_drv:0x00,cs0_drv:0x00,hd_drv:0x00,wp_drv:0x00
mode:DIO, clock div:2
load:0x3fff0030,len:7176
load:0x40078000,len:15648
load:0x40080400,len:4
ho 8 tail 4 room 4
load:0x40080404,len:3904
entry 0x40080640
[0;32mI (31) boot: ESP-IDF v5.3 2nd stage bootloader[0m
[0;32mI (31) boot: compile time Nov 20 2024 19:57:04[0m
[0;32mI (31) boot: Multicore bootloader[0m
[0;32mI (35) boot: chip revision: v3.1[0m
[0;32mI (39) boot.esp32: SPI Speed      : 40MHz[0m
[0;32mI (44) boot.esp32: SPI Mode       : DIO[0m
[0;32mI (48) boot.esp32: SPI Flash Size : 4MB[0m
[0;32mI (53) boot: Enabling RNG early entropy source...[0m
[0;32mI (58) boot: Partition Table:[0m
[0;32mI (62) boot: ## Label            Usage          Type ST Offset   Length[0m
[0;32mI (69) boot:  0 nvs              WiFi data        01 02 00009000 00006000[0m
[0;32mI (76) boot:  1 phy_init         RF data          01 01 0000f000 00001000[0m
[0;32mI (84) boot:  2 factory          factory app      00 00 00010000 00100000[0m
[0;32mI (91) boot: End of partition table[0m
[0;32mI (96) esp_image: segment 0: paddr=00010020 vaddr=3f400020 size=2ac80h (175232) map[0m
[0;32mI (164) esp_image: segment 1: paddr=0003aca8 vaddr=3ffb0000 size=04ec4h ( 20164) load[0m
[0;32mI (172) esp_image: segment 2: paddr=0003fb74 vaddr=40080000 size=004a4h (  1188) load[0m
[0;32mI (173) esp_image: segment 3: paddr=00040020 vaddr=400d0020 size=9c0e0h (639200) map[0m
[0;32mI (397) esp_image: segment 4: paddr=000dc108 vaddr=400804a4 size=166cch ( 91852) load[0m
[0;32mI (445) boot: Loaded app from partition at offset 0x10000[0m
[0;32mI (445) boot: Disabling RNG early entropy source...[0m
[0;32mI (457) cpu_start: Multicore app[0m
[0;32mI (466) cpu_start: Pro cpu start user code[0m
[0;32mI (466) cpu_start: cpu freq: 160000000 Hz[0m
[0;32mI (466) app_init: Application information:[0m
[0;32mI (469) app_init: Project name:     test[0m
[0;32mI (473) app_init: App version:      493f7a2-dirty[0m
[0;32mI (479) app_init: Compile time:     Nov 20 2024 19:56:57[0m
[0;32mI (485) app_init: ELF file SHA256:  81437b023...[0m
[0;32mI (490) app_init: ESP-IDF:          v5.3[0m
[0;32mI (494) efuse_init: Min chip rev:     v0.0[0m
[0;32mI (499) efuse_init: Max chip rev:     v3.99 [0m
[0;32mI (504) efuse_init: Chip rev:         v3.1[0m
[0;32mI (509) heap_init: Initializing. RAM available for dynamic allocation:[0m
[0;32mI (516) heap_init: At 3FFAE6E0 len 00001920 (6 KiB): DRAM[0m
[0;32mI (522) heap_init: At 3FFBCC20 len 000233E0 (140 KiB): DRAM[0m
[0;32mI (528) heap_init: At 3FFE0440 len 00003AE0 (14 KiB): D/IRAM[0m
[0;32mI (535) heap_init: At 3FFE4350 len 0001BCB0 (111 KiB): D/IRAM[0m
[0;32mI (541) heap_init: At 40096B70 len 00009490 (37 KiB): IRAM[0m
[0;32mI (549) spi_flash: detected chip: generic[0m
[0;32mI (552) spi_flash: flash io: dio[0m
[0;32mI (557) main_task: Started on CPU0[0m
[0;32mI (567) main_task: Calling app_main()[0m
[5n
Type 'help' to get the list of commands.
Use UP/DOWN arrows to navigate through command history.
Press TAB when typing command name to auto-complete.

Your terminal application does not support escape sequences.

Line editing and history features are disabled.

On Windows, try using Putty instead.
esp32> [0;33mW (1077) hil_test: WiFi and Golioth credentials are not set. Use the shell settings commands to set them.[0m

esp32> 
esp32> 
esp32> 
esp32> settings set wifi/ssid "***TIMS_ORANGE_PI_WIFI_SSID***"
Setting wifi/ssid saved
esp32> 
esp32> 
esp32> 
esp32> 
esp32> 
esp32> settings set wifi/psk "***TIMS_ORANGE_PI_WIFI_PSK***"
Setting wifi/psk saved
esp32> 
es::add-mask::generated-qHunxTyzmzRrurbC
p32> 
esp32> 
esp32> 
esp32> 
esp32> settings set golioth/psk-id "generated-qHunxTyzmzRrurbC@firmware_ci"
Setting golioth/psk-id saved
esp32> 
esp32> 
esp32> 
esp32> 
esp32> 
esp32> settings set golioth/psk "generated-qHunxTyzmzRrurbC"
Setting golioth/psk saved
esp32> 
esp32> [0;32mI (8127) wifi_init: rx ba win: 6[0m
[0;32mI (8127) wifi_init: accept mbox: 6[0m
[0;32mI (8127) wifi_init: tcpip mbox: 32[0m
[0;32mI (8127) wifi_init: udp mbox: 6[0m
[0;32mI (8147) wifi_init: tcp mbox: 6[0m
[0;32mI (8147) wifi_init: tcp tx win: 5760[0m
[0;32mI (8147) wifi_init: tcp rx win: 5760[0m
[0;32mI (8157) wifi_init: tcp mss: 1440[0m
[0;32mI (8157) wifi_init: WiFi IRAM OP enabled[0m
[0;32mI (8157) wifi_init: WiFi RX IRAM OP enabled[0m
[0;32mI (8167) phy_init: phy_version 4830,54550f7,Jun 20 2024,14:22:08[0m
[0;33mW (8167) phy_init: failed to load RF calibration data (0x1102), falling back to full calibration[0m
[0;33mW (8247) phy_init: saving new calibration data because of checksum failure, mode(2)[0m
[0;32mI (9647) esp_netif_handlers: sta ip: 192.168.8.131, mask: 255.255.255.0, gw: 192.168.8.1[0m
[0;32mI (9647) example_wifi: WiFi Connected. Got IP:192.168.8.131[0m
[0;32mI (9657) example_wifi: Connected to AP SSID: ***TIMS_ORANGE_PI_WIFI_SSID***[0m
[0;32mI (9667) golioth_mbox: Mbox created, bufsize: 2520, num_items: 20, item_size: 120[0m
[0;32mI (9677) golioth_coap_client_libcoap: Start CoAP session with host: coaps://coap.golioth.io[0m
[0;32mI (9687) golioth_coap_client_libcoap: Session PSK-ID: generated-qHunxTyzmzRrurbC@firmware_ci[0m
[0;32mI (9697) libcoap: Setting PSK key
[0m
[0;32mI (9707) golioth_coap_client_libcoap: Entering CoAP I/O loop[0m
[0;32mI (10407) golioth_coap_client_libcoap: Golioth CoAP client connected[0m
[0;32mI (11407) test_stream: block-idx: 0 bu_offset: 0 bytes_remaining: 3666[0m
[0;32mI (11507) test_stream: block-idx: 1 bu_offset: 1024 bytes_remaining: 2642[0m
[0;32mI (11617) test_stream: block-idx: 2 bu_offset: 2048 bytes_remaining: 1618[0m
[0;32mI (11717) test_stream: block-idx: 3 bu_offset: 3072 bytes_remaining: 594[0m
[0;32mI (12047) test_stream: Block upload successful![0m
{'list': [{'data': {'block_upload': {'0': 'zero', '1': 'one', '10': 'ten', '100': 'one hundred', '101': 'one hundred and one', '102': 'one hundred and two', '103': 'one hundred and three', '104': 'one hundred and four', '105': 'one hundred and five', '106': 'one hundred and six', '107': 'one hundred and seven', '108': 'one hundred and eight', '109': 'one hundred and nine', '11': 'eleven', '110': 'one hundred and ten', '111': 'one hundred and eleven', '112': 'one hundred and twelve', '113': 'one hundred and thirteen', '114': 'one hundred and fourteen', '115': 'one hundred and fifteen', '116': 'one hundred and sixteen', '117': 'one hundred and seventeen', '118': 'one hundred and eighteen', '119': 'one hundred and nineteen', '12': 'twelve', '120': 'one hundred and twenty', '121': 'one hundred and twenty-one', '122': 'one hundred and twenty-two', '123': 'one hundred and twenty-three', '124': 'one hundred and twenty-four', '125': 'one hundred and twenty-five', '126': 'one hundred and twenty-six', '127': 'one hundred and twenty-seven', '128': 'one hundred and twenty-eight', '129': 'one hundred and twenty-nine', '13': 'thirteen', '130': 'one hundred and thirty', '131': 'one hundred and thirty-one', '132': 'one hundred and thirty-two', '133': 'one hundred and thirty-three', '134': 'one hundred and thirty-four', '135': 'one hundred and thirty-five', '136': 'one hundred and thirty-six', '137': 'one hundred and thirty-seven', '138': 'one hundred and thirty-eight', '139': 'one hundred and thirty-nine', '14': 'fourteen', '140': 'one hundred and forty', '141': 'one hundred and forty-one', '15': 'fifteen', '16': 'sixteen', '17': 'seventeen', '18': 'eighteen', '19': 'nineteen', '2': 'two', '20': 'twenty', '21': 'twenty-one', '22': 'twenty-two', '23': 'twenty-three', '24': 'twenty-four', '25': 'twenty-five', '26': 'twenty-six', '27': 'twenty-seven', '28': 'twenty-eight', '29': 'twenty-nine', '3': 'three', '30': 'thirty', '31': 'thirty-one', '32': 'thirty-two', '33': 'thirty-three', '34': 'thirty-four', '35': 'thirty-five', '36': 'thirty-six', '37': 'thirty-seven', '38': 'thirty-eight', '39': 'thirty-nine', '4': 'four', '40': 'forty', '41': 'forty-one', '42': 'forty-two', '43': 'forty-three', '44': 'forty-four', '45': 'forty-five', '46': 'forty-six', '47': 'forty-seven', '48': 'forty-eight', '49': 'forty-nine', '5': 'five', '50': 'fifty', '51': 'fifty-one', '52': 'fifty-two', '53': 'fifty-three', '54': 'fifty-four', '55': 'fifty-five', '56': 'fifty-six', '57': 'fifty-seven', '58': 'fifty-eight', '59': 'fifty-nine', '6': 'six', '60': 'sixty', '61': 'sixty-one', '62': 'sixty-two', '63': 'sixty-three', '64': 'sixty-four', '65': 'sixty-five', '66': 'sixty-six', '67': 'sixty-seven', '68': 'sixty-eight', '69': 'sixty-nine', '7': 'seven', '70': 'seventy', '71': 'seventy-one', '72': 'seventy-two', '73': 'seventy-three', '74': 'seventy-four', '75': 'seventy-five', '76': 'seventy-six', '77': 'seventy-seven', '78': 'seventy-eight', '79': 'seventy-nine', '8': 'eight', '80': 'eighty', '81': 'eighty-one', '82': 'eighty-two', '83': 'eighty-three', '84': 'eighty-four', '85': 'eighty-five', '86': 'eighty-six', '87': 'eighty-seven', '88': 'eighty-eight', '89': 'eighty-nine', '9': 'nine', '90': 'ninety', '91': 'ninety-one', '92': 'ninety-two', '93': 'ninety-three', '94': 'ninety-four', '95': 'ninety-five', '96': 'ninety-six', '97': 'ninety-seven', '98': 'ninety-eight', '99': 'ninety-nine'}}, 'device_id': '673e423bbb6157cf6cdf27f9', 'time': '2024-11-20T20:10:39.819651+00:00'}], 'page': 0, 'perPage': 10, 'total': 0}
Golioth data hash: 28540341b9655161a00b3a7193a8e2e2261d21ea3e3f2117fc9c7f18a5733681
Test data hash: 28540341b9655161a00b3a7193a8e2e2261d21ea3e3f2117fc9c7f18a5733681
