esptool.py v4.7.0
Serial port /dev/serial/by-id/usb-Silicon_Labs_CP2102N_USB_to_UART_Bridge_Controller_6a5ea5870128ee11b6e611d8f49e3369-if00-port0
Connecting....
Detecting chip type... ESP32-S3
Chip is ESP32-S3 (QFN56) (revision v0.2)
Features: WiFi, BLE, Embedded PSRAM 2MB (AP_3v3)
Crystal is 40MHz
MAC: dc:da:0c:61:9f:74
Uploading stub...
Running stub...
Stub running...
Changing baud rate to 460800
Changed.
Configuring flash size...
Erasing flash (this may take a while)...
Chip erase completed successfully in 2.0s
Compressed 993376 bytes to 616020...
Writing at 0x00000000... (2 %)
Writing at 0x00011c01... (5 %)
Writing at 0x0001f354... (7 %)
Writing at 0x0002b925... (10 %)
Writing at 0x00032009... (13 %)
Writing at 0x000375f8... (15 %)
Writing at 0x00042090... (18 %)
Writing at 0x000479ef... (21 %)
Writing at 0x0004d607... (23 %)
Writing at 0x00052d4f... (26 %)
Writing at 0x00057e83... (28 %)
Writing at 0x0005d206... (31 %)
Writing at 0x00063072... (34 %)
Writing at 0x00068172... (36 %)
Writing at 0x0006d451... (39 %)
Writing at 0x0007281c... (42 %)
Writing at 0x0007795c... (44 %)
Writing at 0x0007cbe6... (47 %)
Writing at 0x0008223b... (50 %)
Writing at 0x00087d6c... (52 %)
Writing at 0x0008d27e... (55 %)
Writing at 0x000923cf... (57 %)
Writing at 0x00097316... (60 %)
Writing at 0x0009c8f4... (63 %)
Writing at 0x000a1a66... (65 %)
Writing at 0x000a6ca0... (68 %)
Writing at 0x000ac401... (71 %)
Writing at 0x000b184a... (73 %)
Writing at 0x000b6955... (76 %)
Writing at 0x000bbfbf... (78 %)
Writing at 0x000c212b... (81 %)
Writing at 0x000c8f4e... (84 %)
Writing at 0x000d1a9f... (86 %)
Writing at 0x000d813d... (89 %)
Writing at 0x000ddd56... (92 %)
Writing at 0x000e3e24... (94 %)
Writing at 0x000e9815... (97 %)
Writing at 0x000ef09d... (100 %)
Wrote 993376 bytes (616020 compressed) at 0x00000000 in 14.3 seconds (effective 556.7 kbit/s)...
Hash of data verified.

Leaving...
Hard resetting via RTS pin...
Build:Mar 27 2021
rst:0x1 (POWERON),boot:0x8 (SPI_FAST_FLASH_BOOT)
SPIWP:0xee
mode:DIO, clock div:1
load:0x3fce2810,len:0x178c
load:0x403c8700,len:0x4
load:0x403c8704,len:0xcb8
load:0x403cb700,len:0x2db0
entry 0x403c8914
[0;32mI (27) boot: ESP-IDF v5.3 2nd stage bootloader[0m
[0;32mI (27) boot: compile time Oct  3 2024 15:15:07[0m
[0;32mI (27) boot: Multicore bootloader[0m
[0;32mI (30) boot: chip revision: v0.2[0m
[0;32mI (34) boot.esp32s3: Boot SPI Speed : 80MHz[0m
[0;32mI (38) boot.esp32s3: SPI Mode       : DIO[0m
[0;32mI (43) boot.esp32s3: SPI Flash Size : 2MB[0m
[0;32mI (48) boot: Enabling RNG early entropy source...[0m
[0;32mI (53) boot: Partition Table:[0m
[0;32mI (57) boot: ## Label            Usage          Type ST Offset   Length[0m
[0;32mI (64) boot:  0 nvs              WiFi data        01 02 00009000 00006000[0m
[0;32mI (71) boot:  1 phy_init         RF data          01 01 0000f000 00001000[0m
[0;32mI (79) boot:  2 factory          factory app      00 00 00010000 00100000[0m
[0;32mI (86) boot: End of partition table[0m
[0;32mI (91) esp_image: segment 0: paddr=00010020 vaddr=3c0a0020 size=2c690h (181904) map[0m
[0;32mI (132) esp_image: segment 1: paddr=0003c6b8 vaddr=3fc98800 size=03960h ( 14688) load[0m
[0;32mI (135) esp_image: segment 2: paddr=00040020 vaddr=42000020 size=9cf8ch (642956) map[0m
[0;32mI (253) esp_image: segment 3: paddr=000dcfb4 vaddr=3fc9c160 size=01118h (  4376) load[0m
[0;32mI (254) esp_image: segment 4: paddr=000de0d4 vaddr=40374000 size=14760h ( 83808) load[0m
[0;32mI (285) boot: Loaded app from partition at offset 0x10000[0m
[0;32mI (285) boot: Disabling RNG early entropy source...[0m
[0;32mI (297) cpu_start: Multicore app[0m
[0;32mI (306) cpu_start: Pro cpu start user code[0m
[0;32mI (306) cpu_start: cpu freq: 160000000 Hz[0m
[0;32mI (306) app_init: Application information:[0m
[0;32mI (309) app_init: Project name:     get[0m
[0;32mI (314) app_init: App version:      e255513-dirty[0m
[0;32mI (319) app_init: Compile time:     Oct  3 2024 15:15:01[0m
[0;32mI (325) app_init: ELF file SHA256:  2adf52b75...[0m
[0;32mI (330) app_init: ESP-IDF:          v5.3[0m
[0;32mI (335) efuse_init: Min chip rev:     v0.0[0m
[0;32mI (340) efuse_init: Max chip rev:     v0.99 [0m
[0;32mI (345) efuse_init: Chip rev:         v0.2[0m
[0;32mI (350) heap_init: Initializing. RAM available for dynamic allocation:[0m
[0;32mI (357) heap_init: At 3FCA4A30 len 00044CE0 (275 KiB): RAM[0m
[0;32mI (363) heap_init: At 3FCE9710 len 00005724 (21 KiB): RAM[0m
[0;32mI (369) heap_init: At 3FCF0000 len 00008000 (32 KiB): DRAM[0m
[0;32mI (375) heap_init: At 600FE100 len 00001EE8 (7 KiB): RTCRAM[0m
[0;32mI (382) spi_flash: detected chip: gd[0m
[0;32mI (386) spi_flash: flash io: dio[0m
[0;33mW (390) spi_flash: Detected size(8192k) larger than the size in the binary image header(2048k). Using the size in the binary image header.[0m
[0;32mI (403) sleep: Configure to isolate all GPIO pins in sleep state[0m
[0;32mI (410) sleep: Enable automatic switching of GPIO sleep configuration[0m
[0;32mI (417) main_task: Started on CPU0[0m
[0;32mI (437) main_task: Calling app_main()[0m
[0;32mI (437) lightdb: Start LightDB get sample[0m
[5n
Type 'help' to get the list of commands.
Use UP/DOWN arrows to navigate through command history.
Press TAB when typing command name to auto-complete.

Your terminal application does not support escape sequences.

Line editing and history features are disabled.

On Windows, try using Putty instead.
esp32> [0;33mW (947) lightdb: WiFi and Golioth credentials are not set. Use the shell settings commands to set them.[0m

esp32> 
esp32> 
esp32> 
esp32> settings set wifi/ssid "***JONS_ORANGE_PI_WIFI_SSID***"
Setting wifi/ssid saved
esp32> 
esp32> 
esp32> 
esp32> 
esp32> 
esp32> settings set wifi/psk "***JONS_ORANGE_PI_WIFI_PSK***"
Setting wifi/psk saved
es::add-mask::generated-nWtCottDkkTQELoM
p32> 
esp32> 
esp32> 
esp32> 
esp32> 
esp32> settings set golioth/psk-id "generated-nWtCottDkkTQELoM@firmware_ci"
Setting golioth/psk-id saved
esp32> 
esp32> 
esp32> 
esp32> 
esp32> 
esp32> settings set golioth/psk "generated-nWtCottDkkTQELoM"
Setting golioth/psk saved
esp32> 
esp32> [0;32mI (10977) pp: pp rom version: e7ae62f[0m
[0;32mI (10977) net80211: net80211 rom version: e7ae62f[0m
[0;32mI (10997) wifi_init: rx ba win: 6[0m
[0;32mI (10997) wifi_init: accept mbox: 6[0m
[0;32mI (10997) wifi_init: tcpip mbox: 32[0m
[0;32mI (10997) wifi_init: udp mbox: 6[0m
[0;32mI (11007) wifi_init: tcp mbox: 6[0m
[0;32mI (11007) wifi_init: tcp tx win: 5760[0m
[0;32mI (11007) wifi_init: tcp rx win: 5760[0m
[0;32mI (11017) wifi_init: tcp mss: 1440[0m
[0;32mI (11027) wifi_init: WiFi IRAM OP enabled[0m
[0;32mI (11027) wifi_init: WiFi RX IRAM OP enabled[0m
[0;32mI (11037) phy_init: phy_version 680,a6008b2,Jun  4 2024,16:41:10[0m
[0;33mW (11037) phy_init: failed to load RF calibration data (0x1102), falling back to full calibration[0m
[0;33mW (11077) phy_init: saving new calibration data because of checksum failure, mode(2)[0m
[0;32mI (12667) esp_netif_handlers: sta ip: 192.168.8.168, mask: 255.255.255.0, gw: 192.168.8.1[0m
[0;32mI (12667) example_wifi: WiFi Connected. Got IP:192.168.8.168[0m
[0;32mI (12677) example_wifi: Connected to AP SSID: ***JONS_ORANGE_PI_WIFI_SSID***[0m
[0;32mI (12677) golioth_mbox: Mbox created, bufsize: 2520, num_items: 20, item_size: 120[0m
[0;33mW (12697) lightdb: Waiting for connection to Golioth...[0m
[0;32mI (12697) golioth_coap_client_libcoap: Start CoAP session with host: coaps://coap.golioth.io[0m
[0;32mI (12697) golioth_coap_client_libcoap: Session PSK-ID: generated-nWtCottDkkTQELoM@firmware_ci[0m
[0;32mI (12717) libcoap: Setting PSK key
[0m
[0;32mI (12717) golioth_coap_client_libcoap: Entering CoAP I/O loop[0m
[0;32mI (13667) golioth_coap_client_libcoap: Golioth CoAP client connected[0m
[0;32mI (13667) lightdb: Golioth client connected[0m
[0;32mI (13677) lightdb: Before request (async)[0m
[0;32mI (13677) lightdb: After request (async)[0m
[0;33mW (14977) lightdb: Failed to get counter (async): 0[0m
[0;32mI (18687) lightdb: Before request (sync)[0m
[0;32mI (18997) lightdb: Counter (sync): 13[0m
[0;32mI (18997) lightdb: After request (sync)[0m
[0;32mI (23997) lightdb: Before JSON request (sync)[0m
[0;32mI (24317) lightdb: 0x3fca8710   7b 22 63 6f 75 6e 74 65  72 22 3a 32 37 7d        |{"counter":27}|[0m
[0;32mI (24317) lightdb: After JSON request (sync)[0m
[0;32mI (29337) lightdb: Before CBOR request (async)[0m
[0;32mI (29337) lightdb: After CBOR request (async)[0m
[0;32mI (29637) lightdb: Counter (CBOR async): 99[0m
[0;32mI (34337) lightdb: Before request (async)[0m
[0;32mI (34337) lightdb: After request (async)[0m
[0;32mI (34757) lightdb: Counter (async): 42[0m
