esptool.py v4.8.1
Serial port /dev/serial/by-id/usb-Silicon_Labs_CP2102N_USB_to_UART_Bridge_Controller_18a5eb8de0faeb11a1553ea4c6d924ec-if00-port0
Connecting....
Detecting chip type... ESP32-C3
Chip is ESP32-C3 (QFN32) (revision v0.3)
Features: WiFi, BLE
Crystal is 40MHz
MAC: 7c:df:a1:da:77:ac
Uploading stub...
Running stub...
Stub running...
Changing baud rate to 460800
Changed.
Configuring flash size...
Erasing flash (this may take a while)...
Chip erase completed successfully in 10.5s
Compressed 1035584 bytes to 607510...
Writing at 0x00000000... (2 %)
Writing at 0x00012054... (5 %)
Writing at 0x0001f47b... (7 %)
Writing at 0x0002b8a5... (10 %)
Writing at 0x00031dd0... (13 %)
Writing at 0x0003722a... (15 %)
Writing at 0x00040f06... (18 %)
Writing at 0x00046f61... (21 %)
Writing at 0x0004d5f8... (23 %)
Writing at 0x00053c6b... (26 %)
Writing at 0x0005971e... (28 %)
Writing at 0x0005f333... (31 %)
Writing at 0x00065e9b... (34 %)
Writing at 0x0006bb0a... (36 %)
Writing at 0x00071b95... (39 %)
Writing at 0x00077b97... (42 %)
Writing at 0x0007dcfb... (44 %)
Writing at 0x000838b4... (47 %)
Writing at 0x00088e2e... (50 %)
Writing at 0x0008e9c5... (52 %)
Writing at 0x000950ac... (55 %)
Writing at 0x0009ae34... (57 %)
Writing at 0x000a049d... (60 %)
Writing at 0x000a6474... (63 %)
Writing at 0x000acbc3... (65 %)
Writing at 0x000b2b8e... (68 %)
Writing at 0x000b8a8e... (71 %)
Writing at 0x000bee64... (73 %)
Writing at 0x000c464c... (76 %)
Writing at 0x000c9fd6... (78 %)
Writing at 0x000cfff5... (81 %)
Writing at 0x000d6232... (84 %)
Writing at 0x000dc6e2... (86 %)
Writing at 0x000e3e0f... (89 %)
Writing at 0x000ea266... (92 %)
Writing at 0x000eff92... (94 %)
Writing at 0x000f6474... (97 %)
Writing at 0x000fc429... (100 %)
Wrote 1035584 bytes (607510 compressed) at 0x00000000 in 17.2 seconds (effective 482.9 kbit/s)...
Hash of data verified.

Leaving...
Hard resetting via RTS pin...
ESP-ROM:esp32c3-api1-20210207
Build:Feb  7 2021
rst:0x1 (POWERON),boot:0xc (SPI_FAST_FLASH_BOOT)
SPIWP:0xee
mode:DIO, clock div:1
load:0x3fcd5820,len:0x1738
load:0x403cc710,len:0xb9c
load:0x403ce710,len:0x2ec8
entry 0x403cc71a
[0;32mI (30) boot: ESP-IDF v5.3 2nd stage bootloader[0m
[0;32mI (30) boot: compile time Dec 12 2024 15:19:48[0m
[0;32mI (30) boot: chip revision: v0.3[0m
[0;32mI (33) boot.esp32c3: SPI Speed      : 80MHz[0m
[0;32mI (38) boot.esp32c3: SPI Mode       : DIO[0m
[0;32mI (43) boot.esp32c3: SPI Flash Size : 4MB[0m
[0;32mI (47) boot: Enabling RNG early entropy source...[0m
[0;32mI (53) boot: Partition Table:[0m
[0;32mI (56) boot: ## Label            Usage          Type ST Offset   Length[0m
[0;32mI (64) boot:  0 nvs              WiFi data        01 02 00009000 00006000[0m
[0;32mI (71) boot:  1 phy_init         RF data          01 01 0000f000 00001000[0m
[0;32mI (78) boot:  2 factory          factory app      00 00 00010000 00100000[0m
[0;32mI (86) boot: End of partition table[0m
[0;32mI (90) esp_image: segment 0: paddr=00010020 vaddr=3c0b0020 size=2c87ch (182396) map[0m
[0;32mI (127) esp_image: segment 1: paddr=0003c8a4 vaddr=3fc92800 size=02fb8h ( 12216) load[0m
[0;32mI (130) esp_image: segment 2: paddr=0003f864 vaddr=40380000 size=007b4h (  1972) load[0m
[0;32mI (133) esp_image: segment 3: paddr=00040020 vaddr=42000020 size=aad64h (699748) map[0m
[0;32mI (251) esp_image: segment 4: paddr=000ead8c vaddr=403807b4 size=11f8ch ( 73612) load[0m
[0;32mI (270) boot: Loaded app from partition at offset 0x10000[0m
[0;32mI (271) boot: Disabling RNG early entropy source...[0m
[0;32mI (282) cpu_start: Unicore app[0m
[0;32mI (291) cpu_start: Pro cpu start user code[0m
[0;32mI (291) cpu_start: cpu freq: 160000000 Hz[0m
[0;32mI (291) app_init: Application information:[0m
[0;32mI (294) app_init: Project name:     test[0m
[0;32mI (298) app_init: App version:      8217d23-dirty[0m
[0;32mI (304) app_init: Compile time:     Dec 12 2024 15:19:52[0m
[0;32mI (310) app_init: ELF file SHA256:  3a1d5e8e6...[0m
[0;32mI (315) app_init: ESP-IDF:          v5.3[0m
[0;32mI (320) efuse_init: Min chip rev:     v0.3[0m
[0;32mI (324) efuse_init: Max chip rev:     v1.99 [0m
[0;32mI (329) efuse_init: Chip rev:         v0.3[0m
[0;32mI (334) heap_init: Initializing. RAM available for dynamic allocation:[0m
[0;32mI (341) heap_init: At 3FC9DB70 len 00022490 (137 KiB): RAM[0m
[0;32mI (348) heap_init: At 3FCC0000 len 0001C710 (113 KiB): Retention RAM[0m
[0;32mI (355) heap_init: At 3FCDC710 len 00002950 (10 KiB): Retention RAM[0m
[0;32mI (361) heap_init: At 50000200 len 00001DE8 (7 KiB): RTCRAM[0m
[0;32mI (369) spi_flash: detected chip: generic[0m
[0;32mI (372) spi_flash: flash io: dio[0m
[0;32mI (377) sleep: Configure to isolate all GPIO pins in sleep state[0m
[0;32mI (383) sleep: Enable automatic switching of GPIO sleep configuration[0m
[0;32mI (390) main_task: Started on CPU0[0m
[0;32mI (410) main_task: Calling app_main()[0m
[5n
Type 'help' to get the list of commands.
Use UP/DOWN arrows to navigate through command history.
Press TAB when typing command name to auto-complete.

Your terminal application does not support escape sequences.

Line editing and history features are disabled.

On Windows, try using Putty instead.
esp32> [0;33mW (920) hil_test: WiFi and Golioth credentials are not set. Use the shell settings commands to set them.[0m

esp32> 
esp32> 
esp32> 
esp32> settings set wifi/ssid "***MIKES_ORANGE_PI_WIFI_SSID***"
Setting wifi/ssid saved
esp32> 
esp32> 
esp32> 
esp32> 
esp32> 
esp32> settings set wifi/psk "***MIKES_ORANGE_PI_WIFI_PSK***"
Setting wifi/psk saved
esp32> 
esp32> ::add-mask::generated-ixOdQPUDjWyFjswT

esp32> 
esp32> 
esp32> 
esp32> settings set golioth/psk-id "generated-ixOdQPUDjWyFjswT@firmware_ci"
Setting golioth/psk-id saved
esp32> 
esp32> 
esp32> 
esp32> 
esp32> 
esp32> settings set golioth/psk "generated-ixOdQPUDjWyFjswT"
Setting golioth/psk saved
esp32> 
esp32> [0;32mI (7940) pp: pp rom version: 9387209[0m
[0;32mI (7940) net80211: net80211 rom version: 9387209[0m
[0;32mI (7960) wifi_init: rx ba win: 6[0m
[0;32mI (7960) wifi_init: accept mbox: 6[0m
[0;32mI (7960) wifi_init: tcpip mbox: 32[0m
[0;32mI (7960) wifi_init: udp mbox: 6[0m
[0;32mI (7970) wifi_init: tcp mbox: 6[0m
[0;32mI (7970) wifi_init: tcp tx win: 5760[0m
[0;32mI (7980) wifi_init: tcp rx win: 5760[0m
[0;32mI (7980) wifi_init: tcp mss: 1440[0m
[0;32mI (7980) wifi_init: WiFi IRAM OP enabled[0m
[0;32mI (7990) wifi_init: WiFi RX IRAM OP enabled[0m
[0;32mI (7990) phy_init: phy_version 1180,01f2a49,Jun  4 2024,16:34:25[0m
[0;33mW (8010) phy_init: failed to load RF calibration data (0x1102), falling back to full calibration[0m
[0;33mW (8040) phy_init: saving new calibration data because of checksum failure, mode(2)[0m
[0;32mI (9430) esp_netif_handlers: sta ip: 192.168.8.119, mask: 255.255.255.0, gw: 192.168.8.1[0m
[0;32mI (9430) example_wifi: WiFi Connected. Got IP:192.168.8.119[0m
[0;32mI (9440) example_wifi: Connected to AP SSID: ***MIKES_ORANGE_PI_WIFI_SSID***[0m
[0;32mI (9440) golioth_mbox: Mbox created, bufsize: 2520, num_items: 20, item_size: 120[0m
[0;32mI (9460) golioth_coap_client_libcoap: Start CoAP session with host: coaps://coap.golioth.io[0m
[0;32mI (9460) golioth_coap_client_libcoap: Session PSK-ID: generated-ixOdQPUDjWyFjswT@firmware_ci[0m
[0;32mI (9470) libcoap: Setting PSK key
[0m
[0;32mI (9480) golioth_coap_client_libcoap: Entering CoAP I/O loop[0m
[0;32mI (9910) golioth_coap_client_libcoap: Golioth CoAP client connected[0m
[0;32mI (15200) test_lightdb: LightDB State desired data is ready[0m
[0;33mW (18810) golioth_coap_client_libcoap: 4.00 (req type: 3, path: .d/hil/lightdb/invalid/dot), len 0[0m
[0;32mI (19280) test_lightdb: LightDB State reported data is ready[0m
