esptool.py v4.8.1
Serial port /dev/serial/by-id/usb-Silicon_Labs_CP2102N_USB_to_UART_Bridge_Controller_ca317d585c76eb11ba0a87abb7be2ba5-if00-port0
Connecting....
Detecting chip type... ESP32-C3
Chip is ESP32-C3 (QFN32) (revision v0.3)
Features: WiFi, BLE, Embedded Flash 4MB (XMC)
Crystal is 40MHz
MAC: 84:f7:03:09:96:10
Uploading stub...
Running stub...
Stub running...
Changing baud rate to 460800
Changed.
Configuring flash size...
Erasing flash (this may take a while)...
Chip erase completed successfully in 20.4s
Compressed 1019520 bytes to 596817...
Writing at 0x00000000... (2 %)
Writing at 0x00011c8e... (5 %)
Writing at 0x0001e935... (8 %)
Writing at 0x0002aa05... (10 %)
Writing at 0x00033fc1... (13 %)
Writing at 0x0003bca5... (16 %)
Writing at 0x00041e7a... (18 %)
Writing at 0x0004835c... (21 %)
Writing at 0x0004e6c7... (24 %)
Writing at 0x00054b4f... (27 %)
Writing at 0x0005a3ba... (29 %)
Writing at 0x0005ffc9... (32 %)
Writing at 0x000669d7... (35 %)
Writing at 0x0006c5d6... (37 %)
Writing at 0x000724ce... (40 %)
Writing at 0x000786c9... (43 %)
Writing at 0x0007e62c... (45 %)
Writing at 0x00084463... (48 %)
Writing at 0x000898e7... (51 %)
Writing at 0x0008f4b5... (54 %)
Writing at 0x00095670... (56 %)
Writing at 0x0009b122... (59 %)
Writing at 0x000a09d6... (62 %)
Writing at 0x000a6928... (64 %)
Writing at 0x000ad0b8... (67 %)
Writing at 0x000b3287... (70 %)
Writing at 0x000b9339... (72 %)
Writing at 0x000bf488... (75 %)
Writing at 0x000c5050... (78 %)
Writing at 0x000ca720... (81 %)
Writing at 0x000d04f8... (83 %)
Writing at 0x000d60cd... (86 %)
Writing at 0x000dd19b... (89 %)
Writing at 0x000e386a... (91 %)
Writing at 0x000ea2a8... (94 %)
Writing at 0x000f0560... (97 %)
Writing at 0x000f629d... (100 %)
Wrote 1019520 bytes (596817 compressed) at 0x00000000 in 19.4 seconds (effective 419.4 kbit/s)...
Hash of data verified.

Leaving...
Hard resetting via RTS pin...
Build:Feb  7 2021
rst:0x1 (POWERON),boot:0xc (SPI_FAST_FLASH_BOOT)
SPIWP:0xee
mode:DIO, clock div:1
load:0x3fcd5820,len:0x1574
load:0x403cc710,len:0xc30
load:0x403ce710,len:0x2fe4
entry 0x403cc71a
I (30) boot: ESP-IDF v5.4 2nd stage bootloader
I (30) boot: compile time Jan 16 2025 07:50:33
I (30) boot: chip revision: v0.3
I (30) boot: efuse block revision: v1.1
I (34) boot.esp32c3: SPI Speed      : 80MHz
I (38) boot.esp32c3: SPI Mode       : DIO
I (41) boot.esp32c3: SPI Flash Size : 4MB
I (45) boot: Enabling RNG early entropy source...
I (50) boot: Partition Table:
I (52) boot: ## Label            Usage          Type ST Offset   Length
I (58) boot:  0 nvs              WiFi data        01 02 00009000 00006000
I (65) boot:  1 phy_init         RF data          01 01 0000f000 00001000
I (72) boot:  2 factory          factory app      00 00 00010000 00100000
I (78) boot: End of partition table
I (81) esp_image: segment 0: paddr=00010020 vaddr=3c0b0020 size=2545ch (152668) map
I (113) esp_image: segment 1: paddr=00035484 vaddr=3fc93200 size=03018h ( 12312) load
I (116) esp_image: segment 2: paddr=000384a4 vaddr=40380000 size=07b74h ( 31604) load
I (123) esp_image: segment 3: paddr=00040020 vaddr=42000020 size=ad7bch (710588) map
I (238) esp_image: segment 4: paddr=000ed7e4 vaddr=40387b74 size=0b650h ( 46672) load
I (246) esp_image: segment 5: paddr=000f8e3c vaddr=50000200 size=0001ch (    28) load
I (253) boot: Loaded app from partition at offset 0x10000
I (253) boot: Disabling RNG early entropy source...
I (264) cpu_start: Unicore app
I (272) cpu_start: Pro cpu start user code
I (272) cpu_start: cpu freq: 160000000 Hz
I (272) app_init: Application information:
I (273) app_init: Project name:     test
I (276) app_init: App version:      c5ce759-dirty
I (281) app_init: Compile time:     Jan 16 2025 07:50:26
I (286) app_init: ELF file SHA256:  779fd6de6...
I (290) app_init: ESP-IDF:          v5.4
I (294) efuse_init: Min chip rev:     v0.3
I (297) efuse_init: Max chip rev:     v1.99 
I (301) efuse_init: Chip rev:         v0.3
I (305) heap_init: Initializing. RAM available for dynamic allocation:
I (312) heap_init: At 3FC9DCB0 len 00022350 (136 KiB): RAM
I (317) heap_init: At 3FCC0000 len 0001C710 (113 KiB): Retention RAM
I (323) heap_init: At 3FCDC710 len 00002950 (10 KiB): Retention RAM
I (329) heap_init: At 5000021C len 00001DCC (7 KiB): RTCRAM
I (335) spi_flash: detected chip: generic
I (338) spi_flash: flash io: dio
I (341) sleep_gpio: Configure to isolate all GPIO pins in sleep state
I (347) sleep_gpio: Enable automatic switching of GPIO sleep configuration
I (354) main_task: Started on CPU0
I (384) main_task: Calling app_main()
[5n
Type 'help' to get the list of commands.
Use UP/DOWN arrows to navigate through command history.
Press TAB when typing command name to auto-complete.

Your terminal application does not support escape sequences.

Line editing and history features are disabled.

On Windows, try using Putty instead.
esp32> W (884) hil_test: WiFi and Golioth credentials are not set. Use the shell settings commands to set them.

esp32> 
esp32> 
esp32> 
esp32> settings set wifi/ssid "***JONS_ORANGE_PI_WIFI_SSID***"
Setting wifi/ssid saved
esp32> 
esp32> 
esp32> 
esp32> 
esp32> 
esp32> settings set wifi/psk "***JONS_ORANGE_PI_WIFI_PSK***"
Setting wifi/psk saved
es::add-mask::generated-pknLFbOrXxDeOMPj
p32> 
esp32> 
esp32> 
esp32> 
esp32> 
esp32> settings set golioth/psk-id "generated-pknLFbOrXxDeOMPj@firmware_ci"
Setting golioth/psk-id saved
esp32> 
esp32> 
esp32> 
esp32> 
esp32> 
esp32> settings set golioth/psk "generated-pknLFbOrXxDeOMPj"
Setting golioth/psk saved
esp32> 
esp32> I (7904) pp: pp rom version: 9387209
I (7904) net80211: net80211 rom version: 9387209
I (7924) wifi_init: rx ba win: 6
I (7924) wifi_init: accept mbox: 6
I (7924) wifi_init: tcpip mbox: 32
I (7924) wifi_init: udp mbox: 6
I (7924) wifi_init: tcp mbox: 6
I (7934) wifi_init: tcp tx win: 5760
I (7934) wifi_init: tcp rx win: 5760
I (7934) wifi_init: tcp mss: 1440
I (7944) wifi_init: WiFi IRAM OP enabled
I (7944) wifi_init: WiFi RX IRAM OP enabled
I (7944) phy_init: phy_version 1180,01f2a49,Jun  4 2024,16:34:25
W (7954) phy_init: failed to load RF calibration data (0x1102), falling back to full calibration
W (7994) phy_init: saving new calibration data because of checksum failure, mode(2)
I (9394) esp_netif_handlers: sta ip: 192.168.8.141, mask: 255.255.255.0, gw: 192.168.8.1
I (9394) example_wifi: WiFi Connected. Got IP:192.168.8.141
I (9404) example_wifi: Connected to AP SSID: ***JONS_ORANGE_PI_WIFI_SSID***
I (9404) golioth_mbox: Mbox created, bufsize: 2520, num_items: 20, item_size: 120
I (9424) golioth_coap_client_libcoap: Start CoAP session with host: coaps://coap.golioth.io
I (9424) golioth_coap_client_libcoap: Session PSK-ID: generated-pknLFbOrXxDeOMPj@firmware_ci
I (9434) libcoap: Setting PSK key

I (9444) golioth_coap_client_libcoap: Entering CoAP I/O loop
I (9784) golioth_coap_client_libcoap: Golioth CoAP client connected
I (10544) golioth_rpc: RPC observation established
