esptool.py v4.8.1
Serial port /dev/serial/by-id/usb-Silicon_Labs_CP2102N_USB_to_UART_Bridge_Controller_342e9e0b1d28ee11811d0dd8f49e3369-if00-port0
Connecting.....
Detecting chip type... Unsupported detection protocol, switching and trying again...
Connecting....
Detecting chip type... ESP32
Chip is ESP32-D0WD-V3 (revision v3.1)
Features: WiFi, BT, Dual Core, 240MHz, VRef calibration in efuse, Coding Scheme None
Crystal is 40MHz
MAC: a0:a3:b3:2d:0a:ac
Uploading stub...
Running stub...
Stub running...
Changing baud rate to 460800
Changed.
Configuring flash size...
Erasing flash (this may take a while)...
Chip erase completed successfully in 16.9s
Compressed 975952 bytes to 613206...
Writing at 0x00000000... (2 %)
Writing at 0x000074ba... (5 %)
Writing at 0x0001c04b... (7 %)
Writing at 0x00028f2f... (10 %)
Writing at 0x0003183c... (13 %)
Writing at 0x0003b2fb... (15 %)
Writing at 0x00040a14... (18 %)
Writing at 0x00046367... (21 %)
Writing at 0x0004bad2... (23 %)
Writing at 0x00050fba... (26 %)
Writing at 0x00056137... (28 %)
Writing at 0x0005b5a3... (31 %)
Writing at 0x00060d41... (34 %)
Writing at 0x00065df9... (36 %)
Writing at 0x0006b1c1... (39 %)
Writing at 0x000703be... (42 %)
Writing at 0x00075543... (44 %)
Writing at 0x0007a807... (47 %)
Writing at 0x0007fd6a... (50 %)
Writing at 0x00085623... (52 %)
Writing at 0x0008b0a5... (55 %)
Writing at 0x00090418... (57 %)
Writing at 0x0009563b... (60 %)
Writing at 0x0009ad2d... (63 %)
Writing at 0x000a041c... (65 %)
Writing at 0x000a575c... (68 %)
Writing at 0x000aada3... (71 %)
Writing at 0x000b07de... (73 %)
Writing at 0x000b592d... (76 %)
Writing at 0x000bac0a... (78 %)
Writing at 0x000c060c... (81 %)
Writing at 0x000c7ca0... (84 %)
Writing at 0x000ce3d1... (86 %)
Writing at 0x000d5b66... (89 %)
Writing at 0x000db3d6... (92 %)
Writing at 0x000e0e4c... (94 %)
Writing at 0x000e6bc7... (97 %)
Writing at 0x000ebdac... (100 %)
Wrote 975952 bytes (613206 compressed) at 0x00000000 in 16.2 seconds (effective 483.2 kbit/s)...
Hash of data verified.

Leaving...
Hard resetting via RTS pin...
xxxxxxxxxx Ò’Ò¢j

rst:0x1 (POWERON_RESET),boot:0x13 (SPI_FAST_FLASH_BOOT)
configsip: 0, SPIWP:0xee
clk_drv:0x00,q_drv:0x00,d_drv:0x00,cs0_drv:0x00,hd_drv:0x00,wp_drv:0x00
mode:DIO, clock div:2
load:0x3fff0030,len:6276
load:0x40078000,len:15716
load:0x40080400,len:4
ho 8 tail 4 room 4
load:0x40080404,len:3860
entry 0x4008063c
I (31) boot: ESP-IDF v5.4 2nd stage bootloader
I (31) boot: compile time Jan 13 2025 00:14:18
I (31) boot: Multicore bootloader
I (32) boot: chip revision: v3.1
I (35) boot.esp32: SPI Speed      : 40MHz
I (39) boot.esp32: SPI Mode       : DIO
I (42) boot.esp32: SPI Flash Size : 2MB
I (46) boot: Enabling RNG early entropy source...
I (50) boot: Partition Table:
I (53) boot: ## Label            Usage          Type ST Offset   Length
I (59) boot:  0 nvs              WiFi data        01 02 00009000 00006000
I (66) boot:  1 phy_init         RF data          01 01 0000f000 00001000
I (72) boot:  2 factory          factory app      00 00 00010000 00100000
I (79) boot: End of partition table
I (82) esp_image: segment 0: paddr=00010020 vaddr=3f400020 size=249e0h (149984) map
I (141) esp_image: segment 1: paddr=00034a08 vaddr=3ff80000 size=0001ch (    28) load
I (141) esp_image: segment 2: paddr=00034a2c vaddr=3ffb0000 size=04120h ( 16672) load
I (151) esp_image: segment 3: paddr=00038b54 vaddr=40080000 size=074c4h ( 29892) load
I (164) esp_image: segment 4: paddr=00040020 vaddr=400d0020 size=9e958h (649560) map
I (386) esp_image: segment 5: paddr=000de980 vaddr=400874c4 size=0faa0h ( 64160) load
I (422) boot: Loaded app from partition at offset 0x10000
I (422) boot: Disabling RNG early entropy source...
I (433) cpu_start: Multicore app
I (441) cpu_start: Pro cpu start user code
I (441) cpu_start: cpu freq: 160000000 Hz
I (441) app_init: Application information:
I (441) app_init: Project name:     rpc
I (445) app_init: App version:      c2ac22d-dirty
I (449) app_init: Compile time:     Jan 13 2025 00:14:12
I (454) app_init: ELF file SHA256:  1ff146db8...
I (459) app_init: ESP-IDF:          v5.4
I (462) efuse_init: Min chip rev:     v0.0
I (466) efuse_init: Max chip rev:     v3.99 
I (470) efuse_init: Chip rev:         v3.1
I (474) heap_init: Initializing. RAM available for dynamic allocation:
I (480) heap_init: At 3FFAE6E0 len 00001920 (6 KiB): DRAM
I (485) heap_init: At 3FFBBC20 len 000243E0 (144 KiB): DRAM
I (490) heap_init: At 3FFE0440 len 00003AE0 (14 KiB): D/IRAM
I (496) heap_init: At 3FFE4350 len 0001BCB0 (111 KiB): D/IRAM
I (501) heap_init: At 40096F64 len 0000909C (36 KiB): IRAM
I (508) spi_flash: detected chip: generic
I (510) spi_flash: flash io: dio
W (513) spi_flash: Detected size(4096k) larger than the size in the binary image header(2048k). Using the size in the binary image header.
I (526) main_task: Started on CPU0
I (536) main_task: Calling app_main()
I (536) rpc: Start RPC sample
[5n
Type 'help' to get the list of commands.
Use UP/DOWN arrows to navigate through command history.
Press TAB when typing command name to auto-complete.

Your terminal application does not support escape sequences.

Line editing and history features are disabled.

On Windows, try using Putty instead.
esp32> W (1046) rpc: WiFi and Golioth credentials are not set. Use the shell settings commands to set them.

esp32> 
esp32> 
esp32> 
esp32> settings set wifi/ssid "***TIMS_ORANGE_PI_WIFI_SSID***"
Setting wifi/ssid saved
esp32> 
esp32> 
esp32> 
esp32> 
esp32> 
esp32> settings set wifi/psk "***TIMS_ORANGE_PI_WIFI_PSK***"
Setting wifi/psk saved
esp32> 
es::add-mask::generated-ySpRpAosqGuuLBrg
p32> 
esp32> 
esp32> 
esp32> 
esp32> settings set golioth/psk-id "generated-ySpRpAosqGuuLBrg@firmware_ci"
Setting golioth/psk-id saved
esp32> 
esp32> 
esp32> 
esp32> 
esp32> 
esp32> settings set golioth/psk "generated-ySpRpAosqGuuLBrg"
Setting golioth/psk saved
esp32> 
esp32> I (9096) wifi_init: rx ba win: 6
I (9096) wifi_init: accept mbox: 6
I (9096) wifi_init: tcpip mbox: 32
I (9096) wifi_init: udp mbox: 6
I (9096) wifi_init: tcp mbox: 6
I (9116) wifi_init: tcp tx win: 5760
I (9116) wifi_init: tcp rx win: 5760
I (9116) wifi_init: tcp mss: 1440
I (9116) wifi_init: WiFi IRAM OP enabled
I (9126) wifi_init: WiFi RX IRAM OP enabled
I (9126) phy_init: phy_version 4840,02e0d70,Sep  2 2024,19:39:07
W (9126) phy_init: failed to load RF calibration data (0x1102), falling back to full calibration
W (9206) phy_init: saving new calibration data because of checksum failure, mode(2)
I (10636) esp_netif_handlers: sta ip: 192.168.8.131, mask: 255.255.255.0, gw: 192.168.8.1
I (10636) example_wifi: WiFi Connected. Got IP:192.168.8.131
I (10636) example_wifi: Connected to AP SSID: ***TIMS_ORANGE_PI_WIFI_SSID***
I (10646) golioth_mbox: Mbox created, bufsize: 2520, num_items: 20, item_size: 120
W (10656) rpc: Waiting for connection to Golioth...
I (10656) golioth_coap_client_libcoap: Start CoAP session with host: coaps://coap.golioth.io
I (10666) golioth_coap_client_libcoap: Session PSK-ID: generated-ySpRpAosqGuuLBrg@firmware_ci
I (10676) libcoap: Setting PSK key

I (10686) golioth_coap_client_libcoap: Entering CoAP I/O loop
I (10986) golioth_coap_client_libcoap: Golioth CoAP client connected
I (10986) rpc: Golioth client connected
I (10996) rpc: RPC successfully registered
I (11236) golioth_rpc: RPC observation established
