esptool.py v4.8.1
Serial port /dev/serial/by-id/usb-Silicon_Labs_CP2102N_USB_to_UART_Bridge_Controller_ca317d585c76eb11ba0a87abb7be2ba5-if00-port0
Connecting....
Detecting chip type... ESP32-C3
Chip is ESP32-C3 (QFN32) (revision v0.3)
Features: WiFi, BLE, Embedded Flash 4MB (XMC)
Crystal is 40MHz
MAC: 84:f7:03:09:96:10
Uploading stub...
Running stub...
Stub running...
Changing baud rate to 460800
Changed.
Configuring flash size...
Erasing flash (this may take a while)...
Chip erase completed successfully in 20.2s
Compressed 1040896 bytes to 611985...
Writing at 0x00000000... (2 %)
Writing at 0x00012155... (5 %)
Writing at 0x0001f39f... (7 %)
Writing at 0x0002bb24... (10 %)
Writing at 0x000320cd... (13 %)
Writing at 0x00037128... (15 %)
Writing at 0x0004100a... (18 %)
Writing at 0x0004700b... (21 %)
Writing at 0x0004d658... (23 %)
Writing at 0x00053847... (26 %)
Writing at 0x000592d9... (28 %)
Writing at 0x0005ef26... (31 %)
Writing at 0x00065b7e... (34 %)
Writing at 0x0006b757... (36 %)
Writing at 0x0007186e... (39 %)
Writing at 0x00077775... (42 %)
Writing at 0x0007d8e0... (44 %)
Writing at 0x00083466... (47 %)
Writing at 0x00088a66... (50 %)
Writing at 0x0008e658... (52 %)
Writing at 0x00094ca0... (55 %)
Writing at 0x0009a676... (57 %)
Writing at 0x0009fffe... (60 %)
Writing at 0x000a5d76... (63 %)
Writing at 0x000ac4a5... (65 %)
Writing at 0x000b2670... (68 %)
Writing at 0x000b8546... (71 %)
Writing at 0x000be7bb... (73 %)
Writing at 0x000c42a2... (76 %)
Writing at 0x000c9af5... (78 %)
Writing at 0x000cf9ac... (81 %)
Writing at 0x000d5449... (84 %)
Writing at 0x000dc3e0... (86 %)
Writing at 0x000e3306... (89 %)
Writing at 0x000e99de... (92 %)
Writing at 0x000ef9d9... (94 %)
Writing at 0x000f5e88... (97 %)
Writing at 0x000fbd66... (100 %)
Wrote 1040896 bytes (611985 compressed) at 0x00000000 in 19.8 seconds (effective 420.1 kbit/s)...
Hash of data verified.

Leaving...
Hard resetting via RTS pin...
Build:Feb  7 2021
rst:0x1 (POWERON),boot:0xc (SPI_FAST_FLASH_BOOT)
SPIWP:0xee
mode:DIO, clock div:1
load:0x3fcd5820,len:0x1738
load:0x403cc710,len:0xb9c
load:0x403ce710,len:0x2e4c
entry 0x403cc71a
[0;32mI (30) boot: ESP-IDF v5.3 2nd stage bootloader[0m
[0;32mI (30) boot: compile time Jan  8 2025 15:28:50[0m
[0;32mI (30) boot: chip revision: v0.3[0m
[0;32mI (33) boot.esp32c3: SPI Speed      : 80MHz[0m
[0;32mI (38) boot.esp32c3: SPI Mode       : DIO[0m
[0;32mI (43) boot.esp32c3: SPI Flash Size : 2MB[0m
[0;32mI (47) boot: Enabling RNG early entropy source...[0m
[0;32mI (53) boot: Partition Table:[0m
[0;32mI (56) boot: ## Label            Usage          Type ST Offset   Length[0m
[0;32mI (64) boot:  0 nvs              WiFi data        01 02 00009000 00006000[0m
[0;32mI (71) boot:  1 phy_init         RF data          01 01 0000f000 00001000[0m
[0;32mI (78) boot:  2 factory          factory app      00 00 00010000 00100000[0m
[0;32mI (86) boot: End of partition table[0m
[0;32mI (90) esp_image: segment 0: paddr=00010020 vaddr=3c0b0020 size=2cfd4h (184276) map[0m
[0;32mI (127) esp_image: segment 1: paddr=0003cffc vaddr=3fc92800 size=02fc8h ( 12232) load[0m
[0;32mI (130) esp_image: segment 2: paddr=0003ffcc vaddr=40380000 size=0004ch (    76) load[0m
[0;32mI (133) esp_image: segment 3: paddr=00040020 vaddr=42000020 size=ababch (703164) map[0m
[0;32mI (251) esp_image: segment 4: paddr=000ebae4 vaddr=4038004c size=126f4h ( 75508) load[0m
[0;32mI (272) boot: Loaded app from partition at offset 0x10000[0m
[0;32mI (272) boot: Disabling RNG early entropy source...[0m
[0;32mI (283) cpu_start: Unicore app[0m
[0;32mI (292) cpu_start: Pro cpu start user code[0m
[0;32mI (292) cpu_start: cpu freq: 160000000 Hz[0m
[0;32mI (292) app_init: Application information:[0m
[0;32mI (295) app_init: Project name:     rpc[0m
[0;32mI (300) app_init: App version:      7e6d39a-dirty[0m
[0;32mI (305) app_init: Compile time:     Jan  8 2025 15:28:45[0m
[0;32mI (311) app_init: ELF file SHA256:  816e8e3d2...[0m
[0;32mI (316) app_init: ESP-IDF:          v5.3[0m
[0;32mI (321) efuse_init: Min chip rev:     v0.3[0m
[0;32mI (326) efuse_init: Max chip rev:     v1.99 [0m
[0;32mI (331) efuse_init: Chip rev:         v0.3[0m
[0;32mI (335) heap_init: Initializing. RAM available for dynamic allocation:[0m
[0;32mI (343) heap_init: At 3FC9D6F0 len 00022910 (138 KiB): RAM[0m
[0;32mI (349) heap_init: At 3FCC0000 len 0001C710 (113 KiB): Retention RAM[0m
[0;32mI (356) heap_init: At 3FCDC710 len 00002950 (10 KiB): Retention RAM[0m
[0;32mI (363) heap_init: At 50000200 len 00001DE8 (7 KiB): RTCRAM[0m
[0;32mI (370) spi_flash: detected chip: generic[0m
[0;32mI (374) spi_flash: flash io: dio[0m
[0;33mW (378) spi_flash: Detected size(4096k) larger than the size in the binary image header(2048k). Using the size in the binary image header.[0m
[0;32mI (391) sleep: Configure to isolate all GPIO pins in sleep state[0m
[0;32mI (397) sleep: Enable automatic switching of GPIO sleep configuration[0m
[0;32mI (405) main_task: Started on CPU0[0m
[0;32mI (415) main_task: Calling app_main()[0m
[0;32mI (415) rpc: Start RPC sample[0m
[5n
Type 'help' to get the list of commands.
Use UP/DOWN arrows to navigate through command history.
Press TAB when typing command name to auto-complete.

Your terminal application does not support escape sequences.

Line editing and history features are disabled.

On Windows, try using Putty instead.
esp32> [0;33mW (925) rpc: WiFi and Golioth credentials are not set. Use the shell settings commands to set them.[0m

esp32> 
esp32> 
esp32> 
esp32> settings set wifi/ssid "***JONS_ORANGE_PI_WIFI_SSID***"
Setting wifi/ssid saved
esp32> 
esp32> 
esp32> 
esp32> 
esp32> 
esp32> settings set wifi/psk "***JONS_ORANGE_PI_WIFI_PSK***"
Setting wifi/psk saved
es::add-mask::generated-ywDSSkoSspjoRbqC
p32> 
esp32> 
esp32> 
esp32> 
esp32> 
esp32> settings set golioth/psk-id "generated-ywDSSkoSspjoRbqC@firmware_ci"
Setting golioth/psk-id saved
esp32> 
esp32> 
esp32> 
esp32> 
esp32> 
esp32> settings set golioth/psk "generated-ywDSSkoSspjoRbqC"
Setting golioth/psk saved
esp32> 
esp32> [0;32mI (8945) pp: pp rom version: 9387209[0m
[0;32mI (8945) net80211: net80211 rom version: 9387209[0m
[0;32mI (8965) wifi_init: rx ba win: 6[0m
[0;32mI (8965) wifi_init: accept mbox: 6[0m
[0;32mI (8965) wifi_init: tcpip mbox: 32[0m
[0;32mI (8965) wifi_init: udp mbox: 6[0m
[0;32mI (8975) wifi_init: tcp mbox: 6[0m
[0;32mI (8975) wifi_init: tcp tx win: 5760[0m
[0;32mI (8985) wifi_init: tcp rx win: 5760[0m
[0;32mI (8985) wifi_init: tcp mss: 1440[0m
[0;32mI (8985) wifi_init: WiFi IRAM OP enabled[0m
[0;32mI (8995) wifi_init: WiFi RX IRAM OP enabled[0m
[0;32mI (8995) phy_init: phy_version 1180,01f2a49,Jun  4 2024,16:34:25[0m
[0;33mW (9015) phy_init: failed to load RF calibration data (0x1102), falling back to full calibration[0m
[0;33mW (9045) phy_init: saving new calibration data because of checksum failure, mode(2)[0m
[0;32mI (10485) esp_netif_handlers: sta ip: 192.168.8.141, mask: 255.255.255.0, gw: 192.168.8.1[0m
[0;32mI (10485) example_wifi: WiFi Connected. Got IP:192.168.8.141[0m
[0;32mI (10495) example_wifi: Connected to AP SSID: ***JONS_ORANGE_PI_WIFI_SSID***[0m
[0;32mI (10495) golioth_mbox: Mbox created, bufsize: 2520, num_items: 20, item_size: 120[0m
[0;33mW (10505) rpc: Waiting for connection to Golioth...[0m
[0;32mI (10515) golioth_coap_client_libcoap: Start CoAP session with host: coaps://coap.golioth.io[0m
[0;32mI (10515) golioth_coap_client_libcoap: Session PSK-ID: generated-ywDSSkoSspjoRbqC@firmware_ci[0m
[0;32mI (10535) libcoap: Setting PSK key
[0m
[0;32mI (10535) golioth_coap_client_libcoap: Entering CoAP I/O loop[0m
[0;32mI (11405) golioth_coap_client_libcoap: Golioth CoAP client connected[0m
[0;32mI (11405) rpc: Golioth client connected[0m
[0;32mI (11415) rpc: RPC successfully registered[0m
[0;32mI (12375) golioth_rpc: RPC observation established[0m
