[0;32mI (58000) test_rpc: Received cancel_all RPC[0m
[0;32mI (59010) test_rpc: Cancelling observations[0m
Guru Meditation Error: Core  0 panic'ed (Load access fault). Exception was unhandled.

Core  0 register dump:
MEPC    : 0x4200ec64  RA      : 0x4200fbf4  SP      : 0x3fcb2330  GP      : 0x3fc93000  
TP      : 0x3fcb2650  T0      : 0x4201c5a8  T1      : 0x4200ec1a  T2      : 0x53c03f31  
S0/FP   : 0x00000000  S1      : 0x00000007  A0      : 0x3fcafe94  A1      : 0x00000007  
A2      : 0x00000000  A3      : 0x3fcb235c  A4      : 0x00000001  A5      : 0x00000004  
A6      : 0x00000003  A7      : 0x00000001  S2      : 0x3fcafe94  S3      : 0x3fcb3c84  
S4      : 0x00000000  S5      : 0x3fc98000  S6      : 0x0000c598  S7      : 0x00000000  
S8      : 0x00000001  S9      : 0x3fc986d0  S10     : 0x0000003f  S11     : 0x3c0b7000  
T3      : 0x00000000  T4      : 0x3f000000  T5      : 0x80000000  T6      : 0x00fff000  
MSTATUS : 0x00001881  MTVEC   : 0x40380001  MCAUSE  : 0x00000005  MTVAL   : 0x0000000c  
MHARTID : 0x00000000  

Stack memory:
3fcb2330: 0x00000037 0x00000001 0x3fcb2578 0x4200fbf4 0x00000000 0x00000000 0x3fcafe34 0x40386630
3fcb2350: 0x00000000 0x00000000 0x00000004 0x00010502 0x3fcb9385 0x00000003 0x00000008 0x3fcb937a
3fcb2370: 0x00000000 0x00060000 0xc0380000 0x3c0b7000 0x0000003f 0x3fc986d0 0x00000001 0x00000000
3fcb2390: 0x0000c598 0x3fc98000 0x3fcb27bc 0x3fcb2a48 0x3fcb27bc 0x3fcb3c84 0x3fcb2c48 0x4201b6e4
3fcb23b0: 0x3fcb9385 0x00000003 0x00000106 0x3fcb3c58 0x3fcb3dd8 0x00000037 0x00000015 0x00000000
3fcb23d0: 0x00000000 0x00000000 0x00000001 0x00000000 0x0000c598 0x0000000e 0x00000002 0x3fc97ad0
3fcb23f0: 0x00000012 0x00000004 0x3fcb3c84 0x00000000 0x0000c598 0x3fc98000 0x3fcb27bc 0x00000012
3fcb2410: 0x3fc97ad0 0x3fcb3c84 0x3fcb2c48 0x4201b8f4 0x0000c598 0x3fc98000 0x00000037 0x3fc9d000
3fcb2430: 0x3fcb2fb8 0x00000012 0x3fcb2c48 0x42019036 0x00000000 0x00000800 0x3fc986d0 0x00000001
3fcb2450: 0x3fc9d000 0x3fc98000 0x3fcb2c48 0x4201ba06 0x3fcb24c0 0x00000000 0x3fc9d000 0x00000000
3fcb2470: 0x3fcb27bc 0x3fcb2a98 0x3fc9d000 0x40381718 0x3fcb27c0 0x000003e8 0x3fc98110 0x00000037
3fcb2490: 0x3fcb24c0 0x00000000 0x3fc9d000 0x3c0b7000 0x0000003f 0x00000000 0x00000001 0x00000000
3fcb24b0: 0x00000001 0x00000800 0x3fcb27bc 0x00000000 0x0000c598 0x00000000 0x3fcb2c48 0x4201bd64
3fcb24d0: 0x3fcb2508 0x00000000 0x00000001 0x00000000 0x3fcb27c0 0x000003e8 0x00000001 0x00000000
3fcb24f0: 0x00000000 0x00000000 0x3fcb27bc 0x42017790 0x0000c4cf 0x00000000 0x0000c598 0x00000000
3fcb2510: 0x00000001 0x00000000 0x00000000 0x00000001 0x00002710 0x00000000 0x3fcb2578 0x00002710
3fcb2530: 0x3fcb27bc 0x3c0b7000 0x3fcafe94 0x42010af6 0xa5a5a5a5 0xa5a5a5a5 0xa5a5a5a5 0xa5a5a5a5
3fcb2550: 0xa5a5a5a5 0xa5a5a5a5 0xa5a5a5a5 0x3fcb2c48 0xa5a5a5a5 0xa5a5a5a5 0xa5a5a5a5 0x3fcb2c48
3fcb2570: 0xa5a5a5a5 0xa5a5a5a5 0x00000000 0x3c0b80bc 0x00000000 0x00000000 0x00000000 0x00000000
3fcb2590: 0x00000000 0x00000000 0x00000000 0x00000000 0x00000000 0x00000000 0xfaf5eadc 0x4183060c
3fcb25b0: 0x00000007 0x00000001 0x00000000 0x00000000 0x00000000 0x00000000 0x00000000 0x00000000
3fcb25d0: 0x00000000 0x00000000 0xffffffff 0xffffffff 0x00000001 0x00000000 0x4200ec1a 0x00000000
3fcb25f0: 0x00000000 0x00000000 0x00000000 0x00000000 0x00000000 0x00000000 0x00000000 0x00000000
3fcb2610: 0x00000000 0x00000000 0x00000000 0x00000000 0x00000000 0x00000000 0x00000000 0x00000000
3fcb2630: 0x00000000 0x00000000 0x00000000 0x00000000 0x00000000 0xa5a5a5a5 0xa5a5a5a5 0xa5a5a5a5
3fcb2650: 0xa5a5a5a5 0xa5a5a5a5 0xa5a5a5a5 0x00000158 0x3fcb2330 0x0000178d 0x3fc959c8 0x3fc959c8
3fcb2670: 0x3fcb2660 0x3fc959c0 0x00000014 0x3fcb29f4 0x3fcb29f4 0x3fcb2660 0x00000000 0x00000005
3fcb2690: 0x3fcb0e5c 0x70616f63 0x696c635f 0x00746e65 0x00000000 0x3fcb2650 0x00000009 0x00000000
3fcb26b0: 0x00000005 0x00000002 0x3fcb2a28 0x420048da 0x0000000b 0x3fc9de54 0x3fc9debc 0x3fc9df24
3fcb26d0: 0x00000000 0x00000000 0x00000001 0x00000000 0x00000000 0x00000000 0x42004078 0x00000000
3fcb26f0: 0x00000000 0x00000000 0x00000000 0x00000000 0x00000000 0x00000000 0x00000000 0x00000000
3fcb2710: 0x00000000 0x00000000 0x00000000 0x00000000 0x00000000 0x00000000 0x00000000 0x00000000



ELF file SHA256: fa9aeffa4

Rebooting...
ESP-ROM:esp32c3-api1-20210207
Build:Feb  7 2021
rst:0xc (RTC_SW_CPU_RST),boot:0xc (SPI_FAST_FLASH_BOOT)
Saved PC:0x40380794
SPIWP:0xee
mode:DIO, clock div:1
load:0x3fcd5820,len:0x1738
load:0x403cc710,len:0xb9c
load:0x403ce710,len:0x2ec8
entry 0x403cc71a
[0;32mI (35) boot: ESP-IDF v5.3 2nd stage bootloader[0m
[0;32mI (35) boot: compile time Jan  8 2025 15:21:41[0m
[0;32mI (35) boot: chip revision: v0.3[0m
[0;32mI (38) boot.esp32c3: SPI Speed      : 80MHz[0m
[0;32mI (43) boot.esp32c3: SPI Mode       : DIO[0m
[0;32mI (47) boot.esp32c3: SPI Flash Size : 4MB[0m
[0;32mI (52) boot: Enabling RNG early entropy source...[0m
[0;32mI (58) boot: Partition Table:[0m
[0;32mI (61) boot: ## Label            Usage          Type ST Offset   Length[0m
[0;32mI (68) boot:  0 nvs              WiFi data        01 02 00009000 00006000[0m
[0;32mI (76) boot:  1 phy_init         RF data          01 01 0000f000 00001000[0m
[0;32mI (83) boot:  2 factory          factory app      00 00 00010000 00100000[0m
[0;32mI (91) boot: End of partition table[0m
[0;32mI (95) esp_image: segment 0: paddr=00010020 vaddr=3c0b0020 size=2c72ch (182060) map[0m
[0;32mI (132) esp_image: segment 1: paddr=0003c754 vaddr=3fc92800 size=02fb8h ( 12216) load[0m
[0;32mI (134) esp_image: segment 2: paddr=0003f714 vaddr=40380000 size=00904h (  2308) load[0m
[0;32mI (138) esp_image: segment 3: paddr=00040020 vaddr=42000020 size=aac7ch (699516) map[0m
[0;32mI (255) esp_image: segment 4: paddr=000eaca4 vaddr=40380904 size=11e3ch ( 73276) load[0m
[0;32mI (275) boot: Loaded app from partition at offset 0x10000[0m
[0;32mI (275) boot: Disabling RNG early entropy source...[0m
[0;32mI (287) cpu_start: Unicore app[0m
[0;32mI (296) cpu_start: Pro cpu start user code[0m
[0;32mI (296) cpu_start: cpu freq: 160000000 Hz[0m
[0;32mI (296) app_init: Application information:[0m
[0;32mI (299) app_init: Project name:     test[0m
[0;32mI (303) app_init: App version:      7e6d39a-dirty[0m
[0;32mI (309) app_init: Compile time:     Jan  8 2025 15:21:47[0m
[0;32mI (315) app_init: ELF file SHA256:  fa9aeffa4...[0m
[0;32mI (320) app_init: ESP-IDF:          v5.3[0m
[0;32mI (324) efuse_init: Min chip rev:     v0.3[0m
[0;32mI (329) efuse_init: Max chip rev:     v1.99 [0m
[0;32mI (334) efuse_init: Chip rev:         v0.3[0m
[0;32mI (339) heap_init: Initializing. RAM available for dynamic allocation:[0m
[0;32mI (346) heap_init: At 3FC9D650 len 000229B0 (138 KiB): RAM[0m
[0;32mI (352) heap_init: At 3FCC0000 len 0001C710 (113 KiB): Retention RAM[0m
[0;32mI (359) heap_init: At 3FCDC710 len 00002950 (10 KiB): Retention RAM[0m
[0;32mI (366) heap_init: At 50000200 len 00001DE8 (7 KiB): RTCRAM[0m
[0;32mI (373) spi_flash: detected chip: generic[0m
[0;32mI (377) spi_flash: flash io: dio[0m
[0;32mI (382) sleep: Configure to isolate all GPIO pins in sleep state[0m
[0;32mI (388) sleep: Enable automatic switching of GPIO sleep configuration[0m
[0;32mI (395) main_task: Started on CPU0[0m
[0;32mI (415) main_task: Calling app_main()[0m
[5n
Type 'help' to get the list of commands.
Use UP/DOWN arrows to navigate through command history.
Press TAB when typing command name to auto-complete.

Your terminal application does not support escape sequences.

Line editing and history features are disabled.

On Windows, try using Putty instead.
esp32> [0;32mI (925) pp: pp rom version: 9387209[0m
[0;32mI (945) net80211: net80211 rom version: 9387209[0m
[0;32mI (965) wifi_init: rx ba win: 6[0m
[0;32mI (965) wifi_init: accept mbox: 6[0m
[0;32mI (965) wifi_init: tcpip mbox: 32[0m
[0;32mI (965) wifi_init: udp mbox: 6[0m
[0;32mI (975) wifi_init: tcp mbox: 6[0m
[0;32mI (975) wifi_init: tcp tx win: 5760[0m
[0;32mI (975) wifi_init: tcp rx win: 5760[0m
[0;32mI (985) wifi_init: tcp mss: 1440[0m
[0;32mI (985) wifi_init: WiFi IRAM OP enabled[0m
[0;32mI (995) wifi_init: WiFi RX IRAM OP enabled[0m
[0;32mI (995) phy_init: phy_version 1180,01f2a49,Jun  4 2024,16:34:25[0m
[0;32mI (2405) esp_netif_handlers: sta ip: 192.168.8.141, mask: 255.255.255.0, gw: 192.168.8.1[0m
[0;32mI (2405) example_wifi: WiFi Connected. Got IP:192.168.8.141[0m
[0;32mI (2415) example_wifi: Connected to AP SSID: ***JONS_ORANGE_PI_WIFI_SSID***[0m
[0;32mI (2415) golioth_mbox: Mbox created, bufsize: 2520, num_items: 20, item_size: 120[0m
[0;32mI (2435) golioth_coap_client_libcoap: Start CoAP session with host: coaps://coap.golioth.io[0m
[0;32mI (2435) golioth_coap_client_libcoap: Session PSK-ID: generated-ysfssZXXVrvooEqn@firmware_ci[0m
[0;32mI (2445) libcoap: Setting PSK key
[0m
[0;32mI (2455) golioth_coap_client_libcoap: Entering CoAP I/O loop[0m
[0;32mI (4295) golioth_coap_client_libcoap: Golioth CoAP client connected[0m
[0;32mI (4965) golioth_rpc: RPC observation established[0m
[0;32mI (4965) golioth_rpc: RPC observation established[0m
