[0;32mI (52068) test_rpc: Received cancel_all RPC[0m
[0;32mI (53078) test_rpc: Cancelling observations[0m
Guru Meditation Error: Core  0 panic'ed (LoadProhibited). Exception was unhandled.

Core  0 register dump:
PC      : 0x400dd5da  PS      : 0x00060c30  A0      : 0x800de149  A1      : 0x3ffcf8c0  
A2      : 0x3ffcd658  A3      : 0x00000007  A4      : 0x00000000  A5      : 0x3ffcf930  
A6      : 0x3ffcfb58  A7      : 0x00000000  A8      : 0x00000004  A9      : 0x00000001  
A10     : 0x3ffcd658  A11     : 0x00000000  A12     : 0x3ffcf930  A13     : 0x3ffcfb58  
A14     : 0x3ffd0d99  A15     : 0x00000003  SAR     : 0x00000010  EXCCAUSE: 0x0000001c  
EXCVADDR: 0x0000000c  LBEG    : 0x4000c2e0  LEND    : 0x4000c2f6  LCOUNT  : 0x00000000  


Backtrace: 0x400dd5d7:0x3ffcf8c0 0x400de146:0x3ffcf8f0 0x400e7a38:0x3ffcf970 0x400e7bd8:0x3ffcf9d0 0x400e5a47:0x3ffcf9f0 0x400e7c81:0x3ffcfa10 0x400e7f72:0x3ffcfa60 0x400e461d:0x3ffcfa90 0x400e473a:0x3ffcfb00 0x400e474d:0x3ffcfb20 0x400dec8c:0x3ffcfb40




ELF file SHA256: 4e2ec24b9

Rebooting...
ets Jul 29 2019 12:21:46

rst:0xc (SW_CPU_RESET),boot:0x13 (SPI_FAST_FLASH_BOOT)
configsip: 0, SPIWP:0xee
clk_drv:0x00,q_drv:0x00,d_drv:0x00,cs0_drv:0x00,hd_drv:0x00,wp_drv:0x00
mode:DIO, clock div:2
load:0x3fff0030,len:7176
load:0x40078000,len:15648
load:0x40080400,len:4
ho 8 tail 4 room 4
load:0x40080404,len:3904
entry 0x40080640
[0;32mI (31) boot: ESP-IDF v5.3 2nd stage bootloader[0m
[0;32mI (31) boot: compile time Jan  8 2025 15:21:47[0m
[0;32mI (31) boot: Multicore bootloader[0m
[0;32mI (35) boot: chip revision: v3.1[0m
[0;32mI (39) boot.esp32: SPI Speed      : 40MHz[0m
[0;32mI (44) boot.esp32: SPI Mode       : DIO[0m
[0;32mI (48) boot.esp32: SPI Flash Size : 4MB[0m
[0;32mI (53) boot: Enabling RNG early entropy source...[0m
[0;32mI (58) boot: Partition Table:[0m
[0;32mI (62) boot: ## Label            Usage          Type ST Offset   Length[0m
[0;32mI (69) boot:  0 nvs              WiFi data        01 02 00009000 00006000[0m
[0;32mI (76) boot:  1 phy_init         RF data          01 01 0000f000 00001000[0m
[0;32mI (84) boot:  2 factory          factory app      00 00 00010000 00100000[0m
[0;32mI (91) boot: End of partition table[0m
[0;32mI (95) esp_image: segment 0: paddr=00010020 vaddr=3f400020 size=2b380h (177024) map[0m
[0;32mI (165) esp_image: segment 1: paddr=0003b3a8 vaddr=3ffb0000 size=04064h ( 16484) load[0m
[0;32mI (171) esp_image: segment 2: paddr=0003f414 vaddr=40080000 size=00c04h (  3076) load[0m
[0;32mI (172) esp_image: segment 3: paddr=00040020 vaddr=400d0020 size=9d058h (643160) map[0m
[0;32mI (399) esp_image: segment 4: paddr=000dd080 vaddr=40080c04 size=15f6ch ( 89964) load[0m
[0;32mI (446) boot: Loaded app from partition at offset 0x10000[0m
[0;32mI (446) boot: Disabling RNG early entropy source...[0m
[0;32mI (458) cpu_start: Multicore app[0m
[0;32mI (466) cpu_start: Pro cpu start user code[0m
[0;32mI (466) cpu_start: cpu freq: 160000000 Hz[0m
[0;32mI (466) app_init: Application information:[0m
[0;32mI (469) app_init: Project name:     test[0m
[0;32mI (474) app_init: App version:      7e6d39a-dirty[0m
[0;32mI (479) app_init: Compile time:     Jan  8 2025 15:21:42[0m
[0;32mI (485) app_init: ELF file SHA256:  4e2ec24b9...[0m
[0;32mI (491) app_init: ESP-IDF:          v5.3[0m
[0;32mI (495) efuse_init: Min chip rev:     v0.0[0m
[0;32mI (500) efuse_init: Max chip rev:     v3.99 [0m
[0;32mI (505) efuse_init: Chip rev:         v3.1[0m
[0;32mI (510) heap_init: Initializing. RAM available for dynamic allocation:[0m
[0;32mI (517) heap_init: At 3FFAE6E0 len 00001920 (6 KiB): DRAM[0m
[0;32mI (523) heap_init: At 3FFBBED8 len 00024128 (144 KiB): DRAM[0m
[0;32mI (529) heap_init: At 3FFE0440 len 00003AE0 (14 KiB): D/IRAM[0m
[0;32mI (536) heap_init: At 3FFE4350 len 0001BCB0 (111 KiB): D/IRAM[0m
[0;32mI (542) heap_init: At 40096B70 len 00009490 (37 KiB): IRAM[0m
[0;32mI (550) spi_flash: detected chip: generic[0m
[0;32mI (553) spi_flash: flash io: dio[0m
[0;32mI (558) main_task: Started on CPU0[0m
[0;32mI (568) main_task: Calling app_main()[0m
[5n
Type 'help' to get the list of commands.
Use UP/DOWN arrows to navigate through command history.
Press TAB when typing command name to auto-complete.

Your terminal application does not support escape sequences.

Line editing and history features are disabled.

On Windows, try using Putty instead.
esp32> [0;32mI (1088) wifi_init: rx ba win: 6[0m
[0;32mI (1108) wifi_init: accept mbox: 6[0m
[0;32mI (1108) wifi_init: tcpip mbox: 32[0m
[0;32mI (1108) wifi_init: udp mbox: 6[0m
[0;32mI (1118) wifi_init: tcp mbox: 6[0m
[0;32mI (1118) wifi_init: tcp tx win: 5760[0m
[0;32mI (1118) wifi_init: tcp rx win: 5760[0m
[0;32mI (1128) wifi_init: tcp mss: 1440[0m
[0;32mI (1128) wifi_init: WiFi IRAM OP enabled[0m
[0;32mI (1128) wifi_init: WiFi RX IRAM OP enabled[0m
[0;32mI (1138) phy_init: phy_version 4830,54550f7,Jun 20 2024,14:22:08[0m
[0;32mI (2598) esp_netif_handlers: sta ip: 192.168.8.131, mask: 255.255.255.0, gw: 192.168.8.1[0m
[0;32mI (2598) example_wifi: WiFi Connected. Got IP:192.168.8.131[0m
[0;32mI (2608) example_wifi: Connected to AP SSID: ***TIMS_ORANGE_PI_WIFI_SSID***[0m
[0;32mI (2608) golioth_mbox: Mbox created, bufsize: 2520, num_items: 20, item_size: 120[0m
[0;32mI (2638) golioth_coap_client_libcoap: Start CoAP session with host: coaps://coap.golioth.io[0m
[0;32mI (2638) golioth_coap_client_libcoap: Session PSK-ID: generated-PGfAJbRsWZcznugs@firmware_ci[0m
[0;32mI (2658) libcoap: Setting PSK key
[0m
[0;32mI (2658) golioth_coap_client_libcoap: Entering CoAP I/O loop[0m
[0;32mI (3348) golioth_coap_client_libcoap: Golioth CoAP client connected[0m
[0;32mI (3618) golioth_rpc: RPC observation established[0m
[0;32mI (3618) golioth_rpc: RPC observation established[0m
