esptool.py v4.8.1
Serial port /dev/serial/by-id/usb-Silicon_Labs_CP2102N_USB_to_UART_Bridge_Controller_08bd8600facfec119c501d2686bdcd52-if00-port0
Connecting....
Detecting chip type... ESP32-S3
Chip is ESP32-S3 (QFN56) (revision v0.1)
Features: WiFi, BLE, Embedded PSRAM 8MB (AP_3v3)
Crystal is 40MHz
MAC: 34:85:18:6d:04:5c
Uploading stub...
Running stub...
Stub running...
Changing baud rate to 460800
Changed.
Configuring flash size...
Erasing flash (this may take a while)...
Chip erase completed successfully in 1.4s
Compressed 991104 bytes to 615436...
Writing at 0x00000000... (2 %)
Writing at 0x00011b2a... (5 %)
Writing at 0x0001f37c... (7 %)
Writing at 0x0002b5a5... (10 %)
Writing at 0x00031bbe... (13 %)
Writing at 0x000371eb... (15 %)
Writing at 0x00041e48... (18 %)
Writing at 0x00047809... (21 %)
Writing at 0x0004d395... (23 %)
Writing at 0x00052a4e... (26 %)
Writing at 0x00057c85... (28 %)
Writing at 0x0005d055... (31 %)
Writing at 0x00062eb8... (34 %)
Writing at 0x00067f52... (36 %)
Writing at 0x0006d1c4... (39 %)
Writing at 0x000725fa... (42 %)
Writing at 0x00077724... (44 %)
Writing at 0x0007c9d6... (47 %)
Writing at 0x00081f8b... (50 %)
Writing at 0x00087b50... (52 %)
Writing at 0x0008d020... (55 %)
Writing at 0x0009218a... (57 %)
Writing at 0x000970bf... (60 %)
Writing at 0x0009c68b... (63 %)
Writing at 0x000a17c5... (65 %)
Writing at 0x000a6a34... (68 %)
Writing at 0x000ac0b3... (71 %)
Writing at 0x000b15aa... (73 %)
Writing at 0x000b66c3... (76 %)
Writing at 0x000bbd13... (78 %)
Writing at 0x000c1e52... (81 %)
Writing at 0x000c8c46... (84 %)
Writing at 0x000d1700... (86 %)
Writing at 0x000d7e38... (89 %)
Writing at 0x000ddc2b... (92 %)
Writing at 0x000e3806... (94 %)
Writing at 0x000e92d1... (97 %)
Writing at 0x000eeaca... (100 %)
Wrote 991104 bytes (615436 compressed) at 0x00000000 in 14.3 seconds (effective 554.0 kbit/s)...
Hash of data verified.

Leaving...
Hard resetting via RTS pin...
ESP-ROM:esp32s3-20210327
Build:Mar 27 2021
rst:0x1 (POWERON),boot:0x8 (SPI_FAST_FLASH_BOOT)
SPIWP:0xee
mode:DIO, clock div:1
load:0x3fce2810,len:0x178c
load:0x403c8700,len:0x4
load:0x403c8704,len:0xcb8
load:0x403cb700,len:0x2df4
entry 0x403c8914
[0;32mI (27) boot: ESP-IDF v5.3 2nd stage bootloader[0m
[0;32mI (27) boot: compile time Jan  2 2025 21:35:52[0m
[0;32mI (27) boot: Multicore bootloader[0m
[0;32mI (30) boot: chip revision: v0.1[0m
[0;32mI (34) boot.esp32s3: Boot SPI Speed : 80MHz[0m
[0;32mI (38) boot.esp32s3: SPI Mode       : DIO[0m
[0;32mI (43) boot.esp32s3: SPI Flash Size : 4MB[0m
[0;32mI (48) boot: Enabling RNG early entropy source...[0m
[0;32mI (53) boot: Partition Table:[0m
[0;32mI (57) boot: ## Label            Usage          Type ST Offset   Length[0m
[0;32mI (64) boot:  0 nvs              WiFi data        01 02 00009000 00006000[0m
[0;32mI (71) boot:  1 phy_init         RF data          01 01 0000f000 00001000[0m
[0;32mI (79) boot:  2 factory          factory app      00 00 00010000 00100000[0m
[0;32mI (86) boot: End of partition table[0m
[0;32mI (91) esp_image: segment 0: paddr=00010020 vaddr=3c0a0020 size=2bfb8h (180152) map[0m
[0;32mI (131) esp_image: segment 1: paddr=0003bfe0 vaddr=3fc98800 size=04038h ( 16440) load[0m
[0;32mI (135) esp_image: segment 2: paddr=00040020 vaddr=42000020 size=9cd94h (642452) map[0m
[0;32mI (252) esp_image: segment 3: paddr=000dcdbc vaddr=3fc9c838 size=00a30h (  2608) load[0m
[0;32mI (253) esp_image: segment 4: paddr=000dd7f4 vaddr=40374000 size=14760h ( 83808) load[0m
[0;32mI (285) boot: Loaded app from partition at offset 0x10000[0m
[0;32mI (285) boot: Disabling RNG early entropy source...[0m
[0;32mI (297) cpu_start: Multicore app[0m
[0;32mI (306) cpu_start: Pro cpu start user code[0m
[0;32mI (306) cpu_start: cpu freq: 160000000 Hz[0m
[0;32mI (306) app_init: Application information:[0m
[0;32mI (309) app_init: Project name:     test[0m
[0;32mI (314) app_init: App version:      abcbea3-dirty[0m
[0;32mI (319) app_init: Compile time:     Jan  2 2025 21:35:46[0m
[0;32mI (325) app_init: ELF file SHA256:  a59f2bdfb...[0m
[0;32mI (330) app_init: ESP-IDF:          v5.3[0m
[0;32mI (335) efuse_init: Min chip rev:     v0.0[0m
[0;32mI (340) efuse_init: Max chip rev:     v0.99 [0m
[0;32mI (345) efuse_init: Chip rev:         v0.1[0m
[0;32mI (350) heap_init: Initializing. RAM available for dynamic allocation:[0m
[0;32mI (357) heap_init: At 3FCA4A98 len 00044C78 (275 KiB): RAM[0m
[0;32mI (363) heap_init: At 3FCE9710 len 00005724 (21 KiB): RAM[0m
[0;32mI (369) heap_init: At 3FCF0000 len 00008000 (32 KiB): DRAM[0m
[0;32mI (375) heap_init: At 600FE100 len 00001EE8 (7 KiB): RTCRAM[0m
[0;32mI (382) spi_flash: detected chip: gd[0m
[0;32mI (386) spi_flash: flash io: dio[0m
[0;33mW (390) spi_flash: Detected size(8192k) larger than the size in the binary image header(4096k). Using the size in the binary image header.[0m
[0;32mI (403) sleep: Configure to isolate all GPIO pins in sleep state[0m
[0;32mI (410) sleep: Enable automatic switching of GPIO sleep configuration[0m
[0;32mI (417) main_task: Started on CPU0[0m
[0;32mI (437) main_task: Calling app_main()[0m
[5n
Type 'help' to get the list of commands.
Use UP/DOWN arrows to navigate through command history.
Press TAB when typing command name to auto-complete.

Your terminal application does not support escape sequences.

Line editing and history features are disabled.

On Windows, try using Putty instead.
esp32> [0;33mW (947) hil_test: WiFi and Golioth credentials are not set. Use the shell settings commands to set them.[0m

esp32> 
esp32> 
esp32> 
esp32> settings set wifi/ssid "***MIKES_ORANGE_PI_WIFI_SSID***"
Setting wifi/ssid saved
esp32> 
esp32> 
esp32> 
esp32> 
esp32> 
esp32> settings set wifi/psk "***MIKES_ORANGE_PI_WIFI_PSK***"
Setting wifi/psk saved
esp32> 
esp32> ::add-mask::generated-SKpxQRSrnOHIwjFU

esp32> 
esp32> 
esp32> 
esp32> settings set golioth/psk-id "generated-SKpxQRSrnOHIwjFU@firmware_ci"
Setting golioth/psk-id saved
esp32> 
esp32> 
esp32> 
esp32> 
esp32> 
esp32> settings set golioth/psk "generated-SKpxQRSrnOHIwjFU"
Setting golioth/psk saved
esp32> 
esp32> [0;32mI (7977) pp: pp rom version: e7ae62f[0m
[0;32mI (7977) net80211: net80211 rom version: e7ae62f[0m
[0;32mI (7997) wifi_init: rx ba win: 6[0m
[0;32mI (7997) wifi_init: accept mbox: 6[0m
[0;32mI (7997) wifi_init: tcpip mbox: 32[0m
[0;32mI (7997) wifi_init: udp mbox: 6[0m
[0;32mI (8007) wifi_init: tcp mbox: 6[0m
[0;32mI (8007) wifi_init: tcp tx win: 5760[0m
[0;32mI (8007) wifi_init: tcp rx win: 5760[0m
[0;32mI (8017) wifi_init: tcp mss: 1440[0m
[0;32mI (8027) wifi_init: WiFi IRAM OP enabled[0m
[0;32mI (8027) wifi_init: WiFi RX IRAM OP enabled[0m
[0;32mI (8037) phy_init: phy_version 680,a6008b2,Jun  4 2024,16:41:10[0m
[0;33mW (8037) phy_init: failed to load RF calibration data (0x1102), falling back to full calibration[0m
[0;33mW (8087) phy_init: saving new calibration data because of checksum failure, mode(2)[0m
[0;32mI (9767) esp_netif_handlers: sta ip: 192.168.8.234, mask: 255.255.255.0, gw: 192.168.8.1[0m
[0;32mI (9767) example_wifi: WiFi Connected. Got IP:192.168.8.234[0m
[0;32mI (9777) example_wifi: Connected to AP SSID: ***MIKES_ORANGE_PI_WIFI_SSID***[0m
[0;32mI (9777) golioth_mbox: Mbox created, bufsize: 2520, num_items: 20, item_size: 120[0m
[0;32mI (9797) golioth_coap_client_libcoap: Start CoAP session with host: coaps://coap.golioth.io[0m
[0;32mI (9797) golioth_coap_client_libcoap: Session PSK-ID: generated-SKpxQRSrnOHIwjFU@firmware_ci[0m
[0;32mI (9817) libcoap: Setting PSK key
[0m
[0;32mI (9827) golioth_coap_client_libcoap: Entering CoAP I/O loop[0m
[0;32mI (10047) golioth_coap_client_libcoap: Golioth CoAP client connected[0m
[0;32mI (10287) golioth_rpc: RPC observation established[0m
