esptool.py v4.8.1
Serial port /dev/serial/by-id/usb-Silicon_Labs_CP2102N_USB_to_UART_Bridge_Controller_76b3b9235e24ed11ac32d0fff9a97352-if00-port0
Connecting....
Detecting chip type... Unsupported detection protocol, switching and trying again...
Connecting......
Detecting chip type... ESP32
Chip is ESP32-D0WD-V3 (revision v3.1)
Features: WiFi, BT, Dual Core, 240MHz, VRef calibration in efuse, Coding Scheme None
Crystal is 40MHz
MAC: 08:b6:1f:ed:44:bc
Uploading stub...
Running stub...
Stub running...
Changing baud rate to 460800
Changed.
Configuring flash size...
Erasing flash (this may take a while)...
Chip erase completed successfully in 1.7s
Compressed 998128 bytes to 626585...
Writing at 0x00000000... (2 %)
Writing at 0x000077db... (5 %)
Writing at 0x0001c80d... (7 %)
Writing at 0x000297d7... (10 %)
Writing at 0x000301f1... (12 %)
Writing at 0x00035300... (15 %)
Writing at 0x00040250... (17 %)
Writing at 0x00045d7d... (20 %)
Writing at 0x0004b4c4... (23 %)
Writing at 0x00050982... (25 %)
Writing at 0x00055b33... (28 %)
Writing at 0x0005ae0f... (30 %)
Writing at 0x00060815... (33 %)
Writing at 0x00065927... (35 %)
Writing at 0x0006abfa... (38 %)
Writing at 0x0006ffa1... (41 %)
Writing at 0x000750be... (43 %)
Writing at 0x0007a352... (46 %)
Writing at 0x0007f898... (48 %)
Writing at 0x000854b3... (51 %)
Writing at 0x0008ac7c... (53 %)
Writing at 0x0008ffe3... (56 %)
Writing at 0x00095228... (58 %)
Writing at 0x0009a8a7... (61 %)
Writing at 0x0009ff8e... (64 %)
Writing at 0x000a51e2... (66 %)
Writing at 0x000aaa83... (69 %)
Writing at 0x000b030c... (71 %)
Writing at 0x000b53b6... (74 %)
Writing at 0x000baaf2... (76 %)
Writing at 0x000c0295... (79 %)
Writing at 0x000c7cb1... (82 %)
Writing at 0x000cf9a1... (84 %)
Writing at 0x000d6bd8... (87 %)
Writing at 0x000dc307... (89 %)
Writing at 0x000e1df0... (92 %)
Writing at 0x000e74b3... (94 %)
Writing at 0x000ed026... (97 %)
Writing at 0x000f229e... (100 %)
Wrote 998128 bytes (626585 compressed) at 0x00000000 in 14.5 seconds (effective 549.4 kbit/s)...
Hash of data verified.

Leaving...
Hard resetting via RTS pin...
xxxxxxxxxxÒ’Ò¢j

rst:0x1 (POWERON_RESET),boot:0x13 (SPI_FAST_FLASH_BOOT)
configsip: 0, SPIWP:0xee
clk_drv:0x00,q_drv:0x00,d_drv:0x00,cs0_drv:0x00,hd_drv:0x00,wp_drv:0x00
mode:DIO, clock div:2
load:0x3fff0030,len:7176
load:0x40078000,len:15648
load:0x40080400,len:4
ho 8 tail 4 room 4
load:0x40080404,len:3904
entry 0x40080640
[0;32mI (31) boot: ESP-IDF v5.3 2nd stage bootloader[0m
[0;32mI (31) boot: compile time Nov 15 2024 20:50:13[0m
[0;32mI (31) boot: Multicore bootloader[0m
[0;32mI (35) boot: chip revision: v3.1[0m
[0;32mI (39) boot.esp32: SPI Speed      : 40MHz[0m
[0;32mI (44) boot.esp32: SPI Mode       : DIO[0m
[0;32mI (48) boot.esp32: SPI Flash Size : 4MB[0m
[0;32mI (53) boot: Enabling RNG early entropy source...[0m
[0;32mI (58) boot: Partition Table:[0m
[0;32mI (62) boot: ## Label            Usage          Type ST Offset   Length[0m
[0;32mI (69) boot:  0 nvs              WiFi data        01 02 00009000 00006000[0m
[0;32mI (76) boot:  1 phy_init         RF data          01 01 0000f000 00001000[0m
[0;32mI (84) boot:  2 factory          factory app      00 00 00010000 00100000[0m
[0;32mI (91) boot: End of partition table[0m
[0;32mI (96) esp_image: segment 0: paddr=00010020 vaddr=3f400020 size=2b4f0h (177392) map[0m
[0;32mI (165) esp_image: segment 1: paddr=0003b518 vaddr=3ffb0000 size=04064h ( 16484) load[0m
[0;32mI (171) esp_image: segment 2: paddr=0003f584 vaddr=40080000 size=00a94h (  2708) load[0m
[0;32mI (173) esp_image: segment 3: paddr=00040020 vaddr=400d0020 size=9d9c4h (645572) map[0m
[0;32mI (400) esp_image: segment 4: paddr=000dd9ec vaddr=40080a94 size=160dch ( 90332) load[0m
[0;32mI (447) boot: Loaded app from partition at offset 0x10000[0m
[0;32mI (447) boot: Disabling RNG early entropy source...[0m
[0;32mI (459) cpu_start: Multicore app[0m
[0;32mI (468) cpu_start: Pro cpu start user code[0m
[0;32mI (468) cpu_start: cpu freq: 160000000 Hz[0m
[0;32mI (468) app_init: Application information:[0m
[0;32mI (471) app_init: Project name:     test[0m
[0;32mI (475) app_init: App version:      ebda31b-dirty[0m
[0;32mI (481) app_init: Compile time:     Nov 15 2024 20:50:07[0m
[0;32mI (487) app_init: ELF file SHA256:  7286195f9...[0m
[0;32mI (492) app_init: ESP-IDF:          v5.3[0m
[0;32mI (497) efuse_init: Min chip rev:     v0.0[0m
[0;32mI (501) efuse_init: Max chip rev:     v3.99 [0m
[0;32mI (506) efuse_init: Chip rev:         v3.1[0m
[0;32mI (511) heap_init: Initializing. RAM available for dynamic allocation:[0m
[0;32mI (518) heap_init: At 3FFAE6E0 len 00001920 (6 KiB): DRAM[0m
[0;32mI (524) heap_init: At 3FFBBDC8 len 00024238 (144 KiB): DRAM[0m
[0;32mI (531) heap_init: At 3FFE0440 len 00003AE0 (14 KiB): D/IRAM[0m
[0;32mI (537) heap_init: At 3FFE4350 len 0001BCB0 (111 KiB): D/IRAM[0m
[0;32mI (543) heap_init: At 40096B70 len 00009490 (37 KiB): IRAM[0m
[0;32mI (551) spi_flash: detected chip: gd[0m
[0;32mI (554) spi_flash: flash io: dio[0m
[0;33mW (558) spi_flash: Detected size(8192k) larger than the size in the binary image header(4096k). Using the size in the binary image header.[0m
[0;32mI (572) main_task: Started on CPU0[0m
[0;32mI (582) main_task: Calling app_main()[0m
[5n
Type 'help' to get the list of commands.
Use UP/DOWN arrows to navigate through command history.
Press TAB when typing command name to auto-complete.

Your terminal application does not support escape sequences.

Line editing and history features are disabled.

On Windows, try using Putty instead.
esp32> [0;33mW (1092) hil_test: WiFi and Golioth credentials are not set. Use the shell settings commands to set them.[0m

esp32> 
esp32> 
esp32> 
esp32> settings set wifi/ssid "***MIKES_ORANGE_PI_WIFI_SSID***"
Setting wifi/ssid saved
esp32> 
esp32> 
esp32> 
esp32> 
esp32> 
esp32> settings set wifi/psk "***MIKES_ORANGE_PI_WIFI_PSK***"
Setting wifi/psk saved
esp32> 
es::add-mask::generated-qyLjrnskXdEyMtym
p32> 
esp32> 
esp32> 
esp32> 
esp32> settings set golioth/psk-id "generated-qyLjrnskXdEyMtym@firmware_ci"
Setting golioth/psk-id saved
esp32> 
esp32> 
esp32> 
esp32> 
esp32> 
esp32> settings set golioth/psk "generated-qyLjrnskXdEyMtym"
Setting golioth/psk saved
esp32> 
esp32> [0;32mI (15142) wifi_init: rx ba win: 6[0m
[0;32mI (15142) wifi_init: accept mbox: 6[0m
[0;32mI (15142) wifi_init: tcpip mbox: 32[0m
[0;32mI (15142) wifi_init: udp mbox: 6[0m
[0;32mI (15162) wifi_init: tcp mbox: 6[0m
[0;32mI (15162) wifi_init: tcp tx win: 5760[0m
[0;32mI (15162) wifi_init: tcp rx win: 5760[0m
[0;32mI (15172) wifi_init: tcp mss: 1440[0m
[0;32mI (15172) wifi_init: WiFi IRAM OP enabled[0m
[0;32mI (15172) wifi_init: WiFi RX IRAM OP enabled[0m
[0;32mI (15182) phy_init: phy_version 4830,54550f7,Jun 20 2024,14:22:08[0m
[0;33mW (15182) phy_init: failed to load RF calibration data (0x1102), falling back to full calibration[0m
[0;33mW (15262) phy_init: saving new calibration data because of checksum failure, mode(2)[0m
[0;32mI (16682) esp_netif_handlers: sta ip: 192.168.8.240, mask: 255.255.255.0, gw: 192.168.8.1[0m
[0;32mI (16682) example_wifi: WiFi Connected. Got IP:192.168.8.240[0m
[0;32mI (16692) example_wifi: Connected to AP SSID: ***MIKES_ORANGE_PI_WIFI_SSID***[0m
[0;32mI (16692) golioth_mbox: Mbox created, bufsize: 2520, num_items: 20, item_size: 120[0m
[0;32mI (16722) golioth_coap_client_libcoap: Start CoAP session with host: coaps://coap.golioth.io[0m
[0;32mI (16722) golioth_coap_client_libcoap: Session PSK-ID: generated-qyLjrnskXdEyMtym@firmware_ci[0m
[0;32mI (16732) libcoap: Setting PSK key
[0m
[0;32mI (16742) golioth_coap_client_libcoap: Entering CoAP I/O loop[0m
[0;32mI (17132) golioth_coap_client_libcoap: Golioth CoAP client connected[0m
[0;32mI (17292) test_settings: Received test_cancel: 0[0m
[0;32mI (17292) test_settings: Received test_int: 1[0m
[0;32mI (17292) test_settings: Received test_string: foo[0m
[0;32mI (17312) test_settings: Received test_int_range: 1[0m
[0;32mI (17312) test_settings: Received test_restart: false[0m
[0;32mI (17312) test_settings: Received test_bool: false[0m
[0;32mI (17322) test_settings: Received test_float: 1.230000[0m
[0;32mI (17392) test_settings: Received test_cancel: 0[0m
[0;32mI (17392) test_settings: Received test_restart: false[0m
[0;32mI (17392) test_settings: Received test_string: foo[0m
[0;32mI (17392) test_settings: Received test_bool: false[0m
[0;32mI (17402) test_settings: Received test_int: 1[0m
[0;32mI (17402) test_settings: Received test_float: 1.230000[0m
[0;32mI (17422) test_settings: Received test_int_range: 1[0m
[0;31mE (17422) golioth_settings: Failed to send a response to server: 10[0m
[0;32mI (17702) test_settings: Received test_bool: false[0m
[0;32mI (17702) test_settings: Received test_int_range: 1[0m
[0;32mI (17702) test_settings: Received test_string: foo[0m
[0;32mI (17722) test_settings: Received test_cancel: 0[0m
[0;32mI (17722) test_settings: Received test_restart: false[0m
[0;32mI (17722) test_settings: Received test_float: 1.230000[0m
[0;32mI (17732) test_settings: Received test_int: 1[0m
[0;31mE (17732) golioth_settings: Failed to send a response to server: 10[0m
[0;32mI (17912) test_settings: Received test_restart: false[0m
[0;32mI (17912) test_settings: Received test_float: 1.230000[0m
[0;32mI (17912) test_settings: Received test_bool: false[0m
[0;32mI (17922) test_settings: Received test_string: foo[0m
[0;32mI (17922) test_settings: Received test_cancel: 0[0m
[0;32mI (17932) test_settings: Received test_int: 1[0m
[0;32mI (17942) test_settings: Received test_int_range: 1[0m
[0;31mE (17942) golioth_settings: Failed to send a response to server: 10[0m
[0;32mI (18012) test_settings: Received test_int_range: 1[0m
[0;32mI (18012) test_settings: Received test_string: foo[0m
[0;32mI (18012) test_settings: Received test_bool: false[0m
[0;32mI (18022) test_settings: Received test_int: 1[0m
[0;32mI (18022) test_settings: Received test_float: 1.230000[0m
[0;32mI (18032) test_settings: Received test_cancel: 0[0m
[0;32mI (18042) test_settings: Received test_restart: false[0m
[0;31mE (18042) golioth_settings: Failed to send a response to server: 10[0m
[0;32mI (18102) test_settings: Received test_string: foo[0m
[0;32mI (18112) test_settings: Received test_float: 1.230000[0m
[0;32mI (18112) test_settings: Received test_restart: false[0m
[0;32mI (18122) test_settings: Received test_int_range: 1[0m
[0;32mI (18122) test_settings: Received test_int: 1[0m
[0;32mI (18122) test_settings: Received test_bool: false[0m
[0;32mI (18142) test_settings: Received test_cancel: 0[0m
[0;31mE (18142) golioth_settings: Failed to send a response to server: 10[0m
[0;32mI (18322) test_settings: Received test_bool: false[0m
[0;32mI (18322) test_settings: Received test_float: 1.230000[0m
[0;32mI (18322) test_settings: Received test_int: 1[0m
[0;32mI (18332) test_settings: Received test_string: foo[0m
[0;32mI (18332) test_settings: Received test_restart: false[0m
[0;32mI (18342) test_settings: Received test_cancel: 0[0m
[0;32mI (18352) test_settings: Received test_int_range: 1[0m
[0;31mE (18352) golioth_settings: Failed to send a response to server: 10[0m
[0;32mI (18422) test_settings: Received test_bool: false[0m
[0;32mI (18422) test_settings: Received test_cancel: 0[0m
[0;32mI (18422) test_settings: Received test_int_range: 1[0m
[0;32mI (18442) test_settings: Received test_float: 1.230000[0m
[0;32mI (18442) test_settings: Received test_int: 42[0m
[0;32