esptool.py v4.8.1
Serial port /dev/serial/by-id/usb-Silicon_Labs_CP2102N_USB_to_UART_Bridge_Controller_08bd8600facfec119c501d2686bdcd52-if00-port0
Connecting....
Detecting chip type... ESP32-S3
Chip is ESP32-S3 (QFN56) (revision v0.1)
Features: WiFi, BLE, Embedded PSRAM 8MB (AP_3v3)
Crystal is 40MHz
MAC: 34:85:18:6d:04:5c
Uploading stub...
Running stub...
Stub running...
Changing baud rate to 460800
Changed.
Configuring flash size...
Erasing flash (this may take a while)...
Chip erase completed successfully in 0.6s
Compressed 957568 bytes to 595324...
Writing at 0x00000000... (2 %)
Writing at 0x0001160a... (5 %)
Writing at 0x0001e4bb... (8 %)
Writing at 0x0002a1f2... (10 %)
Writing at 0x000339c9... (13 %)
Writing at 0x0003c78b... (16 %)
Writing at 0x000428be... (18 %)
Writing at 0x00048160... (21 %)
Writing at 0x0004de01... (24 %)
Writing at 0x000534c9... (27 %)
Writing at 0x00058749... (29 %)
Writing at 0x0005dba9... (32 %)
Writing at 0x0006374e... (35 %)
Writing at 0x0006880b... (37 %)
Writing at 0x0006db6d... (40 %)
Writing at 0x00072d81... (43 %)
Writing at 0x00078062... (45 %)
Writing at 0x0007d18b... (48 %)
Writing at 0x000828aa... (51 %)
Writing at 0x00087d9c... (54 %)
Writing at 0x0008d3c9... (56 %)
Writing at 0x00092363... (59 %)
Writing at 0x000973f7... (62 %)
Writing at 0x0009c950... (64 %)
Writing at 0x000a1bad... (67 %)
Writing at 0x000a6de3... (70 %)
Writing at 0x000ac5ff... (72 %)
Writing at 0x000b18cd... (75 %)
Writing at 0x000b6a12... (78 %)
Writing at 0x000bbffe... (81 %)
Writing at 0x000c2369... (83 %)
Writing at 0x000c8d76... (86 %)
Writing at 0x000d0da2... (89 %)
Writing at 0x000d7227... (91 %)
Writing at 0x000dc99a... (94 %)
Writing at 0x000e2a5b... (97 %)
Writing at 0x000e7a6d... (100 %)
Wrote 957568 bytes (595324 compressed) at 0x00000000 in 13.8 seconds (effective 554.6 kbit/s)...
Hash of data verified.

Leaving...
Hard resetting via RTS pin...
ESP-ROM:esp32s3-20210327
Build:Mar 27 2021
rst:0x1 (POWERON),boot:0x8 (SPI_FAST_FLASH_BOOT)
SPIWP:0xee
mode:DIO, clock div:1
load:0x3fce2810,len:0x15a0
load:0x403c8700,len:0x4
load:0x403c8704,len:0xd20
load:0x403cb700,len:0x2f3c
entry 0x403c8928
I (27) boot: ESP-IDF v5.4 2nd stage bootloader
I (27) boot: compile time Jan  9 2025 17:04:39
I (27) boot: Multicore bootloader
I (27) boot: chip revision: v0.1
I (30) boot: efuse block revision: v1.2
I (33) boot.esp32s3: Boot SPI Speed : 80MHz
I (37) boot.esp32s3: SPI Mode       : DIO
I (41) boot.esp32s3: SPI Flash Size : 4MB
I (45) boot: Enabling RNG early entropy source...
I (49) boot: Partition Table:
I (52) boot: ## Label            Usage          Type ST Offset   Length
I (58) boot:  0 nvs              WiFi data        01 02 00009000 00006000
I (65) boot:  1 phy_init         RF data          01 01 0000f000 00001000
I (71) boot:  2 factory          factory app      00 00 00010000 00100000
I (78) boot: End of partition table
I (81) esp_image: segment 0: paddr=00010020 vaddr=3c0a0020 size=2412ch (147756) map
I (114) esp_image: segment 1: paddr=00034154 vaddr=3fc99200 size=04b44h ( 19268) load
I (119) esp_image: segment 2: paddr=00038ca0 vaddr=40374000 size=07378h ( 29560) load
I (125) esp_image: segment 3: paddr=00040020 vaddr=42000020 size=9bdd8h (638424) map
I (238) esp_image: segment 4: paddr=000dbe00 vaddr=4037b378 size=0de34h ( 56884) load
I (251) esp_image: segment 5: paddr=000e9c3c vaddr=600fe100 size=0001ch (    28) load
I (259) boot: Loaded app from partition at offset 0x10000
I (259) boot: Disabling RNG early entropy source...
I (270) cpu_start: Multicore app
I (279) cpu_start: Pro cpu start user code
I (279) cpu_start: cpu freq: 160000000 Hz
I (279) app_init: Application information:
I (279) app_init: Project name:     test
I (282) app_init: App version:      4972008-dirty
I (287) app_init: Compile time:     Jan  9 2025 17:04:33
I (292) app_init: ELF file SHA256:  9a8946d28...
I (296) app_init: ESP-IDF:          v5.4
I (300) efuse_init: Min chip rev:     v0.0
I (304) efuse_init: Max chip rev:     v0.99 
I (308) efuse_init: Chip rev:         v0.1
I (312) heap_init: Initializing. RAM available for dynamic allocation:
I (318) heap_init: At 3FCA5078 len 00044698 (273 KiB): RAM
I (323) heap_init: At 3FCE9710 len 00005724 (21 KiB): RAM
I (328) heap_init: At 3FCF0000 len 00008000 (32 KiB): DRAM
I (333) heap_init: At 600FE11C len 00001ECC (7 KiB): RTCRAM
I (339) spi_flash: detected chip: gd
I (342) spi_flash: flash io: dio
W (345) spi_flash: Detected size(8192k) larger than the size in the binary image header(4096k). Using the size in the binary image header.
I (357) sleep_gpio: Configure to isolate all GPIO pins in sleep state
I (363) sleep_gpio: Enable automatic switching of GPIO sleep configuration
I (370) main_task: Started on CPU0
I (390) main_task: Calling app_main()
[5n
Type 'help' to get the list of commands.
Use UP/DOWN arrows to navigate through command history.
Press TAB when typing command name to auto-complete.

Your terminal application does not support escape sequences.

Line editing and history features are disabled.

On Windows, try using Putty instead.
esp32> W (900) hil_test: WiFi and Golioth credentials are not set. Use the shell settings commands to set them.

esp32> 
esp32> 
esp32> 
esp32> settings set wifi/ssid "***MIKES_ORANGE_PI_WIFI_SSID***"
Setting wifi/ssid saved
esp32> 
esp32> 
esp32> 
esp32> 
esp32> 
esp32> settings set wifi/psk "***MIKES_ORANGE_PI_WIFI_PSK***"
Setting wifi/psk saved
esp32> 
esp32> ::add-mask::generated-mkaEAIKYzEZjevzy

esp32> 
esp32> 
esp32> 
esp32> settings set golioth/psk-id "generated-mkaEAIKYzEZjevzy@firmware_ci"
Setting golioth/psk-id saved
esp32> 
esp32> 
esp32> 
esp32> 
esp32> 
esp32> settings set golioth/psk "generated-mkaEAIKYzEZjevzy"
Setting golioth/psk saved
esp32> 
esp32> I (7940) pp: pp rom version: e7ae62f
I (7940) net80211: net80211 rom version: e7ae62f
I (7950) wifi_init: rx ba win: 6
I (7950) wifi_init: accept mbox: 6
I (7950) wifi_init: tcpip mbox: 32
I (7950) wifi_init: udp mbox: 6
I (7950) wifi_init: tcp mbox: 6
I (7960) wifi_init: tcp tx win: 5760
I (7960) wifi_init: tcp rx win: 5760
I (7960) wifi_init: tcp mss: 1440
I (7960) wifi_init: WiFi IRAM OP enabled
I (7980) wifi_init: WiFi RX IRAM OP enabled
I (7980) phy_init: phy_version 680,a6008b2,Jun  4 2024,16:41:10
W (7980) phy_init: failed to load RF calibration data (0x1102), falling back to full calibration
W (8020) phy_init: saving new calibration data because of checksum failure, mode(2)
I (13290) esp_netif_handlers: sta ip: 192.168.8.234, mask: 255.255.255.0, gw: 192.168.8.1
I (13290) example_wifi: WiFi Connected. Got IP:192.168.8.234
I (13290) example_wifi: Connected to AP SSID: ***MIKES_ORANGE_PI_WIFI_SSID***
I (13300) golioth_mbox: Mbox created, bufsize: 2520, num_items: 20, item_size: 120
I (13340) golioth_coap_client_libcoap: Start CoAP session with host: coaps://coap.golioth.io
I (13340) golioth_coap_client_libcoap: Session PSK-ID: generated-mkaEAIKYzEZjevzy@firmware_ci
I (13360) libcoap: Setting PSK key

I (13370) golioth_coap_client_libcoap: Entering CoAP I/O loop
I (13670) golioth_coap_client_libcoap: Golioth CoAP client connected
I (13680) test_connect: Golioth client connected
I (14680) test_connect: Stopping client
I (14680) golioth_coap_client_libcoap: Attempting to stop client
I (14720) golioth_coap_client_libcoap: Stopping
I (14730) golioth_coap_client_libcoap: Ending session
I (14730) test_connect: Golioth client disconnected
I (25780) test_connect: Starting client
I (25780) golioth_coap_client_libcoap: Start CoAP session with host: coaps://coap.golioth.io
I (25780) golioth_coap_client_libcoap: Session PSK-ID: generated-mkaEAIKYzEZjevzy@firmware_ci
I (25790) libcoap: Setting PSK key

I (25800) golioth_coap_client_libcoap: Entering CoAP I/O loop
I (26160) golioth_coap_client_libcoap: Golioth CoAP client connected
I (26170) test_connect: Golioth client connected
I (27170) test_connect: Destroying client
I (27170) golioth_coap_client_libcoap: Attempting to stop client
I (27210) golioth_coap_client_libcoap: Stopping
I (27210) golioth_coap_client_libcoap: Ending session
I (27210) test_connect: Golioth client disconnected
I (38270) test_connect: Starting client
I (38270) golioth_mbox: Mbox created, bufsize: 2520, num_items: 20, item_size: 120
I (38270) golioth_coap_client_libcoap: Start CoAP session with host: coaps://coap.golioth.io
I (38280) golioth_coap_client_libcoap: Session PSK-ID: generated-mkaEAIKYzEZjevzy@firmware_ci
I (38300) libcoap: Setting PSK key

I (38300) golioth_coap_client_libcoap: Entering CoAP I/O loop
I (38660) golioth_coap_client_libcoap: Golioth CoAP client connected
