esptool.py v4.8.1
Serial port /dev/serial/by-id/usb-Silicon_Labs_CP2102N_USB_to_UART_Bridge_Controller_08bd8600facfec119c501d2686bdcd52-if00-port0
Connecting....
Detecting chip type... ESP32-S3
Chip is ESP32-S3 (QFN56) (revision v0.1)
Features: WiFi, BLE, Embedded PSRAM 8MB (AP_3v3)
Crystal is 40MHz
MAC: 34:85:18:6d:04:5c
Uploading stub...
Running stub...
Stub running...
Changing baud rate to 460800
Changed.
Configuring flash size...
Erasing flash (this may take a while)...
Chip erase completed successfully in 1.3s
Compressed 969264 bytes to 601740...
Writing at 0x00000000... (2 %)
Writing at 0x0001160b... (5 %)
Writing at 0x0001e868... (8 %)
Writing at 0x0002a8c9... (10 %)
Writing at 0x00033ec5... (13 %)
Writing at 0x0003d07a... (16 %)
Writing at 0x0004322d... (18 %)
Writing at 0x00048954... (21 %)
Writing at 0x0004e6a1... (24 %)
Writing at 0x00053e45... (27 %)
Writing at 0x00059106... (29 %)
Writing at 0x0005e3ed... (32 %)
Writing at 0x000641f1... (35 %)
Writing at 0x000692a0... (37 %)
Writing at 0x0006e445... (40 %)
Writing at 0x0007380c... (43 %)
Writing at 0x00078949... (45 %)
Writing at 0x0007dce2... (48 %)
Writing at 0x00083190... (51 %)
Writing at 0x000887ed... (54 %)
Writing at 0x0008dd4e... (56 %)
Writing at 0x00092e13... (59 %)
Writing at 0x00097e18... (62 %)
Writing at 0x0009d2ea... (64 %)
Writing at 0x000a24b2... (67 %)
Writing at 0x000a7705... (70 %)
Writing at 0x000acb36... (72 %)
Writing at 0x000b2390... (75 %)
Writing at 0x000b7351... (78 %)
Writing at 0x000bcb5f... (81 %)
Writing at 0x000c205a... (83 %)
Writing at 0x000c97e5... (86 %)
Writing at 0x000d0ab8... (89 %)
Writing at 0x000d7a5f... (91 %)
Writing at 0x000dd373... (94 %)
Writing at 0x000e2dd5... (97 %)
Writing at 0x000e886c... (100 %)
Wrote 969264 bytes (601740 compressed) at 0x00000000 in 13.9 seconds (effective 557.8 kbit/s)...
Hash of data verified.

Leaving...
Hard resetting via RTS pin...
ESP-ROM:esp32s3-20210327
Build:Mar 27 2021
rst:0x1 (POWERON),boot:0x8 (SPI_FAST_FLASH_BOOT)
SPIWP:0xee
mode:DIO, clock div:1
load:0x3fce2810,len:0x15a0
load:0x403c8700,len:0x4
load:0x403c8704,len:0xd20
load:0x403cb700,len:0x2f3c
entry 0x403c8928
I (27) boot: ESP-IDF v5.4 2nd stage bootloader
I (27) boot: compile time Jan  9 2025 17:04:39
I (27) boot: Multicore bootloader
I (27) boot: chip revision: v0.1
I (30) boot: efuse block revision: v1.2
I (33) boot.esp32s3: Boot SPI Speed : 80MHz
I (37) boot.esp32s3: SPI Mode       : DIO
I (41) boot.esp32s3: SPI Flash Size : 4MB
I (45) boot: Enabling RNG early entropy source...
I (49) boot: Partition Table:
I (52) boot: ## Label            Usage          Type ST Offset   Length
I (58) boot:  0 nvs              WiFi data        01 02 00009000 00006000
I (65) boot:  1 phy_init         RF data          01 01 0000f000 00001000
I (71) boot:  2 factory          factory app      00 00 00010000 00100000
I (78) boot: End of partition table
I (81) esp_image: segment 0: paddr=00010020 vaddr=3c0a0020 size=24efch (151292) map
I (115) esp_image: segment 1: paddr=00034f24 vaddr=3fc99200 size=04b44h ( 19268) load
I (119) esp_image: segment 2: paddr=00039a70 vaddr=40374000 size=065a8h ( 26024) load
I (125) esp_image: segment 3: paddr=00040020 vaddr=42000020 size=9ddb8h (646584) map
I (240) esp_image: segment 4: paddr=000ddde0 vaddr=4037a5a8 size=0ec04h ( 60420) load
I (254) esp_image: segment 5: paddr=000ec9ec vaddr=600fe100 size=0001ch (    28) load
I (262) boot: Loaded app from partition at offset 0x10000
I (262) boot: Disabling RNG early entropy source...
I (272) cpu_start: Multicore app
I (282) cpu_start: Pro cpu start user code
I (282) cpu_start: cpu freq: 160000000 Hz
I (282) app_init: Application information:
I (282) app_init: Project name:     test
I (285) app_init: App version:      4972008-dirty
I (290) app_init: Compile time:     Jan  9 2025 17:04:33
I (295) app_init: ELF file SHA256:  401fd31df...
I (299) app_init: ESP-IDF:          v5.4
I (303) efuse_init: Min chip rev:     v0.0
I (307) efuse_init: Max chip rev:     v0.99 
I (311) efuse_init: Chip rev:         v0.1
I (314) heap_init: Initializing. RAM available for dynamic allocation:
I (321) heap_init: At 3FCA5508 len 00044208 (272 KiB): RAM
I (326) heap_init: At 3FCE9710 len 00005724 (21 KiB): RAM
I (331) heap_init: At 3FCF0000 len 00008000 (32 KiB): DRAM
I (336) heap_init: At 600FE11C len 00001ECC (7 KiB): RTCRAM
I (342) spi_flash: detected chip: gd
I (345) spi_flash: flash io: dio
W (348) spi_flash: Detected size(8192k) larger than the size in the binary image header(4096k). Using the size in the binary image header.
I (360) sleep_gpio: Configure to isolate all GPIO pins in sleep state
I (366) sleep_gpio: Enable automatic switching of GPIO sleep configuration
I (373) main_task: Started on CPU0
I (393) main_task: Calling app_main()
[5n
Type 'help' to get the list of commands.
Use UP/DOWN arrows to navigate through command history.
Press TAB when typing command name to auto-complete.

Your terminal application does not support escape sequences.

Line editing and history features are disabled.

On Windows, try using Putty instead.
esp32> W (903) hil_test: WiFi and Golioth credentials are not set. Use the shell settings commands to set them.

esp32> 
esp32> 
esp32> 
esp32> settings set wifi/ssid "***MIKES_ORANGE_PI_WIFI_SSID***"
Setting wifi/ssid saved
esp32> 
esp32> 
esp32> 
esp32> 
esp32> 
esp32> settings set wifi/psk "***MIKES_ORANGE_PI_WIFI_PSK***"
Setting wifi/psk saved
esp32> 
esp32> ::add-mask::generated-eCJEOgcHVstLMWAV

esp32> 
esp32> 
esp32> 
esp32> settings set golioth/psk-id "generated-eCJEOgcHVstLMWAV@firmware_ci"
Setting golioth/psk-id saved
esp32> 
esp32> 
esp32> 
esp32> 
esp32> 
esp32> settings set golioth/psk "generated-eCJEOgcHVstLMWAV"
Setting golioth/psk saved
esp32> 
esp32> I (7933) pp: pp rom version: e7ae62f
I (7933) net80211: net80211 rom version: e7ae62f
I (7953) wifi_init: rx ba win: 6
I (7953) wifi_init: accept mbox: 6
I (7953) wifi_init: tcpip mbox: 32
I (7953) wifi_init: udp mbox: 6
I (7953) wifi_init: tcp mbox: 6
I (7963) wifi_init: tcp tx win: 5760
I (7963) wifi_init: tcp rx win: 5760
I (7963) wifi_init: tcp mss: 1440
I (7963) wifi_init: WiFi IRAM OP enabled
I (7983) wifi_init: WiFi RX IRAM OP enabled
I (7983) phy_init: phy_version 680,a6008b2,Jun  4 2024,16:41:10
W (7983) phy_init: failed to load RF calibration data (0x1102), falling back to full calibration
W (8023) phy_init: saving new calibration data because of checksum failure, mode(2)
I (9613) esp_netif_handlers: sta ip: 192.168.8.234, mask: 255.255.255.0, gw: 192.168.8.1
I (9613) example_wifi: WiFi Connected. Got IP:192.168.8.234
I (9613) example_wifi: Connected to AP SSID: ***MIKES_ORANGE_PI_WIFI_SSID***
I (9623) golioth_mbox: Mbox created, bufsize: 2520, num_items: 20, item_size: 120
I (9633) golioth_coap_client_libcoap: Start CoAP session with host: coaps://coap.golioth.io
I (9633) golioth_coap_client_libcoap: Session PSK-ID: generated-eCJEOgcHVstLMWAV@firmware_ci
I (9653) libcoap: Setting PSK key

I (9653) golioth_coap_client_libcoap: Entering CoAP I/O loop
I (9983) golioth_coap_client_libcoap: Golioth CoAP client connected
I (10043) test_ota: Manifest received
I (10043) test_ota: Manifest successfully decoded
I (10043) test_ota: Manifest doesn't have main or walrus components, skipping this one.
I (12393) test_ota: Manifest received
I (12393) test_ota: Manifest successfully decoded
I (12393) test_ota: Manifest doesn't have main or walrus components, skipping this one.
I (12413) test_ota: Manifest received
I (12413) test_ota: Manifest successfully decoded
I (12413) test_ota: Manifest doesn't have main or walrus components, skipping this one.
I (12513) test_ota: Manifest received
I (12513) test_ota: Manifest successfully decoded
I (12513) test_ota: Manifest doesn't have main or walrus components, skipping this one.
I (13023) test_ota: Manifest received
I (13023) test_ota: Manifest successfully decoded
I (13023) test_ota: Manifest doesn't have main or walrus components, skipping this one.
I (14293) test_ota: Manifest received
I (14293) test_ota: Manifest successfully decoded
I (14293) test_ota: Manifest doesn't have main or walrus components, skipping this one.
I (14313) test_ota: Manifest received
I (14313) test_ota: Manifest successfully decoded
I (14313) test_ota: Found main component
I (14313) test_ota: No absent component found
I (14323) test_ota: component.package: main
I (14323) test_ota: component.version: 1.2.2
I (14323) test_ota: component.size: 16147
I (14333) test_ota: component.hash: 62c035ff42d6c61ad9d1caf9ee3425dae3ef360eb9d145061d3f76092e266018
I (14343) test_ota: component.uri: /.u/c/main@1.2.2
I (14353) test_ota: component.bootloader: default
