esptool.py v4.8.1
Serial port /dev/serial/by-id/usb-Silicon_Labs_CP2102N_USB_to_UART_Bridge_Controller_08bd8600facfec119c501d2686bdcd52-if00-port0
Connecting....
Detecting chip type... ESP32-S3
Chip is ESP32-S3 (QFN56) (revision v0.1)
Features: WiFi, BLE, Embedded PSRAM 8MB (AP_3v3)
Crystal is 40MHz
MAC: 34:85:18:6d:04:5c
Uploading stub...
Running stub...
Stub running...
Changing baud rate to 460800
Changed.
Configuring flash size...
Erasing flash (this may take a while)...
Chip erase completed successfully in 1.3s
Compressed 966912 bytes to 600681...
Writing at 0x00000000... (2 %)
Writing at 0x0001160b... (5 %)
Writing at 0x0001e7ae... (8 %)
Writing at 0x0002a66a... (10 %)
Writing at 0x00033d6c... (13 %)
Writing at 0x0003cd2c... (16 %)
Writing at 0x00042ebe... (18 %)
Writing at 0x000486a1... (21 %)
Writing at 0x0004e39d... (24 %)
Writing at 0x00053bbc... (27 %)
Writing at 0x00058ed8... (29 %)
Writing at 0x0005e1ca... (32 %)
Writing at 0x00063fcd... (35 %)
Writing at 0x0006907d... (37 %)
Writing at 0x0006e23c... (40 %)
Writing at 0x000735f2... (43 %)
Writing at 0x0007870c... (45 %)
Writing at 0x0007dad1... (48 %)
Writing at 0x00082fd5... (51 %)
Writing at 0x000885a2... (54 %)
Writing at 0x0008db03... (56 %)
Writing at 0x00092bca... (59 %)
Writing at 0x00097bb7... (62 %)
Writing at 0x0009d0bb... (64 %)
Writing at 0x000a225e... (67 %)
Writing at 0x000a74b7... (70 %)
Writing at 0x000ac8fe... (72 %)
Writing at 0x000b2109... (75 %)
Writing at 0x000b70d7... (78 %)
Writing at 0x000bc816... (81 %)
Writing at 0x000c1e47... (83 %)
Writing at 0x000c9553... (86 %)
Writing at 0x000d0824... (89 %)
Writing at 0x000d779c... (91 %)
Writing at 0x000dd0f9... (94 %)
Writing at 0x000e2b85... (97 %)
Writing at 0x000e8472... (100 %)
Wrote 966912 bytes (600681 compressed) at 0x00000000 in 13.8 seconds (effective 558.7 kbit/s)...
Hash of data verified.

Leaving...
Hard resetting via RTS pin...
ESP-ROM:esp32s3-20210327
Build:Mar 27 2021
rst:0x1 (POWERON),boot:0x8 (SPI_FAST_FLASH_BOOT)
SPIWP:0xee
mode:DIO, clock div:1
load:0x3fce2810,len:0x15a0
load:0x403c8700,len:0x4
load:0x403c8704,len:0xd20
load:0x403cb700,len:0x2f3c
entry 0x403c8928
I (27) boot: ESP-IDF v5.4 2nd stage bootloader
I (27) boot: compile time Jan  9 2025 17:04:39
I (27) boot: Multicore bootloader
I (27) boot: chip revision: v0.1
I (30) boot: efuse block revision: v1.2
I (33) boot.esp32s3: Boot SPI Speed : 80MHz
I (37) boot.esp32s3: SPI Mode       : DIO
I (41) boot.esp32s3: SPI Flash Size : 4MB
I (45) boot: Enabling RNG early entropy source...
I (49) boot: Partition Table:
I (52) boot: ## Label            Usage          Type ST Offset   Length
I (58) boot:  0 nvs              WiFi data        01 02 00009000 00006000
I (65) boot:  1 phy_init         RF data          01 01 0000f000 00001000
I (71) boot:  2 factory          factory app      00 00 00010000 00100000
I (78) boot: End of partition table
I (81) esp_image: segment 0: paddr=00010020 vaddr=3c0a0020 size=249ach (149932) map
I (115) esp_image: segment 1: paddr=000349d4 vaddr=3fc99200 size=04b44h ( 19268) load
I (119) esp_image: segment 2: paddr=00039520 vaddr=40374000 size=06af8h ( 27384) load
I (125) esp_image: segment 3: paddr=00040020 vaddr=42000020 size=9d9d8h (645592) map
I (240) esp_image: segment 4: paddr=000dda00 vaddr=4037aaf8 size=0e6b4h ( 59060) load
I (253) esp_image: segment 5: paddr=000ec0bc vaddr=600fe100 size=0001ch (    28) load
I (261) boot: Loaded app from partition at offset 0x10000
I (262) boot: Disabling RNG early entropy source...
I (272) cpu_start: Multicore app
I (281) cpu_start: Pro cpu start user code
I (281) cpu_start: cpu freq: 160000000 Hz
I (281) app_init: Application information:
I (281) app_init: Project name:     test
I (285) app_init: App version:      4972008-dirty
I (289) app_init: Compile time:     Jan  9 2025 17:04:33
I (294) app_init: ELF file SHA256:  41ede3da6...
I (298) app_init: ESP-IDF:          v5.4
I (302) efuse_init: Min chip rev:     v0.0
I (306) efuse_init: Max chip rev:     v0.99 
I (310) efuse_init: Chip rev:         v0.1
I (314) heap_init: Initializing. RAM available for dynamic allocation:
I (320) heap_init: At 3FCA5080 len 00044690 (273 KiB): RAM
I (325) heap_init: At 3FCE9710 len 00005724 (21 KiB): RAM
I (330) heap_init: At 3FCF0000 len 00008000 (32 KiB): DRAM
I (335) heap_init: At 600FE11C len 00001ECC (7 KiB): RTCRAM
I (342) spi_flash: detected chip: gd
I (344) spi_flash: flash io: dio
W (347) spi_flash: Detected size(8192k) larger than the size in the binary image header(4096k). Using the size in the binary image header.
I (359) sleep_gpio: Configure to isolate all GPIO pins in sleep state
I (366) sleep_gpio: Enable automatic switching of GPIO sleep configuration
I (372) main_task: Started on CPU0
I (392) main_task: Calling app_main()
[5n
Type 'help' to get the list of commands.
Use UP/DOWN arrows to navigate through command history.
Press TAB when typing command name to auto-complete.

Your terminal application does not support escape sequences.

Line editing and history features are disabled.

On Windows, try using Putty instead.
esp32> W (902) hil_test: WiFi and Golioth credentials are not set. Use the shell settings commands to set them.

esp32> 
esp32> 
esp32> 
esp32> settings set wifi/ssid "***MIKES_ORANGE_PI_WIFI_SSID***"
Setting wifi/ssid saved
esp32> 
esp32> 
esp32> 
esp32> 
esp32> 
esp32> settings set wifi/psk "***MIKES_ORANGE_PI_WIFI_PSK***"
Setting wifi/psk saved
esp32> 
esp32> ::add-mask::generated-wCQfpsZHFfqrvIHI

esp32> 
esp32> 
esp32> 
esp32> settings set golioth/psk-id "generated-wCQfpsZHFfqrvIHI@firmware_ci"
Setting golioth/psk-id saved
esp32> 
esp32> 
esp32> 
esp32> 
esp32> 
esp32> settings set golioth/psk "generated-wCQfpsZHFfqrvIHI"
Setting golioth/psk saved
esp32> 
esp32> I (15932) pp: pp rom version: e7ae62f
I (15932) net80211: net80211 rom version: e7ae62f
I (15952) wifi_init: rx ba win: 6
I (15952) wifi_init: accept mbox: 6
I (15952) wifi_init: tcpip mbox: 32
I (15952) wifi_init: udp mbox: 6
I (15952) wifi_init: tcp mbox: 6
I (15962) wifi_init: tcp tx win: 5760
I (15962) wifi_init: tcp rx win: 5760
I (15962) wifi_init: tcp mss: 1440
I (15962) wifi_init: WiFi IRAM OP enabled
I (15982) wifi_init: WiFi RX IRAM OP enabled
I (15982) phy_init: phy_version 680,a6008b2,Jun  4 2024,16:41:10
W (15982) phy_init: failed to load RF calibration data (0x1102), falling back to full calibration
W (16022) phy_init: saving new calibration data because of checksum failure, mode(2)
I (17602) esp_netif_handlers: sta ip: 192.168.8.234, mask: 255.255.255.0, gw: 192.168.8.1
I (17602) example_wifi: WiFi Connected. Got IP:192.168.8.234
I (17602) example_wifi: Connected to AP SSID: ***MIKES_ORANGE_PI_WIFI_SSID***
I (17612) golioth_mbox: Mbox created, bufsize: 2520, num_items: 20, item_size: 120
I (17622) golioth_coap_client_libcoap: Start CoAP session with host: coaps://coap.golioth.io
I (17632) golioth_coap_client_libcoap: Session PSK-ID: generated-wCQfpsZHFfqrvIHI@firmware_ci
I (17642) libcoap: Setting PSK key

I (17642) golioth_coap_client_libcoap: Entering CoAP I/O loop
I (17982) golioth_coap_client_libcoap: Golioth CoAP client connected
I (18202) test_settings: Received test_string: foo
I (18202) test_settings: Received test_int_range: 1
I (18202) test_settings: Received test_restart: false
I (18202) test_settings: Received test_float: 1.230000
I (18222) test_settings: Received test_int: 1
I (18222) test_settings: Received test_bool: false
I (18222) test_settings: Received test_cancel: 0
I (18402) test_settings: Received test_cancel: 0
I (18412) test_settings: Received test_float: 1.230000
I (18412) test_settings: Received test_int: 1
I (18412) test_settings: Received test_int_range: 1
I (18422) test_settings: Received test_restart: false
I (18422) test_settings: Received test_bool: false
I (18422) test_settings: Received test_string: foo
E (18432) golioth_settings: Failed to send a response to server: 10
I (18492) test_settings: Received test_int: 1
I (18492) test_settings: Received test_string: foo
I (18492) test_settings: Received test_cancel: 0
I (18492) test_settings: Received test_float: 1.230000
I (18502) test_settings: Received test_bool: false
I (18502) test_settings: Received test_int_range: 1
I (18512) test_settings: Received test_restart: false
E (18522) golioth_settings: Failed to send a response to server: 10
I (18572) test_settings: Received test_cancel: 0
I (18572) test_settings: Received test_float: 1.230000
I (18582) test_settings: Received test_int: 1
I (18582) test_settings: Received test_restart: false
I (18592) test_settings: Received test_string: foo
I (18592) test_settings: Received test_bool: false
I (18592) test_settings: Received test_int_range: 1
E (18602) golioth_settings: Failed to send a response to server: 10
I (18812) test_settings: Received test_cancel: 0
I (18822) test_settings: Received test_bool: false
I (18822) test_settings: Received test_int_range: 1
I (18822) test_settings: Received test_restart: false
I (18832) test_settings: Received test_string: foo
I (18832) test_settings: Received test_float: 1.230000
I (18832) test_settings: Received test_int: 1
E (18842) golioth_settings: Failed to send a response to server: 10
I (18902) test_settings: Received test_bool: false
I (18902) test_settings: Received test_restart: false
I (18902) test_settings: Received test_float: 1.230000
I (18902) test_settings: Received test_cancel: 0
I (18912) test_settings: Received test_int: 1
I (18912) test_settings: Received test_string: foo
I (18912) test_settings: Received test_int_range: 1
E (18932) golioth_settings: Failed to send a response to server: 10
I (19222) test_settings: Received test_restart: false
I (19232) test_settings: Received test_string: foo
I (19232) test_settings: Received test_bool: false
I (19232) test_settings: Received test_cancel: 0
I (19242) test_settings: Received test_float: 1.230000
I (19242) test_settings: Received test_int: 1
I (19242) test_settings: Received test_int_range: 1
E (19252) golioth_settings: Failed to send a response to server: 10
I (19432) test_settings: Received test_restart: false
I (19432) test_settings: Received test_float: 1.230000
I (19432) test_settings: Received test_int_range: 1
I (19432) test_settings: Received test_bool: false
I (19442) test_settings: Received test_cancel: 0
I (19452) test_settings: Received test_string: foo
I (19452) test_settings: Received test_int: 42
E (19462) golioth_