esptool.py v4.8.1
Serial port /dev/serial/by-id/usb-Silicon_Labs_CP2102N_USB_to_UART_Bridge_Controller_ca317d585c76eb11ba0a87abb7be2ba5-if00-port0
Connecting....
Detecting chip type... ESP32-C3
Chip is ESP32-C3 (QFN32) (revision v0.3)
Features: WiFi, BLE, Embedded Flash 4MB (XMC)
Crystal is 40MHz
MAC: 84:f7:03:09:96:10
Uploading stub...
Running stub...
Stub running...
Changing baud rate to 460800
Changed.
Configuring flash size...
Erasing flash (this may take a while)...
Chip erase completed successfully in 20.2s
Compressed 1027424 bytes to 602582...
Writing at 0x00000000... (2 %)
Writing at 0x00011dba... (5 %)
Writing at 0x0001e93e... (8 %)
Writing at 0x0002ad56... (10 %)
Writing at 0x000338c8... (13 %)
Writing at 0x0003be77... (16 %)
Writing at 0x00041ec2... (18 %)
Writing at 0x000483d2... (21 %)
Writing at 0x0004e6b1... (24 %)
Writing at 0x00054a96... (27 %)
Writing at 0x0005a317... (29 %)
Writing at 0x0005ff59... (32 %)
Writing at 0x0006695f... (35 %)
Writing at 0x0006c54b... (37 %)
Writing at 0x00072467... (40 %)
Writing at 0x00078654... (43 %)
Writing at 0x0007e5a9... (45 %)
Writing at 0x000843f9... (48 %)
Writing at 0x000898d1... (51 %)
Writing at 0x0008f442... (54 %)
Writing at 0x0009562c... (56 %)
Writing at 0x0009afdd... (59 %)
Writing at 0x000a0840... (62 %)
Writing at 0x000a65f6... (64 %)
Writing at 0x000ac928... (67 %)
Writing at 0x000b2e45... (70 %)
Writing at 0x000b90f8... (72 %)
Writing at 0x000bf21e... (75 %)
Writing at 0x000c4f13... (78 %)
Writing at 0x000ca5b9... (81 %)
Writing at 0x000d023e... (83 %)
Writing at 0x000d5ebd... (86 %)
Writing at 0x000dce37... (89 %)
Writing at 0x000e3271... (91 %)
Writing at 0x000ea27b... (94 %)
Writing at 0x000f00d8... (97 %)
Writing at 0x000f61c8... (100 %)
Wrote 1027424 bytes (602582 compressed) at 0x00000000 in 19.7 seconds (effective 417.8 kbit/s)...
Hash of data verified.

Leaving...
Hard resetting via RTS pin...
Build:Feb  7 2021
rst:0x1 (POWERON),boot:0xc (SPI_FAST_FLASH_BOOT)
SPIWP:0xee
mode:DIO, clock div:1
load:0x3fcd5820,len:0x1574
load:0x403cc710,len:0xc30
load:0x403ce710,len:0x2f58
entry 0x403cc71a
I (30) boot: ESP-IDF v5.4 2nd stage bootloader
I (30) boot: compile time Jan  9 2025 17:04:51
I (30) boot: chip revision: v0.3
I (30) boot: efuse block revision: v1.1
I (34) boot.esp32c3: SPI Speed      : 80MHz
I (38) boot.esp32c3: SPI Mode       : DIO
I (41) boot.esp32c3: SPI Flash Size : 2MB
I (45) boot: Enabling RNG early entropy source...
I (50) boot: Partition Table:
I (52) boot: ## Label            Usage          Type ST Offset   Length
I (58) boot:  0 nvs              WiFi data        01 02 00009000 00006000
I (65) boot:  1 phy_init         RF data          01 01 0000f000 00001000
I (72) boot:  2 factory          factory app      00 00 00010000 00100000
I (78) boot: End of partition table
I (81) esp_image: segment 0: paddr=00010020 vaddr=3c0b0020 size=25db4h (155060) map
I (113) esp_image: segment 1: paddr=00035ddc vaddr=3fc93200 size=03020h ( 12320) load
I (116) esp_image: segment 2: paddr=00038e04 vaddr=40380000 size=07214h ( 29204) load
I (123) esp_image: segment 3: paddr=00040020 vaddr=42000020 size=aed3ch (716092) map
I (239) esp_image: segment 4: paddr=000eed64 vaddr=40387214 size=0bfb0h ( 49072) load
I (248) esp_image: segment 5: paddr=000fad1c vaddr=50000200 size=0001ch (    28) load
I (254) boot: Loaded app from partition at offset 0x10000
I (255) boot: Disabling RNG early entropy source...
I (266) cpu_start: Unicore app
I (274) cpu_start: Pro cpu start user code
I (274) cpu_start: cpu freq: 160000000 Hz
I (274) app_init: Application information:
I (274) app_init: Project name:     settings
I (278) app_init: App version:      4972008-dirty
I (283) app_init: Compile time:     Jan  9 2025 17:04:45
I (288) app_init: ELF file SHA256:  7924302dc...
I (292) app_init: ESP-IDF:          v5.4
I (296) efuse_init: Min chip rev:     v0.3
I (300) efuse_init: Max chip rev:     v1.99 
I (304) efuse_init: Chip rev:         v0.3
I (307) heap_init: Initializing. RAM available for dynamic allocation:
I (314) heap_init: At 3FC9DC40 len 000223C0 (136 KiB): RAM
I (319) heap_init: At 3FCC0000 len 0001C710 (113 KiB): Retention RAM
I (325) heap_init: At 3FCDC710 len 00002950 (10 KiB): Retention RAM
I (331) heap_init: At 5000021C len 00001DCC (7 KiB): RTCRAM
I (337) spi_flash: detected chip: generic
I (340) spi_flash: flash io: dio
W (343) spi_flash: Detected size(4096k) larger than the size in the binary image header(2048k). Using the size in the binary image header.
I (355) sleep_gpio: Configure to isolate all GPIO pins in sleep state
I (361) sleep_gpio: Enable automatic switching of GPIO sleep configuration
I (368) main_task: Started on CPU0
I (378) main_task: Calling app_main()
I (378) settings: Start Golioth Device Settings sample
[5n
Type 'help' to get the list of commands.
Use UP/DOWN arrows to navigate through command history.
Press TAB when typing command name to auto-complete.

Your terminal application does not support escape sequences.

Line editing and history features are disabled.

On Windows, try using Putty instead.
esp32> W (1888) settings: WiFi and golioth credentials are not set
W (1888) settings: Use the shell settings commands to set them, then restart

esp32> 
esp32> 
esp32> 
esp32> settings set wifi/ssid "***JONS_ORANGE_PI_WIFI_SSID***"
Setting wifi/ssid saved
esp32> 
esp32> 
esp32> 
esp32> 
esp32> 
esp32> settings set wifi/psk "***JONS_ORANGE_PI_WIFI_PSK***"
Setting wifi/psk saved
es::add-mask::generated-SbyuCTJgNmHCYjXt
p32> 
esp32> 
esp32> 
esp32> 
esp32> 
esp32> settings set golioth/psk-id "generated-SbyuCTJgNmHCYjXt@firmware_ci"
Setting golioth/psk-id saved
esp32> 
esp32> 
esp32> 
esp32> 
esp32> 
esp32> settings set golioth/psk "generated-SbyuCTJgNmHCYjXt"
Setting golioth/psk saved
esp32> 
esp32> 
esp32> 
esp32> 
esp32> 
esp32> reset
I (11188) shell: Resetting
ESP-ROM:esp32c3-api1-20210207
Build:Feb  7 2021
rst:0xc (RTC_SW_CPU_RST),boot:0xc (SPI_FAST_FLASH_BOOT)
Saved PC:0x403807f0
SPIWP:0xee
mode:DIO, clock div:1
load:0x3fcd5820,len:0x1574
load:0x403cc710,len:0xc30
load:0x403ce710,len:0x2f58
entry 0x403cc71a
I (35) boot: ESP-IDF v5.4 2nd stage bootloader
I (35) boot: compile time Jan  9 2025 17:04:51
I (35) boot: chip revision: v0.3
I (35) boot: efuse block revision: v1.1
I (39) boot.esp32c3: SPI Speed      : 80MHz
I (42) boot.esp32c3: SPI Mode       : DIO
I (46) boot.esp32c3: SPI Flash Size : 2MB
I (50) boot: Enabling RNG early entropy source...
I (54) boot: Partition Table:
I (57) boot: ## Label            Usage          Type ST Offset   Length
I (63) boot:  0 nvs              WiFi data        01 02 00009000 00006000
I (70) boot:  1 phy_init         RF data          01 01 0000f000 00001000
I (76) boot:  2 factory          factory app      00 00 00010000 00100000
I (83) boot: End of partition table
I (86) esp_image: segment 0: paddr=00010020 vaddr=3c0b0020 size=25db4h (155060) map
I (118) esp_image: segment 1: paddr=00035ddc vaddr=3fc93200 size=03020h ( 12320) load
I (121) esp_image: segment 2: paddr=00038e04 vaddr=40380000 size=07214h ( 29204) load
I (128) esp_image: segment 3: paddr=00040020 vaddr=42000020 size=aed3ch (716092) map
I (244) esp_image: segment 4: paddr=000eed64 vaddr=40387214 size=0bfb0h ( 49072) load
I (253) esp_image: segment 5: paddr=000fad1c vaddr=50000200 size=0001ch (    28) load
I (259) boot: Loaded app from partition at offset 0x10000
I (259) boot: Disabling RNG early entropy source...
I (271) cpu_start: Unicore app
I (279) cpu_start: Pro cpu start user code
I (279) cpu_start: cpu freq: 160000000 Hz
I (279) app_init: Application information:
I (279) app_init: Project name:     settings
I (283) app_init: App version:      4972008-dirty
I (288) app_init: Compile time:     Jan  9 2025 17:04:45
I (293) app_init: ELF file SHA256:  7924302dc...
I (297) app_init: ESP-IDF:          v5.4
I (301) efuse_init: Min chip rev:     v0.3
I (304) efuse_init: Max chip rev:     v1.99 
I (308) efuse_init: Chip rev:         v0.3
I (312) heap_init: Initializing. RAM available for dynamic allocation:
I (319) heap_init: At 3FC9DC40 len 000223C0 (136 KiB): RAM
I (324) heap_init: At 3FCC0000 len 0001C710 (113 KiB): Retention RAM
I (330) heap_init: At 3FCDC710 len 00002950 (10 KiB): Retention RAM
I (336) heap_init: At 5000021C len 00001DCC (7 KiB): RTCRAM
I (342) spi_flash: detected chip: generic
I (345) spi_flash: flash io: dio
W (348) spi_flash: Detected size(4096k) larger than the size in the binary image header(2048k). Using the size in the binary image header.
I (360) sleep_gpio: Configure to isolate all GPIO pins in sleep state
I (366) sleep_gpio: Enable automatic switching of GPIO sleep configuration
I (373) main_task: Started on CPU0
I (383) main_task: Calling app_main()
I (383) settings: Start Golioth Device Settings sample
[5n
Type 'help' to get the list of commands.
Use UP/DOWN arrows to navigate through command history.
Press TAB when typing command name to auto-complete.

Your terminal application does not support escape sequences.

Line editing and history features are disabled.

On Windows, try using Putty instead.
esp32> I (893) pp: pp rom version: 9387209
I (913) net80211: net80211 rom version: 9387209
I (933) wifi_init: rx ba win: 6
I (933) wifi_init: accept mbox: 6
I (933) wifi_init: tcpip mbox: 32
I (933) wifi_init: udp mbox: 6
I (933) wifi_init: tcp mbox: 6
I (943) wifi_init: tcp tx win: 5760
I (943) wifi_init: tcp rx win: 5760
I (943) wifi_init: tcp mss: 1440
I (943) wifi_init: WiFi IRAM OP enabled
I (953) wifi_init: WiFi RX IRAM OP enabled
I (953) phy_init: phy_version 1180,01f2a49,Jun  4 2024,16:34:25
W (963) phy_init: failed to load RF calibration data (0x1102), falling back to full calibration
W (1033) phy_init: saving new calibration data because of checksum failure, mode(2)
I (2513) esp_netif_handlers: sta ip: 192.168.8.141, mask: 255.255.255.0, gw: 192.168.8.1
I (2513) example_wifi: WiFi Connected. Got IP:192.168.8.141
I (2523) example_wifi: Connected to AP SSID: ***JONS_ORANGE_PI_WIFI_SSID***
I (2523) golioth_mbox: Mbox created, bufsize: 2520, num_items: 20, item_size: 120
W (2533) settings: Waiting for connection to Golioth...
I (2543) golioth_coap_client_libcoap: Start CoAP session with host: coaps://coap.golioth.io
I (2543) golioth_coap_client_libcoap: Session PSK-ID: generated-SbyuCTJgNmHCYjXt@firmware_ci
I (2553) libcoap: Setting PSK key

I (2563) golioth_coap_client_libcoap: Entering CoAP I/O loop
I (3693) golioth_coap_client_libcoap: Golioth CoAP client connected
I (3693) settings: Golioth client connected
I (3703) settings: Sending hello! 0
I (5133) settings: Setting loop delay to 1 s
E (5133) golioth_settings: Failed to send a response to server: -12
I (5333) settings: Setting loop delay to 5 s
E (5333) golioth_s