esptool.py v4.8.1
Serial port /dev/serial/by-id/usb-Silicon_Labs_CP2102N_USB_to_UART_Bridge_Controller_ca317d585c76eb11ba0a87abb7be2ba5-if00-port0
Connecting....
Detecting chip type... ESP32-C3
Chip is ESP32-C3 (QFN32) (revision v0.3)
Features: WiFi, BLE, Embedded Flash 4MB (XMC)
Crystal is 40MHz
MAC: 84:f7:03:09:96:10
Uploading stub...
Running stub...
Stub running...
Changing baud rate to 460800
Changed.
Configuring flash size...
Erasing flash (this may take a while)...
Chip erase completed successfully in 20.4s
Compressed 1027024 bytes to 602012...
Writing at 0x00000000... (2 %)
Writing at 0x00011d67... (5 %)
Writing at 0x0001e9bd... (8 %)
Writing at 0x0002ade8... (10 %)
Writing at 0x00033976... (13 %)
Writing at 0x0003bf14... (16 %)
Writing at 0x00041f2f... (18 %)
Writing at 0x00048487... (21 %)
Writing at 0x0004e8ae... (24 %)
Writing at 0x00054b6a... (27 %)
Writing at 0x0005a4f2... (29 %)
Writing at 0x000600ae... (32 %)
Writing at 0x00066b04... (35 %)
Writing at 0x0006c729... (37 %)
Writing at 0x0007260a... (40 %)
Writing at 0x0007878c... (43 %)
Writing at 0x0007e76a... (45 %)
Writing at 0x000844fc... (48 %)
Writing at 0x00089a3e... (51 %)
Writing at 0x0008f5c6... (54 %)
Writing at 0x000957c6... (56 %)
Writing at 0x0009b129... (59 %)
Writing at 0x000a09f9... (62 %)
Writing at 0x000a687e... (64 %)
Writing at 0x000accc0... (67 %)
Writing at 0x000b2fd5... (70 %)
Writing at 0x000b9317... (72 %)
Writing at 0x000bf3d6... (75 %)
Writing at 0x000c50cf... (78 %)
Writing at 0x000ca751... (81 %)
Writing at 0x000d03fd... (83 %)
Writing at 0x000d602d... (86 %)
Writing at 0x000dd063... (89 %)
Writing at 0x000e33c9... (91 %)
Writing at 0x000ea37f... (94 %)
Writing at 0x000f026f... (97 %)
Writing at 0x000f6382... (100 %)
Wrote 1027024 bytes (602012 compressed) at 0x00000000 in 19.8 seconds (effective 415.3 kbit/s)...
Hash of data verified.

Leaving...
Hard resetting via RTS pin...
Build:Feb  7 2021
rst:0x1 (POWERON),boot:0xc (SPI_FAST_FLASH_BOOT)
SPIWP:0xee
mode:DIO, clock div:1
load:0x3fcd5820,len:0x1574
load:0x403cc710,len:0xc30
load:0x403ce710,len:0x2f58
entry 0x403cc71a
I (30) boot: ESP-IDF v5.4 2nd stage bootloader
I (30) boot: compile time Jan  9 2025 17:11:57
I (30) boot: chip revision: v0.3
I (30) boot: efuse block revision: v1.1
I (34) boot.esp32c3: SPI Speed      : 80MHz
I (38) boot.esp32c3: SPI Mode       : DIO
I (41) boot.esp32c3: SPI Flash Size : 2MB
I (45) boot: Enabling RNG early entropy source...
I (50) boot: Partition Table:
I (52) boot: ## Label            Usage          Type ST Offset   Length
I (58) boot:  0 nvs              WiFi data        01 02 00009000 00006000
I (65) boot:  1 phy_init         RF data          01 01 0000f000 00001000
I (72) boot:  2 factory          factory app      00 00 00010000 00100000
I (78) boot: End of partition table
I (81) esp_image: segment 0: paddr=00010020 vaddr=3c0b0020 size=25e14h (155156) map
I (113) esp_image: segment 1: paddr=00035e3c vaddr=3fc93200 size=03020h ( 12320) load
I (116) esp_image: segment 2: paddr=00038e64 vaddr=40380000 size=071b4h ( 29108) load
I (123) esp_image: segment 3: paddr=00040020 vaddr=42000020 size=aeb50h (715600) map
I (239) esp_image: segment 4: paddr=000eeb78 vaddr=403871b4 size=0c010h ( 49168) load
I (248) esp_image: segment 5: paddr=000fab90 vaddr=50000200 size=0001ch (    28) load
I (254) boot: Loaded app from partition at offset 0x10000
I (255) boot: Disabling RNG early entropy source...
I (266) cpu_start: Unicore app
I (274) cpu_start: Pro cpu start user code
I (274) cpu_start: cpu freq: 160000000 Hz
I (274) app_init: Application information:
I (274) app_init: Project name:     get
I (278) app_init: App version:      4972008-dirty
I (282) app_init: Compile time:     Jan  9 2025 17:11:51
I (287) app_init: ELF file SHA256:  6cfe1e140...
I (292) app_init: ESP-IDF:          v5.4
I (295) efuse_init: Min chip rev:     v0.3
I (299) efuse_init: Max chip rev:     v1.99 
I (303) efuse_init: Chip rev:         v0.3
I (307) heap_init: Initializing. RAM available for dynamic allocation:
I (313) heap_init: At 3FC9DC40 len 000223C0 (136 KiB): RAM
I (318) heap_init: At 3FCC0000 len 0001C710 (113 KiB): Retention RAM
I (324) heap_init: At 3FCDC710 len 00002950 (10 KiB): Retention RAM
I (330) heap_init: At 5000021C len 00001DCC (7 KiB): RTCRAM
I (337) spi_flash: detected chip: generic
I (339) spi_flash: flash io: dio
W (342) spi_flash: Detected size(4096k) larger than the size in the binary image header(2048k). Using the size in the binary image header.
I (355) sleep_gpio: Configure to isolate all GPIO pins in sleep state
I (361) sleep_gpio: Enable automatic switching of GPIO sleep configuration
I (368) main_task: Started on CPU0
I (378) main_task: Calling app_main()
I (378) lightdb: Start LightDB get sample
[5n
Type 'help' to get the list of commands.
Use UP/DOWN arrows to navigate through command history.
Press TAB when typing command name to auto-complete.

Your terminal application does not support escape sequences.

Line editing and history features are disabled.

On Windows, try using Putty instead.
esp32> W (888) lightdb: WiFi and Golioth credentials are not set. Use the shell settings commands to set them.

esp32> 
esp32> 
esp32> 
esp32> settings set wifi/ssid "***JONS_ORANGE_PI_WIFI_SSID***"
Setting wifi/ssid saved
esp32> 
esp32> 
esp32> 
esp32> 
esp32> 
esp32> settings set wifi/psk "***JONS_ORANGE_PI_WIFI_PSK***"
Setting wifi/psk saved
esp32> 
esp32> ::add-mask::generated-DDtCQQaoVeBJWqWY

esp32> 
esp32> 
esp32> 
esp32> settings set golioth/psk-id "generated-DDtCQQaoVeBJWqWY@firmware_ci"
Setting golioth/psk-id saved
esp32> 
esp32> 
esp32> 
esp32> 
esp32> 
esp32> settings set golioth/psk "generated-DDtCQQaoVeBJWqWY"
Setting golioth/psk saved
esp32> 
esp32> I (10908) pp: pp rom version: 9387209
I (10908) net80211: net80211 rom version: 9387209
I (10928) wifi_init: rx ba win: 6
I (10928) wifi_init: accept mbox: 6
I (10928) wifi_init: tcpip mbox: 32
I (10928) wifi_init: udp mbox: 6
I (10928) wifi_init: tcp mbox: 6
I (10938) wifi_init: tcp tx win: 5760
I (10938) wifi_init: tcp rx win: 5760
I (10938) wifi_init: tcp mss: 1440
I (10948) wifi_init: WiFi IRAM OP enabled
I (10948) wifi_init: WiFi RX IRAM OP enabled
I (10948) phy_init: phy_version 1180,01f2a49,Jun  4 2024,16:34:25
W (10958) phy_init: failed to load RF calibration data (0x1102), falling back to full calibration
W (10998) phy_init: saving new calibration data because of checksum failure, mode(2)
I (12498) esp_netif_handlers: sta ip: 192.168.8.141, mask: 255.255.255.0, gw: 192.168.8.1
I (12498) example_wifi: WiFi Connected. Got IP:192.168.8.141
I (12508) example_wifi: Connected to AP SSID: ***JONS_ORANGE_PI_WIFI_SSID***
I (12508) golioth_mbox: Mbox created, bufsize: 2520, num_items: 20, item_size: 120
W (12518) lightdb: Waiting for connection to Golioth...
I (12528) golioth_coap_client_libcoap: Start CoAP session with host: coaps://coap.golioth.io
I (12528) golioth_coap_client_libcoap: Session PSK-ID: generated-DDtCQQaoVeBJWqWY@firmware_ci
I (12538) libcoap: Setting PSK key

I (12548) golioth_coap_client_libcoap: Entering CoAP I/O loop
I (13468) golioth_coap_client_libcoap: Golioth CoAP client connected
I (13468) lightdb: Golioth client connected
I (13468) lightdb: Before request (async)
I (13468) lightdb: After request (async)
W (14698) lightdb: Failed to get counter (async): 0
I (18478) lightdb: Before request (sync)
I (18788) lightdb: Counter (sync): 13
I (18788) lightdb: After request (sync)
I (23798) lightdb: Before JSON request (sync)
I (23908) lightdb: 0x3fca08b0   7b 22 63 6f 75 6e 74 65  72 22 3a 32 37 7d        |{"counter":27}|
I (23908) lightdb: After JSON request (sync)
I (28928) lightdb: Before CBOR request (async)
I (28928) lightdb: After CBOR request (async)
I (29238) lightdb: Counter (CBOR async): 99
I (33928) lightdb: Before request (async)
I (33928) lightdb: After request (async)
I (34358) lightdb: Counter (async): 42
