esptool.py v4.8.1
Serial port /dev/serial/by-id/usb-Silicon_Labs_CP2102N_USB_to_UART_Bridge_Controller_ca317d585c76eb11ba0a87abb7be2ba5-if00-port0
Connecting....
Detecting chip type... ESP32-C3
Chip is ESP32-C3 (QFN32) (revision v0.3)
Features: WiFi, BLE, Embedded Flash 4MB (XMC)
Crystal is 40MHz
MAC: 84:f7:03:09:96:10
Uploading stub...
Running stub...
Stub running...
Changing baud rate to 460800
Changed.
Configuring flash size...
Erasing flash (this may take a while)...
Chip erase completed successfully in 20.3s
Compressed 1039328 bytes to 611205...
Writing at 0x00000000... (2 %)
Writing at 0x00012155... (5 %)
Writing at 0x0001f145... (7 %)
Writing at 0x0002b8aa... (10 %)
Writing at 0x00031dff... (13 %)
Writing at 0x00036ed0... (15 %)
Writing at 0x00040e34... (18 %)
Writing at 0x00046df5... (21 %)
Writing at 0x0004d496... (23 %)
Writing at 0x000534ed... (26 %)
Writing at 0x00059026... (28 %)
Writing at 0x0005ee95... (31 %)
Writing at 0x00065988... (34 %)
Writing at 0x0006b579... (36 %)
Writing at 0x00071622... (39 %)
Writing at 0x00077796... (42 %)
Writing at 0x0007d610... (44 %)
Writing at 0x00083162... (47 %)
Writing at 0x00088777... (50 %)
Writing at 0x0008e81b... (52 %)
Writing at 0x000949c1... (55 %)
Writing at 0x0009a4ad... (57 %)
Writing at 0x0009fd1d... (60 %)
Writing at 0x000a5aef... (63 %)
Writing at 0x000ac2e1... (65 %)
Writing at 0x000b23b6... (68 %)
Writing at 0x000b832d... (71 %)
Writing at 0x000be6a1... (73 %)
Writing at 0x000c3fe6... (76 %)
Writing at 0x000c9853... (78 %)
Writing at 0x000cf7d4... (81 %)
Writing at 0x000d54cb... (84 %)
Writing at 0x000dc254... (86 %)
Writing at 0x000e3535... (89 %)
Writing at 0x000e9900... (92 %)
Writing at 0x000ef84c... (94 %)
Writing at 0x000f5cfc... (97 %)
Writing at 0x000fbc18... (100 %)
Wrote 1039328 bytes (611205 compressed) at 0x00000000 in 19.8 seconds (effective 420.4 kbit/s)...
Hash of data verified.

Leaving...
Hard resetting via RTS pin...
Build:Feb  7 2021
rst:0x1 (POWERON),boot:0xc (SPI_FAST_FLASH_BOOT)
SPIWP:0xee
mode:DIO, clock div:1
load:0x3fcd5820,len:0x1738
load:0x403cc710,len:0xb9c
load:0x403ce710,len:0x2e4c
entry 0x403cc71a
[0;32mI (30) boot: ESP-IDF v5.3 2nd stage bootloader[0m
[0;32mI (30) boot: compile time Jan  9 2025 13:40:27[0m
[0;32mI (30) boot: chip revision: v0.3[0m
[0;32mI (33) boot.esp32c3: SPI Speed      : 80MHz[0m
[0;32mI (38) boot.esp32c3: SPI Mode       : DIO[0m
[0;32mI (43) boot.esp32c3: SPI Flash Size : 2MB[0m
[0;32mI (47) boot: Enabling RNG early entropy source...[0m
[0;32mI (53) boot: Partition Table:[0m
[0;32mI (56) boot: ## Label            Usage          Type ST Offset   Length[0m
[0;32mI (64) boot:  0 nvs              WiFi data        01 02 00009000 00006000[0m
[0;32mI (71) boot:  1 phy_init         RF data          01 01 0000f000 00001000[0m
[0;32mI (78) boot:  2 factory          factory app      00 00 00010000 00100000[0m
[0;32mI (86) boot: End of partition table[0m
[0;32mI (90) esp_image: segment 0: paddr=00010020 vaddr=3c0b0020 size=2cda0h (183712) map[0m
[0;32mI (127) esp_image: segment 1: paddr=0003cdc8 vaddr=3fc92800 size=02fc8h ( 12232) load[0m
[0;32mI (130) esp_image: segment 2: paddr=0003fd98 vaddr=40380000 size=00280h (   640) load[0m
[0;32mI (133) esp_image: segment 3: paddr=00040020 vaddr=42000020 size=ab6cch (702156) map[0m
[0;32mI (251) esp_image: segment 4: paddr=000eb6f4 vaddr=40380280 size=124c0h ( 74944) load[0m
[0;32mI (271) boot: Loaded app from partition at offset 0x10000[0m
[0;32mI (271) boot: Disabling RNG early entropy source...[0m
[0;32mI (283) cpu_start: Unicore app[0m
[0;32mI (292) cpu_start: Pro cpu start user code[0m
[0;32mI (292) cpu_start: cpu freq: 160000000 Hz[0m
[0;32mI (292) app_init: Application information:[0m
[0;32mI (295) app_init: Project name:     cpp[0m
[0;32mI (299) app_init: App version:      8a3edf6-dirty[0m
[0;32mI (305) app_init: Compile time:     Jan  9 2025 13:40:22[0m
[0;32mI (311) app_init: ELF file SHA256:  a67696d01...[0m
[0;32mI (316) app_init: ESP-IDF:          v5.3[0m
[0;32mI (320) efuse_init: Min chip rev:     v0.3[0m
[0;32mI (325) efuse_init: Max chip rev:     v1.99 [0m
[0;32mI (330) efuse_init: Chip rev:         v0.3[0m
[0;32mI (335) heap_init: Initializing. RAM available for dynamic allocation:[0m
[0;32mI (342) heap_init: At 3FC9D690 len 00022970 (138 KiB): RAM[0m
[0;32mI (348) heap_init: At 3FCC0000 len 0001C710 (113 KiB): Retention RAM[0m
[0;32mI (355) heap_init: At 3FCDC710 len 00002950 (10 KiB): Retention RAM[0m
[0;32mI (362) heap_init: At 50000200 len 00001DE8 (7 KiB): RTCRAM[0m
[0;32mI (369) spi_flash: detected chip: generic[0m
[0;32mI (373) spi_flash: flash io: dio[0m
[0;33mW (377) spi_flash: Detected size(4096k) larger than the size in the binary image header(2048k). Using the size in the binary image header.[0m
[0;32mI (391) sleep: Configure to isolate all GPIO pins in sleep state[0m
[0;32mI (397) sleep: Enable automatic switching of GPIO sleep configuration[0m
[0;32mI (404) main_task: Started on CPU0[0m
[0;32mI (414) main_task: Calling app_main()[0m
[5n
Type 'help' to get the list of commands.
Use UP/DOWN arrows to navigate through command history.
Press TAB when typing command name to auto-complete.

Your terminal application does not support escape sequences.

Line editing and history features are disabled.

On Windows, try using Putty instead.
esp32> [0;33mW (924) app_main: WiFi and Golioth credentials are not set. Use the shell settings commands to set them.[0m

esp32> 
esp32> 
esp32> 
esp32> settings set wifi/ssid "***JONS_ORANGE_PI_WIFI_SSID***"
Setting wifi/ssid saved
esp32> 
esp32> 
esp32> 
esp32> 
esp32> 
esp32> settings set wifi/psk "***JONS_ORANGE_PI_WIFI_PSK***"
Setting wifi/psk saved
es::add-mask::generated-GghIiMryoOzXfkEp
p32> 
esp32> 
esp32> 
esp32> 
esp32> 
esp32> settings set golioth/psk-id "generated-GghIiMryoOzXfkEp@firmware_ci"
Setting golioth/psk-id saved
esp32> 
esp32> 
esp32> 
esp32> 
esp32> 
esp32> settings set golioth/psk "generated-GghIiMryoOzXfkEp"
Setting golioth/psk saved
esp32> 
esp32> [0;32mI (8944) pp: pp rom version: 9387209[0m
[0;32mI (8944) net80211: net80211 rom version: 9387209[0m
[0;32mI (8964) wifi_init: rx ba win: 6[0m
[0;32mI (8964) wifi_init: accept mbox: 6[0m
[0;32mI (8964) wifi_init: tcpip mbox: 32[0m
[0;32mI (8964) wifi_init: udp mbox: 6[0m
[0;32mI (8974) wifi_init: tcp mbox: 6[0m
[0;32mI (8974) wifi_init: tcp tx win: 5760[0m
[0;32mI (8984) wifi_init: tcp rx win: 5760[0m
[0;32mI (8984) wifi_init: tcp mss: 1440[0m
[0;32mI (8984) wifi_init: WiFi IRAM OP enabled[0m
[0;32mI (8994) wifi_init: WiFi RX IRAM OP enabled[0m
[0;32mI (8994) phy_init: phy_version 1180,01f2a49,Jun  4 2024,16:34:25[0m
[0;33mW (9014) phy_init: failed to load RF calibration data (0x1102), falling back to full calibration[0m
[0;33mW (9074) phy_init: saving new calibration data because of checksum failure, mode(2)[0m
[0;32mI (10454) esp_netif_handlers: sta ip: 192.168.8.141, mask: 255.255.255.0, gw: 192.168.8.1[0m
[0;32mI (10454) example_wifi: WiFi Connected. Got IP:192.168.8.141[0m
[0;32mI (10464) example_wifi: Connected to AP SSID: ***JONS_ORANGE_PI_WIFI_SSID***[0m
[0;32mI (10464) golioth_mbox: Mbox created, bufsize: 2520, num_items: 20, item_size: 120[0m
[0;32mI (10474) app_main: Hello, Golioth 0![0m
[0;32mI (10484) golioth_coap_client_libcoap: Start CoAP session with host: coaps://coap.golioth.io[0m
[0;32mI (10484) golioth_coap_client_libcoap: Session PSK-ID: generated-GghIiMryoOzXfkEp@firmware_ci[0m
[0;32mI (10494) libcoap: Setting PSK key
[0m
[0;32mI (10504) golioth_coap_client_libcoap: Entering CoAP I/O loop[0m
[0;32mI (11454) golioth_coap_client_libcoap: Golioth CoAP client connected[0m
[0;32mI (15474) app_main: Hello, Golioth 1![0m
[0;32mI (20474) app_main: Hello, Golioth 2![0m
