esptool.py v4.8.1
Serial port /dev/serial/by-id/usb-Silicon_Labs_CP2102N_USB_to_UART_Bridge_Controller_18a5eb8de0faeb11a1553ea4c6d924ec-if00-port0
Connecting....
Detecting chip type... ESP32-C3
Chip is ESP32-C3 (QFN32) (revision v0.3)
Features: WiFi, BLE
Crystal is 40MHz
MAC: 7c:df:a1:da:77:ac
Uploading stub...
Running stub...
Stub running...
Changing baud rate to 460800
Changed.
Configuring flash size...
Erasing flash (this may take a while)...
Chip erase completed successfully in 10.5s
Compressed 1038480 bytes to 609212...
Writing at 0x00000000... (2 %)
Writing at 0x00012054... (5 %)
Writing at 0x0001f51d... (7 %)
Writing at 0x0002b91d... (10 %)
Writing at 0x00031e46... (13 %)
Writing at 0x00037377... (15 %)
Writing at 0x00040f5f... (18 %)
Writing at 0x00046fbd... (21 %)
Writing at 0x0004d6bf... (23 %)
Writing at 0x00053e2f... (26 %)
Writing at 0x00059751... (28 %)
Writing at 0x0005f3cf... (31 %)
Writing at 0x00065e22... (34 %)
Writing at 0x0006bba5... (36 %)
Writing at 0x00071a4d... (39 %)
Writing at 0x00077d1d... (42 %)
Writing at 0x0007dd17... (44 %)
Writing at 0x00083a97... (47 %)
Writing at 0x00088e95... (50 %)
Writing at 0x0008eaed... (52 %)
Writing at 0x000951ca... (55 %)
Writing at 0x0009ac92... (57 %)
Writing at 0x000a0567... (60 %)
Writing at 0x000a6346... (63 %)
Writing at 0x000acafc... (65 %)
Writing at 0x000b2c56... (68 %)
Writing at 0x000b8b8e... (71 %)
Writing at 0x000beeea... (73 %)
Writing at 0x000c4865... (76 %)
Writing at 0x000ca0d7... (78 %)
Writing at 0x000d0074... (81 %)
Writing at 0x000d5fce... (84 %)
Writing at 0x000dc9c9... (86 %)
Writing at 0x000e3d8e... (89 %)
Writing at 0x000ea23a... (92 %)
Writing at 0x000f007a... (94 %)
Writing at 0x000f65c7... (97 %)
Writing at 0x000fc44f... (100 %)
Wrote 1038480 bytes (609212 compressed) at 0x00000000 in 17.2 seconds (effective 483.3 kbit/s)...
Hash of data verified.

Leaving...
Hard resetting via RTS pin...
ESP-ROM:esp32c3-api1-20210207
Build:Feb  7 2021
rst:0x1 (POWERON),boot:0xc (SPI_FAST_FLASH_BOOT)
SPIWP:0xee
mode:DIO, clock div:1
load:0x3fcd5820,len:0x1738
load:0x403cc710,len:0xb9c
load:0x403ce710,len:0x2ec8
entry 0x403cc71a
[0;32mI (30) boot: ESP-IDF v5.3 2nd stage bootloader[0m
[0;32mI (30) boot: compile time Oct 31 2024 20:44:17[0m
[0;32mI (30) boot: chip revision: v0.3[0m
[0;32mI (33) boot.esp32c3: SPI Speed      : 80MHz[0m
[0;32mI (38) boot.esp32c3: SPI Mode       : DIO[0m
[0;32mI (43) boot.esp32c3: SPI Flash Size : 4MB[0m
[0;32mI (47) boot: Enabling RNG early entropy source...[0m
[0;32mI (53) boot: Partition Table:[0m
[0;32mI (56) boot: ## Label            Usage          Type ST Offset   Length[0m
[0;32mI (64) boot:  0 nvs              WiFi data        01 02 00009000 00006000[0m
[0;32mI (71) boot:  1 phy_init         RF data          01 01 0000f000 00001000[0m
[0;32mI (78) boot:  2 factory          factory app      00 00 00010000 00100000[0m
[0;32mI (86) boot: End of partition table[0m
[0;32mI (90) esp_image: segment 0: paddr=00010020 vaddr=3c0b0020 size=2c8c4h (182468) map[0m
[0;32mI (127) esp_image: segment 1: paddr=0003c8ec vaddr=3fc92800 size=02fb8h ( 12216) load[0m
[0;32mI (130) esp_image: segment 2: paddr=0003f8ac vaddr=40380000 size=0076ch (  1900) load[0m
[0;32mI (133) esp_image: segment 3: paddr=00040020 vaddr=42000020 size=ab870h (702576) map[0m
[0;32mI (251) esp_image: segment 4: paddr=000eb898 vaddr=4038076c size=11fd4h ( 73684) load[0m
[0;32mI (271) boot: Loaded app from partition at offset 0x10000[0m
[0;32mI (271) boot: Disabling RNG early entropy source...[0m
[0;32mI (283) cpu_start: Unicore app[0m
[0;32mI (291) cpu_start: Pro cpu start user code[0m
[0;32mI (291) cpu_start: cpu freq: 160000000 Hz[0m
[0;32mI (291) app_init: Application information:[0m
[0;32mI (294) app_init: Project name:     test[0m
[0;32mI (299) app_init: App version:      cbcdca1-dirty[0m
[0;32mI (304) app_init: Compile time:     Oct 31 2024 20:44:22[0m
[0;32mI (310) app_init: ELF file SHA256:  cb18f4069...[0m
[0;32mI (316) app_init: ESP-IDF:          v5.3[0m
[0;32mI (320) efuse_init: Min chip rev:     v0.3[0m
[0;32mI (325) efuse_init: Max chip rev:     v1.99 [0m
[0;32mI (330) efuse_init: Chip rev:         v0.3[0m
[0;32mI (335) heap_init: Initializing. RAM available for dynamic allocation:[0m
[0;32mI (342) heap_init: At 3FC9D540 len 00022AC0 (138 KiB): RAM[0m
[0;32mI (348) heap_init: At 3FCC0000 len 0001C710 (113 KiB): Retention RAM[0m
[0;32mI (355) heap_init: At 3FCDC710 len 00002950 (10 KiB): Retention RAM[0m
[0;32mI (362) heap_init: At 50000200 len 00001DE8 (7 KiB): RTCRAM[0m
[0;32mI (369) spi_flash: detected chip: generic[0m
[0;32mI (373) spi_flash: flash io: dio[0m
[0;32mI (377) sleep: Configure to isolate all GPIO pins in sleep state[0m
[0;32mI (384) sleep: Enable automatic switching of GPIO sleep configuration[0m
[0;32mI (391) main_task: Started on CPU0[0m
[0;32mI (411) main_task: Calling app_main()[0m
[5n
Type 'help' to get the list of commands.
Use UP/DOWN arrows to navigate through command history.
Press TAB when typing command name to auto-complete.

Your terminal application does not support escape sequences.

Line editing and history features are disabled.

On Windows, try using Putty instead.
esp32> [0;33mW (921) hil_test: WiFi and Golioth credentials are not set. Use the shell settings commands to set them.[0m

esp32> 
esp32> 
esp32> 
esp32> settings set wifi/ssid "***MIKES_ORANGE_PI_WIFI_SSID***"
Setting wifi/ssid saved
esp32> 
esp32> 
esp32> 
esp32> 
esp32> 
esp32> settings set wifi/psk "***MIKES_ORANGE_PI_WIFI_PSK***"
Setting wifi/psk saved
esp32> 
es::add-mask::generated-AofDwrgRRRKWCEIJ
p32> 
esp32> 
esp32> 
esp32> 
esp32> settings set golioth/psk-id "generated-AofDwrgRRRKWCEIJ@firmware_ci"
Setting golioth/psk-id saved
esp32> 
esp32> 
esp32> 
esp32> 
esp32> 
esp32> settings set golioth/psk "generated-AofDwrgRRRKWCEIJ"
Setting golioth/psk saved
esp32> 
esp32> [0;32mI (14941) pp: pp rom version: 9387209[0m
[0;32mI (14941) net80211: net80211 rom version: 9387209[0m
[0;32mI (14961) wifi_init: rx ba win: 6[0m
[0;32mI (14961) wifi_init: accept mbox: 6[0m
[0;32mI (14961) wifi_init: tcpip mbox: 32[0m
[0;32mI (14961) wifi_init: udp mbox: 6[0m
[0;32mI (14971) wifi_init: tcp mbox: 6[0m
[0;32mI (14971) wifi_init: tcp tx win: 5760[0m
[0;32mI (14981) wifi_init: tcp rx win: 5760[0m
[0;32mI (14981) wifi_init: tcp mss: 1440[0m
[0;32mI (14981) wifi_init: WiFi IRAM OP enabled[0m
[0;32mI (14991) wifi_init: WiFi RX IRAM OP enabled[0m
[0;32mI (14991) phy_init: phy_version 1180,01f2a49,Jun  4 2024,16:34:25[0m
[0;33mW (15011) phy_init: failed to load RF calibration data (0x1102), falling back to full calibration[0m
[0;33mW (15051) phy_init: saving new calibration data because of checksum failure, mode(2)[0m
[0;32mI (16441) esp_netif_handlers: sta ip: 192.168.8.119, mask: 255.255.255.0, gw: 192.168.8.1[0m
[0;32mI (16441) example_wifi: WiFi Connected. Got IP:192.168.8.119[0m
[0;32mI (16451) example_wifi: Connected to AP SSID: ***MIKES_ORANGE_PI_WIFI_SSID***[0m
[0;32mI (16451) golioth_mbox: Mbox created, bufsize: 2520, num_items: 20, item_size: 120[0m
[0;32mI (16471) golioth_coap_client_libcoap: Start CoAP session with host: coaps://coap.golioth.io[0m
[0;32mI (16471) golioth_coap_client_libcoap: Session PSK-ID: generated-AofDwrgRRRKWCEIJ@firmware_ci[0m
[0;32mI (16481) libcoap: Setting PSK key
[0m
[0;32mI (16491) golioth_coap_client_libcoap: Entering CoAP I/O loop[0m
[0;32mI (17921) golioth_coap_client_libcoap: Golioth CoAP client connected[0m
[0;32mI (17981) test_settings: Received test_string: foo[0m
[0;32mI (17981) test_settings: Received test_cancel: 0[0m
[0;32mI (17981) test_settings: Received test_restart: false[0m
[0;32mI (17991) test_settings: Received test_float: 1.230000[0m
[0;32mI (17991) test_settings: Received test_int_range: 1[0m
[0;32mI (18011) test_settings: Received test_bool: false[0m
[0;32mI (18011) test_settings: Received test_int: 1[0m
[0;32mI (18071) test_settings: Received test_bool: false[0m
[0;32mI (18081) test_settings: Received test_int: 1[0m
[0;32mI (18081) test_settings: Received test_int_range: 1[0m
[0;32mI (18091) test_settings: Received test_restart: false[0m
[0;32mI (18091) test_settings: Received test_cancel: 0[0m
[0;32mI (18101) test_settings: Received test_float: 1.230000[0m
[0;32mI (18101) test_settings: Received test_string: foo[0m
[0;31mE (18111) golioth_settings: Failed to send a response to server: 10[0m
[0;32mI (18341) test_settings: Received test_cancel: 0[0m
[0;32mI (18341) test_settings: Received test_string: foo[0m
[0;32mI (18341) test_settings: Received test_float: 1.230000[0m
[0;32mI (18351) test_settings: Received test_int: 1[0m
[0;32mI (18351) test_settings: Received test_int_range: 1[0m
[0;32mI (18361) test_settings: Received test_restart: false[0m
[0;32mI (18361) test_settings: Received test_bool: false[0m
[0;31mE (18371) golioth_settings: Failed to send a response to server: 10[0m
[0;32mI (18531) test_settings: Received test_cancel: 0[0m
[0;32mI (18541) test_settings: Received test_float: 1.230000[0m
[0;32mI (18541) test_settings: Received test_int_range: 1[0m
[0;32mI (18551) test_settings: Received test_bool: false[0m
[0;32mI (18551) test_settings: Received test_int: 1[0m
[0;32mI (18561) test_settings: Received test_restart: false[0m
[0;32mI (18561) test_settings: Received test_string: foo[0m
[0;31mE (18571) golioth_settings: Failed to send a response to server: 10[0m
[0;32mI (18741) test_settings: Received test_int: 1[0m
[0;32mI (18741) test_settings: Received test_int_range: 1[0m
[0;32mI (18741) test_settings: Received test_string: foo[0m
[0;32mI (18751) test_settings: Received test_bool: false[0m
[0;32mI (18751) test_settings: Received test_restart: false[0m
[0;32mI (18761) test_settings: Received test_cancel: 0[0m
[0;32mI (18761) test_settings: Received test_float: 1.230000[0m
[0;31mE (18771) golioth_settings: Failed to send a response to server: 10[0m
[0;32mI (18961) test_settings: Received test_float: 1.230000[0m
[0;32mI (18961) test_settings: Received test_bool: false[0m
[0;32mI (18961) test_settings: Received test_int_range: 1[0m
[0;32mI (18971) test_settings: Received test_restart: false[0m
[0;32mI (18981) test_settings: Received test_cancel: 0[0m
[0;32mI (18991) test_settings: Received test_int: 1[0m
[0;32mI (18991) test_settings: Received test_string: foo[0m
[0;31mE (19001) golioth_settings: Failed to send a response to server: 10[0m
[0;32mI (19151) test_settings: Received test_int_range: 1[0m
[0;32mI (19151) test_settings: Received test_string: foo[0m
[0;32mI (19151) test_settings: Received test_bool: false[0m
[0;32mI (19161) test_settings: Received test_restart: false[0m
[0;32mI (19161) test_settings: Received test_cancel: 0[0m
[0;32mI (19171) test_settings: Received test_int: 1[0m
[0;32mI (19171) test_settings: Received test_float: 1.230000[0m
[0;31mE (19191) golioth_settings: Failed to send a response to server: 10[0m
[0;32mI (19241) test_settings: Received test_cancel: 0[0m
[0;32mI (19241) test_settings: Received test_int: 1[0m
[0;32mI (19241) test_settings: Received test_string: foo[0m
[0;32mI (19251) test_settings: Received test_restart: false[0m
[0;32mI (19261) test_settings: Received test_float: 1.230000[0m
[0;32mI (19271) test_settings: Received test_bool: false[0m
[0;32mI (19271) test_settings: Received test_int_range: 1[0m
[0;31mE (19281) golioth_settings: Failed to send a response to server: 10[0m
[0;32mI (19561) test_settings: Received test_float: 1.230000[0m
[0;32mI (19561) test_settings: Received test_int: 1[0m
[0;32mI (19561) test_settings: Received test_int_range: 1[0m
[0;32mI (19571) test_settings: Received test_string: foo[0m
[0;32mI (19571) test_settings: Received test_restart: false[0m
[0;32mI (19581) test_settings: Received test_bool: false[0m
[0;32mI (19581) test_settings: Received test_cancel: 0[0m
[0;31mE (19591) golioth_settings: Failed to send a response to server: 10[0m
[0;32mI (19771) test_settings: Received test_float: 1.230000[0m
[0;32mI (19771) test_settings: Received test_bool: false[0m
[0;32mI (19771) test_settings: Received test_cancel: 0[0m
[0;32mI (19781) test_settings: Received test_int: 42[0m
[0;32