esptool.py v4.7.0
Serial port /dev/serial/by-id/usb-Silicon_Labs_CP2102N_USB_to_UART_Bridge_Controller_ca317d585c76eb11ba0a87abb7be2ba5-if00-port0
Connecting....
Detecting chip type... ESP32-C3
Chip is ESP32-C3 (QFN32) (revision v0.3)
Features: WiFi, BLE, Embedded Flash 4MB (XMC)
Crystal is 40MHz
MAC: 84:f7:03:09:96:10
Uploading stub...
Running stub...
Stub running...
Changing baud rate to 460800
Changed.
Configuring flash size...
Erasing flash (this may take a while)...
Chip erase completed successfully in 19.2s
Compressed 1037664 bytes to 609011...
Writing at 0x00000000... (2 %)
Writing at 0x0001205a... (5 %)
Writing at 0x0001f57d... (7 %)
Writing at 0x0002b99c... (10 %)
Writing at 0x00031fbc... (13 %)
Writing at 0x000373f5... (15 %)
Writing at 0x0004109d... (18 %)
Writing at 0x00047114... (21 %)
Writing at 0x0004d837... (23 %)
Writing at 0x00053c07... (26 %)
Writing at 0x000595ef... (28 %)
Writing at 0x0005f288... (31 %)
Writing at 0x00065d80... (34 %)
Writing at 0x0006bacd... (36 %)
Writing at 0x0007199a... (39 %)
Writing at 0x00077b9c... (42 %)
Writing at 0x0007dc02... (44 %)
Writing at 0x0008388f... (47 %)
Writing at 0x00088d61... (50 %)
Writing at 0x0008e93e... (52 %)
Writing at 0x00094fe9... (55 %)
Writing at 0x0009ab76... (57 %)
Writing at 0x000a03d4... (60 %)
Writing at 0x000a61d4... (63 %)
Writing at 0x000aca6c... (65 %)
Writing at 0x000b2ab1... (68 %)
Writing at 0x000b89bc... (71 %)
Writing at 0x000bed9e... (73 %)
Writing at 0x000c461a... (76 %)
Writing at 0x000c9eda... (78 %)
Writing at 0x000cfe36... (81 %)
Writing at 0x000d5e5a... (84 %)
Writing at 0x000dc763... (86 %)
Writing at 0x000e3b9d... (89 %)
Writing at 0x000ea0ed... (92 %)
Writing at 0x000efe8d... (94 %)
Writing at 0x000f63cc... (97 %)
Writing at 0x000fc230... (100 %)
Wrote 1037664 bytes (609011 compressed) at 0x00000000 in 19.4 seconds (effective 428.2 kbit/s)...
Hash of data verified.

Leaving...
Hard resetting via RTS pin...
Build:Feb  7 2021
rst:0x1 (POWERON),boot:0xc (SPI_FAST_FLASH_BOOT)
SPIWP:0xee
mode:DIO, clock div:1
load:0x3fcd5820,len:0x1738
load:0x403cc710,len:0xb9c
load:0x403ce710,len:0x2ec8
entry 0x403cc71a
[0;32mI (30) boot: ESP-IDF v5.3 2nd stage bootloader[0m
[0;32mI (30) boot: compile time Sep 20 2024 16:30:19[0m
[0;32mI (30) boot: chip revision: v0.3[0m
[0;32mI (33) boot.esp32c3: SPI Speed      : 80MHz[0m
[0;32mI (38) boot.esp32c3: SPI Mode       : DIO[0m
[0;32mI (43) boot.esp32c3: SPI Flash Size : 4MB[0m
[0;32mI (47) boot: Enabling RNG early entropy source...[0m
[0;32mI (53) boot: Partition Table:[0m
[0;32mI (56) boot: ## Label            Usage          Type ST Offset   Length[0m
[0;32mI (64) boot:  0 nvs              WiFi data        01 02 00009000 00006000[0m
[0;32mI (71) boot:  1 phy_init         RF data          01 01 0000f000 00001000[0m
[0;32mI (78) boot:  2 factory          factory app      00 00 00010000 00100000[0m
[0;32mI (86) boot: End of partition table[0m
[0;32mI (90) esp_image: segment 0: paddr=00010020 vaddr=3c0b0020 size=2cabch (182972) map[0m
[0;32mI (127) esp_image: segment 1: paddr=0003cae4 vaddr=3fc92800 size=02fb8h ( 12216) load[0m
[0;32mI (130) esp_image: segment 2: paddr=0003faa4 vaddr=40380000 size=00574h (  1396) load[0m
[0;32mI (133) esp_image: segment 3: paddr=00040020 vaddr=42000020 size=ab33ch (701244) map[0m
[0;32mI (251) esp_image: segment 4: paddr=000eb364 vaddr=40380574 size=121cch ( 74188) load[0m
[0;32mI (271) boot: Loaded app from partition at offset 0x10000[0m
[0;32mI (271) boot: Disabling RNG early entropy source...[0m
[0;32mI (283) cpu_start: Unicore app[0m
[0;32mI (291) cpu_start: Pro cpu start user code[0m
[0;32mI (291) cpu_start: cpu freq: 160000000 Hz[0m
[0;32mI (291) app_init: Application information:[0m
[0;32mI (294) app_init: Project name:     test[0m
[0;32mI (299) app_init: App version:      75873ba-dirty[0m
[0;32mI (304) app_init: Compile time:     Sep 20 2024 16:30:24[0m
[0;32mI (310) app_init: ELF file SHA256:  bdb76077c...[0m
[0;32mI (316) app_init: ESP-IDF:          v5.3[0m
[0;32mI (320) efuse_init: Min chip rev:     v0.3[0m
[0;32mI (325) efuse_init: Max chip rev:     v1.99 [0m
[0;32mI (330) efuse_init: Chip rev:         v0.3[0m
[0;32mI (335) heap_init: Initializing. RAM available for dynamic allocation:[0m
[0;32mI (342) heap_init: At 3FC9D950 len 000226B0 (137 KiB): RAM[0m
[0;32mI (348) heap_init: At 3FCC0000 len 0001C710 (113 KiB): Retention RAM[0m
[0;32mI (355) heap_init: At 3FCDC710 len 00002950 (10 KiB): Retention RAM[0m
[0;32mI (362) heap_init: At 50000200 len 00001DE8 (7 KiB): RTCRAM[0m
[0;32mI (369) spi_flash: detected chip: generic[0m
[0;32mI (373) spi_flash: flash io: dio[0m
[0;32mI (377) sleep: Configure to isolate all GPIO pins in sleep state[0m
[0;32mI (384) sleep: Enable automatic switching of GPIO sleep configuration[0m
[0;32mI (391) main_task: Started on CPU0[0m
[0;32mI (411) main_task: Calling app_main()[0m
[5n
Type 'help' to get the list of commands.
Use UP/DOWN arrows to navigate through command history.
Press TAB when typing command name to auto-complete.

Your terminal application does not support escape sequences.

Line editing and history features are disabled.

On Windows, try using Putty instead.
esp32> [0;33mW (921) hil_test: WiFi and Golioth credentials are not set. Use the shell settings commands to set them.[0m

esp32> 
esp32> 
esp32> 
esp32> settings set wifi/ssid "***JONS_ORANGE_PI_WIFI_SSID***"
Setting wifi/ssid saved
esp32> 
esp32> 
esp32> 
esp32> 
esp32> 
esp32> settings set wifi/psk "***JONS_ORANGE_PI_WIFI_PSK***"
Setting wifi/psk saved
es::add-mask::generated-vaPyQUzFdguoEXBo
p32> 
esp32> 
esp32> 
esp32> 
esp32> 
esp32> settings set golioth/psk-id "generated-vaPyQUzFdguoEXBo@firmware_ci"
Setting golioth/psk-id saved
esp32> 
esp32> 
esp32> 
esp32> 
esp32> 
esp32> settings set golioth/psk "generated-vaPyQUzFdguoEXBo"
Setting golioth/psk saved
esp32> 
esp32> [0;32mI (7941) pp: pp rom version: 9387209[0m
[0;32mI (7941) net80211: net80211 rom version: 9387209[0m
[0;32mI (7961) wifi_init: rx ba win: 6[0m
[0;32mI (7961) wifi_init: accept mbox: 6[0m
[0;32mI (7961) wifi_init: tcpip mbox: 32[0m
[0;32mI (7961) wifi_init: udp mbox: 6[0m
[0;32mI (7971) wifi_init: tcp mbox: 6[0m
[0;32mI (7971) wifi_init: tcp tx win: 5760[0m
[0;32mI (7981) wifi_init: tcp rx win: 5760[0m
[0;32mI (7981) wifi_init: tcp mss: 1440[0m
[0;32mI (7981) wifi_init: WiFi IRAM OP enabled[0m
[0;32mI (7991) wifi_init: WiFi RX IRAM OP enabled[0m
[0;32mI (7991) phy_init: phy_version 1180,01f2a49,Jun  4 2024,16:34:25[0m
[0;33mW (8001) phy_init: failed to load RF calibration data (0x1102), falling back to full calibration[0m
[0;33mW (8041) phy_init: saving new calibration data because of checksum failure, mode(2)[0m
[0;32mI (9501) esp_netif_handlers: sta ip: 192.168.8.141, mask: 255.255.255.0, gw: 192.168.8.1[0m
[0;32mI (9501) example_wifi: WiFi Connected. Got IP:192.168.8.141[0m
[0;32mI (9511) example_wifi: Connected to AP SSID: ***JONS_ORANGE_PI_WIFI_SSID***[0m
[0;32mI (9511) golioth_mbox: Mbox created, bufsize: 2520, num_items: 20, item_size: 120[0m
[0;32mI (9531) golioth_coap_client_libcoap: Start CoAP session with host: coaps://coap.golioth.io[0m
[0;32mI (9531) golioth_coap_client_libcoap: Session PSK-ID: generated-vaPyQUzFdguoEXBo@firmware_ci[0m
[0;32mI (9541) libcoap: Setting PSK key
[0m
[0;32mI (9551) golioth_coap_client_libcoap: Entering CoAP I/O loop[0m
[0;32mI (10501) golioth_coap_client_libcoap: Golioth CoAP client connected[0m
[0;32mI (10711) test_ota: Manifest received[0m
[0;32mI (10711) test_ota: Manifest successfully decoded[0m
[0;32mI (10711) test_ota: Manifest is missing main, skipping this one.[0m
[0;32mI (13121) test_ota: Manifest received[0m
[0;32mI (13121) test_ota: Manifest successfully decoded[0m
[0;32mI (13121) test_ota: Manifest is missing main, skipping this one.[0m
[0;32mI (13141) test_ota: Manifest received[0m
[0;32mI (13141) test_ota: Manifest successfully decoded[0m
[0;32mI (13141) test_ota: Manifest is missing main, skipping this one.[0m
[0;32mI (13151) test_ota: Manifest received[0m
[0;32mI (13151) test_ota: Manifest successfully decoded[0m
[0;32mI (13151) test_ota: Manifest is missing main, skipping this one.[0m
[0;32mI (13791) test_ota: Manifest received[0m
[0;32mI (13791) test_ota: Manifest successfully decoded[0m
[0;32mI (13791) test_ota: Manifest is missing main, skipping this one.[0m
[0;32mI (14191) test_ota: Manifest received[0m
[0;32mI (14201) test_ota: Manifest successfully decoded[0m
[0;32mI (14201) test_ota: Found main component[0m
[0;32mI (14211) test_ota: No absent component found[0m
[0;32mI (14211) test_ota: component.package: main[0m
[0;32mI (14211) test_ota: component.version: 1.2.2[0m
[0;32mI (14221) test_ota: component.size: 16147[0m
[0;32mI (14221) test_ota: component.hash: 62c035ff42d6c61ad9d1caf9ee3425dae3ef360eb9d145061d3f76092e266018[0m
[0;32mI (14231) test_ota: component.uri: /.u/c/main@1.2.2[0m
[0;32mI (14241) test_ota: component.bootloader: default[0m
