esptool.py v4.7.0
Serial port /dev/serial/by-id/usb-Silicon_Labs_CP2102N_USB_to_UART_Bridge_Controller_ca317d585c76eb11ba0a87abb7be2ba5-if00-port0
Connecting....
Detecting chip type... ESP32-C3
Chip is ESP32-C3 (QFN32) (revision v0.3)
Features: WiFi, BLE, Embedded Flash 4MB (XMC)
Crystal is 40MHz
MAC: 84:f7:03:09:96:10
Uploading stub...
Running stub...
Stub running...
Changing baud rate to 460800
Changed.
Configuring flash size...
Erasing flash (this may take a while)...
Chip erase completed successfully in 19.5s
Compressed 1038320 bytes to 609147...
Writing at 0x00000000... (2 %)
Writing at 0x00012059... (5 %)
Writing at 0x0001f517... (7 %)
Writing at 0x0002b930... (10 %)
Writing at 0x00031e14... (13 %)
Writing at 0x0003733f... (15 %)
Writing at 0x00040f24... (18 %)
Writing at 0x00046f74... (21 %)
Writing at 0x0004d679... (23 %)
Writing at 0x00053dd7... (26 %)
Writing at 0x00059704... (28 %)
Writing at 0x0005f387... (31 %)
Writing at 0x00065e00... (34 %)
Writing at 0x0006bb75... (36 %)
Writing at 0x00071a1c... (39 %)
Writing at 0x00077cd7... (42 %)
Writing at 0x0007dcd9... (44 %)
Writing at 0x00083a4e... (47 %)
Writing at 0x00088e81... (50 %)
Writing at 0x0008eaa6... (52 %)
Writing at 0x00095188... (55 %)
Writing at 0x0009ac6c... (57 %)
Writing at 0x000a0533... (60 %)
Writing at 0x000a6325... (63 %)
Writing at 0x000acaff... (65 %)
Writing at 0x000b2c20... (68 %)
Writing at 0x000b8b73... (71 %)
Writing at 0x000beec8... (73 %)
Writing at 0x000c483b... (76 %)
Writing at 0x000ca09d... (78 %)
Writing at 0x000d0030... (81 %)
Writing at 0x000d5fa6... (84 %)
Writing at 0x000dc98b... (86 %)
Writing at 0x000e3d50... (89 %)
Writing at 0x000ea21c... (92 %)
Writing at 0x000f002f... (94 %)
Writing at 0x000f65ae... (97 %)
Writing at 0x000fc3fe... (100 %)
Wrote 1038320 bytes (609147 compressed) at 0x00000000 in 19.5 seconds (effective 426.5 kbit/s)...
Hash of data verified.

Leaving...
Hard resetting via RTS pin...
Build:Feb  7 2021
rst:0x1 (POWERON),boot:0xc (SPI_FAST_FLASH_BOOT)
SPIWP:0xee
mode:DIO, clock div:1
load:0x3fcd5820,len:0x1738
load:0x403cc710,len:0xb9c
load:0x403ce710,len:0x2ec8
entry 0x403cc71a
[0;32mI (30) boot: ESP-IDF v5.3 2nd stage bootloader[0m
[0;32mI (30) boot: compile time Oct  3 2024 08:09:34[0m
[0;32mI (30) boot: chip revision: v0.3[0m
[0;32mI (33) boot.esp32c3: SPI Speed      : 80MHz[0m
[0;32mI (38) boot.esp32c3: SPI Mode       : DIO[0m
[0;32mI (43) boot.esp32c3: SPI Flash Size : 4MB[0m
[0;32mI (47) boot: Enabling RNG early entropy source...[0m
[0;32mI (53) boot: Partition Table:[0m
[0;32mI (56) boot: ## Label            Usage          Type ST Offset   Length[0m
[0;32mI (64) boot:  0 nvs              WiFi data        01 02 00009000 00006000[0m
[0;32mI (71) boot:  1 phy_init         RF data          01 01 0000f000 00001000[0m
[0;32mI (78) boot:  2 factory          factory app      00 00 00010000 00100000[0m
[0;32mI (86) boot: End of partition table[0m
[0;32mI (90) esp_image: segment 0: paddr=00010020 vaddr=3c0b0020 size=2c88ch (182412) map[0m
[0;32mI (127) esp_image: segment 1: paddr=0003c8b4 vaddr=3fc92800 size=02fb8h ( 12216) load[0m
[0;32mI (130) esp_image: segment 2: paddr=0003f874 vaddr=40380000 size=007a4h (  1956) load[0m
[0;32mI (133) esp_image: segment 3: paddr=00040020 vaddr=42000020 size=ab7fch (702460) map[0m
[0;32mI (251) esp_image: segment 4: paddr=000eb824 vaddr=403807a4 size=11f9ch ( 73628) load[0m
[0;32mI (271) boot: Loaded app from partition at offset 0x10000[0m
[0;32mI (271) boot: Disabling RNG early entropy source...[0m
[0;32mI (283) cpu_start: Unicore app[0m
[0;32mI (291) cpu_start: Pro cpu start user code[0m
[0;32mI (291) cpu_start: cpu freq: 160000000 Hz[0m
[0;32mI (292) app_init: Application information:[0m
[0;32mI (294) app_init: Project name:     test[0m
[0;32mI (299) app_init: App version:      c9bf2e9-dirty[0m
[0;32mI (304) app_init: Compile time:     Oct  3 2024 08:09:38[0m
[0;32mI (310) app_init: ELF file SHA256:  d1b737ea5...[0m
[0;32mI (316) app_init: ESP-IDF:          v5.3[0m
[0;32mI (320) efuse_init: Min chip rev:     v0.3[0m
[0;32mI (325) efuse_init: Max chip rev:     v1.99 [0m
[0;32mI (330) efuse_init: Chip rev:         v0.3[0m
[0;32mI (335) heap_init: Initializing. RAM available for dynamic allocation:[0m
[0;32mI (342) heap_init: At 3FC9D540 len 00022AC0 (138 KiB): RAM[0m
[0;32mI (348) heap_init: At 3FCC0000 len 0001C710 (113 KiB): Retention RAM[0m
[0;32mI (355) heap_init: At 3FCDC710 len 00002950 (10 KiB): Retention RAM[0m
[0;32mI (362) heap_init: At 50000200 len 00001DE8 (7 KiB): RTCRAM[0m
[0;32mI (369) spi_flash: detected chip: generic[0m
[0;32mI (373) spi_flash: flash io: dio[0m
[0;32mI (377) sleep: Configure to isolate all GPIO pins in sleep state[0m
[0;32mI (384) sleep: Enable automatic switching of GPIO sleep configuration[0m
[0;32mI (391) main_task: Started on CPU0[0m
[0;32mI (411) main_task: Calling app_main()[0m
[5n
Type 'help' to get the list of commands.
Use UP/DOWN arrows to navigate through command history.
Press TAB when typing command name to auto-complete.

Your terminal application does not support escape sequences.

Line editing and history features are disabled.

On Windows, try using Putty instead.
esp32> [0;33mW (921) hil_test: WiFi and Golioth credentials are not set. Use the shell settings commands to set them.[0m

esp32> 
esp32> 
esp32> 
esp32> settings set wifi/ssid "***JONS_ORANGE_PI_WIFI_SSID***"
Setting wifi/ssid saved
esp32> 
esp32> 
esp32> 
esp32> 
esp32> 
esp32> settings set wifi/psk "***JONS_ORANGE_PI_WIFI_PSK***"
Setting wifi/psk saved
es::add-mask::generated-nhnUEeHXnGmunpXk
p32> 
esp32> 
esp32> 
esp32> 
esp32> 
esp32> settings set golioth/psk-id "generated-nhnUEeHXnGmunpXk@firmware_ci"
Setting golioth/psk-id saved
esp32> 
esp32> 
esp32> 
esp32> 
esp32> 
esp32> settings set golioth/psk "generated-nhnUEeHXnGmunpXk"
Setting golioth/psk saved
esp32> 
esp32> [0;32mI (16951) pp: pp rom version: 9387209[0m
[0;32mI (16951) net80211: net80211 rom version: 9387209[0m
[0;32mI (16961) wifi_init: rx ba win: 6[0m
[0;32mI (16961) wifi_init: accept mbox: 6[0m
[0;32mI (16961) wifi_init: tcpip mbox: 32[0m
[0;32mI (16961) wifi_init: udp mbox: 6[0m
[0;32mI (16971) wifi_init: tcp mbox: 6[0m
[0;32mI (16971) wifi_init: tcp tx win: 5760[0m
[0;32mI (16981) wifi_init: tcp rx win: 5760[0m
[0;32mI (16981) wifi_init: tcp mss: 1440[0m
[0;32mI (16981) wifi_init: WiFi IRAM OP enabled[0m
[0;32mI (16991) wifi_init: WiFi RX IRAM OP enabled[0m
[0;32mI (16991) phy_init: phy_version 1180,01f2a49,Jun  4 2024,16:34:25[0m
[0;33mW (17011) phy_init: failed to load RF calibration data (0x1102), falling back to full calibration[0m
[0;33mW (17051) phy_init: saving new calibration data because of checksum failure, mode(2)[0m
[0;32mI (18431) esp_netif_handlers: sta ip: 192.168.8.141, mask: 255.255.255.0, gw: 192.168.8.1[0m
[0;32mI (18431) example_wifi: WiFi Connected. Got IP:192.168.8.141[0m
[0;32mI (18441) example_wifi: Connected to AP SSID: ***JONS_ORANGE_PI_WIFI_SSID***[0m
[0;32mI (18441) golioth_mbox: Mbox created, bufsize: 2520, num_items: 20, item_size: 120[0m
[0;32mI (18471) golioth_coap_client_libcoap: Start CoAP session with host: coaps://coap.golioth.io[0m
[0;32mI (18471) golioth_coap_client_libcoap: Session PSK-ID: generated-nhnUEeHXnGmunpXk@firmware_ci[0m
[0;32mI (18481) libcoap: Setting PSK key
[0m
[0;32mI (18491) golioth_coap_client_libcoap: Entering CoAP I/O loop[0m
[0;32mI (18951) golioth_coap_client_libcoap: Golioth CoAP client connected[0m
[0;32mI (19441) test_settings: Received test_float: 1.230000[0m
[0;32mI (19441) test_settings: Received test_int_range: 1[0m
[0;32mI (19441) test_settings: Received test_cancel: 0[0m
[0;32mI (19461) test_settings: Received test_int: 1[0m
[0;32mI (19461) test_settings: Received test_string: foo[0m
[0;32mI (19471) test_settings: Received test_bool: false[0m
[0;32mI (19471) test_settings: Received test_restart: false[0m
[0;32mI (19971) test_settings: Received test_bool: false[0m
[0;32mI (19971) test_settings: Received test_float: 1.230000[0m
[0;32mI (19971) test_settings: Received test_cancel: 0[0m
[0;32mI (19991) test_settings: Received test_int: 1[0m
[0;32mI (19991) test_settings: Received test_int_range: 1[0m
[0;32mI (20001) test_settings: Received test_string: foo[0m
[0;32mI (20001) test_settings: Received test_restart: false[0m
[0;31mE (20011) golioth_settings: Failed to send a response to server: 10[0m
[0;32mI (20671) test_settings: Received test_bool: false[0m
[0;32mI (20671) test_settings: Received test_cancel: 0[0m
[0;32mI (20671) test_settings: Received test_int_range: 1[0m
[0;32mI (20681) test_settings: Received test_string: foo[0m
[0;32mI (20691) test_settings: Received test_float: 1.230000[0m
[0;32mI (20701) test_settings: Received test_int: 1[0m
[0;32mI (20701) test_settings: Received test_restart: false[0m
[0;31mE (20711) golioth_settings: Failed to send a response to server: 10[0m
[0;32mI (21491) test_settings: Received test_restart: false[0m
[0;32mI (21491) test_settings: Received test_int: 1[0m
[0;32mI (21491) test_settings: Received test_int_range: 1[0m
[0;32mI (21501) test_settings: Received test_string: foo[0m
[0;32mI (21501) test_settings: Received test_bool: false[0m
[0;32mI (21511) test_settings: Received test_float: 1.230000[0m
[0;32mI (21511) test_settings: Received test_cancel: 0[0m
[0;31mE (21521) golioth_settings: Failed to send a response to server: 10[0m
[0;32mI (22101) test_settings: Received test_int: 42[0m
[0;3