Warning: Deprecated: Command 'write_flash' is deprecated. Use 'write-flash' instead.
esptool v5.1.0
Serial port /dev/serial/by-id/usb-Silicon_Labs_CP2102N_USB_to_UART_Bridge_Controller_32bb9445d244ed11ac1dcec90a86e0b4-if00-port0:
Connecting...
Detecting chip type... ESP32-S3
Connected to ESP32-S3 on /dev/serial/by-id/usb-Silicon_Labs_CP2102N_USB_to_UART_Bridge_Controller_32bb9445d244ed11ac1dcec90a86e0b4-if00-port0:
Chip type:          ESP32-S3 (QFN56) (revision v0.2)
Features:           Wi-Fi, BT 5 (LE), Dual Core + LP Core, 240MHz, Embedded PSRAM 2MB (AP_3v3)
Crystal frequency:  40MHz
MAC:                48:27:e2:15:4f:74

Uploading stub flasher...
Running stub flasher...
Stub flasher running.
Changing baud rate to 460800...
Changed.

Configuring flash size...
Erasing flash memory (this may take a while)...
Flash memory erased successfully in 16.1 seconds.
Compressed 968032 bytes to 601703...
Writing at 0x00000000 [                              ]   0.0% 0/601703 bytes... 
Writing at 0x000115dd [                              ]   2.7% 16384/601703 bytes... 
Writing at 0x0001e77f [>                             ]   5.4% 32768/601703 bytes... 
Writing at 0x0002a694 [=>                            ]   8.2% 49152/601703 bytes... 
Writing at 0x00033d6a [==>                           ]  10.9% 65536/601703 bytes... 
Writing at 0x0003cd31 [===>                          ]  13.6% 81920/601703 bytes... 
Writing at 0x00042ebd [===>                          ]  16.3% 98304/601703 bytes... 
Writing at 0x000486cf [====>                         ]  19.1% 114688/601703 bytes... 
Writing at 0x0004e38e [=====>                        ]  21.8% 131072/601703 bytes... 
Writing at 0x00053ba7 [======>                       ]  24.5% 147456/601703 bytes... 
Writing at 0x00058f24 [=======>                      ]  27.2% 163840/601703 bytes... 
Writing at 0x0005e223 [=======>                      ]  30.0% 180224/601703 bytes... 
Writing at 0x00063e1f [========>                     ]  32.7% 196608/601703 bytes... 
Writing at 0x00068ec9 [=========>                    ]  35.4% 212992/601703 bytes... 
Writing at 0x0006e05d [==========>                   ]  38.1% 229376/601703 bytes... 
Writing at 0x00073436 [===========>                  ]  40.8% 245760/601703 bytes... 
Writing at 0x0007856c [============>                 ]  43.6% 262144/601703 bytes... 
Writing at 0x0007d944 [============>                 ]  46.3% 278528/601703 bytes... 
Writing at 0x00082d85 [=============>                ]  49.0% 294912/601703 bytes... 
Writing at 0x0008840d [==============>               ]  51.7% 311296/601703 bytes... 
Writing at 0x0008d976 [===============>              ]  54.5% 327680/601703 bytes... 
Writing at 0x00092a5e [================>             ]  57.2% 344064/601703 bytes... 
Writing at 0x00097a5a [================>             ]  59.9% 360448/601703 bytes... 
Writing at 0x0009cf7a [=================>            ]  62.6% 376832/601703 bytes... 
Writing at 0x000a2129 [==================>           ]  65.4% 393216/601703 bytes... 
Writing at 0x000a7343 [===================>          ]  68.1% 409600/601703 bytes... 
Writing at 0x000ac6fe [====================>         ]  70.8% 425984/601703 bytes... 
Writing at 0x000b1fa3 [=====================>        ]  73.5% 442368/601703 bytes... 
Writing at 0x000b6f84 [=====================>        ]  76.2% 458752/601703 bytes... 
Writing at 0x000bc641 [======================>       ]  79.0% 475136/601703 bytes... 
Writing at 0x000c1c8a [=======================>      ]  81.7% 491520/601703 bytes... 
Writing at 0x000c93f7 [========================>     ]  84.4% 507904/601703 bytes... 
Writing at 0x000d0692 [=========================>    ]  87.1% 524288/601703 bytes... 
Writing at 0x000d7635 [=========================>    ]  89.9% 540672/601703 bytes... 
Writing at 0x000dcf0b [==========================>   ]  92.6% 557056/601703 bytes... 
Writing at 0x000e28d6 [===========================>  ]  95.3% 573440/601703 bytes... 
Writing at 0x000e83b9 [============================> ]  98.0% 589824/601703 bytes... 
Writing at 0x000ec560 [==============================] 100.0% 601703/601703 bytes... 
Wrote 968032 bytes (601703 compressed) at 0x00000000 in 17.8 seconds (435.0 kbit/s).
Hash of data verified.

Hard resetting via RTS pin...
Build:Mar 27 2021
rst:0x1 (POWERON),boot:0x8 (SPI_FAST_FLASH_BOOT)
SPIWP:0xee
mode:DIO, clock div:1
load:0x3fce2810,len:0x15a0
load:0x403c8700,len:0x4
load:0x403c8704,len:0xd20
load:0x403cb700,len:0x2f58
entry 0x403c8928
I (27) boot: ESP-IDF v5.4.1 2nd stage bootloader
I (27) boot: compile time Oct 21 2025 18:52:49
I (27) boot: Multicore bootloader
I (27) boot: chip revision: v0.2
I (30) boot: efuse block revision: v1.2
I (33) boot.esp32s3: Boot SPI Speed : 80MHz
I (37) boot.esp32s3: SPI Mode       : DIO
I (41) boot.esp32s3: SPI Flash Size : 4MB
I (45) boot: Enabling RNG early entropy source...
I (49) boot: Partition Table:
I (52) boot: ## Label            Usage          Type ST Offset   Length
I (58) boot:  0 nvs              WiFi data        01 02 00009000 00006000
I (65) boot:  1 phy_init         RF data          01 01 0000f000 00001000
I (71) boot:  2 factory          factory app      00 00 00010000 00100000
I (78) boot: End of partition table
I (81) esp_image: segment 0: paddr=00010020 vaddr=3c0a0020 size=24a20h (150048) map
I (115) esp_image: segment 1: paddr=00034a48 vaddr=3fc99400 size=04bc0h ( 19392) load
I (119) esp_image: segment 2: paddr=00039610 vaddr=40374000 size=06a08h ( 27144) load
I (125) esp_image: segment 3: paddr=00040020 vaddr=42000020 size=9db48h (645960) map
I (240) esp_image: segment 4: paddr=000ddb70 vaddr=4037aa08 size=0e99ch ( 59804) load
I (253) esp_image: segment 5: paddr=000ec514 vaddr=600fe100 size=0001ch (    28) load
I (262) boot: Loaded app from partition at offset 0x10000
I (262) boot: Disabling RNG early entropy source...
I (272) cpu_start: Multicore app
I (281) cpu_start: Pro cpu start user code
I (281) cpu_start: cpu freq: 160000000 Hz
I (281) app_init: Application information:
I (281) app_init: Project name:     test
I (285) app_init: App version:      ba5a1e4-dirty
I (289) app_init: Compile time:     Oct 21 2025 18:52:42
I (294) app_init: ELF file SHA256:  7ce3c1db5...
I (299) app_init: ESP-IDF:          v5.4.1
I (303) efuse_init: Min chip rev:     v0.0
I (306) efuse_init: Max chip rev:     v0.99 
I (310) efuse_init: Chip rev:         v0.2
I (314) heap_init: Initializing. RAM available for dynamic allocation:
I (321) heap_init: At 3FCA5338 len 000443D8 (272 KiB): RAM
I (326) heap_init: At 3FCE9710 len 00005724 (21 KiB): RAM
I (331) heap_init: At 3FCF0000 len 00008000 (32 KiB): DRAM
I (336) heap_init: At 600FE11C len 00001ECC (7 KiB): RTCRAM
I (342) spi_flash: detected chip: generic
I (345) spi_flash: flash io: dio
W (348) spi_flash: Detected size(8192k) larger than the size in the binary image header(4096k). Using the size in the binary image header.
I (360) sleep_gpio: Configure to isolate all GPIO pins in sleep state
I (367) sleep_gpio: Enable automatic switching of GPIO sleep configuration
I (373) main_task: Started on CPU0
I (393) main_task: Calling app_main()
[5n
Type 'help' to get the list of commands.
Use UP/DOWN arrows to navigate through command history.
Press TAB when typing command name to auto-complete.

Your terminal application does not support escape sequences.

Line editing and history features are disabled.

On Windows, try using Putty instead.
esp32> W (903) hil_test: WiFi and Golioth credentials are not set. Use the shell settings commands to set them.

esp32> 
esp32> 
esp32> 
esp32> settings set wifi/ssid "***SAMS_ORANGE_PI_WIFI_SSID***"
Setting wifi/ssid saved
esp32> 
esp32> 
esp32> 
esp32> 
esp32> 
esp32> settings set wifi/psk "***SAMS_ORANGE_PI_WIFI_PSK***"
Setting wifi/psk saved
esp32> 
esp32> ::add-mask::generated-TJezzjoGGtGngvlr

esp32> 
esp32> 
esp32> 
esp32> settings set golioth/psk-id "generated-TJezzjoGGtGngvlr@firmware_ci"
Setting golioth/psk-id saved
esp32> 
esp32> 
esp32> 
esp32> 
esp32> 
esp32> settings set golioth/psk "generated-TJezzjoGGtGngvlr"
Setting golioth/psk saved
esp32> 
esp32> I (10933) pp: pp rom version: e7ae62f
I (10933) net80211: net80211 rom version: e7ae62f
I (10953) wifi_init: rx ba win: 6
I (10953) wifi_init: accept mbox: 6
I (10953) wifi_init: tcpip mbox: 32
I (10953) wifi_init: udp mbox: 6
I (10953) wifi_init: tcp mbox: 6
I (10963) wifi_init: tcp tx win: 5760
I (10963) wifi_init: tcp rx win: 5760
I (10963) wifi_init: tcp mss: 1440
I (10963) wifi_init: WiFi IRAM OP enabled
I (10983) wifi_init: WiFi RX IRAM OP enabled
I (10983) phy_init: phy_version 700,8582a7fd,Feb 10 2025,20:13:11
W (10983) phy_init: failed to load RF calibration data (0x1102), falling back to full calibration
I (11023) phy_init: Saving new calibration data due to checksum failure or outdated calibration data, mode(2)
I (13123) esp_netif_handlers: sta ip: 192.168.0.114, mask: 255.255.255.0, gw: 192.168.0.1
I (13123) example_wifi: WiFi Connected. Got IP:192.168.0.114
I (13123) example_wifi: Connected to AP SSID: ***SAMS_ORANGE_PI_WIFI_SSID***
I (13133) golioth_mbox: Mbox created, bufsize: 2688, num_items: 20, item_size: 128
I (13163) golioth_coap_client_libcoap: Start CoAP session with host: coaps://coap.golioth.io
I (13163) golioth_coap_client_libcoap: Session PSK-ID: generated-TJezzjoGGtGngvlr@firmware_ci
I (13183) libcoap: Setting PSK key

I (13193) golioth_coap_client_libcoap: Entering CoAP I/O loop
I (13643) golioth_coap_client_libcoap: Golioth CoAP client connected
I (13693) test_settings: Received test_bool: false
I (13693) test_settings: Received test_cancel: 0
I (13693) test_settings: Received test_int: 1
I (13693) test_settings: Received test_restart: false
I (13703) test_settings: Received test_int_range: 1
I (13703) test_settings: Received test_string: foo
I (13703) test_settings: Received test_float: 1.230000
I (13773) test_settings: Received test_cancel: 0
I (13773) test_settings: Received test_int: 1
I (13773) test_settings: Received test_int_range: 1
I (13773) test_settings: Received test_bool: false
I (13783) test_settings: Received test_restart: false
I (13783) test_settings: Received test_string: foo
I (13783) test_settings: Received test_float: 1.230000
E (13803) golioth_settings: Failed to send a response to server: 10
I (13863) test_settings: Received test_float: 1.230000
I (13863) test_settings: Received test_restart: false
I (13863) test_settings: Received test_string: foo
I (13863) test_settings: Received test_bool: false
I (13873) test_settings: Received test_cancel: 0
I (13873) test_settings: Received test_int: 1
I (13873) test_settings: Received test_int_range: 1
E (13893) golioth_settings: Failed to send a response to server: 10
I (13953) test_settings: Received test_restart: false
I (13953) test_settings: Received test_string: foo
I (13953) test_settings: Received test_cancel: 0
I (13953) test_settings: Received test_int: 1
I (13963) test_settings: Received test_bool: false
I (13963) test_settings: Received test_float: 1.230000
I (13963) test_settings: Received test_int_range: 1
E (13983) golioth_settings: Failed to send a response to server: 10
I (14023) test_settings: Received test_bool: false
I (14033) test_settings: Received test_int: 1
I (14033) test_settings: Received test_int_range: 1
I (14033) test_settings: Received test_string: foo
I (14043) test_settings: Received test_float: 1.230000
I (14043) test_settings: Received test_restart: false
I (14043) test_settings: Received test_cancel: 0
E (14053) golioth_settings: Failed to send a response to server: 10
I (14103) test_settings: Received test_bool: false
I (14103) test_settings: Received test_string: foo
I (14103) test_settings: Received test_float: 1.230000
I (14113) test_settings: Received test_int: 1
I (14123) test_settings: Received test_int_range: 1
I (14123) test_settings: Received test_cancel: 0
I (14123) test_settings: Received test_restart: false
E (14133) golioth_settings: Failed to send a response to server: 10
I (14183) test_settings: Received test_float: 1.230000
I (14183) test_settings: Received test_restart: false
I (14183) test_settings: Received test_int_range: 1
I (14183) test_settings: Received test_string: foo
I (14203) test_settings: Received test_bool: false
I (14203) test_settings: Received test_cancel: 0
I (14203) test_settings: Received test_int: 1
E (14213) golioth_settings: Failed to send a response to server: 10
I (14263) test_settings: Received test_bool: false
I (14263) test_settings: Received test_int_range: 1
I (14263) test_settings: Received test_cancel: 0
I (14273) test_settings: Received test_restart: false
I (14283) test_settings: Received test_string: foo
I (14283) test_settings: Received test_float: 1.230000
I (14283) test_settings: Received test_int: 1
E (14293) golioth_settings: Failed to send a response to server: 10
I (14343) test_settings: Received test_float: 1.230000
I (14343) test_settings: Received test_bool: false
I (14343) test_settings: Received test_int_range: 1
I (14343) test_settings: Received test_string: foo
I (14353) test_settings: Received test_cancel: 0
I (14353) test_settings: Received test_restart: false
I (14353) test_settings: Received test_int: 1
E (14373) golioth_settings: Failed to send a response to server: 10
I (18643) test_settings: Settings registration complete
I (19683) test_settings: Received test_int: 42
I (19683) test_s