esptool.py v4.9.0
Serial port /dev/serial/by-id/usb-Silicon_Labs_CP2102N_USB_to_UART_Bridge_Controller_08bd8600facfec119c501d2686bdcd52-if00-port0
Connecting....
Detecting chip type... ESP32-S3
Chip is ESP32-S3 (QFN56) (revision v0.1)
Features: WiFi, BLE, Embedded PSRAM 8MB (AP_3v3)
Crystal is 40MHz
MAC: 34:85:18:6d:04:5c
Uploading stub...
Running stub...
Stub running...
Changing baud rate to 460800
Changed.
Configuring flash size...
Erasing flash (this may take a while)...
Chip erase completed successfully in 1.4 seconds.
Compressed 968032 bytes to 601703...
Writing at 0x00000000... (2 %)
Writing at 0x000115dc... (5 %)
Writing at 0x0001e784... (8 %)
Writing at 0x0002a694... (10 %)
Writing at 0x00033d6a... (13 %)
Writing at 0x0003cd36... (16 %)
Writing at 0x00042ec0... (18 %)
Writing at 0x000486cf... (21 %)
Writing at 0x0004e390... (24 %)
Writing at 0x00053ba7... (27 %)
Writing at 0x00058f24... (29 %)
Writing at 0x0005e223... (32 %)
Writing at 0x00063e1f... (35 %)
Writing at 0x00068ec9... (37 %)
Writing at 0x0006e05c... (40 %)
Writing at 0x00073433... (43 %)
Writing at 0x0007856a... (45 %)
Writing at 0x0007d943... (48 %)
Writing at 0x00082d84... (51 %)
Writing at 0x0008840d... (54 %)
Writing at 0x0008d976... (56 %)
Writing at 0x00092a5a... (59 %)
Writing at 0x00097a59... (62 %)
Writing at 0x0009cf79... (64 %)
Writing at 0x000a2128... (67 %)
Writing at 0x000a7342... (70 %)
Writing at 0x000ac6f9... (72 %)
Writing at 0x000b1fa0... (75 %)
Writing at 0x000b6f83... (78 %)
Writing at 0x000bc640... (81 %)
Writing at 0x000c1c89... (83 %)
Writing at 0x000c93f6... (86 %)
Writing at 0x000d0691... (89 %)
Writing at 0x000d7634... (91 %)
Writing at 0x000dcf0a... (94 %)
Writing at 0x000e28d4... (97 %)
Writing at 0x000e83b7... (100 %)
Wrote 968032 bytes (601703 compressed) at 0x00000000 in 13.9 seconds (effective 556.0 kbit/s)...
Hash of data verified.

Leaving...
Hard resetting via RTS pin...
ESP-ROM:esp32s3-20210327
Build:Mar 27 2021
rst:0x1 (POWERON),boot:0x8 (SPI_FAST_FLASH_BOOT)
SPIWP:0xee
mode:DIO, clock div:1
load:0x3fce2810,len:0x15a0
load:0x403c8700,len:0x4
load:0x403c8704,len:0xd20
load:0x403cb700,len:0x2f58
entry 0x403c8928
I (27) boot: ESP-IDF v5.4.1 2nd stage bootloader
I (27) boot: compile time Oct  6 2025 15:33:08
I (27) boot: Multicore bootloader
I (27) boot: chip revision: v0.1
I (30) boot: efuse block revision: v1.2
I (33) boot.esp32s3: Boot SPI Speed : 80MHz
I (37) boot.esp32s3: SPI Mode       : DIO
I (41) boot.esp32s3: SPI Flash Size : 4MB
I (45) boot: Enabling RNG early entropy source...
I (49) boot: Partition Table:
I (52) boot: ## Label            Usage          Type ST Offset   Length
I (58) boot:  0 nvs              WiFi data        01 02 00009000 00006000
I (65) boot:  1 phy_init         RF data          01 01 0000f000 00001000
I (71) boot:  2 factory          factory app      00 00 00010000 00100000
I (78) boot: End of partition table
I (81) esp_image: segment 0: paddr=00010020 vaddr=3c0a0020 size=24a20h (150048) map
I (115) esp_image: segment 1: paddr=00034a48 vaddr=3fc99400 size=04bc0h ( 19392) load
I (119) esp_image: segment 2: paddr=00039610 vaddr=40374000 size=06a08h ( 27144) load
I (125) esp_image: segment 3: paddr=00040020 vaddr=42000020 size=9db48h (645960) map
I (240) esp_image: segment 4: paddr=000ddb70 vaddr=4037aa08 size=0e99ch ( 59804) load
I (253) esp_image: segment 5: paddr=000ec514 vaddr=600fe100 size=0001ch (    28) load
I (262) boot: Loaded app from partition at offset 0x10000
I (262) boot: Disabling RNG early entropy source...
I (272) cpu_start: Multicore app
I (281) cpu_start: Pro cpu start user code
I (281) cpu_start: cpu freq: 160000000 Hz
I (282) app_init: Application information:
I (282) app_init: Project name:     test
I (285) app_init: App version:      9c7a500-dirty
I (290) app_init: Compile time:     Oct  6 2025 15:33:02
I (295) app_init: ELF file SHA256:  0a2c6b4b5...
I (299) app_init: ESP-IDF:          v5.4.1
I (303) efuse_init: Min chip rev:     v0.0
I (307) efuse_init: Max chip rev:     v0.99 
I (311) efuse_init: Chip rev:         v0.1
I (314) heap_init: Initializing. RAM available for dynamic allocation:
I (321) heap_init: At 3FCA5338 len 000443D8 (272 KiB): RAM
I (326) heap_init: At 3FCE9710 len 00005724 (21 KiB): RAM
I (331) heap_init: At 3FCF0000 len 00008000 (32 KiB): DRAM
I (336) heap_init: At 600FE11C len 00001ECC (7 KiB): RTCRAM
I (342) spi_flash: detected chip: gd
I (345) spi_flash: flash io: dio
W (348) spi_flash: Detected size(8192k) larger than the size in the binary image header(4096k). Using the size in the binary image header.
I (360) sleep_gpio: Configure to isolate all GPIO pins in sleep state
I (366) sleep_gpio: Enable automatic switching of GPIO sleep configuration
I (373) main_task: Started on CPU0
I (393) main_task: Calling app_main()
[5n
Type 'help' to get the list of commands.
Use UP/DOWN arrows to navigate through command history.
Press TAB when typing command name to auto-complete.

Your terminal application does not support escape sequences.

Line editing and history features are disabled.

On Windows, try using Putty instead.
esp32> W (903) hil_test: WiFi and Golioth credentials are not set. Use the shell settings commands to set them.

esp32> 
esp32> 
esp32> 
esp32> settings set wifi/ssid "***MIKES_ORANGE_PI_WIFI_SSID***"
Setting wifi/ssid saved
esp32> 
esp32> 
esp32> 
esp32> 
esp32> 
esp32> settings set wifi/psk "***MIKES_ORANGE_PI_WIFI_PSK***"
Setting wifi/psk saved
esp32> 
esp32> ::add-mask::generated-TgmtkcGDxfRecVww

esp32> 
esp32> 
esp32> 
esp32> settings set golioth/psk-id "generated-TgmtkcGDxfRecVww@firmware_ci"
Setting golioth/psk-id saved
esp32> 
esp32> 
esp32> 
esp32> 
esp32> 
esp32> settings set golioth/psk "generated-TgmtkcGDxfRecVww"
Setting golioth/psk saved
esp32> 
esp32> I (15933) pp: pp rom version: e7ae62f
I (15933) net80211: net80211 rom version: e7ae62f
I (15953) wifi_init: rx ba win: 6
I (15953) wifi_init: accept mbox: 6
I (15953) wifi_init: tcpip mbox: 32
I (15953) wifi_init: udp mbox: 6
I (15953) wifi_init: tcp mbox: 6
I (15963) wifi_init: tcp tx win: 5760
I (15963) wifi_init: tcp rx win: 5760
I (15963) wifi_init: tcp mss: 1440
I (15963) wifi_init: WiFi IRAM OP enabled
I (15983) wifi_init: WiFi RX IRAM OP enabled
I (15983) phy_init: phy_version 700,8582a7fd,Feb 10 2025,20:13:11
W (15983) phy_init: failed to load RF calibration data (0x1102), falling back to full calibration
I (16023) phy_init: Saving new calibration data due to checksum failure or outdated calibration data, mode(2)
I (18213) esp_netif_handlers: sta ip: 192.168.8.234, mask: 255.255.255.0, gw: 192.168.8.1
I (18213) example_wifi: WiFi Connected. Got IP:192.168.8.234
I (18213) example_wifi: Connected to AP SSID: ***MIKES_ORANGE_PI_WIFI_SSID***
I (18223) golioth_mbox: Mbox created, bufsize: 2688, num_items: 20, item_size: 128
I (18233) golioth_coap_client_libcoap: Start CoAP session with host: coaps://coap.golioth.io
I (18243) golioth_coap_client_libcoap: Session PSK-ID: generated-TgmtkcGDxfRecVww@firmware_ci
I (18263) libcoap: Setting PSK key

I (18263) golioth_coap_client_libcoap: Entering CoAP I/O loop
I (18813) golioth_coap_client_libcoap: Golioth CoAP client connected
I (18933) test_settings: Received test_int_range: 1
I (18933) test_settings: Received test_restart: false
I (18933) test_settings: Received test_string: foo
I (18933) test_settings: Received test_cancel: 0
I (18943) test_settings: Received test_bool: false
I (18943) test_settings: Received test_float: 1.230000
I (18953) test_settings: Received test_int: 1
I (19163) test_settings: Received test_cancel: 0
I (19163) test_settings: Received test_int_range: 1
I (19163) test_settings: Received test_restart: false
I (19173) test_settings: Received test_bool: false
I (19183) test_settings: Received test_float: 1.230000
I (19183) test_settings: Received test_string: foo
I (19183) test_settings: Received test_int: 1
E (19193) golioth_settings: Failed to send a response to server: 10
I (19373) test_settings: Received test_bool: false
I (19373) test_settings: Received test_cancel: 0
I (19373) test_settings: Received test_int_range: 1
I (19373) test_settings: Received test_restart: false
I (19383) test_settings: Received test_string: foo
I (19383) test_settings: Received test_float: 1.230000
I (19383) test_settings: Received test_int: 1
E (19403) golioth_settings: Failed to send a response to server: 10
I (19573) test_settings: Received test_cancel: 0
I (19573) test_settings: Received test_restart: false
I (19573) test_settings: Received test_bool: false
I (19583) test_settings: Received test_string: foo
I (19593) test_settings: Received test_float: 1.230000
I (19593) test_settings: Received test_int: 1
I (19593) test_settings: Received test_int_range: 1
E (19603) golioth_settings: Failed to send a response to server: 10
I (19783) test_settings: Received test_restart: false
I (19783) test_settings: Received test_string: foo
I (19783) test_settings: Received test_bool: false
I (19783) test_settings: Received test_int: 1
I (19793) test_settings: Received test_int_range: 1
I (19793) test_settings: Received test_cancel: 0
I (19793) test_settings: Received test_float: 1.230000
E (19813) golioth_settings: Failed to send a response to server: 10
I (19933) test_settings: Received test_float: 1.230000
I (19933) test_settings: Received test_int_range: 1
I (19933) test_settings: Received test_cancel: 0
I (19933) test_settings: Received test_string: foo
I (19953) test_settings: Received test_restart: false
I (19953) test_settings: Received test_bool: false
I (19953) test_settings: Received test_int: 1
E (19963) golioth_settings: Failed to send a response to server: 10
I (20193) test_settings: Received test_cancel: 0
I (20193) test_settings: Received test_int: 1
I (20193) test_settings: Received test_restart: false
I (20193) test_settings: Received test_string: foo
I (20203) test_settings: Received test_bool: false
I (20203) test_settings: Received test_float: 1.230000
I (20203) test_settings: Received test_int_range: 1
E (20223) golioth_settings: Failed to send a response to server: 10
I (20393) test_settings: Received test_int: 1
I (20393) test_settings: Received test_restart: false
I (20393) test_settings: Received test_cancel: 0
I (20393) test_settings: Received test_float: 1.230000
I (20413) test_settings: Received test_string: foo
I (20413) test_settings: Received test_bool: false
I (20413) test_settings: Received test_int_range: 1
E (20423) golioth_settings: Failed to send a response to server: 10
I (20603) test_settings: Received test_float: 1.230000
I (20603) test_settings: Received test_bool: false
I (20603) test_settings: Received test_int_range: 1
I (20603) test_settings: Received test_restart: false
I (20613) test_settings: Received test_cancel: 0
I (20613) test_settings: Received test_int: 1
I (20613) test_settings: Received test_string: foo
E (20623) golioth_settings: Failed to send a response to server: 10
I (23813) test_settings: Settings registration complete
I (23813) test_settings: Received test_bool: false
I (23813) test_settings: Received test_restart: false
I (23813) test_settings: Received test_string: foo
I (23833) test_settings: Received test_int: 1
I (23833) test_settings: Received test_cancel: 0
I (23833) test_settings: Received test_float: 1.230000
I (23833) test_settings: Received test_int_range: 1
I (24293) test_settings: Received test_cancel: 0
I (24293) test_settings: Received test_int: 1
I (24293) test_settings: Received test_restart: false
I (24293) test_settings: Received test_int_range: 1
I (24303) test_settings: Received test_bool: false
I (24313) test_settings: Received test_float: 1.230000
I (24313) test_settings: Received test_string: foo
I (25103) test_settings: Received test_int_range: 1
I (25103) test_settings: Received test_string: foo
I (25103) test_settings: Received test_int: 1
I (25113) test_settings: Received test_restart: false
I (25123) test_settings: Received test_cancel: 0
I (25123) test_settings: Received test_bool: false
I (25123) test_settings: Received test_float: 1.230000
I (25313) test_settings: Received test_bool: false
I (25313) test_settings: Received test_string: foo
I (25313) test_settings: Received test_cancel: 0
I (25313) test_settings: Received test_float: 1.230000
I (25333) test_settings: Received test_int: 42