esptool.py v4.9.0
Serial port /dev/serial/by-id/usb-Silicon_Labs_CP2102N_USB_to_UART_Bridge_Controller_ca317d585c76eb11ba0a87abb7be2ba5-if00-port0
Connecting....
Detecting chip type... ESP32-C3
Chip is ESP32-C3 (QFN32) (revision v0.3)
Features: WiFi, BLE, Embedded Flash 4MB (XMC)
Crystal is 40MHz
MAC: 84:f7:03:09:96:10
Uploading stub...
Running stub...
Stub running...
Changing baud rate to 460800
Changed.
Configuring flash size...
Erasing flash (this may take a while)...
Chip erase completed successfully in 22.5 seconds.
Compressed 1026400 bytes to 602558...
Writing at 0x00000000... (2 %)
Writing at 0x00011d7c... (5 %)
Writing at 0x0001e873... (8 %)
Writing at 0x0002ad14... (10 %)
Writing at 0x00033826... (13 %)
Writing at 0x0003bdbf... (16 %)
Writing at 0x00041dd4... (18 %)
Writing at 0x000481d6... (21 %)
Writing at 0x0004e5a4... (24 %)
Writing at 0x00054978... (27 %)
Writing at 0x0005a1bf... (29 %)
Writing at 0x0005fe2a... (32 %)
Writing at 0x0006650c... (35 %)
Writing at 0x0006c0e5... (37 %)
Writing at 0x00071fea... (40 %)
Writing at 0x0007816c... (43 %)
Writing at 0x0007e132... (45 %)
Writing at 0x00083ea5... (48 %)
Writing at 0x000893e1... (51 %)
Writing at 0x0008ef61... (54 %)
Writing at 0x0009511d... (56 %)
Writing at 0x0009aae5... (59 %)
Writing at 0x000a03ae... (62 %)
Writing at 0x000a6217... (64 %)
Writing at 0x000ac6e5... (67 %)
Writing at 0x000b29ec... (70 %)
Writing at 0x000b8cf3... (72 %)
Writing at 0x000bee03... (75 %)
Writing at 0x000c4b05... (78 %)
Writing at 0x000ca13c... (81 %)
Writing at 0x000cfe6a... (83 %)
Writing at 0x000d5aab... (86 %)
Writing at 0x000dcb12... (89 %)
Writing at 0x000e2e7f... (91 %)
Writing at 0x000e9e34... (94 %)
Writing at 0x000efd2c... (97 %)
Writing at 0x000f5dcc... (100 %)
Wrote 1026400 bytes (602558 compressed) at 0x00000000 in 20.7 seconds (effective 396.7 kbit/s)...
Hash of data verified.

Leaving...
Hard resetting via RTS pin...
Build:Feb  7 2021
rst:0x1 (POWERON),boot:0xc (SPI_FAST_FLASH_BOOT)
SPIWP:0xee
mode:DIO, clock div:1
load:0x3fcd5820,len:0x1574
load:0x403cc710,len:0xc30
load:0x403ce710,len:0x2f64
entry 0x403cc71a
I (30) boot: ESP-IDF v5.4.1 2nd stage bootloader
I (30) boot: compile time Oct  6 2025 15:37:26
I (30) boot: chip revision: v0.3
I (30) boot: efuse block revision: v1.1
I (34) boot.esp32c3: SPI Speed      : 80MHz
I (38) boot.esp32c3: SPI Mode       : DIO
I (41) boot.esp32c3: SPI Flash Size : 2MB
I (45) boot: Enabling RNG early entropy source...
I (50) boot: Partition Table:
I (52) boot: ## Label            Usage          Type ST Offset   Length
I (59) boot:  0 nvs              WiFi data        01 02 00009000 00006000
I (65) boot:  1 phy_init         RF data          01 01 0000f000 00001000
I (72) boot:  2 factory          factory app      00 00 00010000 00100000
I (78) boot: End of partition table
I (81) esp_image: segment 0: paddr=00010020 vaddr=3c0b0020 size=25d50h (154960) map
I (114) esp_image: segment 1: paddr=00035d78 vaddr=3fc93400 size=03050h ( 12368) load
I (116) esp_image: segment 2: paddr=00038dd0 vaddr=40380000 size=07248h ( 29256) load
I (123) esp_image: segment 3: paddr=00040020 vaddr=42000020 size=ae7c4h (714692) map
I (239) esp_image: segment 4: paddr=000ee7ec vaddr=40387248 size=0c128h ( 49448) load
I (248) esp_image: segment 5: paddr=000fa91c vaddr=50000200 size=0001ch (    28) load
I (255) boot: Loaded app from partition at offset 0x10000
I (255) boot: Disabling RNG early entropy source...
I (266) cpu_start: Unicore app
I (274) cpu_start: Pro cpu start user code
I (274) cpu_start: cpu freq: 160000000 Hz
I (274) app_init: Application information:
I (274) app_init: Project name:     rpc
I (278) app_init: App version:      9c7a500-dirty
I (282) app_init: Compile time:     Oct  6 2025 15:37:19
I (287) app_init: ELF file SHA256:  e33d9c9bb...
I (292) app_init: ESP-IDF:          v5.4.1
I (295) efuse_init: Min chip rev:     v0.3
I (299) efuse_init: Max chip rev:     v1.99 
I (303) efuse_init: Chip rev:         v0.3
I (307) heap_init: Initializing. RAM available for dynamic allocation:
I (313) heap_init: At 3FC9DFB0 len 00022050 (136 KiB): RAM
I (319) heap_init: At 3FCC0000 len 0001C710 (113 KiB): Retention RAM
I (325) heap_init: At 3FCDC710 len 00002950 (10 KiB): Retention RAM
I (331) heap_init: At 5000021C len 00001DCC (7 KiB): RTCRAM
I (337) spi_flash: detected chip: generic
I (340) spi_flash: flash io: dio
W (343) spi_flash: Detected size(4096k) larger than the size in the binary image header(2048k). Using the size in the binary image header.
I (355) sleep_gpio: Configure to isolate all GPIO pins in sleep state
I (361) sleep_gpio: Enable automatic switching of GPIO sleep configuration
I (368) main_task: Started on CPU0
I (378) main_task: Calling app_main()
I (378) rpc: Start RPC sample
[5n
Type 'help' to get the list of commands.
Use UP/DOWN arrows to navigate through command history.
Press TAB when typing command name to auto-complete.

Your terminal application does not support escape sequences.

Line editing and history features are disabled.

On Windows, try using Putty instead.
esp32> W (888) rpc: WiFi and Golioth credentials are not set. Use the shell settings commands to set them.

esp32> 
esp32> 
esp32> 
esp32> settings set wifi/ssid "***JONS_ORANGE_PI_WIFI_SSID***"
Setting wifi/ssid saved
esp32> 
esp32> 
esp32> 
esp32> 
esp32> 
esp32> settings set wifi/psk "***JONS_ORANGE_PI_WIFI_PSK***"
Setting wifi/psk saved
es::add-mask::generated-PsVlsLxfKKmtivFU
p32> 
esp32> 
esp32> 
esp32> 
esp32> 
esp32> settings set golioth/psk-id "generated-PsVlsLxfKKmtivFU@firmware_ci"
Setting golioth/psk-id saved
esp32> 
esp32> 
esp32> 
esp32> 
esp32> 
esp32> settings set golioth/psk "generated-PsVlsLxfKKmtivFU"
Setting golioth/psk saved
esp32> 
esp32> I (8908) pp: pp rom version: 9387209
I (8908) net80211: net80211 rom version: 9387209
I (8928) wifi_init: rx ba win: 6
I (8928) wifi_init: accept mbox: 6
I (8928) wifi_init: tcpip mbox: 32
I (8928) wifi_init: udp mbox: 6
I (8928) wifi_init: tcp mbox: 6
I (8938) wifi_init: tcp tx win: 5760
I (8938) wifi_init: tcp rx win: 5760
I (8938) wifi_init: tcp mss: 1440
I (8948) wifi_init: WiFi IRAM OP enabled
I (8948) wifi_init: WiFi RX IRAM OP enabled
I (8948) phy_init: phy_version 1200,2b7123f9,Feb 18 2025,15:22:21
W (8958) phy_init: failed to load RF calibration data (0x1102), falling back to full calibration
I (8988) phy_init: Saving new calibration data due to checksum failure or outdated calibration data, mode(2)
I (10388) esp_netif_handlers: sta ip: 192.168.8.141, mask: 255.255.255.0, gw: 192.168.8.1
I (10388) example_wifi: WiFi Connected. Got IP:192.168.8.141
I (10398) example_wifi: Connected to AP SSID: ***JONS_ORANGE_PI_WIFI_SSID***
I (10398) golioth_mbox: Mbox created, bufsize: 2688, num_items: 20, item_size: 128
W (10408) rpc: Waiting for connection to Golioth...
I (10418) golioth_coap_client_libcoap: Start CoAP session with host: coaps://coap.golioth.io
I (10418) golioth_coap_client_libcoap: Session PSK-ID: generated-PsVlsLxfKKmtivFU@firmware_ci
I (10428) libcoap: Setting PSK key

I (10438) golioth_coap_client_libcoap: Entering CoAP I/O loop
I (10968) golioth_coap_client_libcoap: Golioth CoAP client connected
I (10968) rpc: Golioth client connected
I (10968) rpc: RPC successfully registered
I (11748) golioth_rpc: RPC observation established
