esptool.py v4.8.1
Serial port /dev/serial/by-id/usb-Silicon_Labs_CP2102N_USB_to_UART_Bridge_Controller_6a5ea5870128ee11b6e611d8f49e3369-if00-port0
Connecting....
Detecting chip type... ESP32-S3
Chip is ESP32-S3 (QFN56) (revision v0.2)
Features: WiFi, BLE, Embedded PSRAM 2MB (AP_3v3)
Crystal is 40MHz
MAC: dc:da:0c:61:9f:74
Uploading stub...
Running stub...
Stub running...
Changing baud rate to 460800
Changed.
Configuring flash size...
Erasing flash (this may take a while)...
Chip erase completed successfully in 1.9s
Compressed 967424 bytes to 600460...
Writing at 0x00000000... (2 %)
Writing at 0x00011725... (5 %)
Writing at 0x0001e76d... (8 %)
Writing at 0x0002a990... (10 %)
Writing at 0x00033fea... (13 %)
Writing at 0x0003d1ac... (16 %)
Writing at 0x0004330c... (18 %)
Writing at 0x00048a2e... (21 %)
Writing at 0x0004e72a... (24 %)
Writing at 0x00053ebd... (27 %)
Writing at 0x000590fe... (29 %)
Writing at 0x0005e55d... (32 %)
Writing at 0x000640f1... (35 %)
Writing at 0x00069194... (37 %)
Writing at 0x0006e532... (40 %)
Writing at 0x00073761... (43 %)
Writing at 0x00078927... (45 %)
Writing at 0x0007dc40... (48 %)
Writing at 0x0008319d... (51 %)
Writing at 0x00088706... (54 %)
Writing at 0x0008de29... (56 %)
Writing at 0x00092d52... (59 %)
Writing at 0x00097cdc... (62 %)
Writing at 0x0009d2e5... (64 %)
Writing at 0x000a2387... (67 %)
Writing at 0x000a76e5... (70 %)
Writing at 0x000accf6... (72 %)
Writing at 0x000b2273... (75 %)
Writing at 0x000b731b... (78 %)
Writing at 0x000bc956... (81 %)
Writing at 0x000c21c8... (83 %)
Writing at 0x000c9794... (86 %)
Writing at 0x000d0cd5... (89 %)
Writing at 0x000d7a70... (91 %)
Writing at 0x000dd37b... (94 %)
Writing at 0x000e2ed1... (97 %)
Writing at 0x000e878d... (100 %)
Wrote 967424 bytes (600460 compressed) at 0x00000000 in 13.8 seconds (effective 560.2 kbit/s)...
Hash of data verified.

Leaving...
Hard resetting via RTS pin...
Build:Mar 27 2021
rst:0x1 (POWERON),boot:0x8 (SPI_FAST_FLASH_BOOT)
SPIWP:0xee
mode:DIO, clock div:1
load:0x3fce2810,len:0x15a0
load:0x403c8700,len:0x4
load:0x403c8704,len:0xd20
load:0x403cb700,len:0x2ee4
entry 0x403c8928
I (27) boot: ESP-IDF v5.4 2nd stage bootloader
I (27) boot: compile time Jan 21 2025 19:15:00
I (27) boot: Multicore bootloader
I (27) boot: chip revision: v0.2
I (30) boot: efuse block revision: v1.3
I (33) boot.esp32s3: Boot SPI Speed : 80MHz
I (37) boot.esp32s3: SPI Mode       : DIO
I (41) boot.esp32s3: SPI Flash Size : 2MB
I (45) boot: Enabling RNG early entropy source...
I (49) boot: Partition Table:
I (52) boot: ## Label            Usage          Type ST Offset   Length
I (58) boot:  0 nvs              WiFi data        01 02 00009000 00006000
I (65) boot:  1 phy_init         RF data          01 01 0000f000 00001000
I (71) boot:  2 factory          factory app      00 00 00010000 00100000
I (78) boot: End of partition table
I (81) esp_image: segment 0: paddr=00010020 vaddr=3c0a0020 size=250b4h (151732) map
I (115) esp_image: segment 1: paddr=000350dc vaddr=3fc99200 size=04b54h ( 19284) load
I (119) esp_image: segment 2: paddr=00039c38 vaddr=40374000 size=063e0h ( 25568) load
I (125) esp_image: segment 3: paddr=00040020 vaddr=42000020 size=9d4bch (644284) map
I (240) esp_image: segment 4: paddr=000dd4e4 vaddr=4037a3e0 size=0edcch ( 60876) load
I (253) esp_image: segment 5: paddr=000ec2b8 vaddr=600fe100 size=0001ch (    28) load
I (262) boot: Loaded app from partition at offset 0x10000
I (262) boot: Disabling RNG early entropy source...
I (272) cpu_start: Multicore app
I (281) cpu_start: Pro cpu start user code
I (281) cpu_start: cpu freq: 160000000 Hz
I (281) app_init: Application information:
I (281) app_init: Project name:     rpc
I (285) app_init: App version:      8262c6d-dirty
I (289) app_init: Compile time:     Jan 21 2025 19:14:54
I (294) app_init: ELF file SHA256:  b440af8d7...
I (299) app_init: ESP-IDF:          v5.4
I (302) efuse_init: Min chip rev:     v0.0
I (306) efuse_init: Max chip rev:     v0.99 
I (310) efuse_init: Chip rev:         v0.2
I (314) heap_init: Initializing. RAM available for dynamic allocation:
I (320) heap_init: At 3FCA5218 len 000444F8 (273 KiB): RAM
I (325) heap_init: At 3FCE9710 len 00005724 (21 KiB): RAM
I (330) heap_init: At 3FCF0000 len 00008000 (32 KiB): DRAM
I (336) heap_init: At 600FE11C len 00001ECC (7 KiB): RTCRAM
I (342) spi_flash: detected chip: gd
I (344) spi_flash: flash io: dio
W (347) spi_flash: Detected size(8192k) larger than the size in the binary image header(2048k). Using the size in the binary image header.
I (360) sleep_gpio: Configure to isolate all GPIO pins in sleep state
I (366) sleep_gpio: Enable automatic switching of GPIO sleep configuration
I (373) main_task: Started on CPU0
I (393) main_task: Calling app_main()
I (393) rpc: Start RPC sample
[5n
Type 'help' to get the list of commands.
Use UP/DOWN arrows to navigate through command history.
Press TAB when typing command name to auto-complete.

Your terminal application does not support escape sequences.

Line editing and history features are disabled.

On Windows, try using Putty instead.
esp32> W (903) rpc: WiFi and Golioth credentials are not set. Use the shell settings commands to set them.

esp32> 
esp32> 
esp32> 
esp32> settings set wifi/ssid "***JONS_ORANGE_PI_WIFI_SSID***"
Setting wifi/ssid saved
esp32> 
esp32> 
esp32> 
esp32> 
esp32> 
esp32> settings set wifi/psk "***JONS_ORANGE_PI_WIFI_PSK***"
Setting wifi/psk saved
es::add-mask::generated-jqoheMDAzAOBWtKr
p32> 
esp32> 
esp32> 
esp32> 
esp32> 
esp32> settings set golioth/psk-id "generated-jqoheMDAzAOBWtKr@firmware_ci"
Setting golioth/psk-id saved
esp32> 
esp32> 
esp32> 
esp32> 
esp32> 
esp32> settings set golioth/psk "generated-jqoheMDAzAOBWtKr"
Setting golioth/psk saved
esp32> 
esp32> I (7933) pp: pp rom version: e7ae62f
I (7933) net80211: net80211 rom version: e7ae62f
I (7953) wifi_init: rx ba win: 6
I (7953) wifi_init: accept mbox: 6
I (7953) wifi_init: tcpip mbox: 32
I (7953) wifi_init: udp mbox: 6
I (7953) wifi_init: tcp mbox: 6
I (7963) wifi_init: tcp tx win: 5760
I (7963) wifi_init: tcp rx win: 5760
I (7963) wifi_init: tcp mss: 1440
I (7963) wifi_init: WiFi IRAM OP enabled
I (7983) wifi_init: WiFi RX IRAM OP enabled
I (7983) phy_init: phy_version 680,a6008b2,Jun  4 2024,16:41:10
W (7983) phy_init: failed to load RF calibration data (0x1102), falling back to full calibration
W (8023) phy_init: saving new calibration data because of checksum failure, mode(2)
I (9593) esp_netif_handlers: sta ip: 192.168.8.168, mask: 255.255.255.0, gw: 192.168.8.1
I (9593) example_wifi: WiFi Connected. Got IP:192.168.8.168
I (9593) example_wifi: Connected to AP SSID: ***JONS_ORANGE_PI_WIFI_SSID***
I (9603) golioth_mbox: Mbox created, bufsize: 2520, num_items: 20, item_size: 120
W (9603) rpc: Waiting for connection to Golioth...
I (9613) golioth_coap_client_libcoap: Start CoAP session with host: coaps://coap.golioth.io
I (9623) golioth_coap_client_libcoap: Session PSK-ID: generated-jqoheMDAzAOBWtKr@firmware_ci
I (9633) libcoap: Setting PSK key

I (9633) golioth_coap_client_libcoap: Entering CoAP I/O loop
I (10623) golioth_coap_client_libcoap: Golioth CoAP client connected
I (10623) rpc: Golioth client connected
I (10633) rpc: RPC successfully registered
I (11443) golioth_rpc: RPC observation established
