Warning: Deprecated: Command 'write_flash' is deprecated. Use 'write-flash' instead.
esptool v5.1.0
Serial port /dev/serial/by-id/usb-Silicon_Labs_CP2102N_USB_to_UART_Bridge_Controller_061a7f3b498bef11918522ccef8776e9-if00-port0:
Connecting....
Detecting chip type... ESP32-C3
Connected to ESP32-C3 on /dev/serial/by-id/usb-Silicon_Labs_CP2102N_USB_to_UART_Bridge_Controller_061a7f3b498bef11918522ccef8776e9-if00-port0:
Chip type:          ESP32-C3 AZ (QFN32) (revision v1.1)
Features:           Wi-Fi, BT 5 (LE), Single Core, 160MHz, Embedded Flash 4MB (XMC)
Crystal frequency:  40MHz
MAC:                18:8b:0e:af:95:48

Uploading stub flasher...
Running stub flasher...
Stub flasher running.
Changing baud rate to 460800...
Changed.

Configuring flash size...
Erasing flash memory (this may take a while)...
Flash memory erased successfully in 1.3 seconds.
Compressed 1021392 bytes to 599990...
Writing at 0x00000000 [                              ]   0.0% 0/599990 bytes... 
Writing at 0x00011d20 [                              ]   2.7% 16384/599990 bytes... 
Writing at 0x0001e773 [>                             ]   5.5% 32768/599990 bytes... 
Writing at 0x0002aa7f [=>                            ]   8.2% 49152/599990 bytes... 
Writing at 0x000337a6 [==>                           ]  10.9% 65536/599990 bytes... 
Writing at 0x0003ba47 [===>                          ]  13.7% 81920/599990 bytes... 
Writing at 0x00041b4d [===>                          ]  16.4% 98304/599990 bytes... 
Writing at 0x00047e5c [====>                         ]  19.1% 114688/599990 bytes... 
Writing at 0x0004e30a [=====>                        ]  21.8% 131072/599990 bytes... 
Writing at 0x00054412 [======>                       ]  24.6% 147456/599990 bytes... 
Writing at 0x00059e07 [=======>                      ]  27.3% 163840/599990 bytes... 
Writing at 0x0005f990 [========>                     ]  30.0% 180224/599990 bytes... 
Writing at 0x0006621e [========>                     ]  32.8% 196608/599990 bytes... 
Writing at 0x0006bdb0 [=========>                    ]  35.5% 212992/599990 bytes... 
Writing at 0x00071eb2 [==========>                   ]  38.2% 229376/599990 bytes... 
Writing at 0x00077cda [===========>                  ]  41.0% 245760/599990 bytes... 
Writing at 0x0007ddfb [============>                 ]  43.7% 262144/599990 bytes... 
Writing at 0x000839b6 [============>                 ]  46.4% 278528/599990 bytes... 
Writing at 0x0008906a [=============>                ]  49.2% 294912/599990 bytes... 
Writing at 0x0008eb39 [==============>               ]  51.9% 311296/599990 bytes... 
Writing at 0x00094be3 [===============>              ]  54.6% 327680/599990 bytes... 
Writing at 0x0009a63c [================>             ]  57.3% 344064/599990 bytes... 
Writing at 0x0009ff1b [=================>            ]  60.1% 360448/599990 bytes... 
Writing at 0x000a5e82 [=================>            ]  62.8% 376832/599990 bytes... 
Writing at 0x000ac3c3 [==================>           ]  65.5% 393216/599990 bytes... 
Writing at 0x000b2518 [===================>          ]  68.3% 409600/599990 bytes... 
Writing at 0x000b8996 [====================>         ]  71.0% 425984/599990 bytes... 
Writing at 0x000be96b [=====================>        ]  73.7% 442368/599990 bytes... 
Writing at 0x000c4670 [=====================>        ]  76.5% 458752/599990 bytes... 
Writing at 0x000c9c8a [======================>       ]  79.2% 475136/599990 bytes... 
Writing at 0x000cfa97 [=======================>      ]  81.9% 491520/599990 bytes... 
Writing at 0x000d56ee [========================>     ]  84.7% 507904/599990 bytes... 
Writing at 0x000dc7b1 [=========================>    ]  87.4% 524288/599990 bytes... 
Writing at 0x000e2aea [==========================>   ]  90.1% 540672/599990 bytes... 
Writing at 0x000e98e3 [==========================>   ]  92.8% 557056/599990 bytes... 
Writing at 0x000ef923 [===========================>  ]  95.6% 573440/599990 bytes... 
Writing at 0x000f5861 [============================> ]  98.3% 589824/599990 bytes... 
Writing at 0x000f95d0 [==============================] 100.0% 599990/599990 bytes... 
Wrote 1021392 bytes (599990 compressed) at 0x00000000 in 18.0 seconds (454.2 kbit/s).
Hash of data verified.

Hard resetting via RTS pin...
Build:Jul 20 2023
rst:0x1 (POWERON),boot:0xc (SPI_FAST_FLASH_BOOT)
SPIWP:0xee
mode:DIO, clock div:1
load:0x3fcd5820,len:0x1574
load:0x403cc710,len:0xc30
load:0x403ce710,len:0x2f64
entry 0x403cc71a
I (31) boot: ESP-IDF v5.4.1 2nd stage bootloader
I (31) boot: compile time Oct 21 2025 13:50:22
I (31) boot: chip revision: v1.1
I (31) boot: efuse block revision: v1.3
I (35) boot.esp32c3: SPI Speed      : 80MHz
I (39) boot.esp32c3: SPI Mode       : DIO
I (42) boot.esp32c3: SPI Flash Size : 2MB
I (46) boot: Enabling RNG early entropy source...
I (51) boot: Partition Table:
I (53) boot: ## Label            Usage          Type ST Offset   Length
I (60) boot:  0 nvs              WiFi data        01 02 00009000 00006000
I (66) boot:  1 phy_init         RF data          01 01 0000f000 00001000
I (73) boot:  2 factory          factory app      00 00 00010000 00100000
I (79) boot: End of partition table
I (82) esp_image: segment 0: paddr=00010020 vaddr=3c0b0020 size=25848h (153672) map
I (114) esp_image: segment 1: paddr=00035870 vaddr=3fc93400 size=03050h ( 12368) load
I (117) esp_image: segment 2: paddr=000388c8 vaddr=40380000 size=07750h ( 30544) load
I (124) esp_image: segment 3: paddr=00040020 vaddr=42000020 size=ad938h (710968) map
I (239) esp_image: segment 4: paddr=000ed960 vaddr=40387750 size=0bc20h ( 48160) load
I (248) esp_image: segment 5: paddr=000f9588 vaddr=50000200 size=0001ch (    28) load
I (254) boot: Loaded app from partition at offset 0x10000
I (255) boot: Disabling RNG early entropy source...
I (266) cpu_start: Unicore app
I (274) cpu_start: Pro cpu start user code
I (274) cpu_start: cpu freq: 160000000 Hz
I (274) app_init: Application information:
I (274) app_init: Project name:     observe
I (278) app_init: App version:      0e80716-dirty
I (282) app_init: Compile time:     Oct 21 2025 13:50:16
I (287) app_init: ELF file SHA256:  fa8d2a4d9...
I (292) app_init: ESP-IDF:          v5.4.1
I (296) efuse_init: Min chip rev:     v0.3
I (299) efuse_init: Max chip rev:     v1.99 
I (303) efuse_init: Chip rev:         v1.1
I (307) heap_init: Initializing. RAM available for dynamic allocation:
I (314) heap_init: At 3FC9DEB0 len 00022150 (136 KiB): RAM
I (319) heap_init: At 3FCC0000 len 0001C710 (113 KiB): Retention RAM
I (325) heap_init: At 3FCDC710 len 0000294C (10 KiB): Retention RAM
I (331) heap_init: At 5000021C len 00001DCC (7 KiB): RTCRAM
I (337) spi_flash: detected chip: generic
I (340) spi_flash: flash io: dio
W (343) spi_flash: Detected size(4096k) larger than the size in the binary image header(2048k). Using the size in the binary image header.
I (355) sleep_gpio: Configure to isolate all GPIO pins in sleep state
I (361) sleep_gpio: Enable automatic switching of GPIO sleep configuration
I (368) main_task: Started on CPU0
I (378) main_task: Calling app_main()
I (378) lightdb: Start LightDB observe sample
[5n
Type 'help' to get the list of commands.
Use UP/DOWN arrows to navigate through command history.
Press TAB when typing command name to auto-complete.

Your terminal application does not support escape sequences.

Line editing and history features are disabled.

On Windows, try using Putty instead.
esp32> W (888) lightdb: WiFi and Golioth credentials are not set. Use the shell settings commands to set them.

esp32> 
esp32> 
esp32> 
esp32> settings set wifi/ssid "***SAMS_ORANGE_PI_WIFI_SSID***"
Setting wifi/ssid saved
esp32> 
esp32> 
esp32> 
esp32> 
esp32> 
esp32> settings set wifi/psk "***SAMS_ORANGE_PI_WIFI_PSK***"
Setting wifi/psk saved
esp32> 
esp32> ::add-mask::generated-dlpSseeJqDGRYkKV

esp32> 
esp32> 
esp32> 
esp32> settings set golioth/psk-id "generated-dlpSseeJqDGRYkKV@firmware_ci"
Setting golioth/psk-id saved
esp32> 
esp32> 
esp32> 
esp32> 
esp32> 
esp32> settings set golioth/psk "generated-dlpSseeJqDGRYkKV"
Setting golioth/psk saved
esp32> 
esp32> I (9908) pp: pp rom version: 74f9620
I (9908) net80211: net80211 rom version: 74f9620
I (9928) wifi_init: rx ba win: 6
I (9928) wifi_init: accept mbox: 6
I (9928) wifi_init: tcpip mbox: 32
I (9928) wifi_init: udp mbox: 6
I (9928) wifi_init: tcp mbox: 6
I (9938) wifi_init: tcp tx win: 5760
I (9938) wifi_init: tcp rx win: 5760
I (9938) wifi_init: tcp mss: 1440
I (9948) wifi_init: WiFi IRAM OP enabled
I (9948) wifi_init: WiFi RX IRAM OP enabled
I (9948) phy_init: phy_version 1200,2b7123f9,Feb 18 2025,15:22:21
W (9958) phy_init: failed to load RF calibration data (0x1102), falling back to full calibration
I (9998) phy_init: Saving new calibration data due to checksum failure or outdated calibration data, mode(2)
I (11898) esp_netif_handlers: sta ip: 192.168.0.121, mask: 255.255.255.0, gw: 192.168.0.1
I (11898) example_wifi: WiFi Connected. Got IP:192.168.0.121
I (11908) example_wifi: Connected to AP SSID: ***SAMS_ORANGE_PI_WIFI_SSID***
I (11908) golioth_mbox: Mbox created, bufsize: 2688, num_items: 20, item_size: 128
W (11918) lightdb: Waiting for connection to Golioth...
I (11958) golioth_coap_client_libcoap: Start CoAP session with host: coaps://coap.golioth.io
I (11958) golioth_coap_client_libcoap: Session PSK-ID: generated-dlpSseeJqDGRYkKV@firmware_ci
I (11968) libcoap: Setting PSK key

I (11978) golioth_coap_client_libcoap: Entering CoAP I/O loop
I (12158) golioth_coap_client_libcoap: Golioth CoAP client connected
I (12158) lightdb: Golioth client connected
I (12458) lightdb: 0x3fcba9f5   6e 75 6c 6c                                       |null|
Success for pattern '6e 75 6c 6c |null'
I (15458) lightdb: 0x3fcb52cd   38 37                                             |87|
Success for pattern '38 37 |87'
