Warning: Deprecated: Command 'write_flash' is deprecated. Use 'write-flash' instead.
esptool v5.1.0
Serial port /dev/serial/by-id/usb-Silicon_Labs_CP2102N_USB_to_UART_Bridge_Controller_90568bbbd827ee11b31a14d8f49e3369-if00-port0:
Connecting....
Detecting chip type... ESP32
Connected to ESP32 on /dev/serial/by-id/usb-Silicon_Labs_CP2102N_USB_to_UART_Bridge_Controller_90568bbbd827ee11b31a14d8f49e3369-if00-port0:
Chip type:          ESP32-D0WD-V3 (revision v3.1)
Features:           Wi-Fi, BT, Dual Core + LP Core, 240MHz, Vref calibration in eFuse, Coding Scheme None
Crystal frequency:  40MHz
MAC:                a0:a3:b3:8b:38:c0

Uploading stub flasher...
Running stub flasher...
Stub flasher running.
Changing baud rate to 460800...
Changed.

Configuring flash size...
Erasing flash memory (this may take a while)...
Flash memory erased successfully in 2.2 seconds.
Compressed 968192 bytes to 608112...
Writing at 0x00000000 [                              ]   0.0% 0/608112 bytes... 
Writing at 0x000074b0 [                              ]   2.7% 16384/608112 bytes... 
Writing at 0x0001be4f [>                             ]   5.4% 32768/608112 bytes... 
Writing at 0x0002890c [=>                            ]   8.1% 49152/608112 bytes... 
Writing at 0x000315a0 [==>                           ]  10.8% 65536/608112 bytes... 
Writing at 0x0003b383 [===>                          ]  13.5% 81920/608112 bytes... 
Writing at 0x00040b1f [===>                          ]  16.2% 98304/608112 bytes... 
Writing at 0x00046425 [====>                         ]  18.9% 114688/608112 bytes... 
Writing at 0x0004bb44 [=====>                        ]  21.6% 131072/608112 bytes... 
Writing at 0x00050fe8 [======>                       ]  24.2% 147456/608112 bytes... 
Writing at 0x00056118 [=======>                      ]  26.9% 163840/608112 bytes... 
Writing at 0x0005b56d [=======>                      ]  29.6% 180224/608112 bytes... 
Writing at 0x00060b43 [========>                     ]  32.3% 196608/608112 bytes... 
Writing at 0x00065ba0 [=========>                    ]  35.0% 212992/608112 bytes... 
Writing at 0x0006aef8 [==========>                   ]  37.7% 229376/608112 bytes... 
Writing at 0x00070116 [===========>                  ]  40.4% 245760/608112 bytes... 
Writing at 0x000753fc [===========>                  ]  43.1% 262144/608112 bytes... 
Writing at 0x0007a543 [============>                 ]  45.8% 278528/608112 bytes... 
Writing at 0x0007fb9d [=============>                ]  48.5% 294912/608112 bytes... 
Writing at 0x00085447 [==============>               ]  51.2% 311296/608112 bytes... 
Writing at 0x0008acca [===============>              ]  53.9% 327680/608112 bytes... 
Writing at 0x0008fe8a [===============>              ]  56.6% 344064/608112 bytes... 
Writing at 0x00095202 [================>             ]  59.3% 360448/608112 bytes... 
Writing at 0x0009a8fe [=================>            ]  62.0% 376832/608112 bytes... 
Writing at 0x000a0071 [==================>           ]  64.7% 393216/608112 bytes... 
Writing at 0x000a52ae [===================>          ]  67.4% 409600/608112 bytes... 
Writing at 0x000aaabb [====================>         ]  70.1% 425984/608112 bytes... 
Writing at 0x000b033d [====================>         ]  72.7% 442368/608112 bytes... 
Writing at 0x000b53de [=====================>        ]  75.4% 458752/608112 bytes... 
Writing at 0x000bab8e [======================>       ]  78.1% 475136/608112 bytes... 
Writing at 0x000c01d9 [=======================>      ]  80.8% 491520/608112 bytes... 
Writing at 0x000c79f6 [========================>     ]  83.5% 507904/608112 bytes... 
Writing at 0x000ce553 [========================>     ]  86.2% 524288/608112 bytes... 
Writing at 0x000d5abe [=========================>    ]  88.9% 540672/608112 bytes... 
Writing at 0x000db273 [==========================>   ]  91.6% 557056/608112 bytes... 
Writing at 0x000e0a95 [===========================>  ]  94.3% 573440/608112 bytes... 
Writing at 0x000e65d2 [============================> ]  97.0% 589824/608112 bytes... 
Writing at 0x000eb918 [============================> ]  99.7% 606208/608112 bytes... 
Writing at 0x000ec600 [==============================] 100.0% 608112/608112 bytes... 
Wrote 968192 bytes (608112 compressed) at 0x00000000 in 17.9 seconds (433.2 kbit/s).
Hash of data verified.

Hard resetting via RTS pin...
x00,d_drv:0x00,cs0_drv:0x00,hd_drv:0x00,wp_drv:0x00
mode:DIO, clock div:2
load:0x3fff0030,len:6276
load:0x40078000,len:15828
load:0x40080400,len:4
ho 8 tail 4 room 4
load:0x40080404,len:3860
entry 0x4008063c
I (31) boot: ESP-IDF v5.4.1 2nd stage bootloader
I (31) boot: compile time Oct 21 2025 13:40:21
I (31) boot: Multicore bootloader
I (32) boot: chip revision: v3.1
I (35) boot.esp32: SPI Speed      : 40MHz
I (39) boot.esp32: SPI Mode       : DIO
I (43) boot.esp32: SPI Flash Size : 4MB
I (46) boot: Enabling RNG early entropy source...
I (51) boot: Partition Table:
I (53) boot: ## Label            Usage          Type ST Offset   Length
I (60) boot:  0 nvs              WiFi data        01 02 00009000 00006000
I (66) boot:  1 phy_init         RF data          01 01 0000f000 00001000
I (73) boot:  2 factory          factory app      00 00 00010000 00100000
I (79) boot: End of partition table
I (82) esp_image: segment 0: paddr=00010020 vaddr=3f400020 size=23af0h (146160) map
I (140) esp_image: segment 1: paddr=00033b18 vaddr=3ff80000 size=0001ch (    28) load
I (140) esp_image: segment 2: paddr=00033b3c vaddr=3ffb0000 size=04f38h ( 20280) load
I (151) esp_image: segment 3: paddr=00038a7c vaddr=40080000 size=0759ch ( 30108) load
I (163) esp_image: segment 4: paddr=00040020 vaddr=400d0020 size=9cbb0h (641968) map
I (383) esp_image: segment 5: paddr=000dcbd8 vaddr=4008759c size=0f9f8h ( 63992) load
I (419) boot: Loaded app from partition at offset 0x10000
I (419) boot: Disabling RNG early entropy source...
I (429) cpu_start: Multicore app
I (438) cpu_start: Pro cpu start user code
I (438) cpu_start: cpu freq: 160000000 Hz
I (438) app_init: Application information:
I (438) app_init: Project name:     test
I (442) app_init: App version:      0e80716-dirty
I (446) app_init: Compile time:     Oct 21 2025 13:40:14
I (451) app_init: ELF file SHA256:  a27ea3e57...
I (455) app_init: ESP-IDF:          v5.4.1
I (459) efuse_init: Min chip rev:     v0.0
I (463) efuse_init: Max chip rev:     v3.99 
I (467) efuse_init: Chip rev:         v3.1
I (471) heap_init: Initializing. RAM available for dynamic allocation:
I (477) heap_init: At 3FFAE6E0 len 00001920 (6 KiB): DRAM
I (482) heap_init: At 3FFBC8E0 len 00023720 (141 KiB): DRAM
I (487) heap_init: At 3FFE0440 len 00003AE0 (14 KiB): D/IRAM
I (493) heap_init: At 3FFE4350 len 0001BCB0 (111 KiB): D/IRAM
I (498) heap_init: At 40096F94 len 0000906C (36 KiB): IRAM
I (505) spi_flash: detected chip: generic
I (507) spi_flash: flash io: dio
W (510) spi_flash: Detected size(8192k) larger than the size in the binary image header(4096k). Using the size in the binary image header.
I (523) main_task: Started on CPU0
I (533) main_task: Calling app_main()
[5n
Type 'help' to get the list of commands.
Use UP/DOWN arrows to navigate through command history.
Press TAB when typing command name to auto-complete.

Your terminal application does not support escape sequences.

Line editing and history features are disabled.

On Windows, try using Putty instead.
esp32> W (1043) hil_test: WiFi and Golioth credentials are not set. Use the shell settings commands to set them.

esp32> 
esp32> 
esp32> 
esp32> settings set wifi/ssid "***SAMS_ORANGE_PI_WIFI_SSID***"
Setting wifi/ssid saved
esp32> 
esp32> 
esp32> 
esp32> 
esp32> 
esp32> settings set wifi/psk "***SAMS_ORANGE_PI_WIFI_PSK***"
Setting wifi/psk saved
esp32> 
esp32> ::add-mask::generated-SiUEqQMmpivNgRmG

esp32> 
esp32> 
esp32> 
esp32> settings set golioth/psk-id "generated-SiUEqQMmpivNgRmG@firmware_ci"
Setting golioth/psk-id saved
esp32> 
esp32> 
esp32> 
esp32> 
esp32> 
esp32> settings set golioth/psk "generated-SiUEqQMmpivNgRmG"
Setting golioth/psk saved
esp32> 
esp32> I (8103) wifi_init: rx ba win: 6
I (8103) wifi_init: accept mbox: 6
I (8103) wifi_init: tcpip mbox: 32
I (8103) wifi_init: udp mbox: 6
I (8103) wifi_init: tcp mbox: 6
I (8123) wifi_init: tcp tx win: 5760
I (8123) wifi_init: tcp rx win: 5760
I (8123) wifi_init: tcp mss: 1440
I (8123) wifi_init: WiFi IRAM OP enabled
I (8133) wifi_init: WiFi RX IRAM OP enabled
I (8133) phy_init: phy_version 4860,6b7a6e5,Feb  6 2025,14:47:07
W (8133) phy_init: failed to load RF calibration data (0x1102), falling back to full calibration
I (8213) phy_init: Saving new calibration data due to checksum failure or outdated calibration data, mode(2)
I (10143) esp_netif_handlers: sta ip: 192.168.0.118, mask: 255.255.255.0, gw: 192.168.0.1
I (10143) example_wifi: WiFi Connected. Got IP:192.168.0.118
I (10143) example_wifi: Connected to AP SSID: ***SAMS_ORANGE_PI_WIFI_SSID***
I (10153) golioth_mbox: Mbox created, bufsize: 2688, num_items: 20, item_size: 128
I (10193) golioth_coap_client_libcoap: Start CoAP session with host: coaps://coap.golioth.io
I (10193) golioth_coap_client_libcoap: Session PSK-ID: generated-SiUEqQMmpivNgRmG@firmware_ci
I (10213) libcoap: Setting PSK key

I (10213) golioth_coap_client_libcoap: Entering CoAP I/O loop
I (10883) golioth_coap_client_libcoap: Golioth CoAP client connected
I (11883) test_stream: block-idx: 0 bu_offset: 0 bytes_remaining: 3666
I (11973) test_stream: block-idx: 1 bu_offset: 1024 bytes_remaining: 2642
I (12053) test_stream: block-idx: 2 bu_offset: 2048 bytes_remaining: 1618
I (12143) test_stream: block-idx: 3 bu_offset: 3072 bytes_remaining: 594
I (12243) test_stream: Block upload successful!
I (12253) test_stream: block-idx: 0 bu_offset: 0 bytes_remaining: 3666
I (12383) test_stream: Multi-block callback; Block: 0, Status: 0, CoAP: 2.31
I (12393) test_stream: block-idx: 1 bu_offset: 1024 bytes_remaining: 2642
I (12523) test_stream: Multi-block callback; Block: 1, Status: 0, CoAP: 2.31
I (12533) test_stream: block-idx: 2 bu_offset: 2048 bytes_remaining: 1618
I (12713) test_stream: Multi-block callback; Block: 2, Status: 0, CoAP: 2.31
I (12723) test_stream: block-idx: 3 bu_offset: 3072 bytes_remaining: 594
I (12863) test_stream: Multi-block callback; Block: 3, Status: 0, CoAP: 2.01
I (12873) test_stream: Multi-block upload successful!
I (18873) test_stream: All stream data has been sent
{'list': [{'data': {'block_upload': {'0': 'zero', '1': 'one', '10': 'ten', '100': 'one hundred', '101': 'one hundred and one', '102': 'one hundred and two', '103': 'one hundred and three', '104': 'one hundred and four', '105': 'one hundred and five', '106': 'one hundred and six', '107': 'one hundred and seven', '108': 'one hundred and eight', '109': 'one hundred and nine', '11': 'eleven', '110': 'one hundred and ten', '111': 'one hundred and eleven', '112': 'one hundred and twelve', '113': 'one hundred and thirteen', '114': 'one hundred and fourteen', '115': 'one hundred and fifteen', '116': 'one hundred and sixteen', '117': 'one hundred and seventeen', '118': 'one hundred and eighteen', '119': 'one hundred and nineteen', '12': 'twelve', '120': 'one hundred and twenty', '121': 'one hundred and twenty-one', '122': 'one hundred and twenty-two', '123': 'one hundred and twenty-three', '124': 'one hundred and twenty-four', '125': 'one hundred and twenty-five', '126': 'one hundred and twenty-six', '127': 'one hundred and twenty-seven', '128': 'one hundred and twenty-eight', '129': 'one hundred and twenty-nine', '13': 'thirteen', '130': 'one hundred and thirty', '131': 'one hundred and thirty-one', '132': 'one hundred and thirty-two', '133': 'one hundred and thirty-three', '134': 'one hundred and thirty-four', '135': 'one hundred and thirty-five', '136': 'one hundred and thirty-six', '137': 'one hundred and thirty-seven', '138': 'one hundred and thirty-eight', '139': 'one hundred and thirty-nine', '14': 'fourteen', '140': 'one hundred and forty', '141': 'one hundred and forty-one', '15': 'fifteen', '16': 'sixteen', '17': 'seventeen', '18': 'eighteen', '19': 'nineteen', '2': 'two', '20': 'twenty', '21': 'twenty-one', '22': 'twenty-two', '23': 'twenty-three', '24': 'twenty-four', '25': 'twenty-five', '26': 'twenty-six', '27': 'twenty-seven', '28': 'twenty-eight', '29': 'twenty-nine', '3': 'three', '30': 'thirty', '31': 'thirty-one', '32': 'thirty-two', '33': 'thirty-three', '34': 'thirty-four', '35': 'thirty-five', '36': 'thirty-six', '37': 'thirty-seven', '38': 'thirty-eight', '39': 'thirty-nine', '4': 'four', '40': 'forty', '41': 'forty-one', '42': 'forty-two', '43': 'forty-three', '44': 'forty-four', '45': 'forty-five', '46': 'forty-six', '47': 'forty-seven', '48': 'forty-eight', '49': 'forty-nine', '5': 'five', '50': 'fifty', '51': 'fifty-one', '52': 'fifty-two', '53': 'fifty-three', '54': 'fifty-four', '55': 'fifty-five', '56': 'fifty-six', '57': 'fifty-seven', '58': 'fifty-eight', '59': 'fifty-nine', '6': 'six', '60': 'sixty', '61': 'sixty-one', '62': 'sixty-two', '63': 'sixty-three', '64': 'sixty-four', '65': 'sixty-five', '66': 'sixty-six', '67': 'sixty-seven', '68': 'sixty-eight', '69': 'sixty-nine', '7': 'seven', '70': 'seventy', '71': 'seventy-one', '72': 'seventy-two', '73': 'seventy-three', '74': 'seventy-four', '75': 'seventy-five', '76': 'seventy-six', '77': 'seventy-seven', '78': 'seventy-eight', '79': 'seventy-nine', '8': 'eight', '80': 'eighty', '81': 'eighty-one', '82': 'eighty-two', '83': 'eighty-three', '84': 'eighty-four', '85': 'eighty-five', '86': 'eighty-six', '87': 'eighty-seven', '88': 'eighty-eight', '89': 'eighty-nine', '9': 'nine', '90': 'ninety', '91': 'ninety-one', '92': 'ninety-two', '93': 'ninety-three', '94': 'ninety-four', '95': 'ninety-five', '96': 'ninety-six', '97': 'ninety-seven', '98': 'ninety-eight', '99': 'ninety-nine'}}, 'device_id': '68f7ada7424cece3ad3e332c', 'time': '2025-10-21T15:58:37.368644+00:00'}], 'page': 0, 'perPage': 10, 'total': 0}
Golioth data hash: 28540341b9655161a00b3a7193a8e2e2261d21ea3e3f2117fc9c7f18a5733681
Test data hash: 28540341b9655161a00b3a7193a8e2e2261d21ea3e3f2117fc9c7f18a5733681
