Warning: Deprecated: Command 'write_flash' is deprecated. Use 'write-flash' instead.
esptool v5.1.0
Serial port /dev/serial/by-id/usb-Silicon_Labs_CP2102N_USB_to_UART_Bridge_Controller_90568bbbd827ee11b31a14d8f49e3369-if00-port0:
Connecting....
Detecting chip type... ESP32
Connected to ESP32 on /dev/serial/by-id/usb-Silicon_Labs_CP2102N_USB_to_UART_Bridge_Controller_90568bbbd827ee11b31a14d8f49e3369-if00-port0:
Chip type:          ESP32-D0WD-V3 (revision v3.1)
Features:           Wi-Fi, BT, Dual Core + LP Core, 240MHz, Vref calibration in eFuse, Coding Scheme None
Crystal frequency:  40MHz
MAC:                a0:a3:b3:8b:38:c0

Uploading stub flasher...
Running stub flasher...
Stub flasher running.
Changing baud rate to 460800...
Changed.

Configuring flash size...
Erasing flash memory (this may take a while)...
Flash memory erased successfully in 2.2 seconds.
Compressed 976320 bytes to 613923...
Writing at 0x00000000 [                              ]   0.0% 0/613923 bytes... 
Writing at 0x000074c3 [                              ]   2.7% 16384/613923 bytes... 
Writing at 0x0001bf95 [>                             ]   5.3% 32768/613923 bytes... 
Writing at 0x00028ea8 [=>                            ]   8.0% 49152/613923 bytes... 
Writing at 0x000316e7 [==>                           ]  10.7% 65536/613923 bytes... 
Writing at 0x0003b207 [===>                          ]  13.3% 81920/613923 bytes... 
Writing at 0x000408d7 [===>                          ]  16.0% 98304/613923 bytes... 
Writing at 0x0004621f [====>                         ]  18.7% 114688/613923 bytes... 
Writing at 0x0004b9d3 [=====>                        ]  21.3% 131072/613923 bytes... 
Writing at 0x00050e5b [======>                       ]  24.0% 147456/613923 bytes... 
Writing at 0x000560fe [=======>                      ]  26.7% 163840/613923 bytes... 
Writing at 0x0005b439 [=======>                      ]  29.4% 180224/613923 bytes... 
Writing at 0x00060b3b [========>                     ]  32.0% 196608/613923 bytes... 
Writing at 0x00065c08 [=========>                    ]  34.7% 212992/613923 bytes... 
Writing at 0x0006ae94 [==========>                   ]  37.4% 229376/613923 bytes... 
Writing at 0x0007014c [===========>                  ]  40.0% 245760/613923 bytes... 
Writing at 0x00075281 [===========>                  ]  42.7% 262144/613923 bytes... 
Writing at 0x0007a5c9 [============>                 ]  45.4% 278528/613923 bytes... 
Writing at 0x0007fabf [=============>                ]  48.0% 294912/613923 bytes... 
Writing at 0x000853d6 [==============>               ]  50.7% 311296/613923 bytes... 
Writing at 0x0008ae35 [===============>              ]  53.4% 327680/613923 bytes... 
Writing at 0x000901d3 [===============>              ]  56.0% 344064/613923 bytes... 
Writing at 0x000953a9 [================>             ]  58.7% 360448/613923 bytes... 
Writing at 0x0009aa6a [=================>            ]  61.4% 376832/613923 bytes... 
Writing at 0x000a0229 [==================>           ]  64.0% 393216/613923 bytes... 
Writing at 0x000a5588 [===================>          ]  66.7% 409600/613923 bytes... 
Writing at 0x000aaad5 [===================>          ]  69.4% 425984/613923 bytes... 
Writing at 0x000b0608 [====================>         ]  72.1% 442368/613923 bytes... 
Writing at 0x000b573c [=====================>        ]  74.7% 458752/613923 bytes... 
Writing at 0x000ba99a [======================>       ]  77.4% 475136/613923 bytes... 
Writing at 0x000c0279 [=======================>      ]  80.1% 491520/613923 bytes... 
Writing at 0x000c79b4 [=======================>      ]  82.7% 507904/613923 bytes... 
Writing at 0x000cd90a [========================>     ]  85.4% 524288/613923 bytes... 
Writing at 0x000d583b [=========================>    ]  88.1% 540672/613923 bytes... 
Writing at 0x000db202 [==========================>   ]  90.7% 557056/613923 bytes... 
Writing at 0x000e0c11 [===========================>  ]  93.4% 573440/613923 bytes... 
Writing at 0x000e6897 [===========================>  ]  96.1% 589824/613923 bytes... 
Writing at 0x000ebb66 [============================> ]  98.7% 606208/613923 bytes... 
Writing at 0x000ee5c0 [==============================] 100.0% 613923/613923 bytes... 
Wrote 976320 bytes (613923 compressed) at 0x00000000 in 18.0 seconds (433.6 kbit/s).
Hash of data verified.

Hard resetting via RTS pin...
0x00,d_drv:0x00,cs0_drv:0x00,hd_drv:0x00,wp_drv:0x00
mode:DIO, clock div:2
load:0x3fff0030,len:6276
load:0x40078000,len:15748
load:0x40080400,len:4
ho 8 tail 4 room 4
load:0x40080404,len:3860
entry 0x4008063c
I (31) boot: ESP-IDF v5.4.1 2nd stage bootloader
I (31) boot: compile time Oct 21 2025 13:47:46
I (31) boot: Multicore bootloader
I (32) boot: chip revision: v3.1
I (35) boot.esp32: SPI Speed      : 40MHz
I (39) boot.esp32: SPI Mode       : DIO
I (43) boot.esp32: SPI Flash Size : 2MB
I (46) boot: Enabling RNG early entropy source...
I (51) boot: Partition Table:
I (53) boot: ## Label            Usage          Type ST Offset   Length
I (60) boot:  0 nvs              WiFi data        01 02 00009000 00006000
I (66) boot:  1 phy_init         RF data          01 01 0000f000 00001000
I (73) boot:  2 factory          factory app      00 00 00010000 00100000
I (79) boot: End of partition table
I (82) esp_image: segment 0: paddr=00010020 vaddr=3f400020 size=24930h (149808) map
I (141) esp_image: segment 1: paddr=00034958 vaddr=3ff80000 size=0001ch (    28) load
I (141) esp_image: segment 2: paddr=0003497c vaddr=3ffb0000 size=040e8h ( 16616) load
I (151) esp_image: segment 3: paddr=00038a6c vaddr=40080000 size=075ach ( 30124) load
I (164) esp_image: segment 4: paddr=00040020 vaddr=400d0020 size=9eb80h (650112) map
I (387) esp_image: segment 5: paddr=000deba8 vaddr=400875ac size=0f9e8h ( 63976) load
I (423) boot: Loaded app from partition at offset 0x10000
I (423) boot: Disabling RNG early entropy source...
I (433) cpu_start: Multicore app
I (441) cpu_start: Pro cpu start user code
I (441) cpu_start: cpu freq: 160000000 Hz
I (442) app_init: Application information:
I (442) app_init: Project name:     settings
I (446) app_init: App version:      0e80716-dirty
I (450) app_init: Compile time:     Oct 21 2025 13:47:39
I (455) app_init: ELF file SHA256:  4f96aa98a...
I (459) app_init: ESP-IDF:          v5.4.1
I (463) efuse_init: Min chip rev:     v0.0
I (467) efuse_init: Max chip rev:     v3.99 
I (471) efuse_init: Chip rev:         v3.1
I (475) heap_init: Initializing. RAM available for dynamic allocation:
I (481) heap_init: At 3FFAE6E0 len 00001920 (6 KiB): DRAM
I (486) heap_init: At 3FFBBB28 len 000244D8 (145 KiB): DRAM
I (491) heap_init: At 3FFE0440 len 00003AE0 (14 KiB): D/IRAM
I (497) heap_init: At 3FFE4350 len 0001BCB0 (111 KiB): D/IRAM
I (502) heap_init: At 40096F94 len 0000906C (36 KiB): IRAM
I (509) spi_flash: detected chip: generic
I (511) spi_flash: flash io: dio
W (514) spi_flash: Detected size(8192k) larger than the size in the binary image header(2048k). Using the size in the binary image header.
I (527) main_task: Started on CPU0
I (537) main_task: Calling app_main()
I (537) settings: Start Golioth Device Settings sample
[5n
Type 'help' to get the list of commands.
Use UP/DOWN arrows to navigate through command history.
Press TAB when typing command name to auto-complete.

Your terminal application does not support escape sequences.

Line editing and history features are disabled.

On Windows, try using Putty instead.
esp32> W (2057) settings: WiFi and golioth credentials are not set
W (2057) settings: Use the shell settings commands to set them, then restart

esp32> 
esp32> 
esp32> 
esp32> settings set wifi/ssid "***SAMS_ORANGE_PI_WIFI_SSID***"
Setting wifi/ssid saved
esp32> 
esp32> 
esp32> 
esp32> 
esp32> 
esp32> settings set wifi/psk "***SAMS_ORANGE_PI_WIFI_PSK***"
Setting wifi/psk saved
esp32> 
esp32> ::add-mask::generated-MeMcKqsUQsEsGvWJ

esp32> 
esp32> 
esp32> 
esp32> settings set golioth/psk-id "generated-MeMcKqsUQsEsGvWJ@firmware_ci"
Setting golioth/psk-id saved
esp32> 
esp32> 
esp32> 
esp32> 
esp32> 
esp32> settings set golioth/psk "generated-MeMcKqsUQsEsGvWJ"
Setting golioth/psk saved
esp32> 
esp32> 
esp32> 
esp32> 
esp32> 
esp32> reset
I (9977) shell: Resetting
ets Jul 29 2019 12:21:46

rst:0xc (SW_CPU_RESET),boot:0x13 (SPI_FAST_FLASH_BOOT)
configsip: 0, SPIWP:0xee
clk_drv:0x00,q_drv:0x00,d_drv:0x00,cs0_drv:0x00,hd_drv:0x00,wp_drv:0x00
mode:DIO, clock div:2
load:0x3fff0030,len:6276
load:0x40078000,len:15748
load:0x40080400,len:4
ho 8 tail 4 room 4
load:0x40080404,len:3860
entry 0x4008063c
I (31) boot: ESP-IDF v5.4.1 2nd stage bootloader
I (31) boot: compile time Oct 21 2025 13:47:46
I (31) boot: Multicore bootloader
I (32) boot: chip revision: v3.1
I (35) boot.esp32: SPI Speed      : 40MHz
I (39) boot.esp32: SPI Mode       : DIO
I (42) boot.esp32: SPI Flash Size : 2MB
I (46) boot: Enabling RNG early entropy source...
I (51) boot: Partition Table:
I (53) boot: ## Label            Usage          Type ST Offset   Length
I (59) boot:  0 nvs              WiFi data        01 02 00009000 00006000
I (66) boot:  1 phy_init         RF data          01 01 0000f000 00001000
I (72) boot:  2 factory          factory app      00 00 00010000 00100000
I (79) boot: End of partition table
I (82) esp_image: segment 0: paddr=00010020 vaddr=3f400020 size=24930h (149808) map
I (141) esp_image: segment 1: paddr=00034958 vaddr=3ff80000 size=0001ch (    28) load
I (141) esp_image: segment 2: paddr=0003497c vaddr=3ffb0000 size=040e8h ( 16616) load
I (151) esp_image: segment 3: paddr=00038a6c vaddr=40080000 size=075ach ( 30124) load
I (164) esp_image: segment 4: paddr=00040020 vaddr=400d0020 size=9eb80h (650112) map
I (386) esp_image: segment 5: paddr=000deba8 vaddr=400875ac size=0f9e8h ( 63976) load
I (423) boot: Loaded app from partition at offset 0x10000
I (423) boot: Disabling RNG early entropy source...
I (433) cpu_start: Multicore app
I (441) cpu_start: Pro cpu start user code
I (441) cpu_start: cpu freq: 160000000 Hz
I (441) app_init: Application information:
I (441) app_init: Project name:     settings
I (445) app_init: App version:      0e80716-dirty
I (450) app_init: Compile time:     Oct 21 2025 13:47:39
I (455) app_init: ELF file SHA256:  4f96aa98a...
I (459) app_init: ESP-IDF:          v5.4.1
I (463) efuse_init: Min chip rev:     v0.0
I (467) efuse_init: Max chip rev:     v3.99 
I (471) efuse_init: Chip rev:         v3.1
I (475) heap_init: Initializing. RAM available for dynamic allocation:
I (481) heap_init: At 3FFAE6E0 len 00001920 (6 KiB): DRAM
I (486) heap_init: At 3FFBBB28 len 000244D8 (145 KiB): DRAM
I (491) heap_init: At 3FFE0440 len 00003AE0 (14 KiB): D/IRAM
I (497) heap_init: At 3FFE4350 len 0001BCB0 (111 KiB): D/IRAM
I (502) heap_init: At 40096F94 len 0000906C (36 KiB): IRAM
I (509) spi_flash: detected chip: generic
I (511) spi_flash: flash io: dio
W (514) spi_flash: Detected size(8192k) larger than the size in the binary image header(2048k). Using the size in the binary image header.
I (527) main_task: Started on CPU0
I (537) main_task: Calling app_main()
I (537) settings: Start Golioth Device Settings sample
[5n
Type 'help' to get the list of commands.
Use UP/DOWN arrows to navigate through command history.
Press TAB when typing command name to auto-complete.

Your terminal application does not support escape sequences.

Line editing and history features are disabled.

On Windows, try using Putty instead.
esp32> I (1077) wifi_init: rx ba win: 6
I (1077) wifi_init: accept mbox: 6
I (1087) wifi_init: tcpip mbox: 32
I (1087) wifi_init: udp mbox: 6
I (1087) wifi_init: tcp mbox: 6
I (1097) wifi_init: tcp tx win: 5760
I (1097) wifi_init: tcp rx win: 5760
I (1097) wifi_init: tcp mss: 1440
I (1097) wifi_init: WiFi IRAM OP enabled
I (1107) wifi_init: WiFi RX IRAM OP enabled
I (1107) phy_init: phy_version 4860,6b7a6e5,Feb  6 2025,14:47:07
W (1107) phy_init: failed to load RF calibration data (0x1102), falling back to full calibration
I (1187) phy_init: Saving new calibration data due to checksum failure or outdated calibration data, mode(2)
I (3107) esp_netif_handlers: sta ip: 192.168.0.118, mask: 255.255.255.0, gw: 192.168.0.1
I (3107) example_wifi: WiFi Connected. Got IP:192.168.0.118
I (3107) example_wifi: Connected to AP SSID: ***SAMS_ORANGE_PI_WIFI_SSID***
I (3117) golioth_mbox: Mbox created, bufsize: 2688, num_items: 20, item_size: 128
W (3127) settings: Waiting for connection to Golioth...
I (3157) golioth_coap_client_libcoap: Start CoAP session with host: coaps://coap.golioth.io
I (3157) golioth_coap_client_libcoap: Session PSK-ID: generated-MeMcKqsUQsEsGvWJ@firmware_ci
I (3177) libcoap: Setting PSK key

I (3187) golioth_coap_client_libcoap: Entering CoAP I/O loop
I (3377) golioth_coap_client_libcoap: Golioth CoAP client connected
I (3387) settings: Golioth client connected
I (3387) settings: Sending hello! 0
I (3727) settings: Setting loop delay to 1 s
E (3737) golioth_settings: Failed to send a response to server: -12
I (3787) settings: Setting loop delay to 1 s
E (3787) golioth_settings: Failed to send a response to server: -12
I (5017) settings: Setting loop delay to 5 s
E (5017) golioth_s