Warning: Deprecated: Command 'write_flash' is deprecated. Use 'write-flash' instead.
esptool v5.1.0
Serial port /dev/serial/by-id/usb-Silicon_Labs_CP2102N_USB_to_UART_Bridge_Controller_061a7f3b498bef11918522ccef8776e9-if00-port0:
Connecting....
Detecting chip type... ESP32-C3
Connected to ESP32-C3 on /dev/serial/by-id/usb-Silicon_Labs_CP2102N_USB_to_UART_Bridge_Controller_061a7f3b498bef11918522ccef8776e9-if00-port0:
Chip type:          ESP32-C3 AZ (QFN32) (revision v1.1)
Features:           Wi-Fi, BT 5 (LE), Single Core, 160MHz, Embedded Flash 4MB (XMC)
Crystal frequency:  40MHz
MAC:                18:8b:0e:af:95:48

Uploading stub flasher...
Running stub flasher...
Stub flasher running.
Changing baud rate to 460800...
Changed.

Configuring flash size...
Erasing flash memory (this may take a while)...
Flash memory erased successfully in 1.3 seconds.
Compressed 1023280 bytes to 600546...
Writing at 0x00000000 [                              ]   0.0% 0/600546 bytes... 
Writing at 0x00011d27 [                              ]   2.7% 16384/600546 bytes... 
Writing at 0x0001e832 [>                             ]   5.5% 32768/600546 bytes... 
Writing at 0x0002ac41 [=>                            ]   8.2% 49152/600546 bytes... 
Writing at 0x0003378c [==>                           ]  10.9% 65536/600546 bytes... 
Writing at 0x0003bc7a [===>                          ]  13.6% 81920/600546 bytes... 
Writing at 0x00041d27 [===>                          ]  16.4% 98304/600546 bytes... 
Writing at 0x000480a0 [====>                         ]  19.1% 114688/600546 bytes... 
Writing at 0x0004e798 [=====>                        ]  21.8% 131072/600546 bytes... 
Writing at 0x000548a6 [======>                       ]  24.6% 147456/600546 bytes... 
Writing at 0x0005a238 [=======>                      ]  27.3% 163840/600546 bytes... 
Writing at 0x0005fe52 [========>                     ]  30.0% 180224/600546 bytes... 
Writing at 0x00066668 [========>                     ]  32.7% 196608/600546 bytes... 
Writing at 0x0006c1b5 [=========>                    ]  35.5% 212992/600546 bytes... 
Writing at 0x000722c8 [==========>                   ]  38.2% 229376/600546 bytes... 
Writing at 0x0007810d [===========>                  ]  40.9% 245760/600546 bytes... 
Writing at 0x0007e23a [============>                 ]  43.7% 262144/600546 bytes... 
Writing at 0x00083de5 [============>                 ]  46.4% 278528/600546 bytes... 
Writing at 0x000894a8 [=============>                ]  49.1% 294912/600546 bytes... 
Writing at 0x0008ef77 [==============>               ]  51.8% 311296/600546 bytes... 
Writing at 0x0009505e [===============>              ]  54.6% 327680/600546 bytes... 
Writing at 0x0009aa42 [================>             ]  57.3% 344064/600546 bytes... 
Writing at 0x000a0356 [=================>            ]  60.0% 360448/600546 bytes... 
Writing at 0x000a62ce [=================>            ]  62.7% 376832/600546 bytes... 
Writing at 0x000ac80d [==================>           ]  65.5% 393216/600546 bytes... 
Writing at 0x000b293a [===================>          ]  68.2% 409600/600546 bytes... 
Writing at 0x000b8dcb [====================>         ]  70.9% 425984/600546 bytes... 
Writing at 0x000beda5 [=====================>        ]  73.7% 442368/600546 bytes... 
Writing at 0x000c4a8a [=====================>        ]  76.4% 458752/600546 bytes... 
Writing at 0x000ca0c0 [======================>       ]  79.1% 475136/600546 bytes... 
Writing at 0x000cfedd [=======================>      ]  81.8% 491520/600546 bytes... 
Writing at 0x000d5b26 [========================>     ]  84.6% 507904/600546 bytes... 
Writing at 0x000dcbfc [=========================>    ]  87.3% 524288/600546 bytes... 
Writing at 0x000e2f10 [==========================>   ]  90.0% 540672/600546 bytes... 
Writing at 0x000e9d20 [==========================>   ]  92.8% 557056/600546 bytes... 
Writing at 0x000efc90 [===========================>  ]  95.5% 573440/600546 bytes... 
Writing at 0x000f5c7b [============================> ]  98.2% 589824/600546 bytes... 
Writing at 0x000f9d30 [==============================] 100.0% 600546/600546 bytes... 
Wrote 1023280 bytes (600546 compressed) at 0x00000000 in 18.0 seconds (455.5 kbit/s).
Hash of data verified.

Hard resetting via RTS pin...
Build:Jul 20 2023
rst:0x1 (POWERON),boot:0xc (SPI_FAST_FLASH_BOOT)
SPIWP:0xee
mode:DIO, clock div:1
load:0x3fcd5820,len:0x1574
load:0x403cc710,len:0xc30
load:0x403ce710,len:0x2f64
entry 0x403cc71a
I (31) boot: ESP-IDF v5.4.1 2nd stage bootloader
I (31) boot: compile time Oct 21 2025 13:53:12
I (31) boot: chip revision: v1.1
I (31) boot: efuse block revision: v1.3
I (35) boot.esp32c3: SPI Speed      : 80MHz
I (39) boot.esp32c3: SPI Mode       : DIO
I (42) boot.esp32c3: SPI Flash Size : 2MB
I (46) boot: Enabling RNG early entropy source...
I (51) boot: Partition Table:
I (53) boot: ## Label            Usage          Type ST Offset   Length
I (60) boot:  0 nvs              WiFi data        01 02 00009000 00006000
I (66) boot:  1 phy_init         RF data          01 01 0000f000 00001000
I (73) boot:  2 factory          factory app      00 00 00010000 00100000
I (79) boot: End of partition table
I (82) esp_image: segment 0: paddr=00010020 vaddr=3c0b0020 size=25b68h (154472) map
I (115) esp_image: segment 1: paddr=00035b90 vaddr=3fc93400 size=03050h ( 12368) load
I (117) esp_image: segment 2: paddr=00038be8 vaddr=40380000 size=07430h ( 29744) load
I (124) esp_image: segment 3: paddr=00040020 vaddr=42000020 size=add80h (712064) map
I (239) esp_image: segment 4: paddr=000edda8 vaddr=40387430 size=0bf40h ( 48960) load
I (248) esp_image: segment 5: paddr=000f9cf0 vaddr=50000200 size=0001ch (    28) load
I (255) boot: Loaded app from partition at offset 0x10000
I (255) boot: Disabling RNG early entropy source...
I (266) cpu_start: Unicore app
I (274) cpu_start: Pro cpu start user code
I (274) cpu_start: cpu freq: 160000000 Hz
I (274) app_init: Application information:
I (275) app_init: Project name:     set
I (278) app_init: App version:      0e80716-dirty
I (282) app_init: Compile time:     Oct 21 2025 13:53:05
I (288) app_init: ELF file SHA256:  7462aa000...
I (292) app_init: ESP-IDF:          v5.4.1
I (296) efuse_init: Min chip rev:     v0.3
I (299) efuse_init: Max chip rev:     v1.99 
I (303) efuse_init: Chip rev:         v1.1
I (307) heap_init: Initializing. RAM available for dynamic allocation:
I (314) heap_init: At 3FC9DEB0 len 00022150 (136 KiB): RAM
I (319) heap_init: At 3FCC0000 len 0001C710 (113 KiB): Retention RAM
I (325) heap_init: At 3FCDC710 len 0000294C (10 KiB): Retention RAM
I (331) heap_init: At 5000021C len 00001DCC (7 KiB): RTCRAM
I (337) spi_flash: detected chip: generic
I (340) spi_flash: flash io: dio
W (343) spi_flash: Detected size(4096k) larger than the size in the binary image header(2048k). Using the size in the binary image header.
I (355) sleep_gpio: Configure to isolate all GPIO pins in sleep state
I (361) sleep_gpio: Enable automatic switching of GPIO sleep configuration
I (368) main_task: Started on CPU0
I (378) main_task: Calling app_main()
I (378) lightdb: Start LightDB set sample
[5n
Type 'help' to get the list of commands.
Use UP/DOWN arrows to navigate through command history.
Press TAB when typing command name to auto-complete.

Your terminal application does not support escape sequences.

Line editing and history features are disabled.

On Windows, try using Putty instead.
esp32> W (888) lightdb: WiFi and Golioth credentials are not set. Use the shell settings commands to set them.

esp32> 
esp32> 
esp32> 
esp32> settings set wifi/ssid "***SAMS_ORANGE_PI_WIFI_SSID***"
Setting wifi/ssid saved
esp32> 
esp32> 
esp32> 
esp32> 
esp32> 
esp32> settings set wifi/psk "***SAMS_ORANGE_PI_WIFI_PSK***"
Setting wifi/psk saved
esp32> 
esp32> ::add-mask::generated-dnPnSslPUNCoDYWm

esp32> 
esp32> 
esp32> 
esp32> settings set golioth/psk-id "generated-dnPnSslPUNCoDYWm@firmware_ci"
Setting golioth/psk-id saved
esp32> 
esp32> 
esp32> 
esp32> 
esp32> 
esp32> settings set golioth/psk "generated-dnPnSslPUNCoDYWm"
Setting golioth/psk saved
esp32> 
esp32> I (9908) pp: pp rom version: 74f9620
I (9908) net80211: net80211 rom version: 74f9620
I (9928) wifi_init: rx ba win: 6
I (9928) wifi_init: accept mbox: 6
I (9928) wifi_init: tcpip mbox: 32
I (9928) wifi_init: udp mbox: 6
I (9928) wifi_init: tcp mbox: 6
I (9938) wifi_init: tcp tx win: 5760
I (9938) wifi_init: tcp rx win: 5760
I (9938) wifi_init: tcp mss: 1440
I (9948) wifi_init: WiFi IRAM OP enabled
I (9948) wifi_init: WiFi RX IRAM OP enabled
I (9948) phy_init: phy_version 1200,2b7123f9,Feb 18 2025,15:22:21
W (9958) phy_init: failed to load RF calibration data (0x1102), falling back to full calibration
I (9998) phy_init: Saving new calibration data due to checksum failure or outdated calibration data, mode(2)
I (11908) esp_netif_handlers: sta ip: 192.168.0.121, mask: 255.255.255.0, gw: 192.168.0.1
I (11908) example_wifi: WiFi Connected. Got IP:192.168.0.121
I (11918) example_wifi: Connected to AP SSID: ***SAMS_ORANGE_PI_WIFI_SSID***
I (11918) golioth_mbox: Mbox created, bufsize: 2688, num_items: 20, item_size: 128
W (11928) lightdb: Waiting for connection to Golioth...
I (11968) golioth_coap_client_libcoap: Start CoAP session with host: coaps://coap.golioth.io
I (11968) golioth_coap_client_libcoap: Session PSK-ID: generated-dnPnSslPUNCoDYWm@firmware_ci
I (11978) libcoap: Setting PSK key

I (11988) golioth_coap_client_libcoap: Entering CoAP I/O loop
I (13658) golioth_coap_client_libcoap: Golioth CoAP client connected
I (13658) lightdb: Golioth client connected
I (13668) lightdb: Setting counter to 0
I (13668) lightdb: Before request (async)
I (13678) lightdb: After request (async)
I (14048) lightdb: Counter successfully set
I (18678) lightdb: Setting counter to 1
I (18678) lightdb: Before request (sync)
I (18808) lightdb: Counter successfully set
I (18808) lightdb: After request (sync)
I (23808) lightdb: Setting counter to 2
I (23808) lightdb: Before request (json async)
I (23808) lightdb: After request (json async)
I (23928) lightdb: Counter successfully set
I (28808) lightdb: Setting counter to 3
I (28808) lightdb: Before request (cbor sync)
I (28938) lightdb: Counter successfully set
I (28938) lightdb: 