Warning: Deprecated: Command 'write_flash' is deprecated. Use 'write-flash' instead.
esptool v5.1.0
Serial port /dev/serial/by-id/usb-Silicon_Labs_CP2102N_USB_to_UART_Bridge_Controller_061a7f3b498bef11918522ccef8776e9-if00-port0:
Connecting....
Detecting chip type... ESP32-C3
Connected to ESP32-C3 on /dev/serial/by-id/usb-Silicon_Labs_CP2102N_USB_to_UART_Bridge_Controller_061a7f3b498bef11918522ccef8776e9-if00-port0:
Chip type:          ESP32-C3 AZ (QFN32) (revision v1.1)
Features:           Wi-Fi, BT 5 (LE), Single Core, 160MHz, Embedded Flash 4MB (XMC)
Crystal frequency:  40MHz
MAC:                18:8b:0e:af:95:48

Uploading stub flasher...
Running stub flasher...
Stub flasher running.
Changing baud rate to 460800...
Changed.

Configuring flash size...
Erasing flash memory (this may take a while)...
Flash memory erased successfully in 0.3 seconds.
Compressed 1045904 bytes to 609577...
Writing at 0x00000000 [                              ]   0.0% 0/609577 bytes... 
Writing at 0x00011d5c [                              ]   2.7% 16384/609577 bytes... 
Writing at 0x0001e7c2 [>                             ]   5.4% 32768/609577 bytes... 
Writing at 0x0002b4d2 [=>                            ]   8.1% 49152/609577 bytes... 
Writing at 0x00032afd [==>                           ]  10.8% 65536/609577 bytes... 
Writing at 0x0003dde7 [===>                          ]  13.4% 81920/609577 bytes... 
Writing at 0x000439e8 [===>                          ]  16.1% 98304/609577 bytes... 
Writing at 0x0004a220 [====>                         ]  18.8% 114688/609577 bytes... 
Writing at 0x0005033d [=====>                        ]  21.5% 131072/609577 bytes... 
Writing at 0x00056229 [======>                       ]  24.2% 147456/609577 bytes... 
Writing at 0x0005bc52 [=======>                      ]  26.9% 163840/609577 bytes... 
Writing at 0x00061ea0 [=======>                      ]  29.6% 180224/609577 bytes... 
Writing at 0x00068262 [========>                     ]  32.3% 196608/609577 bytes... 
Writing at 0x0006dfc4 [=========>                    ]  34.9% 212992/609577 bytes... 
Writing at 0x00074347 [==========>                   ]  37.6% 229376/609577 bytes... 
Writing at 0x0007a09c [===========>                  ]  40.3% 245760/609577 bytes... 
Writing at 0x0007fdfa [===========>                  ]  43.0% 262144/609577 bytes... 
Writing at 0x00085bec [============>                 ]  45.7% 278528/609577 bytes... 
Writing at 0x0008b35a [=============>                ]  48.4% 294912/609577 bytes... 
Writing at 0x00090fb4 [==============>               ]  51.1% 311296/609577 bytes... 
Writing at 0x00096fe5 [===============>              ]  53.8% 327680/609577 bytes... 
Writing at 0x0009cc6e [===============>              ]  56.4% 344064/609577 bytes... 
Writing at 0x000a2351 [================>             ]  59.1% 360448/609577 bytes... 
Writing at 0x000a8254 [=================>            ]  61.8% 376832/609577 bytes... 
Writing at 0x000aea85 [==================>           ]  64.5% 393216/609577 bytes... 
Writing at 0x000b4c70 [===================>          ]  67.2% 409600/609577 bytes... 
Writing at 0x000bacd0 [===================>          ]  69.9% 425984/609577 bytes... 
Writing at 0x000c0ea8 [====================>         ]  72.6% 442368/609577 bytes... 
Writing at 0x000c6adc [=====================>        ]  75.3% 458752/609577 bytes... 
Writing at 0x000cc1b3 [======================>       ]  77.9% 475136/609577 bytes... 
Writing at 0x000d1f6e [=======================>      ]  80.6% 491520/609577 bytes... 
Writing at 0x000d7c84 [=======================>      ]  83.3% 507904/609577 bytes... 
Writing at 0x000ded9e [========================>     ]  86.0% 524288/609577 bytes... 
Writing at 0x000e57ac [=========================>    ]  88.7% 540672/609577 bytes... 
Writing at 0x000ebd5b [==========================>   ]  91.4% 557056/609577 bytes... 
Writing at 0x000f1e82 [===========================>  ]  94.1% 573440/609577 bytes... 
Writing at 0x000f811c [============================> ]  96.8% 589824/609577 bytes... 
Writing at 0x000fdec9 [============================> ]  99.4% 606208/609577 bytes... 
Writing at 0x000ff590 [==============================] 100.0% 609577/609577 bytes... 
Wrote 1045904 bytes (609577 compressed) at 0x00000000 in 18.1 seconds (461.4 kbit/s).
Hash of data verified.

Hard resetting via RTS pin...
Build:Jul 20 2023
rst:0x1 (POWERON),boot:0xc (SPI_FAST_FLASH_BOOT)
SPIWP:0xee
mode:DIO, clock div:1
load:0x3fcd5820,len:0x1574
load:0x403cc710,len:0xc30
load:0x403ce710,len:0x2ff0
entry 0x403cc71a
I (31) boot: ESP-IDF v5.4.1 2nd stage bootloader
I (31) boot: compile time Oct 21 2025 13:40:27
I (31) boot: chip revision: v1.1
I (31) boot: efuse block revision: v1.3
I (35) boot.esp32c3: SPI Speed      : 80MHz
I (39) boot.esp32c3: SPI Mode       : DIO
I (42) boot.esp32c3: SPI Flash Size : 4MB
I (46) boot: Enabling RNG early entropy source...
I (51) boot: Partition Table:
I (53) boot: ## Label            Usage          Type ST Offset   Length
I (60) boot:  0 nvs              WiFi data        01 02 00009000 00004000
I (66) boot:  1 otadata          OTA data         01 00 0000d000 00002000
I (73) boot:  2 phy_init         RF data          01 01 0000f000 00001000
I (79) boot:  3 factory          factory app      00 00 00010000 00100000
I (86) boot:  4 ota_0            OTA app          00 10 00110000 00100000
I (92) boot:  5 ota_1            OTA app          00 11 00210000 00100000
I (99) boot: End of partition table
I (102) boot: Defaulting to factory image
I (106) esp_image: segment 0: paddr=00010020 vaddr=3c0b0020 size=2a128h (172328) map
I (141) esp_image: segment 1: paddr=0003a150 vaddr=3fc93600 size=030a8h ( 12456) load
I (143) esp_image: segment 2: paddr=0003d200 vaddr=40380000 size=02e18h ( 11800) load
I (147) esp_image: segment 3: paddr=00040020 vaddr=42000020 size=aef04h (716548) map
I (266) esp_image: segment 4: paddr=000eef2c vaddr=40382e18 size=10614h ( 67092) load
I (279) esp_image: segment 5: paddr=000ff548 vaddr=50000200 size=0001ch (    28) load
I (285) boot: Loaded app from partition at offset 0x10000
I (285) boot: Disabling RNG early entropy source...
I (296) cpu_start: Unicore app
D (296) cpu_start: Pro cpu up
D (304) clk: RTC_SLOW_CLK calibration value: 3809984
D (309) cpu_start: calling init function: 0x42000216 on core: 0
D (309) cpu_start: calling init function: 0x420007fe on core: 0
I (310) cpu_start: Pro cpu start user code
I (313) cpu_start: cpu freq: 160000000 Hz
D (317) cpu_start: calling init function: 0x420000ce on core: 0
I (323) app_init: Application information:
I (326) app_init: Project name:     certificate_auth
I (331) app_init: App version:      0e80716-dirty
I (336) app_init: Compile time:     Oct 21 2025 13:40:21
I (341) app_init: ELF file SHA256:  e40b2b062...
I (345) app_init: ESP-IDF:          v5.4.1
D (349) cpu_start: calling init function: 0x42000226 on core: 0
I (354) efuse_init: Min chip rev:     v0.3
I (358) efuse_init: Max chip rev:     v1.99 
I (362) efuse_init: Chip rev:         v1.1
D (366) cpu_start: calling init function: 0x42001fba on core: 0
D (372) memory_layout: Checking 5 reserved memory ranges:
D (377) memory_layout: Reserved memory range 0x3fc80000 - 0x3fc93600
D (383) memory_layout: Reserved memory range 0x3fc93600 - 0x3fc9dfe0
D (389) memory_layout: Reserved memory range 0x3fcdf05c - 0x3fce0000
D (395) memory_layout: Reserved memory range 0x50000000 - 0x5000021c
D (401) memory_layout: Reserved memory range 0x50001fe8 - 0x50002000
D (407) memory_layout: Building list of available memory regions:
D (413) memory_layout: Available memory region 0x3fc9dfe0 - 0x3fca0000
D (419) memory_layout: Available memory region 0x3fca0000 - 0x3fcc0000
D (425) memory_layout: Available memory region 0x3fcc0000 - 0x3fcdc710
D (432) memory_layout: Available memory region 0x3fcdc710 - 0x3fcdf05c
D (438) memory_layout: Available memory region 0x5000021c - 0x50001fe8
I (444) heap_init: Initializing. RAM available for dynamic allocation:
D (451) heap_init: New heap initialised at 0x3fc9dfe0
I (455) heap_init: At 3FC9DFE0 len 00022020 (136 KiB): RAM
D (460) heap_init: New heap initialised at 0x3fcc0000
I (465) heap_init: At 3FCC0000 len 0001C710 (113 KiB): Retention RAM
I (471) heap_init: At 3FCDC710 len 0000294C (10 KiB): Retention RAM
D (477) heap_init: New heap initialised at 0x5000021c
I (482) heap_init: At 5000021C len 00001DCC (7 KiB): RTCRAM
D (487) cpu_start: calling init function: 0x42004daa on core: 0
D (493) cpu_start: calling init function: 0x420043de on core: 0
D (499) cpu_start: calling init function: 0x42000872 on core: 0
D (504) intr_alloc: Connected src 27 to int 2 (cpu 0)
D (509) cpu_start: calling init function: 0x42000880 on core: 0
D (515) cpu_start: calling init function: 0x42005f62 on core: 0
D (520) cpu_start: calling init function: 0x42008bec on core: 0
D (526) cpu_start: calling init function: 0x4200aab0 on core: 0
D (532) 
esp32> 
esp32> 
esp32> 
esp32> settings set wifi/ssid "***SAMS_ORANGE_PI_WIFI_SSID***"
D (6026) nvs: nvs_open_from_partition example 1
D (6026) nvs: nvs_set_str w_ssid ***SAMS_ORANGE_PI_WIFI_SSID***
D (6026) nvs: nvs_close 7
Setting wifi/ssid saved
esp32> 
esp32> 
esp32> 
esp32> 
esp32> 
esp32> settings set wifi/psk "***SAMS_ORANGE_PI_WIFI_PSK***"
D (6066) nvs: nvs_open_from_partition example 1
D (6066) nvs: nvs_set_str w_pass ***SAMS_ORANGE_PI_WIFI_PSK***
D (6066) nvs: nvs_close 8
Setting wifi/psk saved
esp32> 
esp32> D (6326) nvs: nvs_open_from_partition example 1
D (6326) nvs: nvs_get_str_or_blob w_ssid
D (6326) nvs: nvs_close 9
D (6326) nvs: nvs_open_from_partition example 1
D (6336) nvs: nvs_get_str_or_blob w_pass
D (6336) nvs: nvs_close 10
D (6336) nvs: nvs_open_from_partition example 1
D (6346) nvs: nvs_get_str_or_blob w_ssid
D (6346) nvs: nvs_close 11
D (6346) nvs: nvs_open_from_partition example 1
D (6346) nvs: nvs_get_str_or_blob w_pass
D (6356) nvs: nvs_close 12
D (6356) esp_netif_lwip: LwIP stack has been initialized
D (6356) esp_netif_lwip: esp-netif has been successfully initialized
D (6366) event: running task for loop 0x3fca5968
D (6366) event: created task for loop 0x3fca5968
D (6376) event: created event loop 0x3fca5968
D (6376) esp_netif_lwip: check: remote, if=0x3fca0af8 fn=0x42040622
D (6386) esp_netif_objects: esp_netif_add_to_list_unsafe netif added successfully (total netifs: 1)
D (6396) esp_netif_lwip: call api in lwip: ret=0x0, give sem
I (6406) pp: pp rom version: 74f9620
I (6406) net80211: net80211 rom version: 74f9620
D (6406) nvs: nvs_open_from_partition misc 1
D (6426) efuse: BLK1 REG1 [8-15], len=8 bits
D (6426) efuse: BLK1 REG1 [0-7], len=8 bits
D (6426) efuse: BLK1 REG0 [24-31], len=8 bits
D (6426) efuse: BLK1 REG0 [16-23], len=8 bits
D (6426) efuse: BLK1 REG0 [8-15], len=8 bits
D (6426) efuse: BLK1 REG0 [0-7], len=8 bits
D (6436) nvs: nvs_open_from_partition nvs.net80211 1
D (6446) nvs: nvs_get opmode 1
D (6446) nvs: nvs_get_str_or_blob sta.ssid
D (6446) nvs: nvs_get sta.authmode 1
D (6456) nvs: nvs_get_str_or_blob sta.pswd
D (6456) nvs: nvs_get_str_or_blob sta.pmk
D (6456) nvs: nvs_get sta.chan 1
D (6466) nvs: nvs_get auto.conn 1
D (6466) nvs: nvs_get bssid.set 1
D (6466) nvs: nvs_get_str_or_blob sta.bssid
D (6466) nvs: nvs_get sta.lis_intval 2
D (6476) nvs: nvs_get sta.phym 1
D (6476) nvs: nvs_get sta.phybw 1
D (6476) nvs: nvs_get_str_or_blob sta.apsw
D (6496) nvs: nvs_get_str_or_blob sta.apinfo
D (6496) nvs: nvs_get sta.scan_method 1
D (6496) nvs: nvs_get sta.sort_method 1
D (6506) nvs: nvs_get sta.minrssi 1
D (6506) nvs: nvs_get sta.minauth 1
D (6506) nvs: nvs_get sta.pmf_e 1
D (6506) nvs: nvs_get sta.pmf_r 1
D (6516) nvs: nvs_get sta.btm_e 1
D (6516) nvs: nvs_get sta.rrm_e 1
D (6516) nvs: nvs_get sta.mbo_e 1
D (6516) nvs: nvs_get_str_or_blob ap.ssid
D (6526) nvs: nvs_get_str_or_blob ap.passwd
D (6526) nvs: nvs_get_str_or_blob ap.pmk
D (6526) nvs: nvs_get ap.chan 1
D (6536) nvs: nvs_get ap.authmode 1
D (6536) nvs: nvs_get ap.hidden 1
D (6536) nvs: nvs_get ap.max.conn 1
D (6546) nvs: nvs_get bcn.interval 2
D (6546) nvs: nvs_get ap.phym 1
D (6546) nvs: nvs_get ap.phybw 1
D (6546) nvs: nvs_get ap.sndchan 1
D (6556) nvs: nvs_get ap.pmf_e 1
D (6556) nvs: nvs_get ap.pmf_r 1
D (6556) nvs: nvs_get ap.p_cipher 1
D (6556) nvs: nvs_get lorate 1
D (6576) nvs: nvs_get_str_or_blob country
D (6576) nvs: nvs_get ap.ftm_r 1
D (6576) nvs: nvs_get sta.ft 1
D (6576) nvs: nvs_get sta.owe 1
D (6586) nvs: nvs_get sta.trans_d 1
D (6586) nvs: nvs_get sta.sae_h2e 1
D (6586) nvs: nvs_get sta.sae_pk_mode 1
D (6596) nvs: nvs_get sta.bss_retry 1
D (6596) nvs: nvs_get_str_or_blob sta.owe_data
D (6596) nvs: nvs_get sta.he_dcm 1
D (6606) nvs: nvs_get sta.he_dcm_c_tx 1
D (6606) nvs: nvs_get sta.he_dcm_c_rx 1
D (6606) nvs: nvs_get sta.he_mcs9_d 1
D (6606) nvs: nvs_get sta.he_su_b_d 1
D (6616) nvs: nvs_get sta.he_su_b_f_d 1
D (6616) nvs: nvs_get sta.he_mu_b_f_d 1
D (6616) nvs: nvs_get sta.he_cqi_f_d 1
D (6626) nvs: nvs_get_str_or_blob sta.sae_h2e_id
D (6626) nvs: nvs_get ap.sae_h2e 1
D (6626) nvs: nvs_get_str_or_blob ap.pmk_info
D (6636) nvs: nvs_get nan.phym 1
D (6636) nvs: nvs_get sta.pwr_reset 1
D (6636) nvs: nvs_get band_mode 1
D (6656) nvs: nvs_get sta.phym5g 1
D (6656) nvs: nvs_get ap.phym5g 1
D (6656) nvs: nvs_get sta.phybw5g 1
D (6656) nvs: nvs_get ap.phybw5g 1
D (6666) nvs: nvs_get ap.sndchan5g 1
D (6666) nvs: nvs_get ap.chan5g 1
D (6666) nvs: nvs_get ap.chanisset 1
D (6666) nvs: nvs_get ap.chan5gisset 1
D (6676) nvs: nvs_get sta.rssi_5g_adj 1
D (6676) nvs: nvs_get ap.csa_count 1
D (6676) nvs: nvs_get ap.dtim_period 1
D (6686) nvs: nvs_get ap.trans_d 1
D (6686) nvs: nvs_set ap.sndchan 1 1
I (6686) wifi_init: rx ba win: 6
I (6686) wifi_init: accept mbox: 6
I (6696) wifi_init: tcpip mbox: 32
I (6696) wifi_init: udp mbox: 6
I (6696) wifi_init: tcp mbox: 6
I (6696) wifi_init: tcp tx win: 5760
I (6706) wifi_init: tcp rx win: 5760
I (6716) wifi_init: tcp mss: 1440
I (6716) wifi_init: WiFi IRAM OP enabled
I (6726) wifi_init: WiFi RX IRAM OP enabled
I (6726) phy_init: phy_version 1200,2b7123f9,Feb 18 2025,15:22:21
D (6726) phy_init: loading PHY init data from application binary
D (6736) nvs: nvs_open_from_partition phy 0
D (6736) phy_init: esp_phy_load_cal_data_from_nvs: failed to open NVS namespace (0x1102)
W (6746) phy_init: failed to load RF calibration data (0x1102), falling back to full calibration
D (6756) efuse: BLK1 REG1 [8-15], len=8 bits
D (6756) efuse: BLK1 REG1 [0-7], len=8 bits
D (6756) efuse: BLK1 REG0 [24-31], len=8 bits
D (6756) efuse: BLK1 REG0 [16-23], len=8 bits
D (6766) efuse: BLK1 REG0 [8-15], len=8 bits
D (6766) efuse: BLK1 REG0 [0-7], len=8 bits
D (6786) temperature_sensor: range changed, change to index 2
I (6806) phy_init: Saving new calibration data due to checksum failure or outdated calibration data, mode(2)
D (6806) nvs: nvs_open_from_partition phy 1
D (6816) nvs: nvs_set_blob cal_data 1904
D (6826) efuse: BLK1 REG1 [8-15], len=8 bits
D (6826) efuse: BLK1 REG1 [0-7], len=8 bits
D (6826) efuse: BLK1 REG0 [24-31], len=8 bits
D (6826) efuse: BLK1 REG0 [16-23], len=8 bits
D (6826) efuse: BLK1 REG0 [8-15], len=8 bits
D (6836) efuse: BLK1 REG0 [0-7], len=8 bits
D (6836) nvs: nvs_set_blob cal_mac 6
D (6846) nvs: nvs_set cal_version 4 1200
D (6846) nvs: nvs_close 15
D (6846) event: running post WIFI_EVENT:43 with handler 0x4200b600 and context 0x3fca78f4 on loop 0x3fca5968
D (6866) event: running post WIFI_EVENT:2 with handler 0x42043428 and context 0x3fca6ac8 on loop 0x3fca5968
D (6876) wifi_init_default: wifi_start esp-netif:0x3fca68b0 event-id2
D (6876) wifi_init_default: WIFI mac address: 18 8b e af 95 48
D (6886) esp_netif_lwip: check: remote, if=0x3fca68b0 fn=0x4203fe00
D (6886) esp_netif_lwip: call api in lwip: ret=0x0, give sem
D (6896) esp_netif_handlers: esp_netif action has started with netif0x3fca68b0 from event_id=2
D (6896) esp_netif_lwip: check: remote, if=0x3fca68b0 fn=0x42040986
D (6906) esp_netif_lwip: esp_netif_start_api 0x3fca68b0
D (6906) esp_netif_lwip: esp_netif_get_hostname esp_netif:0x3fca68b0
D (6916) esp_netif_lwip: call api in lwip: ret=0x0, give sem
D (6916) event: running post WIFI_EVENT:2 with handler 0x4200b600 and context 0x3fca78f4 on loop 0x3fca5968
D (7546) gdma: new group (0) at 0x3fcb04fc
D (7546) gdma: new pair (0,0) at 0x3fcb03cc
D (7546) gdma: new tx channel (0,0) at 0x3fcb04c4
D (7546) gdma: new rx channel (0,0) at 0x3fcb0578
D (7806) event: running post WIFI_EVENT:43 with handler 0x4200b600 and context 0x3fca78f4 on loop 0x3fca5968
D (7826) intr_alloc: Connected src 48 to int 9 (cpu 0)
D (7826) event: running post WIFI_EVENT:4 with handler 0x4204336c and context 0x3fca6b28 on loop 0x3fca5968
D (7826) esp_netif_handlers: esp_netif action connected with netif0x3fca68b0 from event_id=4
D (7836) esp_netif_lwip: check: remote, if=0x3fca68b0 fn=0x42040d2c
D (7846) esp_netif_lwip: esp_netif_up_api esp_netif:0x3fca68b0
D (7846) esp_netif_lwip: call api in lwip: ret=0x0, give sem
D (7846) esp_netif_lwip: check: remote, if=0x3fca68b0 fn=0x4204024e
D (7856) esp_netif_lwip: esp_netif_dhcpc_start_api esp_netif:0x3fca68b0
D (7876) esp_netif_lwip: esp_netif_start_ip_lost_timer esp_netif:0x3fca68b0
D (7876) esp_netif_lwip: if0x3fca68b0 start ip lost tmr: interval=120
D (7886) esp_netif_lwip: starting dhcp client
D (7886) esp_netif_lwip: call api in lwip: ret=0x0, give sem
D (7886) event: running post WIFI_EVENT:4 with handler 0x4200b600 and context 0x3fca78f4 on loop 0x3fca5968
D (11006) esp_netif_lwip: esp_netif_internal_dhcpc_cb lwip-netif:0x3fca693c
D (11006) esp_netif_lwip: check: local, if=0x3fca68b0 fn=0x420414dc
D (11016) esp_netif_lwip: esp_netif_update_default_netif_lwip 0x3fca68b0
D (11016) esp_netif_lwip: if0x3fca68b0 ip changed=1
D (11016) event: running post IP_EVENT:0 with handler 0x42043598 and context 0x3fca6b9c on loop 0x3fca5968
D (11026) wifi_init_default: Got IP wifi default handler entered
D (11036) esp_netif_handlers: esp_netif action got_ip with netif0x3fca68b0 from event_id=0
I (11036) esp_netif_handlers: sta ip: 192.168.0.121, mask: 255.255.255.0, gw: 192.168.0.1
D (11046) event: running post IP_EVENT:0 with handler 0x4200b600 and context 0x3fcafc2c on loop 0x3fca5968
I (11056) example_wifi: WiFi Connected. Got IP:192.168.0.121
I (11056) example_wifi: Connected to AP SSID: ***SAMS_ORANGE_PI_WIFI_SSID***
I (11076) golioth_mbox: Mbox created, bufsize: 2688, num_items: 20, item_size: 128
I (11086) certificate_auth: Counter = 0
I (11116) golioth_coap_client_libcoap: Start CoAP session with host: coaps://coap.golioth.io
D (11116) RANDOM: getrandom(buf=0x3fcb3c28, buflen=2, flags=0)
D (11126) RANDOM: getrandom returns 2
D (11126) RANDOM: getrandom(buf=0x3fcb3ccc, buflen=4, flags=0)
D (11136) RANDOM: getrandom returns 4
I (11166) golioth_coap_client_libcoap: Entering CoAP I/O loop
D (11166) RANDOM: getrandom(buf=0x3fcb334c, buflen=1, flags=0)
D (11166) RANDOM: getrandom returns 1
I (12596) golioth_coap_client_libcoap: Golioth CoAP client connected
I (12596) certificate_auth: Golioth client connected
D (12596) RANDOM: getrandom(buf=0x3fcb3398, buflen=1, flags=0)
D (12606) RANDOM: getrandom returns 1
D (12636) RANDOM: getrandom(buf=0x3fcb3398, buflen=1, flags=0)
D (12636) RANDOM: getrandom returns 1
D (12676) RANDOM: getrandom(buf=0x3fcb3398, buflen=1, flags=0)
D (12676) RANDOM: getrandom returns 1
I (16086) certificate_auth: Counter = 1
D (16086) RANDOM: getrandom(buf=0x3fcb3398, buflen=1, flags=0)
D (16086) RANDOM: getrandom returns 1
I (21086) certificate_auth: Counter = 2
D (21086) RANDOM: getrandom(buf=0x3fcb3398, buflen=1, flags=0)
D (21086) RANDOM: getrandom returns 1
I (26086) certificate_auth: Counter = 3
D (26086) RANDOM: getra