Warning: Deprecated: Command 'write_flash' is deprecated. Use 'write-flash' instead.
esptool v5.1.0
Serial port /dev/serial/by-id/usb-Silicon_Labs_CP2102N_USB_to_UART_Bridge_Controller_90568bbbd827ee11b31a14d8f49e3369-if00-port0:
Connecting......
Detecting chip type... ESP32
Connected to ESP32 on /dev/serial/by-id/usb-Silicon_Labs_CP2102N_USB_to_UART_Bridge_Controller_90568bbbd827ee11b31a14d8f49e3369-if00-port0:
Chip type:          ESP32-D0WD-V3 (revision v3.1)
Features:           Wi-Fi, BT, Dual Core + LP Core, 240MHz, Vref calibration in eFuse, Coding Scheme None
Crystal frequency:  40MHz
MAC:                a0:a3:b3:8b:38:c0

Uploading stub flasher...
Running stub flasher...
Stub flasher running.
Changing baud rate to 460800...
Changed.

Configuring flash size...
Erasing flash memory (this may take a while)...
Flash memory erased successfully in 2.1 seconds.
Compressed 975808 bytes to 613470...
Writing at 0x00000000 [                              ]   0.0% 0/613470 bytes... 
Writing at 0x000074c3 [                              ]   2.7% 16384/613470 bytes... 
Writing at 0x0001c0a6 [>                             ]   5.3% 32768/613470 bytes... 
Writing at 0x00028f6e [=>                            ]   8.0% 49152/613470 bytes... 
Writing at 0x00031766 [==>                           ]  10.7% 65536/613470 bytes... 
Writing at 0x0003b264 [===>                          ]  13.4% 81920/613470 bytes... 
Writing at 0x0004098e [===>                          ]  16.0% 98304/613470 bytes... 
Writing at 0x00046293 [====>                         ]  18.7% 114688/613470 bytes... 
Writing at 0x0004babc [=====>                        ]  21.4% 131072/613470 bytes... 
Writing at 0x00050f40 [======>                       ]  24.0% 147456/613470 bytes... 
Writing at 0x00056104 [=======>                      ]  26.7% 163840/613470 bytes... 
Writing at 0x0005b46a [=======>                      ]  29.4% 180224/613470 bytes... 
Writing at 0x00060b47 [========>                     ]  32.0% 196608/613470 bytes... 
Writing at 0x00065c3f [=========>                    ]  34.7% 212992/613470 bytes... 
Writing at 0x0006aec0 [==========>                   ]  37.4% 229376/613470 bytes... 
Writing at 0x000701d3 [===========>                  ]  40.1% 245760/613470 bytes... 
Writing at 0x000752ce [===========>                  ]  42.7% 262144/613470 bytes... 
Writing at 0x0007a62b [============>                 ]  45.4% 278528/613470 bytes... 
Writing at 0x0007fb1e [=============>                ]  48.1% 294912/613470 bytes... 
Writing at 0x0008540c [==============>               ]  50.7% 311296/613470 bytes... 
Writing at 0x0008ae99 [===============>              ]  53.4% 327680/613470 bytes... 
Writing at 0x000901d2 [===============>              ]  56.1% 344064/613470 bytes... 
Writing at 0x00095431 [================>             ]  58.8% 360448/613470 bytes... 
Writing at 0x0009ab4b [=================>            ]  61.4% 376832/613470 bytes... 
Writing at 0x000a02b8 [==================>           ]  64.1% 393216/613470 bytes... 
Writing at 0x000a55c3 [===================>          ]  66.8% 409600/613470 bytes... 
Writing at 0x000aab5e [===================>          ]  69.4% 425984/613470 bytes... 
Writing at 0x000b0643 [====================>         ]  72.1% 442368/613470 bytes... 
Writing at 0x000b57a1 [=====================>        ]  74.8% 458752/613470 bytes... 
Writing at 0x000ba9e5 [======================>       ]  77.5% 475136/613470 bytes... 
Writing at 0x000c03ad [=======================>      ]  80.1% 491520/613470 bytes... 
Writing at 0x000c7a9d [=======================>      ]  82.8% 507904/613470 bytes... 
Writing at 0x000ce0cc [========================>     ]  85.5% 524288/613470 bytes... 
Writing at 0x000d5979 [=========================>    ]  88.1% 540672/613470 bytes... 
Writing at 0x000db21e [==========================>   ]  90.8% 557056/613470 bytes... 
Writing at 0x000e0c5f [===========================>  ]  93.5% 573440/613470 bytes... 
Writing at 0x000e693b [===========================>  ]  96.1% 589824/613470 bytes... 
Writing at 0x000ebbb4 [============================> ]  98.8% 606208/613470 bytes... 
Writing at 0x000ee3c0 [==============================] 100.0% 613470/613470 bytes... 
Wrote 975808 bytes (613470 compressed) at 0x00000000 in 18.0 seconds (433.3 kbit/s).
Hash of data verified.

Hard resetting via RTS pin...
x00,d_drv:0x00,cs0_drv:0x00,hd_drv:0x00,wp_drv:0x00
mode:DIO, clock div:2
load:0x3fff0030,len:6276
load:0x40078000,len:15748
load:0x40080400,len:4
ho 8 tail 4 room 4
load:0x40080404,len:3860
entry 0x4008063c
I (31) boot: ESP-IDF v5.4.1 2nd stage bootloader
I (31) boot: compile time Oct 21 2025 13:52:01
I (31) boot: Multicore bootloader
I (32) boot: chip revision: v3.1
I (35) boot.esp32: SPI Speed      : 40MHz
I (39) boot.esp32: SPI Mode       : DIO
I (43) boot.esp32: SPI Flash Size : 2MB
I (46) boot: Enabling RNG early entropy source...
I (51) boot: Partition Table:
I (53) boot: ## Label            Usage          Type ST Offset   Length
I (60) boot:  0 nvs              WiFi data        01 02 00009000 00006000
I (66) boot:  1 phy_init         RF data          01 01 0000f000 00001000
I (73) boot:  2 factory          factory app      00 00 00010000 00100000
I (79) boot: End of partition table
I (82) esp_image: segment 0: paddr=00010020 vaddr=3f400020 size=249a0h (149920) map
I (141) esp_image: segment 1: paddr=000349c8 vaddr=3ff80000 size=0001ch (    28) load
I (141) esp_image: segment 2: paddr=000349ec vaddr=3ffb0000 size=040e8h ( 16616) load
I (151) esp_image: segment 3: paddr=00038adc vaddr=40080000 size=0753ch ( 30012) load
I (164) esp_image: segment 4: paddr=00040020 vaddr=400d0020 size=9e910h (649488) map
I (386) esp_image: segment 5: paddr=000de938 vaddr=4008753c size=0fa58h ( 64088) load
I (422) boot: Loaded app from partition at offset 0x10000
I (423) boot: Disabling RNG early entropy source...
I (433) cpu_start: Multicore app
I (441) cpu_start: Pro cpu start user code
I (441) cpu_start: cpu freq: 160000000 Hz
I (441) app_init: Application information:
I (441) app_init: Project name:     get
I (445) app_init: App version:      0e80716-dirty
I (449) app_init: Compile time:     Oct 21 2025 13:51:55
I (454) app_init: ELF file SHA256:  8b059a874...
I (459) app_init: ESP-IDF:          v5.4.1
I (463) efuse_init: Min chip rev:     v0.0
I (466) efuse_init: Max chip rev:     v3.99 
I (470) efuse_init: Chip rev:         v3.1
I (474) heap_init: Initializing. RAM available for dynamic allocation:
I (481) heap_init: At 3FFAE6E0 len 00001920 (6 KiB): DRAM
I (486) heap_init: At 3FFBBB28 len 000244D8 (145 KiB): DRAM
I (491) heap_init: At 3FFE0440 len 00003AE0 (14 KiB): D/IRAM
I (496) heap_init: At 3FFE4350 len 0001BCB0 (111 KiB): D/IRAM
I (502) heap_init: At 40096F94 len 0000906C (36 KiB): IRAM
I (508) spi_flash: detected chip: generic
I (511) spi_flash: flash io: dio
W (514) spi_flash: Detected size(8192k) larger than the size in the binary image header(2048k). Using the size in the binary image header.
I (527) main_task: Started on CPU0
I (537) main_task: Calling app_main()
I (537) lightdb: Start LightDB get sample
[5n
Type 'help' to get the list of commands.
Use UP/DOWN arrows to navigate through command history.
Press TAB when typing command name to auto-complete.

Your terminal application does not support escape sequences.

Line editing and history features are disabled.

On Windows, try using Putty instead.
esp32> W (1047) lightdb: WiFi and Golioth credentials are not set. Use the shell settings commands to set them.

esp32> 
esp32> 
esp32> 
esp32> settings set wifi/ssid "***SAMS_ORANGE_PI_WIFI_SSID***"
Setting wifi/ssid saved
esp32> 
esp32> 
esp32> 
esp32> 
esp32> 
esp32> settings set wifi/psk "***SAMS_ORANGE_PI_WIFI_PSK***"
Setting wifi/psk saved
esp32> 
esp32> ::add-mask::generated-WgIRowLzNCVrHaVH

esp32> 
esp32> 
esp32> 
esp32> settings set golioth/psk-id "generated-WgIRowLzNCVrHaVH@firmware_ci"
Setting golioth/psk-id saved
esp32> 
esp32> 
esp32> 
esp32> 
esp32> 
esp32> settings set golioth/psk "generated-WgIRowLzNCVrHaVH"
Setting golioth/psk saved
esp32> 
esp32> I (10097) wifi_init: rx ba win: 6
I (10097) wifi_init: accept mbox: 6
I (10097) wifi_init: tcpip mbox: 32
I (10097) wifi_init: udp mbox: 6
I (10097) wifi_init: tcp mbox: 6
I (10117) wifi_init: tcp tx win: 5760
I (10117) wifi_init: tcp rx win: 5760
I (10117) wifi_init: tcp mss: 1440
I (10117) wifi_init: WiFi IRAM OP enabled
I (10127) wifi_init: WiFi RX IRAM OP enabled
I (10127) phy_init: phy_version 4860,6b7a6e5,Feb  6 2025,14:47:07
W (10127) phy_init: failed to load RF calibration data (0x1102), falling back to full calibration
I (10207) phy_init: Saving new calibration data due to checksum failure or outdated calibration data, mode(2)
I (12157) esp_netif_handlers: sta ip: 192.168.0.118, mask: 255.255.255.0, gw: 192.168.0.1
I (12157) example_wifi: WiFi Connected. Got IP:192.168.0.118
I (12157) example_wifi: Connected to AP SSID: ***SAMS_ORANGE_PI_WIFI_SSID***
I (12167) golioth_mbox: Mbox created, bufsize: 2688, num_items: 20, item_size: 128
W (12177) lightdb: Waiting for connection to Golioth...
I (12217) golioth_coap_client_libcoap: Start CoAP session with host: coaps://coap.golioth.io
I (12217) golioth_coap_client_libcoap: Session PSK-ID: generated-WgIRowLzNCVrHaVH@firmware_ci
I (12227) libcoap: Setting PSK key

I (12237) golioth_coap_client_libcoap: Entering CoAP I/O loop
I (12417) golioth_coap_client_libcoap: Golioth CoAP client connected
I (12427) lightdb: Golioth client connected
I (12427) lightdb: Before request (async)
I (12427) lightdb: After request (async)
W (12787) lightdb: Failed to get counter (async): 0
W (15267) golioth_coap_client_libcoap: CoAP message retransmitted
I (17427) lightdb: Before request (sync)
I (19387) lightdb: Counter (sync): 13
I (19397) lightdb: After request (sync)
I (24397) lightdb: Before JSON request (sync)
I (24507) lightdb: 0x3ffbdd90   7b 22 63 6f 75 6e 74 65  72 22 3a 32 37 7d        |{"counter":27}|
I (24507) lightdb: After JSON request (sync)
I (29507) lightdb: Before CBOR request (async)
I (29507) lightdb: After CBOR request (async)
I (29597) lightdb: Counter (CBOR async): 99
I (34517) lightdb: Before request (async)
I (34517) lightdb: After request (async)
I (34747) lightdb: Counter (async): 42
