Warning: Deprecated: Command 'write_flash' is deprecated. Use 'write-flash' instead.
esptool v5.1.0
Serial port /dev/serial/by-id/usb-Silicon_Labs_CP2102N_USB_to_UART_Bridge_Controller_08bd8600facfec119c501d2686bdcd52-if00-port0:
Connecting....
Detecting chip type... ESP32-S3
Connected to ESP32-S3 on /dev/serial/by-id/usb-Silicon_Labs_CP2102N_USB_to_UART_Bridge_Controller_08bd8600facfec119c501d2686bdcd52-if00-port0:
Chip type:          ESP32-S3 (QFN56) (revision v0.1)
Features:           Wi-Fi, BT 5 (LE), Dual Core + LP Core, 240MHz, Embedded PSRAM 8MB (AP_3v3)
Crystal frequency:  40MHz
MAC:                34:85:18:6d:04:5c

Uploading stub flasher...
Running stub flasher...
Stub flasher running.
Changing baud rate to 460800...
Changed.

Configuring flash size...
Erasing flash memory (this may take a while)...
Flash memory erased successfully in 1.3 seconds.
Compressed 973952 bytes to 604500...
Writing at 0x00000000 [                              ]   0.0% 0/604500 bytes... 
Writing at 0x000115d9 [                              ]   2.7% 16384/604500 bytes... 
Writing at 0x0001e7d1 [>                             ]   5.4% 32768/604500 bytes... 
Writing at 0x0002abfd [=>                            ]   8.1% 49152/604500 bytes... 
Writing at 0x000341d4 [==>                           ]  10.8% 65536/604500 bytes... 
Writing at 0x0003d3dc [===>                          ]  13.6% 81920/604500 bytes... 
Writing at 0x000436c7 [===>                          ]  16.3% 98304/604500 bytes... 
Writing at 0x00048dcc [====>                         ]  19.0% 114688/604500 bytes... 
Writing at 0x0004eb93 [=====>                        ]  21.7% 131072/604500 bytes... 
Writing at 0x000543c9 [======>                       ]  24.4% 147456/604500 bytes... 
Writing at 0x0005965f [=======>                      ]  27.1% 163840/604500 bytes... 
Writing at 0x0005e965 [=======>                      ]  29.8% 180224/604500 bytes... 
Writing at 0x00064448 [========>                     ]  32.5% 196608/604500 bytes... 
Writing at 0x0006964b [=========>                    ]  35.2% 212992/604500 bytes... 
Writing at 0x0006e833 [==========>                   ]  37.9% 229376/604500 bytes... 
Writing at 0x00073b8e [===========>                  ]  40.7% 245760/604500 bytes... 
Writing at 0x00078cfc [============>                 ]  43.4% 262144/604500 bytes... 
Writing at 0x0007e0a2 [============>                 ]  46.1% 278528/604500 bytes... 
Writing at 0x0008342e [=============>                ]  48.8% 294912/604500 bytes... 
Writing at 0x00088b87 [==============>               ]  51.5% 311296/604500 bytes... 
Writing at 0x0008e0ad [===============>              ]  54.2% 327680/604500 bytes... 
Writing at 0x000931f5 [================>             ]  56.9% 344064/604500 bytes... 
Writing at 0x000981d3 [================>             ]  59.6% 360448/604500 bytes... 
Writing at 0x0009d70e [=================>            ]  62.3% 376832/604500 bytes... 
Writing at 0x000a28ea [==================>           ]  65.0% 393216/604500 bytes... 
Writing at 0x000a7aad [===================>          ]  67.8% 409600/604500 bytes... 
Writing at 0x000acdf1 [====================>         ]  70.5% 425984/604500 bytes... 
Writing at 0x000b2689 [====================>         ]  73.2% 442368/604500 bytes... 
Writing at 0x000b7709 [=====================>        ]  75.9% 458752/604500 bytes... 
Writing at 0x000bce9e [======================>       ]  78.6% 475136/604500 bytes... 
Writing at 0x000c23c2 [=======================>      ]  81.3% 491520/604500 bytes... 
Writing at 0x000c9b9e [========================>     ]  84.0% 507904/604500 bytes... 
Writing at 0x000d0817 [=========================>    ]  86.7% 524288/604500 bytes... 
Writing at 0x000d7e17 [=========================>    ]  89.4% 540672/604500 bytes... 
Writing at 0x000dd4fb [==========================>   ]  92.2% 557056/604500 bytes... 
Writing at 0x000e2f22 [===========================>  ]  94.9% 573440/604500 bytes... 
Writing at 0x000e8d3f [============================> ]  97.6% 589824/604500 bytes... 
Writing at 0x000edc80 [==============================] 100.0% 604500/604500 bytes... 
Wrote 973952 bytes (604500 compressed) at 0x00000000 in 17.8 seconds (437.7 kbit/s).
Hash of data verified.

Hard resetting via RTS pin...
ESP-ROM:esp32s3-20210327
Build:Mar 27 2021
rst:0x1 (POWERON),boot:0x8 (SPI_FAST_FLASH_BOOT)
SPIWP:0xee
mode:DIO, clock div:1
load:0x3fce2810,len:0x15a0
load:0x403c8700,len:0x4
load:0x403c8704,len:0xd20
load:0x403cb700,len:0x2f58
entry 0x403c8928
I (27) boot: ESP-IDF v5.4.1 2nd stage bootloader
I (27) boot: compile time Oct 21 2025 13:40:29
I (27) boot: Multicore bootloader
I (27) boot: chip revision: v0.1
I (30) boot: efuse block revision: v1.2
I (33) boot.esp32s3: Boot SPI Speed : 80MHz
I (37) boot.esp32s3: SPI Mode       : DIO
I (41) boot.esp32s3: SPI Flash Size : 4MB
I (45) boot: Enabling RNG early entropy source...
I (49) boot: Partition Table:
I (52) boot: ## Label            Usage          Type ST Offset   Length
I (58) boot:  0 nvs              WiFi data        01 02 00009000 00006000
I (65) boot:  1 phy_init         RF data          01 01 0000f000 00001000
I (71) boot:  2 factory          factory app      00 00 00010000 00100000
I (78) boot: End of partition table
I (81) esp_image: segment 0: paddr=00010020 vaddr=3c0a0020 size=254f0h (152816) map
I (115) esp_image: segment 1: paddr=00035518 vaddr=3fc99400 size=04bc0h ( 19392) load
I (120) esp_image: segment 2: paddr=0003a0e0 vaddr=40374000 size=05f38h ( 24376) load
I (125) esp_image: segment 3: paddr=00040020 vaddr=42000020 size=9e7a0h (649120) map
I (241) esp_image: segment 4: paddr=000de7c8 vaddr=40379f38 size=0f46ch ( 62572) load
I (255) esp_image: segment 5: paddr=000edc3c vaddr=600fe100 size=0001ch (    28) load
I (264) boot: Loaded app from partition at offset 0x10000
I (264) boot: Disabling RNG early entropy source...
I (274) cpu_start: Multicore app
I (283) cpu_start: Pro cpu start user code
I (283) cpu_start: cpu freq: 160000000 Hz
I (283) app_init: Application information:
I (283) app_init: Project name:     test
I (287) app_init: App version:      0e80716-dirty
I (291) app_init: Compile time:     Oct 21 2025 13:40:23
I (296) app_init: ELF file SHA256:  fe96decdb...
I (301) app_init: ESP-IDF:          v5.4.1
I (304) efuse_init: Min chip rev:     v0.0
I (308) efuse_init: Max chip rev:     v0.99 
I (312) efuse_init: Chip rev:         v0.1
I (316) heap_init: Initializing. RAM available for dynamic allocation:
I (322) heap_init: At 3FCA67F8 len 00042F18 (267 KiB): RAM
I (327) heap_init: At 3FCE9710 len 00005724 (21 KiB): RAM
I (333) heap_init: At 3FCF0000 len 00008000 (32 KiB): DRAM
I (338) heap_init: At 600FE11C len 00001ECC (7 KiB): RTCRAM
I (344) spi_flash: detected chip: gd
I (346) spi_flash: flash io: dio
W (349) spi_flash: Detected size(8192k) larger than the size in the binary image header(4096k). Using the size in the binary image header.
I (362) sleep_gpio: Configure to isolate all GPIO pins in sleep state
I (368) sleep_gpio: Enable automatic switching of GPIO sleep configuration
I (375) main_task: Started on CPU0
I (395) main_task: Calling app_main()
[5n
Type 'help' to get the list of commands.
Use UP/DOWN arrows to navigate through command history.
Press TAB when typing command name to auto-complete.

Your terminal application does not support escape sequences.

Line editing and history features are disabled.

On Windows, try using Putty instead.
esp32> W (905) hil_test: WiFi and Golioth credentials are not set. Use the shell settings commands to set them.

esp32> 
esp32> 
esp32> 
esp32> settings set wifi/ssid "***MIKES_ORANGE_PI_WIFI_SSID***"
Setting wifi/ssid saved
esp32> 
esp32> 
esp32> 
esp32> 
esp32> 
esp32> settings set wifi/psk "***MIKES_ORANGE_PI_WIFI_PSK***"
Setting wifi/psk saved
esp32> 
es::add-mask::generated-vGZAdHFIdDIvdkBs
p32> 
esp32> 
esp32> 
esp32> 
esp32> settings set golioth/psk-id "generated-vGZAdHFIdDIvdkBs@firmware_ci"
Setting golioth/psk-id saved
esp32> 
esp32> 
esp32> 
esp32> 
esp32> 
esp32> settings set golioth/psk "generated-vGZAdHFIdDIvdkBs"
Setting golioth/psk saved
esp32> 
esp32> I (7935) pp: pp rom version: e7ae62f
I (7935) net80211: net80211 rom version: e7ae62f
I (7955) wifi_init: rx ba win: 6
I (7955) wifi_init: accept mbox: 6
I (7955) wifi_init: tcpip mbox: 32
I (7955) wifi_init: udp mbox: 6
I (7955) wifi_init: tcp mbox: 6
I (7965) wifi_init: tcp tx win: 5760
I (7965) wifi_init: tcp rx win: 5760
I (7965) wifi_init: tcp mss: 1440
I (7965) wifi_init: WiFi IRAM OP enabled
I (7985) wifi_init: WiFi RX IRAM OP enabled
I (7985) phy_init: phy_version 700,8582a7fd,Feb 10 2025,20:13:11
W (7985) phy_init: failed to load RF calibration data (0x1102), falling back to full calibration
I (8025) phy_init: Saving new calibration data due to checksum failure or outdated calibration data, mode(2)
I (10215) esp_netif_handlers: sta ip: 192.168.8.234, mask: 255.255.255.0, gw: 192.168.8.1
I (10215) example_wifi: WiFi Connected. Got IP:192.168.8.234
I (10215) example_wifi: Connected to AP SSID: ***MIKES_ORANGE_PI_WIFI_SSID***
I (10225) golioth_mbox: Mbox created, bufsize: 2688, num_items: 20, item_size: 128
I (10235) golioth_coap_client_libcoap: Start CoAP session with host: coaps://coap.golioth.io
I (10235) golioth_coap_client_libcoap: Session PSK-ID: generated-vGZAdHFIdDIvdkBs@firmware_ci
I (10255) libcoap: Setting PSK key

I (10255) golioth_coap_client_libcoap: Entering CoAP I/O loop
I (10475) golioth_coap_client_libcoap: Golioth CoAP client connected
I (10675) test_ota: Manifest received
I (10675) test_ota: Manifest successfully decoded
I (10675) test_ota: Manifest doesn't have main or walrus components, skipping this one.
I (11855) test_ota: Manifest received
I (11855) test_ota: Manifest successfully decoded
I (11855) test_ota: Manifest doesn't have main or walrus components, skipping this one.
I (11915) test_ota: Manifest received
I (11915) test_ota: Manifest successfully decoded
I (11915) test_ota: Manifest doesn't have main or walrus components, skipping this one.
I (13325) test_ota: Manifest received
I (13325) test_ota: Manifest successfully decoded
I (13325) test_ota: Manifest doesn't have main or walrus components, skipping this one.
I (13345) test_ota: Manifest received
I (13345) test_ota: Manifest successfully decoded
I (13345) test_ota: Manifest doesn't have main or walrus components, skipping this one.
I (13365) test_ota: Manifest received
I (13365) test_ota: Manifest successfully decoded
I (13365) test_ota: Found main component
I (13365) test_ota: No absent component found
I (13375) test_ota: component.package: main
I (13375) test_ota: component.version: 1.2.2
I (13375) test_ota: component.size: 16147
I (13375) test_ota: component.hash: 62c035ff42d6c61ad9d1caf9ee3425dae3ef360eb9d145061d3f76092e266018
I (13395) test_ota: component.uri: /.u/c/main@1.2.2
I (13395) test_ota: component.bootloader: default
I (13405) test_ota: Manifest received
I (13405) test_ota