Warning: Deprecated: Command 'write_flash' is deprecated. Use 'write-flash' instead.
esptool v5.1.0
Serial port /dev/serial/by-id/usb-Silicon_Labs_CP2102N_USB_to_UART_Bridge_Controller_061a7f3b498bef11918522ccef8776e9-if00-port0:
Connecting....
Detecting chip type... ESP32-C3
Connected to ESP32-C3 on /dev/serial/by-id/usb-Silicon_Labs_CP2102N_USB_to_UART_Bridge_Controller_061a7f3b498bef11918522ccef8776e9-if00-port0:
Chip type:          ESP32-C3 AZ (QFN32) (revision v1.1)
Features:           Wi-Fi, BT 5 (LE), Single Core, 160MHz, Embedded Flash 4MB (XMC)
Crystal frequency:  40MHz
MAC:                18:8b:0e:af:95:48

Uploading stub flasher...
Running stub flasher...
Stub flasher running.
Changing baud rate to 460800...
Changed.

Configuring flash size...
Erasing flash memory (this may take a while)...
Flash memory erased successfully in 1.3 seconds.
Compressed 1021856 bytes to 599971...
Writing at 0x00000000 [                              ]   0.0% 0/599971 bytes... 
Writing at 0x00011d26 [                              ]   2.7% 16384/599971 bytes... 
Writing at 0x0001e7d6 [>                             ]   5.5% 32768/599971 bytes... 
Writing at 0x0002ab26 [=>                            ]   8.2% 49152/599971 bytes... 
Writing at 0x0003387d [==>                           ]  10.9% 65536/599971 bytes... 
Writing at 0x0003bb39 [===>                          ]  13.7% 81920/599971 bytes... 
Writing at 0x00041be7 [===>                          ]  16.4% 98304/599971 bytes... 
Writing at 0x00047f59 [====>                         ]  19.1% 114688/599971 bytes... 
Writing at 0x0004e49c [=====>                        ]  21.8% 131072/599971 bytes... 
Writing at 0x00054625 [======>                       ]  24.6% 147456/599971 bytes... 
Writing at 0x00059fd4 [=======>                      ]  27.3% 163840/599971 bytes... 
Writing at 0x0005fbb5 [========>                     ]  30.0% 180224/599971 bytes... 
Writing at 0x00066413 [========>                     ]  32.8% 196608/599971 bytes... 
Writing at 0x0006bf52 [=========>                    ]  35.5% 212992/599971 bytes... 
Writing at 0x00072086 [==========>                   ]  38.2% 229376/599971 bytes... 
Writing at 0x00077e91 [===========>                  ]  41.0% 245760/599971 bytes... 
Writing at 0x0007dff0 [============>                 ]  43.7% 262144/599971 bytes... 
Writing at 0x00083b77 [============>                 ]  46.4% 278528/599971 bytes... 
Writing at 0x00089289 [=============>                ]  49.2% 294912/599971 bytes... 
Writing at 0x0008ece7 [==============>               ]  51.9% 311296/599971 bytes... 
Writing at 0x00094d82 [===============>              ]  54.6% 327680/599971 bytes... 
Writing at 0x0009a832 [================>             ]  57.3% 344064/599971 bytes... 
Writing at 0x000a00ee [=================>            ]  60.1% 360448/599971 bytes... 
Writing at 0x000a6071 [=================>            ]  62.8% 376832/599971 bytes... 
Writing at 0x000ac629 [==================>           ]  65.5% 393216/599971 bytes... 
Writing at 0x000b2721 [===================>          ]  68.3% 409600/599971 bytes... 
Writing at 0x000b8ba6 [====================>         ]  71.0% 425984/599971 bytes... 
Writing at 0x000beb25 [=====================>        ]  73.7% 442368/599971 bytes... 
Writing at 0x000c4858 [=====================>        ]  76.5% 458752/599971 bytes... 
Writing at 0x000c9e69 [======================>       ]  79.2% 475136/599971 bytes... 
Writing at 0x000cfc86 [=======================>      ]  81.9% 491520/599971 bytes... 
Writing at 0x000d58a6 [========================>     ]  84.7% 507904/599971 bytes... 
Writing at 0x000dc99b [=========================>    ]  87.4% 524288/599971 bytes... 
Writing at 0x000e2d78 [==========================>   ]  90.1% 540672/599971 bytes... 
Writing at 0x000e9acf [==========================>   ]  92.8% 557056/599971 bytes... 
Writing at 0x000efb23 [===========================>  ]  95.6% 573440/599971 bytes... 
Writing at 0x000f5a50 [============================> ]  98.3% 589824/599971 bytes... 
Writing at 0x000f97a0 [==============================] 100.0% 599971/599971 bytes... 
Wrote 1021856 bytes (599971 compressed) at 0x00000000 in 17.8 seconds (458.2 kbit/s).
Hash of data verified.

Hard resetting via RTS pin...
Build:Jul 20 2023
rst:0x1 (POWERON),boot:0xc (SPI_FAST_FLASH_BOOT)
SPIWP:0xee
mode:DIO, clock div:1
load:0x3fcd5820,len:0x1574
load:0x403cc710,len:0xc30
load:0x403ce710,len:0x2f64
entry 0x403cc71a
I (31) boot: ESP-IDF v5.4.1 2nd stage bootloader
I (31) boot: compile time Oct 21 2025 13:48:57
I (31) boot: chip revision: v1.1
I (31) boot: efuse block revision: v1.3
I (35) boot.esp32c3: SPI Speed      : 80MHz
I (39) boot.esp32c3: SPI Mode       : DIO
I (42) boot.esp32c3: SPI Flash Size : 2MB
I (46) boot: Enabling RNG early entropy source...
I (51) boot: Partition Table:
I (53) boot: ## Label            Usage          Type ST Offset   Length
I (60) boot:  0 nvs              WiFi data        01 02 00009000 00006000
I (66) boot:  1 phy_init         RF data          01 01 0000f000 00001000
I (73) boot:  2 factory          factory app      00 00 00010000 00100000
I (79) boot: End of partition table
I (82) esp_image: segment 0: paddr=00010020 vaddr=3c0b0020 size=259a8h (154024) map
I (114) esp_image: segment 1: paddr=000359d0 vaddr=3fc93400 size=03050h ( 12368) load
I (117) esp_image: segment 2: paddr=00038a28 vaddr=40380000 size=075f0h ( 30192) load
I (124) esp_image: segment 3: paddr=00040020 vaddr=42000020 size=ad9ach (711084) map
I (239) esp_image: segment 4: paddr=000ed9d4 vaddr=403875f0 size=0bd80h ( 48512) load
I (248) esp_image: segment 5: paddr=000f975c vaddr=50000200 size=0001ch (    28) load
I (255) boot: Loaded app from partition at offset 0x10000
I (255) boot: Disabling RNG early entropy source...
I (266) cpu_start: Unicore app
I (274) cpu_start: Pro cpu start user code
I (274) cpu_start: cpu freq: 160000000 Hz
I (274) app_init: Application information:
I (274) app_init: Project name:     delete
I (278) app_init: App version:      0e80716-dirty
I (282) app_init: Compile time:     Oct 21 2025 13:48:51
I (287) app_init: ELF file SHA256:  847ea6683...
I (292) app_init: ESP-IDF:          v5.4.1
I (296) efuse_init: Min chip rev:     v0.3
I (299) efuse_init: Max chip rev:     v1.99 
I (303) efuse_init: Chip rev:         v1.1
I (307) heap_init: Initializing. RAM available for dynamic allocation:
I (314) heap_init: At 3FC9DEB0 len 00022150 (136 KiB): RAM
I (319) heap_init: At 3FCC0000 len 0001C710 (113 KiB): Retention RAM
I (325) heap_init: At 3FCDC710 len 0000294C (10 KiB): Retention RAM
I (331) heap_init: At 5000021C len 00001DCC (7 KiB): RTCRAM
I (337) spi_flash: detected chip: generic
I (340) spi_flash: flash io: dio
W (343) spi_flash: Detected size(4096k) larger than the size in the binary image header(2048k). Using the size in the binary image header.
I (355) sleep_gpio: Configure to isolate all GPIO pins in sleep state
I (361) sleep_gpio: Enable automatic switching of GPIO sleep configuration
I (368) main_task: Started on CPU0
I (378) main_task: Calling app_main()
I (378) lightdb: Start LightDB delete sample
[5n
Type 'help' to get the list of commands.
Use UP/DOWN arrows to navigate through command history.
Press TAB when typing command name to auto-complete.

Your terminal application does not support escape sequences.

Line editing and history features are disabled.

On Windows, try using Putty instead.
esp32> W (888) lightdb: WiFi and Golioth credentials are not set. Use the shell settings commands to set them.

esp32> 
esp32> 
esp32> 
esp32> settings set wifi/ssid "***SAMS_ORANGE_PI_WIFI_SSID***"
Setting wifi/ssid saved
esp32> 
esp32> 
esp32> 
esp32> 
esp32> 
esp32> settings set wifi/psk "***SAMS_ORANGE_PI_WIFI_PSK***"
Setting wifi/psk saved
esp32> 
esp32> ::add-mask::generated-WrarhmDvMEieIWNw

esp32> 
esp32> 
esp32> 
esp32> settings set golioth/psk-id "generated-WrarhmDvMEieIWNw@firmware_ci"
Setting golioth/psk-id saved
esp32> 
esp32> 
esp32> 
esp32> 
esp32> 
esp32> settings set golioth/psk "generated-WrarhmDvMEieIWNw"
Setting golioth/psk saved
esp32> 
esp32> I (9908) pp: pp rom version: 74f9620
I (9908) net80211: net80211 rom version: 74f9620
I (9928) wifi_init: rx ba win: 6
I (9928) wifi_init: accept mbox: 6
I (9928) wifi_init: tcpip mbox: 32
I (9928) wifi_init: udp mbox: 6
I (9928) wifi_init: tcp mbox: 6
I (9938) wifi_init: tcp tx win: 5760
I (9938) wifi_init: tcp rx win: 5760
I (9938) wifi_init: tcp mss: 1440
I (9948) wifi_init: WiFi IRAM OP enabled
I (9948) wifi_init: WiFi RX IRAM OP enabled
I (9948) phy_init: phy_version 1200,2b7123f9,Feb 18 2025,15:22:21
W (9958) phy_init: failed to load RF calibration data (0x1102), falling back to full calibration
I (9998) phy_init: Saving new calibration data due to checksum failure or outdated calibration data, mode(2)
I (11888) esp_netif_handlers: sta ip: 192.168.0.121, mask: 255.255.255.0, gw: 192.168.0.1
I (11888) example_wifi: WiFi Connected. Got IP:192.168.0.121
I (11898) example_wifi: Connected to AP SSID: ***SAMS_ORANGE_PI_WIFI_SSID***
I (11898) golioth_mbox: Mbox created, bufsize: 2688, num_items: 20, item_size: 128
W (11908) lightdb: Waiting for connection to Golioth...
I (11938) golioth_coap_client_libcoap: Start CoAP session with host: coaps://coap.golioth.io
I (11938) golioth_coap_client_libcoap: Session PSK-ID: generated-WrarhmDvMEieIWNw@firmware_ci
I (11948) libcoap: Setting PSK key

I (11958) golioth_coap_client_libcoap: Entering CoAP I/O loop
I (12268) golioth_coap_client_libcoap: Golioth CoAP client connected
I (12268) lightdb: Golioth client connected
I (12268) lightdb: Before request (async)
I (12268) lightdb: After request (async)
W (14938) golioth_coap_client_libcoap: CoAP message retransmitted
I (17278) lightdb: Before request (sync)
W (17638) golioth_coap_client_libcoap: CoAP message retransmitted
W (20508) golioth_coap_client_libcoap: CoAP message retransmitted
I (21638) lightdb: Counter deleted successfully
I (21888) lightdb: Counter deleted successfully
I (21888) lightdb: After request (sync)
W (24868) golioth_coap_client_libcoap: CoAP message retransmitted
I (26888) lightdb: Before request (async)
I (26888) lightdb: After request (async)
I (27268) lightdb: Counter deleted successfully
