Warning: Deprecated: Command 'write_flash' is deprecated. Use 'write-flash' instead.
esptool v5.1.0
Serial port /dev/serial/by-id/usb-Silicon_Labs_CP2102N_USB_to_UART_Bridge_Controller_061a7f3b498bef11918522ccef8776e9-if00-port0:
Connecting....
Detecting chip type... ESP32-C3
Connected to ESP32-C3 on /dev/serial/by-id/usb-Silicon_Labs_CP2102N_USB_to_UART_Bridge_Controller_061a7f3b498bef11918522ccef8776e9-if00-port0:
Chip type:          ESP32-C3 AZ (QFN32) (revision v1.1)
Features:           Wi-Fi, BT 5 (LE), Single Core, 160MHz, Embedded Flash 4MB (XMC)
Crystal frequency:  40MHz
MAC:                18:8b:0e:af:95:48

Uploading stub flasher...
Running stub flasher...
Stub flasher running.
Changing baud rate to 460800...
Changed.

Configuring flash size...
Erasing flash memory (this may take a while)...
Flash memory erased successfully in 1.3 seconds.
Compressed 1023344 bytes to 600630...
Writing at 0x00000000 [                              ]   0.0% 0/600630 bytes... 
Writing at 0x00011d54 [                              ]   2.7% 16384/600630 bytes... 
Writing at 0x0001e69c [>                             ]   5.5% 32768/600630 bytes... 
Writing at 0x0002aa27 [=>                            ]   8.2% 49152/600630 bytes... 
Writing at 0x0003352f [==>                           ]  10.9% 65536/600630 bytes... 
Writing at 0x0003bae3 [===>                          ]  13.6% 81920/600630 bytes... 
Writing at 0x00041b7c [===>                          ]  16.4% 98304/600630 bytes... 
Writing at 0x00047f38 [====>                         ]  19.1% 114688/600630 bytes... 
Writing at 0x0004e44a [=====>                        ]  21.8% 131072/600630 bytes... 
Writing at 0x00054502 [======>                       ]  24.6% 147456/600630 bytes... 
Writing at 0x00059edc [=======>                      ]  27.3% 163840/600630 bytes... 
Writing at 0x0005fa7b [========>                     ]  30.0% 180224/600630 bytes... 
Writing at 0x000662f0 [========>                     ]  32.7% 196608/600630 bytes... 
Writing at 0x0006be74 [=========>                    ]  35.5% 212992/600630 bytes... 
Writing at 0x00071f5c [==========>                   ]  38.2% 229376/600630 bytes... 
Writing at 0x00077ddc [===========>                  ]  40.9% 245760/600630 bytes... 
Writing at 0x0007decf [============>                 ]  43.6% 262144/600630 bytes... 
Writing at 0x00083a64 [============>                 ]  46.4% 278528/600630 bytes... 
Writing at 0x00089136 [=============>                ]  49.1% 294912/600630 bytes... 
Writing at 0x0008ebcc [==============>               ]  51.8% 311296/600630 bytes... 
Writing at 0x00094cd6 [===============>              ]  54.6% 327680/600630 bytes... 
Writing at 0x0009a727 [================>             ]  57.3% 344064/600630 bytes... 
Writing at 0x0009ff94 [=================>            ]  60.0% 360448/600630 bytes... 
Writing at 0x000a5f10 [=================>            ]  62.7% 376832/600630 bytes... 
Writing at 0x000ac502 [==================>           ]  65.5% 393216/600630 bytes... 
Writing at 0x000b25d6 [===================>          ]  68.2% 409600/600630 bytes... 
Writing at 0x000b8a4e [====================>         ]  70.9% 425984/600630 bytes... 
Writing at 0x000be9df [=====================>        ]  73.7% 442368/600630 bytes... 
Writing at 0x000c471a [=====================>        ]  76.4% 458752/600630 bytes... 
Writing at 0x000c9d22 [======================>       ]  79.1% 475136/600630 bytes... 
Writing at 0x000cfba6 [=======================>      ]  81.8% 491520/600630 bytes... 
Writing at 0x000d58a6 [========================>     ]  84.6% 507904/600630 bytes... 
Writing at 0x000dc97d [=========================>    ]  87.3% 524288/600630 bytes... 
Writing at 0x000e2e8c [==========================>   ]  90.0% 540672/600630 bytes... 
Writing at 0x000e9d2a [==========================>   ]  92.7% 557056/600630 bytes... 
Writing at 0x000efc18 [===========================>  ]  95.5% 573440/600630 bytes... 
Writing at 0x000f5c06 [============================> ]  98.2% 589824/600630 bytes... 
Writing at 0x000f9d70 [==============================] 100.0% 600630/600630 bytes... 
Wrote 1023344 bytes (600630 compressed) at 0x00000000 in 17.9 seconds (457.2 kbit/s).
Hash of data verified.

Hard resetting via RTS pin...
Build:Jul 20 2023
rst:0x1 (POWERON),boot:0xc (SPI_FAST_FLASH_BOOT)
SPIWP:0xee
mode:DIO, clock div:1
load:0x3fcd5820,len:0x1574
load:0x403cc710,len:0xc30
load:0x403ce710,len:0x2f64
entry 0x403cc71a
I (31) boot: ESP-IDF v5.4.1 2nd stage bootloader
I (31) boot: compile time Oct 21 2025 13:41:53
I (31) boot: chip revision: v1.1
I (31) boot: efuse block revision: v1.3
I (35) boot.esp32c3: SPI Speed      : 80MHz
I (39) boot.esp32c3: SPI Mode       : DIO
I (42) boot.esp32c3: SPI Flash Size : 2MB
I (46) boot: Enabling RNG early entropy source...
I (51) boot: Partition Table:
I (53) boot: ## Label            Usage          Type ST Offset   Length
I (60) boot:  0 nvs              WiFi data        01 02 00009000 00006000
I (66) boot:  1 phy_init         RF data          01 01 0000f000 00001000
I (73) boot:  2 factory          factory app      00 00 00010000 00100000
I (79) boot: End of partition table
I (82) esp_image: segment 0: paddr=00010020 vaddr=3c0b0020 size=25a1ch (154140) map
I (115) esp_image: segment 1: paddr=00035a44 vaddr=3fc93400 size=03050h ( 12368) load
I (117) esp_image: segment 2: paddr=00038a9c vaddr=40380000 size=0757ch ( 30076) load
I (124) esp_image: segment 3: paddr=00040020 vaddr=42000020 size=adf00h (712448) map
I (239) esp_image: segment 4: paddr=000edf28 vaddr=4038757c size=0bdf4h ( 48628) load
I (248) esp_image: segment 5: paddr=000f9d24 vaddr=50000200 size=0001ch (    28) load
I (255) boot: Loaded app from partition at offset 0x10000
I (255) boot: Disabling RNG early entropy source...
I (266) cpu_start: Unicore app
I (274) cpu_start: Pro cpu start user code
I (274) cpu_start: cpu freq: 160000000 Hz
I (274) app_init: Application information:
I (274) app_init: Project name:     cpp
I (278) app_init: App version:      0e80716-dirty
I (282) app_init: Compile time:     Oct 21 2025 13:41:46
I (287) app_init: ELF file SHA256:  9f59f8087...
I (292) app_init: ESP-IDF:          v5.4.1
I (296) efuse_init: Min chip rev:     v0.3
I (299) efuse_init: Max chip rev:     v1.99 
I (303) efuse_init: Chip rev:         v1.1
I (307) heap_init: Initializing. RAM available for dynamic allocation:
I (314) heap_init: At 3FC9DF50 len 000220B0 (136 KiB): RAM
I (319) heap_init: At 3FCC0000 len 0001C710 (113 KiB): Retention RAM
I (325) heap_init: At 3FCDC710 len 0000294C (10 KiB): Retention RAM
I (331) heap_init: At 5000021C len 00001DCC (7 KiB): RTCRAM
I (337) spi_flash: detected chip: generic
I (340) spi_flash: flash io: dio
W (343) spi_flash: Detected size(4096k) larger than the size in the binary image header(2048k). Using the size in the binary image header.
I (355) sleep_gpio: Configure to isolate all GPIO pins in sleep state
I (361) sleep_gpio: Enable automatic switching of GPIO sleep configuration
I (368) main_task: Started on CPU0
I (378) main_task: Calling app_main()
[5n
Type 'help' to get the list of commands.
Use UP/DOWN arrows to navigate through command history.
Press TAB when typing command name to auto-complete.

Your terminal application does not support escape sequences.

Line editing and history features are disabled.

On Windows, try using Putty instead.
esp32> W (888) app_main: WiFi and Golioth credentials are not set. Use the shell settings commands to set them.

esp32> 
esp32> 
esp32> 
esp32> settings set wifi/ssid "***SAMS_ORANGE_PI_WIFI_SSID***"
Setting wifi/ssid saved
esp32> 
esp32> 
esp32> 
esp32> 
esp32> 
esp32> settings set wifi/psk "***SAMS_ORANGE_PI_WIFI_PSK***"
Setting wifi/psk saved
esp32> 
esp32> ::add-mask::generated-JeOSmUJLrfXclnnF

esp32> 
esp32> 
esp32> 
esp32> settings set golioth/psk-id "generated-JeOSmUJLrfXclnnF@firmware_ci"
Setting golioth/psk-id saved
esp32> 
esp32> 
esp32> 
esp32> 
esp32> 
esp32> settings set golioth/psk "generated-JeOSmUJLrfXclnnF"
Setting golioth/psk saved
esp32> 
esp32> I (7908) pp: pp rom version: 74f9620
I (7908) net80211: net80211 rom version: 74f9620
I (7928) wifi_init: rx ba win: 6
I (7928) wifi_init: accept mbox: 6
I (7928) wifi_init: tcpip mbox: 32
I (7928) wifi_init: udp mbox: 6
I (7928) wifi_init: tcp mbox: 6
I (7938) wifi_init: tcp tx win: 5760
I (7938) wifi_init: tcp rx win: 5760
I (7938) wifi_init: tcp mss: 1440
I (7948) wifi_init: WiFi IRAM OP enabled
I (7948) wifi_init: WiFi RX IRAM OP enabled
I (7948) phy_init: phy_version 1200,2b7123f9,Feb 18 2025,15:22:21
W (7958) phy_init: failed to load RF calibration data (0x1102), falling back to full calibration
I (7998) phy_init: Saving new calibration data due to checksum failure or outdated calibration data, mode(2)
I (9898) esp_netif_handlers: sta ip: 192.168.0.121, mask: 255.255.255.0, gw: 192.168.0.1
I (9898) example_wifi: WiFi Connected. Got IP:192.168.0.121
I (9908) example_wifi: Connected to AP SSID: ***SAMS_ORANGE_PI_WIFI_SSID***
I (9908) golioth_mbox: Mbox created, bufsize: 2688, num_items: 20, item_size: 128
I (9918) app_main: Hello, Golioth 0!
I (9948) golioth_coap_client_libcoap: Start CoAP session with host: coaps://coap.golioth.io
I (9948) golioth_coap_client_libcoap: Session PSK-ID: generated-JeOSmUJLrfXclnnF@firmware_ci
I (9968) libcoap: Setting PSK key

I (9968) golioth_coap_client_libcoap: Entering CoAP I/O loop
I (11928) golioth_coap_client_libcoap: Golioth CoAP client connected
W (14708) golioth_coap_client_libcoap: CoAP message retransmitted
I (14918) app_main: Hello, Golioth 1!
W (17598) golioth_coap_client_libcoap: CoAP message retransmitted
I (19918) app_main: Hello, Golioth 2!
