Warning: Deprecated: Command 'write_flash' is deprecated. Use 'write-flash' instead.
esptool v5.1.0
Serial port /dev/serial/by-id/usb-Silicon_Labs_CP2102N_USB_to_UART_Bridge_Controller_90568bbbd827ee11b31a14d8f49e3369-if00-port0:
Connecting....
Detecting chip type... ESP32
Connected to ESP32 on /dev/serial/by-id/usb-Silicon_Labs_CP2102N_USB_to_UART_Bridge_Controller_90568bbbd827ee11b31a14d8f49e3369-if00-port0:
Chip type:          ESP32-D0WD-V3 (revision v3.1)
Features:           Wi-Fi, BT, Dual Core + LP Core, 240MHz, Vref calibration in eFuse, Coding Scheme None
Crystal frequency:  40MHz
MAC:                a0:a3:b3:8b:38:c0

Uploading stub flasher...
Running stub flasher...
Stub flasher running.
Changing baud rate to 460800...
Changed.

Configuring flash size...
Erasing flash memory (this may take a while)...
Flash memory erased successfully in 2.2 seconds.
Compressed 971840 bytes to 610769...
Writing at 0x00000000 [                              ]   0.0% 0/610769 bytes... 
Writing at 0x000074c1 [                              ]   2.7% 16384/610769 bytes... 
Writing at 0x0001c00b [>                             ]   5.4% 32768/610769 bytes... 
Writing at 0x00028de4 [=>                            ]   8.0% 49152/610769 bytes... 
Writing at 0x00031694 [==>                           ]  10.7% 65536/610769 bytes... 
Writing at 0x0003b07a [===>                          ]  13.4% 81920/610769 bytes... 
Writing at 0x00040745 [===>                          ]  16.1% 98304/610769 bytes... 
Writing at 0x00046094 [====>                         ]  18.8% 114688/610769 bytes... 
Writing at 0x0004b8ea [=====>                        ]  21.5% 131072/610769 bytes... 
Writing at 0x00050e2c [======>                       ]  24.1% 147456/610769 bytes... 
Writing at 0x00055f1b [=======>                      ]  26.8% 163840/610769 bytes... 
Writing at 0x0005b42c [=======>                      ]  29.5% 180224/610769 bytes... 
Writing at 0x0006097d [========>                     ]  32.2% 196608/610769 bytes... 
Writing at 0x000659c9 [=========>                    ]  34.9% 212992/610769 bytes... 
Writing at 0x0006ad5a [==========>                   ]  37.6% 229376/610769 bytes... 
Writing at 0x0006ff34 [===========>                  ]  40.2% 245760/610769 bytes... 
Writing at 0x0007521d [===========>                  ]  42.9% 262144/610769 bytes... 
Writing at 0x0007a3c9 [============>                 ]  45.6% 278528/610769 bytes... 
Writing at 0x0007f9f5 [=============>                ]  48.3% 294912/610769 bytes... 
Writing at 0x00085263 [==============>               ]  51.0% 311296/610769 bytes... 
Writing at 0x0008acf5 [===============>              ]  53.7% 327680/610769 bytes... 
Writing at 0x0008fff0 [===============>              ]  56.3% 344064/610769 bytes... 
Writing at 0x0009524d [================>             ]  59.0% 360448/610769 bytes... 
Writing at 0x0009a993 [=================>            ]  61.7% 376832/610769 bytes... 
Writing at 0x000a0058 [==================>           ]  64.4% 393216/610769 bytes... 
Writing at 0x000a5368 [===================>          ]  67.1% 409600/610769 bytes... 
Writing at 0x000aaa40 [===================>          ]  69.7% 425984/610769 bytes... 
Writing at 0x000b03f3 [====================>         ]  72.4% 442368/610769 bytes... 
Writing at 0x000b54e1 [=====================>        ]  75.1% 458752/610769 bytes... 
Writing at 0x000ba8fc [======================>       ]  77.8% 475136/610769 bytes... 
Writing at 0x000c0291 [=======================>      ]  80.5% 491520/610769 bytes... 
Writing at 0x000c7ab4 [=======================>      ]  83.2% 507904/610769 bytes... 
Writing at 0x000ce077 [========================>     ]  85.8% 524288/610769 bytes... 
Writing at 0x000d58f0 [=========================>    ]  88.5% 540672/610769 bytes... 
Writing at 0x000db02a [==========================>   ]  91.2% 557056/610769 bytes... 
Writing at 0x000e0ac4 [===========================>  ]  93.9% 573440/610769 bytes... 
Writing at 0x000e6730 [===========================>  ]  96.6% 589824/610769 bytes... 
Writing at 0x000eb992 [============================> ]  99.3% 606208/610769 bytes... 
Writing at 0x000ed440 [==============================] 100.0% 610769/610769 bytes... 
Wrote 971840 bytes (610769 compressed) at 0x00000000 in 17.9 seconds (433.9 kbit/s).
Hash of data verified.

Hard resetting via RTS pin...
x00,d_drv:0x00,cs0_drv:0x00,hd_drv:0x00,wp_drv:0x00
mode:DIO, clock div:2
load:0x3fff0030,len:6276
load:0x40078000,len:15748
load:0x40080400,len:4
ho 8 tail 4 room 4
load:0x40080404,len:3860
entry 0x4008063c
I (31) boot: ESP-IDF v5.4.1 2nd stage bootloader
I (31) boot: compile time Oct 21 2025 13:53:27
I (31) boot: Multicore bootloader
I (32) boot: chip revision: v3.1
I (35) boot.esp32: SPI Speed      : 40MHz
I (39) boot.esp32: SPI Mode       : DIO
I (43) boot.esp32: SPI Flash Size : 2MB
I (46) boot: Enabling RNG early entropy source...
I (51) boot: Partition Table:
I (53) boot: ## Label            Usage          Type ST Offset   Length
I (60) boot:  0 nvs              WiFi data        01 02 00009000 00006000
I (66) boot:  1 phy_init         RF data          01 01 0000f000 00001000
I (73) boot:  2 factory          factory app      00 00 00010000 00100000
I (79) boot: End of partition table
I (82) esp_image: segment 0: paddr=00010020 vaddr=3f400020 size=24700h (149248) map
I (141) esp_image: segment 1: paddr=00034728 vaddr=3ff80000 size=0001ch (    28) load
I (141) esp_image: segment 2: paddr=0003474c vaddr=3ffb0000 size=040e8h ( 16616) load
I (151) esp_image: segment 3: paddr=0003883c vaddr=40080000 size=077dch ( 30684) load
I (164) esp_image: segment 4: paddr=00040020 vaddr=400d0020 size=9dc30h (646192) map
I (385) esp_image: segment 5: paddr=000ddc58 vaddr=400877dc size=0f7b8h ( 63416) load
I (421) boot: Loaded app from partition at offset 0x10000
I (421) boot: Disabling RNG early entropy source...
I (432) cpu_start: Multicore app
I (440) cpu_start: Pro cpu start user code
I (440) cpu_start: cpu freq: 160000000 Hz
I (440) app_init: Application information:
I (440) app_init: Project name:     set
I (444) app_init: App version:      0e80716-dirty
I (448) app_init: Compile time:     Oct 21 2025 13:53:21
I (453) app_init: ELF file SHA256:  34292071b...
I (457) app_init: ESP-IDF:          v5.4.1
I (461) efuse_init: Min chip rev:     v0.0
I (465) efuse_init: Max chip rev:     v3.99 
I (469) efuse_init: Chip rev:         v3.1
I (473) heap_init: Initializing. RAM available for dynamic allocation:
I (479) heap_init: At 3FFAE6E0 len 00001920 (6 KiB): DRAM
I (484) heap_init: At 3FFBBB28 len 000244D8 (145 KiB): DRAM
I (489) heap_init: At 3FFE0440 len 00003AE0 (14 KiB): D/IRAM
I (495) heap_init: At 3FFE4350 len 0001BCB0 (111 KiB): D/IRAM
I (500) heap_init: At 40096F94 len 0000906C (36 KiB): IRAM
I (507) spi_flash: detected chip: generic
I (509) spi_flash: flash io: dio
W (512) spi_flash: Detected size(8192k) larger than the size in the binary image header(2048k). Using the size in the binary image header.
I (525) main_task: Started on CPU0
I (535) main_task: Calling app_main()
I (535) lightdb: Start LightDB set sample
[5n
Type 'help' to get the list of commands.
Use UP/DOWN arrows to navigate through command history.
Press TAB when typing command name to auto-complete.

Your terminal application does not support escape sequences.

Line editing and history features are disabled.

On Windows, try using Putty instead.
esp32> W (1045) lightdb: WiFi and Golioth credentials are not set. Use the shell settings commands to set them.

esp32> 
esp32> 
esp32> 
esp32> settings set wifi/ssid "***SAMS_ORANGE_PI_WIFI_SSID***"
Setting wifi/ssid saved
esp32> 
esp32> 
esp32> 
esp32> 
esp32> 
esp32> settings set wifi/psk "***SAMS_ORANGE_PI_WIFI_PSK***"
Setting wifi/psk saved
esp32> 
esp32> ::add-mask::generated-bkWQgNIttshgXtDP

esp32> 
esp32> 
esp32> 
esp32> settings set golioth/psk-id "generated-bkWQgNIttshgXtDP@firmware_ci"
Setting golioth/psk-id saved
esp32> 
esp32> 
esp32> 
esp32> 
esp32> 
esp32> settings set golioth/psk "generated-bkWQgNIttshgXtDP"
Setting golioth/psk saved
esp32> 
esp32> I (10095) wifi_init: rx ba win: 6
I (10095) wifi_init: accept mbox: 6
I (10095) wifi_init: tcpip mbox: 32
I (10095) wifi_init: udp mbox: 6
I (10095) wifi_init: tcp mbox: 6
I (10115) wifi_init: tcp tx win: 5760
I (10115) wifi_init: tcp rx win: 5760
I (10115) wifi_init: tcp mss: 1440
I (10115) wifi_init: WiFi IRAM OP enabled
I (10125) wifi_init: WiFi RX IRAM OP enabled
I (10125) phy_init: phy_version 4860,6b7a6e5,Feb  6 2025,14:47:07
W (10125) phy_init: failed to load RF calibration data (0x1102), falling back to full calibration
I (10205) phy_init: Saving new calibration data due to checksum failure or outdated calibration data, mode(2)
I (12135) esp_netif_handlers: sta ip: 192.168.0.118, mask: 255.255.255.0, gw: 192.168.0.1
I (12135) example_wifi: WiFi Connected. Got IP:192.168.0.118
I (12135) example_wifi: Connected to AP SSID: ***SAMS_ORANGE_PI_WIFI_SSID***
I (12145) golioth_mbox: Mbox created, bufsize: 2688, num_items: 20, item_size: 128
W (12155) lightdb: Waiting for connection to Golioth...
I (12185) golioth_coap_client_libcoap: Start CoAP session with host: coaps://coap.golioth.io
I (12185) golioth_coap_client_libcoap: Session PSK-ID: generated-bkWQgNIttshgXtDP@firmware_ci
I (12205) libcoap: Setting PSK key

I (12205) golioth_coap_client_libcoap: Entering CoAP I/O loop
W (14845) golioth_coap_client_libcoap: CoAP message retransmitted
W (19805) golioth_coap_client_libcoap: CoAP message retransmitted
I (20045) golioth_coap_client_libcoap: Golioth CoAP client connected
I (20045) lightdb: Golioth client connected
I (20055) lightdb: Setting counter to 0
I (20065) lightdb: Before request (async)
I (20065) lightdb: After request (async)
W (23115) golioth_coap_client_libcoap: CoAP message retransmitted
I (23455) lightdb: Counter successfully set
I (25065) lightdb: Setting counter to 1
I (25065) lightdb: Before request (sync)
I (25475) lightdb: Counter successfully set
I (25475) lightdb: After request (sync)
I (30475) lightdb: Setting counter to 2
I (30475) lightdb: Before request (json async)
I (30485) lightdb: After request (json async)
W (33465) golioth_coap_client_libcoap: CoAP message retransmitted
I (34535) lightdb: Counter successfully set
I (35485) lightdb: Setting counter to 3
I (35485) lightdb: Before request (cbor sync)
I (35615) lightdb: Counter successfully set
I (35625) lightdb: 