Warning: Deprecated: Command 'write_flash' is deprecated. Use 'write-flash' instead.
esptool v5.1.0
Serial port /dev/serial/by-id/usb-Silicon_Labs_CP2102N_USB_to_UART_Bridge_Controller_061a7f3b498bef11918522ccef8776e9-if00-port0:
Connecting....
Detecting chip type... ESP32-C3
Connected to ESP32-C3 on /dev/serial/by-id/usb-Silicon_Labs_CP2102N_USB_to_UART_Bridge_Controller_061a7f3b498bef11918522ccef8776e9-if00-port0:
Chip type:          ESP32-C3 AZ (QFN32) (revision v1.1)
Features:           Wi-Fi, BT 5 (LE), Single Core, 160MHz, Embedded Flash 4MB (XMC)
Crystal frequency:  40MHz
MAC:                18:8b:0e:af:95:48

Uploading stub flasher...
Running stub flasher...
Stub flasher running.
Changing baud rate to 460800...
Changed.

Configuring flash size...
Erasing flash memory (this may take a while)...
Flash memory erased successfully in 1.4 seconds.
Compressed 1019552 bytes to 599014...
Writing at 0x00000000 [                              ]   0.0% 0/599014 bytes... 
Writing at 0x00011d27 [                              ]   2.7% 16384/599014 bytes... 
Writing at 0x0001e6ea [>                             ]   5.5% 32768/599014 bytes... 
Writing at 0x0002a9fc [=>                            ]   8.2% 49152/599014 bytes... 
Writing at 0x00033739 [==>                           ]  10.9% 65536/599014 bytes... 
Writing at 0x0003b95c [===>                          ]  13.7% 81920/599014 bytes... 
Writing at 0x00041aae [===>                          ]  16.4% 98304/599014 bytes... 
Writing at 0x00047d98 [====>                         ]  19.1% 114688/599014 bytes... 
Writing at 0x0004e20d [=====>                        ]  21.9% 131072/599014 bytes... 
Writing at 0x000542c9 [======>                       ]  24.6% 147456/599014 bytes... 
Writing at 0x00059ca3 [=======>                      ]  27.4% 163840/599014 bytes... 
Writing at 0x0005f9c2 [========>                     ]  30.1% 180224/599014 bytes... 
Writing at 0x000660fa [========>                     ]  32.8% 196608/599014 bytes... 
Writing at 0x0006bc92 [=========>                    ]  35.6% 212992/599014 bytes... 
Writing at 0x00071d76 [==========>                   ]  38.3% 229376/599014 bytes... 
Writing at 0x00077be7 [===========>                  ]  41.0% 245760/599014 bytes... 
Writing at 0x0007dc8d [============>                 ]  43.8% 262144/599014 bytes... 
Writing at 0x000837ff [============>                 ]  46.5% 278528/599014 bytes... 
Writing at 0x00088ef4 [=============>                ]  49.2% 294912/599014 bytes... 
Writing at 0x0008e95b [==============>               ]  52.0% 311296/599014 bytes... 
Writing at 0x00094ad0 [===============>              ]  54.7% 327680/599014 bytes... 
Writing at 0x0009a545 [================>             ]  57.4% 344064/599014 bytes... 
Writing at 0x0009fd75 [=================>            ]  60.2% 360448/599014 bytes... 
Writing at 0x000a5d25 [=================>            ]  62.9% 376832/599014 bytes... 
Writing at 0x000ac388 [==================>           ]  65.6% 393216/599014 bytes... 
Writing at 0x000b2439 [===================>          ]  68.4% 409600/599014 bytes... 
Writing at 0x000b884e [====================>         ]  71.1% 425984/599014 bytes... 
Writing at 0x000be7e5 [=====================>        ]  73.8% 442368/599014 bytes... 
Writing at 0x000c44b3 [=====================>        ]  76.6% 458752/599014 bytes... 
Writing at 0x000c9b17 [======================>       ]  79.3% 475136/599014 bytes... 
Writing at 0x000cf8e4 [=======================>      ]  82.1% 491520/599014 bytes... 
Writing at 0x000d55df [========================>     ]  84.8% 507904/599014 bytes... 
Writing at 0x000dc60e [=========================>    ]  87.5% 524288/599014 bytes... 
Writing at 0x000e2b55 [==========================>   ]  90.3% 540672/599014 bytes... 
Writing at 0x000e971c [==========================>   ]  93.0% 557056/599014 bytes... 
Writing at 0x000ef800 [===========================>  ]  95.7% 573440/599014 bytes... 
Writing at 0x000f56b4 [============================> ]  98.5% 589824/599014 bytes... 
Writing at 0x000f8ea0 [==============================] 100.0% 599014/599014 bytes... 
Wrote 1019552 bytes (599014 compressed) at 0x00000000 in 17.8 seconds (457.8 kbit/s).
Hash of data verified.

Hard resetting via RTS pin...
Build:Jul 20 2023
rst:0x1 (POWERON),boot:0xc (SPI_FAST_FLASH_BOOT)
SPIWP:0xee
mode:DIO, clock div:1
load:0x3fcd5820,len:0x1574
load:0x403cc710,len:0xc30
load:0x403ce710,len:0x2f64
entry 0x403cc71a
I (31) boot: ESP-IDF v5.4.1 2nd stage bootloader
I (31) boot: compile time Oct 21 2025 13:43:18
I (31) boot: chip revision: v1.1
I (31) boot: efuse block revision: v1.3
I (35) boot.esp32c3: SPI Speed      : 80MHz
I (39) boot.esp32c3: SPI Mode       : DIO
I (42) boot.esp32c3: SPI Flash Size : 2MB
I (46) boot: Enabling RNG early entropy source...
I (51) boot: Partition Table:
I (53) boot: ## Label            Usage          Type ST Offset   Length
I (60) boot:  0 nvs              WiFi data        01 02 00009000 00006000
I (66) boot:  1 phy_init         RF data          01 01 0000f000 00001000
I (73) boot:  2 factory          factory app      00 00 00010000 00100000
I (79) boot: End of partition table
I (82) esp_image: segment 0: paddr=00010020 vaddr=3c0b0020 size=25710h (153360) map
I (114) esp_image: segment 1: paddr=00035738 vaddr=3fc93400 size=03050h ( 12368) load
I (117) esp_image: segment 2: paddr=00038790 vaddr=40380000 size=07888h ( 30856) load
I (124) esp_image: segment 3: paddr=00040020 vaddr=42000020 size=ad348h (709448) map
I (239) esp_image: segment 4: paddr=000ed370 vaddr=40387888 size=0bae8h ( 47848) load
I (248) esp_image: segment 5: paddr=000f8e60 vaddr=50000200 size=0001ch (    28) load
I (254) boot: Loaded app from partition at offset 0x10000
I (254) boot: Disabling RNG early entropy source...
I (265) cpu_start: Unicore app
I (274) cpu_start: Pro cpu start user code
I (274) cpu_start: cpu freq: 160000000 Hz
I (274) app_init: Application information:
I (274) app_init: Project name:     hello
I (277) app_init: App version:      0e80716-dirty
I (282) app_init: Compile time:     Oct 21 2025 13:43:12
I (287) app_init: ELF file SHA256:  b212f0e05...
I (291) app_init: ESP-IDF:          v5.4.1
I (295) efuse_init: Min chip rev:     v0.3
I (299) efuse_init: Max chip rev:     v1.99 
I (303) efuse_init: Chip rev:         v1.1
I (307) heap_init: Initializing. RAM available for dynamic allocation:
I (313) heap_init: At 3FC9DEB0 len 00022150 (136 KiB): RAM
I (318) heap_init: At 3FCC0000 len 0001C710 (113 KiB): Retention RAM
I (324) heap_init: At 3FCDC710 len 0000294C (10 KiB): Retention RAM
I (330) heap_init: At 5000021C len 00001DCC (7 KiB): RTCRAM
I (336) spi_flash: detected chip: generic
I (339) spi_flash: flash io: dio
W (342) spi_flash: Detected size(4096k) larger than the size in the binary image header(2048k). Using the size in the binary image header.
I (355) sleep_gpio: Configure to isolate all GPIO pins in sleep state
I (361) sleep_gpio: Enable automatic switching of GPIO sleep configuration
I (367) main_task: Started on CPU0
I (377) main_task: Calling app_main()
[5n
Type 'help' to get the list of commands.
Use UP/DOWN arrows to navigate through command history.
Press TAB when typing command name to auto-complete.

Your terminal application does not support escape sequences.

Line editing and history features are disabled.

On Windows, try using Putty instead.
esp32> W (887) hello: WiFi credentials are not set. Use the shell settings commands to set them.

esp32> 
esp32> 
esp32> 
esp32> settings set wifi/ssid "***SAMS_ORANGE_PI_WIFI_SSID***"
Setting wifi/ssid saved
esp32> 
esp32> 
esp32> 
esp32> 
esp32> 
esp32> settings set wifi/psk "***SAMS_ORANGE_PI_WIFI_PSK***"
Setting wifi/psk saved
esp32> 
esp32> ::add-mask::generated-PkryJRoWGtKoIrNX

esp32> 
esp32> 
esp32> 
esp32> settings set golioth/psk-id "generated-PkryJRoWGtKoIrNX@firmware_ci"
Setting golioth/psk-id saved
esp32> 
esp32> 
esp32> 
esp32> 
esp32> 
esp32> settings set golioth/psk "generated-PkryJRoWGtKoIrNX"
Setting golioth/psk saved
esp32> 
esp32> I (7907) pp: pp rom version: 74f9620
I (7907) net80211: net80211 rom version: 74f9620
I (7927) wifi_init: rx ba win: 6
I (7927) wifi_init: accept mbox: 6
I (7927) wifi_init: tcpip mbox: 32
I (7927) wifi_init: udp mbox: 6
I (7927) wifi_init: tcp mbox: 6
I (7937) wifi_init: tcp tx win: 5760
I (7937) wifi_init: tcp rx win: 5760
I (7937) wifi_init: tcp mss: 1440
I (7947) wifi_init: WiFi IRAM OP enabled
I (7947) wifi_init: WiFi RX IRAM OP enabled
I (7947) phy_init: phy_version 1200,2b7123f9,Feb 18 2025,15:22:21
W (7957) phy_init: failed to load RF calibration data (0x1102), falling back to full calibration
I (7997) phy_init: Saving new calibration data due to checksum failure or outdated calibration data, mode(2)
I (9887) esp_netif_handlers: sta ip: 192.168.0.121, mask: 255.255.255.0, gw: 192.168.0.1
I (9887) example_wifi: WiFi Connected. Got IP:192.168.0.121
I (9897) example_wifi: Connected to AP SSID: ***SAMS_ORANGE_PI_WIFI_SSID***
I (9897) golioth_mbox: Mbox created, bufsize: 2688, num_items: 20, item_size: 128
W (9907) hello: Waiting for connection to Golioth...
I (9947) golioth_coap_client_libcoap: Start CoAP session with host: coaps://coap.golioth.io
I (9947) golioth_coap_client_libcoap: Session PSK-ID: generated-PkryJRoWGtKoIrNX@firmware_ci
I (9957) libcoap: Setting PSK key

I (9967) golioth_coap_client_libcoap: Entering CoAP I/O loop
W (12417) golioth_coap_client_libcoap: CoAP message retransmitted
I (12907) golioth_coap_client_libcoap: Golioth CoAP client connected
I (12907) hello: Golioth client connected
I (12907) hello: Sending hello! 0
W (15247) golioth_coap_client_libcoap: CoAP message retransmitted
I (17907) hello: Sending hello! 1
W (18507) golioth_coap_client_libcoap: CoAP message retransmitted
I (22907) hello: Sending hello! 2
I (27907) hello: Sending hello! 3
