Warning: Deprecated: Command 'write_flash' is deprecated. Use 'write-flash' instead.
esptool v5.1.0
Serial port /dev/serial/by-id/usb-Silicon_Labs_CP2102N_USB_to_UART_Bridge_Controller_061a7f3b498bef11918522ccef8776e9-if00-port0:
Connecting....
Detecting chip type... ESP32-C3
Connected to ESP32-C3 on /dev/serial/by-id/usb-Silicon_Labs_CP2102N_USB_to_UART_Bridge_Controller_061a7f3b498bef11918522ccef8776e9-if00-port0:
Chip type:          ESP32-C3 AZ (QFN32) (revision v1.1)
Features:           Wi-Fi, BT 5 (LE), Single Core, 160MHz, Embedded Flash 4MB (XMC)
Crystal frequency:  40MHz
MAC:                18:8b:0e:af:95:48

Uploading stub flasher...
Running stub flasher...
Stub flasher running.
Changing baud rate to 460800...
Changed.

Configuring flash size...
Erasing flash memory (this may take a while)...
Flash memory erased successfully in 1.3 seconds.
Compressed 1027808 bytes to 603215...
Writing at 0x00000000 [                              ]   0.0% 0/603215 bytes... 
Writing at 0x00011d87 [                              ]   2.7% 16384/603215 bytes... 
Writing at 0x0001e980 [>                             ]   5.4% 32768/603215 bytes... 
Writing at 0x0002ae30 [=>                            ]   8.1% 49152/603215 bytes... 
Writing at 0x0003390b [==>                           ]  10.9% 65536/603215 bytes... 
Writing at 0x0003be8e [===>                          ]  13.6% 81920/603215 bytes... 
Writing at 0x00041e80 [===>                          ]  16.3% 98304/603215 bytes... 
Writing at 0x000482d5 [====>                         ]  19.0% 114688/603215 bytes... 
Writing at 0x0004e828 [=====>                        ]  21.7% 131072/603215 bytes... 
Writing at 0x00054b24 [======>                       ]  24.4% 147456/603215 bytes... 
Writing at 0x0005a387 [=======>                      ]  27.2% 163840/603215 bytes... 
Writing at 0x0005ffe9 [=======>                      ]  29.9% 180224/603215 bytes... 
Writing at 0x000666a1 [========>                     ]  32.6% 196608/603215 bytes... 
Writing at 0x0006c2b1 [=========>                    ]  35.3% 212992/603215 bytes... 
Writing at 0x0007219c [==========>                   ]  38.0% 229376/603215 bytes... 
Writing at 0x000783a0 [===========>                  ]  40.7% 245760/603215 bytes... 
Writing at 0x0007e2fa [============>                 ]  43.5% 262144/603215 bytes... 
Writing at 0x0008411e [============>                 ]  46.2% 278528/603215 bytes... 
Writing at 0x00089608 [=============>                ]  48.9% 294912/603215 bytes... 
Writing at 0x0008f1a3 [==============>               ]  51.6% 311296/603215 bytes... 
Writing at 0x00095364 [===============>              ]  54.3% 327680/603215 bytes... 
Writing at 0x0009ad16 [================>             ]  57.0% 344064/603215 bytes... 
Writing at 0x000a0596 [================>             ]  59.8% 360448/603215 bytes... 
Writing at 0x000a6376 [=================>            ]  62.5% 376832/603215 bytes... 
Writing at 0x000ac6f5 [==================>           ]  65.2% 393216/603215 bytes... 
Writing at 0x000b2bdf [===================>          ]  67.9% 409600/603215 bytes... 
Writing at 0x000b8e42 [====================>         ]  70.6% 425984/603215 bytes... 
Writing at 0x000befba [=====================>        ]  73.3% 442368/603215 bytes... 
Writing at 0x000c4ca9 [=====================>        ]  76.1% 458752/603215 bytes... 
Writing at 0x000ca329 [======================>       ]  78.8% 475136/603215 bytes... 
Writing at 0x000cffac [=======================>      ]  81.5% 491520/603215 bytes... 
Writing at 0x000d5cb9 [========================>     ]  84.2% 507904/603215 bytes... 
Writing at 0x000dcc67 [=========================>    ]  86.9% 524288/603215 bytes... 
Writing at 0x000e3073 [=========================>    ]  89.6% 540672/603215 bytes... 
Writing at 0x000ea075 [==========================>   ]  92.3% 557056/603215 bytes... 
Writing at 0x000efe9a [===========================>  ]  95.1% 573440/603215 bytes... 
Writing at 0x000f5fe3 [============================> ]  97.8% 589824/603215 bytes... 
Writing at 0x000faee0 [==============================] 100.0% 603215/603215 bytes... 
Wrote 1027808 bytes (603215 compressed) at 0x00000000 in 18.0 seconds (457.6 kbit/s).
Hash of data verified.

Hard resetting via RTS pin...
Build:Jul 20 2023
rst:0x1 (POWERON),boot:0xc (SPI_FAST_FLASH_BOOT)
SPIWP:0xee
mode:DIO, clock div:1
load:0x3fcd5820,len:0x1574
load:0x403cc710,len:0xc30
load:0x403ce710,len:0x2f64
entry 0x403cc71a
I (31) boot: ESP-IDF v5.4.1 2nd stage bootloader
I (31) boot: compile time Oct 21 2025 13:51:47
I (31) boot: chip revision: v1.1
I (31) boot: efuse block revision: v1.3
I (35) boot.esp32c3: SPI Speed      : 80MHz
I (39) boot.esp32c3: SPI Mode       : DIO
I (42) boot.esp32c3: SPI Flash Size : 2MB
I (46) boot: Enabling RNG early entropy source...
I (51) boot: Partition Table:
I (53) boot: ## Label            Usage          Type ST Offset   Length
I (60) boot:  0 nvs              WiFi data        01 02 00009000 00006000
I (66) boot:  1 phy_init         RF data          01 01 0000f000 00001000
I (73) boot:  2 factory          factory app      00 00 00010000 00100000
I (79) boot: End of partition table
I (82) esp_image: segment 0: paddr=00010020 vaddr=3c0b0020 size=25e30h (155184) map
I (115) esp_image: segment 1: paddr=00035e58 vaddr=3fc93400 size=03050h ( 12368) load
I (117) esp_image: segment 2: paddr=00038eb0 vaddr=40380000 size=07168h ( 29032) load
I (124) esp_image: segment 3: paddr=00040020 vaddr=42000020 size=aec64h (715876) map
I (240) esp_image: segment 4: paddr=000eec8c vaddr=40387168 size=0c208h ( 49672) load
I (249) esp_image: segment 5: paddr=000fae9c vaddr=50000200 size=0001ch (    28) load
I (256) boot: Loaded app from partition at offset 0x10000
I (256) boot: Disabling RNG early entropy source...
I (267) cpu_start: Unicore app
I (275) cpu_start: Pro cpu start user code
I (275) cpu_start: cpu freq: 160000000 Hz
I (275) app_init: Application information:
I (275) app_init: Project name:     get
I (279) app_init: App version:      0e80716-dirty
I (283) app_init: Compile time:     Oct 21 2025 13:51:40
I (288) app_init: ELF file SHA256:  0e6331f01...
I (293) app_init: ESP-IDF:          v5.4.1
I (296) efuse_init: Min chip rev:     v0.3
I (300) efuse_init: Max chip rev:     v1.99 
I (304) efuse_init: Chip rev:         v1.1
I (308) heap_init: Initializing. RAM available for dynamic allocation:
I (314) heap_init: At 3FC9DEB0 len 00022150 (136 KiB): RAM
I (320) heap_init: At 3FCC0000 len 0001C710 (113 KiB): Retention RAM
I (326) heap_init: At 3FCDC710 len 0000294C (10 KiB): Retention RAM
I (332) heap_init: At 5000021C len 00001DCC (7 KiB): RTCRAM
I (338) spi_flash: detected chip: generic
I (341) spi_flash: flash io: dio
W (344) spi_flash: Detected size(4096k) larger than the size in the binary image header(2048k). Using the size in the binary image header.
I (356) sleep_gpio: Configure to isolate all GPIO pins in sleep state
I (362) sleep_gpio: Enable automatic switching of GPIO sleep configuration
I (369) main_task: Started on CPU0
I (379) main_task: Calling app_main()
I (379) lightdb: Start LightDB get sample
[5n
Type 'help' to get the list of commands.
Use UP/DOWN arrows to navigate through command history.
Press TAB when typing command name to auto-complete.

Your terminal application does not support escape sequences.

Line editing and history features are disabled.

On Windows, try using Putty instead.
esp32> W (889) lightdb: WiFi and Golioth credentials are not set. Use the shell settings commands to set them.

esp32> 
esp32> 
esp32> 
esp32> settings set wifi/ssid "***SAMS_ORANGE_PI_WIFI_SSID***"
Setting wifi/ssid saved
esp32> 
esp32> 
esp32> 
esp32> 
esp32> 
esp32> settings set wifi/psk "***SAMS_ORANGE_PI_WIFI_PSK***"
Setting wifi/psk saved
esp32> 
esp32> ::add-mask::generated-dKeeOydCiMwtNnqE

esp32> 
esp32> 
esp32> 
esp32> settings set golioth/psk-id "generated-dKeeOydCiMwtNnqE@firmware_ci"
Setting golioth/psk-id saved
esp32> 
esp32> 
esp32> 
esp32> 
esp32> 
esp32> settings set golioth/psk "generated-dKeeOydCiMwtNnqE"
Setting golioth/psk saved
esp32> 
esp32> I (9909) pp: pp rom version: 74f9620
I (9909) net80211: net80211 rom version: 74f9620
I (9929) wifi_init: rx ba win: 6
I (9929) wifi_init: accept mbox: 6
I (9929) wifi_init: tcpip mbox: 32
I (9929) wifi_init: udp mbox: 6
I (9929) wifi_init: tcp mbox: 6
I (9939) wifi_init: tcp tx win: 5760
I (9939) wifi_init: tcp rx win: 5760
I (9939) wifi_init: tcp mss: 1440
I (9949) wifi_init: WiFi IRAM OP enabled
I (9949) wifi_init: WiFi RX IRAM OP enabled
I (9949) phy_init: phy_version 1200,2b7123f9,Feb 18 2025,15:22:21
W (9959) phy_init: failed to load RF calibration data (0x1102), falling back to full calibration
I (9999) phy_init: Saving new calibration data due to checksum failure or outdated calibration data, mode(2)
I (11899) esp_netif_handlers: sta ip: 192.168.0.121, mask: 255.255.255.0, gw: 192.168.0.1
I (11899) example_wifi: WiFi Connected. Got IP:192.168.0.121
I (11909) example_wifi: Connected to AP SSID: ***SAMS_ORANGE_PI_WIFI_SSID***
I (11909) golioth_mbox: Mbox created, bufsize: 2688, num_items: 20, item_size: 128
W (11919) lightdb: Waiting for connection to Golioth...
I (11959) golioth_coap_client_libcoap: Start CoAP session with host: coaps://coap.golioth.io
I (11959) golioth_coap_client_libcoap: Session PSK-ID: generated-dKeeOydCiMwtNnqE@firmware_ci
I (11969) libcoap: Setting PSK key

I (11979) golioth_coap_client_libcoap: Entering CoAP I/O loop
I (12149) golioth_coap_client_libcoap: Golioth CoAP client connected
I (12149) lightdb: Golioth client connected
I (12159) lightdb: Before request (async)
I (12159) lightdb: After request (async)
W (12489) lightdb: Failed to get counter (async): 0
I (17169) lightdb: Before request (sync)
I (18949) lightdb: Counter (sync): 13
I (18959) lightdb: After request (sync)
I (23959) lightdb: Before JSON request (sync)
W (26509) golioth_coap_client_libcoap: CoAP message retransmitted
I (27859) lightdb: 0x3fca0b20   7b 22 63 6f 75 6e 74 65  72 22 3a 32 37 7d        |{"counter":27}|
I (27869) lightdb: After JSON request (sync)
I (32879) lightdb: Before CBOR request (async)
I (32879) lightdb: After CBOR request (async)
I (32949) lightdb: Counter (CBOR async): 99
I (37879) lightdb: Before request (async)
I (37879) lightdb: After request (async)
I (37979) lightdb: Counter (async): 42
