Warning: Deprecated: Command 'write_flash' is deprecated. Use 'write-flash' instead.
esptool v5.1.0
Serial port /dev/serial/by-id/usb-Silicon_Labs_CP2102N_USB_to_UART_Bridge_Controller_08bd8600facfec119c501d2686bdcd52-if00-port0:
Connecting....
Detecting chip type... ESP32-S3
Connected to ESP32-S3 on /dev/serial/by-id/usb-Silicon_Labs_CP2102N_USB_to_UART_Bridge_Controller_08bd8600facfec119c501d2686bdcd52-if00-port0:
Chip type:          ESP32-S3 (QFN56) (revision v0.1)
Features:           Wi-Fi, BT 5 (LE), Dual Core + LP Core, 240MHz, Embedded PSRAM 8MB (AP_3v3)
Crystal frequency:  40MHz
MAC:                34:85:18:6d:04:5c

Uploading stub flasher...
Running stub flasher...
Stub flasher running.
Changing baud rate to 460800...
Changed.

Configuring flash size...
Erasing flash memory (this may take a while)...
Flash memory erased successfully in 0.6 seconds.
Compressed 958368 bytes to 596400...
Writing at 0x00000000 [                              ]   0.0% 0/596400 bytes... 
Writing at 0x000115d3 [                              ]   2.7% 16384/596400 bytes... 
Writing at 0x0001e4a9 [>                             ]   5.5% 32768/596400 bytes... 
Writing at 0x0002a1de [=>                            ]   8.2% 49152/596400 bytes... 
Writing at 0x00033905 [==>                           ]  11.0% 65536/596400 bytes... 
Writing at 0x0003c744 [===>                          ]  13.7% 81920/596400 bytes... 
Writing at 0x00042831 [===>                          ]  16.5% 98304/596400 bytes... 
Writing at 0x0004812c [====>                         ]  19.2% 114688/596400 bytes... 
Writing at 0x0004dd6e [=====>                        ]  22.0% 131072/596400 bytes... 
Writing at 0x00053486 [======>                       ]  24.7% 147456/596400 bytes... 
Writing at 0x000586f5 [=======>                      ]  27.5% 163840/596400 bytes... 
Writing at 0x0005db56 [========>                     ]  30.2% 180224/596400 bytes... 
Writing at 0x000634fd [========>                     ]  33.0% 196608/596400 bytes... 
Writing at 0x0006854c [=========>                    ]  35.7% 212992/596400 bytes... 
Writing at 0x0006d908 [==========>                   ]  38.5% 229376/596400 bytes... 
Writing at 0x00072b30 [===========>                  ]  41.2% 245760/596400 bytes... 
Writing at 0x00077dbb [============>                 ]  44.0% 262144/596400 bytes... 
Writing at 0x0007cf2e [=============>                ]  46.7% 278528/596400 bytes... 
Writing at 0x00082601 [=============>                ]  49.4% 294912/596400 bytes... 
Writing at 0x00087b1f [==============>               ]  52.2% 311296/596400 bytes... 
Writing at 0x0008d146 [===============>              ]  54.9% 327680/596400 bytes... 
Writing at 0x000920cc [================>             ]  57.7% 344064/596400 bytes... 
Writing at 0x00097158 [=================>            ]  60.4% 360448/596400 bytes... 
Writing at 0x0009c743 [=================>            ]  63.2% 376832/596400 bytes... 
Writing at 0x000a1942 [==================>           ]  65.9% 393216/596400 bytes... 
Writing at 0x000a6b2d [===================>          ]  68.7% 409600/596400 bytes... 
Writing at 0x000ac320 [====================>         ]  71.4% 425984/596400 bytes... 
Writing at 0x000b1622 [=====================>        ]  74.2% 442368/596400 bytes... 
Writing at 0x000b670c [======================>       ]  76.9% 458752/596400 bytes... 
Writing at 0x000bbd4e [======================>       ]  79.7% 475136/596400 bytes... 
Writing at 0x000c204f [=======================>      ]  82.4% 491520/596400 bytes... 
Writing at 0x000c8af1 [========================>     ]  85.2% 507904/596400 bytes... 
Writing at 0x000d0aa3 [=========================>    ]  87.9% 524288/596400 bytes... 
Writing at 0x000d6f8c [==========================>   ]  90.7% 540672/596400 bytes... 
Writing at 0x000dc730 [===========================>  ]  93.4% 557056/596400 bytes... 
Writing at 0x000e25d6 [===========================>  ]  96.2% 573440/596400 bytes... 
Writing at 0x000e7870 [============================> ]  98.9% 589824/596400 bytes... 
Writing at 0x000e9fa0 [==============================] 100.0% 596400/596400 bytes... 
Wrote 958368 bytes (596400 compressed) at 0x00000000 in 17.6 seconds (434.6 kbit/s).
Hash of data verified.

Hard resetting via RTS pin...
ESP-ROM:esp32s3-20210327
Build:Mar 27 2021
rst:0x1 (POWERON),boot:0x8 (SPI_FAST_FLASH_BOOT)
SPIWP:0xee
mode:DIO, clock div:1
load:0x3fce2810,len:0x15a0
load:0x403c8700,len:0x4
load:0x403c8704,len:0xd20
load:0x403cb700,len:0x2f58
entry 0x403c8928
I (27) boot: ESP-IDF v5.4.1 2nd stage bootloader
I (27) boot: compile time Oct 21 2025 13:40:29
I (27) boot: Multicore bootloader
I (27) boot: chip revision: v0.1
I (30) boot: efuse block revision: v1.2
I (33) boot.esp32s3: Boot SPI Speed : 80MHz
I (37) boot.esp32s3: SPI Mode       : DIO
I (41) boot.esp32s3: SPI Flash Size : 4MB
I (45) boot: Enabling RNG early entropy source...
I (49) boot: Partition Table:
I (52) boot: ## Label            Usage          Type ST Offset   Length
I (58) boot:  0 nvs              WiFi data        01 02 00009000 00006000
I (65) boot:  1 phy_init         RF data          01 01 0000f000 00001000
I (71) boot:  2 factory          factory app      00 00 00010000 00100000
I (78) boot: End of partition table
I (81) esp_image: segment 0: paddr=00010020 vaddr=3c0a0020 size=24160h (147808) map
I (115) esp_image: segment 1: paddr=00034188 vaddr=3fc99400 size=04bc0h ( 19392) load
I (119) esp_image: segment 2: paddr=00038d50 vaddr=40374000 size=072c8h ( 29384) load
I (125) esp_image: segment 3: paddr=00040020 vaddr=42000020 size=9be54h (638548) map
I (238) esp_image: segment 4: paddr=000dbe7c vaddr=4037b2c8 size=0e0dch ( 57564) load
I (251) esp_image: segment 5: paddr=000e9f60 vaddr=600fe100 size=0001ch (    28) load
I (260) boot: Loaded app from partition at offset 0x10000
I (260) boot: Disabling RNG early entropy source...
I (270) cpu_start: Multicore app
I (279) cpu_start: Pro cpu start user code
I (279) cpu_start: cpu freq: 160000000 Hz
I (279) app_init: Application information:
I (279) app_init: Project name:     test
I (283) app_init: App version:      0e80716-dirty
I (287) app_init: Compile time:     Oct 21 2025 13:40:23
I (292) app_init: ELF file SHA256:  9d62393ae...
I (297) app_init: ESP-IDF:          v5.4.1
I (301) efuse_init: Min chip rev:     v0.0
I (304) efuse_init: Max chip rev:     v0.99 
I (308) efuse_init: Chip rev:         v0.1
I (312) heap_init: Initializing. RAM available for dynamic allocation:
I (319) heap_init: At 3FCA5330 len 000443E0 (272 KiB): RAM
I (324) heap_init: At 3FCE9710 len 00005724 (21 KiB): RAM
I (329) heap_init: At 3FCF0000 len 00008000 (32 KiB): DRAM
I (334) heap_init: At 600FE11C len 00001ECC (7 KiB): RTCRAM
I (340) spi_flash: detected chip: gd
I (343) spi_flash: flash io: dio
W (346) spi_flash: Detected size(8192k) larger than the size in the binary image header(4096k). Using the size in the binary image header.
I (358) sleep_gpio: Configure to isolate all GPIO pins in sleep state
I (364) sleep_gpio: Enable automatic switching of GPIO sleep configuration
I (371) main_task: Started on CPU0
I (391) main_task: Calling app_main()
[5n
Type 'help' to get the list of commands.
Use UP/DOWN arrows to navigate through command history.
Press TAB when typing command name to auto-complete.

Your terminal application does not support escape sequences.

Line editing and history features are disabled.

On Windows, try using Putty instead.
esp32> W (901) hil_test: WiFi and Golioth credentials are not set. Use the shell settings commands to set them.

esp32> 
esp32> 
esp32> 
esp32> settings set wifi/ssid "***MIKES_ORANGE_PI_WIFI_SSID***"
Setting wifi/ssid saved
esp32> 
esp32> 
esp32> 
esp32> 
esp32> 
esp32> settings set wifi/psk "***MIKES_ORANGE_PI_WIFI_PSK***"
Setting wifi/psk saved
esp32> 
es::add-mask::generated-TwylBRECWJxtZbVx
p32> 
esp32> 
esp32> 
esp32> 
esp32> settings set golioth/psk-id "generated-TwylBRECWJxtZbVx@firmware_ci"
Setting golioth/psk-id saved
esp32> 
esp32> 
esp32> 
esp32> 
esp32> 
esp32> settings set golioth/psk "generated-TwylBRECWJxtZbVx"
Setting golioth/psk saved
esp32> 
esp32> I (7931) pp: pp rom version: e7ae62f
I (7931) net80211: net80211 rom version: e7ae62f
I (7951) wifi_init: rx ba win: 6
I (7951) wifi_init: accept mbox: 6
I (7951) wifi_init: tcpip mbox: 32
I (7951) wifi_init: udp mbox: 6
I (7951) wifi_init: tcp mbox: 6
I (7961) wifi_init: tcp tx win: 5760
I (7961) wifi_init: tcp rx win: 5760
I (7961) wifi_init: tcp mss: 1440
I (7961) wifi_init: WiFi IRAM OP enabled
I (7981) wifi_init: WiFi RX IRAM OP enabled
I (7981) phy_init: phy_version 700,8582a7fd,Feb 10 2025,20:13:11
W (7981) phy_init: failed to load RF calibration data (0x1102), falling back to full calibration
I (8021) phy_init: Saving new calibration data due to checksum failure or outdated calibration data, mode(2)
I (13631) esp_netif_handlers: sta ip: 192.168.8.234, mask: 255.255.255.0, gw: 192.168.8.1
I (13631) example_wifi: WiFi Connected. Got IP:192.168.8.234
I (13631) example_wifi: Connected to AP SSID: ***MIKES_ORANGE_PI_WIFI_SSID***
I (13641) golioth_mbox: Mbox created, bufsize: 2688, num_items: 20, item_size: 128
I (13681) golioth_coap_client_libcoap: Start CoAP session with host: coaps://coap.golioth.io
I (13691) golioth_coap_client_libcoap: Session PSK-ID: generated-TwylBRECWJxtZbVx@firmware_ci
I (13701) libcoap: Setting PSK key

I (13711) golioth_coap_client_libcoap: Entering CoAP I/O loop
I (14221) golioth_coap_client_libcoap: Golioth CoAP client connected
I (14221) test_connect: Golioth client connected
I (15221) test_connect: Stopping client
I (15221) golioth_coap_client_libcoap: Attempting to stop client
I (15271) golioth_coap_client_libcoap: Stopping
I (15271) golioth_coap_client_libcoap: Ending session
I (15271) test_connect: Golioth client disconnected
I (26321) test_connect: Starting client
I (26321) golioth_coap_client_libcoap: Start CoAP session with host: coaps://coap.golioth.io
I (26321) golioth_coap_client_libcoap: Session PSK-ID: generated-TwylBRECWJxtZbVx@firmware_ci
I (26331) libcoap: Setting PSK key

I (26341) golioth_coap_client_libcoap: Entering CoAP I/O loop
I (26711) golioth_coap_client_libcoap: Golioth CoAP client connected
I (26721) test_connect: Golioth client connected
I (27721) test_connect: Destroying client
I (27721) golioth_coap_client_libcoap: Attempting to stop client
I (27771) golioth_coap_client_libcoap: Stopping
I (27781) golioth_coap_client_libcoap: Ending session
I (27781) test_connect: Golioth client disconnected
I (38821) test_connect: Starting client
I (38821) golioth_mbox: Mbox created, bufsize: 2688, num_items: 20, item_size: 128
I (38821) golioth_coap_client_libcoap: Start CoAP session with host: coaps://coap.golioth.io
I (38831) golioth_coap_client_libcoap: Session PSK-ID: generated-TwylBRECWJxtZbVx@firmware_ci
I (38851) libcoap: Setting PSK key

I (38851) golioth_coap_client_libcoap: Entering CoAP I/O loop
I (39201) golioth_coap_client_libcoap: Golioth CoAP client connected
W (70941) golioth_coap_client_libcoap: CoAP message retransmitted
