Warning: Deprecated: Command 'write_flash' is deprecated. Use 'write-flash' instead.
esptool v5.1.0
Serial port /dev/serial/by-id/usb-Silicon_Labs_CP2102N_USB_to_UART_Bridge_Controller_90568bbbd827ee11b31a14d8f49e3369-if00-port0:
Connecting.......
Detecting chip type... ESP32
Connected to ESP32 on /dev/serial/by-id/usb-Silicon_Labs_CP2102N_USB_to_UART_Bridge_Controller_90568bbbd827ee11b31a14d8f49e3369-if00-port0:
Chip type:          ESP32-D0WD-V3 (revision v3.1)
Features:           Wi-Fi, BT, Dual Core + LP Core, 240MHz, Vref calibration in eFuse, Coding Scheme None
Crystal frequency:  40MHz
MAC:                a0:a3:b3:8b:38:c0

Uploading stub flasher...
Running stub flasher...
Stub flasher running.
Changing baud rate to 460800...
Changed.

Configuring flash size...
Erasing flash memory (this may take a while)...
Flash memory erased successfully in 2.2 seconds.
Compressed 976080 bytes to 613254...
Writing at 0x00000000 [                              ]   0.0% 0/613254 bytes... 
Writing at 0x000074b1 [                              ]   2.7% 16384/613254 bytes... 
Writing at 0x0001c14e [>                             ]   5.3% 32768/613254 bytes... 
Writing at 0x00028f9c [=>                            ]   8.0% 49152/613254 bytes... 
Writing at 0x00031b26 [==>                           ]  10.7% 65536/613254 bytes... 
Writing at 0x0003b543 [===>                          ]  13.4% 81920/613254 bytes... 
Writing at 0x00040d45 [===>                          ]  16.0% 98304/613254 bytes... 
Writing at 0x00046675 [====>                         ]  18.7% 114688/613254 bytes... 
Writing at 0x0004be2b [=====>                        ]  21.4% 131072/613254 bytes... 
Writing at 0x000513e1 [======>                       ]  24.0% 147456/613254 bytes... 
Writing at 0x0005656a [=======>                      ]  26.7% 163840/613254 bytes... 
Writing at 0x0005b91d [=======>                      ]  29.4% 180224/613254 bytes... 
Writing at 0x00060e70 [========>                     ]  32.1% 196608/613254 bytes... 
Writing at 0x000660c8 [=========>                    ]  34.7% 212992/613254 bytes... 
Writing at 0x0006b2a9 [==========>                   ]  37.4% 229376/613254 bytes... 
Writing at 0x00070589 [===========>                  ]  40.1% 245760/613254 bytes... 
Writing at 0x00075731 [===========>                  ]  42.7% 262144/613254 bytes... 
Writing at 0x0007aa34 [============>                 ]  45.4% 278528/613254 bytes... 
Writing at 0x0007fdcd [=============>                ]  48.1% 294912/613254 bytes... 
Writing at 0x00085856 [==============>               ]  50.8% 311296/613254 bytes... 
Writing at 0x0008b048 [===============>              ]  53.4% 327680/613254 bytes... 
Writing at 0x000903bb [===============>              ]  56.1% 344064/613254 bytes... 
Writing at 0x00095604 [================>             ]  58.8% 360448/613254 bytes... 
Writing at 0x0009ad30 [=================>            ]  61.4% 376832/613254 bytes... 
Writing at 0x000a045f [==================>           ]  64.1% 393216/613254 bytes... 
Writing at 0x000a5784 [===================>          ]  66.8% 409600/613254 bytes... 
Writing at 0x000aad4d [===================>          ]  69.5% 425984/613254 bytes... 
Writing at 0x000b07f6 [====================>         ]  72.1% 442368/613254 bytes... 
Writing at 0x000b5940 [=====================>        ]  74.8% 458752/613254 bytes... 
Writing at 0x000bac10 [======================>       ]  77.5% 475136/613254 bytes... 
Writing at 0x000c05f5 [=======================>      ]  80.1% 491520/613254 bytes... 
Writing at 0x000c7c68 [=======================>      ]  82.8% 507904/613254 bytes... 
Writing at 0x000ce3b8 [========================>     ]  85.5% 524288/613254 bytes... 
Writing at 0x000d5b19 [=========================>    ]  88.2% 540672/613254 bytes... 
Writing at 0x000db419 [==========================>   ]  90.8% 557056/613254 bytes... 
Writing at 0x000e0e72 [===========================>  ]  93.5% 573440/613254 bytes... 
Writing at 0x000e6b73 [===========================>  ]  96.2% 589824/613254 bytes... 
Writing at 0x000ebdd3 [============================> ]  98.9% 606208/613254 bytes... 
Writing at 0x000ee4d0 [==============================] 100.0% 613254/613254 bytes... 
Wrote 976080 bytes (613254 compressed) at 0x00000000 in 18.0 seconds (435.0 kbit/s).
Hash of data verified.

Hard resetting via RTS pin...
00,d_drv:0x00,cs0_drv:0x00,hd_drv:0x00,wp_drv:0x00
mode:DIO, clock div:2
load:0x3fff0030,len:6276
load:0x40078000,len:15828
load:0x40080400,len:4
ho 8 tail 4 room 4
load:0x40080404,len:3860
entry 0x4008063c
I (31) boot: ESP-IDF v5.4.1 2nd stage bootloader
I (31) boot: compile time Oct 21 2025 13:40:21
I (31) boot: Multicore bootloader
I (32) boot: chip revision: v3.1
I (35) boot.esp32: SPI Speed      : 40MHz
I (39) boot.esp32: SPI Mode       : DIO
I (43) boot.esp32: SPI Flash Size : 4MB
I (46) boot: Enabling RNG early entropy source...
I (51) boot: Partition Table:
I (53) boot: ## Label            Usage          Type ST Offset   Length
I (60) boot:  0 nvs              WiFi data        01 02 00009000 00006000
I (66) boot:  1 phy_init         RF data          01 01 0000f000 00001000
I (73) boot:  2 factory          factory app      00 00 00010000 00100000
I (79) boot: End of partition table
I (82) esp_image: segment 0: paddr=00010020 vaddr=3f400020 size=24b50h (150352) map
I (141) esp_image: segment 1: paddr=00034b78 vaddr=3ff80000 size=0001ch (    28) load
I (142) esp_image: segment 2: paddr=00034b9c vaddr=3ffb0000 size=040d8h ( 16600) load
I (151) esp_image: segment 3: paddr=00038c7c vaddr=40080000 size=0739ch ( 29596) load
I (164) esp_image: segment 4: paddr=00040020 vaddr=400d0020 size=9e88ch (649356) map
I (386) esp_image: segment 5: paddr=000de8b4 vaddr=4008739c size=0fbf8h ( 64504) load
I (423) boot: Loaded app from partition at offset 0x10000
I (423) boot: Disabling RNG early entropy source...
I (433) cpu_start: Multicore app
I (441) cpu_start: Pro cpu start user code
I (441) cpu_start: cpu freq: 160000000 Hz
I (441) app_init: Application information:
I (442) app_init: Project name:     test
I (445) app_init: App version:      0e80716-dirty
I (450) app_init: Compile time:     Oct 21 2025 13:40:14
I (455) app_init: ELF file SHA256:  8aa0f97f6...
I (459) app_init: ESP-IDF:          v5.4.1
I (463) efuse_init: Min chip rev:     v0.0
I (467) efuse_init: Max chip rev:     v3.99 
I (471) efuse_init: Chip rev:         v3.1
I (475) heap_init: Initializing. RAM available for dynamic allocation:
I (481) heap_init: At 3FFAE6E0 len 00001920 (6 KiB): DRAM
I (486) heap_init: At 3FFBCF48 len 000230B8 (140 KiB): DRAM
I (491) heap_init: At 3FFE0440 len 00003AE0 (14 KiB): D/IRAM
I (496) heap_init: At 3FFE4350 len 0001BCB0 (111 KiB): D/IRAM
I (502) heap_init: At 40096F94 len 0000906C (36 KiB): IRAM
I (509) spi_flash: detected chip: generic
I (511) spi_flash: flash io: dio
W (514) spi_flash: Detected size(8192k) larger than the size in the binary image header(4096k). Using the size in the binary image header.
I (527) main_task: Started on CPU0
I (537) main_task: Calling app_main()
[5n
Type 'help' to get the list of commands.
Use UP/DOWN arrows to navigate through command history.
Press TAB when typing command name to auto-complete.

Your terminal application does not support escape sequences.

Line editing and history features are disabled.

On Windows, try using Putty instead.
esp32> W (1047) hil_test: WiFi and Golioth credentials are not set. Use the shell settings commands to set them.

esp32> 
esp32> 
esp32> 
esp32> settings set wifi/ssid "***SAMS_ORANGE_PI_WIFI_SSID***"
Setting wifi/ssid saved
esp32> 
esp32> 
esp32> 
esp32> 
esp32> 
esp32> settings set wifi/psk "***SAMS_ORANGE_PI_WIFI_PSK***"
Setting wifi/psk saved
esp32> 
esp32> ::add-mask::generated-mgdCOghLbzGnwLfP

esp32> 
esp32> 
esp32> 
esp32> settings set golioth/psk-id "generated-mgdCOghLbzGnwLfP@firmware_ci"
Setting golioth/psk-id saved
esp32> 
esp32> 
esp32> 
esp32> 
esp32> 
esp32> settings set golioth/psk "generated-mgdCOghLbzGnwLfP"
Setting golioth/psk saved
esp32> 
esp32> I (8097) wifi_init: rx ba win: 6
I (8097) wifi_init: accept mbox: 6
I (8097) wifi_init: tcpip mbox: 32
I (8097) wifi_init: udp mbox: 6
I (8097) wifi_init: tcp mbox: 6
I (8117) wifi_init: tcp tx win: 5760
I (8117) wifi_init: tcp rx win: 5760
I (8117) wifi_init: tcp mss: 1440
I (8117) wifi_init: WiFi IRAM OP enabled
I (8127) wifi_init: WiFi RX IRAM OP enabled
I (8127) phy_init: phy_version 4860,6b7a6e5,Feb  6 2025,14:47:07
W (8127) phy_init: failed to load RF calibration data (0x1102), falling back to full calibration
I (8207) phy_init: Saving new calibration data due to checksum failure or outdated calibration data, mode(2)
I (10137) esp_netif_handlers: sta ip: 192.168.0.118, mask: 255.255.255.0, gw: 192.168.0.1
I (10137) example_wifi: WiFi Connected. Got IP:192.168.0.118
I (10137) example_wifi: Connected to AP SSID: ***SAMS_ORANGE_PI_WIFI_SSID***
I (10147) golioth_mbox: Mbox created, bufsize: 2688, num_items: 20, item_size: 128
I (10227) golioth_coap_client_libcoap: Start CoAP session with host: coaps://coap.golioth.io
I (10227) golioth_coap_client_libcoap: Session PSK-ID: generated-mgdCOghLbzGnwLfP@firmware_ci
I (10247) libcoap: Setting PSK key

I (10247) golioth_coap_client_libcoap: Entering CoAP I/O loop
I (12477) golioth_coap_client_libcoap: Golioth CoAP client connected
I (12527) test_ota: Manifest received
I (12537) test_ota: Manifest successfully decoded
I (12537) test_ota: Manifest doesn't have main or walrus components, skipping this one.
I (14677) test_ota: Manifest received
I (14677) test_ota: Manifest successfully decoded
I (14677) test_ota: Manifest doesn't have main or walrus components, skipping this one.
I (14747) test_ota: Manifest received
I (14747) test_ota: Manifest successfully decoded
I (14747) test_ota: Manifest doesn't have main or walrus components, skipping this one.
I (14767) test_ota: Manifest received
I (14767) test_ota: Manifest successfully decoded
I (14767) test_ota: Manifest doesn't have main or walrus components, skipping this one.
I (14787) test_ota: Manifest received
I (14787) test_ota: Manifest successfully decoded
I (14797) test_ota: Manifest doesn't have main or walrus components, skipping this one.
I (14807) test_ota: Manifest received
I (14807) test_ota: Manifest successfully decoded
I (14817) test_ota: Manifest doesn't have main or walrus components, skipping this one.
I (14877) test_ota: Manifest received
I (14877) test_ota: Manifest successfully decoded
I (14877) test_ota: Found main component
I (14887) test_ota: No absent component found
I (14897) test_ota: component.package: main
I (14897) test_ota: component.version: 1.2.2
I (14897) test_ota: component.size: 16147
I (14897) test_ota: component.hash: 62c035ff42d6c61ad9d1caf9ee3425dae3ef360eb9d145061d3f76092e266018
I (14907) test_ota: component.uri: /.u/c/main@1.2.2
I (14907) test_ota: component.bootloader: default
