esptool.py v4.8.1
Serial port /dev/serial/by-id/usb-Silicon_Labs_CP2102N_USB_to_UART_Bridge_Controller_84fc4646bd19ec11ad785df0f95a09b1-if00-port0
Connecting....
Detecting chip type... ESP32-S3
Chip is ESP32-S3 (QFN56) (revision v0.1)
Features: WiFi, BLE, Embedded PSRAM 2MB (AP_3v3)
Crystal is 40MHz
MAC: 7c:df:a1:e5:59:dc
Uploading stub...
Running stub...
Stub running...
Changing baud rate to 460800
Changed.
Configuring flash size...
Erasing flash (this may take a while)...
Chip erase completed successfully in 23.4s
Compressed 992128 bytes to 615894...
Writing at 0x00000000... (2 %)
Writing at 0x00011b2a... (5 %)
Writing at 0x0001f3cd... (7 %)
Writing at 0x0002b635... (10 %)
Writing at 0x00031cb6... (13 %)
Writing at 0x000372a2... (15 %)
Writing at 0x00041ec9... (18 %)
Writing at 0x0004787f... (21 %)
Writing at 0x0004d4a7... (23 %)
Writing at 0x00052b6c... (26 %)
Writing at 0x00057dba... (28 %)
Writing at 0x0005d154... (31 %)
Writing at 0x00062f82... (34 %)
Writing at 0x00068065... (36 %)
Writing at 0x0006d274... (39 %)
Writing at 0x00072716... (42 %)
Writing at 0x0007781d... (44 %)
Writing at 0x0007caf4... (47 %)
Writing at 0x00082095... (50 %)
Writing at 0x00087c4e... (52 %)
Writing at 0x0008d106... (55 %)
Writing at 0x00092274... (57 %)
Writing at 0x000971d8... (60 %)
Writing at 0x0009c776... (63 %)
Writing at 0x000a18b2... (65 %)
Writing at 0x000a6b5c... (68 %)
Writing at 0x000ac136... (71 %)
Writing at 0x000b16bd... (73 %)
Writing at 0x000b6789... (76 %)
Writing at 0x000bbe35... (78 %)
Writing at 0x000c1f35... (81 %)
Writing at 0x000c8d51... (84 %)
Writing at 0x000d17e1... (86 %)
Writing at 0x000d7f30... (89 %)
Writing at 0x000dda38... (92 %)
Writing at 0x000e39e2... (94 %)
Writing at 0x000e9413... (97 %)
Writing at 0x000eec68... (100 %)
Wrote 992128 bytes (615894 compressed) at 0x00000000 in 17.5 seconds (effective 453.1 kbit/s)...
Hash of data verified.

Leaving...
Hard resetting via RTS pin...
ESP-ROM:esp32s3-20210327
Build:Mar 27 2021
rst:0x1 (POWERON),boot:0x8 (SPI_FAST_FLASH_BOOT)
SPIWP:0xee
mode:DIO, clock div:1
load:0x3fce2810,len:0x178c
load:0x403c8700,len:0x4
load:0x403c8704,len:0xcb8
load:0x403cb700,len:0x2df4
entry 0x403c8914
[0;32mI (27) boot: ESP-IDF v5.3 2nd stage bootloader[0m
[0;32mI (27) boot: compile time Nov  6 2024 00:24:06[0m
[0;32mI (27) boot: Multicore bootloader[0m
[0;32mI (30) boot: chip revision: v0.1[0m
[0;32mI (34) boot.esp32s3: Boot SPI Speed : 80MHz[0m
[0;32mI (38) boot.esp32s3: SPI Mode       : DIO[0m
[0;32mI (43) boot.esp32s3: SPI Flash Size : 4MB[0m
[0;32mI (48) boot: Enabling RNG early entropy source...[0m
[0;32mI (53) boot: Partition Table:[0m
[0;32mI (57) boot: ## Label            Usage          Type ST Offset   Length[0m
[0;32mI (64) boot:  0 nvs              WiFi data        01 02 00009000 00006000[0m
[0;32mI (71) boot:  1 phy_init         RF data          01 01 0000f000 00001000[0m
[0;32mI (79) boot:  2 factory          factory app      00 00 00010000 00100000[0m
[0;32mI (86) boot: End of partition table[0m
[0;32mI (91) esp_image: segment 0: paddr=00010020 vaddr=3c0a0020 size=2c148h (180552) map[0m
[0;32mI (131) esp_image: segment 1: paddr=0003c170 vaddr=3fc98800 size=03ea8h ( 16040) load[0m
[0;32mI (135) esp_image: segment 2: paddr=00040020 vaddr=42000020 size=9cff8h (643064) map[0m
[0;32mI (253) esp_image: segment 3: paddr=000dd020 vaddr=3fc9c6a8 size=00bd0h (  3024) load[0m
[0;32mI (254) esp_image: segment 4: paddr=000ddbf8 vaddr=40374000 size=14760h ( 83808) load[0m
[0;32mI (285) boot: Loaded app from partition at offset 0x10000[0m
[0;32mI (285) boot: Disabling RNG early entropy source...[0m
[0;32mI (297) cpu_start: Multicore app[0m
[0;32mI (306) cpu_start: Pro cpu start user code[0m
[0;32mI (306) cpu_start: cpu freq: 160000000 Hz[0m
[0;32mI (307) app_init: Application information:[0m
[0;32mI (309) app_init: Project name:     test[0m
[0;32mI (314) app_init: App version:      60395e4-dirty[0m
[0;32mI (319) app_init: Compile time:     Nov  6 2024 00:24:00[0m
[0;32mI (325) app_init: ELF file SHA256:  525cb1a71...[0m
[0;32mI (331) app_init: ESP-IDF:          v5.3[0m
[0;32mI (335) efuse_init: Min chip rev:     v0.0[0m
[0;32mI (340) efuse_init: Max chip rev:     v0.99 [0m
[0;32mI (345) efuse_init: Chip rev:         v0.1[0m
[0;32mI (350) heap_init: Initializing. RAM available for dynamic allocation:[0m
[0;32mI (357) heap_init: At 3FCA4DA0 len 00044970 (274 KiB): RAM[0m
[0;32mI (363) heap_init: At 3FCE9710 len 00005724 (21 KiB): RAM[0m
[0;32mI (369) heap_init: At 3FCF0000 len 00008000 (32 KiB): DRAM[0m
[0;32mI (375) heap_init: At 600FE100 len 00001EE8 (7 KiB): RTCRAM[0m
[0;32mI (383) spi_flash: detected chip: generic[0m
[0;32mI (386) spi_flash: flash io: dio[0m
[0;33mW (390) spi_flash: Detected size(8192k) larger than the size in the binary image header(4096k). Using the size in the binary image header.[0m
[0;32mI (404) sleep: Configure to isolate all GPIO pins in sleep state[0m
[0;32mI (410) sleep: Enable automatic switching of GPIO sleep configuration[0m
[0;32mI (418) main_task: Started on CPU0[0m
[0;32mI (438) main_task: Calling app_main()[0m
[5n
Type 'help' to get the list of commands.
Use UP/DOWN arrows to navigate through command history.
Press TAB when typing command name to auto-complete.

Your terminal application does not support escape sequences.

Line editing and history features are disabled.

On Windows, try using Putty instead.
esp32> [0;33mW (948) hil_test: WiFi and Golioth credentials are not set. Use the shell settings commands to set them.[0m

esp32> 
esp32> 
esp32> 
esp32> settings set wifi/ssid "***TIMS_ORANGE_PI_WIFI_SSID***"
Setting wifi/ssid saved
esp32> 
esp32> 
esp32> 
esp32> 
esp32> 
esp32> settings set wifi/psk "***TIMS_ORANGE_PI_WIFI_PSK***"
Setting wifi/psk saved
esp32> 
esp32> ::add-mask::generated-UorHxHxxpFBuXCJG

esp32> 
esp32> 
esp32> 
esp32> settings set golioth/psk-id "generated-UorHxHxxpFBuXCJG@firmware_ci"
Setting golioth/psk-id saved
esp32> 
esp32> 
esp32> 
esp32> 
esp32> 
esp32> settings set golioth/psk "generated-UorHxHxxpFBuXCJG"
Setting golioth/psk saved
esp32> 
esp32> [0;32mI (7978) pp: pp rom version: e7ae62f[0m
[0;32mI (7978) net80211: net80211 rom version: e7ae62f[0m
[0;32mI (7998) wifi_init: rx ba win: 6[0m
[0;32mI (7998) wifi_init: accept mbox: 6[0m
[0;32mI (7998) wifi_init: tcpip mbox: 32[0m
[0;32mI (7998) wifi_init: udp mbox: 6[0m
[0;32mI (8008) wifi_init: tcp mbox: 6[0m
[0;32mI (8008) wifi_init: tcp tx win: 5760[0m
[0;32mI (8008) wifi_init: tcp rx win: 5760[0m
[0;32mI (8018) wifi_init: tcp mss: 1440[0m
[0;32mI (8028) wifi_init: WiFi IRAM OP enabled[0m
[0;32mI (8028) wifi_init: WiFi RX IRAM OP enabled[0m
[0;32mI (8038) phy_init: phy_version 680,a6008b2,Jun  4 2024,16:41:10[0m
[0;33mW (8038) phy_init: failed to load RF calibration data (0x1102), falling back to full calibration[0m
[0;33mW (8078) phy_init: saving new calibration data because of checksum failure, mode(2)[0m
[0;32mI (11568) esp_netif_handlers: sta ip: 192.168.8.152, mask: 255.255.255.0, gw: 192.168.8.1[0m
[0;32mI (11568) example_wifi: WiFi Connected. Got IP:192.168.8.152[0m
[0;32mI (11578) example_wifi: Connected to AP SSID: ***TIMS_ORANGE_PI_WIFI_SSID***[0m
[0;32mI (11578) golioth_mbox: Mbox created, bufsize: 2520, num_items: 20, item_size: 120[0m
[0;32mI (11928) golioth_coap_client_libcoap: Start CoAP session with host: coaps://coap.golioth.io[0m
[0;32mI (11938) golioth_coap_client_libcoap: Session PSK-ID: generated-UorHxHxxpFBuXCJG@firmware_ci[0m
[0;32mI (11948) libcoap: Setting PSK key
[0m
[0;32mI (11958) golioth_coap_client_libcoap: Entering CoAP I/O loop[0m
[0;32mI (13608) golioth_coap_client_libcoap: Golioth CoAP client connected[0m
[0;32mI (14558) test_ota: Manifest received[0m
[0;32mI (14568) test_ota: Manifest successfully decoded[0m
[0;32mI (14568) test_ota: Manifest is missing main, skipping this one.[0m
[0;32mI (16228) test_ota: Manifest received[0m
[0;32mI (16228) test_ota: Manifest successfully decoded[0m
[0;32mI (16228) test_ota: Manifest is missing main, skipping this one.[0m
[0;32mI (16908) test_ota: Manifest received[0m
[0;32mI (16908) test_ota: Manifest successfully decoded[0m
[0;32mI (16908) test_ota: Manifest is missing main, skipping this one.[0m
[0;32mI (16948) test_ota: Manifest received[0m
[0;32mI (16948) test_ota: Manifest successfully decoded[0m
[0;32mI (16948) test_ota: Manifest is missing main, skipping this one.[0m
[0;32mI (17418) test_ota: Manifest received[0m
[0;32mI (17418) test_ota: Manifest successfully decoded[0m
[0;32mI (17418) test_ota: Manifest is missing main, skipping this one.[0m
[0;32mI (17658) test_ota: Manifest received[0m
[0;32mI (17658) test_ota: Manifest successfully decoded[0m
[0;32mI (17658) test_ota: Found main component[0m
[0;32mI (17668) test_ota: No absent component found[0m
[0;32mI (17668) test_ota: component.package: main[0m
[0;32mI (17678) test_ota: component.version: 1.2.2[0m
[0;32mI (17688) test_ota: component.size: 16147[0m
[0;32mI (17688) test_ota: component.hash: 62c035ff42d6c61ad9d1caf9ee3425dae3ef360eb9d145061d3f76092e266018[0m
[0;32mI (17698) test_ota: component.uri: /.u/c/main@1.2.2[0m
[0;32mI (17698) test_ota: component.bootloader: default[0m
