esptool.py v4.9.0
Serial port /dev/serial/by-id/usb-Silicon_Labs_CP2102N_USB_to_UART_Bridge_Controller_90568bbbd827ee11b31a14d8f49e3369-if00-port0
Connecting.........
Detecting chip type... Unsupported detection protocol, switching and trying again...
Connecting....
Detecting chip type... ESP32
Chip is ESP32-D0WD-V3 (revision v3.1)
Features: WiFi, BT, Dual Core, 240MHz, VRef calibration in efuse, Coding Scheme None
Crystal is 40MHz
MAC: a0:a3:b3:8b:38:c0
Uploading stub...
Running stub...
Stub running...
Changing baud rate to 460800
Changed.
Configuring flash size...
Erasing flash (this may take a while)...
Chip erase completed successfully in 2.2 seconds.
Compressed 968192 bytes to 608111...
Writing at 0x00000000... (2 %)
Writing at 0x000074b0... (5 %)
Writing at 0x0001be3f... (7 %)
Writing at 0x0002890c... (10 %)
Writing at 0x0003159f... (13 %)
Writing at 0x0003b383... (15 %)
Writing at 0x00040b1e... (18 %)
Writing at 0x00046425... (21 %)
Writing at 0x0004bb41... (23 %)
Writing at 0x00050fe6... (26 %)
Writing at 0x00056116... (28 %)
Writing at 0x0005b56a... (31 %)
Writing at 0x00060b41... (34 %)
Writing at 0x00065b9f... (36 %)
Writing at 0x0006aef6... (39 %)
Writing at 0x00070113... (42 %)
Writing at 0x000753f8... (44 %)
Writing at 0x0007a542... (47 %)
Writing at 0x0007fb9c... (50 %)
Writing at 0x00085445... (52 %)
Writing at 0x0008acc9... (55 %)
Writing at 0x0008fe88... (57 %)
Writing at 0x00095200... (60 %)
Writing at 0x0009a8f8... (63 %)
Writing at 0x000a0070... (65 %)
Writing at 0x000a52ac... (68 %)
Writing at 0x000aaabb... (71 %)
Writing at 0x000b033b... (73 %)
Writing at 0x000b53dd... (76 %)
Writing at 0x000bab8e... (78 %)
Writing at 0x000c01d8... (81 %)
Writing at 0x000c79f6... (84 %)
Writing at 0x000ce553... (86 %)
Writing at 0x000d5abe... (89 %)
Writing at 0x000db273... (92 %)
Writing at 0x000e0a95... (94 %)
Writing at 0x000e65d2... (97 %)
Writing at 0x000eb919... (100 %)
Wrote 968192 bytes (608111 compressed) at 0x00000000 in 14.1 seconds (effective 549.6 kbit/s)...
Hash of data verified.

Leaving...
Hard resetting via RTS pin...
0,q_drv:0x00,d_drv:0x00,cs0_drv:0x00,hd_drv:0x00,wp_drv:0x00
mode:DIO, clock div:2
load:0x3fff0030,len:6276
load:0x40078000,len:15828
load:0x40080400,len:4
ho 8 tail 4 room 4
load:0x40080404,len:3860
entry 0x4008063c
I (31) boot: ESP-IDF v5.4.1 2nd stage bootloader
I (31) boot: compile time Oct 13 2025 00:04:49
I (31) boot: Multicore bootloader
I (32) boot: chip revision: v3.1
I (35) boot.esp32: SPI Speed      : 40MHz
I (39) boot.esp32: SPI Mode       : DIO
I (43) boot.esp32: SPI Flash Size : 4MB
I (46) boot: Enabling RNG early entropy source...
I (51) boot: Partition Table:
I (53) boot: ## Label            Usage          Type ST Offset   Length
I (60) boot:  0 nvs              WiFi data        01 02 00009000 00006000
I (66) boot:  1 phy_init         RF data          01 01 0000f000 00001000
I (73) boot:  2 factory          factory app      00 00 00010000 00100000
I (79) boot: End of partition table
I (82) esp_image: segment 0: paddr=00010020 vaddr=3f400020 size=23af0h (146160) map
I (140) esp_image: segment 1: paddr=00033b18 vaddr=3ff80000 size=0001ch (    28) load
I (140) esp_image: segment 2: paddr=00033b3c vaddr=3ffb0000 size=04f38h ( 20280) load
I (151) esp_image: segment 3: paddr=00038a7c vaddr=40080000 size=0759ch ( 30108) load
I (163) esp_image: segment 4: paddr=00040020 vaddr=400d0020 size=9cbb0h (641968) map
I (383) esp_image: segment 5: paddr=000dcbd8 vaddr=4008759c size=0f9f8h ( 63992) load
I (419) boot: Loaded app from partition at offset 0x10000
I (419) boot: Disabling RNG early entropy source...
I (429) cpu_start: Multicore app
I (438) cpu_start: Pro cpu start user code
I (438) cpu_start: cpu freq: 160000000 Hz
I (438) app_init: Application information:
I (438) app_init: Project name:     test
I (442) app_init: App version:      178615d-dirty
I (446) app_init: Compile time:     Oct 13 2025 00:04:43
I (451) app_init: ELF file SHA256:  23c146904...
I (455) app_init: ESP-IDF:          v5.4.1
I (459) efuse_init: Min chip rev:     v0.0
I (463) efuse_init: Max chip rev:     v3.99 
I (467) efuse_init: Chip rev:         v3.1
I (471) heap_init: Initializing. RAM available for dynamic allocation:
I (477) heap_init: At 3FFAE6E0 len 00001920 (6 KiB): DRAM
I (482) heap_init: At 3FFBC8E0 len 00023720 (141 KiB): DRAM
I (487) heap_init: At 3FFE0440 len 00003AE0 (14 KiB): D/IRAM
I (493) heap_init: At 3FFE4350 len 0001BCB0 (111 KiB): D/IRAM
I (498) heap_init: At 40096F94 len 0000906C (36 KiB): IRAM
I (505) spi_flash: detected chip: generic
I (507) spi_flash: flash io: dio
W (510) spi_flash: Detected size(8192k) larger than the size in the binary image header(4096k). Using the size in the binary image header.
I (523) main_task: Started on CPU0
I (533) main_task: Calling app_main()
[5n
Type 'help' to get the list of commands.
Use UP/DOWN arrows to navigate through command history.
Press TAB when typing command name to auto-complete.

Your terminal application does not support escape sequences.

Line editing and history features are disabled.

On Windows, try using Putty instead.
esp32> W (1043) hil_test: WiFi and Golioth credentials are not set. Use the shell settings commands to set them.

esp32> 
esp32> 
esp32> 
esp32> settings set wifi/ssid "***SAMS_ORANGE_PI_WIFI_SSID***"
Setting wifi/ssid saved
esp32> 
esp32> 
esp32> 
esp32> 
esp32> 
esp32> settings set wifi/psk "***SAMS_ORANGE_PI_WIFI_PSK***"
Setting wifi/psk saved
esp32> 
esp32> ::add-mask::generated-ZGklrGiXVIrTciWA

esp32> 
esp32> 
esp32> 
esp32> settings set golioth/psk-id "generated-ZGklrGiXVIrTciWA@firmware_ci"
Setting golioth/psk-id saved
esp32> 
esp32> 
esp32> 
esp32> 
esp32> 
esp32> settings set golioth/psk "generated-ZGklrGiXVIrTciWA"
Setting golioth/psk saved
esp32> 
esp32> I (8093) wifi_init: rx ba win: 6
I (8093) wifi_init: accept mbox: 6
I (8093) wifi_init: tcpip mbox: 32
I (8093) wifi_init: udp mbox: 6
I (8093) wifi_init: tcp mbox: 6
I (8113) wifi_init: tcp tx win: 5760
I (8113) wifi_init: tcp rx win: 5760
I (8113) wifi_init: tcp mss: 1440
I (8113) wifi_init: WiFi IRAM OP enabled
I (8123) wifi_init: WiFi RX IRAM OP enabled
I (8123) phy_init: phy_version 4860,6b7a6e5,Feb  6 2025,14:47:07
W (8123) phy_init: failed to load RF calibration data (0x1102), falling back to full calibration
I (8203) phy_init: Saving new calibration data due to checksum failure or outdated calibration data, mode(2)
I (10133) esp_netif_handlers: sta ip: 192.168.0.117, mask: 255.255.255.0, gw: 192.168.0.1
I (10133) example_wifi: WiFi Connected. Got IP:192.168.0.117
I (10133) example_wifi: Connected to AP SSID: ***SAMS_ORANGE_PI_WIFI_SSID***
I (10143) golioth_mbox: Mbox created, bufsize: 2688, num_items: 20, item_size: 128
I (10183) golioth_coap_client_libcoap: Start CoAP session with host: coaps://coap.golioth.io
I (10183) golioth_coap_client_libcoap: Session PSK-ID: generated-ZGklrGiXVIrTciWA@firmware_ci
I (10203) libcoap: Setting PSK key

I (10213) golioth_coap_client_libcoap: Entering CoAP I/O loop
I (10413) golioth_coap_client_libcoap: Golioth CoAP client connected
I (11423) test_stream: block-idx: 0 bu_offset: 0 bytes_remaining: 3666
I (11513) test_stream: block-idx: 1 bu_offset: 1024 bytes_remaining: 2642
I (11643) test_stream: block-idx: 2 bu_offset: 2048 bytes_remaining: 1618
I (11733) test_stream: block-idx: 3 bu_offset: 3072 bytes_remaining: 594
I (11863) test_stream: Block upload successful!
I (11873) test_stream: block-idx: 0 bu_offset: 0 bytes_remaining: 3666
I (12003) test_stream: Multi-block callback; Block: 0, Status: 0, CoAP: 2.31
I (12013) test_stream: block-idx: 1 bu_offset: 1024 bytes_remaining: 2642
I (12153) test_stream: Multi-block callback; Block: 1, Status: 0, CoAP: 2.31
I (12153) test_stream: block-idx: 2 bu_offset: 2048 bytes_remaining: 1618
I (12293) test_stream: Multi-block callback; Block: 2, Status: 0, CoAP: 2.31
I (12293) test_stream: block-idx: 3 bu_offset: 3072 bytes_remaining: 594
I (12453) test_stream: Multi-block callback; Block: 3, Status: 0, CoAP: 2.01
I (12463) test_stream: Multi-block upload successful!
I (18463) test_stream: All stream data has been sent
{'list': [{'data': {'block_upload': {'0': 'zero', '1': 'one', '10': 'ten', '100': 'one hundred', '101': 'one hundred and one', '102': 'one hundred and two', '103': 'one hundred and three', '104': 'one hundred and four', '105': 'one hundred and five', '106': 'one hundred and six', '107': 'one hundred and seven', '108': 'one hundred and eight', '109': 'one hundred and nine', '11': 'eleven', '110': 'one hundred and ten', '111': 'one hundred and eleven', '112': 'one hundred and twelve', '113': 'one hundred and thirteen', '114': 'one hundred and fourteen', '115': 'one hundred and fifteen', '116': 'one hundred and sixteen', '117': 'one hundred and seventeen', '118': 'one hundred and eighteen', '119': 'one hundred and nineteen', '12': 'twelve', '120': 'one hundred and twenty', '121': 'one hundred and twenty-one', '122': 'one hundred and twenty-two', '123': 'one hundred and twenty-three', '124': 'one hundred and twenty-four', '125': 'one hundred and twenty-five', '126': 'one hundred and twenty-six', '127': 'one hundred and twenty-seven', '128': 'one hundred and twenty-eight', '129': 'one hundred and twenty-nine', '13': 'thirteen', '130': 'one hundred and thirty', '131': 'one hundred and thirty-one', '132': 'one hundred and thirty-two', '133': 'one hundred and thirty-three', '134': 'one hundred and thirty-four', '135': 'one hundred and thirty-five', '136': 'one hundred and thirty-six', '137': 'one hundred and thirty-seven', '138': 'one hundred and thirty-eight', '139': 'one hundred and thirty-nine', '14': 'fourteen', '140': 'one hundred and forty', '141': 'one hundred and forty-one', '15': 'fifteen', '16': 'sixteen', '17': 'seventeen', '18': 'eighteen', '19': 'nineteen', '2': 'two', '20': 'twenty', '21': 'twenty-one', '22': 'twenty-two', '23': 'twenty-three', '24': 'twenty-four', '25': 'twenty-five', '26': 'twenty-six', '27': 'twenty-seven', '28': 'twenty-eight', '29': 'twenty-nine', '3': 'three', '30': 'thirty', '31': 'thirty-one', '32': 'thirty-two', '33': 'thirty-three', '34': 'thirty-four', '35': 'thirty-five', '36': 'thirty-six', '37': 'thirty-seven', '38': 'thirty-eight', '39': 'thirty-nine', '4': 'four', '40': 'forty', '41': 'forty-one', '42': 'forty-two', '43': 'forty-three', '44': 'forty-four', '45': 'forty-five', '46': 'forty-six', '47': 'forty-seven', '48': 'forty-eight', '49': 'forty-nine', '5': 'five', '50': 'fifty', '51': 'fifty-one', '52': 'fifty-two', '53': 'fifty-three', '54': 'fifty-four', '55': 'fifty-five', '56': 'fifty-six', '57': 'fifty-seven', '58': 'fifty-eight', '59': 'fifty-nine', '6': 'six', '60': 'sixty', '61': 'sixty-one', '62': 'sixty-two', '63': 'sixty-three', '64': 'sixty-four', '65': 'sixty-five', '66': 'sixty-six', '67': 'sixty-seven', '68': 'sixty-eight', '69': 'sixty-nine', '7': 'seven', '70': 'seventy', '71': 'seventy-one', '72': 'seventy-two', '73': 'seventy-three', '74': 'seventy-four', '75': 'seventy-five', '76': 'seventy-six', '77': 'seventy-seven', '78': 'seventy-eight', '79': 'seventy-nine', '8': 'eight', '80': 'eighty', '81': 'eighty-one', '82': 'eighty-two', '83': 'eighty-three', '84': 'eighty-four', '85': 'eighty-five', '86': 'eighty-six', '87': 'eighty-seven', '88': 'eighty-eight', '89': 'eighty-nine', '9': 'nine', '90': 'ninety', '91': 'ninety-one', '92': 'ninety-two', '93': 'ninety-three', '94': 'ninety-four', '95': 'ninety-five', '96': 'ninety-six', '97': 'ninety-seven', '98': 'ninety-eight', '99': 'ninety-nine'}}, 'device_id': '68ec48fba883dbdf9907ea51', 'time': '2025-10-13T00:34:08.965694+00:00'}], 'page': 0, 'perPage': 10, 'total': 0}
Golioth data hash: 28540341b9655161a00b3a7193a8e2e2261d21ea3e3f2117fc9c7f18a5733681
Test data hash: 28540341b9655161a00b3a7193a8e2e2261d21ea3e3f2117fc9c7f18a5733681
