Warning: Deprecated: Command 'write_flash' is deprecated. Use 'write-flash' instead.
esptool v5.1.0
Serial port /dev/serial/by-id/usb-Silicon_Labs_CP2102N_USB_to_UART_Bridge_Controller_08bd8600facfec119c501d2686bdcd52-if00-port0:
Connecting....
Detecting chip type... ESP32-S3
Connected to ESP32-S3 on /dev/serial/by-id/usb-Silicon_Labs_CP2102N_USB_to_UART_Bridge_Controller_08bd8600facfec119c501d2686bdcd52-if00-port0:
Chip type:          ESP32-S3 (QFN56) (revision v0.1)
Features:           Wi-Fi, BT 5 (LE), Dual Core + LP Core, 240MHz, Embedded PSRAM 8MB (AP_3v3)
Crystal frequency:  40MHz
MAC:                34:85:18:6d:04:5c

Uploading stub flasher...
Running stub flasher...
Stub flasher running.
Changing baud rate to 460800...
Changed.

Configuring flash size...
Erasing flash memory (this may take a while)...
Flash memory erased successfully in 1.3 seconds.
Compressed 969888 bytes to 602377...
Writing at 0x00000000 [                              ]   0.0% 0/602377 bytes... 
Writing at 0x000116f2 [                              ]   2.7% 16384/602377 bytes... 
Writing at 0x0001e711 [>                             ]   5.4% 32768/602377 bytes... 
Writing at 0x0002a98f [=>                            ]   8.2% 49152/602377 bytes... 
Writing at 0x00033f03 [==>                           ]  10.9% 65536/602377 bytes... 
Writing at 0x0003d114 [===>                          ]  13.6% 81920/602377 bytes... 
Writing at 0x0004339b [===>                          ]  16.3% 98304/602377 bytes... 
Writing at 0x00048ad8 [====>                         ]  19.0% 114688/602377 bytes... 
Writing at 0x0004e760 [=====>                        ]  21.8% 131072/602377 bytes... 
Writing at 0x00053ed1 [======>                       ]  24.5% 147456/602377 bytes... 
Writing at 0x0005919d [=======>                      ]  27.2% 163840/602377 bytes... 
Writing at 0x0005e4b1 [=======>                      ]  29.9% 180224/602377 bytes... 
Writing at 0x0006408a [========>                     ]  32.6% 196608/602377 bytes... 
Writing at 0x0006914b [=========>                    ]  35.4% 212992/602377 bytes... 
Writing at 0x0006e3df [==========>                   ]  38.1% 229376/602377 bytes... 
Writing at 0x000736ea [===========>                  ]  40.8% 245760/602377 bytes... 
Writing at 0x0007882c [============>                 ]  43.5% 262144/602377 bytes... 
Writing at 0x0007dc20 [============>                 ]  46.2% 278528/602377 bytes... 
Writing at 0x000830e1 [=============>                ]  49.0% 294912/602377 bytes... 
Writing at 0x0008869f [==============>               ]  51.7% 311296/602377 bytes... 
Writing at 0x0008dc40 [===============>              ]  54.4% 327680/602377 bytes... 
Writing at 0x00092cdc [================>             ]  57.1% 344064/602377 bytes... 
Writing at 0x00097cd6 [================>             ]  59.8% 360448/602377 bytes... 
Writing at 0x0009d24d [=================>            ]  62.6% 376832/602377 bytes... 
Writing at 0x000a2388 [==================>           ]  65.3% 393216/602377 bytes... 
Writing at 0x000a75e0 [===================>          ]  68.0% 409600/602377 bytes... 
Writing at 0x000aca38 [====================>         ]  70.7% 425984/602377 bytes... 
Writing at 0x000b2243 [=====================>        ]  73.4% 442368/602377 bytes... 
Writing at 0x000b721f [=====================>        ]  76.2% 458752/602377 bytes... 
Writing at 0x000bc9b4 [======================>       ]  78.9% 475136/602377 bytes... 
Writing at 0x000c212b [=======================>      ]  81.6% 491520/602377 bytes... 
Writing at 0x000c968c [========================>     ]  84.3% 507904/602377 bytes... 
Writing at 0x000d09f3 [=========================>    ]  87.0% 524288/602377 bytes... 
Writing at 0x000d7933 [=========================>    ]  89.8% 540672/602377 bytes... 
Writing at 0x000dd24f [==========================>   ]  92.5% 557056/602377 bytes... 
Writing at 0x000e2c82 [===========================>  ]  95.2% 573440/602377 bytes... 
Writing at 0x000e87b1 [============================> ]  97.9% 589824/602377 bytes... 
Writing at 0x000ecca0 [==============================] 100.0% 602377/602377 bytes... 
Wrote 969888 bytes (602377 compressed) at 0x00000000 in 17.8 seconds (436.8 kbit/s).
Hash of data verified.

Hard resetting via RTS pin...
ESP-ROM:esp32s3-20210327
Build:Mar 27 2021
rst:0x1 (POWERON),boot:0x8 (SPI_FAST_FLASH_BOOT)
SPIWP:0xee
mode:DIO, clock div:1
load:0x3fce2810,len:0x15a0
load:0x403c8700,len:0x4
load:0x403c8704,len:0xd20
load:0x403cb700,len:0x2f00
entry 0x403c8928
I (27) boot: ESP-IDF v5.4.1 2nd stage bootloader
I (27) boot: compile time Oct 21 2025 13:54:38
I (27) boot: Multicore bootloader
I (27) boot: chip revision: v0.1
I (30) boot: efuse block revision: v1.2
I (33) boot.esp32s3: Boot SPI Speed : 80MHz
I (37) boot.esp32s3: SPI Mode       : DIO
I (41) boot.esp32s3: SPI Flash Size : 2MB
I (45) boot: Enabling RNG early entropy source...
I (49) boot: Partition Table:
I (52) boot: ## Label            Usage          Type ST Offset   Length
I (58) boot:  0 nvs              WiFi data        01 02 00009000 00006000
I (65) boot:  1 phy_init         RF data          01 01 0000f000 00001000
I (71) boot:  2 factory          factory app      00 00 00010000 00100000
I (78) boot: End of partition table
I (81) esp_image: segment 0: paddr=00010020 vaddr=3c0a0020 size=25158h (151896) map
I (115) esp_image: segment 1: paddr=00035180 vaddr=3fc99400 size=04bd0h ( 19408) load
I (119) esp_image: segment 2: paddr=00039d58 vaddr=40374000 size=062c0h ( 25280) load
I (125) esp_image: segment 3: paddr=00040020 vaddr=42000020 size=9db4ch (645964) map
I (240) esp_image: segment 4: paddr=000ddb74 vaddr=4037a2c0 size=0f0e4h ( 61668) load
I (254) esp_image: segment 5: paddr=000ecc60 vaddr=600fe100 size=0001ch (    28) load
I (263) boot: Loaded app from partition at offset 0x10000
I (263) boot: Disabling RNG early entropy source...
I (273) cpu_start: Multicore app
I (282) cpu_start: Pro cpu start user code
I (282) cpu_start: cpu freq: 160000000 Hz
I (282) app_init: Application information:
I (282) app_init: Project name:     settings
I (286) app_init: App version:      f7ef67c-dirty
I (291) app_init: Compile time:     Oct 21 2025 13:54:31
I (296) app_init: ELF file SHA256:  4f978a3da...
I (300) app_init: ESP-IDF:          v5.4.1
I (304) efuse_init: Min chip rev:     v0.0
I (308) efuse_init: Max chip rev:     v0.99 
I (312) efuse_init: Chip rev:         v0.1
I (316) heap_init: Initializing. RAM available for dynamic allocation:
I (322) heap_init: At 3FCA53D8 len 00044338 (272 KiB): RAM
I (327) heap_init: At 3FCE9710 len 00005724 (21 KiB): RAM
I (332) heap_init: At 3FCF0000 len 00008000 (32 KiB): DRAM
I (337) heap_init: At 600FE11C len 00001ECC (7 KiB): RTCRAM
I (343) spi_flash: detected chip: gd
I (346) spi_flash: flash io: dio
W (349) spi_flash: Detected size(8192k) larger than the size in the binary image header(2048k). Using the size in the binary image header.
I (361) sleep_gpio: Configure to isolate all GPIO pins in sleep state
I (367) sleep_gpio: Enable automatic switching of GPIO sleep configuration
I (374) main_task: Started on CPU0
I (394) main_task: Calling app_main()
I (394) settings: Start Golioth Device Settings sample
[5n
Type 'help' to get the list of commands.
Use UP/DOWN arrows to navigate through command history.
Press TAB when typing command name to auto-complete.

Your terminal application does not support escape sequences.

Line editing and history features are disabled.

On Windows, try using Putty instead.
esp32> W (1904) settings: WiFi and golioth credentials are not set
W (1904) settings: Use the shell settings commands to set them, then restart

esp32> 
esp32> 
esp32> 
esp32> settings set wifi/ssid "***MIKES_ORANGE_PI_WIFI_SSID***"
Setting wifi/ssid saved
esp32> 
esp32> 
esp32> 
esp32> 
esp32> 
esp32> settings set wifi/psk "***MIKES_ORANGE_PI_WIFI_PSK***"
Setting wifi/psk saved
esp32> 
esp32> ::add-mask::generated-nAHjBFbGCzTMvPDw

esp32> 
esp32> 
esp32> 
esp32> settings set golioth/psk-id "generated-nAHjBFbGCzTMvPDw@firmware_ci"
Setting golioth/psk-id saved
esp32> 
esp32> 
esp32> 
esp32> 
esp32> 
esp32> settings set golioth/psk "generated-nAHjBFbGCzTMvPDw"
Setting golioth/psk saved
esp32> 
esp32> 
esp32> 
esp32> 
esp32> 
esp32> reset
I (10084) shell: Resetting
 ESP-ROM:esp32s3-20210327
Build:Mar 27 2021
rst:0xc (RTC_SW_CPU_RST),boot:0x8 (SPI_FAST_FLASH_BOOT)
Saved PC:0x40375acd
SPIWP:0xee
mode:DIO, clock div:1
load:0x3fce2810,len:0x15a0
load:0x403c8700,len:0x4
load:0x403c8704,len:0xd20
load:0x403cb700,len:0x2f00
entry 0x403c8928
I (31) boot: ESP-IDF v5.4.1 2nd stage bootloader
I (31) boot: compile time Oct 21 2025 13:54:38
I (31) boot: Multicore bootloader
I (31) boot: chip revision: v0.1
I (34) boot: efuse block revision: v1.2
I (38) boot.esp32s3: Boot SPI Speed : 80MHz
I (42) boot.esp32s3: SPI Mode       : DIO
I (45) boot.esp32s3: SPI Flash Size : 2MB
I (49) boot: Enabling RNG early entropy source...
I (54) boot: Partition Table:
I (56) boot: ## Label            Usage          Type ST Offset   Length
I (63) boot:  0 nvs              WiFi data        01 02 00009000 00006000
I (69) boot:  1 phy_init         RF data          01 01 0000f000 00001000
I (76) boot:  2 factory          factory app      00 00 00010000 00100000
I (82) boot: End of partition table
I (85) esp_image: segment 0: paddr=00010020 vaddr=3c0a0020 size=25158h (151896) map
I (120) esp_image: segment 1: paddr=00035180 vaddr=3fc99400 size=04bd0h ( 19408) load
I (124) esp_image: segment 2: paddr=00039d58 vaddr=40374000 size=062c0h ( 25280) load
I (130) esp_image: segment 3: paddr=00040020 vaddr=42000020 size=9db4ch (645964) map
I (245) esp_image: segment 4: paddr=000ddb74 vaddr=4037a2c0 size=0f0e4h ( 61668) load
I (259) esp_image: segment 5: paddr=000ecc60 vaddr=600fe100 size=0001ch (    28) load
I (267) boot: Loaded app from partition at offset 0x10000
I (267) boot: Disabling RNG early entropy source...
I (277) cpu_start: Multicore app
I (286) cpu_start: Pro cpu start user code
I (286) cpu_start: cpu freq: 160000000 Hz
I (287) app_init: Application information:
I (287) app_init: Project name:     settings
I (291) app_init: App version:      f7ef67c-dirty
I (295) app_init: Compile time:     Oct 21 2025 13:54:31
I (300) app_init: ELF file SHA256:  4f978a3da...
I (304) app_init: ESP-IDF:          v5.4.1
I (308) efuse_init: Min chip rev:     v0.0
I (312) efuse_init: Max chip rev:     v0.99 
I (316) efuse_init: Chip rev:         v0.1
I (320) heap_init: Initializing. RAM available for dynamic allocation:
I (326) heap_init: At 3FCA53D8 len 00044338 (272 KiB): RAM
I (331) heap_init: At 3FCE9710 len 00005724 (21 KiB): RAM
I (336) heap_init: At 3FCF0000 len 00008000 (32 KiB): DRAM
I (342) heap_init: At 600FE11C len 00001ECC (7 KiB): RTCRAM
I (348) spi_flash: detected chip: gd
I (350) spi_flash: flash io: dio
W (353) spi_flash: Detected size(8192k) larger than the size in the binary image header(2048k). Using the size in the binary image header.
I (366) sleep_gpio: Configure to isolate all GPIO pins in sleep state
I (372) sleep_gpio: Enable automatic switching of GPIO sleep configuration
I (379) main_task: Started on CPU0
I (399) main_task: Calling app_main()
I (399) settings: Start Golioth Device Settings sample
[5n
Type 'help' to get the list of commands.
Use UP/DOWN arrows to navigate through command history.
Press TAB when typing command name to auto-complete.

Your terminal application does not support escape sequences.

Line editing and history features are disabled.

On Windows, try using Putty instead.
esp32> I (909) pp: pp rom version: e7ae62f
I (929) net80211: net80211 rom version: e7ae62f
I (949) wifi_init: rx ba win: 6
I (949) wifi_init: accept mbox: 6
I (949) wifi_init: tcpip mbox: 32
I (949) wifi_init: udp mbox: 6
I (949) wifi_init: tcp mbox: 6
I (959) wifi_init: tcp tx win: 5760
I (959) wifi_init: tcp rx win: 5760
I (959) wifi_init: tcp mss: 1440
I (959) wifi_init: WiFi IRAM OP enabled
I (979) wifi_init: WiFi RX IRAM OP enabled
I (979) phy_init: phy_version 700,8582a7fd,Feb 10 2025,20:13:11
W (979) phy_init: failed to load RF calibration data (0x1102), falling back to full calibration
I (1019) phy_init: Saving new calibration data due to checksum failure or outdated calibration data, mode(2)
I (3209) esp_netif_handlers: sta ip: 192.168.8.234, mask: 255.255.255.0, gw: 192.168.8.1
I (3209) example_wifi: WiFi Connected. Got IP:192.168.8.234
I (3209) example_wifi: Connected to AP SSID: ***MIKES_ORANGE_PI_WIFI_SSID***
I (3219) golioth_mbox: Mbox created, bufsize: 2688, num_items: 20, item_size: 128
W (3219) settings: Waiting for connection to Golioth...
I (3239) golioth_coap_client_libcoap: Start CoAP session with host: coaps://coap.golioth.io
I (3239) golioth_coap_client_libcoap: Session PSK-ID: generated-nAHjBFbGCzTMvPDw@firmware_ci
I (3259) libcoap: Setting PSK key

I (3259) golioth_coap_client_libcoap: Entering CoAP I/O loop
I (3679) golioth_coap_client_libcoap: Golioth CoAP client connected
I (3679) settings: Golioth client connected
I (3679) settings: Sending hello! 0
I (4239) settings: Setting loop delay to 1 s
E (4239) golioth_settings: Failed to send a response to server: -12
I (4439) settings: Setting loop delay to 1 s
E (4439) golioth_settings: Failed to send a response to server: -12
I (4669) settings: Setting loop delay to 5 s
E (4669) golioth_s