esptool.py v4.9.0
Serial port /dev/serial/by-id/usb-Silicon_Labs_CP2102N_USB_to_UART_Bridge_Controller_84fc4646bd19ec11ad785df0f95a09b1-if00-port0
Connecting....
Detecting chip type... ESP32-S3
Chip is ESP32-S3 (QFN56) (revision v0.1)
Features: WiFi, BLE, Embedded PSRAM 2MB (AP_3v3)
Crystal is 40MHz
MAC: 7c:df:a1:e5:59:dc
Uploading stub...
Running stub...
Stub running...
Changing baud rate to 460800
Changed.
Configuring flash size...
Erasing flash (this may take a while)...
Chip erase completed successfully in 23.0 seconds.
Compressed 986352 bytes to 608274...
Writing at 0x00000000... (2 %)
Writing at 0x000114ed... (5 %)
Writing at 0x0001e64a... (7 %)
Writing at 0x0002b07e... (10 %)
Writing at 0x00032f9d... (13 %)
Writing at 0x0003f1f5... (15 %)
Writing at 0x000450d5... (18 %)
Writing at 0x0004a989... (21 %)
Writing at 0x00050350... (23 %)
Writing at 0x000558e9... (26 %)
Writing at 0x0005ac72... (28 %)
Writing at 0x00060315... (31 %)
Writing at 0x000659df... (34 %)
Writing at 0x0006abcd... (36 %)
Writing at 0x0006fe58... (39 %)
Writing at 0x000751d0... (42 %)
Writing at 0x0007a522... (44 %)
Writing at 0x0007f64a... (47 %)
Writing at 0x00084d92... (50 %)
Writing at 0x0008a30d... (52 %)
Writing at 0x0008f7cc... (55 %)
Writing at 0x00094740... (57 %)
Writing at 0x00099a5d... (60 %)
Writing at 0x0009eec1... (63 %)
Writing at 0x000a3f96... (65 %)
Writing at 0x000a922d... (68 %)
Writing at 0x000aebbd... (71 %)
Writing at 0x000b3d4a... (73 %)
Writing at 0x000b8ef6... (76 %)
Writing at 0x000be621... (78 %)
Writing at 0x000c5747... (81 %)
Writing at 0x000cb1d1... (84 %)
Writing at 0x000d36e7... (86 %)
Writing at 0x000d967f... (89 %)
Writing at 0x000df095... (92 %)
Writing at 0x000e4bd4... (94 %)
Writing at 0x000eac37... (97 %)
Writing at 0x000efd9a... (100 %)
Wrote 986352 bytes (608274 compressed) at 0x00000000 in 16.8 seconds (effective 469.6 kbit/s)...
Hash of data verified.

Leaving...
Hard resetting via RTS pin...
Build:Mar 27 2021
rst:0x1 (POWERON),boot:0x8 (SPI_FAST_FLASH_BOOT)
SPIWP:0xee
mode:DIO, clock div:1
load:0x3fce2810,len:0x15a0
load:0x403c8700,len:0x4
load:0x403c8704,len:0xd20
load:0x403cb700,len:0x2f58
entry 0x403c8928
I (27) boot: ESP-IDF v5.4.1 2nd stage bootloader
I (27) boot: compile time Oct  9 2025 19:45:28
I (27) boot: Multicore bootloader
I (27) boot: chip revision: v0.1
I (30) boot: efuse block revision: v1.2
I (33) boot.esp32s3: Boot SPI Speed : 80MHz
I (37) boot.esp32s3: SPI Mode       : DIO
I (41) boot.esp32s3: SPI Flash Size : 4MB
I (45) boot: Enabling RNG early entropy source...
I (49) boot: Partition Table:
I (52) boot: ## Label            Usage          Type ST Offset   Length
I (58) boot:  0 nvs              WiFi data        01 02 00009000 00004000
I (65) boot:  1 otadata          OTA data         01 00 0000d000 00002000
I (71) boot:  2 phy_init         RF data          01 01 0000f000 00001000
I (78) boot:  3 factory          factory app      00 00 00010000 00100000
I (84) boot:  4 ota_0            OTA app          00 10 00110000 00100000
I (91) boot:  5 ota_1            OTA app          00 11 00210000 00100000
I (97) boot: End of partition table
I (101) boot: Defaulting to factory image
I (104) esp_image: segment 0: paddr=00010020 vaddr=3c0a0020 size=29328h (168744) map
I (142) esp_image: segment 1: paddr=00039350 vaddr=3fc99500 size=04c28h ( 19496) load
I (146) esp_image: segment 2: paddr=0003df80 vaddr=40374000 size=02098h (  8344) load
I (148) esp_image: segment 3: paddr=00040020 vaddr=42000020 size=9d8a0h (645280) map
I (267) esp_image: segment 4: paddr=000dd8c8 vaddr=40376098 size=133d4h ( 78804) load
I (284) esp_image: segment 5: paddr=000f0ca4 vaddr=600fe100 size=0001ch (    28) load
I (293) boot: Loaded app from partition at offset 0x10000
I (293) boot: Disabling RNG early entropy source...
I (303) cpu_start: Multicore app
D (303) cpu_start: Pro cpu up
D (303) cpu_start: Starting app cpu, entry point is 0x40375340
D (0) cpu_start: App cpu up
D (312) clk: RTC_SLOW_CLK calibration value: 3991539
D (322) cpu_start: calling init function: 0x4200350c on core: 0
D (322) cpu_start: calling init function: 0x42003928 on core: 0
I (322) cpu_start: Pro cpu start user code
I (326) cpu_start: cpu freq: 160000000 Hz
D (329) cpu_start: calling init function: 0x4200342c on core: 0
I (335) app_init: Application information:
I (339) app_init: Project name:     certificate_auth
I (344) app_init: App version:      178615d-dirty
I (348) app_init: Compile time:     Oct  9 2025 19:45:22
I (353) app_init: ELF file SHA256:  a4f34ede1...
I (357) app_init: ESP-IDF:          v5.4.1
D (361) cpu_start: calling init function: 0x42003520 on core: 0
I (367) efuse_init: Min chip rev:     v0.0
I (371) efuse_init: Max chip rev:     v0.99 
I (375) efuse_init: Chip rev:         v0.1
D (378) cpu_start: calling init function: 0x420055a4 on core: 0
D (384) memory_layout: Checking 6 reserved memory ranges:
D (389) memory_layout: Reserved memory range 0x3fc84000 - 0x3fc99500
D (395) memory_layout: Reserved memory range 0x3fc99500 - 0x3fca5400
D (401) memory_layout: Reserved memory range 0x3fceee34 - 0x3fcf0000
D (407) memory_layout: Reserved memory range 0x40374000 - 0x40389500
D (414) memory_layout: Reserved memory range 0x600fe000 - 0x600fe11c
D (420) memory_layout: Reserved memory range 0x600fffe8 - 0x60100000
D (426) memory_layout: Building list of available memory regions:
D (432) memory_layout: Available memory region 0x3fca5400 - 0x3fcb0000
D (438) memory_layout: Available memory region 0x3fcb0000 - 0x3fcc0000
D (444) memory_layout: Available memory region 0x3fcc0000 - 0x3fcd0000
D (450) memory_layout: Available memory region 0x3fcd0000 - 0x3fce0000
D (457) memory_layout: Available memory region 0x3fce0000 - 0x3fce9710
D (463) memory_layout: Available memory region 0x3fce9710 - 0x3fceee34
D (469) memory_layout: Available memory region 0x3fcf0000 - 0x3fcf8000
D (475) memory_layout: Available memory region 0x600fe11c - 0x600fffe8
I (482) heap_init: Initializing. RAM available for dynamic allocation:
D (488) heap_init: New heap initialised at 0x3fca5400
I (493) heap_init: At 3FCA5400 len 00044310 (272 KiB): RAM
I (498) heap_init: At 3FCE9710 len 00005724 (21 KiB): RAM
D (503) heap_init: New heap initialised at 0x3fcf0000
I (508) heap_init: At 3FCF0000 len 00008000 (32 KiB): DRAM
D (513) heap_init: New heap initialised at 0x600fe11c
I (518) heap_init: At 600FE11C len 00001ECC (7 KiB): RTCRAM
D (523) cpu_start: calling init function: 0x4200814c on core: 0
D (529) cpu_start: cal
esp32> 
esp32> 
esp32> 
esp32> settings set wifi/ssid "***DANS_ORANGE_PI_WIFI_SSID***"
D (6034) nvs: nvs_open_from_partition example 1
D (6034) nvs: nvs_set_str w_ssid ***DANS_ORANGE_PI_WIFI_SSID***
D (6034) nvs: nvs_close 7
Setting wifi/ssid saved
esp32> 
esp32> 
esp32> 
esp32> 
esp32> 
esp32> settings set wifi/psk "***DANS_ORANGE_PI_WIFI_PSK***"
D (6064) nvs: nvs_open_from_partition example 1
D (6064) nvs: nvs_set_str w_pass ***DANS_ORANGE_PI_WIFI_PSK***
D (6064) nvs: nvs_close 8
Setting wifi/psk saved
esp32> 
esp32> D (6364) nvs: nvs_open_from_partition example 1
D (6364) nvs: nvs_get_str_or_blob w_ssid
D (6364) nvs: nvs_close 9
D (6364) nvs: nvs_open_from_partition example 1
D (6374) nvs: nvs_get_str_or_blob w_pass
D (6374) nvs: nvs_close 10
D (6374) nvs: nvs_open_from_partition example 1
D (6374) nvs: nvs_get_str_or_blob w_ssid
D (6384) nvs: nvs_close 11
D (6384) nvs: nvs_open_from_partition example 1
D (6384) nvs: nvs_get_str_or_blob w_pass
D (6384) nvs: nvs_close 12
D (6394) esp_netif_lwip: LwIP stack has been initialized
D (6404) esp_netif_lwip: esp-netif has been successfully initialized
D (6404) event: running task for loop 0x3fcae4a4
D (6404) event: created task for loop 0x3fcae4a4
D (6414) event: created event loop 0x3fcae4a4
D (6414) esp_netif_lwip: check: remote, if=0x3fca8d64 fn=0x420379e8
D (6424) esp_netif_objects: esp_netif_add_to_list_unsafe netif added successfully (total netifs: 1)
D (6424) esp_netif_lwip: call api in lwip: ret=0x0, give sem
I (6444) pp: pp rom version: e7ae62f
I (6444) net80211: net80211 rom version: e7ae62f
D (6444) nvs: nvs_open_from_partition misc 1
D (6464) efuse: BLK1 REG1 [8-15], len=8 bits
D (6464) efuse: BLK1 REG1 [0-7], len=8 bits
D (6464) efuse: BLK1 REG0 [24-31], len=8 bits
D (6464) efuse: BLK1 REG0 [16-23], len=8 bits
D (6464) efuse: BLK1 REG0 [8-15], len=8 bits
D (6464) efuse: BLK1 REG0 [0-7], len=8 bits
D (6474) nvs: nvs_open_from_partition nvs.net80211 1
D (6484) nvs: nvs_get opmode 1
D (6484) nvs: nvs_get_str_or_blob sta.ssid
D (6484) nvs: nvs_get sta.authmode 1
D (6494) nvs: nvs_get_str_or_blob sta.pswd
D (6494) nvs: nvs_get_str_or_blob sta.pmk
D (6494) nvs: nvs_get sta.chan 1
D (6494) nvs: nvs_get auto.conn 1
D (6514) nvs: nvs_get bssid.set 1
D (6514) nvs: nvs_get_str_or_blob sta.bssid
D (6514) nvs: nvs_get sta.lis_intval 2
D (6514) nvs: nvs_get sta.phym 1
D (6524) nvs: nvs_get sta.phybw 1
D (6524) nvs: nvs_get_str_or_blob sta.apsw
D (6524) nvs: nvs_get_str_or_blob sta.apinfo
D (6524) nvs: nvs_get sta.scan_method 1
D (6534) nvs: nvs_get sta.sort_method 1
D (6534) nvs: nvs_get sta.minrssi 1
D (6534) nvs: nvs_get sta.minauth 1
D (6544) nvs: nvs_get sta.pmf_e 1
D (6544) nvs: nvs_get sta.pmf_r 1
D (6544) nvs: nvs_get sta.btm_e 1
D (6554) nvs: nvs_get sta.rrm_e 1
D (6554) nvs: nvs_get sta.mbo_e 1
D (6564) nvs: nvs_get_str_or_blob ap.ssid
D (6564) nvs: nvs_get_str_or_blob ap.passwd
D (6564) nvs: nvs_get_str_or_blob ap.pmk
D (6574) nvs: nvs_get ap.chan 1
D (6574) nvs: nvs_get ap.authmode 1
D (6574) nvs: nvs_get ap.hidden 1
D (6574) nvs: nvs_get ap.max.conn 1
D (6584) nvs: nvs_get bcn.interval 2
D (6584) nvs: nvs_get ap.phym 1
D (6584) nvs: nvs_get ap.phybw 1
D (6584) nvs: nvs_get ap.sndchan 1
D (6594) nvs: nvs_get ap.pmf_e 1
D (6604) nvs: nvs_get ap.pmf_r 1
D (6604) nvs: nvs_get ap.p_cipher 1
D (6604) nvs: nvs_get lorate 1
D (6604) nvs: nvs_get_str_or_blob country
D (6614) nvs: nvs_get ap.ftm_r 1
D (6614) nvs: nvs_get sta.ft 1
D (6614) nvs: nvs_get sta.owe 1
D (6614) nvs: nvs_get sta.trans_d 1
D (6624) nvs: nvs_get sta.sae_h2e 1
D (6624) nvs: nvs_get sta.sae_pk_mode 1
D (6624) nvs: nvs_get sta.bss_retry 1
D (6624) nvs: nvs_get_str_or_blob sta.owe_data
D (6634) nvs: nvs_get sta.he_dcm 1
D (6634) nvs: nvs_get sta.he_dcm_c_tx 1
D (6644) nvs: nvs_get sta.he_dcm_c_rx 1
D (6654) nvs: nvs_get sta.he_mcs9_d 1
D (6654) nvs: nvs_get sta.he_su_b_d 1
D (6654) nvs: nvs_get sta.he_su_b_f_d 1
D (6654) nvs: nvs_get sta.he_mu_b_f_d 1
D (6664) nvs: nvs_get sta.he_cqi_f_d 1
D (6664) nvs: nvs_get_str_or_blob sta.sae_h2e_id
D (6664) nvs: nvs_get ap.sae_h2e 1
D (6674) nvs: nvs_get_str_or_blob ap.pmk_info
D (6674) nvs: nvs_get nan.phym 1
D (6674) nvs: nvs_get sta.pwr_reset 1
D (6674) nvs: nvs_get band_mode 1
D (6684) nvs: nvs_get sta.phym5g 1
D (6684) nvs: nvs_get ap.phym5g 1
D (6694) nvs: nvs_get sta.phybw5g 1
D (6694) nvs: nvs_get ap.phybw5g 1
D (6704) nvs: nvs_get ap.sndchan5g 1
D (6704) nvs: nvs_get ap.chan5g 1
D (6704) nvs: nvs_get ap.chanisset 1
D (6704) nvs: nvs_get ap.chan5gisset 1
D (6714) nvs: nvs_get sta.rssi_5g_adj 1
D (6714) nvs: nvs_get ap.csa_count 1
D (6714) nvs: nvs_get ap.dtim_period 1
D (6714) nvs: nvs_get ap.trans_d 1
D (6724) nvs: nvs_set ap.sndchan 1 1
I (6734) wifi_init: rx ba win: 6
I (6734) wifi_init: accept mbox: 6
I (6734) wifi_init: tcpip mbox: 32
I (6734) wifi_init: udp mbox: 6
I (6744) wifi_init: tcp mbox: 6
I (6744) wifi_init: tcp tx win: 5760
I (6744) wifi_init: tcp rx win: 5760
I (6744) wifi_init: tcp mss: 1440
I (6754) wifi_init: WiFi IRAM OP enabled
I (6754) wifi_init: WiFi RX IRAM OP enabledtif_get_hostname esp_netif:0x3fcaf3ec
D (6954) esp_netif_lwip: call api in lwip: ret=0x0, give sem
D (6964) event: running post WIFI_EVENT:2 with handler 0x4200d8c8 and context 0x3fcb03f0 on loop 0x3fcae4a4
D (6974) gdma: new group (0) at 0x3fcb8eb8
D (6984) gdma: new pair (0,0) at 0x3fcb8d88
D (6984) gdma: new tx channel (0,0) at 0x3fcb8e80
D (6984) gdma: new rx channel (0,0) at 0x3fcb8f44
D (7414) event: running post WIFI_EVENT:43 with handler 0x4200d8c8 and context 0x3fcb03f0 on loop 0x3fcae4a4
D (7524) intr_alloc: Connected src 77 to int 12 (cpu 0)
D (7534) event: running post WIFI_EVENT:4 with handler 0x42039c04 and context 0x3fcaf65c on loop 0x3fcae4a4
D (7534) esp_netif_handlers: esp_netif action connected with netif0x3fcaf3ec from event_id=4
D (7554) esp_netif_lwip: check: remote, if=0x3fcaf3ec fn=0x42037f38
D (7554) esp_netif_lwip: esp_netif_up_api esp_netif:0x3fcaf3ec
D (7564) esp_netif_lwip: call api in lwip: ret=0x0, give sem
D (7564) esp_netif_lwip: check: remote, if=0x3fcaf3ec fn=0x42037708
D (7574) esp_netif_lwip: esp_netif_dhcpc_start_api esp_netif:0x3fcaf3ec
D (7574) esp_netif_lwip: esp_netif_start_ip_lost_timer esp_netif:0x3fcaf3ec
D (7584) esp_netif_lwip: if0x3fcaf3ec start ip lost tmr: interval=120
D (7584) esp_netif_lwip: starting dhcp client
D (7594) esp_netif_lwip: call api in lwip: ret=0x0, give sem
D (7604) event: running post WIFI_EVENT:4 with handler 0x4200d8c8 and context 0x3fcb03f0 on loop 0x3fcae4a4
D (8614) esp_netif_lwip: esp_netif_internal_dhcpc_cb lwip-netif:0x3fcaf478
D (8614) esp_netif_lwip: check: local, if=0x3fcaf3ec fn=0x420384f4
D (8614) esp_netif_lwip: esp_netif_update_default_netif_lwip 0x3fcaf3ec
D (8624) esp_netif_lwip: if0x3fcaf3ec ip changed=1
D (8624) event: running post IP_EVENT:0 with handler 0x42039d74 and context 0x3fcaf6d0 on loop 0x3fcae4a4
D (8634) wifi_init_default: Got IP wifi default handler entered
D (8644) esp_netif_handlers: esp_netif action got_ip with netif0x3fcaf3ec from event_id=0
I (8644) esp_netif_handlers: sta ip: 192.168.8.152, mask: 255.255.255.0, gw: 192.168.8.1
D (8664) event: running post IP_EVENT:0 with handler 0x4200d8c8 and context 0x3fcb85e8 on loop 0x3fcae4a4
I (8674) example_wifi: WiFi Connected. Got IP:192.168.8.152
I (8674) example_wifi: Connected to AP SSID: ***DANS_ORANGE_PI_WIFI_SSID***
I (8674) golioth_mbox: Mbox created, bufsize: 2688, num_items: 20, item_size: 128
I (8684) certificate_auth: Counter = 0
I (8724) golioth_coap_client_libcoap: Start CoAP session with host: coaps://coap.golioth.io
D (8724) RANDOM: getrandom(buf=0x3fcbc574, buflen=2, flags=0)
D (8734) RANDOM: getrandom returns 2
D (8744) RANDOM: getrandom(buf=0x3fcbc618, buflen=4, flags=0)
D (8744) RANDOM: getrandom returns 4
I (8764) golioth_coap_client_libcoap: Entering CoAP I/O loop
D (8764) RANDOM: getrandom(buf=0x3fcbbb10, buflen=1, flags=0)
D (8764) RANDOM: getrandom returns 1
D (9954) intr_alloc: Connected src 76 to int 13 (cpu 0)
I (10764) golioth_coap_client_libcoap: Golioth CoAP client connected
I (10764) certificate_auth: Golioth client connected
D (10764) RANDOM: getrandom(buf=0x3fcbbb60, buflen=1, flags=0)
D (10764) RANDOM: getrandom returns 1
D (10924) RANDOM: getrandom(buf=0x3fcbbb60, buflen=1, flags=0)
D (10924) RANDOM: getrandom returns 1
D (10974) RANDOM: getrandom(buf=0x3fcbbb60, buflen=1, flags=0)
D (10974) RANDOM: getrandom returns 1
I (13694) certificate_auth: Counter = 1
D (13694) RANDOM: getrandom(buf=0x3fcbbb60, buflen=1, flags=0)
D (13694) RANDOM: getrandom returns 1
I (18694) certificate_auth: Counter = 2
D (18694) RANDOM: getrandom(buf=0x3fcbbb60, buflen=1, flags=0)
D (18694) RANDOM: getrandom returns 1
I (23694) certificate_auth: Counter = 3
D (23694) RANDOM: getra