esptool.py v4.9.0
Serial port /dev/serial/by-id/usb-Silicon_Labs_CP2102N_USB_to_UART_Bridge_Controller_18a5eb8de0faeb11a1553ea4c6d924ec-if00-port0
Connecting....
Detecting chip type... ESP32-C3
Chip is ESP32-C3 (QFN32) (revision v0.3)
Features: WiFi, BLE
Crystal is 40MHz
MAC: 7c:df:a1:da:77:ac
Uploading stub...
Running stub...
Stub running...
Changing baud rate to 460800
Changed.
Configuring flash size...
Erasing flash (this may take a while)...
Chip erase completed successfully in 10.5 seconds.
Compressed 1011216 bytes to 593282...
Writing at 0x00000000... (2 %)
Writing at 0x00011be7... (5 %)
Writing at 0x0001e5bd... (8 %)
Writing at 0x0002a59c... (10 %)
Writing at 0x00033b93... (13 %)
Writing at 0x0003b69c... (16 %)
Writing at 0x000417ec... (18 %)
Writing at 0x00047a0c... (21 %)
Writing at 0x0004dfcf... (24 %)
Writing at 0x000540aa... (27 %)
Writing at 0x00059a80... (29 %)
Writing at 0x0005f644... (32 %)
Writing at 0x00065ead... (35 %)
Writing at 0x0006ba3b... (37 %)
Writing at 0x00071b59... (40 %)
Writing at 0x00077940... (43 %)
Writing at 0x0007da78... (45 %)
Writing at 0x000835cf... (48 %)
Writing at 0x00088c8a... (51 %)
Writing at 0x0008e75b... (54 %)
Writing at 0x00094874... (56 %)
Writing at 0x0009a568... (59 %)
Writing at 0x0009fdbc... (62 %)
Writing at 0x000a5d24... (64 %)
Writing at 0x000ac48b... (67 %)
Writing at 0x000b263d... (70 %)
Writing at 0x000b871c... (72 %)
Writing at 0x000be966... (75 %)
Writing at 0x000c42ec... (78 %)
Writing at 0x000c9a0c... (81 %)
Writing at 0x000cf7af... (83 %)
Writing at 0x000d5534... (86 %)
Writing at 0x000dc580... (89 %)
Writing at 0x000e304a... (91 %)
Writing at 0x000e96b5... (94 %)
Writing at 0x000ef8d3... (97 %)
Writing at 0x000f5711... (100 %)
Wrote 1011216 bytes (593282 compressed) at 0x00000000 in 16.6 seconds (effective 488.5 kbit/s)...
Hash of data verified.

Leaving...
Hard resetting via RTS pin...
ESP-ROM:esp32c3-api1-20210207
Build:Feb  7 2021
rst:0x1 (POWERON),boot:0xc (SPI_FAST_FLASH_BOOT)
SPIWP:0xee
mode:DIO, clock div:1
load:0x3fcd5820,len:0x1574
load:0x403cc710,len:0xc30
load:0x403ce710,len:0x2ff0
entry 0x403cc71a
I (30) boot: ESP-IDF v5.4.1 2nd stage bootloader
I (30) boot: compile time Sep 26 2025 19:00:20
I (30) boot: chip revision: v0.3
I (30) boot: efuse block revision: v1.1
I (34) boot.esp32c3: SPI Speed      : 80MHz
I (38) boot.esp32c3: SPI Mode       : DIO
I (41) boot.esp32c3: SPI Flash Size : 4MB
I (45) boot: Enabling RNG early entropy source...
I (50) boot: Partition Table:
I (52) boot: ## Label            Usage          Type ST Offset   Length
I (59) boot:  0 nvs              WiFi data        01 02 00009000 00006000
I (65) boot:  1 phy_init         RF data          01 01 0000f000 00001000
I (72) boot:  2 factory          factory app      00 00 00010000 00100000
I (78) boot: End of partition table
I (81) esp_image: segment 0: paddr=00010020 vaddr=3c0b0020 size=24b88h (150408) map
I (113) esp_image: segment 1: paddr=00034bb0 vaddr=3fc93400 size=03048h ( 12360) load
I (115) esp_image: segment 2: paddr=00037c00 vaddr=40380000 size=08418h ( 33816) load
I (123) esp_image: segment 3: paddr=00040020 vaddr=42000020 size=abe3ch (704060) map
I (236) esp_image: segment 4: paddr=000ebe64 vaddr=40388418 size=0af58h ( 44888) load
I (245) esp_image: segment 5: paddr=000f6dc4 vaddr=50000200 size=0001ch (    28) load
I (251) boot: Loaded app from partition at offset 0x10000
I (251) boot: Disabling RNG early entropy source...
I (263) cpu_start: Unicore app
I (271) cpu_start: Pro cpu start user code
I (271) cpu_start: cpu freq: 160000000 Hz
I (271) app_init: Application information:
I (271) app_init: Project name:     test
I (275) app_init: App version:      8122182-dirty
I (279) app_init: Compile time:     Sep 26 2025 19:00:14
I (284) app_init: ELF file SHA256:  3c5f47af0...
I (288) app_init: ESP-IDF:          v5.4.1
I (292) efuse_init: Min chip rev:     v0.3
I (296) efuse_init: Max chip rev:     v1.99 
I (300) efuse_init: Chip rev:         v0.3
I (304) heap_init: Initializing. RAM available for dynamic allocation:
I (310) heap_init: At 3FC9DE10 len 000221F0 (136 KiB): RAM
I (315) heap_init: At 3FCC0000 len 0001C710 (113 KiB): Retention RAM
I (321) heap_init: At 3FCDC710 len 00002950 (10 KiB): Retention RAM
I (327) heap_init: At 5000021C len 00001DCC (7 KiB): RTCRAM
I (333) spi_flash: detected chip: generic
I (336) spi_flash: flash io: dio
I (340) sleep_gpio: Configure to isolate all GPIO pins in sleep state
I (346) sleep_gpio: Enable automatic switching of GPIO sleep configuration
I (352) main_task: Started on CPU0
I (382) main_task: Calling app_main()
[5n
Type 'help' to get the list of commands.
Use UP/DOWN arrows to navigate through command history.
Press TAB when typing command name to auto-complete.

Your terminal application does not support escape sequences.

Line editing and history features are disabled.

On Windows, try using Putty instead.
esp32> W (882) hil_test: WiFi and Golioth credentials are not set. Use the shell settings commands to set them.

esp32> 
esp32> 
esp32> 
esp32> settings set wifi/ssid "***MIKES_ORANGE_PI_WIFI_SSID***"
Setting wifi/ssid saved
esp32> 
esp32> 
esp32> 
esp32> 
esp32> 
esp32> settings set wifi/psk "***MIKES_ORANGE_PI_WIFI_PSK***"
Setting wifi/psk saved
esp32> 
esp32> ::add-mask::generated-AjeBKWvESVfqXZDL

esp32> 
esp32> 
esp32> 
esp32> settings set golioth/psk-id "generated-AjeBKWvESVfqXZDL@firmware_ci"
Setting golioth/psk-id saved
esp32> 
esp32> 
esp32> 
esp32> 
esp32> 
esp32> settings set golioth/psk "generated-AjeBKWvESVfqXZDL"
Setting golioth/psk saved
esp32> 
esp32> I (8902) pp: pp rom version: 9387209
I (8902) net80211: net80211 rom version: 9387209
I (8922) wifi_init: rx ba win: 6
I (8922) wifi_init: accept mbox: 6
I (8922) wifi_init: tcpip mbox: 32
I (8922) wifi_init: udp mbox: 6
I (8922) wifi_init: tcp mbox: 6
I (8932) wifi_init: tcp tx win: 5760
I (8932) wifi_init: tcp rx win: 5760
I (8932) wifi_init: tcp mss: 1440
I (8942) wifi_init: WiFi IRAM OP enabled
I (8942) wifi_init: WiFi RX IRAM OP enabled
I (8942) phy_init: phy_version 1200,2b7123f9,Feb 18 2025,15:22:21
W (8952) phy_init: failed to load RF calibration data (0x1102), falling back to full calibration
I (8982) phy_init: Saving new calibration data due to checksum failure or outdated calibration data, mode(2)
I (10972) esp_netif_handlers: sta ip: 192.168.8.119, mask: 255.255.255.0, gw: 192.168.8.1
I (10972) example_wifi: WiFi Connected. Got IP:192.168.8.119
I (10982) example_wifi: Connected to AP SSID: ***MIKES_ORANGE_PI_WIFI_SSID***
I (10982) golioth_mbox: Mbox created, bufsize: 2688, num_items: 20, item_size: 128
I (11012) golioth_coap_client_libcoap: Start CoAP session with host: coaps://coap.golioth.io
I (11012) golioth_coap_client_libcoap: Session PSK-ID: generated-AjeBKWvESVfqXZDL@firmware_ci
I (11022) libcoap: Setting PSK key

I (11032) golioth_coap_client_libcoap: Entering CoAP I/O loop
I (12182) golioth_coap_client_libcoap: Golioth CoAP client connected
I (12192) test_connect: Golioth client connected
I (13192) test_connect: Stopping client
I (13192) golioth_coap_client_libcoap: Attempting to stop client
I (13212) golioth_coap_client_libcoap: Stopping
I (13212) golioth_coap_client_libcoap: Ending session
I (13212) test_connect: Golioth client disconnected
I (24292) test_connect: Starting client
I (24302) golioth_coap_client_libcoap: Start CoAP session with host: coaps://coap.golioth.io
I (24302) golioth_coap_client_libcoap: Session PSK-ID: generated-AjeBKWvESVfqXZDL@firmware_ci
I (24312) libcoap: Setting PSK key

I (24322) golioth_coap_client_libcoap: Entering CoAP I/O loop
I (25292) golioth_coap_client_libcoap: Golioth CoAP client connected
I (25292) test_connect: Golioth client connected
I (26302) test_connect: Destroying client
I (26302) golioth_coap_client_libcoap: Attempting to stop client
I (26322) golioth_coap_client_libcoap: Stopping
I (26322) golioth_coap_client_libcoap: Ending session
I (26322) test_connect: Golioth client disconnected
I (37402) test_connect: Starting client
I (37402) golioth_mbox: Mbox created, bufsize: 2688, num_items: 20, item_size: 128
I (37402) golioth_coap_client_libcoap: Start CoAP session with host: coaps://coap.golioth.io
I (37412) golioth_coap_client_libcoap: Session PSK-ID: generated-AjeBKWvESVfqXZDL@firmware_ci
I (37422) libcoap: Setting PSK key

I (37432) golioth_coap_client_libcoap: Entering CoAP I/O loop
I (38192) golioth_coap_client_libcoap: Golioth CoAP client connected
