esptool.py v4.9.0
Serial port /dev/serial/by-id/usb-Silicon_Labs_CP2102N_USB_to_UART_Bridge_Controller_18a5eb8de0faeb11a1553ea4c6d924ec-if00-port0
Connecting....
Detecting chip type... ESP32-C3
Chip is ESP32-C3 (QFN32) (revision v0.3)
Features: WiFi, BLE
Crystal is 40MHz
MAC: 7c:df:a1:da:77:ac
Uploading stub...
Running stub...
Stub running...
Changing baud rate to 460800
Changed.
Configuring flash size...
Erasing flash (this may take a while)...
Chip erase completed successfully in 10.4 seconds.
Compressed 1028336 bytes to 603684...
Writing at 0x00000000... (2 %)
Writing at 0x00011d27... (5 %)
Writing at 0x0001e8c4... (8 %)
Writing at 0x0002ad73... (10 %)
Writing at 0x0003384d... (13 %)
Writing at 0x0003be0f... (16 %)
Writing at 0x00041e17... (18 %)
Writing at 0x00048211... (21 %)
Writing at 0x0004e5d1... (24 %)
Writing at 0x00054aba... (27 %)
Writing at 0x0005a30a... (29 %)
Writing at 0x0005ff7e... (32 %)
Writing at 0x00066603... (35 %)
Writing at 0x0006c1dc... (37 %)
Writing at 0x000720d6... (40 %)
Writing at 0x000782f6... (43 %)
Writing at 0x0007e1f8... (45 %)
Writing at 0x000840fb... (48 %)
Writing at 0x0008956b... (51 %)
Writing at 0x0008f08b... (54 %)
Writing at 0x00095296... (56 %)
Writing at 0x0009ac9e... (59 %)
Writing at 0x000a051e... (62 %)
Writing at 0x000a6234... (64 %)
Writing at 0x000ac588... (67 %)
Writing at 0x000b2b26... (70 %)
Writing at 0x000b8d10... (72 %)
Writing at 0x000beecb... (75 %)
Writing at 0x000c4bf1... (78 %)
Writing at 0x000ca2a9... (81 %)
Writing at 0x000cfe3f... (83 %)
Writing at 0x000d5c91... (86 %)
Writing at 0x000dcae4... (89 %)
Writing at 0x000e2feb... (91 %)
Writing at 0x000ea078... (94 %)
Writing at 0x000efde1... (97 %)
Writing at 0x000f5f72... (100 %)
Wrote 1028336 bytes (603684 compressed) at 0x00000000 in 17.2 seconds (effective 478.6 kbit/s)...
Hash of data verified.

Leaving...
Hard resetting via RTS pin...
ESP-ROM:esp32c3-api1-20210207
Build:Feb  7 2021
rst:0x1 (POWERON),boot:0xc (SPI_FAST_FLASH_BOOT)
SPIWP:0xee
mode:DIO, clock div:1
load:0x3fcd5820,len:0x1574
load:0x403cc710,len:0xc30
load:0x403ce710,len:0x2f64
entry 0x403cc71a
I (30) boot: ESP-IDF v5.4.1 2nd stage bootloader
I (30) boot: compile time Oct  2 2025 01:21:14
I (30) boot: chip revision: v0.3
I (30) boot: efuse block revision: v1.1
I (34) boot.esp32c3: SPI Speed      : 80MHz
I (38) boot.esp32c3: SPI Mode       : DIO
I (41) boot.esp32c3: SPI Flash Size : 2MB
I (45) boot: Enabling RNG early entropy source...
I (50) boot: Partition Table:
I (52) boot: ## Label            Usage          Type ST Offset   Length
I (59) boot:  0 nvs              WiFi data        01 02 00009000 00006000
I (65) boot:  1 phy_init         RF data          01 01 0000f000 00001000
I (72) boot:  2 factory          factory app      00 00 00010000 00100000
I (78) boot: End of partition table
I (81) esp_image: segment 0: paddr=00010020 vaddr=3c0b0020 size=25dc0h (155072) map
I (114) esp_image: segment 1: paddr=00035de8 vaddr=3fc93400 size=03050h ( 12368) load
I (116) esp_image: segment 2: paddr=00038e40 vaddr=40380000 size=071d8h ( 29144) load
I (123) esp_image: segment 3: paddr=00040020 vaddr=42000020 size=aeedch (716508) map
I (239) esp_image: segment 4: paddr=000eef04 vaddr=403871d8 size=0c198h ( 49560) load
I (248) esp_image: segment 5: paddr=000fb0a4 vaddr=50000200 size=0001ch (    28) load
I (255) boot: Loaded app from partition at offset 0x10000
I (255) boot: Disabling RNG early entropy source...
I (266) cpu_start: Unicore app
I (274) cpu_start: Pro cpu start user code
I (274) cpu_start: cpu freq: 160000000 Hz
I (274) app_init: Application information:
I (274) app_init: Project name:     settings
I (278) app_init: App version:      fcf9118-dirty
I (283) app_init: Compile time:     Oct  2 2025 01:21:07
I (288) app_init: ELF file SHA256:  cb9a4ed2e...
I (292) app_init: ESP-IDF:          v5.4.1
I (296) efuse_init: Min chip rev:     v0.3
I (300) efuse_init: Max chip rev:     v1.99 
I (304) efuse_init: Chip rev:         v0.3
I (308) heap_init: Initializing. RAM available for dynamic allocation:
I (314) heap_init: At 3FC9DEB0 len 00022150 (136 KiB): RAM
I (319) heap_init: At 3FCC0000 len 0001C710 (113 KiB): Retention RAM
I (325) heap_init: At 3FCDC710 len 00002950 (10 KiB): Retention RAM
I (331) heap_init: At 5000021C len 00001DCC (7 KiB): RTCRAM
I (337) spi_flash: detected chip: generic
I (340) spi_flash: flash io: dio
W (343) spi_flash: Detected size(4096k) larger than the size in the binary image header(2048k). Using the size in the binary image header.
I (356) sleep_gpio: Configure to isolate all GPIO pins in sleep state
I (362) sleep_gpio: Enable automatic switching of GPIO sleep configuration
I (368) main_task: Started on CPU0
I (378) main_task: Calling app_main()
I (378) settings: Start Golioth Device Settings sample
[5n
Type 'help' to get the list of commands.
Use UP/DOWN arrows to navigate through command history.
Press TAB when typing command name to auto-complete.

Your terminal application does not support escape sequences.

Line editing and history features are disabled.

On Windows, try using Putty instead.
esp32> W (1888) settings: WiFi and golioth credentials are not set
W (1888) settings: Use the shell settings commands to set them, then restart

esp32> 
esp32> 
esp32> 
esp32> settings set wifi/ssid "***MIKES_ORANGE_PI_WIFI_SSID***"
Setting wifi/ssid saved
esp32> 
esp32> 
esp32> 
esp32> 
esp32> 
esp32> settings set wifi/psk "***MIKES_ORANGE_PI_WIFI_PSK***"
Setting wifi/psk saved
esp32> 
esp32> ::add-mask::generated-rjspwBCwpZiiYJAt

esp32> 
esp32> 
esp32> 
esp32> settings set golioth/psk-id "generated-rjspwBCwpZiiYJAt@firmware_ci"
Setting golioth/psk-id saved
esp32> 
esp32> 
esp32> 
esp32> 
esp32> 
esp32> settings set golioth/psk "generated-rjspwBCwpZiiYJAt"
Setting golioth/psk saved
esp32> 
esp32> 
esp32> 
esp32> 
esp32> 
esp32> reset
I (10828) shell: Resetting
ESP-ROM:esp32c3-api1-20210207
Build:Feb  7 2021
rst:0xc (RTC_SW_CPU_RST),boot:0xc (SPI_FAST_FLASH_BOOT)
Saved PC:0x403807f4
SPIWP:0xee
mode:DIO, clock div:1
load:0x3fcd5820,len:0x1574
load:0x403cc710,len:0xc30
load:0x403ce710,len:0x2f64
entry 0x403cc71a
I (35) boot: ESP-IDF v5.4.1 2nd stage bootloader
I (35) boot: compile time Oct  2 2025 01:21:14
I (35) boot: chip revision: v0.3
I (35) boot: efuse block revision: v1.1
I (39) boot.esp32c3: SPI Speed      : 80MHz
I (43) boot.esp32c3: SPI Mode       : DIO
I (46) boot.esp32c3: SPI Flash Size : 2MB
I (50) boot: Enabling RNG early entropy source...
I (55) boot: Partition Table:
I (57) boot: ## Label            Usage          Type ST Offset   Length
I (64) boot:  0 nvs              WiFi data        01 02 00009000 00006000
I (70) boot:  1 phy_init         RF data          01 01 0000f000 00001000
I (77) boot:  2 factory          factory app      00 00 00010000 00100000
I (83) boot: End of partition table
I (86) esp_image: segment 0: paddr=00010020 vaddr=3c0b0020 size=25dc0h (155072) map
I (118) esp_image: segment 1: paddr=00035de8 vaddr=3fc93400 size=03050h ( 12368) load
I (121) esp_image: segment 2: paddr=00038e40 vaddr=40380000 size=071d8h ( 29144) load
I (128) esp_image: segment 3: paddr=00040020 vaddr=42000020 size=aeedch (716508) map
I (244) esp_image: segment 4: paddr=000eef04 vaddr=403871d8 size=0c198h ( 49560) load
I (253) esp_image: segment 5: paddr=000fb0a4 vaddr=50000200 size=0001ch (    28) load
I (260) boot: Loaded app from partition at offset 0x10000
I (260) boot: Disabling RNG early entropy source...
I (271) cpu_start: Unicore app
I (279) cpu_start: Pro cpu start user code
I (279) cpu_start: cpu freq: 160000000 Hz
I (279) app_init: Application information:
I (279) app_init: Project name:     settings
I (283) app_init: App version:      fcf9118-dirty
I (288) app_init: Compile time:     Oct  2 2025 01:21:07
I (293) app_init: ELF file SHA256:  cb9a4ed2e...
I (297) app_init: ESP-IDF:          v5.4.1
I (301) efuse_init: Min chip rev:     v0.3
I (305) efuse_init: Max chip rev:     v1.99 
I (309) efuse_init: Chip rev:         v0.3
I (313) heap_init: Initializing. RAM available for dynamic allocation:
I (319) heap_init: At 3FC9DEB0 len 00022150 (136 KiB): RAM
I (324) heap_init: At 3FCC0000 len 0001C710 (113 KiB): Retention RAM
I (330) heap_init: At 3FCDC710 len 00002950 (10 KiB): Retention RAM
I (336) heap_init: At 5000021C len 00001DCC (7 KiB): RTCRAM
I (342) spi_flash: detected chip: generic
I (345) spi_flash: flash io: dio
W (348) spi_flash: Detected size(4096k) larger than the size in the binary image header(2048k). Using the size in the binary image header.
I (361) sleep_gpio: Configure to isolate all GPIO pins in sleep state
I (366) sleep_gpio: Enable automatic switching of GPIO sleep configuration
I (373) main_task: Started on CPU0
I (383) main_task: Calling app_main()
I (383) settings: Start Golioth Device Settings sample
[5n
Type 'help' to get the list of commands.
Use UP/DOWN arrows to navigate through command history.
Press TAB when typing command name to auto-complete.

Your terminal application does not support escape sequences.

Line editing and history features are disabled.

On Windows, try using Putty instead.
esp32> I (893) pp: pp rom version: 9387209
I (913) net80211: net80211 rom version: 9387209
I (933) wifi_init: rx ba win: 6
I (933) wifi_init: accept mbox: 6
I (933) wifi_init: tcpip mbox: 32
I (933) wifi_init: udp mbox: 6
I (933) wifi_init: tcp mbox: 6
I (943) wifi_init: tcp tx win: 5760
I (943) wifi_init: tcp rx win: 5760
I (943) wifi_init: tcp mss: 1440
I (953) wifi_init: WiFi IRAM OP enabled
I (953) wifi_init: WiFi RX IRAM OP enabled
I (953) phy_init: phy_version 1200,2b7123f9,Feb 18 2025,15:22:21
W (963) phy_init: failed to load RF calibration data (0x1102), falling back to full calibration
I (1003) phy_init: Saving new calibration data due to checksum failure or outdated calibration data, mode(2)
I (3013) esp_netif_handlers: sta ip: 192.168.8.119, mask: 255.255.255.0, gw: 192.168.8.1
I (3013) example_wifi: WiFi Connected. Got IP:192.168.8.119
I (3023) example_wifi: Connected to AP SSID: ***MIKES_ORANGE_PI_WIFI_SSID***
I (3023) golioth_mbox: Mbox created, bufsize: 2688, num_items: 20, item_size: 128
W (3033) settings: Waiting for connection to Golioth...
I (3043) golioth_coap_client_libcoap: Start CoAP session with host: coaps://coap.golioth.io
I (3043) golioth_coap_client_libcoap: Session PSK-ID: generated-rjspwBCwpZiiYJAt@firmware_ci
I (3063) libcoap: Setting PSK key

I (3063) golioth_coap_client_libcoap: Entering CoAP I/O loop
I (3403) golioth_coap_client_libcoap: Golioth CoAP client connected
I (3403) settings: Golioth client connected
I (3403) settings: Sending hello! 0
I (3893) settings: Setting loop delay to 1 s
E (3893) golioth_settings: Failed to send a response to server: -12
I (3953) settings: Setting loop delay to 1 s
E (3953) golioth_settings: Failed to send a response to server: -12
I (5183) settings: Setting loop delay to 5 s
E (5183) golioth_s