esptool.py v4.8.1
Serial port /dev/serial/by-id/usb-Silicon_Labs_CP2102N_USB_to_UART_Bridge_Controller_ee6375f01ce7ec11973dbed05adebb74-if00-port0
Connecting....
Detecting chip type... ESP32-C3
Chip is ESP32-C3 (QFN32) (revision v0.4)
Features: WiFi, BLE, Embedded Flash 4MB (XMC)
Crystal is 40MHz
MAC: ec:da:3b:0d:18:84
Uploading stub...
Running stub...
Stub running...
Changing baud rate to 460800
Changed.
Configuring flash size...
Erasing flash (this may take a while)...
Chip erase completed successfully in 18.1s
Compressed 1037152 bytes to 609761...
Writing at 0x00000000... (2 %)
Writing at 0x00012144... (5 %)
Writing at 0x0001f268... (7 %)
Writing at 0x0002b9df... (10 %)
Writing at 0x00031e07... (13 %)
Writing at 0x00036fc5... (15 %)
Writing at 0x00040e89... (18 %)
Writing at 0x00046ea0... (21 %)
Writing at 0x0004d4bc... (23 %)
Writing at 0x000534d2... (26 %)
Writing at 0x0005903c... (28 %)
Writing at 0x0005eeb2... (31 %)
Writing at 0x00065993... (34 %)
Writing at 0x0006b590... (36 %)
Writing at 0x00071670... (39 %)
Writing at 0x00077747... (42 %)
Writing at 0x0007d65b... (44 %)
Writing at 0x0008319a... (47 %)
Writing at 0x000887e4... (50 %)
Writing at 0x0008e884... (52 %)
Writing at 0x00094a20... (55 %)
Writing at 0x0009a4bf... (57 %)
Writing at 0x0009fd67... (60 %)
Writing at 0x000a5b41... (63 %)
Writing at 0x000ac32c... (65 %)
Writing at 0x000b2416... (68 %)
Writing at 0x000b8370... (71 %)
Writing at 0x000be6c8... (73 %)
Writing at 0x000c403c... (76 %)
Writing at 0x000c9894... (78 %)
Writing at 0x000cf834... (81 %)
Writing at 0x000d579d... (84 %)
Writing at 0x000dc179... (86 %)
Writing at 0x000e353f... (89 %)
Writing at 0x000e99fe... (92 %)
Writing at 0x000ef80a... (94 %)
Writing at 0x000f5d5c... (97 %)
Writing at 0x000fbc26... (100 %)
Wrote 1037152 bytes (609761 compressed) at 0x00000000 in 19.2 seconds (effective 431.4 kbit/s)...
Hash of data verified.

Leaving...
Hard resetting via RTS pin...
ESP-ROM:esp32c3-api1-20210207
Build:Feb  7 2021
rst:0x1 (POWERON),boot:0xc (SPI_FAST_FLASH_BOOT)
SPIWP:0xee
mode:DIO, clock div:1
load:0x3fcd5820,len:0x1738
load:0x403cc710,len:0xb9c
load:0x403ce710,len:0x2e4c
entry 0x403cc71a
[0;32mI (30) boot: ESP-IDF v5.3 2nd stage bootloader[0m
[0;32mI (30) boot: compile time Jan  3 2025 22:38:59[0m
[0;32mI (30) boot: chip revision: v0.4[0m
[0;32mI (33) boot.esp32c3: SPI Speed      : 80MHz[0m
[0;32mI (38) boot.esp32c3: SPI Mode       : DIO[0m
[0;32mI (43) boot.esp32c3: SPI Flash Size : 2MB[0m
[0;32mI (47) boot: Enabling RNG early entropy source...[0m
[0;32mI (53) boot: Partition Table:[0m
[0;32mI (56) boot: ## Label            Usage          Type ST Offset   Length[0m
[0;32mI (64) boot:  0 nvs              WiFi data        01 02 00009000 00006000[0m
[0;32mI (71) boot:  1 phy_init         RF data          01 01 0000f000 00001000[0m
[0;32mI (78) boot:  2 factory          factory app      00 00 00010000 00100000[0m
[0;32mI (86) boot: End of partition table[0m
[0;32mI (90) esp_image: segment 0: paddr=00010020 vaddr=3c0b0020 size=2cc1ch (183324) map[0m
[0;32mI (127) esp_image: segment 1: paddr=0003cc44 vaddr=3fc92800 size=02fc8h ( 12232) load[0m
[0;32mI (130) esp_image: segment 2: paddr=0003fc14 vaddr=40380000 size=00404h (  1028) load[0m
[0;32mI (133) esp_image: segment 3: paddr=00040020 vaddr=42000020 size=aafd0h (700368) map[0m
[0;32mI (251) esp_image: segment 4: paddr=000eaff8 vaddr=40380404 size=1233ch ( 74556) load[0m
[0;32mI (271) boot: Loaded app from partition at offset 0x10000[0m
[0;32mI (271) boot: Disabling RNG early entropy source...[0m
[0;32mI (283) cpu_start: Unicore app[0m
[0;32mI (291) cpu_start: Pro cpu start user code[0m
[0;32mI (291) cpu_start: cpu freq: 160000000 Hz[0m
[0;32mI (291) app_init: Application information:[0m
[0;32mI (294) app_init: Project name:     observe[0m
[0;32mI (299) app_init: App version:      02fdb38-dirty[0m
[0;32mI (304) app_init: Compile time:     Jan  3 2025 22:38:53[0m
[0;32mI (310) app_init: ELF file SHA256:  af8e2042c...[0m
[0;32mI (316) app_init: ESP-IDF:          v5.3[0m
[0;32mI (320) efuse_init: Min chip rev:     v0.3[0m
[0;32mI (325) efuse_init: Max chip rev:     v1.99 [0m
[0;32mI (330) efuse_init: Chip rev:         v0.4[0m
[0;32mI (335) heap_init: Initializing. RAM available for dynamic allocation:[0m
[0;32mI (342) heap_init: At 3FC9D5F0 len 00022A10 (138 KiB): RAM[0m
[0;32mI (348) heap_init: At 3FCC0000 len 0001C710 (113 KiB): Retention RAM[0m
[0;32mI (355) heap_init: At 3FCDC710 len 00002950 (10 KiB): Retention RAM[0m
[0;32mI (362) heap_init: At 50000200 len 00001DE8 (7 KiB): RTCRAM[0m
[0;32mI (369) spi_flash: detected chip: generic[0m
[0;32mI (373) spi_flash: flash io: dio[0m
[0;33mW (377) spi_flash: Detected size(4096k) larger than the size in the binary image header(2048k). Using the size in the binary image header.[0m
[0;32mI (391) sleep: Configure to isolate all GPIO pins in sleep state[0m
[0;32mI (397) sleep: Enable automatic switching of GPIO sleep configuration[0m
[0;32mI (404) main_task: Started on CPU0[0m
[0;32mI (414) main_task: Calling app_main()[0m
[0;32mI (414) lightdb: Start LightDB observe sample[0m
[5n
Type 'help' to get the list of commands.
Use UP/DOWN arrows to navigate through command history.
Press TAB when typing command name to auto-complete.

Your terminal application does not support escape sequences.

Line editing and history features are disabled.

On Windows, try using Putty instead.
esp32> [0;33mW (924) lightdb: WiFi and Golioth credentials are not set. Use the shell settings commands to set them.[0m

esp32> 
esp32> 
esp32> 
esp32> settings set wifi/ssid "***MIKES_ORANGE_PI_WIFI_SSID***"
Setting wifi/ssid saved
esp32> 
esp32> 
esp32> 
esp32> 
esp32> 
esp32> settings set wifi/psk "***MIKES_ORANGE_PI_WIFI_PSK***"
Setting wifi/psk saved
esp32> 
esp32> ::add-mask::generated-NrgUZXgfTqqxIhEX

esp32> 
esp32> 
esp32> 
esp32> settings set golioth/psk-id "generated-NrgUZXgfTqqxIhEX@firmware_ci"
Setting golioth/psk-id saved
esp32> 
esp32> 
esp32> 
esp32> 
esp32> 
esp32> settings set golioth/psk "generated-NrgUZXgfTqqxIhEX"
Setting golioth/psk saved
esp32> 
esp32> [0;32mI (10944) pp: pp rom version: 9387209[0m
[0;32mI (10944) net80211: net80211 rom version: 9387209[0m
[0;32mI (10964) wifi_init: rx ba win: 6[0m
[0;32mI (10964) wifi_init: accept mbox: 6[0m
[0;32mI (10964) wifi_init: tcpip mbox: 32[0m
[0;32mI (10964) wifi_init: udp mbox: 6[0m
[0;32mI (10974) wifi_init: tcp mbox: 6[0m
[0;32mI (10974) wifi_init: tcp tx win: 5760[0m
[0;32mI (10984) wifi_init: tcp rx win: 5760[0m
[0;32mI (10984) wifi_init: tcp mss: 1440[0m
[0;32mI (10984) wifi_init: WiFi IRAM OP enabled[0m
[0;32mI (10994) wifi_init: WiFi RX IRAM OP enabled[0m
[0;32mI (10994) phy_init: phy_version 1180,01f2a49,Jun  4 2024,16:34:25[0m
[0;33mW (11014) phy_init: failed to load RF calibration data (0x1102), falling back to full calibration[0m
[0;33mW (11054) phy_init: saving new calibration data because of checksum failure, mode(2)[0m
[0;32mI (12434) esp_netif_handlers: sta ip: 192.168.8.238, mask: 255.255.255.0, gw: 192.168.8.1[0m
[0;32mI (12434) example_wifi: WiFi Connected. Got IP:192.168.8.238[0m
[0;32mI (12444) example_wifi: Connected to AP SSID: ***MIKES_ORANGE_PI_WIFI_SSID***[0m
[0;32mI (12444) golioth_mbox: Mbox created, bufsize: 2520, num_items: 20, item_size: 120[0m
[0;33mW (12454) lightdb: Waiting for connection to Golioth...[0m
[0;32mI (12464) golioth_coap_client_libcoap: Start CoAP session with host: coaps://coap.golioth.io[0m
[0;32mI (12474) golioth_coap_client_libcoap: Session PSK-ID: generated-NrgUZXgfTqqxIhEX@firmware_ci[0m
[0;32mI (12484) libcoap: Setting PSK key
[0m
[0;32mI (12484) golioth_coap_client_libcoap: Entering CoAP I/O loop[0m
[0;32mI (12774) golioth_coap_client_libcoap: Golioth CoAP client connected[0m
[0;32mI (12774) lightdb: Golioth client connected[0m
[0;32mI (13104) lightdb: 0x3fcb9105   6e 75 6c 6c                                       |null|[0m
Success for pattern '6e 75 6c 6c |null'
[0;32mI (16104) lightdb: 0x3fcb3d41   38 37                                             |87|[0m
Success for pattern '38 37 |87'
