esptool.py v4.8.1
Serial port /dev/serial/by-id/usb-Silicon_Labs_CP2102N_USB_to_UART_Bridge_Controller_342e9e0b1d28ee11811d0dd8f49e3369-if00-port0
Connecting.....
Detecting chip type... Unsupported detection protocol, switching and trying again...
Connecting....
Detecting chip type... ESP32
Chip is ESP32-D0WD-V3 (revision v3.1)
Features: WiFi, BT, Dual Core, 240MHz, VRef calibration in efuse, Coding Scheme None
Crystal is 40MHz
MAC: a0:a3:b3:2d:0a:ac
Uploading stub...
Running stub...
Stub running...
Changing baud rate to 460800
Changed.
Configuring flash size...
Erasing flash (this may take a while)...
Chip erase completed successfully in 16.6s
Compressed 998288 bytes to 626579...
Writing at 0x00000000... (2 %)
Writing at 0x000077da... (5 %)
Writing at 0x0001c7fc... (7 %)
Writing at 0x000297e1... (10 %)
Writing at 0x0003022e... (12 %)
Writing at 0x00035337... (15 %)
Writing at 0x0004028a... (17 %)
Writing at 0x00045ddd... (20 %)
Writing at 0x0004b521... (23 %)
Writing at 0x000509d5... (25 %)
Writing at 0x00055ba8... (28 %)
Writing at 0x0005aea4... (30 %)
Writing at 0x000608a6... (33 %)
Writing at 0x0006599d... (35 %)
Writing at 0x0006ac78... (38 %)
Writing at 0x0007001a... (41 %)
Writing at 0x0007512e... (43 %)
Writing at 0x0007a3d1... (46 %)
Writing at 0x0007f930... (48 %)
Writing at 0x00085548... (51 %)
Writing at 0x0008ad27... (53 %)
Writing at 0x0009007e... (56 %)
Writing at 0x000952c5... (58 %)
Writing at 0x0009a943... (61 %)
Writing at 0x000a003e... (64 %)
Writing at 0x000a5293... (66 %)
Writing at 0x000aab3f... (69 %)
Writing at 0x000b03c6... (71 %)
Writing at 0x000b5473... (74 %)
Writing at 0x000bab9d... (76 %)
Writing at 0x000c032c... (79 %)
Writing at 0x000c7d42... (82 %)
Writing at 0x000cfa85... (84 %)
Writing at 0x000d6c70... (87 %)
Writing at 0x000dc39b... (89 %)
Writing at 0x000e1ea3... (92 %)
Writing at 0x000e7562... (94 %)
Writing at 0x000ed0cc... (97 %)
Writing at 0x000f2345... (100 %)
Wrote 998288 bytes (626579 compressed) at 0x00000000 in 16.9 seconds (effective 472.0 kbit/s)...
Hash of data verified.

Leaving...
Hard resetting via RTS pin...
xxxxxxxxxx 2019 12:21:46

rst:0x1 (POWERON_RESET),boot:0x13 (SPI_FAST_FLASH_BOOT)
configsip: 0, SPIWP:0xee
clk_drv:0x00,q_drv:0x00,d_drv:0x00,cs0_drv:0x00,hd_drv:0x00,wp_drv:0x00
mode:DIO, clock div:2
load:0x3fff0030,len:7176
load:0x40078000,len:15648
load:0x40080400,len:4
ho 8 tail 4 room 4
load:0x40080404,len:3904
entry 0x40080640
[0;32mI (31) boot: ESP-IDF v5.3 2nd stage bootloader[0m
[0;32mI (31) boot: compile time Jan  3 2025 22:36:37[0m
[0;32mI (31) boot: Multicore bootloader[0m
[0;32mI (35) boot: chip revision: v3.1[0m
[0;32mI (39) boot.esp32: SPI Speed      : 40MHz[0m
[0;32mI (44) boot.esp32: SPI Mode       : DIO[0m
[0;32mI (48) boot.esp32: SPI Flash Size : 4MB[0m
[0;32mI (53) boot: Enabling RNG early entropy source...[0m
[0;32mI (58) boot: Partition Table:[0m
[0;32mI (62) boot: ## Label            Usage          Type ST Offset   Length[0m
[0;32mI (69) boot:  0 nvs              WiFi data        01 02 00009000 00006000[0m
[0;32mI (76) boot:  1 phy_init         RF data          01 01 0000f000 00001000[0m
[0;32mI (84) boot:  2 factory          factory app      00 00 00010000 00100000[0m
[0;32mI (91) boot: End of partition table[0m
[0;32mI (96) esp_image: segment 0: paddr=00010020 vaddr=3f400020 size=2b540h (177472) map[0m
[0;32mI (165) esp_image: segment 1: paddr=0003b568 vaddr=3ffb0000 size=04064h ( 16484) load[0m
[0;32mI (171) esp_image: segment 2: paddr=0003f5d4 vaddr=40080000 size=00a44h (  2628) load[0m
[0;32mI (173) esp_image: segment 3: paddr=00040020 vaddr=400d0020 size=9da14h (645652) map[0m
[0;32mI (400) esp_image: segment 4: paddr=000dda3c vaddr=40080a44 size=1612ch ( 90412) load[0m
[0;32mI (447) boot: Loaded app from partition at offset 0x10000[0m
[0;32mI (447) boot: Disabling RNG early entropy source...[0m
[0;32mI (459) cpu_start: Multicore app[0m
[0;32mI (468) cpu_start: Pro cpu start user code[0m
[0;32mI (468) cpu_start: cpu freq: 160000000 Hz[0m
[0;32mI (468) app_init: Application information:[0m
[0;32mI (471) app_init: Project name:     test[0m
[0;32mI (475) app_init: App version:      02fdb38-dirty[0m
[0;32mI (481) app_init: Compile time:     Jan  3 2025 22:36:31[0m
[0;32mI (487) app_init: ELF file SHA256:  17f250998...[0m
[0;32mI (492) app_init: ESP-IDF:          v5.3[0m
[0;32mI (497) efuse_init: Min chip rev:     v0.0[0m
[0;32mI (501) efuse_init: Max chip rev:     v3.99 [0m
[0;32mI (506) efuse_init: Chip rev:         v3.1[0m
[0;32mI (511) heap_init: Initializing. RAM available for dynamic allocation:[0m
[0;32mI (518) heap_init: At 3FFAE6E0 len 00001920 (6 KiB): DRAM[0m
[0;32mI (524) heap_init: At 3FFBBDD8 len 00024228 (144 KiB): DRAM[0m
[0;32mI (531) heap_init: At 3FFE0440 len 00003AE0 (14 KiB): D/IRAM[0m
[0;32mI (537) heap_init: At 3FFE4350 len 0001BCB0 (111 KiB): D/IRAM[0m
[0;32mI (543) heap_init: At 40096B70 len 00009490 (37 KiB): IRAM[0m
[0;32mI (551) spi_flash: detected chip: generic[0m
[0;32mI (554) spi_flash: flash io: dio[0m
[0;32mI (559) main_task: Started on CPU0[0m
[0;32mI (569) main_task: Calling app_main()[0m
[5n
Type 'help' to get the list of commands.
Use UP/DOWN arrows to navigate through command history.
Press TAB when typing command name to auto-complete.

Your terminal application does not support escape sequences.

Line editing and history features are disabled.

On Windows, try using Putty instead.
esp32> [0;33mW (1079) hil_test: WiFi and Golioth credentials are not set. Use the shell settings commands to set them.[0m

esp32> 
esp32> 
esp32> 
esp32> settings set wifi/ssid "***TIMS_ORANGE_PI_WIFI_SSID***"
Setting wifi/ssid saved
esp32> 
esp32> 
esp32> 
esp32> 
esp32> 
esp32> settings set wifi/psk "***TIMS_ORANGE_PI_WIFI_PSK***"
Setting wifi/psk saved
esp32> 
es::add-mask::generated-SxntfdHbPIXDeYPz
p32> 
esp32> 
esp32> 
esp32> 
esp32> settings set golioth/psk-id "generated-SxntfdHbPIXDeYPz@firmware_ci"
Setting golioth/psk-id saved
esp32> 
esp32> 
esp32> 
esp32> 
esp32> 
esp32> settings set golioth/psk "generated-SxntfdHbPIXDeYPz"
Setting golioth/psk saved
esp32> 
esp32> [0;32mI (15129) wifi_init: rx ba win: 6[0m
[0;32mI (15129) wifi_init: accept mbox: 6[0m
[0;32mI (15129) wifi_init: tcpip mbox: 32[0m
[0;32mI (15129) wifi_init: udp mbox: 6[0m
[0;32mI (15149) wifi_init: tcp mbox: 6[0m
[0;32mI (15149) wifi_init: tcp tx win: 5760[0m
[0;32mI (15149) wifi_init: tcp rx win: 5760[0m
[0;32mI (15159) wifi_init: tcp mss: 1440[0m
[0;32mI (15159) wifi_init: WiFi IRAM OP enabled[0m
[0;32mI (15159) wifi_init: WiFi RX IRAM OP enabled[0m
[0;32mI (15169) phy_init: phy_version 4830,54550f7,Jun 20 2024,14:22:08[0m
[0;33mW (15169) phy_init: failed to load RF calibration data (0x1102), falling back to full calibration[0m
[0;33mW (15249) phy_init: saving new calibration data because of checksum failure, mode(2)[0m
[0;32mI (16649) esp_netif_handlers: sta ip: 192.168.8.131, mask: 255.255.255.0, gw: 192.168.8.1[0m
[0;32mI (16649) example_wifi: WiFi Connected. Got IP:192.168.8.131[0m
[0;32mI (16659) example_wifi: Connected to AP SSID: ***TIMS_ORANGE_PI_WIFI_SSID***[0m
[0;32mI (16669) golioth_mbox: Mbox created, bufsize: 2520, num_items: 20, item_size: 120[0m
[0;32mI (16669) golioth_coap_client_libcoap: Start CoAP session with host: coaps://coap.golioth.io[0m
[0;32mI (16679) golioth_coap_client_libcoap: Session PSK-ID: generated-SxntfdHbPIXDeYPz@firmware_ci[0m
[0;32mI (16689) libcoap: Setting PSK key
[0m
[0;32mI (16699) golioth_coap_client_libcoap: Entering CoAP I/O loop[0m
[0;32mI (17029) golioth_coap_client_libcoap: Golioth CoAP client connected[0m
[0;32mI (17089) test_settings: Received test_bool: false[0m
[0;32mI (17099) test_settings: Received test_cancel: 0[0m
[0;32mI (17099) test_settings: Received test_float: 1.230000[0m
[0;32mI (17109) test_settings: Received test_restart: false[0m
[0;32mI (17109) test_settings: Received test_string: foo[0m
[0;32mI (17109) test_settings: Received test_int_range: 1[0m
[0;32mI (17129) test_settings: Received test_int: 1[0m
[0;32mI (17279) test_settings: Received test_cancel: 0[0m
[0;32mI (17289) test_settings: Received test_float: 1.230000[0m
[0;32mI (17289) test_settings: Received test_bool: false[0m
[0;32mI (17299) test_settings: Received test_restart: false[0m
[0;32mI (17299) test_settings: Received test_string: foo[0m
[0;32mI (17299) test_settings: Received test_int: 1[0m
[0;32mI (17309) test_settings: Received test_int_range: 1[0m
[0;31mE (17319) golioth_settings: Failed to send a response to server: 10[0m
[0;32mI (17489) test_settings: Received test_bool: false[0m
[0;32mI (17489) test_settings: Received test_cancel: 0[0m
[0;32mI (17489) test_settings: Received test_string: foo[0m
[0;32mI (17499) test_settings: Received test_restart: false[0m
[0;32mI (17509) test_settings: Received test_int: 1[0m
[0;32mI (17509) test_settings: Received test_int_range: 1[0m
[0;32mI (17519) test_settings: Received test_float: 1.230000[0m
[0;31mE (17519) golioth_settings: Failed to send a response to server: 10[0m
[0;32mI (17589) test_settings: Received test_bool: false[0m
[0;32mI (17589) test_settings: Received test_int_range: 1[0m
[0;32mI (17599) test_settings: Received test_string: foo[0m
[0;32mI (17599) test_settings: Received test_cancel: 0[0m
[0;32mI (17609) test_settings: Received test_restart: false[0m
[0;32mI (17609) test_settings: Received test_float: 1.230000[0m
[0;32mI (17619) test_settings: Received test_int: 1[0m
[0;31mE (17629) golioth_settings: Failed to send a response to server: 10[0m
[0;32mI (17689) test_settings: Received test_restart: false[0m
[0;32mI (17689) test_settings: Received test_int: 1[0m
[0;32mI (17689) test_settings: Received test_cancel: 0[0m
[0;32mI (17699) test_settings: Received test_string: foo[0m
[0;32mI (17699) test_settings: Received test_bool: false[0m
[0;32mI (17709) test_settings: Received test_float: 1.230000[0m
[0;32mI (17719) test_settings: Received test_int_range: 1[0m
[0;31mE (17719) golioth_settings: Failed to send a response to server: 10[0m
[0;32mI (17789) test_settings: Received test_string: foo[0m
[0;32mI (17789) test_settings: Received test_bool: false[0m
[0;32mI (17799) test_settings: Received test_cancel: 0[0m
[0;32mI (17809) test_settings: Received test_float: 1.230000[0m
[0;32mI (17809) test_settings: Received test_int: 1[0m
[0;32mI (17809) test_settings: Received test_restart: false[0m
[0;32mI (17819) test_settings: Received test_int_range: 1[0m
[0;31mE (17819) golioth_settings: Failed to send a response to server: 10[0m
[0;32mI (17899) test_settings: Received test_cancel: 0[0m
[0;32mI (17899) test_settings: Received test_restart: false[0m
[0;32mI (17899) test_settings: Received test_string: foo[0m
[0;32mI (17919) test_settings: Received test_int: 1[0m
[0;32mI (17919) test_settings: Received test_int_range: 1[0m
[0;32mI (17919) test_settings: Received test_bool: false[0m
[0;32mI (17929) test_settings: Received test_float: 1.230000[0m
[0;31mE (17929) golioth_settings: Failed to send a response to server: 10[0m
[0;32mI (18099) test_settings: Received test_restart: false[0m
[0;32mI (18109) test_settings: Received test_cancel: 0[0m
[0;32mI (18109) test_settings: Received test_int: 1[0m
[0;32mI (18109) test_settings: Received test_float: 1.230000[0m
[0;32mI (18119) test_settings: Received test_bool: false[0m
[0;32mI (18119) test_settings: Received test_int_range: 1[0m
[0;32mI (18139) test_settings: Received test_string: foo[0m
[0;31mE (18139) golioth_settings: Failed to send a response to server: 10[0m
[0;32mI (18309) test_settings: Received test_string: foo[0m
[0;32mI (18309) test_settings: Received test_cancel: 0[0m
[0;32mI (18309) test_settings: Received test_int: 1[0m
[0;32mI (18319) test_settings: Received test_int_range: 1[0m
[0;32mI (18329) test_settings: Received test_float: 1.230000[0m
[0;32mI (18329) test_settings: Received test_restart: false[0m
[0;32mI (18339) test_settings: Received test_bool: false[0m
[0;31mE (18339) golioth_settings: Failed to send a response to server: 10[0m
[0;32mI (18569) test_settings: Received test_bool: false[0m
[0;32mI (18569) test_settings: Received test_int_range: 1[0m
[0;32mI (18569) test_settings: Received test_restart: false[0m
[0;32mI (18589) test_settings: Received test_cancel: 0[0m
[0;32mI (18589) test_settings: Received test_int: 42[0m
[0;32m