esptool.py v4.7.0
Serial port /dev/serial/by-id/usb-Silicon_Labs_CP2102N_USB_to_UART_Bridge_Controller_ca317d585c76eb11ba0a87abb7be2ba5-if00-port0
Connecting....
Detecting chip type... ESP32-C3
Chip is ESP32-C3 (QFN32) (revision v0.3)
Features: WiFi, BLE, Embedded Flash 4MB (XMC)
Crystal is 40MHz
MAC: 84:f7:03:09:96:10
Uploading stub...
Running stub...
Stub running...
Changing baud rate to 460800
Changed.
Configuring flash size...
Erasing flash (this may take a while)...
Chip erase completed successfully in 19.8s
Compressed 1038336 bytes to 609126...
Writing at 0x00000000... (2 %)
Writing at 0x0001205d... (5 %)
Writing at 0x0001f51f... (7 %)
Writing at 0x0002b938... (10 %)
Writing at 0x00031e1e... (13 %)
Writing at 0x00037349... (15 %)
Writing at 0x00040f47... (18 %)
Writing at 0x00046fa3... (21 %)
Writing at 0x0004d6a3... (23 %)
Writing at 0x00053df8... (26 %)
Writing at 0x00059744... (28 %)
Writing at 0x0005f3c5... (31 %)
Writing at 0x00065e48... (34 %)
Writing at 0x0006bbbe... (36 %)
Writing at 0x00071a65... (39 %)
Writing at 0x00077d20... (42 %)
Writing at 0x0007dd1d... (44 %)
Writing at 0x00083a93... (47 %)
Writing at 0x00088ed4... (50 %)
Writing at 0x0008eaed... (52 %)
Writing at 0x000951d1... (55 %)
Writing at 0x0009acbb... (57 %)
Writing at 0x000a057f... (60 %)
Writing at 0x000a6372... (63 %)
Writing at 0x000acb48... (65 %)
Writing at 0x000b2c56... (68 %)
Writing at 0x000b8ba4... (71 %)
Writing at 0x000bef02... (73 %)
Writing at 0x000c4867... (76 %)
Writing at 0x000ca0c4... (78 %)
Writing at 0x000d0062... (81 %)
Writing at 0x000d5fd2... (84 %)
Writing at 0x000dc9c1... (86 %)
Writing at 0x000e3d90... (89 %)
Writing at 0x000ea260... (92 %)
Writing at 0x000f0070... (94 %)
Writing at 0x000f65ec... (97 %)
Writing at 0x000fc42a... (100 %)
Wrote 1038336 bytes (609126 compressed) at 0x00000000 in 19.5 seconds (effective 425.8 kbit/s)...
Hash of data verified.

Leaving...
Hard resetting via RTS pin...
Build:Feb  7 2021
rst:0x1 (POWERON),boot:0xc (SPI_FAST_FLASH_BOOT)
SPIWP:0xee
mode:DIO, clock div:1
load:0x3fcd5820,len:0x1738
load:0x403cc710,len:0xb9c
load:0x403ce710,len:0x2ec8
entry 0x403cc71a
[0;32mI (30) boot: ESP-IDF v5.3 2nd stage bootloader[0m
[0;32mI (30) boot: compile time Oct  4 2024 18:28:23[0m
[0;32mI (30) boot: chip revision: v0.3[0m
[0;32mI (33) boot.esp32c3: SPI Speed      : 80MHz[0m
[0;32mI (38) boot.esp32c3: SPI Mode       : DIO[0m
[0;32mI (43) boot.esp32c3: SPI Flash Size : 4MB[0m
[0;32mI (47) boot: Enabling RNG early entropy source...[0m
[0;32mI (53) boot: Partition Table:[0m
[0;32mI (56) boot: ## Label            Usage          Type ST Offset   Length[0m
[0;32mI (64) boot:  0 nvs              WiFi data        01 02 00009000 00006000[0m
[0;32mI (71) boot:  1 phy_init         RF data          01 01 0000f000 00001000[0m
[0;32mI (78) boot:  2 factory          factory app      00 00 00010000 00100000[0m
[0;32mI (86) boot: End of partition table[0m
[0;32mI (90) esp_image: segment 0: paddr=00010020 vaddr=3c0b0020 size=2c88ch (182412) map[0m
[0;32mI (127) esp_image: segment 1: paddr=0003c8b4 vaddr=3fc92800 size=02fb8h ( 12216) load[0m
[0;32mI (130) esp_image: segment 2: paddr=0003f874 vaddr=40380000 size=007a4h (  1956) load[0m
[0;32mI (133) esp_image: segment 3: paddr=00040020 vaddr=42000020 size=ab814h (702484) map[0m
[0;32mI (251) esp_image: segment 4: paddr=000eb83c vaddr=403807a4 size=11f9ch ( 73628) load[0m
[0;32mI (271) boot: Loaded app from partition at offset 0x10000[0m
[0;32mI (271) boot: Disabling RNG early entropy source...[0m
[0;32mI (283) cpu_start: Unicore app[0m
[0;32mI (291) cpu_start: Pro cpu start user code[0m
[0;32mI (291) cpu_start: cpu freq: 160000000 Hz[0m
[0;32mI (292) app_init: Application information:[0m
[0;32mI (294) app_init: Project name:     test[0m
[0;32mI (299) app_init: App version:      f43ac25-dirty[0m
[0;32mI (304) app_init: Compile time:     Oct  4 2024 18:28:28[0m
[0;32mI (310) app_init: ELF file SHA256:  85e779f6d...[0m
[0;32mI (316) app_init: ESP-IDF:          v5.3[0m
[0;32mI (320) efuse_init: Min chip rev:     v0.3[0m
[0;32mI (325) efuse_init: Max chip rev:     v1.99 [0m
[0;32mI (330) efuse_init: Chip rev:         v0.3[0m
[0;32mI (335) heap_init: Initializing. RAM available for dynamic allocation:[0m
[0;32mI (342) heap_init: At 3FC9D540 len 00022AC0 (138 KiB): RAM[0m
[0;32mI (348) heap_init: At 3FCC0000 len 0001C710 (113 KiB): Retention RAM[0m
[0;32mI (355) heap_init: At 3FCDC710 len 00002950 (10 KiB): Retention RAM[0m
[0;32mI (362) heap_init: At 50000200 len 00001DE8 (7 KiB): RTCRAM[0m
[0;32mI (369) spi_flash: detected chip: generic[0m
[0;32mI (373) spi_flash: flash io: dio[0m
[0;32mI (377) sleep: Configure to isolate all GPIO pins in sleep state[0m
[0;32mI (384) sleep: Enable automatic switching of GPIO sleep configuration[0m
[0;32mI (391) main_task: Started on CPU0[0m
[0;32mI (411) main_task: Calling app_main()[0m
[5n
Type 'help' to get the list of commands.
Use UP/DOWN arrows to navigate through command history.
Press TAB when typing command name to auto-complete.

Your terminal application does not support escape sequences.

Line editing and history features are disabled.

On Windows, try using Putty instead.
esp32> [0;33mW (921) hil_test: WiFi and Golioth credentials are not set. Use the shell settings commands to set them.[0m

esp32> 
esp32> 
esp32> 
esp32> settings set wifi/ssid "***JONS_ORANGE_PI_WIFI_SSID***"
Setting wifi/ssid saved
esp32> 
esp32> 
esp32> 
esp32> 
esp32> 
esp32> settings set wifi/psk "***JONS_ORANGE_PI_WIFI_PSK***"
Setting wifi/psk saved
es::add-mask::generated-POlfRYLXDzEExyaw
p32> 
esp32> 
esp32> 
esp32> 
esp32> 
esp32> settings set golioth/psk-id "generated-POlfRYLXDzEExyaw@firmware_ci"
Setting golioth/psk-id saved
esp32> 
esp32> 
esp32> 
esp32> 
esp32> 
esp32> settings set golioth/psk "generated-POlfRYLXDzEExyaw"
Setting golioth/psk saved
esp32> 
esp32> [0;32mI (16941) pp: pp rom version: 9387209[0m
[0;32mI (16941) net80211: net80211 rom version: 9387209[0m
[0;32mI (16961) wifi_init: rx ba win: 6[0m
[0;32mI (16961) wifi_init: accept mbox: 6[0m
[0;32mI (16961) wifi_init: tcpip mbox: 32[0m
[0;32mI (16961) wifi_init: udp mbox: 6[0m
[0;32mI (16971) wifi_init: tcp mbox: 6[0m
[0;32mI (16971) wifi_init: tcp tx win: 5760[0m
[0;32mI (16981) wifi_init: tcp rx win: 5760[0m
[0;32mI (16981) wifi_init: tcp mss: 1440[0m
[0;32mI (16981) wifi_init: WiFi IRAM OP enabled[0m
[0;32mI (16991) wifi_init: WiFi RX IRAM OP enabled[0m
[0;32mI (16991) phy_init: phy_version 1180,01f2a49,Jun  4 2024,16:34:25[0m
[0;33mW (17011) phy_init: failed to load RF calibration data (0x1102), falling back to full calibration[0m
[0;33mW (17051) phy_init: saving new calibration data because of checksum failure, mode(2)[0m
[0;32mI (18431) esp_netif_handlers: sta ip: 192.168.8.141, mask: 255.255.255.0, gw: 192.168.8.1[0m
[0;32mI (18431) example_wifi: WiFi Connected. Got IP:192.168.8.141[0m
[0;32mI (18441) example_wifi: Connected to AP SSID: ***JONS_ORANGE_PI_WIFI_SSID***[0m
[0;32mI (18441) golioth_mbox: Mbox created, bufsize: 2520, num_items: 20, item_size: 120[0m
[0;32mI (18461) golioth_coap_client_libcoap: Start CoAP session with host: coaps://coap.golioth.io[0m
[0;32mI (18461) golioth_coap_client_libcoap: Session PSK-ID: generated-POlfRYLXDzEExyaw@firmware_ci[0m
[0;32mI (18471) libcoap: Setting PSK key
[0m
[0;32mI (18481) golioth_coap_client_libcoap: Entering CoAP I/O loop[0m
[0;32mI (19531) golioth_coap_client_libcoap: Golioth CoAP client connected[0m
[0;32mI (19941) test_settings: Received test_restart: false[0m
[0;32mI (19941) test_settings: Received test_bool: false[0m
[0;32mI (19941) test_settings: Received test_cancel: 0[0m
[0;32mI (19951) test_settings: Received test_int_range: 1[0m
[0;32mI (19951) test_settings: Received test_float: 1.230000[0m
[0;32mI (19961) test_settings: Received test_string: foo[0m
[0;32mI (19971) test_settings: Received test_int: 1[0m
[0;32mI (21171) test_settings: Received test_int: 1[0m
[0;32mI (21171) test_settings: Received test_int_range: 1[0m
[0;32mI (21171) test_settings: Received test_string: foo[0m
[0;32mI (21181) test_settings: Received test_restart: false[0m
[0;32mI (21191) test_settings: Received test_bool: false[0m
[0;32mI (21201) test_settings: Received test_cancel: 0[0m
[0;32mI (21201) test_settings: Received test_float: 1.230000[0m
[0;31mE (21211) golioth_settings: Failed to send a response to server: 10[0m
[0;32mI (21791) test_settings: Received test_int: 1[0m
[0;32mI (21791) test_settings: Received test_string: foo[0m
[0;32mI (21791) test_settings: Received test_bool: false[0m
[0;32mI (21801) test_settings: Received test_restart: false[0m
[0;32mI (21801) test_settings: Received test_int_range: 1[0m
[0;32mI (21811) test_settings: Received test_float: 1.230000[0m
[0;32mI (21811) test_settings: Received test_cancel: 0[0m
[0;31mE (21821) golioth_settings: Failed to send a response to server: 10[0m
[0;32mI (22201) test_settings: Received test_bool: false[0m
[0;32mI (22201) test_settings: Received test_int_range: 1[0m
[0;32mI (22201) test_settings: Received test_string: foo[0m
[0;32mI (22211) test_settings: Received test_cancel: 0[0m
[0;32mI (22211) test_settings: Received test_int: 1[0m
[0;32mI (22221) test_settings: Received test_restart: false[0m
[0;32mI (22221) test_settings: Received test_float: 1.230000[0m
[0;31mE (22231) golioth_settings: Failed to send a response to server: 10[0m
[0;32mI (23221) test_settings: Received test_int: 1[0m
[0;32mI (23221) test_settings: Received test_int_range: 1[0m
[0;32mI (23221) test_settings: Received test_bool: false[0m
[0;32mI (23231) test_settings: Received test_restart: false[0m
[0;32mI (23231) test_settings: Received test_float: 1.230000[0m
[0;32mI (23241) test_settings: Received test_string: foo[0m
[0;32mI (23251) test_settings: Received test_cancel: 0[0m
[0;31mE (23261) golioth_settings: Failed to send a response to server: 10[0m
[0;32mI (24041) test_settings: Received test_restart: false[0m
[0;32mI (24041) test_settings: Received test_float: 1.230000[0m
[0;32mI (24041) test_settings: Received test_string: foo[0m
[0;32mI (24051) test_settings: Received test_cancel: 0[0m
[0;32mI (24051) test_settings: Received test_int: 42[0m
[0;