esptool.py v4.9.0
Serial port /dev/serial/by-id/usb-Silicon_Labs_CP2102N_USB_to_UART_Bridge_Controller_ca317d585c76eb11ba0a87abb7be2ba5-if00-port0
Connecting....
Detecting chip type... ESP32-C3
Chip is ESP32-C3 (QFN32) (revision v0.3)
Features: WiFi, BLE, Embedded Flash 4MB (XMC)
Crystal is 40MHz
MAC: 84:f7:03:09:96:10
Uploading stub...
Running stub...
Stub running...
Changing baud rate to 460800
Changed.
Configuring flash size...
Erasing flash (this may take a while)...
Chip erase completed successfully in 22.0 seconds.
Compressed 1011216 bytes to 593274...
Writing at 0x00000000... (2 %)
Writing at 0x00011c1f... (5 %)
Writing at 0x0001e5f0... (8 %)
Writing at 0x0002a5ac... (10 %)
Writing at 0x00033ba5... (13 %)
Writing at 0x0003b6a6... (16 %)
Writing at 0x000417f6... (18 %)
Writing at 0x00047a1c... (21 %)
Writing at 0x0004dfdb... (24 %)
Writing at 0x000540b3... (27 %)
Writing at 0x00059a86... (29 %)
Writing at 0x0005f64b... (32 %)
Writing at 0x00065eb5... (35 %)
Writing at 0x0006ba42... (37 %)
Writing at 0x00071b5f... (40 %)
Writing at 0x00077951... (43 %)
Writing at 0x0007da80... (45 %)
Writing at 0x000835d9... (48 %)
Writing at 0x00088c95... (51 %)
Writing at 0x0008e765... (54 %)
Writing at 0x0009487c... (56 %)
Writing at 0x0009a572... (59 %)
Writing at 0x0009fdc6... (62 %)
Writing at 0x000a5d33... (64 %)
Writing at 0x000ac493... (67 %)
Writing at 0x000b2643... (70 %)
Writing at 0x000b872a... (72 %)
Writing at 0x000be96e... (75 %)
Writing at 0x000c42f8... (78 %)
Writing at 0x000c9a14... (81 %)
Writing at 0x000cf7b8... (83 %)
Writing at 0x000d5556... (86 %)
Writing at 0x000dc58a... (89 %)
Writing at 0x000e3059... (91 %)
Writing at 0x000e96bc... (94 %)
Writing at 0x000ef8de... (97 %)
Writing at 0x000f571a... (100 %)
Wrote 1011216 bytes (593274 compressed) at 0x00000000 in 20.0 seconds (effective 405.2 kbit/s)...
Hash of data verified.

Leaving...
Hard resetting via RTS pin...
Build:Feb  7 2021
rst:0x1 (POWERON),boot:0xc (SPI_FAST_FLASH_BOOT)
SPIWP:0xee
mode:DIO, clock div:1
load:0x3fcd5820,len:0x1574
load:0x403cc710,len:0xc30
load:0x403ce710,len:0x2ff0
entry 0x403cc71a
I (30) boot: ESP-IDF v5.4.1 2nd stage bootloader
I (30) boot: compile time Oct 14 2025 20:57:02
I (30) boot: chip revision: v0.3
I (30) boot: efuse block revision: v1.1
I (34) boot.esp32c3: SPI Speed      : 80MHz
I (38) boot.esp32c3: SPI Mode       : DIO
I (41) boot.esp32c3: SPI Flash Size : 4MB
I (45) boot: Enabling RNG early entropy source...
I (50) boot: Partition Table:
I (52) boot: ## Label            Usage          Type ST Offset   Length
I (59) boot:  0 nvs              WiFi data        01 02 00009000 00006000
I (65) boot:  1 phy_init         RF data          01 01 0000f000 00001000
I (72) boot:  2 factory          factory app      00 00 00010000 00100000
I (78) boot: End of partition table
I (81) esp_image: segment 0: paddr=00010020 vaddr=3c0b0020 size=24b88h (150408) map
I (113) esp_image: segment 1: paddr=00034bb0 vaddr=3fc93400 size=03048h ( 12360) load
I (115) esp_image: segment 2: paddr=00037c00 vaddr=40380000 size=08418h ( 33816) load
I (123) esp_image: segment 3: paddr=00040020 vaddr=42000020 size=abe3ch (704060) map
I (236) esp_image: segment 4: paddr=000ebe64 vaddr=40388418 size=0af58h ( 44888) load
I (245) esp_image: segment 5: paddr=000f6dc4 vaddr=50000200 size=0001ch (    28) load
I (251) boot: Loaded app from partition at offset 0x10000
I (251) boot: Disabling RNG early entropy source...
I (263) cpu_start: Unicore app
I (271) cpu_start: Pro cpu start user code
I (271) cpu_start: cpu freq: 160000000 Hz
I (271) app_init: Application information:
I (271) app_init: Project name:     test
I (275) app_init: App version:      2379206-dirty
I (279) app_init: Compile time:     Oct 14 2025 20:56:56
I (284) app_init: ELF file SHA256:  6e6b3b557...
I (288) app_init: ESP-IDF:          v5.4.1
I (292) efuse_init: Min chip rev:     v0.3
I (296) efuse_init: Max chip rev:     v1.99 
I (300) efuse_init: Chip rev:         v0.3
I (304) heap_init: Initializing. RAM available for dynamic allocation:
I (310) heap_init: At 3FC9DE10 len 000221F0 (136 KiB): RAM
I (315) heap_init: At 3FCC0000 len 0001C710 (113 KiB): Retention RAM
I (321) heap_init: At 3FCDC710 len 00002950 (10 KiB): Retention RAM
I (327) heap_init: At 5000021C len 00001DCC (7 KiB): RTCRAM
I (334) spi_flash: detected chip: generic
I (336) spi_flash: flash io: dio
I (340) sleep_gpio: Configure to isolate all GPIO pins in sleep state
I (346) sleep_gpio: Enable automatic switching of GPIO sleep configuration
I (353) main_task: Started on CPU0
I (383) main_task: Calling app_main()
[5n
Type 'help' to get the list of commands.
Use UP/DOWN arrows to navigate through command history.
Press TAB when typing command name to auto-complete.

Your terminal application does not support escape sequences.

Line editing and history features are disabled.

On Windows, try using Putty instead.
esp32> W (883) hil_test: WiFi and Golioth credentials are not set. Use the shell settings commands to set them.

esp32> 
esp32> 
esp32> 
esp32> settings set wifi/ssid "***JONS_ORANGE_PI_WIFI_SSID***"
Setting wifi/ssid saved
esp32> 
esp32> 
esp32> 
esp32> 
esp32> 
esp32> settings set wifi/psk "***JONS_ORANGE_PI_WIFI_PSK***"
Setting wifi/psk saved
es::add-mask::generated-WCRIPNmYfqcmbQBh
p32> 
esp32> 
esp32> 
esp32> 
esp32> 
esp32> settings set golioth/psk-id "generated-WCRIPNmYfqcmbQBh@firmware_ci"
Setting golioth/psk-id saved
esp32> 
esp32> 
esp32> 
esp32> 
esp32> 
esp32> settings set golioth/psk "generated-WCRIPNmYfqcmbQBh"
Setting golioth/psk saved
esp32> 
esp32> I (8903) pp: pp rom version: 9387209
I (8903) net80211: net80211 rom version: 9387209
I (8923) wifi_init: rx ba win: 6
I (8923) wifi_init: accept mbox: 6
I (8923) wifi_init: tcpip mbox: 32
I (8923) wifi_init: udp mbox: 6
I (8923) wifi_init: tcp mbox: 6
I (8933) wifi_init: tcp tx win: 5760
I (8933) wifi_init: tcp rx win: 5760
I (8933) wifi_init: tcp mss: 1440
I (8943) wifi_init: WiFi IRAM OP enabled
I (8943) wifi_init: WiFi RX IRAM OP enabled
I (8943) phy_init: phy_version 1200,2b7123f9,Feb 18 2025,15:22:21
W (8953) phy_init: failed to load RF calibration data (0x1102), falling back to full calibration
I (8983) phy_init: Saving new calibration data due to checksum failure or outdated calibration data, mode(2)
I (13733) esp_netif_handlers: sta ip: 192.168.8.141, mask: 255.255.255.0, gw: 192.168.8.1
I (13733) example_wifi: WiFi Connected. Got IP:192.168.8.141
I (13743) example_wifi: Connected to AP SSID: ***JONS_ORANGE_PI_WIFI_SSID***
I (13743) golioth_mbox: Mbox created, bufsize: 2688, num_items: 20, item_size: 128
I (13763) golioth_coap_client_libcoap: Start CoAP session with host: coaps://coap.golioth.io
I (13763) golioth_coap_client_libcoap: Session PSK-ID: generated-WCRIPNmYfqcmbQBh@firmware_ci
I (13773) libcoap: Setting PSK key

I (13783) golioth_coap_client_libcoap: Entering CoAP I/O loop
I (14273) golioth_coap_client_libcoap: Golioth CoAP client connected
I (14273) test_connect: Golioth client connected
I (15273) test_connect: Stopping client
I (15273) golioth_coap_client_libcoap: Attempting to stop client
I (15503) golioth_coap_client_libcoap: Stopping
I (15503) golioth_coap_client_libcoap: Ending session
I (15503) test_connect: Golioth client disconnected
I (26573) test_connect: Starting client
I (26573) golioth_coap_client_libcoap: Start CoAP session with host: coaps://coap.golioth.io
I (26573) golioth_coap_client_libcoap: Session PSK-ID: generated-WCRIPNmYfqcmbQBh@firmware_ci
I (26583) libcoap: Setting PSK key

I (26583) golioth_coap_client_libcoap: Entering CoAP I/O loop
I (27383) golioth_coap_client_libcoap: Golioth CoAP client connected
I (27383) test_connect: Golioth client connected
I (28383) test_connect: Destroying client
I (28383) golioth_coap_client_libcoap: Attempting to stop client
I (28613) golioth_coap_client_libcoap: Stopping
I (28613) golioth_coap_client_libcoap: Ending session
I (28613) test_connect: Golioth client disconnected
I (39683) test_connect: Starting client
I (39683) golioth_mbox: Mbox created, bufsize: 2688, num_items: 20, item_size: 128
I (39683) golioth_coap_client_libcoap: Start CoAP session with host: coaps://coap.golioth.io
I (39693) golioth_coap_client_libcoap: Session PSK-ID: generated-WCRIPNmYfqcmbQBh@firmware_ci
I (39703) libcoap: Setting PSK key

I (39703) golioth_coap_client_libcoap: Entering CoAP I/O loop
I (40693) golioth_coap_client_libcoap: Golioth CoAP client connected
