[0;32mI (59250) test_rpc: Received cancel_all RPC[0m
[0;32mI (60320) test_rpc: Cancelling observations[0m
Guru Meditation Error: Core  0 panic'ed (Load access fault). Exception was unhandled.

Core  0 register dump:
MEPC    : 0x4005885c  RA      : 0x4200ed34  SP      : 0x3fca03d0  GP      : 0x3fc93000  
TP      : 0x3fca05c0  T0      : 0x4200f450  T1      : 0x0000000f  T2      : 0xffffffff  
S0/FP   : 0x00000000  S1      : 0xffffffff  A0      : 0x3fcb8fc8  A1      : 0x00000000  
A2      : 0x3fcb8fb8  A3      : 0x3fcb8fd8  A4      : 0x3fcb8fd8  A5      : 0x3fcb8fc8  
A6      : 0x00000000  A7      : 0xffffffff  S2      : 0x3fca0418  S3      : 0x00000000  
S4      : 0x3fcafe94  S5      : 0x3c0b6000  S6      : 0x3c0b6000  S7      : 0x3c0b6000  
S8      : 0x3c0b6000  S9      : 0x3fc9d000  S10     : 0x3c0b6000  S11     : 0x3c0b6000  
T3      : 0x00000000  T4      : 0x00000000  T5      : 0x00000000  T6      : 0x00000000  
MSTATUS : 0x00001881  MTVEC   : 0x40380001  MCAUSE  : 0x00000005  MTVAL   : 0x00000000  
MHARTID : 0x00000000  

Stack memory:
3fca03d0: 0x3fcafe94 0x00000000 0x3fcb9314 0x00000000 0x00000000 0x00000000 0x00000001 0x3fcaff0c
3fca03f0: 0x3c0b80bc 0x3fcafe94 0x3fcafee4 0x4200f510 0x83060c18 0x3fcb934d 0x3c0b6044 0x00000007
3fca0410: 0x3fcb9714 0x3fca0600 0x00000000 0x3c0b80bc 0x00000000 0x00000000 0x00000000 0x00000000
3fca0430: 0x00000000 0x00000000 0x00000000 0x00000000 0x00000000 0x00000000 0x8a14295a 0x83060c18
3fca0450: 0x00000007 0x00000001 0x00000000 0x00000000 0x00000000 0x00000000 0x00000000 0x00000000
3fca0470: 0x00000000 0x00000000 0xffffffff 0xffffffff 0x00000000 0x00000000 0x4200ec1a 0x3fcb8fc8
3fca0490: 0x3c0b5ce8 0x3fcaf54c 0x3fc9d000 0x3fcb030c 0x3c0b80bc 0x3fcafe94 0x3fcaff0c 0x42011160
3fca04b0: 0x3fc9d000 0x3c0b6000 0x3c0b6000 0x3c0b80bc 0x3c0b6000 0x3c0b6000 0x3fc9d000 0x3fc9d000
3fca04d0: 0x0000ea1a 0x00000000 0x3fcb9268 0x42011cce 0x0000ea1a 0x00000000 0x3c0b6000 0x4200b406
3fca04f0: 0x00000080 0x00000019 0x3fcaf840 0x3fcafe94 0x3fca3e7c 0x00000000 0x00000000 0x00000000
3fca0510: 0x00000000 0x00000000 0x00000000 0x00000000 0x00000000 0x00000000 0x00000000 0x00000000
3fca0530: 0x00000000 0x3fc9649c 0x3fc9641c 0x42009b8c 0x3fca18b8 0x3fca0584 0x00000001 0x00000000
3fca0550: 0x3fc9649c 0x00000026 0x3fc9641c 0x0000001a 0x00000000 0x00000000 0x00000000 0x00000000
3fca0570: 0x3c0b3688 0x00000000 0x3c0b3000 0x420a9e34 0x00000000 0x00001388 0x00000001 0x00000000
3fca0590: 0x00000000 0x00000000 0x00000000 0x00000000 0x00000000 0x00000000 0x00000000 0x00000000
3fca05b0: 0x00000000 0xa5a5a5a5 0xa5a5a5a5 0xa5a5a5a5 0xa5a5a5a5 0xa5a5a5a5 0x00000158 0x3fca01d0
3fca05d0: 0x00001769 0x3fc95978 0x3fc95978 0x3fca05cc 0x3fc95970 0x00000018 0x3fcafa90 0x3fcafa90
3fca05f0: 0x3fca05cc 0x00000000 0x00000001 0x3fc9f5c8 0x6e69616d 0x00000000 0x00000000 0x00000000
3fca0610: 0x3fca05c0 0x00000002 0x00000000 0x00000001 0x00000000 0x3fca7048 0x420048da 0x0000000b
3fca0630: 0x3fc9de54 0x3fc9debc 0x3fc9df24 0x00000000 0x00000000 0x00000001 0x00000000 0x00000000
3fca0650: 0x00000000 0x42004078 0x00000000 0x00000000 0x00000000 0x00000000 0x00000000 0x00000000
3fca0670: 0x00000000 0x00000000 0x00000000 0x00000000 0x00000000 0x00000000 0x00000000 0x00000000
3fca0690: 0x00000000 0x00000000 0x00000000 0x00000000 0x00000000 0x00000000 0x00000000 0x00000000
3fca06b0: 0x00000000 0x00000000 0x00000000 0x00000000 0x00000000 0x00000000 0x00000000 0x00000000
3fca06d0: 0x00000000 0x00000000 0x00000000 0x00000000 0x00000000 0x00000000 0x00000000 0x00000000
3fca06f0: 0x00000000 0x00000000 0x00000000 0x00000000 0x00000000 0x00000000 0x00000000 0x00000000
3fca0710: 0x00000000 0x00000000 0x00000000 0x00000000 0x00000000 0x00000600 0xa5a5a5a5 0xa5a5a5a5
3fca0730: 0xa5a5a5a5 0xa5a5a5a5 0xa5a5a5a5 0xa5a5a5a5 0xa5a5a5a5 0xa5a5a5a5 0xa5a5a5a5 0xa5a5a5a5
3fca0750: 0xa5a5a5a5 0xa5a5a5a5 0xa5a5a5a5 0xa5a5a5a5 0xa5a5a5a5 0xa5a5a5a5 0xa5a5a5a5 0xa5a5a5a5
3fca0770: 0xa5a5a5a5 0xa5a5a5a5 0xa5a5a5a5 0xa5a5a5a5 0xa5a5a5a5 0xa5a5a5a5 0xa5a5a5a5 0xa5a5a5a5
3fca0790: 0xa5a5a5a5 0xa5a5a5a5 0xa5a5a5a5 0xa5a5a5a5 0xa5a5a5a5 0xa5a5a5a5 0xa5a5a5a5 0xa5a5a5a5
3fca07b0: 0xa5a5a5a5 0xa5a5a5a5 0xa5a5a5a5 0xa5a5a5a5 0xa5a5a5a5 0xa5a5a5a5 0xa5a5a5a5 0xa5a5a5a5



ELF file SHA256: 209985aaf

Rebooting...
ESP-ROM:esp32c3-api1-20210207
Build:Feb  7 2021
rst:0xc (RTC_SW_CPU_RST),boot:0xc (SPI_FAST_FLASH_BOOT)
Saved PC:0x40380794
SPIWP:0xee
mode:DIO, clock div:1
load:0x3fcd5820,len:0x1738
load:0x403cc710,len:0xb9c
load:0x403ce710,len:0x2ec8
entry 0x403cc71a
[0;32mI (35) boot: ESP-IDF v5.3 2nd stage bootloader[0m
[0;32mI (35) boot: compile time Jan  7 2025 03:39:54[0m
[0;32mI (35) boot: chip revision: v0.3[0m
[0;32mI (38) boot.esp32c3: SPI Speed      : 80MHz[0m
[0;32mI (43) boot.esp32c3: SPI Mode       : DIO[0m
[0;32mI (47) boot.esp32c3: SPI Flash Size : 4MB[0m
[0;32mI (52) boot: Enabling RNG early entropy source...[0m
[0;32mI (58) boot: Partition Table:[0m
[0;32mI (61) boot: ## Label            Usage          Type ST Offset   Length[0m
[0;32mI (68) boot:  0 nvs              WiFi data        01 02 00009000 00006000[0m
[0;32mI (76) boot:  1 phy_init         RF data          01 01 0000f000 00001000[0m
[0;32mI (83) boot:  2 factory          factory app      00 00 00010000 00100000[0m
[0;32mI (91) boot: End of partition table[0m
[0;32mI (95) esp_image: segment 0: paddr=00010020 vaddr=3c0b0020 size=2c72ch (182060) map[0m
[0;32mI (132) esp_image: segment 1: paddr=0003c754 vaddr=3fc92800 size=02fb8h ( 12216) load[0m
[0;32mI (134) esp_image: segment 2: paddr=0003f714 vaddr=40380000 size=00904h (  2308) load[0m
[0;32mI (138) esp_image: segment 3: paddr=00040020 vaddr=42000020 size=aac74h (699508) map[0m
[0;32mI (255) esp_image: segment 4: paddr=000eac9c vaddr=40380904 size=11e3ch ( 73276) load[0m
[0;32mI (275) boot: Loaded app from partition at offset 0x10000[0m
[0;32mI (275) boot: Disabling RNG early entropy source...[0m
[0;32mI (287) cpu_start: Unicore app[0m
[0;32mI (296) cpu_start: Pro cpu start user code[0m
[0;32mI (296) cpu_start: cpu freq: 160000000 Hz[0m
[0;32mI (296) app_init: Application information:[0m
[0;32mI (299) app_init: Project name:     test[0m
[0;32mI (303) app_init: App version:      5c940e2-dirty[0m
[0;32mI (309) app_init: Compile time:     Jan  7 2025 03:39:59[0m
[0;32mI (315) app_init: ELF file SHA256:  209985aaf...[0m
[0;32mI (320) app_init: ESP-IDF:          v5.3[0m
[0;32mI (325) efuse_init: Min chip rev:     v0.3[0m
[0;32mI (329) efuse_init: Max chip rev:     v1.99 [0m
[0;32mI (334) efuse_init: Chip rev:         v0.3[0m
[0;32mI (339) heap_init: Initializing. RAM available for dynamic allocation:[0m
[0;32mI (346) heap_init: At 3FC9D650 len 000229B0 (138 KiB): RAM[0m
[0;32mI (352) heap_init: At 3FCC0000 len 0001C710 (113 KiB): Retention RAM[0m
[0;32mI (359) heap_init: At 3FCDC710 len 00002950 (10 KiB): Retention RAM[0m
[0;32mI (366) heap_init: At 50000200 len 00001DE8 (7 KiB): RTCRAM[0m
[0;32mI (373) spi_flash: detected chip: generic[0m
[0;32mI (377) spi_flash: flash io: dio[0m
[0;32mI (382) sleep: Configure to isolate all GPIO pins in sleep state[0m
[0;32mI (388) sleep: Enable automatic switching of GPIO sleep configuration[0m
[0;32mI (395) main_task: Started on CPU0[0m
[0;32mI (415) main_task: Calling app_main()[0m
[5n
Type 'help' to get the list of commands.
Use UP/DOWN arrows to navigate through command history.
Press TAB when typing command name to auto-complete.

Your terminal application does not support escape sequences.

Line editing and history features are disabled.

On Windows, try using Putty instead.
esp32> [0;32mI (925) pp: pp rom version: 9387209[0m
[0;32mI (945) net80211: net80211 rom version: 9387209[0m
[0;32mI (965) wifi_init: rx ba win: 6[0m
[0;32mI (965) wifi_init: accept mbox: 6[0m
[0;32mI (965) wifi_init: tcpip mbox: 32[0m
[0;32mI (965) wifi_init: udp mbox: 6[0m
[0;32mI (975) wifi_init: tcp mbox: 6[0m
[0;32mI (975) wifi_init: tcp tx win: 5760[0m
[0;32mI (975) wifi_init: tcp rx win: 5760[0m
[0;32mI (985) wifi_init: tcp mss: 1440[0m
[0;32mI (985) wifi_init: WiFi IRAM OP enabled[0m
[0;32mI (995) wifi_init: WiFi RX IRAM OP enabled[0m
[0;32mI (995) phy_init: phy_version 1180,01f2a49,Jun  4 2024,16:34:25[0m
[0;32mI (2415) esp_netif_handlers: sta ip: 192.168.8.141, mask: 255.255.255.0, gw: 192.168.8.1[0m
[0;32mI (2415) example_wifi: WiFi Connected. Got IP:192.168.8.141[0m
[0;32mI (2425) example_wifi: Connected to AP SSID: ***JONS_ORANGE_PI_WIFI_SSID***[0m
[0;32mI (2425) golioth_mbox: Mbox created, bufsize: 2520, num_items: 20, item_size: 120[0m
[0;32mI (2445) golioth_coap_client_libcoap: Start CoAP session with host: coaps://coap.golioth.io[0m
[0;32mI (2445) golioth_coap_client_libcoap: Session PSK-ID: generated-qrWmSxnTbeBmteis@firmware_ci[0m
[0;32mI (2455) libcoap: Setting PSK key
[0m
[0;32mI (2465) golioth_coap_client_libcoap: Entering CoAP I/O loop[0m
[0;32mI (3045) golioth_coap_client_libcoap: Golioth CoAP client connected[0m
[0;32mI (3865) golioth_rpc: RPC observation established[0m
[0;32mI (3865) golioth_rpc: RPC observation established[0m
