[0;32mI (59726) test_rpc: Received cancel_all RPC[0m
[0;32mI (60766) test_rpc: Cancelling observations[0m
Guru Meditation Error: Core  0 panic'ed (LoadProhibited). Exception was unhandled.

Core  0 register dump:
PC      : 0x40056f5c  PS      : 0x00060a30  A0      : 0x8200fb78  A1      : 0x3fca8660  
A2      : 0x3fcbb678  A3      : 0x00000000  A4      : 0x00000010  A5      : 0x3fcbb678  
A6      : 0x3c0c6c60  A7      : 0x00000001  A8      : 0x00000000  A9      : 0x3fca8630  
A10     : 0x3fcbb678  A11     : 0x3fcb1480  A12     : 0xffffffff  A13     : 0x00000000  
A14     : 0x3fcaf550  A15     : 0x00000010  SAR     : 0x00000019  EXCCAUSE: 0x0000001c  
EXCVADDR: 0x00000000  LBEG    : 0x40056f5c  LEND    : 0x40056f72  LCOUNT  : 0x00000000  


Backtrace: 0x40056f59:0x3fca8660 0x4200fb75:0x3fca8670 0x420101ae:0x3fca86a0 0x420117d1:0x3fca8750 0x420101c5:0x3fca8770 0x4201202c:0x3fca8790 0x4200cef0:0x3fca87b0 0x4200bd69:0x3fca87d0 0x4209bc43:0x3fca8820




ELF file SHA256: cc8915c54

Rebooting...
ESP-ROM:esp32s3-20210327
Build:Mar 27 2021
rst:0xc (RTC_SW_CPU_RST),boot:0x8 (SPI_FAST_FLASH_BOOT)
Saved PC:0x40375a1d
SPIWP:0xee
mode:DIO, clock div:1
load:0x3fce2810,len:0x178c
load:0x403c8700,len:0x4
load:0x403c8704,len:0xcb8
load:0x403cb700,len:0x2df4
entry 0x403c8914
[0;32mI (31) boot: ESP-IDF v5.3 2nd stage bootloader[0m
[0;32mI (31) boot: compile time Jan  7 2025 03:40:01[0m
[0;32mI (31) boot: Multicore bootloader[0m
[0;32mI (34) boot: chip revision: v0.2[0m
[0;32mI (38) boot.esp32s3: Boot SPI Speed : 80MHz[0m
[0;32mI (43) boot.esp32s3: SPI Mode       : DIO[0m
[0;32mI (47) boot.esp32s3: SPI Flash Size : 4MB[0m
[0;32mI (52) boot: Enabling RNG early entropy source...[0m
[0;32mI (58) boot: Partition Table:[0m
[0;32mI (61) boot: ## Label            Usage          Type ST Offset   Length[0m
[0;32mI (68) boot:  0 nvs              WiFi data        01 02 00009000 00006000[0m
[0;32mI (76) boot:  1 phy_init         RF data          01 01 0000f000 00001000[0m
[0;32mI (83) boot:  2 factory          factory app      00 00 00010000 00100000[0m
[0;32mI (91) boot: End of partition table[0m
[0;32mI (95) esp_image: segment 0: paddr=00010020 vaddr=3c0a0020 size=2bdc8h (179656) map[0m
[0;32mI (136) esp_image: segment 1: paddr=0003bdf0 vaddr=3fc98800 size=04228h ( 16936) load[0m
[0;32mI (140) esp_image: segment 2: paddr=00040020 vaddr=42000020 size=9c950h (641360) map[0m
[0;32mI (256) esp_image: segment 3: paddr=000dc978 vaddr=3fc9ca28 size=00840h (  2112) load[0m
[0;32mI (257) esp_image: segment 4: paddr=000dd1c0 vaddr=40374000 size=14760h ( 83808) load[0m
[0;32mI (289) boot: Loaded app from partition at offset 0x10000[0m
[0;32mI (289) boot: Disabling RNG early entropy source...[0m
[0;32mI (301) cpu_start: Multicore app[0m
[0;32mI (310) cpu_start: Pro cpu start user code[0m
[0;32mI (310) cpu_start: cpu freq: 160000000 Hz[0m
[0;32mI (310) app_init: Application information:[0m
[0;32mI (313) app_init: Project name:     test[0m
[0;32mI (317) app_init: App version:      5c940e2-dirty[0m
[0;32mI (323) app_init: Compile time:     Jan  7 2025 03:39:56[0m
[0;32mI (329) app_init: ELF file SHA256:  cc8915c54...[0m
[0;32mI (334) app_init: ESP-IDF:          v5.3[0m
[0;32mI (339) efuse_init: Min chip rev:     v0.0[0m
[0;32mI (344) efuse_init: Max chip rev:     v0.99 [0m
[0;32mI (348) efuse_init: Chip rev:         v0.2[0m
[0;32mI (353) heap_init: Initializing. RAM available for dynamic allocation:[0m
[0;32mI (361) heap_init: At 3FCA4A98 len 00044C78 (275 KiB): RAM[0m
[0;32mI (367) heap_init: At 3FCE9710 len 00005724 (21 KiB): RAM[0m
[0;32mI (373) heap_init: At 3FCF0000 len 00008000 (32 KiB): DRAM[0m
[0;32mI (379) heap_init: At 600FE100 len 00001EE8 (7 KiB): RTCRAM[0m
[0;32mI (386) spi_flash: detected chip: gd[0m
[0;32mI (389) spi_flash: flash io: dio[0m
[0;33mW (393) spi_flash: Detected size(8192k) larger than the size in the binary image header(4096k). Using the size in the binary image header.[0m
[0;32mI (407) sleep: Configure to isolate all GPIO pins in sleep state[0m
[0;32mI (413) sleep: Enable automatic switching of GPIO sleep configuration[0m
[0;32mI (421) main_task: Started on CPU0[0m
[0;32mI (441) main_task: Calling app_main()[0m
[5n
Type 'help' to get the list of commands.
Use UP/DOWN arrows to navigate through command history.
Press TAB when typing command name to auto-complete.

Your terminal application does not support escape sequences.

Line editing and history features are disabled.

On Windows, try using Putty instead.
esp32> [0;32mI (951) pp: pp rom version: e7ae62f[0m
[0;32mI (971) net80211: net80211 rom version: e7ae62f[0m
[0;32mI (991) wifi_init: rx ba win: 6[0m
[0;32mI (991) wifi_init: accept mbox: 6[0m
[0;32mI (991) wifi_init: tcpip mbox: 32[0m
[0;32mI (991) wifi_init: udp mbox: 6[0m
[0;32mI (1001) wifi_init: tcp mbox: 6[0m
[0;32mI (1001) wifi_init: tcp tx win: 5760[0m
[0;32mI (1001) wifi_init: tcp rx win: 5760[0m
[0;32mI (1011) wifi_init: tcp mss: 1440[0m
[0;32mI (1021) wifi_init: WiFi IRAM OP enabled[0m
[0;32mI (1021) wifi_init: WiFi RX IRAM OP enabled[0m
[0;32mI (1031) phy_init: phy_version 680,a6008b2,Jun  4 2024,16:41:10[0m
[0;32mI (2651) esp_netif_handlers: sta ip: 192.168.8.168, mask: 255.255.255.0, gw: 192.168.8.1[0m
[0;32mI (2651) example_wifi: WiFi Connected. Got IP:192.168.8.168[0m
[0;32mI (2661) example_wifi: Connected to AP SSID: ***JONS_ORANGE_PI_WIFI_SSID***[0m
[0;32mI (2661) golioth_mbox: Mbox created, bufsize: 2520, num_items: 20, item_size: 120[0m
[0;32mI (2681) golioth_coap_client_libcoap: Start CoAP session with host: coaps://coap.golioth.io[0m
[0;32mI (2681) golioth_coap_client_libcoap: Session PSK-ID: generated-gCqTeURsTcIotQCV@firmware_ci[0m
[0;32mI (2701) libcoap: Setting PSK key
[0m
[0;32mI (2711) golioth_coap_client_libcoap: Entering CoAP I/O loop[0m
[0;32mI (3771) golioth_coap_client_libcoap: Golioth CoAP client connected[0m
[0;32mI (4581) golioth_rpc: RPC observation established[0m
[0;32mI (4591) golioth_rpc: RPC observation established[0m
