esptool.py v4.8.1
Serial port /dev/serial/by-id/usb-Silicon_Labs_CP2102N_USB_to_UART_Bridge_Controller_ca317d585c76eb11ba0a87abb7be2ba5-if00-port0
Connecting....
Detecting chip type... ESP32-C3
Chip is ESP32-C3 (QFN32) (revision v0.3)
Features: WiFi, BLE, Embedded Flash 4MB (XMC)
Crystal is 40MHz
MAC: 84:f7:03:09:96:10
Uploading stub...
Running stub...
Stub running...
Changing baud rate to 460800
Changed.
Configuring flash size...
Erasing flash (this may take a while)...
Chip erase completed successfully in 20.1s
Compressed 1033920 bytes to 608184...
Writing at 0x00000000... (2 %)
Writing at 0x00012144... (5 %)
Writing at 0x0001f150... (7 %)
Writing at 0x0002b73b... (10 %)
Writing at 0x00031b43... (13 %)
Writing at 0x00036df4... (15 %)
Writing at 0x00040c3c... (18 %)
Writing at 0x00046b62... (21 %)
Writing at 0x0004d1d2... (23 %)
Writing at 0x0005309c... (26 %)
Writing at 0x00058c72... (28 %)
Writing at 0x0005eacf... (31 %)
Writing at 0x00065572... (34 %)
Writing at 0x0006b209... (36 %)
Writing at 0x00071395... (39 %)
Writing at 0x00077473... (42 %)
Writing at 0x0007d200... (44 %)
Writing at 0x00082d0c... (47 %)
Writing at 0x0008839b... (50 %)
Writing at 0x0008e5eb... (52 %)
Writing at 0x000945b8... (55 %)
Writing at 0x0009a11a... (57 %)
Writing at 0x0009f94c... (60 %)
Writing at 0x000a5816... (63 %)
Writing at 0x000ac0f1... (65 %)
Writing at 0x000b2099... (68 %)
Writing at 0x000b7f42... (71 %)
Writing at 0x000be33c... (73 %)
Writing at 0x000c3bd3... (76 %)
Writing at 0x000c94f3... (78 %)
Writing at 0x000cf41c... (81 %)
Writing at 0x000d5588... (84 %)
Writing at 0x000dbd10... (86 %)
Writing at 0x000e31f5... (89 %)
Writing at 0x000e975a... (92 %)
Writing at 0x000ef493... (94 %)
Writing at 0x000f59fa... (97 %)
Writing at 0x000fb909... (100 %)
Wrote 1033920 bytes (608184 compressed) at 0x00000000 in 19.6 seconds (effective 421.0 kbit/s)...
Hash of data verified.

Leaving...
Hard resetting via RTS pin...
Build:Feb  7 2021
rst:0x1 (POWERON),boot:0xc (SPI_FAST_FLASH_BOOT)
SPIWP:0xee
mode:DIO, clock div:1
load:0x3fcd5820,len:0x1738
load:0x403cc710,len:0xb9c
load:0x403ce710,len:0x2e4c
entry 0x403cc71a
[0;32mI (30) boot: ESP-IDF v5.3 2nd stage bootloader[0m
[0;32mI (30) boot: compile time Jan  7 2025 03:48:34[0m
[0;32mI (30) boot: chip revision: v0.3[0m
[0;32mI (33) boot.esp32c3: SPI Speed      : 80MHz[0m
[0;32mI (38) boot.esp32c3: SPI Mode       : DIO[0m
[0;32mI (43) boot.esp32c3: SPI Flash Size : 2MB[0m
[0;32mI (47) boot: Enabling RNG early entropy source...[0m
[0;32mI (53) boot: Partition Table:[0m
[0;32mI (56) boot: ## Label            Usage          Type ST Offset   Length[0m
[0;32mI (64) boot:  0 nvs              WiFi data        01 02 00009000 00006000[0m
[0;32mI (71) boot:  1 phy_init         RF data          01 01 0000f000 00001000[0m
[0;32mI (78) boot:  2 factory          factory app      00 00 00010000 00100000[0m
[0;32mI (86) boot: End of partition table[0m
[0;32mI (90) esp_image: segment 0: paddr=00010020 vaddr=3c0b0020 size=2c8ach (182444) map[0m
[0;32mI (127) esp_image: segment 1: paddr=0003c8d4 vaddr=3fc92800 size=02fc8h ( 12232) load[0m
[0;32mI (130) esp_image: segment 2: paddr=0003f8a4 vaddr=40380000 size=00774h (  1908) load[0m
[0;32mI (133) esp_image: segment 3: paddr=00040020 vaddr=42000020 size=aa6a4h (698020) map[0m
[0;32mI (250) esp_image: segment 4: paddr=000ea6cc vaddr=40380774 size=11fcch ( 73676) load[0m
[0;32mI (270) boot: Loaded app from partition at offset 0x10000[0m
[0;32mI (270) boot: Disabling RNG early entropy source...[0m
[0;32mI (282) cpu_start: Unicore app[0m
[0;32mI (291) cpu_start: Pro cpu start user code[0m
[0;32mI (291) cpu_start: cpu freq: 160000000 Hz[0m
[0;32mI (291) app_init: Application information:[0m
[0;32mI (294) app_init: Project name:     hello[0m
[0;32mI (298) app_init: App version:      5c940e2-dirty[0m
[0;32mI (304) app_init: Compile time:     Jan  7 2025 03:48:28[0m
[0;32mI (310) app_init: ELF file SHA256:  5d443a06f...[0m
[0;32mI (315) app_init: ESP-IDF:          v5.3[0m
[0;32mI (320) efuse_init: Min chip rev:     v0.3[0m
[0;32mI (324) efuse_init: Max chip rev:     v1.99 [0m
[0;32mI (329) efuse_init: Chip rev:         v0.3[0m
[0;32mI (334) heap_init: Initializing. RAM available for dynamic allocation:[0m
[0;32mI (341) heap_init: At 3FC9D5F0 len 00022A10 (138 KiB): RAM[0m
[0;32mI (347) heap_init: At 3FCC0000 len 0001C710 (113 KiB): Retention RAM[0m
[0;32mI (354) heap_init: At 3FCDC710 len 00002950 (10 KiB): Retention RAM[0m
[0;32mI (361) heap_init: At 50000200 len 00001DE8 (7 KiB): RTCRAM[0m
[0;32mI (369) spi_flash: detected chip: generic[0m
[0;32mI (372) spi_flash: flash io: dio[0m
[0;33mW (376) spi_flash: Detected size(4096k) larger than the size in the binary image header(2048k). Using the size in the binary image header.[0m
[0;32mI (390) sleep: Configure to isolate all GPIO pins in sleep state[0m
[0;32mI (396) sleep: Enable automatic switching of GPIO sleep configuration[0m
[0;32mI (403) main_task: Started on CPU0[0m
[0;32mI (413) main_task: Calling app_main()[0m
[5n
Type 'help' to get the list of commands.
Use UP/DOWN arrows to navigate through command history.
Press TAB when typing command name to auto-complete.

Your terminal application does not support escape sequences.

Line editing and history features are disabled.

On Windows, try using Putty instead.
esp32> [0;33mW (923) hello: WiFi credentials are not set. Use the shell settings commands to set them.[0m

esp32> 
esp32> 
esp32> 
esp32> settings set wifi/ssid "***JONS_ORANGE_PI_WIFI_SSID***"
Setting wifi/ssid saved
esp32> 
esp32> 
esp32> 
esp32> 
esp32> 
esp32> settings set wifi/psk "***JONS_ORANGE_PI_WIFI_PSK***"
Setting wifi/psk saved
es::add-mask::generated-SAIsHNjYLXsvPmBH
p32> 
esp32> 
esp32> 
esp32> 
esp32> 
esp32> settings set golioth/psk-id "generated-SAIsHNjYLXsvPmBH@firmware_ci"
Setting golioth/psk-id saved
esp32> 
esp32> 
esp32> 
esp32> 
esp32> 
esp32> settings set golioth/psk "generated-SAIsHNjYLXsvPmBH"
Setting golioth/psk saved
esp32> 
esp32> [0;32mI (9943) pp: pp rom version: 9387209[0m
[0;32mI (9943) net80211: net80211 rom version: 9387209[0m
[0;32mI (9963) wifi_init: rx ba win: 6[0m
[0;32mI (9963) wifi_init: accept mbox: 6[0m
[0;32mI (9963) wifi_init: tcpip mbox: 32[0m
[0;32mI (9963) wifi_init: udp mbox: 6[0m
[0;32mI (9973) wifi_init: tcp mbox: 6[0m
[0;32mI (9973) wifi_init: tcp tx win: 5760[0m
[0;32mI (9983) wifi_init: tcp rx win: 5760[0m
[0;32mI (9983) wifi_init: tcp mss: 1440[0m
[0;32mI (9983) wifi_init: WiFi IRAM OP enabled[0m
[0;32mI (9993) wifi_init: WiFi RX IRAM OP enabled[0m
[0;32mI (9993) phy_init: phy_version 1180,01f2a49,Jun  4 2024,16:34:25[0m
[0;33mW (10013) phy_init: failed to load RF calibration data (0x1102), falling back to full calibration[0m
[0;33mW (10043) phy_init: saving new calibration data because of checksum failure, mode(2)[0m
[0;32mI (11383) esp_netif_handlers: sta ip: 192.168.8.141, mask: 255.255.255.0, gw: 192.168.8.1[0m
[0;32mI (11383) example_wifi: WiFi Connected. Got IP:192.168.8.141[0m
[0;32mI (11393) example_wifi: Connected to AP SSID: ***JONS_ORANGE_PI_WIFI_SSID***[0m
[0;32mI (11393) golioth_mbox: Mbox created, bufsize: 2520, num_items: 20, item_size: 120[0m
[0;33mW (11403) hello: Waiting for connection to Golioth...[0m
[0;32mI (11413) golioth_coap_client_libcoap: Start CoAP session with host: coaps://coap.golioth.io[0m
[0;32mI (11423) golioth_coap_client_libcoap: Session PSK-ID: generated-SAIsHNjYLXsvPmBH@firmware_ci[0m
[0;32mI (11423) libcoap: Setting PSK key
[0m
[0;32mI (11433) golioth_coap_client_libcoap: Entering CoAP I/O loop[0m
[0;32mI (12383) golioth_coap_client_libcoap: Golioth CoAP client connected[0m
[0;32mI (12383) hello: Golioth client connected[0m
[0;32mI (12393) hello: Sending hello! 0[0m
[0;32mI (17393) hello: Sending hello! 1[0m
[0;32mI (22393) hello: Sending hello! 2[0m
[0;32mI (27393) hello: Sending hello! 3[0m
