esptool.py v4.7.0
Serial port /dev/serial/by-id/usb-Silicon_Labs_CP2102N_USB_to_UART_Bridge_Controller_4ea3e6704b5fec1187ca2c5f25bfaa52-if00-port0
Connecting....
Detecting chip type... Unsupported detection protocol, switching and trying again...
Connecting.....
Detecting chip type... ESP32
Chip is ESP32-D0WD-V3 (revision v3.0)
Features: WiFi, BT, Dual Core, 240MHz, VRef calibration in efuse, Coding Scheme None
Crystal is 40MHz
MAC: 90:38:0c:eb:0a:28
Uploading stub...
Running stub...
Stub running...
Changing baud rate to 460800
Changed.
Configuring flash size...
Erasing flash (this may take a while)...
Chip erase completed successfully in 20.1s
Compressed 988512 bytes to 621324...
Writing at 0x00000000... (2 %)
Writing at 0x000077d6... (5 %)
Writing at 0x0001c6d0... (7 %)
Writing at 0x0002933a... (10 %)
Writing at 0x0002fb97... (13 %)
Writing at 0x00034c88... (15 %)
Writing at 0x0003fbc1... (18 %)
Writing at 0x000456a8... (21 %)
Writing at 0x0004ad20... (23 %)
Writing at 0x00050086... (26 %)
Writing at 0x00055274... (28 %)
Writing at 0x0005a6cf... (31 %)
Writing at 0x0005fe90... (34 %)
Writing at 0x00064f1b... (36 %)
Writing at 0x0006a327... (39 %)
Writing at 0x0006f554... (42 %)
Writing at 0x00074856... (44 %)
Writing at 0x00079907... (47 %)
Writing at 0x0007f025... (50 %)
Writing at 0x00084b2f... (52 %)
Writing at 0x0008a2da... (55 %)
Writing at 0x0008f55d... (57 %)
Writing at 0x00094834... (60 %)
Writing at 0x0009a090... (63 %)
Writing at 0x0009f4ea... (65 %)
Writing at 0x000a48af... (68 %)
Writing at 0x000aa1d1... (71 %)
Writing at 0x000af985... (73 %)
Writing at 0x000b4a1f... (76 %)
Writing at 0x000ba49f... (78 %)
Writing at 0x000bfb76... (81 %)
Writing at 0x000c7297... (84 %)
Writing at 0x000cfcc0... (86 %)
Writing at 0x000d6436... (89 %)
Writing at 0x000dbc6c... (92 %)
Writing at 0x000e14f3... (94 %)
Writing at 0x000e6d17... (97 %)
Writing at 0x000ec445... (100 %)
Wrote 988512 bytes (621324 compressed) at 0x00000000 in 15.4 seconds (effective 513.4 kbit/s)...
Hash of data verified.

Leaving...
Hard resetting via RTS pin...
xxxxxxxxxx2019 12:21:46

rst:0x1 (POWERON_RESET),boot:0x13 (SPI_FAST_FLASH_BOOT)
configsip: 0, SPIWP:0xee
clk_drv:0x00,q_drv:0x00,d_drv:0x00,cs0_drv:0x00,hd_drv:0x00,wp_drv:0x00
mode:DIO, clock div:2
load:0x3fff0030,len:7176
load:0x40078000,len:15648
load:0x40080400,len:4
ho 8 tail 4 room 4
load:0x40080404,len:3904
entry 0x40080640
[0;32mI (31) boot: ESP-IDF v5.3 2nd stage bootloader[0m
[0;32mI (31) boot: compile time Sep 25 2024 19:35:32[0m
[0;32mI (31) boot: Multicore bootloader[0m
[0;32mI (35) boot: chip revision: v3.0[0m
[0;32mI (39) boot.esp32: SPI Speed      : 40MHz[0m
[0;32mI (44) boot.esp32: SPI Mode       : DIO[0m
[0;32mI (48) boot.esp32: SPI Flash Size : 4MB[0m
[0;32mI (53) boot: Enabling RNG early entropy source...[0m
[0;32mI (58) boot: Partition Table:[0m
[0;32mI (62) boot: ## Label            Usage          Type ST Offset   Length[0m
[0;32mI (69) boot:  0 nvs              WiFi data        01 02 00009000 00006000[0m
[0;32mI (76) boot:  1 phy_init         RF data          01 01 0000f000 00001000[0m
[0;32mI (84) boot:  2 factory          factory app      00 00 00010000 00100000[0m
[0;32mI (91) boot: End of partition table[0m
[0;32mI (96) esp_image: segment 0: paddr=00010020 vaddr=3f400020 size=2ab20h (174880) map[0m
[0;32mI (164) esp_image: segment 1: paddr=0003ab48 vaddr=3ffb0000 size=04064h ( 16484) load[0m
[0;32mI (170) esp_image: segment 2: paddr=0003ebb4 vaddr=40080000 size=01464h (  5220) load[0m
[0;32mI (173) esp_image: segment 3: paddr=00040020 vaddr=400d0020 size=9be08h (638472) map[0m
[0;32mI (397) esp_image: segment 4: paddr=000dbe30 vaddr=40081464 size=1570ch ( 87820) load[0m
[0;32mI (443) boot: Loaded app from partition at offset 0x10000[0m
[0;32mI (443) boot: Disabling RNG early entropy source...[0m
[0;32mI (455) cpu_start: Multicore app[0m
[0;32mI (463) cpu_start: Pro cpu start user code[0m
[0;32mI (463) cpu_start: cpu freq: 160000000 Hz[0m
[0;32mI (464) app_init: Application information:[0m
[0;32mI (466) app_init: Project name:     test[0m
[0;32mI (471) app_init: App version:      c95041a-dirty[0m
[0;32mI (476) app_init: Compile time:     Sep 25 2024 19:35:26[0m
[0;32mI (482) app_init: ELF file SHA256:  ca3d10cd5...[0m
[0;32mI (488) app_init: ESP-IDF:          v5.3[0m
[0;32mI (492) efuse_init: Min chip rev:     v0.0[0m
[0;32mI (497) efuse_init: Max chip rev:     v3.99 [0m
[0;32mI (502) efuse_init: Chip rev:         v3.0[0m
[0;32mI (507) heap_init: Initializing. RAM available for dynamic allocation:[0m
[0;32mI (514) heap_init: At 3FFAE6E0 len 00001920 (6 KiB): DRAM[0m
[0;32mI (520) heap_init: At 3FFBBDC0 len 00024240 (144 KiB): DRAM[0m
[0;32mI (526) heap_init: At 3FFE0440 len 00003AE0 (14 KiB): D/IRAM[0m
[0;32mI (533) heap_init: At 3FFE4350 len 0001BCB0 (111 KiB): D/IRAM[0m
[0;32mI (539) heap_init: At 40096B70 len 00009490 (37 KiB): IRAM[0m
[0;32mI (547) spi_flash: detected chip: generic[0m
[0;32mI (550) spi_flash: flash io: dio[0m
[0;33mW (554) spi_flash: Detected size(8192k) larger than the size in the binary image header(4096k). Using the size in the binary image header.[0m
[0;32mI (568) main_task: Started on CPU0[0m
[0;32mI (578) main_task: Calling app_main()[0m
[5n
Type 'help' to get the list of commands.
Use UP/DOWN arrows to navigate through command history.
Press TAB when typing command name to auto-complete.

Your terminal application does not support escape sequences.

Line editing and history features are disabled.

On Windows, try using Putty instead.
esp32> [0;33mW (1088) hil_test: WiFi and Golioth credentials are not set. Use the shell settings commands to set them.[0m

esp32> 
esp32> 
esp32> 
esp32> settings set wifi/ssid "***MIKES_ORANGE_PI_WIFI_SSID***"
Setting wifi/ssid saved
esp32> 
esp32> 
esp32> 
esp32> 
esp32> 
esp32> settings set wifi/psk "***MIKES_ORANGE_PI_WIFI_PSK***"
Setting wifi/psk saved
esp32> 
es::add-mask::generated-nSpiTrjWXoUfKVDw
p32> 
esp32> 
esp32> 
esp32> 
esp32> settings set golioth/psk-id "generated-nSpiTrjWXoUfKVDw@firmware_ci"
Setting golioth/psk-id saved
esp32> 
esp32> 
esp32> 
esp32> 
esp32> 
esp32> settings set golioth/psk "generated-nSpiTrjWXoUfKVDw"
Setting golioth/psk saved
esp32> 
esp32> [0;32mI (8138) wifi_init: rx ba win: 6[0m
[0;32mI (8138) wifi_init: accept mbox: 6[0m
[0;32mI (8138) wifi_init: tcpip mbox: 32[0m
[0;32mI (8138) wifi_init: udp mbox: 6[0m
[0;32mI (8158) wifi_init: tcp mbox: 6[0m
[0;32mI (8158) wifi_init: tcp tx win: 5760[0m
[0;32mI (8158) wifi_init: tcp rx win: 5760[0m
[0;32mI (8168) wifi_init: tcp mss: 1440[0m
[0;32mI (8168) wifi_init: WiFi IRAM OP enabled[0m
[0;32mI (8168) wifi_init: WiFi RX IRAM OP enabled[0m
[0;32mI (8178) phy_init: phy_version 4830,54550f7,Jun 20 2024,14:22:08[0m
[0;33mW (8178) phy_init: failed to load RF calibration data (0x1102), falling back to full calibration[0m
[0;33mW (8258) phy_init: saving new calibration data because of checksum failure, mode(2)[0m
[0;32mI (9628) esp_netif_handlers: sta ip: 192.168.8.157, mask: 255.255.255.0, gw: 192.168.8.1[0m
[0;32mI (9628) example_wifi: WiFi Connected. Got IP:192.168.8.157[0m
[0;32mI (9638) example_wifi: Connected to AP SSID: ***MIKES_ORANGE_PI_WIFI_SSID***[0m
[0;32mI (9638) golioth_mbox: Mbox created, bufsize: 2520, num_items: 20, item_size: 120[0m
[0;32mI (9658) golioth_coap_client_libcoap: Start CoAP session with host: coaps://coap.golioth.io[0m
[0;32mI (9668) golioth_coap_client_libcoap: Session PSK-ID: generated-nSpiTrjWXoUfKVDw@firmware_ci[0m
[0;32mI (9678) libcoap: Setting PSK key
[0m
[0;32mI (9688) golioth_coap_client_libcoap: Entering CoAP I/O loop[0m
[0;32mI (10078) golioth_coap_client_libcoap: Golioth CoAP client connected[0m
[0;32mI (10078) test_connect: Golioth client connected[0m
[0;32mI (11088) test_connect: Stopping client[0m
[0;32mI (11088) golioth_coap_client_libcoap: Attempting to stop client[0m
[0;32mI (11138) golioth_coap_client_libcoap: Stopping[0m
[0;32mI (11138) golioth_coap_client_libcoap: Ending session[0m
[0;32mI (11138) test_connect: Golioth client disconnected[0m
[0;32mI (22198) test_connect: Starting client[0m
[0;32mI (22198) golioth_coap_client_libcoap: Start CoAP session with host: coaps://coap.golioth.io[0m
[0;32mI (22198) golioth_coap_client_libcoap: Session PSK-ID: generated-nSpiTrjWXoUfKVDw@firmware_ci[0m
[0;32mI (22218) libcoap: Setting PSK key
[0m
[0;32mI (22218) golioth_coap_client_libcoap: Entering CoAP I/O loop[0m
[0;32mI (22578) golioth_coap_client_libcoap: Golioth CoAP client connected[0m
[0;32mI (22578) test_connect: Golioth client connected[0m
[0;32mI (23588) test_connect: Destroying client[0m
[0;32mI (23588) golioth_coap_client_libcoap: Attempting to stop client[0m
[0;32mI (23638) golioth_coap_client_libcoap: Stopping[0m
[0;32mI (23638) golioth_coap_client_libcoap: Ending session[0m
[0;32mI (23638) test_connect: Golioth client disconnected[0m
[0;32mI (34698) test_connect: Starting client[0m
[0;32mI (34698) golioth_mbox: Mbox created, bufsize: 2520, num_items: 20, item_size: 120[0m
[0;32mI (34698) golioth_coap_client_libcoap: Start CoAP session with host: coaps://coap.golioth.io[0m
[0;32mI (34708) golioth_coap_client_libcoap: Session PSK-ID: generated-nSpiTrjWXoUfKVDw@firmware_ci[0m
[0;32mI (34728) libcoap: Setting PSK key
[0m
[0;32mI (34728) golioth_coap_client_libcoap: Entering CoAP I/O loop[0m
[0;32mI (35068) golioth_coap_client_libcoap: Golioth CoAP client connected[0m
