esptool.py v4.7.0
Serial port /dev/serial/by-id/usb-Silicon_Labs_CP2102N_USB_to_UART_Bridge_Controller_18a5eb8de0faeb11a1553ea4c6d924ec-if00-port0
Connecting....
Detecting chip type... ESP32-C3
Chip is ESP32-C3 (QFN32) (revision v0.3)
Features: WiFi, BLE
Crystal is 40MHz
MAC: 7c:df:a1:da:77:ac
Uploading stub...
Running stub...
Stub running...
Changing baud rate to 460800
Changed.
Configuring flash size...
Erasing flash (this may take a while)...
Chip erase completed successfully in 10.5s
Compressed 1032384 bytes to 605515...
Writing at 0x00000000... (2 %)
Writing at 0x0001205d... (5 %)
Writing at 0x0001f0e9... (8 %)
Writing at 0x0002b47c... (10 %)
Writing at 0x000318ac... (13 %)
Writing at 0x00036e6e... (16 %)
Writing at 0x000411d3... (18 %)
Writing at 0x00047283... (21 %)
Writing at 0x0004d888... (24 %)
Writing at 0x000536e9... (27 %)
Writing at 0x000592e8... (29 %)
Writing at 0x0005f158... (32 %)
Writing at 0x00065c1c... (35 %)
Writing at 0x0006b89e... (37 %)
Writing at 0x00071a29... (40 %)
Writing at 0x00077afb... (43 %)
Writing at 0x0007d89f... (45 %)
Writing at 0x000833af... (48 %)
Writing at 0x00088a3f... (51 %)
Writing at 0x0008ec79... (54 %)
Writing at 0x00094c56... (56 %)
Writing at 0x0009a9ca... (59 %)
Writing at 0x000a0278... (62 %)
Writing at 0x000a6420... (64 %)
Writing at 0x000ac9ff... (67 %)
Writing at 0x000b2ad5... (70 %)
Writing at 0x000b8b07... (72 %)
Writing at 0x000bed0c... (75 %)
Writing at 0x000c43d4... (78 %)
Writing at 0x000c9ff3... (81 %)
Writing at 0x000cff43... (83 %)
Writing at 0x000d6747... (86 %)
Writing at 0x000dc610... (89 %)
Writing at 0x000e4316... (91 %)
Writing at 0x000ea064... (94 %)
Writing at 0x000eff60... (97 %)
Writing at 0x000f64ef... (100 %)
Wrote 1032384 bytes (605515 compressed) at 0x00000000 in 17.0 seconds (effective 486.1 kbit/s)...
Hash of data verified.

Leaving...
Hard resetting via RTS pin...
ESP-ROM:esp32c3-api1-20210207
Build:Feb  7 2021
rst:0x1 (POWERON),boot:0xc (SPI_FAST_FLASH_BOOT)
SPIWP:0xee
mode:DIO, clock div:1
load:0x3fcd5820,len:0x1738
load:0x403cc710,len:0xb9c
load:0x403ce710,len:0x2ec8
entry 0x403cc71a
[0;32mI (30) boot: ESP-IDF v5.3 2nd stage bootloader[0m
[0;32mI (30) boot: compile time Sep 25 2024 19:35:25[0m
[0;32mI (30) boot: chip revision: v0.3[0m
[0;32mI (33) boot.esp32c3: SPI Speed      : 80MHz[0m
[0;32mI (38) boot.esp32c3: SPI Mode       : DIO[0m
[0;32mI (43) boot.esp32c3: SPI Flash Size : 4MB[0m
[0;32mI (47) boot: Enabling RNG early entropy source...[0m
[0;32mI (53) boot: Partition Table:[0m
[0;32mI (56) boot: ## Label            Usage          Type ST Offset   Length[0m
[0;32mI (64) boot:  0 nvs              WiFi data        01 02 00009000 00006000[0m
[0;32mI (71) boot:  1 phy_init         RF data          01 01 0000f000 00001000[0m
[0;32mI (78) boot:  2 factory          factory app      00 00 00010000 00100000[0m
[0;32mI (86) boot: End of partition table[0m
[0;32mI (90) esp_image: segment 0: paddr=00010020 vaddr=3c0b0020 size=2bff4h (180212) map[0m
[0;32mI (127) esp_image: segment 1: paddr=0003c01c vaddr=3fc92800 size=03e10h ( 15888) load[0m
[0;32mI (130) esp_image: segment 2: paddr=0003fe34 vaddr=40380000 size=001e4h (   484) load[0m
[0;32mI (133) esp_image: segment 3: paddr=00040020 vaddr=42000020 size=a9b04h (695044) map[0m
[0;32mI (249) esp_image: segment 4: paddr=000e9b2c vaddr=403801e4 size=1256ch ( 75116) load[0m
[0;32mI (270) boot: Loaded app from partition at offset 0x10000[0m
[0;32mI (270) boot: Disabling RNG early entropy source...[0m
[0;32mI (282) cpu_start: Unicore app[0m
[0;32mI (290) cpu_start: Pro cpu start user code[0m
[0;32mI (290) cpu_start: cpu freq: 160000000 Hz[0m
[0;32mI (290) app_init: Application information:[0m
[0;32mI (293) app_init: Project name:     test[0m
[0;32mI (298) app_init: App version:      c95041a-dirty[0m
[0;32mI (303) app_init: Compile time:     Sep 25 2024 19:35:31[0m
[0;32mI (309) app_init: ELF file SHA256:  5461c90a1...[0m
[0;32mI (314) app_init: ESP-IDF:          v5.3[0m
[0;32mI (319) efuse_init: Min chip rev:     v0.3[0m
[0;32mI (324) efuse_init: Max chip rev:     v1.99 [0m
[0;32mI (329) efuse_init: Chip rev:         v0.3[0m
[0;32mI (334) heap_init: Initializing. RAM available for dynamic allocation:[0m
[0;32mI (341) heap_init: At 3FC9E380 len 00021C80 (135 KiB): RAM[0m
[0;32mI (347) heap_init: At 3FCC0000 len 0001C710 (113 KiB): Retention RAM[0m
[0;32mI (354) heap_init: At 3FCDC710 len 00002950 (10 KiB): Retention RAM[0m
[0;32mI (361) heap_init: At 50000200 len 00001DE8 (7 KiB): RTCRAM[0m
[0;32mI (368) spi_flash: detected chip: generic[0m
[0;32mI (372) spi_flash: flash io: dio[0m
[0;32mI (376) sleep: Configure to isolate all GPIO pins in sleep state[0m
[0;32mI (383) sleep: Enable automatic switching of GPIO sleep configuration[0m
[0;32mI (390) main_task: Started on CPU0[0m
[0;32mI (410) main_task: Calling app_main()[0m
[5n
Type 'help' to get the list of commands.
Use UP/DOWN arrows to navigate through command history.
Press TAB when typing command name to auto-complete.

Your terminal application does not support escape sequences.

Line editing and history features are disabled.

On Windows, try using Putty instead.
esp32> [0;33mW (920) hil_test: WiFi and Golioth credentials are not set. Use the shell settings commands to set them.[0m

esp32> 
esp32> 
esp32> 
esp32> settings set wifi/ssid "***MIKES_ORANGE_PI_WIFI_SSID***"
Setting wifi/ssid saved
esp32> 
esp32> 
esp32> 
esp32> 
esp32> 
esp32> settings set wifi/psk "***MIKES_ORANGE_PI_WIFI_PSK***"
Setting wifi/psk saved
esp32> 
esp32> ::add-mask::generated-cDkuTuTsUTfoNynS

esp32> 
esp32> 
esp32> 
esp32> settings set golioth/psk-id "generated-cDkuTuTsUTfoNynS@firmware_ci"
Setting golioth/psk-id saved
esp32> 
esp32> 
esp32> 
esp32> 
esp32> 
esp32> settings set golioth/psk "generated-cDkuTuTsUTfoNynS"
Setting golioth/psk saved
esp32> 
esp32> [0;32mI (7940) pp: pp rom version: 9387209[0m
[0;32mI (7940) net80211: net80211 rom version: 9387209[0m
[0;32mI (7960) wifi_init: rx ba win: 6[0m
[0;32mI (7960) wifi_init: accept mbox: 6[0m
[0;32mI (7960) wifi_init: tcpip mbox: 32[0m
[0;32mI (7960) wifi_init: udp mbox: 6[0m
[0;32mI (7970) wifi_init: tcp mbox: 6[0m
[0;32mI (7970) wifi_init: tcp tx win: 5760[0m
[0;32mI (7980) wifi_init: tcp rx win: 5760[0m
[0;32mI (7980) wifi_init: tcp mss: 1440[0m
[0;32mI (7980) wifi_init: WiFi IRAM OP enabled[0m
[0;32mI (7990) wifi_init: WiFi RX IRAM OP enabled[0m
[0;32mI (7990) phy_init: phy_version 1180,01f2a49,Jun  4 2024,16:34:25[0m
[0;33mW (8000) phy_init: failed to load RF calibration data (0x1102), falling back to full calibration[0m
[0;33mW (8040) phy_init: saving new calibration data because of checksum failure, mode(2)[0m
[0;32mI (9420) esp_netif_handlers: sta ip: 192.168.8.119, mask: 255.255.255.0, gw: 192.168.8.1[0m
[0;32mI (9420) example_wifi: WiFi Connected. Got IP:192.168.8.119[0m
[0;32mI (9430) example_wifi: Connected to AP SSID: ***MIKES_ORANGE_PI_WIFI_SSID***[0m
[0;32mI (9430) golioth_mbox: Mbox created, bufsize: 2520, num_items: 20, item_size: 120[0m
[0;32mI (9450) golioth_coap_client_libcoap: Start CoAP session with host: coaps://coap.golioth.io[0m
[0;32mI (9450) golioth_coap_client_libcoap: Session PSK-ID: generated-cDkuTuTsUTfoNynS@firmware_ci[0m
[0;32mI (9460) libcoap: Setting PSK key
[0m
[0;32mI (9470) golioth_coap_client_libcoap: Entering CoAP I/O loop[0m
[0;33mW (12200) golioth_coap_client_libcoap: CoAP message retransmitted[0m
[0;32mI (13490) golioth_coap_client_libcoap: Golioth CoAP client connected[0m
[0;32mI (14490) test_stream: block-idx: 0 bu_offset: 0 bytes_remaining: 3666[0m
[0;32mI (14580) test_stream: block-idx: 1 bu_offset: 1024 bytes_remaining: 2642[0m
[0;32mI (14680) test_stream: block-idx: 2 bu_offset: 2048 bytes_remaining: 1618[0m
[0;32mI (14770) test_stream: block-idx: 3 bu_offset: 3072 bytes_remaining: 594[0m
[0;32mI (15130) test_stream: Block upload successful![0m
