esptool.py v4.9.0
Serial port /dev/serial/by-id/usb-Silicon_Labs_CP2102N_USB_to_UART_Bridge_Controller_90568bbbd827ee11b31a14d8f49e3369-if00-port0
Connecting.........
Detecting chip type... Unsupported detection protocol, switching and trying again...
Connecting.....
Detecting chip type... ESP32
Chip is ESP32-D0WD-V3 (revision v3.1)
Features: WiFi, BT, Dual Core, 240MHz, VRef calibration in efuse, Coding Scheme None
Crystal is 40MHz
MAC: a0:a3:b3:8b:38:c0
Uploading stub...
Running stub...
Stub running...
Changing baud rate to 460800
Changed.
Configuring flash size...
Erasing flash (this may take a while)...
Chip erase completed successfully in 2.2 seconds.
Compressed 970752 bytes to 610332...
Writing at 0x00000000... (2 %)
Writing at 0x000074c4... (5 %)
Writing at 0x0001bf94... (7 %)
Writing at 0x00028d37... (10 %)
Writing at 0x000315b6... (13 %)
Writing at 0x0003af6f... (15 %)
Writing at 0x00040608... (18 %)
Writing at 0x00045f69... (21 %)
Writing at 0x0004b77b... (23 %)
Writing at 0x00050c8f... (26 %)
Writing at 0x00055db5... (28 %)
Writing at 0x0005b294... (31 %)
Writing at 0x000607af... (34 %)
Writing at 0x00065864... (36 %)
Writing at 0x0006abbe... (39 %)
Writing at 0x0006fd75... (42 %)
Writing at 0x000750a4... (44 %)
Writing at 0x0007a21c... (47 %)
Writing at 0x0007f874... (50 %)
Writing at 0x000850b0... (52 %)
Writing at 0x0008ab62... (55 %)
Writing at 0x0008fe22... (57 %)
Writing at 0x0009506e... (60 %)
Writing at 0x0009a7e1... (63 %)
Writing at 0x0009fea0... (65 %)
Writing at 0x000a519b... (68 %)
Writing at 0x000aa898... (71 %)
Writing at 0x000b0237... (73 %)
Writing at 0x000b5331... (76 %)
Writing at 0x000ba759... (78 %)
Writing at 0x000c0056... (81 %)
Writing at 0x000c786d... (84 %)
Writing at 0x000cde28... (86 %)
Writing at 0x000d56a7... (89 %)
Writing at 0x000dae04... (92 %)
Writing at 0x000e08d5... (94 %)
Writing at 0x000e64de... (97 %)
Writing at 0x000eb769... (100 %)
Wrote 970752 bytes (610332 compressed) at 0x00000000 in 14.2 seconds (effective 547.7 kbit/s)...
Hash of data verified.

Leaving...
Hard resetting via RTS pin...
drv:0x00,d_drv:0x00,cs0_drv:0x00,hd_drv:0x00,wp_drv:0x00
mode:DIO, clock div:2
load:0x3fff0030,len:6276
load:0x40078000,len:15748
load:0x40080400,len:4
ho 8 tail 4 room 4
load:0x40080404,len:3860
entry 0x4008063c
I (31) boot: ESP-IDF v5.4.1 2nd stage bootloader
I (31) boot: compile time Oct  6 2025 18:41:41
I (31) boot: Multicore bootloader
I (32) boot: chip revision: v3.1
I (35) boot.esp32: SPI Speed      : 40MHz
I (39) boot.esp32: SPI Mode       : DIO
I (43) boot.esp32: SPI Flash Size : 2MB
I (46) boot: Enabling RNG early entropy source...
I (51) boot: Partition Table:
I (53) boot: ## Label            Usage          Type ST Offset   Length
I (60) boot:  0 nvs              WiFi data        01 02 00009000 00006000
I (66) boot:  1 phy_init         RF data          01 01 0000f000 00001000
I (73) boot:  2 factory          factory app      00 00 00010000 00100000
I (79) boot: End of partition table
I (82) esp_image: segment 0: paddr=00010020 vaddr=3f400020 size=24560h (148832) map
I (141) esp_image: segment 1: paddr=00034588 vaddr=3ff80000 size=0001ch (    28) load
I (141) esp_image: segment 2: paddr=000345ac vaddr=3ffb0000 size=040e8h ( 16616) load
I (151) esp_image: segment 3: paddr=0003869c vaddr=40080000 size=0797ch ( 31100) load
I (164) esp_image: segment 4: paddr=00040020 vaddr=400d0020 size=9d99ch (645532) map
I (385) esp_image: segment 5: paddr=000dd9c4 vaddr=4008797c size=0f618h ( 63000) load
I (421) boot: Loaded app from partition at offset 0x10000
I (421) boot: Disabling RNG early entropy source...
I (431) cpu_start: Multicore app
I (440) cpu_start: Pro cpu start user code
I (440) cpu_start: cpu freq: 160000000 Hz
I (440) app_init: Application information:
I (440) app_init: Project name:     delete
I (443) app_init: App version:      bafef13-dirty
I (448) app_init: Compile time:     Oct  6 2025 18:41:35
I (453) app_init: ELF file SHA256:  4f043a523...
I (457) app_init: ESP-IDF:          v5.4.1
I (461) efuse_init: Min chip rev:     v0.0
I (465) efuse_init: Max chip rev:     v3.99 
I (469) efuse_init: Chip rev:         v3.1
I (473) heap_init: Initializing. RAM available for dynamic allocation:
I (479) heap_init: At 3FFAE6E0 len 00001920 (6 KiB): DRAM
I (484) heap_init: At 3FFBBB28 len 000244D8 (145 KiB): DRAM
I (489) heap_init: At 3FFE0440 len 00003AE0 (14 KiB): D/IRAM
I (495) heap_init: At 3FFE4350 len 0001BCB0 (111 KiB): D/IRAM
I (500) heap_init: At 40096F94 len 0000906C (36 KiB): IRAM
I (507) spi_flash: detected chip: generic
I (509) spi_flash: flash io: dio
W (512) spi_flash: Detected size(8192k) larger than the size in the binary image header(2048k). Using the size in the binary image header.
I (525) main_task: Started on CPU0
I (535) main_task: Calling app_main()
I (535) lightdb: Start LightDB delete sample
[5n
Type 'help' to get the list of commands.
Use UP/DOWN arrows to navigate through command history.
Press TAB when typing command name to auto-complete.

Your terminal application does not support escape sequences.

Line editing and history features are disabled.

On Windows, try using Putty instead.
esp32> W (1045) lightdb: WiFi and Golioth credentials are not set. Use the shell settings commands to set them.

esp32> 
esp32> 
esp32> 
esp32> settings set wifi/ssid "***SAMS_ORANGE_PI_WIFI_SSID***"
Setting wifi/ssid saved
esp32> 
esp32> 
esp32> 
esp32> 
esp32> 
esp32> settings set wifi/psk "***SAMS_ORANGE_PI_WIFI_PSK***"
Setting wifi/psk saved
esp32> 
esp32> ::add-mask::generated-OsbMQYtFSumAFiEx

esp32> 
esp32> 
esp32> 
esp32> settings set golioth/psk-id "generated-OsbMQYtFSumAFiEx@firmware_ci"
Setting golioth/psk-id saved
esp32> 
esp32> 
esp32> 
esp32> 
esp32> 
esp32> settings set golioth/psk "generated-OsbMQYtFSumAFiEx"
Setting golioth/psk saved
esp32> 
esp32> I (11095) wifi_init: rx ba win: 6
I (11095) wifi_init: accept mbox: 6
I (11095) wifi_init: tcpip mbox: 32
I (11095) wifi_init: udp mbox: 6
I (11095) wifi_init: tcp mbox: 6
I (11115) wifi_init: tcp tx win: 5760
I (11115) wifi_init: tcp rx win: 5760
I (11115) wifi_init: tcp mss: 1440
I (11115) wifi_init: WiFi IRAM OP enabled
I (11125) wifi_init: WiFi RX IRAM OP enabled
I (11125) phy_init: phy_version 4860,6b7a6e5,Feb  6 2025,14:47:07
W (11125) phy_init: failed to load RF calibration data (0x1102), falling back to full calibration
I (11205) phy_init: Saving new calibration data due to checksum failure or outdated calibration data, mode(2)
I (13125) esp_netif_handlers: sta ip: 192.168.0.115, mask: 255.255.255.0, gw: 192.168.0.1
I (13125) example_wifi: WiFi Connected. Got IP:192.168.0.115
I (13125) example_wifi: Connected to AP SSID: ***SAMS_ORANGE_PI_WIFI_SSID***
I (13135) golioth_mbox: Mbox created, bufsize: 2688, num_items: 20, item_size: 128
W (13145) lightdb: Waiting for connection to Golioth...
I (13175) golioth_coap_client_libcoap: Start CoAP session with host: coaps://coap.golioth.io
I (13175) golioth_coap_client_libcoap: Session PSK-ID: generated-OsbMQYtFSumAFiEx@firmware_ci
I (13195) libcoap: Setting PSK key

I (13195) golioth_coap_client_libcoap: Entering CoAP I/O loop
I (14235) golioth_coap_client_libcoap: Golioth CoAP client connected
I (14235) lightdb: Golioth client connected
I (14245) lightdb: Before request (async)
I (14245) lightdb: After request (async)
I (14605) lightdb: Counter deleted successfully
I (19245) lightdb: Before request (sync)
I (19335) lightdb: Counter deleted successfully
I (19345) light