esptool.py v4.9.0
Serial port /dev/serial/by-id/usb-Silicon_Labs_CP2102N_USB_to_UART_Bridge_Controller_32bb9445d244ed11ac1dcec90a86e0b4-if00-port0
Connecting...
Detecting chip type... ESP32-S3
Chip is ESP32-S3 (QFN56) (revision v0.2)
Features: WiFi, BLE, Embedded PSRAM 2MB (AP_3v3)
Crystal is 40MHz
MAC: 48:27:e2:15:4f:74
Uploading stub...
Running stub...
Stub running...
Changing baud rate to 460800
Changed.
Configuring flash size...
Erasing flash (this may take a while)...
Chip erase completed successfully in 16.2 seconds.
Compressed 958368 bytes to 596396...
Writing at 0x00000000... (2 %)
Writing at 0x000115f5... (5 %)
Writing at 0x0001e4b4... (8 %)
Writing at 0x0002a1e9... (10 %)
Writing at 0x0003390e... (13 %)
Writing at 0x0003c747... (16 %)
Writing at 0x00042839... (18 %)
Writing at 0x00048130... (21 %)
Writing at 0x0004dd74... (24 %)
Writing at 0x0005348c... (27 %)
Writing at 0x000586f7... (29 %)
Writing at 0x0005db56... (32 %)
Writing at 0x000634fe... (35 %)
Writing at 0x0006854d... (37 %)
Writing at 0x0006d90a... (40 %)
Writing at 0x00072b32... (43 %)
Writing at 0x00077dbd... (45 %)
Writing at 0x0007cf31... (48 %)
Writing at 0x00082605... (51 %)
Writing at 0x00087b21... (54 %)
Writing at 0x0008d148... (56 %)
Writing at 0x000920cd... (59 %)
Writing at 0x00097159... (62 %)
Writing at 0x0009c745... (64 %)
Writing at 0x000a1943... (67 %)
Writing at 0x000a6b2f... (70 %)
Writing at 0x000ac325... (72 %)
Writing at 0x000b1628... (75 %)
Writing at 0x000b6706... (78 %)
Writing at 0x000bbd51... (81 %)
Writing at 0x000c2051... (83 %)
Writing at 0x000c8af3... (86 %)
Writing at 0x000d0aa3... (89 %)
Writing at 0x000d6f90... (91 %)
Writing at 0x000dc736... (94 %)
Writing at 0x000e25dd... (97 %)
Writing at 0x000e7872... (100 %)
Wrote 958368 bytes (596396 compressed) at 0x00000000 in 14.1 seconds (effective 544.7 kbit/s)...
Hash of data verified.

Leaving...
Hard resetting via RTS pin...
Build:Mar 27 2021
rst:0x1 (POWERON),boot:0x8 (SPI_FAST_FLASH_BOOT)
SPIWP:0xee
mode:DIO, clock div:1
load:0x3fce2810,len:0x15a0
load:0x403c8700,len:0x4
load:0x403c8704,len:0xd20
load:0x403cb700,len:0x2f58
entry 0x403c8928
I (27) boot: ESP-IDF v5.4.1 2nd stage bootloader
I (27) boot: compile time Oct  6 2025 18:32:21
I (27) boot: Multicore bootloader
I (27) boot: chip revision: v0.2
I (30) boot: efuse block revision: v1.2
I (33) boot.esp32s3: Boot SPI Speed : 80MHz
I (37) boot.esp32s3: SPI Mode       : DIO
I (41) boot.esp32s3: SPI Flash Size : 4MB
I (45) boot: Enabling RNG early entropy source...
I (49) boot: Partition Table:
I (52) boot: ## Label            Usage          Type ST Offset   Length
I (58) boot:  0 nvs              WiFi data        01 02 00009000 00006000
I (65) boot:  1 phy_init         RF data          01 01 0000f000 00001000
I (71) boot:  2 factory          factory app      00 00 00010000 00100000
I (78) boot: End of partition table
I (81) esp_image: segment 0: paddr=00010020 vaddr=3c0a0020 size=24160h (147808) map
I (115) esp_image: segment 1: paddr=00034188 vaddr=3fc99400 size=04bc0h ( 19392) load
I (119) esp_image: segment 2: paddr=00038d50 vaddr=40374000 size=072c8h ( 29384) load
I (125) esp_image: segment 3: paddr=00040020 vaddr=42000020 size=9be54h (638548) map
I (238) esp_image: segment 4: paddr=000dbe7c vaddr=4037b2c8 size=0e0dch ( 57564) load
I (251) esp_image: segment 5: paddr=000e9f60 vaddr=600fe100 size=0001ch (    28) load
I (260) boot: Loaded app from partition at offset 0x10000
I (260) boot: Disabling RNG early entropy source...
I (270) cpu_start: Multicore app
I (279) cpu_start: Pro cpu start user code
I (279) cpu_start: cpu freq: 160000000 Hz
I (279) app_init: Application information:
I (279) app_init: Project name:     test
I (283) app_init: App version:      bafef13-dirty
I (287) app_init: Compile time:     Oct  6 2025 18:32:14
I (292) app_init: ELF file SHA256:  e10f445c4...
I (297) app_init: ESP-IDF:          v5.4.1
I (300) efuse_init: Min chip rev:     v0.0
I (304) efuse_init: Max chip rev:     v0.99 
I (308) efuse_init: Chip rev:         v0.2
I (312) heap_init: Initializing. RAM available for dynamic allocation:
I (318) heap_init: At 3FCA5330 len 000443E0 (272 KiB): RAM
I (323) heap_init: At 3FCE9710 len 00005724 (21 KiB): RAM
I (329) heap_init: At 3FCF0000 len 00008000 (32 KiB): DRAM
I (334) heap_init: At 600FE11C len 00001ECC (7 KiB): RTCRAM
I (340) spi_flash: detected chip: generic
I (343) spi_flash: flash io: dio
W (346) spi_flash: Detected size(8192k) larger than the size in the binary image header(4096k). Using the size in the binary image header.
I (358) sleep_gpio: Configure to isolate all GPIO pins in sleep state
I (364) sleep_gpio: Enable automatic switching of GPIO sleep configuration
I (371) main_task: Started on CPU0
I (391) main_task: Calling app_main()
[5n
Type 'help' to get the list of commands.
Use UP/DOWN arrows to navigate through command history.
Press TAB when typing command name to auto-complete.

Your terminal application does not support escape sequences.

Line editing and history features are disabled.

On Windows, try using Putty instead.
esp32> W (901) hil_test: WiFi and Golioth credentials are not set. Use the shell settings commands to set them.

esp32> 
esp32> 
esp32> 
esp32> settings set wifi/ssid "***SAMS_ORANGE_PI_WIFI_SSID***"
Setting wifi/ssid saved
esp32> 
esp32> 
esp32> 
esp32> 
esp32> 
esp32> settings set wifi/psk "***SAMS_ORANGE_PI_WIFI_PSK***"
Setting wifi/psk saved
esp32> 
esp32> ::add-mask::generated-CQJazNJMxsbamRVh

esp32> 
esp32> 
esp32> 
esp32> settings set golioth/psk-id "generated-CQJazNJMxsbamRVh@firmware_ci"
Setting golioth/psk-id saved
esp32> 
esp32> 
esp32> 
esp32> 
esp32> 
esp32> settings set golioth/psk "generated-CQJazNJMxsbamRVh"
Setting golioth/psk saved
esp32> 
esp32> I (8931) pp: pp rom version: e7ae62f
I (8931) net80211: net80211 rom version: e7ae62f
I (8951) wifi_init: rx ba win: 6
I (8951) wifi_init: accept mbox: 6
I (8951) wifi_init: tcpip mbox: 32
I (8951) wifi_init: udp mbox: 6
I (8951) wifi_init: tcp mbox: 6
I (8961) wifi_init: tcp tx win: 5760
I (8961) wifi_init: tcp rx win: 5760
I (8961) wifi_init: tcp mss: 1440
I (8961) wifi_init: WiFi IRAM OP enabled
I (8981) wifi_init: WiFi RX IRAM OP enabled
I (8981) phy_init: phy_version 700,8582a7fd,Feb 10 2025,20:13:11
W (8981) phy_init: failed to load RF calibration data (0x1102), falling back to full calibration
I (9021) phy_init: Saving new calibration data due to checksum failure or outdated calibration data, mode(2)
I (11101) esp_netif_handlers: sta ip: 192.168.0.121, mask: 255.255.255.0, gw: 192.168.0.1
I (11101) example_wifi: WiFi Connected. Got IP:192.168.0.121
I (11101) example_wifi: Connected to AP SSID: ***SAMS_ORANGE_PI_WIFI_SSID***
I (11111) golioth_mbox: Mbox created, bufsize: 2688, num_items: 20, item_size: 128
I (11231) golioth_coap_client_libcoap: Start CoAP session with host: coaps://coap.golioth.io
I (11231) golioth_coap_client_libcoap: Session PSK-ID: generated-CQJazNJMxsbamRVh@firmware_ci
I (11251) libcoap: Setting PSK key

I (11251) golioth_coap_client_libcoap: Entering CoAP I/O loop
I (11451) golioth_coap_client_libcoap: Golioth CoAP client connected
I (11451) test_connect: Golioth client connected
I (12461) test_connect: Stopping client
I (12461) golioth_coap_client_libcoap: Attempting to stop client
I (12501) golioth_coap_client_libcoap: Stopping
I (12501) golioth_coap_client_libcoap: Ending session
I (12501) test_connect: Golioth client disconnected
I (23561) test_connect: Starting client
I (23561) golioth_coap_client_libcoap: Start CoAP session with host: coaps://coap.golioth.io
I (23561) golioth_coap_client_libcoap: Session PSK-ID: generated-CQJazNJMxsbamRVh@firmware_ci
I (23571) libcoap: Setting PSK key

I (23581) golioth_coap_client_libcoap: Entering CoAP I/O loop
I (24131) golioth_coap_client_libcoap: Golioth CoAP client connected
I (24131) test_connect: Golioth client connected
I (25141) test_connect: Destroying client
I (25141) golioth_coap_client_libcoap: Attempting to stop client
I (25181) golioth_coap_client_libcoap: Stopping
I (25181) golioth_coap_client_libcoap: Ending session
I (25181) test_connect: Golioth client disconnected
I (36241) test_connect: Starting client
I (36241) golioth_mbox: Mbox created, bufsize: 2688, num_items: 20, item_size: 128
I (36241) golioth_coap_client_libcoap: Start CoAP session with host: coaps://coap.golioth.io
I (36251) golioth_coap_client_libcoap: Session PSK-ID: generated-CQJazNJMxsbamRVh@firmware_ci
I (36271) libcoap: Setting PSK key

I (36271) golioth_coap_client_libcoap: Entering CoAP I/O loop
I (36431) golioth_coap_client_libcoap: Golioth CoAP client connected
