esptool.py v4.9.0
Serial port /dev/serial/by-id/usb-Silicon_Labs_CP2102N_USB_to_UART_Bridge_Controller_18a5eb8de0faeb11a1553ea4c6d924ec-if00-port0
Connecting....
Detecting chip type... ESP32-C3
Chip is ESP32-C3 (QFN32) (revision v0.3)
Features: WiFi, BLE
Crystal is 40MHz
MAC: 7c:df:a1:da:77:ac
Uploading stub...
Running stub...
Stub running...
Changing baud rate to 460800
Changed.
Configuring flash size...
Erasing flash (this may take a while)...
Chip erase completed successfully in 10.4 seconds.
Compressed 1028592 bytes to 601569...
Writing at 0x00000000... (2 %)
Writing at 0x00011bde... (5 %)
Writing at 0x0001e8de... (8 %)
Writing at 0x0002afd9... (10 %)
Writing at 0x00034510... (13 %)
Writing at 0x0003c412... (16 %)
Writing at 0x000423b3... (18 %)
Writing at 0x0004898f... (21 %)
Writing at 0x0004f1b5... (24 %)
Writing at 0x000555a7... (27 %)
Writing at 0x0005ae25... (29 %)
Writing at 0x00060a63... (32 %)
Writing at 0x00066f3b... (35 %)
Writing at 0x0006cc76... (37 %)
Writing at 0x00072b4e... (40 %)
Writing at 0x00078e00... (43 %)
Writing at 0x0007eb83... (45 %)
Writing at 0x000849cf... (48 %)
Writing at 0x0008a0f8... (51 %)
Writing at 0x0008fa13... (54 %)
Writing at 0x00095d1c... (56 %)
Writing at 0x0009b7b2... (59 %)
Writing at 0x000a111d... (62 %)
Writing at 0x000a704e... (64 %)
Writing at 0x000ad54a... (67 %)
Writing at 0x000b36f5... (70 %)
Writing at 0x000b9b28... (72 %)
Writing at 0x000bfb6d... (75 %)
Writing at 0x000c5876... (78 %)
Writing at 0x000caefa... (81 %)
Writing at 0x000d0c8e... (83 %)
Writing at 0x000d693b... (86 %)
Writing at 0x000dd9d0... (89 %)
Writing at 0x000e3ca8... (91 %)
Writing at 0x000eab98... (94 %)
Writing at 0x000f0b6c... (97 %)
Writing at 0x000f6b8f... (100 %)
Wrote 1028592 bytes (601569 compressed) at 0x00000000 in 17.1 seconds (effective 481.1 kbit/s)...
Hash of data verified.

Leaving...
Hard resetting via RTS pin...
ESP-ROM:esp32c3-api1-20210207
Build:Feb  7 2021
rst:0x1 (POWERON),boot:0xc (SPI_FAST_FLASH_BOOT)
SPIWP:0xee
mode:DIO, clock div:1
load:0x3fcd5820,len:0x1574
load:0x403cc710,len:0xc30
load:0x403ce710,len:0x2ff0
entry 0x403cc71a
I (30) boot: ESP-IDF v5.4.1 2nd stage bootloader
I (30) boot: compile time Oct  6 2025 18:31:53
I (30) boot: chip revision: v0.3
I (30) boot: efuse block revision: v1.1
I (34) boot.esp32c3: SPI Speed      : 80MHz
I (38) boot.esp32c3: SPI Mode       : DIO
I (41) boot.esp32c3: SPI Flash Size : 4MB
I (45) boot: Enabling RNG early entropy source...
I (50) boot: Partition Table:
I (52) boot: ## Label            Usage          Type ST Offset   Length
I (59) boot:  0 nvs              WiFi data        01 02 00009000 00006000
I (65) boot:  1 phy_init         RF data          01 01 0000f000 00001000
I (72) boot:  2 factory          factory app      00 00 00010000 00100000
I (78) boot: End of partition table
I (81) esp_image: segment 0: paddr=00010020 vaddr=3c0b0020 size=25f38h (155448) map
I (114) esp_image: segment 1: paddr=00035f60 vaddr=3fc93400 size=03048h ( 12360) load
I (116) esp_image: segment 2: paddr=00038fb0 vaddr=40380000 size=07068h ( 28776) load
I (123) esp_image: segment 3: paddr=00040020 vaddr=42000020 size=aee70h (716400) map
I (239) esp_image: segment 4: paddr=000eee98 vaddr=40387068 size=0c308h ( 49928) load
I (249) esp_image: segment 5: paddr=000fb1a8 vaddr=50000200 size=0001ch (    28) load
I (255) boot: Loaded app from partition at offset 0x10000
I (255) boot: Disabling RNG early entropy source...
I (266) cpu_start: Unicore app
I (275) cpu_start: Pro cpu start user code
I (275) cpu_start: cpu freq: 160000000 Hz
I (275) app_init: Application information:
I (275) app_init: Project name:     test
I (278) app_init: App version:      bafef13-dirty
I (283) app_init: Compile time:     Oct  6 2025 18:31:46
I (288) app_init: ELF file SHA256:  855da7ef0...
I (292) app_init: ESP-IDF:          v5.4.1
I (296) efuse_init: Min chip rev:     v0.3
I (300) efuse_init: Max chip rev:     v1.99 
I (304) efuse_init: Chip rev:         v0.3
I (308) heap_init: Initializing. RAM available for dynamic allocation:
I (314) heap_init: At 3FC9F2D0 len 00020D30 (131 KiB): RAM
I (319) heap_init: At 3FCC0000 len 0001C710 (113 KiB): Retention RAM
I (325) heap_init: At 3FCDC710 len 00002950 (10 KiB): Retention RAM
I (331) heap_init: At 5000021C len 00001DCC (7 KiB): RTCRAM
I (337) spi_flash: detected chip: generic
I (340) spi_flash: flash io: dio
I (344) sleep_gpio: Configure to isolate all GPIO pins in sleep state
I (349) sleep_gpio: Enable automatic switching of GPIO sleep configuration
I (356) main_task: Started on CPU0
I (386) main_task: Calling app_main()
[5n
Type 'help' to get the list of commands.
Use UP/DOWN arrows to navigate through command history.
Press TAB when typing command name to auto-complete.

Your terminal application does not support escape sequences.

Line editing and history features are disabled.

On Windows, try using Putty instead.
esp32> W (886) hil_test: WiFi and Golioth credentials are not set. Use the shell settings commands to set them.

esp32> 
esp32> 
esp32> 
esp32> settings set wifi/ssid "***MIKES_ORANGE_PI_WIFI_SSID***"
Setting wifi/ssid saved
esp32> 
esp32> 
esp32> 
esp32> 
esp32> 
esp32> settings set wifi/psk "***MIKES_ORANGE_PI_WIFI_PSK***"
Setting wifi/psk saved
esp32> 
esp32> ::add-mask::generated-GbWPoeUBHsNmKJZT

esp32> 
esp32> 
esp32> 
esp32> settings set golioth/psk-id "generated-GbWPoeUBHsNmKJZT@firmware_ci"
Setting golioth/psk-id saved
esp32> 
esp32> 
esp32> 
esp32> 
esp32> 
esp32> settings set golioth/psk "generated-GbWPoeUBHsNmKJZT"
Setting golioth/psk saved
esp32> 
esp32> I (7906) pp: pp rom version: 9387209
I (7906) net80211: net80211 rom version: 9387209
I (7926) wifi_init: rx ba win: 6
I (7926) wifi_init: accept mbox: 6
I (7926) wifi_init: tcpip mbox: 32
I (7926) wifi_init: udp mbox: 6
I (7926) wifi_init: tcp mbox: 6
I (7936) wifi_init: tcp tx win: 5760
I (7936) wifi_init: tcp rx win: 5760
I (7936) wifi_init: tcp mss: 1440
I (7946) wifi_init: WiFi IRAM OP enabled
I (7946) wifi_init: WiFi RX IRAM OP enabled
I (7946) phy_init: phy_version 1200,2b7123f9,Feb 18 2025,15:22:21
W (7956) phy_init: failed to load RF calibration data (0x1102), falling back to full calibration
I (7996) phy_init: Saving new calibration data due to checksum failure or outdated calibration data, mode(2)
I (10116) esp_netif_handlers: sta ip: 192.168.8.119, mask: 255.255.255.0, gw: 192.168.8.1
I (10116) example_wifi: WiFi Connected. Got IP:192.168.8.119
I (10126) example_wifi: Connected to AP SSID: ***MIKES_ORANGE_PI_WIFI_SSID***
I (10126) golioth_mbox: Mbox created, bufsize: 2688, num_items: 20, item_size: 128
I (10146) golioth_coap_client_libcoap: Start CoAP session with host: coaps://coap.golioth.io
I (10146) golioth_coap_client_libcoap: Session PSK-ID: generated-GbWPoeUBHsNmKJZT@firmware_ci
I (10166) libcoap: Setting PSK key

I (10166) golioth_coap_client_libcoap: Entering CoAP I/O loop
E (20186) golioth_coap_client_libcoap: Receive timeout
E (20186) golioth_coap_client_libcoap: DTLS handshake failed. Maybe your PSK-ID or PSK is incorrect?
I (20196) golioth_coap_client_libcoap: Ending session
E (20196) golioth_coap_client_libcoap: Received nack reason: COAP_NACK_TLS_FAILED
I (21206) golioth_coap_client_libcoap: Start CoAP session with host: coaps://coap.golioth.io
I (21206) golioth_coap_client_libcoap: Session PSK-ID: generated-GbWPoeUBHsNmKJZT@firmware_ci
I (21216) libcoap: Setting PSK key

I (21216) golioth_coap_client_libcoap: Entering CoAP I/O loop
I (21586) golioth_coap_client_libcoap: Golioth CoAP client connected
I (21716) test_ota: Manifest received
I (21716) test_ota: Manifest successfully decoded
I (21726) test_ota: Manifest doesn't have main or walrus components, skipping this one.
I (23896) test_ota: Manifest received
I (23896) test_ota: Manifest successfully decoded
I (23896) test_ota: Manifest doesn't have main or walrus components, skipping this one.
I (23916) test_ota: Manifest received
I (23916) test_ota: Manifest successfully decoded
I (23916) test_ota: Manifest doesn't have main or walrus components, skipping this one.
I (23926) test_ota: Manifest received
I (23926) test_ota: Manifest successfully decoded
I (23926) test_ota: Manifest doesn't have main or walrus components, skipping this one.
I (24296) test_ota: Manifest received
I (24296) test_ota: Manifest successfully decoded
I (24296) test_ota: Manifest doesn't have main or walrus components, skipping this one.
I (25536) test_ota: Manifest received
I (25536) test_ota: Manifest successfully decoded
I (25536) test_ota: Manifest doesn't have main or walrus components, skipping this one.
I (25556) test_ota: Manifest received
I (25556) test_ota: Manifest successfully decoded
I (25556) test_ota: Found main component
I (25556) test_ota: No absent component found
I (25566) test_ota: component.package: main
I (25566) test_ota: component.version: 1.2.2
I (25566) test_ota: component.size: 16147
I (25576) test_ota: component.hash: 62c035ff42d6c61ad9d1caf9ee3425dae3ef360eb9d145061d3f76092e266018
I (25576) test_ota: component.uri: /.u/c/main@1.2.2
I (25586) test_ota: component.bootloader: default
