esptool.py v4.9.0
Serial port /dev/serial/by-id/usb-Silicon_Labs_CP2102N_USB_to_UART_Bridge_Controller_08bd8600facfec119c501d2686bdcd52-if00-port0
Connecting....
Detecting chip type... ESP32-S3
Chip is ESP32-S3 (QFN56) (revision v0.1)
Features: WiFi, BLE, Embedded PSRAM 8MB (AP_3v3)
Crystal is 40MHz
MAC: 34:85:18:6d:04:5c
Uploading stub...
Running stub...
Stub running...
Changing baud rate to 460800
Changed.
Configuring flash size...
Erasing flash (this may take a while)...
Chip erase completed successfully in 1.3 seconds.
Compressed 969456 bytes to 601947...
Writing at 0x00000000... (2 %)
Writing at 0x00011708... (5 %)
Writing at 0x0001e7f1... (8 %)
Writing at 0x0002aa84... (10 %)
Writing at 0x00033fef... (13 %)
Writing at 0x0003d237... (16 %)
Writing at 0x000434b0... (18 %)
Writing at 0x00048bd3... (21 %)
Writing at 0x0004e8d8... (24 %)
Writing at 0x00054055... (27 %)
Writing at 0x0005925f... (29 %)
Writing at 0x0005e66c... (32 %)
Writing at 0x00064106... (35 %)
Writing at 0x000691d0... (37 %)
Writing at 0x0006e451... (40 %)
Writing at 0x000737cf... (43 %)
Writing at 0x000788e5... (45 %)
Writing at 0x0007dc7d... (48 %)
Writing at 0x000831b1... (51 %)
Writing at 0x0008875d... (54 %)
Writing at 0x0008dd26... (56 %)
Writing at 0x00092d63... (59 %)
Writing at 0x00097d92... (62 %)
Writing at 0x0009d328... (64 %)
Writing at 0x000a2423... (67 %)
Writing at 0x000a769a... (70 %)
Writing at 0x000acba7... (72 %)
Writing at 0x000b22e9... (75 %)
Writing at 0x000b7393... (78 %)
Writing at 0x000bca2a... (81 %)
Writing at 0x000c2213... (83 %)
Writing at 0x000c9756... (86 %)
Writing at 0x000d0c53... (89 %)
Writing at 0x000d7a40... (91 %)
Writing at 0x000dd3b1... (94 %)
Writing at 0x000e2d24... (97 %)
Writing at 0x000e8819... (100 %)
Wrote 969456 bytes (601947 compressed) at 0x00000000 in 13.9 seconds (effective 556.9 kbit/s)...
Hash of data verified.

Leaving...
Hard resetting via RTS pin...
ESP-ROM:esp32s3-20210327
Build:Mar 27 2021
rst:0x1 (POWERON),boot:0x8 (SPI_FAST_FLASH_BOOT)
SPIWP:0xee
mode:DIO, clock div:1
load:0x3fce2810,len:0x15a0
load:0x403c8700,len:0x4
load:0x403c8704,len:0xd20
load:0x403cb700,len:0x2f00
entry 0x403c8928
I (27) boot: ESP-IDF v5.4.1 2nd stage bootloader
I (27) boot: compile time Oct  6 2025 18:55:06
I (27) boot: Multicore bootloader
I (27) boot: chip revision: v0.1
I (30) boot: efuse block revision: v1.2
I (33) boot.esp32s3: Boot SPI Speed : 80MHz
I (37) boot.esp32s3: SPI Mode       : DIO
I (41) boot.esp32s3: SPI Flash Size : 2MB
I (45) boot: Enabling RNG early entropy source...
I (49) boot: Partition Table:
I (52) boot: ## Label            Usage          Type ST Offset   Length
I (58) boot:  0 nvs              WiFi data        01 02 00009000 00006000
I (65) boot:  1 phy_init         RF data          01 01 0000f000 00001000
I (71) boot:  2 factory          factory app      00 00 00010000 00100000
I (78) boot: End of partition table
I (81) esp_image: segment 0: paddr=00010020 vaddr=3c0a0020 size=251c8h (152008) map
I (115) esp_image: segment 1: paddr=000351f0 vaddr=3fc99400 size=04bd0h ( 19408) load
I (120) esp_image: segment 2: paddr=00039dc8 vaddr=40374000 size=06250h ( 25168) load
I (125) esp_image: segment 3: paddr=00040020 vaddr=42000020 size=9d924h (645412) map
I (240) esp_image: segment 4: paddr=000dd94c vaddr=4037a250 size=0f154h ( 61780) load
I (254) esp_image: segment 5: paddr=000ecaa8 vaddr=600fe100 size=0001ch (    28) load
I (263) boot: Loaded app from partition at offset 0x10000
I (263) boot: Disabling RNG early entropy source...
I (273) cpu_start: Multicore app
I (282) cpu_start: Pro cpu start user code
I (282) cpu_start: cpu freq: 160000000 Hz
I (282) app_init: Application information:
I (282) app_init: Project name:     get
I (286) app_init: App version:      bafef13-dirty
I (290) app_init: Compile time:     Oct  6 2025 18:55:00
I (295) app_init: ELF file SHA256:  4f99447d7...
I (299) app_init: ESP-IDF:          v5.4.1
I (303) efuse_init: Min chip rev:     v0.0
I (307) efuse_init: Max chip rev:     v0.99 
I (311) efuse_init: Chip rev:         v0.1
I (315) heap_init: Initializing. RAM available for dynamic allocation:
I (321) heap_init: At 3FCA53D8 len 00044338 (272 KiB): RAM
I (326) heap_init: At 3FCE9710 len 00005724 (21 KiB): RAM
I (332) heap_init: At 3FCF0000 len 00008000 (32 KiB): DRAM
I (337) heap_init: At 600FE11C len 00001ECC (7 KiB): RTCRAM
I (343) spi_flash: detected chip: gd
I (345) spi_flash: flash io: dio
W (348) spi_flash: Detected size(8192k) larger than the size in the binary image header(2048k). Using the size in the binary image header.
I (361) sleep_gpio: Configure to isolate all GPIO pins in sleep state
I (367) sleep_gpio: Enable automatic switching of GPIO sleep configuration
I (374) main_task: Started on CPU0
I (394) main_task: Calling app_main()
I (394) lightdb: Start LightDB get sample
[5n
Type 'help' to get the list of commands.
Use UP/DOWN arrows to navigate through command history.
Press TAB when typing command name to auto-complete.

Your terminal application does not support escape sequences.

Line editing and history features are disabled.

On Windows, try using Putty instead.
esp32> W (904) lightdb: WiFi and Golioth credentials are not set. Use the shell settings commands to set them.

esp32> 
esp32> 
esp32> 
esp32> settings set wifi/ssid "***MIKES_ORANGE_PI_WIFI_SSID***"
Setting wifi/ssid saved
esp32> 
esp32> 
esp32> 
esp32> 
esp32> 
esp32> settings set wifi/psk "***MIKES_ORANGE_PI_WIFI_PSK***"
Setting wifi/psk saved
esp32> 
esp32> ::add-mask::generated-GxMRtlWTkHqUizOZ

esp32> 
esp32> 
esp32> 
esp32> settings set golioth/psk-id "generated-GxMRtlWTkHqUizOZ@firmware_ci"
Setting golioth/psk-id saved
esp32> 
esp32> 
esp32> 
esp32> 
esp32> 
esp32> settings set golioth/psk "generated-GxMRtlWTkHqUizOZ"
Setting golioth/psk saved
esp32> 
esp32> I (10934) pp: pp rom version: e7ae62f
I (10934) net80211: net80211 rom version: e7ae62f
I (10954) wifi_init: rx ba win: 6
I (10954) wifi_init: accept mbox: 6
I (10954) wifi_init: tcpip mbox: 32
I (10954) wifi_init: udp mbox: 6
I (10954) wifi_init: tcp mbox: 6
I (10964) wifi_init: tcp tx win: 5760
I (10964) wifi_init: tcp rx win: 5760
I (10964) wifi_init: tcp mss: 1440
I (10964) wifi_init: WiFi IRAM OP enabled
I (10984) wifi_init: WiFi RX IRAM OP enabled
I (10984) phy_init: phy_version 700,8582a7fd,Feb 10 2025,20:13:11
W (10984) phy_init: failed to load RF calibration data (0x1102), falling back to full calibration
I (11024) phy_init: Saving new calibration data due to checksum failure or outdated calibration data, mode(2)
I (13234) esp_netif_handlers: sta ip: 192.168.8.234, mask: 255.255.255.0, gw: 192.168.8.1
I (13234) example_wifi: WiFi Connected. Got IP:192.168.8.234
I (13234) example_wifi: Connected to AP SSID: ***MIKES_ORANGE_PI_WIFI_SSID***
I (13244) golioth_mbox: Mbox created, bufsize: 2688, num_items: 20, item_size: 128
W (13244) lightdb: Waiting for connection to Golioth...
I (13264) golioth_coap_client_libcoap: Start CoAP session with host: coaps://coap.golioth.io
I (13264) golioth_coap_client_libcoap: Session PSK-ID: generated-GxMRtlWTkHqUizOZ@firmware_ci
I (13284) libcoap: Setting PSK key

I (13284) golioth_coap_client_libcoap: Entering CoAP I/O loop
I (14544) golioth_coap_client_libcoap: Golioth CoAP client connected
I (14554) lightdb: Golioth client connected
I (14554) lightdb: Before request (async)
I (14554) lightdb: After request (async)
W (16294) lightdb: Failed to get counter (async): 0
I (19554) lightdb: Before request (sync)
I (19874) lightdb: Counter (sync): 13
I (19874) lightdb: After request (sync)
I (24884) lightdb: Before JSON request (sync)
I (25054) lightdb: 0x3fca8ea0   7b 22 63 6f 75 6e 74 65  72 22 3a 32 37 7d        |{"counter":27}|
I (25054) lightdb: After JSON request (sync)
I (30064) lightdb: Before CBOR request (async)
I (30064) lightdb: After CBOR request (async)
I (30374) lightdb: Counter (CBOR async): 99
I (35064) lightdb: Before request (async)
I (35064) lightdb: After request (async)
I (35644) lightdb: Counter (async): 42
