esptool.py v4.9.0
Serial port /dev/serial/by-id/usb-Silicon_Labs_CP2102N_USB_to_UART_Bridge_Controller_18a5eb8de0faeb11a1553ea4c6d924ec-if00-port0
Connecting....
Detecting chip type... ESP32-C3
Chip is ESP32-C3 (QFN32) (revision v0.3)
Features: WiFi, BLE
Crystal is 40MHz
MAC: 7c:df:a1:da:77:ac
Uploading stub...
Running stub...
Stub running...
Changing baud rate to 460800
Changed.
Configuring flash size...
Erasing flash (this may take a while)...
Chip erase completed successfully in 10.4 seconds.
Compressed 1019984 bytes to 597243...
Writing at 0x00000000... (2 %)
Writing at 0x00011c0c... (5 %)
Writing at 0x0001e96b... (8 %)
Writing at 0x0002aa88... (10 %)
Writing at 0x0003402f... (13 %)
Writing at 0x0003bd4c... (16 %)
Writing at 0x00041ea6... (18 %)
Writing at 0x00048300... (21 %)
Writing at 0x0004e7a7... (24 %)
Writing at 0x00054dcf... (27 %)
Writing at 0x0005a61b... (29 %)
Writing at 0x00060236... (32 %)
Writing at 0x00066919... (35 %)
Writing at 0x0006c50a... (37 %)
Writing at 0x000723e1... (40 %)
Writing at 0x0007856f... (43 %)
Writing at 0x0007e516... (45 %)
Writing at 0x000842e9... (48 %)
Writing at 0x000897e5... (51 %)
Writing at 0x0008f396... (54 %)
Writing at 0x00095580... (56 %)
Writing at 0x0009afd6... (59 %)
Writing at 0x000a089c... (62 %)
Writing at 0x000a6838... (64 %)
Writing at 0x000ad034... (67 %)
Writing at 0x000b31a5... (70 %)
Writing at 0x000b9287... (72 %)
Writing at 0x000bf3c7... (75 %)
Writing at 0x000c4f6d... (78 %)
Writing at 0x000ca5ff... (81 %)
Writing at 0x000d0486... (83 %)
Writing at 0x000d604f... (86 %)
Writing at 0x000dd17c... (89 %)
Writing at 0x000e3baf... (91 %)
Writing at 0x000ea21a... (94 %)
Writing at 0x000f050d... (97 %)
Writing at 0x000f620b... (100 %)
Wrote 1019984 bytes (597243 compressed) at 0x00000000 in 16.9 seconds (effective 482.8 kbit/s)...
Hash of data verified.

Leaving...
Hard resetting via RTS pin...
ESP-ROM:esp32c3-api1-20210207
Build:Feb  7 2021
rst:0x1 (POWERON),boot:0xc (SPI_FAST_FLASH_BOOT)
SPIWP:0xee
mode:DIO, clock div:1
load:0x3fcd5820,len:0x1574
load:0x403cc710,len:0xc30
load:0x403ce710,len:0x2ff0
entry 0x403cc71a
I (30) boot: ESP-IDF v5.4.1 2nd stage bootloader
I (30) boot: compile time Oct  6 2025 18:31:53
I (30) boot: chip revision: v0.3
I (30) boot: efuse block revision: v1.1
I (34) boot.esp32c3: SPI Speed      : 80MHz
I (38) boot.esp32c3: SPI Mode       : DIO
I (41) boot.esp32c3: SPI Flash Size : 4MB
I (45) boot: Enabling RNG early entropy source...
I (50) boot: Partition Table:
I (52) boot: ## Label            Usage          Type ST Offset   Length
I (59) boot:  0 nvs              WiFi data        01 02 00009000 00006000
I (65) boot:  1 phy_init         RF data          01 01 0000f000 00001000
I (72) boot:  2 factory          factory app      00 00 00010000 00100000
I (78) boot: End of partition table
I (81) esp_image: segment 0: paddr=00010020 vaddr=3c0b0020 size=25530h (152880) map
I (113) esp_image: segment 1: paddr=00035558 vaddr=3fc93400 size=03048h ( 12360) load
I (116) esp_image: segment 2: paddr=000385a8 vaddr=40380000 size=07a70h ( 31344) load
I (123) esp_image: segment 3: paddr=00040020 vaddr=42000020 size=ad6dch (710364) map
I (238) esp_image: segment 4: paddr=000ed704 vaddr=40387a70 size=0b900h ( 47360) load
I (247) esp_image: segment 5: paddr=000f900c vaddr=50000200 size=0001ch (    28) load
I (253) boot: Loaded app from partition at offset 0x10000
I (253) boot: Disabling RNG early entropy source...
I (264) cpu_start: Unicore app
I (273) cpu_start: Pro cpu start user code
I (273) cpu_start: cpu freq: 160000000 Hz
I (273) app_init: Application information:
I (273) app_init: Project name:     test
I (276) app_init: App version:      bafef13-dirty
I (281) app_init: Compile time:     Oct  6 2025 18:31:46
I (286) app_init: ELF file SHA256:  02965b3ad...
I (290) app_init: ESP-IDF:          v5.4.1
I (294) efuse_init: Min chip rev:     v0.3
I (298) efuse_init: Max chip rev:     v1.99 
I (302) efuse_init: Chip rev:         v0.3
I (306) heap_init: Initializing. RAM available for dynamic allocation:
I (312) heap_init: At 3FC9E450 len 00021BB0 (134 KiB): RAM
I (317) heap_init: At 3FCC0000 len 0001C710 (113 KiB): Retention RAM
I (323) heap_init: At 3FCDC710 len 00002950 (10 KiB): Retention RAM
I (329) heap_init: At 5000021C len 00001DCC (7 KiB): RTCRAM
I (335) spi_flash: detected chip: generic
I (338) spi_flash: flash io: dio
I (342) sleep_gpio: Configure to isolate all GPIO pins in sleep state
I (347) sleep_gpio: Enable automatic switching of GPIO sleep configuration
I (354) main_task: Started on CPU0
I (384) main_task: Calling app_main()
[5n
Type 'help' to get the list of commands.
Use UP/DOWN arrows to navigate through command history.
Press TAB when typing command name to auto-complete.

Your terminal application does not support escape sequences.

Line editing and history features are disabled.

On Windows, try using Putty instead.
esp32> W (884) hil_test: WiFi and Golioth credentials are not set. Use the shell settings commands to set them.

esp32> 
esp32> 
esp32> 
esp32> settings set wifi/ssid "***MIKES_ORANGE_PI_WIFI_SSID***"
Setting wifi/ssid saved
esp32> 
esp32> 
esp32> 
esp32> 
esp32> 
esp32> settings set wifi/psk "***MIKES_ORANGE_PI_WIFI_PSK***"
Setting wifi/psk saved
esp32> 
esp32> ::add-mask::generated-xnnPwFORHOMjmWCI

esp32> 
esp32> 
esp32> 
esp32> settings set golioth/psk-id "generated-xnnPwFORHOMjmWCI@firmware_ci"
Setting golioth/psk-id saved
esp32> 
esp32> 
esp32> 
esp32> 
esp32> 
esp32> settings set golioth/psk "generated-xnnPwFORHOMjmWCI"
Setting golioth/psk saved
esp32> 
esp32> I (7904) pp: pp rom version: 9387209
I (7904) net80211: net80211 rom version: 9387209
I (7924) wifi_init: rx ba win: 6
I (7924) wifi_init: accept mbox: 6
I (7924) wifi_init: tcpip mbox: 32
I (7924) wifi_init: udp mbox: 6
I (7924) wifi_init: tcp mbox: 6
I (7934) wifi_init: tcp tx win: 5760
I (7934) wifi_init: tcp rx win: 5760
I (7934) wifi_init: tcp mss: 1440
I (7944) wifi_init: WiFi IRAM OP enabled
I (7944) wifi_init: WiFi RX IRAM OP enabled
I (7944) phy_init: phy_version 1200,2b7123f9,Feb 18 2025,15:22:21
W (7954) phy_init: failed to load RF calibration data (0x1102), falling back to full calibration
I (7984) phy_init: Saving new calibration data due to checksum failure or outdated calibration data, mode(2)
I (10004) esp_netif_handlers: sta ip: 192.168.8.119, mask: 255.255.255.0, gw: 192.168.8.1
I (10004) example_wifi: WiFi Connected. Got IP:192.168.8.119
I (10014) example_wifi: Connected to AP SSID: ***MIKES_ORANGE_PI_WIFI_SSID***
I (10014) golioth_mbox: Mbox created, bufsize: 2688, num_items: 20, item_size: 128
I (10034) golioth_coap_client_libcoap: Start CoAP session with host: coaps://coap.golioth.io
I (10034) golioth_coap_client_libcoap: Session PSK-ID: generated-xnnPwFORHOMjmWCI@firmware_ci
I (10054) libcoap: Setting PSK key

I (10054) golioth_coap_client_libcoap: Entering CoAP I/O loop
E (20074) golioth_coap_client_libcoap: Receive timeout
E (20074) golioth_coap_client_libcoap: DTLS handshake failed. Maybe your PSK-ID or PSK is incorrect?
E (20084) lightdb_state: Error response from LightDB State: 9
I (20084) golioth_coap_client_libcoap: Ending session
E (20084) golioth_coap_client_libcoap: Received nack reason: COAP_NACK_TLS_FAILED
I (21094) golioth_coap_client_libcoap: Start CoAP session with host: coaps://coap.golioth.io
I (21094) golioth_coap_client_libcoap: Session PSK-ID: generated-xnnPwFORHOMjmWCI@firmware_ci
I (21104) libcoap: Setting PSK key

I (21104) golioth_coap_client_libcoap: Entering CoAP I/O loop
I (21394) golioth_coap_client_libcoap: Golioth CoAP client connected
I (21964) test_lightdb: LightDB State desired data is ready
W (24264) golioth_coap_client_libcoap: 4.00 (req type: 3, path: .d/hil/lightdb/invalid/dot), len 0
I (24364) test_lightdb: LightDB State reported data is ready
