esptool.py v4.7.0
Serial port /dev/serial/by-id/usb-Silicon_Labs_CP2102N_USB_to_UART_Bridge_Controller_08bd8600facfec119c501d2686bdcd52-if00-port0
Connecting....
Detecting chip type... ESP32-S3
Chip is ESP32-S3 (QFN56) (revision v0.1)
Features: WiFi, BLE, Embedded PSRAM 8MB (AP_3v3)
Crystal is 40MHz
MAC: 34:85:18:6d:04:5c
Uploading stub...
Running stub...
Stub running...
Changing baud rate to 460800
Changed.
Configuring flash size...
Erasing flash (this may take a while)...
Chip erase completed successfully in 0.6s
Compressed 982544 bytes to 610388...
Writing at 0x00000000... (2 %)
Writing at 0x00011b2a... (5 %)
Writing at 0x0001efd0... (7 %)
Writing at 0x0002b139... (10 %)
Writing at 0x000313d4... (13 %)
Writing at 0x00036b94... (15 %)
Writing at 0x00041b49... (18 %)
Writing at 0x0004757c... (21 %)
Writing at 0x0004d117... (23 %)
Writing at 0x000526d5... (26 %)
Writing at 0x000578cf... (28 %)
Writing at 0x0005ce03... (31 %)
Writing at 0x00062a1d... (34 %)
Writing at 0x00067adb... (36 %)
Writing at 0x0006cf4e... (39 %)
Writing at 0x00072120... (42 %)
Writing at 0x00077415... (44 %)
Writing at 0x0007c4e5... (47 %)
Writing at 0x00081c85... (50 %)
Writing at 0x000876fd... (52 %)
Writing at 0x0008cd1c... (55 %)
Writing at 0x00091cae... (57 %)
Writing at 0x00096dc2... (60 %)
Writing at 0x0009c307... (63 %)
Writing at 0x000a143d... (65 %)
Writing at 0x000a65e8... (68 %)
Writing at 0x000abf95... (71 %)
Writing at 0x000b1174... (73 %)
Writing at 0x000b664d... (76 %)
Writing at 0x000bb926... (78 %)
Writing at 0x000c2c8a... (81 %)
Writing at 0x000c8783... (84 %)
Writing at 0x000d1cb6... (86 %)
Writing at 0x000d7943... (89 %)
Writing at 0x000dd730... (92 %)
Writing at 0x000e325a... (94 %)
Writing at 0x000e9242... (97 %)
Writing at 0x000ee1a5... (100 %)
Wrote 982544 bytes (610388 compressed) at 0x00000000 in 14.1 seconds (effective 556.6 kbit/s)...
Hash of data verified.

Leaving...
Hard resetting via RTS pin...
ESP-ROM:esp32s3-20210327
Build:Mar 27 2021
rst:0x1 (POWERON),boot:0x8 (SPI_FAST_FLASH_BOOT)
SPIWP:0xee
mode:DIO, clock div:1
load:0x3fce2810,len:0x178c
load:0x403c8700,len:0x4
load:0x403c8704,len:0xcb8
load:0x403cb700,len:0x2df4
entry 0x403c8914
[0;32mI (27) boot: ESP-IDF v5.3 2nd stage bootloader[0m
[0;32mI (27) boot: compile time Sep 26 2024 00:45:02[0m
[0;32mI (27) boot: Multicore bootloader[0m
[0;32mI (30) boot: chip revision: v0.1[0m
[0;32mI (34) boot.esp32s3: Boot SPI Speed : 80MHz[0m
[0;32mI (38) boot.esp32s3: SPI Mode       : DIO[0m
[0;32mI (43) boot.esp32s3: SPI Flash Size : 4MB[0m
[0;32mI (48) boot: Enabling RNG early entropy source...[0m
[0;32mI (53) boot: Partition Table:[0m
[0;32mI (57) boot: ## Label            Usage          Type ST Offset   Length[0m
[0;32mI (64) boot:  0 nvs              WiFi data        01 02 00009000 00006000[0m
[0;32mI (71) boot:  1 phy_init         RF data          01 01 0000f000 00001000[0m
[0;32mI (79) boot:  2 factory          factory app      00 00 00010000 00100000[0m
[0;32mI (86) boot: End of partition table[0m
[0;32mI (91) esp_image: segment 0: paddr=00010020 vaddr=3c0a0020 size=2b568h (177512) map[0m
[0;32mI (131) esp_image: segment 1: paddr=0003b590 vaddr=3fc98800 size=04a68h ( 19048) load[0m
[0;32mI (135) esp_image: segment 2: paddr=00040000 vaddr=40374000 size=00018h (    24) load[0m
[0;32mI (137) esp_image: segment 3: paddr=00040020 vaddr=42000020 size=9b67ch (636540) map[0m
[0;32mI (259) esp_image: segment 4: paddr=000db6a4 vaddr=40374018 size=14748h ( 83784) load[0m
[0;32mI (286) boot: Loaded app from partition at offset 0x10000[0m
[0;32mI (287) boot: Disabling RNG early entropy source...[0m
[0;32mI (298) cpu_start: Multicore app[0m
[0;32mI (308) cpu_start: Pro cpu start user code[0m
[0;32mI (308) cpu_start: cpu freq: 160000000 Hz[0m
[0;32mI (308) app_init: Application information:[0m
[0;32mI (311) app_init: Project name:     test[0m
[0;32mI (315) app_init: App version:      43af07d-dirty[0m
[0;32mI (321) app_init: Compile time:     Sep 26 2024 00:44:57[0m
[0;32mI (327) app_init: ELF file SHA256:  4deb47b52...[0m
[0;32mI (332) app_init: ESP-IDF:          v5.3[0m
[0;32mI (336) efuse_init: Min chip rev:     v0.0[0m
[0;32mI (341) efuse_init: Max chip rev:     v0.99 [0m
[0;32mI (346) efuse_init: Chip rev:         v0.1[0m
[0;32mI (351) heap_init: Initializing. RAM available for dynamic allocation:[0m
[0;32mI (358) heap_init: At 3FCA4980 len 00044D90 (275 KiB): RAM[0m
[0;32mI (364) heap_init: At 3FCE9710 len 00005724 (21 KiB): RAM[0m
[0;32mI (370) heap_init: At 3FCF0000 len 00008000 (32 KiB): DRAM[0m
[0;32mI (377) heap_init: At 600FE100 len 00001EE8 (7 KiB): RTCRAM[0m
[0;32mI (384) spi_flash: detected chip: gd[0m
[0;32mI (387) spi_flash: flash io: dio[0m
[0;33mW (391) spi_flash: Detected size(8192k) larger than the size in the binary image header(4096k). Using the size in the binary image header.[0m
[0;32mI (404) sleep: Configure to isolate all GPIO pins in sleep state[0m
[0;32mI (411) sleep: Enable automatic switching of GPIO sleep configuration[0m
[0;32mI (418) main_task: Started on CPU0[0m
[0;32mI (438) main_task: Calling app_main()[0m
[5n
Type 'help' to get the list of commands.
Use UP/DOWN arrows to navigate through command history.
Press TAB when typing command name to auto-complete.

Your terminal application does not support escape sequences.

Line editing and history features are disabled.

On Windows, try using Putty instead.
esp32> [0;33mW (948) hil_test: WiFi and Golioth credentials are not set. Use the shell settings commands to set them.[0m

esp32> 
esp32> 
esp32> 
esp32> settings set wifi/ssid "***MIKES_ORANGE_PI_WIFI_SSID***"
Setting wifi/ssid saved
esp32> 
esp32> 
esp32> 
esp32> 
esp32> 
esp32> settings set wifi/psk "***MIKES_ORANGE_PI_WIFI_PSK***"
Setting wifi/psk saved
esp32> 
esp32> ::add-mask::generated-UFOswIPGzvjhbmxg

esp32> 
esp32> 
esp32> 
esp32> settings set golioth/psk-id "generated-UFOswIPGzvjhbmxg@firmware_ci"
Setting golioth/psk-id saved
esp32> 
esp32> 
esp32> 
esp32> 
esp32> 
esp32> settings set golioth/psk "generated-UFOswIPGzvjhbmxg"
Setting golioth/psk saved
esp32> 
esp32> [0;32mI (7978) pp: pp rom version: e7ae62f[0m
[0;32mI (7978) net80211: net80211 rom version: e7ae62f[0m
[0;32mI (7998) wifi_init: rx ba win: 6[0m
[0;32mI (7998) wifi_init: accept mbox: 6[0m
[0;32mI (7998) wifi_init: tcpip mbox: 32[0m
[0;32mI (7998) wifi_init: udp mbox: 6[0m
[0;32mI (8008) wifi_init: tcp mbox: 6[0m
[0;32mI (8008) wifi_init: tcp tx win: 5760[0m
[0;32mI (8008) wifi_init: tcp rx win: 5760[0m
[0;32mI (8018) wifi_init: tcp mss: 1440[0m
[0;32mI (8028) wifi_init: WiFi IRAM OP enabled[0m
[0;32mI (8028) wifi_init: WiFi RX IRAM OP enabled[0m
[0;32mI (8038) phy_init: phy_version 680,a6008b2,Jun  4 2024,16:41:10[0m
[0;33mW (8038) phy_init: failed to load RF calibration data (0x1102), falling back to full calibration[0m
[0;33mW (8078) phy_init: saving new calibration data because of checksum failure, mode(2)[0m
[0;32mI (12648) esp_netif_handlers: sta ip: 192.168.8.235, mask: 255.255.255.0, gw: 192.168.8.1[0m
[0;32mI (12648) example_wifi: WiFi Connected. Got IP:192.168.8.235[0m
[0;32mI (12658) example_wifi: Connected to AP SSID: ***MIKES_ORANGE_PI_WIFI_SSID***[0m
[0;32mI (12658) golioth_mbox: Mbox created, bufsize: 2520, num_items: 20, item_size: 120[0m
[0;32mI (12678) golioth_coap_client_libcoap: Start CoAP session with host: coaps://coap.golioth.io[0m
[0;32mI (12678) golioth_coap_client_libcoap: Session PSK-ID: generated-UFOswIPGzvjhbmxg@firmware_ci[0m
[0;32mI (12698) libcoap: Setting PSK key
[0m
[0;32mI (12708) golioth_coap_client_libcoap: Entering CoAP I/O loop[0m
[0;32mI (14018) golioth_coap_client_libcoap: Golioth CoAP client connected[0m
[0;32mI (14018) test_connect: Golioth client connected[0m
[0;32mI (15028) test_connect: Stopping client[0m
[0;32mI (15028) golioth_coap_client_libcoap: Attempting to stop client[0m
[0;32mI (15068) golioth_coap_client_libcoap: Stopping[0m
[0;32mI (15068) golioth_coap_client_libcoap: Ending session[0m
[0;32mI (15068) test_connect: Golioth client disconnected[0m
[0;32mI (26128) test_connect: Starting client[0m
[0;32mI (26468) golioth_coap_client_libcoap: Start CoAP session with host: coaps://coap.golioth.io[0m
[0;32mI (26468) golioth_coap_client_libcoap: Session PSK-ID: generated-UFOswIPGzvjhbmxg@firmware_ci[0m
[0;32mI (26488) libcoap: Setting PSK key
[0m
[0;32mI (26488) golioth_coap_client_libcoap: Entering CoAP I/O loop[0m
[0;32mI (27748) golioth_coap_client_libcoap: Golioth CoAP client connected[0m
[0;32mI (27758) test_connect: Golioth client connected[0m
[0;32mI (28758) test_connect: Destroying client[0m
[0;32mI (28758) golioth_coap_client_libcoap: Attempting to stop client[0m
[0;32mI (28818) golioth_coap_client_libcoap: Stopping[0m
[0;32mI (28818) golioth_coap_client_libcoap: Ending session[0m
[0;32mI (28818) test_connect: Golioth client disconnected[0m
[0;32mI (39858) test_connect: Starting client[0m
[0;32mI (39858) golioth_mbox: Mbox created, bufsize: 2520, num_items: 20, item_size: 120[0m
[0;32mI (39858) golioth_coap_client_libcoap: Start CoAP session with host: coaps://coap.golioth.io[0m
[0;32mI (39868) golioth_coap_client_libcoap: Session PSK-ID: generated-UFOswIPGzvjhbmxg@firmware_ci[0m
[0;32mI (39888) libcoap: Setting PSK key
[0m
[0;32mI (39888) golioth_coap_client_libcoap: Entering CoAP I/O loop[0m
[0;32mI (40238) golioth_coap_client_libcoap: Golioth CoAP client connected[0m
