esptool.py v4.7.0
Serial port /dev/serial/by-id/usb-Silicon_Labs_CP2102N_USB_to_UART_Bridge_Controller_08bd8600facfec119c501d2686bdcd52-if00-port0
Connecting....
Detecting chip type... ESP32-S3
Chip is ESP32-S3 (QFN56) (revision v0.1)
Features: WiFi, BLE, Embedded PSRAM 8MB (AP_3v3)
Crystal is 40MHz
MAC: 34:85:18:6d:04:5c
Uploading stub...
Running stub...
Stub running...
Changing baud rate to 460800
Changed.
Configuring flash size...
Erasing flash (this may take a while)...
Chip erase completed successfully in 1.3s
Compressed 992160 bytes to 615914...
Writing at 0x00000000... (2 %)
Writing at 0x00011b2a... (5 %)
Writing at 0x0001f384... (7 %)
Writing at 0x0002b551... (10 %)
Writing at 0x00031b38... (13 %)
Writing at 0x0003719d... (15 %)
Writing at 0x00041e50... (18 %)
Writing at 0x000477fa... (21 %)
Writing at 0x0004d3e9... (23 %)
Writing at 0x00052b9a... (26 %)
Writing at 0x00057e6a... (28 %)
Writing at 0x0005d228... (31 %)
Writing at 0x0006305c... (34 %)
Writing at 0x00068121... (36 %)
Writing at 0x0006d33d... (39 %)
Writing at 0x000727b1... (42 %)
Writing at 0x000778be... (44 %)
Writing at 0x0007cbc2... (47 %)
Writing at 0x0008214c... (50 %)
Writing at 0x00087cdd... (52 %)
Writing at 0x0008d1a2... (55 %)
Writing at 0x00092354... (57 %)
Writing at 0x000972b3... (60 %)
Writing at 0x0009c7e0... (63 %)
Writing at 0x000a18c1... (65 %)
Writing at 0x000a6c29... (68 %)
Writing at 0x000ac1f5... (71 %)
Writing at 0x000b1791... (73 %)
Writing at 0x000b6846... (76 %)
Writing at 0x000bbef5... (78 %)
Writing at 0x000c2017... (81 %)
Writing at 0x000c8e45... (84 %)
Writing at 0x000d18a0... (86 %)
Writing at 0x000d7fc5... (89 %)
Writing at 0x000dda20... (92 %)
Writing at 0x000e39e2... (94 %)
Writing at 0x000e941a... (97 %)
Writing at 0x000eec70... (100 %)
Wrote 992160 bytes (615914 compressed) at 0x00000000 in 14.3 seconds (effective 553.7 kbit/s)...
Hash of data verified.

Leaving...
Hard resetting via RTS pin...
ESP-ROM:esp32s3-20210327
Build:Mar 27 2021
rst:0x1 (POWERON),boot:0x8 (SPI_FAST_FLASH_BOOT)
SPIWP:0xee
mode:DIO, clock div:1
load:0x3fce2810,len:0x178c
load:0x403c8700,len:0x4
load:0x403c8704,len:0xcb8
load:0x403cb700,len:0x2df4
entry 0x403c8914
[0;32mI (27) boot: ESP-IDF v5.3 2nd stage bootloader[0m
[0;32mI (27) boot: compile time Sep 26 2024 00:45:02[0m
[0;32mI (27) boot: Multicore bootloader[0m
[0;32mI (30) boot: chip revision: v0.1[0m
[0;32mI (34) boot.esp32s3: Boot SPI Speed : 80MHz[0m
[0;32mI (38) boot.esp32s3: SPI Mode       : DIO[0m
[0;32mI (43) boot.esp32s3: SPI Flash Size : 4MB[0m
[0;32mI (48) boot: Enabling RNG early entropy source...[0m
[0;32mI (53) boot: Partition Table:[0m
[0;32mI (57) boot: ## Label            Usage          Type ST Offset   Length[0m
[0;32mI (64) boot:  0 nvs              WiFi data        01 02 00009000 00006000[0m
[0;32mI (71) boot:  1 phy_init         RF data          01 01 0000f000 00001000[0m
[0;32mI (79) boot:  2 factory          factory app      00 00 00010000 00100000[0m
[0;32mI (86) boot: End of partition table[0m
[0;32mI (91) esp_image: segment 0: paddr=00010020 vaddr=3c0a0020 size=2bf08h (179976) map[0m
[0;32mI (131) esp_image: segment 1: paddr=0003bf30 vaddr=3fc98800 size=040e8h ( 16616) load[0m
[0;32mI (135) esp_image: segment 2: paddr=00040020 vaddr=42000020 size=9d264h (643684) map[0m
[0;32mI (253) esp_image: segment 3: paddr=000dd28c vaddr=3fc9c8e8 size=00980h (  2432) load[0m
[0;32mI (253) esp_image: segment 4: paddr=000ddc14 vaddr=40374000 size=14760h ( 83808) load[0m
[0;32mI (285) boot: Loaded app from partition at offset 0x10000[0m
[0;32mI (285) boot: Disabling RNG early entropy source...[0m
[0;32mI (297) cpu_start: Multicore app[0m
[0;32mI (306) cpu_start: Pro cpu start user code[0m
[0;32mI (306) cpu_start: cpu freq: 160000000 Hz[0m
[0;32mI (307) app_init: Application information:[0m
[0;32mI (309) app_init: Project name:     test[0m
[0;32mI (314) app_init: App version:      43af07d-dirty[0m
[0;32mI (319) app_init: Compile time:     Sep 26 2024 00:44:57[0m
[0;32mI (325) app_init: ELF file SHA256:  141f5f138...[0m
[0;32mI (331) app_init: ESP-IDF:          v5.3[0m
[0;32mI (335) efuse_init: Min chip rev:     v0.0[0m
[0;32mI (340) efuse_init: Max chip rev:     v0.99 [0m
[0;32mI (345) efuse_init: Chip rev:         v0.1[0m
[0;32mI (350) heap_init: Initializing. RAM available for dynamic allocation:[0m
[0;32mI (357) heap_init: At 3FCA4988 len 00044D88 (275 KiB): RAM[0m
[0;32mI (363) heap_init: At 3FCE9710 len 00005724 (21 KiB): RAM[0m
[0;32mI (369) heap_init: At 3FCF0000 len 00008000 (32 KiB): DRAM[0m
[0;32mI (375) heap_init: At 600FE100 len 00001EE8 (7 KiB): RTCRAM[0m
[0;32mI (383) spi_flash: detected chip: gd[0m
[0;32mI (386) spi_flash: flash io: dio[0m
[0;33mW (390) spi_flash: Detected size(8192k) larger than the size in the binary image header(4096k). Using the size in the binary image header.[0m
[0;32mI (403) sleep: Configure to isolate all GPIO pins in sleep state[0m
[0;32mI (410) sleep: Enable automatic switching of GPIO sleep configuration[0m
[0;32mI (417) main_task: Started on CPU0[0m
[0;32mI (437) main_task: Calling app_main()[0m
[5n
Type 'help' to get the list of commands.
Use UP/DOWN arrows to navigate through command history.
Press TAB when typing command name to auto-complete.

Your terminal application does not support escape sequences.

Line editing and history features are disabled.

On Windows, try using Putty instead.
esp32> [0;33mW (947) hil_test: WiFi and Golioth credentials are not set. Use the shell settings commands to set them.[0m

esp32> 
esp32> 
esp32> 
esp32> settings set wifi/ssid "***MIKES_ORANGE_PI_WIFI_SSID***"
Setting wifi/ssid saved
esp32> 
esp32> 
esp32> 
esp32> 
esp32> 
esp32> settings set wifi/psk "***MIKES_ORANGE_PI_WIFI_PSK***"
Setting wifi/psk saved
esp32> 
esp32> ::add-mask::generated-nRIhhRMNKRMMvljA

esp32> 
esp32> 
esp32> 
esp32> settings set golioth/psk-id "generated-nRIhhRMNKRMMvljA@firmware_ci"
Setting golioth/psk-id saved
esp32> 
esp32> 
esp32> 
esp32> 
esp32> 
esp32> settings set golioth/psk "generated-nRIhhRMNKRMMvljA"
Setting golioth/psk saved
esp32> 
esp32> [0;32mI (16977) pp: pp rom version: e7ae62f[0m
[0;32mI (16977) net80211: net80211 rom version: e7ae62f[0m
[0;32mI (16997) wifi_init: rx ba win: 6[0m
[0;32mI (16997) wifi_init: accept mbox: 6[0m
[0;32mI (16997) wifi_init: tcpip mbox: 32[0m
[0;32mI (16997) wifi_init: udp mbox: 6[0m
[0;32mI (17007) wifi_init: tcp mbox: 6[0m
[0;32mI (17007) wifi_init: tcp tx win: 5760[0m
[0;32mI (17007) wifi_init: tcp rx win: 5760[0m
[0;32mI (17017) wifi_init: tcp mss: 1440[0m
[0;32mI (17027) wifi_init: WiFi IRAM OP enabled[0m
[0;32mI (17027) wifi_init: WiFi RX IRAM OP enabled[0m
[0;32mI (17037) phy_init: phy_version 680,a6008b2,Jun  4 2024,16:41:10[0m
[0;33mW (17037) phy_init: failed to load RF calibration data (0x1102), falling back to full calibration[0m
[0;33mW (17087) phy_init: saving new calibration data because of checksum failure, mode(2)[0m
[0;32mI (18687) esp_netif_handlers: sta ip: 192.168.8.235, mask: 255.255.255.0, gw: 192.168.8.1[0m
[0;32mI (18687) example_wifi: WiFi Connected. Got IP:192.168.8.235[0m
[0;32mI (18697) example_wifi: Connected to AP SSID: ***MIKES_ORANGE_PI_WIFI_SSID***[0m
[0;32mI (18697) golioth_mbox: Mbox created, bufsize: 2520, num_items: 20, item_size: 120[0m
[0;32mI (19127) golioth_coap_client_libcoap: Start CoAP session with host: coaps://coap.golioth.io[0m
[0;32mI (19127) golioth_coap_client_libcoap: Session PSK-ID: generated-nRIhhRMNKRMMvljA@firmware_ci[0m
[0;32mI (19147) libcoap: Setting PSK key
[0m
[0;32mI (19157) golioth_coap_client_libcoap: Entering CoAP I/O loop[0m
[0;32mI (19587) golioth_coap_client_libcoap: Golioth CoAP client connected[0m
[0;32mI (19947) test_settings: Received test_string: foo[0m
[0;32mI (19947) test_settings: Received test_cancel: 0[0m
[0;32mI (19957) test_settings: Received test_restart: false[0m
[0;32mI (19967) test_settings: Received test_int_range: 1[0m
[0;32mI (19967) test_settings: Received test_float: 1.230000[0m
[0;32mI (19977) test_settings: Received test_int: 1[0m
[0;32mI (19977) test_settings: Received test_bool: false[0m
[0;32mI (20357) test_settings: Received test_cancel: 0[0m
[0;32mI (20367) test_settings: Received test_string: foo[0m
[0;32mI (20367) test_settings: Received test_restart: false[0m
[0;32mI (20377) test_settings: Received test_int: 1[0m
[0;32mI (20377) test_settings: Received test_int_range: 1[0m
[0;32mI (20377) test_settings: Received test_bool: false[0m
[0;32mI (20387) test_settings: Received test_float: 1.230000[0m
[0;31mE (20387) golioth_settings: Failed to send a response to server: 10[0m
[0;32mI (20767) test_settings: Received test_bool: false[0m
[0;32mI (20767) test_settings: Received test_restart: false[0m
[0;32mI (20767) test_settings: Received test_int: 1[0m
[0;32mI (20787) test_settings: Received test_int_range: 1[0m
[0;32mI (20787) test_settings: Received test_float: 1.230000[0m
[0;32mI (20797) test_settings: Received test_string: foo[0m
[0;32mI (20797) test_settings: Received test_cancel: 0[0m
[0;31mE (20797) golioth_settings: Failed to send a response to server: 10[0m
[0;32mI (21177) test_settings: Received test_bool: false[0m
[0;32mI (21177) test_settings: Received test_float: 1.230000[0m
[0;32mI (21177) test_settings: Received test_int_range: 1[0m
[0;32mI (21197) test_settings: Received test_string: foo[0m
[0;32mI (21197) test_settings: Received test_restart: false[0m
[0;32mI (21197) test_settings: Received test_int: 1[0m
[0;32mI (21207) test_settings: Received test_cancel: 0[0m
[0;31mE (21207) golioth_settings: Failed to send a response to server: 10[0m
[0;32mI (21797) test_settings: Received test_int: 1[0m
[0;32mI (21797) test_settings: Received test_string: foo[0m
[0;32mI (21797) test_settings: Received test_bool: false[0m
[0;32mI (21807) test_settings: Received test_float: 1.230000[0m
[0;32mI (21807) test_settings: Received test_cancel: 0[0m
[0;32mI (21807) test_settings: Received test_int_range: 1[0m
[0;32mI (21817) test_settings: Received test_restart: false[0m
[0;31mE (21827) golioth_settings: Failed to send a response to server: 10[0m
[0;32mI (22407) test_settings: Received test_int_range: 1[0m
[0;32mI (22407) test_settings: Received test_int: 42[0m
[0;3