esptool.py v4.9.0
Serial port /dev/serial/by-id/usb-Silicon_Labs_CP2102N_USB_to_UART_Bridge_Controller_18a5eb8de0faeb11a1553ea4c6d924ec-if00-port0
Connecting....
Detecting chip type... ESP32-C3
Chip is ESP32-C3 (QFN32) (revision v0.3)
Features: WiFi, BLE
Crystal is 40MHz
MAC: 7c:df:a1:da:77:ac
Uploading stub...
Running stub...
Stub running...
Changing baud rate to 460800
Changed.
Configuring flash size...
Erasing flash (this may take a while)...
Chip erase completed successfully in 10.5 seconds.
Compressed 1022560 bytes to 599001...
Writing at 0x00000000... (2 %)
Writing at 0x00011be7... (5 %)
Writing at 0x0001e938... (8 %)
Writing at 0x0002aa4a... (10 %)
Writing at 0x00033fc2... (13 %)
Writing at 0x0003bce1... (16 %)
Writing at 0x00041e1f... (18 %)
Writing at 0x000481a0... (21 %)
Writing at 0x0004e6f0... (24 %)
Writing at 0x00054e4a... (27 %)
Writing at 0x0005a6d0... (29 %)
Writing at 0x000602bb... (32 %)
Writing at 0x00066954... (35 %)
Writing at 0x0006c4c1... (37 %)
Writing at 0x0007237c... (40 %)
Writing at 0x00078668... (43 %)
Writing at 0x0007e440... (45 %)
Writing at 0x000843cf... (48 %)
Writing at 0x000898eb... (51 %)
Writing at 0x0008f3cb... (54 %)
Writing at 0x000955f8... (56 %)
Writing at 0x0009b016... (59 %)
Writing at 0x000a0959... (62 %)
Writing at 0x000a68ef... (64 %)
Writing at 0x000ace7b... (67 %)
Writing at 0x000b2f3b... (70 %)
Writing at 0x000b93e8... (72 %)
Writing at 0x000bf374... (75 %)
Writing at 0x000c50b9... (78 %)
Writing at 0x000ca6d6... (81 %)
Writing at 0x000d0505... (83 %)
Writing at 0x000d6226... (86 %)
Writing at 0x000dd202... (89 %)
Writing at 0x000e368d... (91 %)
Writing at 0x000ea331... (94 %)
Writing at 0x000f03d5... (97 %)
Writing at 0x000f6282... (100 %)
Wrote 1022560 bytes (599001 compressed) at 0x00000000 in 17.0 seconds (effective 481.3 kbit/s)...
Hash of data verified.

Leaving...
Hard resetting via RTS pin...
ESP-ROM:esp32c3-api1-20210207
Build:Feb  7 2021
rst:0x1 (POWERON),boot:0xc (SPI_FAST_FLASH_BOOT)
SPIWP:0xee
mode:DIO, clock div:1
load:0x3fcd5820,len:0x1574
load:0x403cc710,len:0xc30
load:0x403ce710,len:0x2ff0
entry 0x403cc71a
I (30) boot: ESP-IDF v5.4.1 2nd stage bootloader
I (30) boot: compile time Oct  8 2025 00:04:45
I (30) boot: chip revision: v0.3
I (30) boot: efuse block revision: v1.1
I (34) boot.esp32c3: SPI Speed      : 80MHz
I (38) boot.esp32c3: SPI Mode       : DIO
I (41) boot.esp32c3: SPI Flash Size : 4MB
I (45) boot: Enabling RNG early entropy source...
I (50) boot: Partition Table:
I (52) boot: ## Label            Usage          Type ST Offset   Length
I (59) boot:  0 nvs              WiFi data        01 02 00009000 00006000
I (65) boot:  1 phy_init         RF data          01 01 0000f000 00001000
I (72) boot:  2 factory          factory app      00 00 00010000 00100000
I (78) boot: End of partition table
I (81) esp_image: segment 0: paddr=00010020 vaddr=3c0b0020 size=254b0h (152752) map
I (113) esp_image: segment 1: paddr=000354d8 vaddr=3fc93400 size=03048h ( 12360) load
I (116) esp_image: segment 2: paddr=00038528 vaddr=40380000 size=07af0h ( 31472) load
I (123) esp_image: segment 3: paddr=00040020 vaddr=42000020 size=ae16ch (713068) map
I (238) esp_image: segment 4: paddr=000ee194 vaddr=40387af0 size=0b880h ( 47232) load
I (247) esp_image: segment 5: paddr=000f9a1c vaddr=50000200 size=0001ch (    28) load
I (253) boot: Loaded app from partition at offset 0x10000
I (254) boot: Disabling RNG early entropy source...
I (265) cpu_start: Unicore app
I (273) cpu_start: Pro cpu start user code
I (273) cpu_start: cpu freq: 160000000 Hz
I (273) app_init: Application information:
I (273) app_init: Project name:     test
I (277) app_init: App version:      aff82a8-dirty
I (281) app_init: Compile time:     Oct  8 2025 00:04:38
I (286) app_init: ELF file SHA256:  f6ec07868...
I (291) app_init: ESP-IDF:          v5.4.1
I (294) efuse_init: Min chip rev:     v0.3
I (298) efuse_init: Max chip rev:     v1.99 
I (302) efuse_init: Chip rev:         v0.3
I (306) heap_init: Initializing. RAM available for dynamic allocation:
I (312) heap_init: At 3FC9DE20 len 000221E0 (136 KiB): RAM
I (318) heap_init: At 3FCC0000 len 0001C710 (113 KiB): Retention RAM
I (324) heap_init: At 3FCDC710 len 00002950 (10 KiB): Retention RAM
I (330) heap_init: At 5000021C len 00001DCC (7 KiB): RTCRAM
I (336) spi_flash: detected chip: generic
I (339) spi_flash: flash io: dio
I (342) sleep_gpio: Configure to isolate all GPIO pins in sleep state
I (348) sleep_gpio: Enable automatic switching of GPIO sleep configuration
I (355) main_task: Started on CPU0
I (385) main_task: Calling app_main()
[5n
Type 'help' to get the list of commands.
Use UP/DOWN arrows to navigate through command history.
Press TAB when typing command name to auto-complete.

Your terminal application does not support escape sequences.

Line editing and history features are disabled.

On Windows, try using Putty instead.
esp32> W (885) hil_test: WiFi and Golioth credentials are not set. Use the shell settings commands to set them.

esp32> 
esp32> 
esp32> 
esp32> settings set wifi/ssid "***MIKES_ORANGE_PI_WIFI_SSID***"
Setting wifi/ssid saved
esp32> 
esp32> 
esp32> 
esp32> 
esp32> 
esp32> settings set wifi/psk "***MIKES_ORANGE_PI_WIFI_PSK***"
Setting wifi/psk saved
esp32> 
esp32> ::add-mask::generated-DIjueDismBaTYGnr

esp32> 
esp32> 
esp32> 
esp32> settings set golioth/psk-id "generated-DIjueDismBaTYGnr@firmware_ci"
Setting golioth/psk-id saved
esp32> 
esp32> 
esp32> 
esp32> 
esp32> 
esp32> settings set golioth/psk "generated-DIjueDismBaTYGnr"
Setting golioth/psk saved
esp32> 
esp32> I (13905) pp: pp rom version: 9387209
I (13905) net80211: net80211 rom version: 9387209
I (13925) wifi_init: rx ba win: 6
I (13925) wifi_init: accept mbox: 6
I (13925) wifi_init: tcpip mbox: 32
I (13925) wifi_init: udp mbox: 6
I (13925) wifi_init: tcp mbox: 6
I (13935) wifi_init: tcp tx win: 5760
I (13935) wifi_init: tcp rx win: 5760
I (13935) wifi_init: tcp mss: 1440
I (13945) wifi_init: WiFi IRAM OP enabled
I (13945) wifi_init: WiFi RX IRAM OP enabled
I (13945) phy_init: phy_version 1200,2b7123f9,Feb 18 2025,15:22:21
W (13955) phy_init: failed to load RF calibration data (0x1102), falling back to full calibration
I (13995) phy_init: Saving new calibration data due to checksum failure or outdated calibration data, mode(2)
I (16085) esp_netif_handlers: sta ip: 192.168.8.119, mask: 255.255.255.0, gw: 192.168.8.1
I (16085) example_wifi: WiFi Connected. Got IP:192.168.8.119
I (16095) example_wifi: Connected to AP SSID: ***MIKES_ORANGE_PI_WIFI_SSID***
I (16095) golioth_mbox: Mbox created, bufsize: 2688, num_items: 20, item_size: 128
I (16115) golioth_coap_client_libcoap: Start CoAP session with host: coaps://coap.golioth.io
I (16125) golioth_coap_client_libcoap: Session PSK-ID: generated-DIjueDismBaTYGnr@firmware_ci
I (16135) libcoap: Setting PSK key

I (16135) golioth_coap_client_libcoap: Entering CoAP I/O loop
I (17675) golioth_coap_client_libcoap: Golioth CoAP client connected
I (17875) test_settings: Received test_int_range: 1
I (17875) test_settings: Received test_string: foo
I (17875) test_settings: Received test_bool: false
I (17885) test_settings: Received test_cancel: 0
I (17885) test_settings: Received test_float: 1.230000
I (17895) test_settings: Received test_int: 1
I (17905) test_settings: Received test_restart: false
I (18085) test_settings: Received test_string: foo
I (18085) test_settings: Received test_float: 1.230000
I (18085) test_settings: Received test_bool: false
I (18085) test_settings: Received test_int_range: 1
I (18095) test_settings: Received test_cancel: 0
I (18095) test_settings: Received test_int: 1
I (18105) test_settings: Received test_restart: false
E (18105) golioth_settings: Failed to send a response to server: 10
I (18285) test_settings: Received test_float: 1.230000
I (18285) test_settings: Received test_int_range: 1
I (18285) test_settings: Received test_bool: false
I (18295) test_settings: Received test_cancel: 0
I (18295) test_settings: Received test_restart: false
I (18295) test_settings: Received test_string: foo
I (18315) test_settings: Received test_int: 1
E (18315) golioth_settings: Failed to send a response to server: 10
I (18485) test_settings: Received test_float: 1.230000
I (18495) test_settings: Received test_string: foo
I (18495) test_settings: Received test_bool: false
I (18505) test_settings: Received test_cancel: 0
I (18505) test_settings: Received test_restart: false
I (18505) test_settings: Received test_int: 1
I (18515) test_settings: Received test_int_range: 1
E (18515) golioth_settings: Failed to send a response to server: 10
I (18695) test_settings: Received test_string: foo
I (18695) test_settings: Received test_cancel: 0
I (18695) test_settings: Received test_bool: false
I (18705) test_settings: Received test_int_range: 1
I (18705) test_settings: Received test_restart: false
I (18705) test_settings: Received test_int: 1
I (18715) test_settings: Received test_float: 1.230000
E (18725) golioth_settings: Failed to send a response to server: 10
I (19105) test_settings: Received test_int_range: 1
I (19105) test_settings: Received test_cancel: 0
I (19105) test_settings: Received test_string: foo
I (19115) test_settings: Received test_bool: false
I (19115) test_settings: Received test_float: 1.230000
I (19115) test_settings: Received test_restart: false
I (19125) test_settings: Received test_int: 1
E (19135) golioth_settings: Failed to send a response to server: 10
I (19305) test_settings: Received test_bool: false
I (19315) test_settings: Received test_cancel: 0
I (19315) test_settings: Received test_int: 1
I (19315) test_settings: Received test_restart: false
I (19325) test_settings: Received test_string: foo
I (19325) test_settings: Received test_float: 1.230000
I (19335) test_settings: Received test_int_range: 1
E (19335) golioth_settings: Failed to send a response to server: 10
I (20335) test_settings: Received test_string: foo
I (20335) test_settings: Received test_bool: false
I (20335) test_settings: Received test_float: 1.230000
I (20345) test_settings: Received test_restart: false
I (20345) test_settings: Received test_int: 1
I (20345) test_settings: Received test_cancel: 0
I (20365) test_settings: Received test_int_range: 1
E (20365) golioth_settings: Failed to send a response to server: 10
I (20835) test_settings: Received test_int: 1
I (20835) test_settings: Received test_int_range: 1
I (20835) test_settings: Received test_bool: false
I (20845) test_settings: Received test_float: 1.230000
I (20855) test_settings: Received test_cancel: 0
I (20855) test_settings: Received test_restart: false
I (20865) test_settings: Received test_string: foo
E (20865) golioth_settings: Failed to send a response to server: 10
I (22675) test_settings: Settings registration complete
I (23985) test_settings: Received test_string: foo
I (23985) test_settings: Received test_int: 42
I (23985) test_settings: Rec