esptool.py v4.9.0
Serial port /dev/serial/by-id/usb-Silicon_Labs_CP2102N_USB_to_UART_Bridge_Controller_6a5ea5870128ee11b6e611d8f49e3369-if00-port0
Connecting....
Detecting chip type... ESP32-S3
Chip is ESP32-S3 (QFN56) (revision v0.2)
Features: WiFi, BLE, Embedded PSRAM 2MB (AP_3v3)
Crystal is 40MHz
MAC: dc:da:0c:61:9f:74
Uploading stub...
Running stub...
Stub running...
Changing baud rate to 460800
Changed.
Configuring flash size...
Erasing flash (this may take a while)...
Chip erase completed successfully in 0.8 seconds.
Compressed 958368 bytes to 596399...
Writing at 0x00000000... (2 %)
Writing at 0x000115dd... (5 %)
Writing at 0x0001e4af... (8 %)
Writing at 0x0002a1e3... (10 %)
Writing at 0x00033905... (13 %)
Writing at 0x0003c746... (16 %)
Writing at 0x00042835... (18 %)
Writing at 0x0004812e... (21 %)
Writing at 0x0004dd72... (24 %)
Writing at 0x00053486... (27 %)
Writing at 0x000586f5... (29 %)
Writing at 0x0005db56... (32 %)
Writing at 0x000634fd... (35 %)
Writing at 0x0006854c... (37 %)
Writing at 0x0006d908... (40 %)
Writing at 0x00072b30... (43 %)
Writing at 0x00077dbb... (45 %)
Writing at 0x0007cf2e... (48 %)
Writing at 0x00082601... (51 %)
Writing at 0x00087b20... (54 %)
Writing at 0x0008d146... (56 %)
Writing at 0x000920cc... (59 %)
Writing at 0x00097158... (62 %)
Writing at 0x0009c743... (64 %)
Writing at 0x000a1942... (67 %)
Writing at 0x000a6b2d... (70 %)
Writing at 0x000ac320... (72 %)
Writing at 0x000b1622... (75 %)
Writing at 0x000b6706... (78 %)
Writing at 0x000bbd4f... (81 %)
Writing at 0x000c204f... (83 %)
Writing at 0x000c8af1... (86 %)
Writing at 0x000d0aa3... (89 %)
Writing at 0x000d6f8d... (91 %)
Writing at 0x000dc735... (94 %)
Writing at 0x000e25d6... (97 %)
Writing at 0x000e7870... (100 %)
Wrote 958368 bytes (596399 compressed) at 0x00000000 in 13.8 seconds (effective 555.1 kbit/s)...
Hash of data verified.

Leaving...
Hard resetting via RTS pin...
Build:Mar 27 2021
rst:0x1 (POWERON),boot:0x8 (SPI_FAST_FLASH_BOOT)
SPIWP:0xee
mode:DIO, clock div:1
load:0x3fce2810,len:0x15a0
load:0x403c8700,len:0x4
load:0x403c8704,len:0xd20
load:0x403cb700,len:0x2f58
entry 0x403c8928
I (27) boot: ESP-IDF v5.4.1 2nd stage bootloader
I (27) boot: compile time Oct  8 2025 00:03:58
I (27) boot: Multicore bootloader
I (27) boot: chip revision: v0.2
I (30) boot: efuse block revision: v1.3
I (33) boot.esp32s3: Boot SPI Speed : 80MHz
I (37) boot.esp32s3: SPI Mode       : DIO
I (41) boot.esp32s3: SPI Flash Size : 4MB
I (45) boot: Enabling RNG early entropy source...
I (49) boot: Partition Table:
I (52) boot: ## Label            Usage          Type ST Offset   Length
I (58) boot:  0 nvs              WiFi data        01 02 00009000 00006000
I (65) boot:  1 phy_init         RF data          01 01 0000f000 00001000
I (71) boot:  2 factory          factory app      00 00 00010000 00100000
I (78) boot: End of partition table
I (81) esp_image: segment 0: paddr=00010020 vaddr=3c0a0020 size=24160h (147808) map
I (115) esp_image: segment 1: paddr=00034188 vaddr=3fc99400 size=04bc0h ( 19392) load
I (119) esp_image: segment 2: paddr=00038d50 vaddr=40374000 size=072c8h ( 29384) load
I (125) esp_image: segment 3: paddr=00040020 vaddr=42000020 size=9be54h (638548) map
I (238) esp_image: segment 4: paddr=000dbe7c vaddr=4037b2c8 size=0e0dch ( 57564) load
I (251) esp_image: segment 5: paddr=000e9f60 vaddr=600fe100 size=0001ch (    28) load
I (260) boot: Loaded app from partition at offset 0x10000
I (260) boot: Disabling RNG early entropy source...
I (270) cpu_start: Multicore app
I (279) cpu_start: Pro cpu start user code
I (279) cpu_start: cpu freq: 160000000 Hz
I (279) app_init: Application information:
I (279) app_init: Project name:     test
I (283) app_init: App version:      aff82a8-dirty
I (287) app_init: Compile time:     Oct  8 2025 00:03:52
I (292) app_init: ELF file SHA256:  994ee9151...
I (297) app_init: ESP-IDF:          v5.4.1
I (300) efuse_init: Min chip rev:     v0.0
I (304) efuse_init: Max chip rev:     v0.99 
I (308) efuse_init: Chip rev:         v0.2
I (312) heap_init: Initializing. RAM available for dynamic allocation:
I (318) heap_init: At 3FCA5330 len 000443E0 (272 KiB): RAM
I (323) heap_init: At 3FCE9710 len 00005724 (21 KiB): RAM
I (329) heap_init: At 3FCF0000 len 00008000 (32 KiB): DRAM
I (334) heap_init: At 600FE11C len 00001ECC (7 KiB): RTCRAM
I (340) spi_flash: detected chip: gd
I (342) spi_flash: flash io: dio
W (345) spi_flash: Detected size(8192k) larger than the size in the binary image header(4096k). Using the size in the binary image header.
I (358) sleep_gpio: Configure to isolate all GPIO pins in sleep state
I (364) sleep_gpio: Enable automatic switching of GPIO sleep configuration
I (371) main_task: Started on CPU0
I (391) main_task: Calling app_main()
[5n
Type 'help' to get the list of commands.
Use UP/DOWN arrows to navigate through command history.
Press TAB when typing command name to auto-complete.

Your terminal application does not support escape sequences.

Line editing and history features are disabled.

On Windows, try using Putty instead.
esp32> W (901) hil_test: WiFi and Golioth credentials are not set. Use the shell settings commands to set them.

esp32> 
esp32> 
esp32> 
esp32> settings set wifi/ssid "***JONS_ORANGE_PI_WIFI_SSID***"
Setting wifi/ssid saved
esp32> 
esp32> 
esp32> 
esp32> 
esp32> 
esp32> settings set wifi/psk "***JONS_ORANGE_PI_WIFI_PSK***"
Setting wifi/psk saved
esp32> 
esp32> ::add-mask::generated-LGTRNyWUFTKRoYDl

esp32> 
esp32> 
esp32> 
esp32> settings set golioth/psk-id "generated-LGTRNyWUFTKRoYDl@firmware_ci"
Setting golioth/psk-id saved
esp32> 
esp32> 
esp32> 
esp32> 
esp32> 
esp32> settings set golioth/psk "generated-LGTRNyWUFTKRoYDl"
Setting golioth/psk saved
esp32> 
esp32> I (8931) pp: pp rom version: e7ae62f
I (8931) net80211: net80211 rom version: e7ae62f
I (8951) wifi_init: rx ba win: 6
I (8951) wifi_init: accept mbox: 6
I (8951) wifi_init: tcpip mbox: 32
I (8951) wifi_init: udp mbox: 6
I (8951) wifi_init: tcp mbox: 6
I (8961) wifi_init: tcp tx win: 5760
I (8961) wifi_init: tcp rx win: 5760
I (8961) wifi_init: tcp mss: 1440
I (8961) wifi_init: WiFi IRAM OP enabled
I (8981) wifi_init: WiFi RX IRAM OP enabled
I (8981) phy_init: phy_version 700,8582a7fd,Feb 10 2025,20:13:11
W (8981) phy_init: failed to load RF calibration data (0x1102), falling back to full calibration
I (9021) phy_init: Saving new calibration data due to checksum failure or outdated calibration data, mode(2)
I (10571) esp_netif_handlers: sta ip: 192.168.8.168, mask: 255.255.255.0, gw: 192.168.8.1
I (10571) example_wifi: WiFi Connected. Got IP:192.168.8.168
I (10571) example_wifi: Connected to AP SSID: ***JONS_ORANGE_PI_WIFI_SSID***
I (10581) golioth_mbox: Mbox created, bufsize: 2688, num_items: 20, item_size: 128
I (10591) golioth_coap_client_libcoap: Start CoAP session with host: coaps://coap.golioth.io
I (10591) golioth_coap_client_libcoap: Session PSK-ID: generated-LGTRNyWUFTKRoYDl@firmware_ci
I (10611) libcoap: Setting PSK key

I (10611) golioth_coap_client_libcoap: Entering CoAP I/O loop
I (10991) golioth_coap_client_libcoap: Golioth CoAP client connected
I (11001) test_connect: Golioth client connected
I (12001) test_connect: Stopping client
I (12001) golioth_coap_client_libcoap: Attempting to stop client
I (12431) golioth_coap_client_libcoap: Stopping
I (12431) golioth_coap_client_libcoap: Ending session
I (12431) test_connect: Golioth client disconnected
I (23501) test_connect: Starting client
I (23501) golioth_coap_client_libcoap: Start CoAP session with host: coaps://coap.golioth.io
I (23501) golioth_coap_client_libcoap: Session PSK-ID: generated-LGTRNyWUFTKRoYDl@firmware_ci
I (23511) libcoap: Setting PSK key

I (23521) golioth_coap_client_libcoap: Entering CoAP I/O loop
I (24721) golioth_coap_client_libcoap: Golioth CoAP client connected
I (24721) test_connect: Golioth client connected
I (25721) test_connect: Destroying client
I (25721) golioth_coap_client_libcoap: Attempting to stop client
I (26001) golioth_coap_client_libcoap: Stopping
I (26001) golioth_coap_client_libcoap: Ending session
I (26001) test_connect: Golioth client disconnected
I (37021) test_connect: Starting client
I (37021) golioth_mbox: Mbox created, bufsize: 2688, num_items: 20, item_size: 128
I (37021) golioth_coap_client_libcoap: Start CoAP session with host: coaps://coap.golioth.io
I (37031) golioth_coap_client_libcoap: Session PSK-ID: generated-LGTRNyWUFTKRoYDl@firmware_ci
I (37051) libcoap: Setting PSK key

I (37051) golioth_coap_client_libcoap: Entering CoAP I/O loop
I (38641) golioth_coap_client_libcoap: Golioth CoAP client connected
W (96561) golioth_coap_client_libcoap: CoAP message retransmitted
