esptool.py v4.9.0
Serial port /dev/serial/by-id/usb-Silicon_Labs_CP2102N_USB_to_UART_Bridge_Controller_18a5eb8de0faeb11a1553ea4c6d924ec-if00-port0
Connecting....
Detecting chip type... ESP32-C3
Chip is ESP32-C3 (QFN32) (revision v0.3)
Features: WiFi, BLE
Crystal is 40MHz
MAC: 7c:df:a1:da:77:ac
Uploading stub...
Running stub...
Stub running...
Changing baud rate to 460800
Changed.
Configuring flash size...
Erasing flash (this may take a while)...
Chip erase completed successfully in 10.6 seconds.
Compressed 1011216 bytes to 593281...
Writing at 0x00000000... (2 %)
Writing at 0x00011bff... (5 %)
Writing at 0x0001e5d0... (8 %)
Writing at 0x0002a5a1... (10 %)
Writing at 0x00033b99... (13 %)
Writing at 0x0003b69e... (16 %)
Writing at 0x000417ee... (18 %)
Writing at 0x00047a0e... (21 %)
Writing at 0x0004dfcf... (24 %)
Writing at 0x000540aa... (27 %)
Writing at 0x00059a82... (29 %)
Writing at 0x0005f646... (32 %)
Writing at 0x00065eae... (35 %)
Writing at 0x0006ba3d... (37 %)
Writing at 0x00071b5b... (40 %)
Writing at 0x00077948... (43 %)
Writing at 0x0007da7a... (45 %)
Writing at 0x000835d1... (48 %)
Writing at 0x00088c8f... (51 %)
Writing at 0x0008e75d... (54 %)
Writing at 0x00094875... (56 %)
Writing at 0x0009a56c... (59 %)
Writing at 0x0009fdbe... (62 %)
Writing at 0x000a5d2a... (64 %)
Writing at 0x000ac48d... (67 %)
Writing at 0x000b263e... (70 %)
Writing at 0x000b871e... (72 %)
Writing at 0x000be968... (75 %)
Writing at 0x000c42ee... (78 %)
Writing at 0x000c9a0f... (81 %)
Writing at 0x000cf7b0... (83 %)
Writing at 0x000d5552... (86 %)
Writing at 0x000dc582... (89 %)
Writing at 0x000e3051... (91 %)
Writing at 0x000e96b7... (94 %)
Writing at 0x000ef8d3... (97 %)
Writing at 0x000f5712... (100 %)
Wrote 1011216 bytes (593281 compressed) at 0x00000000 in 16.5 seconds (effective 489.8 kbit/s)...
Hash of data verified.

Leaving...
Hard resetting via RTS pin...
ESP-ROM:esp32c3-api1-20210207
Build:Feb  7 2021
rst:0x1 (POWERON),boot:0xc (SPI_FAST_FLASH_BOOT)
SPIWP:0xee
mode:DIO, clock div:1
load:0x3fcd5820,len:0x1574
load:0x403cc710,len:0xc30
load:0x403ce710,len:0x2ff0
entry 0x403cc71a
I (30) boot: ESP-IDF v5.4.1 2nd stage bootloader
I (30) boot: compile time Oct  8 2025 00:04:45
I (30) boot: chip revision: v0.3
I (30) boot: efuse block revision: v1.1
I (34) boot.esp32c3: SPI Speed      : 80MHz
I (38) boot.esp32c3: SPI Mode       : DIO
I (41) boot.esp32c3: SPI Flash Size : 4MB
I (45) boot: Enabling RNG early entropy source...
I (50) boot: Partition Table:
I (52) boot: ## Label            Usage          Type ST Offset   Length
I (59) boot:  0 nvs              WiFi data        01 02 00009000 00006000
I (65) boot:  1 phy_init         RF data          01 01 0000f000 00001000
I (72) boot:  2 factory          factory app      00 00 00010000 00100000
I (78) boot: End of partition table
I (81) esp_image: segment 0: paddr=00010020 vaddr=3c0b0020 size=24b88h (150408) map
I (113) esp_image: segment 1: paddr=00034bb0 vaddr=3fc93400 size=03048h ( 12360) load
I (115) esp_image: segment 2: paddr=00037c00 vaddr=40380000 size=08418h ( 33816) load
I (123) esp_image: segment 3: paddr=00040020 vaddr=42000020 size=abe3ch (704060) map
I (236) esp_image: segment 4: paddr=000ebe64 vaddr=40388418 size=0af58h ( 44888) load
I (245) esp_image: segment 5: paddr=000f6dc4 vaddr=50000200 size=0001ch (    28) load
I (251) boot: Loaded app from partition at offset 0x10000
I (251) boot: Disabling RNG early entropy source...
I (263) cpu_start: Unicore app
I (271) cpu_start: Pro cpu start user code
I (271) cpu_start: cpu freq: 160000000 Hz
I (271) app_init: Application information:
I (271) app_init: Project name:     test
I (275) app_init: App version:      aff82a8-dirty
I (279) app_init: Compile time:     Oct  8 2025 00:04:38
I (284) app_init: ELF file SHA256:  ab258372c...
I (288) app_init: ESP-IDF:          v5.4.1
I (292) efuse_init: Min chip rev:     v0.3
I (296) efuse_init: Max chip rev:     v1.99 
I (300) efuse_init: Chip rev:         v0.3
I (304) heap_init: Initializing. RAM available for dynamic allocation:
I (310) heap_init: At 3FC9DE10 len 000221F0 (136 KiB): RAM
I (315) heap_init: At 3FCC0000 len 0001C710 (113 KiB): Retention RAM
I (321) heap_init: At 3FCDC710 len 00002950 (10 KiB): Retention RAM
I (327) heap_init: At 5000021C len 00001DCC (7 KiB): RTCRAM
I (333) spi_flash: detected chip: generic
I (336) spi_flash: flash io: dio
I (340) sleep_gpio: Configure to isolate all GPIO pins in sleep state
I (346) sleep_gpio: Enable automatic switching of GPIO sleep configuration
I (352) main_task: Started on CPU0
I (382) main_task: Calling app_main()
[5n
Type 'help' to get the list of commands.
Use UP/DOWN arrows to navigate through command history.
Press TAB when typing command name to auto-complete.

Your terminal application does not support escape sequences.

Line editing and history features are disabled.

On Windows, try using Putty instead.
esp32> W (882) hil_test: WiFi and Golioth credentials are not set. Use the shell settings commands to set them.

esp32> 
esp32> 
esp32> 
esp32> settings set wifi/ssid "***MIKES_ORANGE_PI_WIFI_SSID***"
Setting wifi/ssid saved
esp32> 
esp32> 
esp32> 
esp32> 
esp32> 
esp32> settings set wifi/psk "***MIKES_ORANGE_PI_WIFI_PSK***"
Setting wifi/psk saved
esp32> 
esp32> ::add-mask::generated-EdaYSzEEDwHyroRz

esp32> 
esp32> 
esp32> 
esp32> settings set golioth/psk-id "generated-EdaYSzEEDwHyroRz@firmware_ci"
Setting golioth/psk-id saved
esp32> 
esp32> 
esp32> 
esp32> 
esp32> 
esp32> settings set golioth/psk "generated-EdaYSzEEDwHyroRz"
Setting golioth/psk saved
esp32> 
esp32> I (8902) pp: pp rom version: 9387209
I (8902) net80211: net80211 rom version: 9387209
I (8922) wifi_init: rx ba win: 6
I (8922) wifi_init: accept mbox: 6
I (8922) wifi_init: tcpip mbox: 32
I (8922) wifi_init: udp mbox: 6
I (8922) wifi_init: tcp mbox: 6
I (8932) wifi_init: tcp tx win: 5760
I (8932) wifi_init: tcp rx win: 5760
I (8932) wifi_init: tcp mss: 1440
I (8942) wifi_init: WiFi IRAM OP enabled
I (8942) wifi_init: WiFi RX IRAM OP enabled
I (8942) phy_init: phy_version 1200,2b7123f9,Feb 18 2025,15:22:21
W (8952) phy_init: failed to load RF calibration data (0x1102), falling back to full calibration
I (8992) phy_init: Saving new calibration data due to checksum failure or outdated calibration data, mode(2)
I (14352) esp_netif_handlers: sta ip: 192.168.8.119, mask: 255.255.255.0, gw: 192.168.8.1
I (14352) example_wifi: WiFi Connected. Got IP:192.168.8.119
I (14362) example_wifi: Connected to AP SSID: ***MIKES_ORANGE_PI_WIFI_SSID***
I (14362) golioth_mbox: Mbox created, bufsize: 2688, num_items: 20, item_size: 128
I (14422) golioth_coap_client_libcoap: Start CoAP session with host: coaps://coap.golioth.io
I (14432) golioth_coap_client_libcoap: Session PSK-ID: generated-EdaYSzEEDwHyroRz@firmware_ci
I (14442) libcoap: Setting PSK key

I (14442) golioth_coap_client_libcoap: Entering CoAP I/O loop
I (15392) golioth_coap_client_libcoap: Golioth CoAP client connected
I (15402) test_connect: Golioth client connected
I (16402) test_connect: Stopping client
I (16402) golioth_coap_client_libcoap: Attempting to stop client
I (16832) golioth_coap_client_libcoap: Stopping
I (16832) golioth_coap_client_libcoap: Ending session
I (16832) test_connect: Golioth client disconnected
I (27902) test_connect: Starting client
I (27902) golioth_coap_client_libcoap: Start CoAP session with host: coaps://coap.golioth.io
I (27902) golioth_coap_client_libcoap: Session PSK-ID: generated-EdaYSzEEDwHyroRz@firmware_ci
I (27912) libcoap: Setting PSK key

I (27912) golioth_coap_client_libcoap: Entering CoAP I/O loop
I (29732) golioth_coap_client_libcoap: Golioth CoAP client connected
I (29732) test_connect: Golioth client connected
I (30742) test_connect: Destroying client
I (30742) golioth_coap_client_libcoap: Attempting to stop client
I (30802) golioth_coap_client_libcoap: Stopping
I (30802) golioth_coap_client_libcoap: Ending session
I (30802) test_connect: Golioth client disconnected
I (41842) test_connect: Starting client
I (41842) golioth_mbox: Mbox created, bufsize: 2688, num_items: 20, item_size: 128
I (41842) golioth_coap_client_libcoap: Start CoAP session with host: coaps://coap.golioth.io
I (41852) golioth_coap_client_libcoap: Session PSK-ID: generated-EdaYSzEEDwHyroRz@firmware_ci
I (41862) libcoap: Setting PSK key

I (41862) golioth_coap_client_libcoap: Entering CoAP I/O loop
I (43042) golioth_coap_client_libcoap: Golioth CoAP client connected
