esptool.py v4.9.0
Serial port /dev/serial/by-id/usb-Silicon_Labs_CP2102N_USB_to_UART_Bridge_Controller_061a7f3b498bef11918522ccef8776e9-if00-port0
Connecting....
Detecting chip type... ESP32-C3
Chip is ESP32-C3 AZ (QFN32) (revision v1.1)
Features: WiFi, BLE, Embedded Flash 4MB (XMC)
Crystal is 40MHz
MAC: 18:8b:0e:af:95:48
Uploading stub...
Running stub...
Stub running...
Changing baud rate to 460800
Changed.
Configuring flash size...
Erasing flash (this may take a while)...
Chip erase completed successfully in 1.4 seconds.
Compressed 1028592 bytes to 601570...
Writing at 0x00000000... (2 %)
Writing at 0x00011bff... (5 %)
Writing at 0x0001e8c9... (8 %)
Writing at 0x0002afd6... (10 %)
Writing at 0x0003450f... (13 %)
Writing at 0x0003c410... (16 %)
Writing at 0x000423b1... (18 %)
Writing at 0x0004898e... (21 %)
Writing at 0x0004f1b3... (24 %)
Writing at 0x000555a5... (27 %)
Writing at 0x0005ae23... (29 %)
Writing at 0x00060a54... (32 %)
Writing at 0x00066f34... (35 %)
Writing at 0x0006cc75... (37 %)
Writing at 0x00072b4c... (40 %)
Writing at 0x00078dfd... (43 %)
Writing at 0x0007eb81... (45 %)
Writing at 0x000849cc... (48 %)
Writing at 0x0008a0f6... (51 %)
Writing at 0x0008fa12... (54 %)
Writing at 0x00095d1a... (56 %)
Writing at 0x0009b7b0... (59 %)
Writing at 0x000a111b... (62 %)
Writing at 0x000a7049... (64 %)
Writing at 0x000ad548... (67 %)
Writing at 0x000b36f5... (70 %)
Writing at 0x000b9b28... (72 %)
Writing at 0x000bfb6b... (75 %)
Writing at 0x000c5874... (78 %)
Writing at 0x000caeee... (81 %)
Writing at 0x000d0c8c... (83 %)
Writing at 0x000d6939... (86 %)
Writing at 0x000dd9ca... (89 %)
Writing at 0x000e3ca6... (91 %)
Writing at 0x000eab96... (94 %)
Writing at 0x000f0b6b... (97 %)
Writing at 0x000f6b90... (100 %)
Wrote 1028592 bytes (601570 compressed) at 0x00000000 in 14.6 seconds (effective 564.5 kbit/s)...
Hash of data verified.

Leaving...
Hard resetting via RTS pin...
Build:Jul 20 2023
rst:0x1 (POWERON),boot:0xc (SPI_FAST_FLASH_BOOT)
SPIWP:0xee
mode:DIO, clock div:1
load:0x3fcd5820,len:0x1574
load:0x403cc710,len:0xc30
load:0x403ce710,len:0x2ff0
entry 0x403cc71a
I (31) boot: ESP-IDF v5.4.1 2nd stage bootloader
I (31) boot: compile time Sep 29 2025 19:45:11
I (31) boot: chip revision: v1.1
I (31) boot: efuse block revision: v1.3
I (35) boot.esp32c3: SPI Speed      : 80MHz
I (39) boot.esp32c3: SPI Mode       : DIO
I (42) boot.esp32c3: SPI Flash Size : 4MB
I (46) boot: Enabling RNG early entropy source...
I (51) boot: Partition Table:
I (53) boot: ## Label            Usage          Type ST Offset   Length
I (60) boot:  0 nvs              WiFi data        01 02 00009000 00006000
I (66) boot:  1 phy_init         RF data          01 01 0000f000 00001000
I (73) boot:  2 factory          factory app      00 00 00010000 00100000
I (79) boot: End of partition table
I (82) esp_image: segment 0: paddr=00010020 vaddr=3c0b0020 size=25f38h (155448) map
I (115) esp_image: segment 1: paddr=00035f60 vaddr=3fc93400 size=03048h ( 12360) load
I (117) esp_image: segment 2: paddr=00038fb0 vaddr=40380000 size=07068h ( 28776) load
I (124) esp_image: segment 3: paddr=00040020 vaddr=42000020 size=aee70h (716400) map
I (240) esp_image: segment 4: paddr=000eee98 vaddr=40387068 size=0c308h ( 49928) load
I (250) esp_image: segment 5: paddr=000fb1a8 vaddr=50000200 size=0001ch (    28) load
I (256) boot: Loaded app from partition at offset 0x10000
I (256) boot: Disabling RNG early entropy source...
I (267) cpu_start: Unicore app
I (275) cpu_start: Pro cpu start user code
I (276) cpu_start: cpu freq: 160000000 Hz
I (276) app_init: Application information:
I (276) app_init: Project name:     test
I (279) app_init: App version:      0edc212-dirty
I (284) app_init: Compile time:     Sep 29 2025 19:45:05
I (289) app_init: ELF file SHA256:  681f653dd...
I (293) app_init: ESP-IDF:          v5.4.1
I (297) efuse_init: Min chip rev:     v0.3
I (301) efuse_init: Max chip rev:     v1.99 
I (305) efuse_init: Chip rev:         v1.1
I (309) heap_init: Initializing. RAM available for dynamic allocation:
I (315) heap_init: At 3FC9F2D0 len 00020D30 (131 KiB): RAM
I (320) heap_init: At 3FCC0000 len 0001C710 (113 KiB): Retention RAM
I (326) heap_init: At 3FCDC710 len 0000294C (10 KiB): Retention RAM
I (332) heap_init: At 5000021C len 00001DCC (7 KiB): RTCRAM
I (338) spi_flash: detected chip: generic
I (341) spi_flash: flash io: dio
I (344) sleep_gpio: Configure to isolate all GPIO pins in sleep state
I (350) sleep_gpio: Enable automatic switching of GPIO sleep configuration
I (357) main_task: Started on CPU0
I (387) main_task: Calling app_main()
[5n
Type 'help' to get the list of commands.
Use UP/DOWN arrows to navigate through command history.
Press TAB when typing command name to auto-complete.

Your terminal application does not support escape sequences.

Line editing and history features are disabled.

On Windows, try using Putty instead.
esp32> W (887) hil_test: WiFi and Golioth credentials are not set. Use the shell settings commands to set them.

esp32> 
esp32> 
esp32> 
esp32> settings set wifi/ssid "***SAMS_ORANGE_PI_WIFI_SSID***"
Setting wifi/ssid saved
esp32> 
esp32> 
esp32> 
esp32> 
esp32> 
esp32> settings set wifi/psk "***SAMS_ORANGE_PI_WIFI_PSK***"
Setting wifi/psk saved
esp32> 
esp32> ::add-mask::generated-DZUQWjtNJUGpPtxE

esp32> 
esp32> 
esp32> 
esp32> settings set golioth/psk-id "generated-DZUQWjtNJUGpPtxE@firmware_ci"
Setting golioth/psk-id saved
esp32> 
esp32> 
esp32> 
esp32> 
esp32> 
esp32> settings set golioth/psk "generated-DZUQWjtNJUGpPtxE"
Setting golioth/psk saved
esp32> 
esp32> I (7907) pp: pp rom version: 74f9620
I (7907) net80211: net80211 rom version: 74f9620
I (7927) wifi_init: rx ba win: 6
I (7927) wifi_init: accept mbox: 6
I (7927) wifi_init: tcpip mbox: 32
I (7927) wifi_init: udp mbox: 6
I (7927) wifi_init: tcp mbox: 6
I (7937) wifi_init: tcp tx win: 5760
I (7937) wifi_init: tcp rx win: 5760
I (7937) wifi_init: tcp mss: 1440
I (7947) wifi_init: WiFi IRAM OP enabled
I (7947) wifi_init: WiFi RX IRAM OP enabled
I (7947) phy_init: phy_version 1200,2b7123f9,Feb 18 2025,15:22:21
W (7957) phy_init: failed to load RF calibration data (0x1102), falling back to full calibration
I (7997) phy_init: Saving new calibration data due to checksum failure or outdated calibration data, mode(2)
I (9907) esp_netif_handlers: sta ip: 192.168.0.116, mask: 255.255.255.0, gw: 192.168.0.1
I (9907) example_wifi: WiFi Connected. Got IP:192.168.0.116
I (9917) example_wifi: Connected to AP SSID: ***SAMS_ORANGE_PI_WIFI_SSID***
I (9917) golioth_mbox: Mbox created, bufsize: 2688, num_items: 20, item_size: 128
I (9967) golioth_coap_client_libcoap: Start CoAP session with host: coaps://coap.golioth.io
I (9967) golioth_coap_client_libcoap: Session PSK-ID: generated-DZUQWjtNJUGpPtxE@firmware_ci
I (9987) libcoap: Setting PSK key

I (9987) golioth_coap_client_libcoap: Entering CoAP I/O loop
I (10167) golioth_coap_client_libcoap: Golioth CoAP client connected
I (10217) test_ota: Manifest received
I (10217) test_ota: Manifest successfully decoded
I (10217) test_ota: Manifest doesn't have main or walrus components, skipping this one.
I (11867) test_ota: Manifest received
I (11867) test_ota: Manifest successfully decoded
I (11867) test_ota: Manifest doesn't have main or walrus components, skipping this one.
I (12677) test_ota: Manifest received
I (12687) test_ota: Manifest successfully decoded
I (12687) test_ota: Manifest doesn't have main or walrus components, skipping this one.
I (12697) test_ota: Manifest received
I (12697) test_ota: Manifest successfully decoded
I (12697) test_ota: Manifest doesn't have main or walrus components, skipping this one.
I (12757) test_ota: Manifest received
I (12757) test_ota: Manifest successfully decoded
I (12757) test_ota: Manifest doesn't have main or walrus components, skipping this one.
W (12957) golioth_coap_client_libcoap: CoAP message retransmitted
I (13017) test_ota: Manifest received
I (13017) test_ota: Manifest successfully decoded
I (13017) test_ota: Manifest doesn't have main or walrus components, skipping this one.
I (13307) test_ota: Manifest received
I (13307) test_ota: Manifest successfully decoded
I (13307) test_ota: Found main component
I (13307) test_ota: No absent component found
I (13317) test_ota: component.package: main
I (13317) test_ota: component.version: 1.2.2
I (13317) test_ota: component.size: 16147
I (13327) test_ota: component.hash: 62c035ff42d6c61ad9d1caf9ee3425dae3ef360eb9d145061d3f76092e266018
I (13327) test_ota: component.uri: /.u/c/main@1.2.2
I (13337) test_ota: component.bootloader: default
