esptool.py v4.9.0
Serial port /dev/serial/by-id/usb-Silicon_Labs_CP2102N_USB_to_UART_Bridge_Controller_90568bbbd827ee11b31a14d8f49e3369-if00-port0
Connecting....
Detecting chip type... Unsupported detection protocol, switching and trying again...
Connecting....
Detecting chip type... ESP32
Chip is ESP32-D0WD-V3 (revision v3.1)
Features: WiFi, BT, Dual Core, 240MHz, VRef calibration in efuse, Coding Scheme None
Crystal is 40MHz
MAC: a0:a3:b3:8b:38:c0
Uploading stub...
Running stub...
Stub running...
Changing baud rate to 460800
Changed.
Configuring flash size...
Erasing flash (this may take a while)...
Chip erase completed successfully in 0.9 seconds.
Compressed 960880 bytes to 604737...
Writing at 0x00000000... (2 %)
Writing at 0x000074ab... (5 %)
Writing at 0x0001bf00... (8 %)
Writing at 0x000288e0... (10 %)
Writing at 0x000316ae... (13 %)
Writing at 0x0003a8b2... (16 %)
Writing at 0x0003ffd9... (18 %)
Writing at 0x00045a81... (21 %)
Writing at 0x0004b1fe... (24 %)
Writing at 0x000506db... (27 %)
Writing at 0x000557d4... (29 %)
Writing at 0x0005ac9c... (32 %)
Writing at 0x00060214... (35 %)
Writing at 0x00065238... (37 %)
Writing at 0x0006a5b4... (40 %)
Writing at 0x0006f7ae... (43 %)
Writing at 0x00074a6a... (45 %)
Writing at 0x00079bce... (48 %)
Writing at 0x0007f260... (51 %)
Writing at 0x00084aa5... (54 %)
Writing at 0x0008a357... (56 %)
Writing at 0x0008f569... (59 %)
Writing at 0x000948a3... (62 %)
Writing at 0x00099fc3... (64 %)
Writing at 0x0009f6e0... (67 %)
Writing at 0x000a496a... (70 %)
Writing at 0x000aa175... (72 %)
Writing at 0x000af9f5... (75 %)
Writing at 0x000b4a78... (78 %)
Writing at 0x000ba232... (81 %)
Writing at 0x000bf88b... (83 %)
Writing at 0x000c7076... (86 %)
Writing at 0x000cdc18... (89 %)
Writing at 0x000d514c... (91 %)
Writing at 0x000da8d8... (94 %)
Writing at 0x000e0345... (97 %)
Writing at 0x000e59de... (100 %)
Wrote 960880 bytes (604737 compressed) at 0x00000000 in 14.1 seconds (effective 545.4 kbit/s)...
Hash of data verified.

Leaving...
Hard resetting via RTS pin...
v:0x00,d_drv:0x00,cs0_drv:0x00,hd_drv:0x00,wp_drv:0x00
mode:DIO, clock div:2
load:0x3fff0030,len:6276
load:0x40078000,len:15828
load:0x40080400,len:4
ho 8 tail 4 room 4
load:0x40080404,len:3860
entry 0x4008063c
I (31) boot: ESP-IDF v5.4.1 2nd stage bootloader
I (31) boot: compile time Sep 29 2025 19:45:10
I (31) boot: Multicore bootloader
I (32) boot: chip revision: v3.1
I (35) boot.esp32: SPI Speed      : 40MHz
I (39) boot.esp32: SPI Mode       : DIO
I (43) boot.esp32: SPI Flash Size : 4MB
I (46) boot: Enabling RNG early entropy source...
I (51) boot: Partition Table:
I (53) boot: ## Label            Usage          Type ST Offset   Length
I (60) boot:  0 nvs              WiFi data        01 02 00009000 00006000
I (66) boot:  1 phy_init         RF data          01 01 0000f000 00001000
I (73) boot:  2 factory          factory app      00 00 00010000 00100000
I (79) boot: End of partition table
I (82) esp_image: segment 0: paddr=00010020 vaddr=3f400020 size=237b0h (145328) map
I (140) esp_image: segment 1: paddr=000337d8 vaddr=3ff80000 size=0001ch (    28) load
I (140) esp_image: segment 2: paddr=000337fc vaddr=3ffb0000 size=040d8h ( 16600) load
I (150) esp_image: segment 3: paddr=000378dc vaddr=40080000 size=0873ch ( 34620) load
I (164) esp_image: segment 4: paddr=00040020 vaddr=400d0020 size=9c0c8h (639176) map
I (383) esp_image: segment 5: paddr=000dc0f0 vaddr=4008873c size=0e858h ( 59480) load
I (417) boot: Loaded app from partition at offset 0x10000
I (418) boot: Disabling RNG early entropy source...
I (428) cpu_start: Multicore app
I (436) cpu_start: Pro cpu start user code
I (436) cpu_start: cpu freq: 160000000 Hz
I (436) app_init: Application information:
I (436) app_init: Project name:     test
I (440) app_init: App version:      0edc212-dirty
I (444) app_init: Compile time:     Sep 29 2025 19:45:03
I (449) app_init: ELF file SHA256:  f6eaac792...
I (454) app_init: ESP-IDF:          v5.4.1
I (458) efuse_init: Min chip rev:     v0.0
I (461) efuse_init: Max chip rev:     v3.99 
I (465) efuse_init: Chip rev:         v3.1
I (470) heap_init: Initializing. RAM available for dynamic allocation:
I (476) heap_init: At 3FFAE6E0 len 00001920 (6 KiB): DRAM
I (481) heap_init: At 3FFBBA80 len 00024580 (145 KiB): DRAM
I (486) heap_init: At 3FFE0440 len 00003AE0 (14 KiB): D/IRAM
I (491) heap_init: At 3FFE4350 len 0001BCB0 (111 KiB): D/IRAM
I (497) heap_init: At 40096F94 len 0000906C (36 KiB): IRAM
I (503) spi_flash: detected chip: generic
I (506) spi_flash: flash io: dio
W (509) spi_flash: Detected size(8192k) larger than the size in the binary image header(4096k). Using the size in the binary image header.
I (522) main_task: Started on CPU0
I (532) main_task: Calling app_main()
[5n
Type 'help' to get the list of commands.
Use UP/DOWN arrows to navigate through command history.
Press TAB when typing command name to auto-complete.

Your terminal application does not support escape sequences.

Line editing and history features are disabled.

On Windows, try using Putty instead.
esp32> W (1042) hil_test: WiFi and Golioth credentials are not set. Use the shell settings commands to set them.

esp32> 
esp32> 
esp32> 
esp32> settings set wifi/ssid "***SAMS_ORANGE_PI_WIFI_SSID***"
Setting wifi/ssid saved
esp32> 
esp32> 
esp32> 
esp32> 
esp32> 
esp32> settings set wifi/psk "***SAMS_ORANGE_PI_WIFI_PSK***"
Setting wifi/psk saved
esp32> 
esp32> ::add-mask::generated-CBEQOwWFgAfGWbJr

esp32> 
esp32> 
esp32> 
esp32> settings set golioth/psk-id "generated-CBEQOwWFgAfGWbJr@firmware_ci"
Setting golioth/psk-id saved
esp32> 
esp32> 
esp32> 
esp32> 
esp32> 
esp32> settings set golioth/psk "generated-CBEQOwWFgAfGWbJr"
Setting golioth/psk saved
esp32> 
esp32> I (8092) wifi_init: rx ba win: 6
I (8092) wifi_init: accept mbox: 6
I (8092) wifi_init: tcpip mbox: 32
I (8092) wifi_init: udp mbox: 6
I (8092) wifi_init: tcp mbox: 6
I (8112) wifi_init: tcp tx win: 5760
I (8112) wifi_init: tcp rx win: 5760
I (8112) wifi_init: tcp mss: 1440
I (8112) wifi_init: WiFi IRAM OP enabled
I (8122) wifi_init: WiFi RX IRAM OP enabled
I (8122) phy_init: phy_version 4860,6b7a6e5,Feb  6 2025,14:47:07
W (8122) phy_init: failed to load RF calibration data (0x1102), falling back to full calibration
I (8202) phy_init: Saving new calibration data due to checksum failure or outdated calibration data, mode(2)
I (10132) esp_netif_handlers: sta ip: 192.168.0.115, mask: 255.255.255.0, gw: 192.168.0.1
I (10132) example_wifi: WiFi Connected. Got IP:192.168.0.115
I (10132) example_wifi: Connected to AP SSID: ***SAMS_ORANGE_PI_WIFI_SSID***
I (10142) golioth_mbox: Mbox created, bufsize: 2688, num_items: 20, item_size: 128
I (10192) golioth_coap_client_libcoap: Start CoAP session with host: coaps://coap.golioth.io
I (10192) golioth_coap_client_libcoap: Session PSK-ID: generated-CBEQOwWFgAfGWbJr@firmware_ci
I (10212) libcoap: Setting PSK key

I (10212) golioth_coap_client_libcoap: Entering CoAP I/O loop
I (10402) golioth_coap_client_libcoap: Golioth CoAP client connected
I (10402) test_connect: Golioth client connected
I (11412) test_connect: Stopping client
I (11412) golioth_coap_client_libcoap: Attempting to stop client
I (11462) golioth_coap_client_libcoap: Stopping
I (11462) golioth_coap_client_libcoap: Ending session
I (11462) test_connect: Golioth client disconnected
I (22522) test_connect: Starting client
I (22522) golioth_coap_client_libcoap: Start CoAP session with host: coaps://coap.golioth.io
I (22522) golioth_coap_client_libcoap: Session PSK-ID: generated-CBEQOwWFgAfGWbJr@firmware_ci
I (22532) libcoap: Setting PSK key

I (22542) golioth_coap_client_libcoap: Entering CoAP I/O loop
I (22732) golioth_coap_client_libcoap: Golioth CoAP client connected
I (22732) test_connect: Golioth client connected
I (23742) test_connect: Destroying client
I (23742) golioth_coap_client_libcoap: Attempting to stop client
I (23792) golioth_coap_client_libcoap: Stopping
I (23792) golioth_coap_client_libcoap: Ending session
I (23792) test_connect: Golioth client disconnected
I (34852) test_connect: Starting client
I (34852) golioth_mbox: Mbox created, bufsize: 2688, num_items: 20, item_size: 128
I (34852) golioth_coap_client_libcoap: Start CoAP session with host: coaps://coap.golioth.io
I (34862) golioth_coap_client_libcoap: Session PSK-ID: generated-CBEQOwWFgAfGWbJr@firmware_ci
I (34872) libcoap: Setting PSK key

I (34872) golioth_coap_client_libcoap: Entering CoAP I/O loop
I (35052) golioth_coap_client_libcoap: Golioth CoAP client connected
