esptool.py v4.9.0
Serial port /dev/serial/by-id/usb-Silicon_Labs_CP2102N_USB_to_UART_Bridge_Controller_90568bbbd827ee11b31a14d8f49e3369-if00-port0
Connecting.....
Detecting chip type... Unsupported detection protocol, switching and trying again...
Connecting.........
Detecting chip type... ESP32
Chip is ESP32-D0WD-V3 (revision v3.1)
Features: WiFi, BT, Dual Core, 240MHz, VRef calibration in efuse, Coding Scheme None
Crystal is 40MHz
MAC: a0:a3:b3:8b:38:c0
Uploading stub...
Running stub...
Stub running...
Changing baud rate to 460800
Changed.
Configuring flash size...
Erasing flash (this may take a while)...
Chip erase completed successfully in 2.2 seconds.
Compressed 970304 bytes to 610257...
Writing at 0x00000000... (2 %)
Writing at 0x000074ac... (5 %)
Writing at 0x0001bfe0... (7 %)
Writing at 0x00028bea... (10 %)
Writing at 0x000317c4... (13 %)
Writing at 0x0003ae7e... (15 %)
Writing at 0x00040599... (18 %)
Writing at 0x00045f7d... (21 %)
Writing at 0x0004b7b2... (23 %)
Writing at 0x00050cab... (26 %)
Writing at 0x00055f16... (28 %)
Writing at 0x0005b2a8... (31 %)
Writing at 0x000609c0... (34 %)
Writing at 0x00065a5b... (36 %)
Writing at 0x0006abf5... (39 %)
Writing at 0x0006ffa4... (42 %)
Writing at 0x000750b0... (44 %)
Writing at 0x0007a3e8... (47 %)
Writing at 0x0007f7c0... (50 %)
Writing at 0x000851d7... (52 %)
Writing at 0x0008aa61... (55 %)
Writing at 0x0008fdb9... (57 %)
Writing at 0x0009500c... (60 %)
Writing at 0x0009a776... (63 %)
Writing at 0x0009fe47... (65 %)
Writing at 0x000a515c... (68 %)
Writing at 0x000aa7dd... (71 %)
Writing at 0x000b01bd... (73 %)
Writing at 0x000b52d4... (76 %)
Writing at 0x000ba639... (78 %)
Writing at 0x000c0067... (81 %)
Writing at 0x000c7775... (84 %)
Writing at 0x000cde24... (86 %)
Writing at 0x000d563b... (89 %)
Writing at 0x000dad78... (92 %)
Writing at 0x000e0784... (94 %)
Writing at 0x000e637e... (97 %)
Writing at 0x000eb5fb... (100 %)
Wrote 970304 bytes (610257 compressed) at 0x00000000 in 14.1 seconds (effective 549.3 kbit/s)...
Hash of data verified.

Leaving...
Hard resetting via RTS pin...
q_drv:0x00,d_drv:0x00,cs0_drv:0x00,hd_drv:0x00,wp_drv:0x00
mode:DIO, clock div:2
load:0x3fff0030,len:6276
load:0x40078000,len:15828
load:0x40080400,len:4
ho 8 tail 4 room 4
load:0x40080404,len:3860
entry 0x4008063c
I (31) boot: ESP-IDF v5.4.1 2nd stage bootloader
I (31) boot: compile time Sep 29 2025 19:45:10
I (31) boot: Multicore bootloader
I (32) boot: chip revision: v3.1
I (35) boot.esp32: SPI Speed      : 40MHz
I (39) boot.esp32: SPI Mode       : DIO
I (43) boot.esp32: SPI Flash Size : 4MB
I (46) boot: Enabling RNG early entropy source...
I (51) boot: Partition Table:
I (53) boot: ## Label            Usage          Type ST Offset   Length
I (60) boot:  0 nvs              WiFi data        01 02 00009000 00006000
I (66) boot:  1 phy_init         RF data          01 01 0000f000 00001000
I (73) boot:  2 factory          factory app      00 00 00010000 00100000
I (79) boot: End of partition table
I (82) esp_image: segment 0: paddr=00010020 vaddr=3f400020 size=24070h (147568) map
I (140) esp_image: segment 1: paddr=00034098 vaddr=3ff80000 size=0001ch (    28) load
I (141) esp_image: segment 2: paddr=000340bc vaddr=3ffb0000 size=040d8h ( 16600) load
I (150) esp_image: segment 3: paddr=0003819c vaddr=40080000 size=07e7ch ( 32380) load
I (164) esp_image: segment 4: paddr=00040020 vaddr=400d0020 size=9dcd8h (646360) map
I (385) esp_image: segment 5: paddr=000ddd00 vaddr=40087e7c size=0f118h ( 61720) load
I (421) boot: Loaded app from partition at offset 0x10000
I (421) boot: Disabling RNG early entropy source...
I (431) cpu_start: Multicore app
I (439) cpu_start: Pro cpu start user code
I (439) cpu_start: cpu freq: 160000000 Hz
I (439) app_init: Application information:
I (439) app_init: Project name:     test
I (443) app_init: App version:      0edc212-dirty
I (447) app_init: Compile time:     Sep 29 2025 19:45:03
I (453) app_init: ELF file SHA256:  750f4cc1a...
I (457) app_init: ESP-IDF:          v5.4.1
I (461) efuse_init: Min chip rev:     v0.0
I (465) efuse_init: Max chip rev:     v3.99 
I (469) efuse_init: Chip rev:         v3.1
I (473) heap_init: Initializing. RAM available for dynamic allocation:
I (479) heap_init: At 3FFAE6E0 len 00001920 (6 KiB): DRAM
I (484) heap_init: At 3FFBBA88 len 00024578 (145 KiB): DRAM
I (489) heap_init: At 3FFE0440 len 00003AE0 (14 KiB): D/IRAM
I (494) heap_init: At 3FFE4350 len 0001BCB0 (111 KiB): D/IRAM
I (500) heap_init: At 40096F94 len 0000906C (36 KiB): IRAM
I (507) spi_flash: detected chip: generic
I (509) spi_flash: flash io: dio
W (512) spi_flash: Detected size(8192k) larger than the size in the binary image header(4096k). Using the size in the binary image header.
I (525) main_task: Started on CPU0
I (535) main_task: Calling app_main()
[5n
Type 'help' to get the list of commands.
Use UP/DOWN arrows to navigate through command history.
Press TAB when typing command name to auto-complete.

Your terminal application does not support escape sequences.

Line editing and history features are disabled.

On Windows, try using Putty instead.
esp32> W (1045) hil_test: WiFi and Golioth credentials are not set. Use the shell settings commands to set them.

esp32> 
esp32> 
esp32> 
esp32> settings set wifi/ssid "***SAMS_ORANGE_PI_WIFI_SSID***"
Setting wifi/ssid saved
esp32> 
esp32> 
esp32> 
esp32> 
esp32> 
esp32> settings set wifi/psk "***SAMS_ORANGE_PI_WIFI_PSK***"
Setting wifi/psk saved
esp32> 
esp32> ::add-mask::generated-pFZHZyLvimeZPFaQ

esp32> 
esp32> 
esp32> 
esp32> settings set golioth/psk-id "generated-pFZHZyLvimeZPFaQ@firmware_ci"
Setting golioth/psk-id saved
esp32> 
esp32> 
esp32> 
esp32> 
esp32> 
esp32> settings set golioth/psk "generated-pFZHZyLvimeZPFaQ"
Setting golioth/psk saved
esp32> 
esp32> I (14095) wifi_init: rx ba win: 6
I (14095) wifi_init: accept mbox: 6
I (14095) wifi_init: tcpip mbox: 32
I (14095) wifi_init: udp mbox: 6
I (14095) wifi_init: tcp mbox: 6
I (14115) wifi_init: tcp tx win: 5760
I (14115) wifi_init: tcp rx win: 5760
I (14115) wifi_init: tcp mss: 1440
I (14115) wifi_init: WiFi IRAM OP enabled
I (14125) wifi_init: WiFi RX IRAM OP enabled
I (14125) phy_init: phy_version 4860,6b7a6e5,Feb  6 2025,14:47:07
W (14125) phy_init: failed to load RF calibration data (0x1102), falling back to full calibration
I (14205) phy_init: Saving new calibration data due to checksum failure or outdated calibration data, mode(2)
I (16135) esp_netif_handlers: sta ip: 192.168.0.115, mask: 255.255.255.0, gw: 192.168.0.1
I (16135) example_wifi: WiFi Connected. Got IP:192.168.0.115
I (16135) example_wifi: Connected to AP SSID: ***SAMS_ORANGE_PI_WIFI_SSID***
I (16145) golioth_mbox: Mbox created, bufsize: 2688, num_items: 20, item_size: 128
I (16185) golioth_coap_client_libcoap: Start CoAP session with host: coaps://coap.golioth.io
I (16185) golioth_coap_client_libcoap: Session PSK-ID: generated-pFZHZyLvimeZPFaQ@firmware_ci
I (16205) libcoap: Setting PSK key

I (16205) golioth_coap_client_libcoap: Entering CoAP I/O loop
I (16405) golioth_coap_client_libcoap: Golioth CoAP client connected
I (16455) test_settings: Received test_int: 1
I (16465) test_settings: Received test_restart: false
I (16465) test_settings: Received test_cancel: 0
I (16465) test_settings: Received test_bool: false
I (16475) test_settings: Received test_float: 1.230000
I (16475) test_settings: Received test_string: foo
I (16475) test_settings: Received test_int_range: 1
I (16545) test_settings: Received test_string: foo
I (16545) test_settings: Received test_float: 1.230000
I (16545) test_settings: Received test_int_range: 1
I (16555) test_settings: Received test_restart: false
I (16565) test_settings: Received test_bool: false
I (16565) test_settings: Received test_int: 1
I (16565) test_settings: Received test_cancel: 0
E (16575) golioth_settings: Failed to send a response to server: 10
I (16635) test_settings: Received test_int: 1
I (16635) test_settings: Received test_restart: false
I (16635) test_settings: Received test_string: foo
I (16635) test_settings: Received test_bool: false
I (16645) test_settings: Received test_cancel: 0
I (16645) test_settings: Received test_float: 1.230000
I (16655) test_settings: Received test_int_range: 1
E (16665) golioth_settings: Failed to send a response to server: 10
I (16725) test_settings: Received test_int: 1
I (16725) test_settings: Received test_restart: false
I (16725) test_settings: Received test_float: 1.230000
I (16725) test_settings: Received test_int_range: 1
I (16745) test_settings: Received test_string: foo
I (16745) test_settings: Received test_bool: false
I (16745) test_settings: Received test_cancel: 0
E (16755) golioth_settings: Failed to send a response to server: 10
I (17075) test_settings: Received test_string: foo
I (17075) test_settings: Received test_float: 1.230000
I (17085) test_settings: Received test_bool: false
I (17085) test_settings: Received test_int: 1
I (17095) test_settings: Received test_int_range: 1
I (17095) test_settings: Received test_cancel: 0
I (17095) test_settings: Received test_restart: false
E (17105) golioth_settings: Failed to send a response to server: 10
I (17175) test_settings: Received test_int: 1
I (17175) test_settings: Received test_int_range: 1
I (17175) test_settings: Received test_restart: false
I (17185) test_settings: Received test_string: foo
I (17195) test_settings: Received test_bool: false
I (17195) test_settings: Received test_cancel: 0
I (17195) test_settings: Received test_float: 1.230000
E (17205) golioth_settings: Failed to send a response to server: 10
I (17275) test_settings: Received test_cancel: 0
I (17275) test_settings: Received test_int_range: 1
I (17275) test_settings: Received test_string: foo
I (17275) test_settings: Received test_float: 1.230000
I (17285) test_settings: Received test_int: 1
I (17285) test_settings: Received test_restart: false
I (17295) test_settings: Received test_bool: false
E (17305) golioth_settings: Failed to send a response to server: 10
I (17365) test_settings: Received test_cancel: 0
I (17365) test_settings: Received test_float: 1.230000
I (17375) test_settings: Received test_int: 1
I (17375) test_settings: Received test_string: foo
I (17385) test_settings: Received test_bool: false
I (17385) test_settings: Received test_restart: false
I (17385) test_settings: Received test_int_range: 1
E (17385) golioth_settings: Failed to send a response to server: 10
I (17465) test_settings: Received test_restart: false
I (17465) test_settings: Received test_bool: false
I (17465) test_settings: Received test_float: 1.230000
I (17465) test_settings: Received test_string: foo
I (17475) test_settings: Received test_int: 1
I (17475) test_settings: Received test_int_range: 1
I (17485) test_settings: Received test_cancel: 0
E (17495) golioth_settings: Failed to send a response to server: 10
I (21415) test_settings: Settings registration complete
I (23465) test_settings: Received test_string: foo
I (23465) test_settings: Received test_bool: false
I (23465) test_settings: Received test_float: 1.230000
I (23465) test_settings: Received test_int_range: 1
I (23485) test_settings: Received test_restart: false
I (23485) test_settings: Received test_cancel: 0
I (23485) test_settings: Received test_int: 42
