esptool.py v4.9.0
Serial port /dev/serial/by-id/usb-Silicon_Labs_CP2102N_USB_to_UART_Bridge_Controller_08bd8600facfec119c501d2686bdcd52-if00-port0
Connecting....
Detecting chip type... ESP32-S3
Chip is ESP32-S3 (QFN56) (revision v0.1)
Features: WiFi, BLE, Embedded PSRAM 8MB (AP_3v3)
Crystal is 40MHz
MAC: 34:85:18:6d:04:5c
Uploading stub...
Running stub...
Stub running...
Changing baud rate to 460800
Changed.
Configuring flash size...
Erasing flash (this may take a while)...
Chip erase completed successfully in 0.6 seconds.
Compressed 986352 bytes to 608274...
Writing at 0x00000000... (2 %)
Writing at 0x000114ec... (5 %)
Writing at 0x0001e64a... (7 %)
Writing at 0x0002b07e... (10 %)
Writing at 0x00032fb4... (13 %)
Writing at 0x0003f1f6... (15 %)
Writing at 0x000450d4... (18 %)
Writing at 0x0004a993... (21 %)
Writing at 0x00050350... (23 %)
Writing at 0x000558e8... (26 %)
Writing at 0x0005ac70... (28 %)
Writing at 0x00060314... (31 %)
Writing at 0x000659de... (34 %)
Writing at 0x0006abcb... (36 %)
Writing at 0x0006fe57... (39 %)
Writing at 0x000751d0... (42 %)
Writing at 0x0007a520... (44 %)
Writing at 0x0007f648... (47 %)
Writing at 0x00084d91... (50 %)
Writing at 0x0008a30d... (52 %)
Writing at 0x0008f7cc... (55 %)
Writing at 0x00094741... (57 %)
Writing at 0x00099a5d... (60 %)
Writing at 0x0009eec1... (63 %)
Writing at 0x000a3f96... (65 %)
Writing at 0x000a922d... (68 %)
Writing at 0x000aebbd... (71 %)
Writing at 0x000b3d4a... (73 %)
Writing at 0x000b8ef6... (76 %)
Writing at 0x000be621... (78 %)
Writing at 0x000c5747... (81 %)
Writing at 0x000cb1d1... (84 %)
Writing at 0x000d36ed... (86 %)
Writing at 0x000d9684... (89 %)
Writing at 0x000df095... (92 %)
Writing at 0x000e4bd6... (94 %)
Writing at 0x000eac37... (97 %)
Writing at 0x000efd9a... (100 %)
Wrote 986352 bytes (608274 compressed) at 0x00000000 in 14.2 seconds (effective 556.3 kbit/s)...
Hash of data verified.

Leaving...
Hard resetting via RTS pin...
ESP-ROM:esp32s3-20210327
Build:Mar 27 2021
rst:0x1 (POWERON),boot:0x8 (SPI_FAST_FLASH_BOOT)
SPIWP:0xee
mode:DIO, clock div:1
load:0x3fce2810,len:0x15a0
load:0x403c8700,len:0x4
load:0x403c8704,len:0xd20
load:0x403cb700,len:0x2f58
entry 0x403c8928
I (27) boot: ESP-IDF v5.4.1 2nd stage bootloader
I (27) boot: compile time Sep 29 2025 19:45:43
I (27) boot: Multicore bootloader
I (27) boot: chip revision: v0.1
I (30) boot: efuse block revision: v1.2
I (33) boot.esp32s3: Boot SPI Speed : 80MHz
I (37) boot.esp32s3: SPI Mode       : DIO
I (41) boot.esp32s3: SPI Flash Size : 4MB
I (45) boot: Enabling RNG early entropy source...
I (49) boot: Partition Table:
I (52) boot: ## Label            Usage          Type ST Offset   Length
I (58) boot:  0 nvs              WiFi data        01 02 00009000 00004000
I (65) boot:  1 otadata          OTA data         01 00 0000d000 00002000
I (71) boot:  2 phy_init         RF data          01 01 0000f000 00001000
I (78) boot:  3 factory          factory app      00 00 00010000 00100000
I (84) boot:  4 ota_0            OTA app          00 10 00110000 00100000
I (91) boot:  5 ota_1            OTA app          00 11 00210000 00100000
I (97) boot: End of partition table
I (101) boot: Defaulting to factory image
I (104) esp_image: segment 0: paddr=00010020 vaddr=3c0a0020 size=29328h (168744) map
I (142) esp_image: segment 1: paddr=00039350 vaddr=3fc99500 size=04c28h ( 19496) load
I (146) esp_image: segment 2: paddr=0003df80 vaddr=40374000 size=02098h (  8344) load
I (148) esp_image: segment 3: paddr=00040020 vaddr=42000020 size=9d8a0h (645280) map
I (267) esp_image: segment 4: paddr=000dd8c8 vaddr=40376098 size=133d4h ( 78804) load
I (284) esp_image: segment 5: paddr=000f0ca4 vaddr=600fe100 size=0001ch (    28) load
I (293) boot: Loaded app from partition at offset 0x10000
I (293) boot: Disabling RNG early entropy source...
I (303) cpu_start: Multicore app
D (303) cpu_start: Pro cpu up
D (303) cpu_start: Starting app cpu, entry point is 0x40375340
D (0) cpu_start: App cpu up
D (312) clk: RTC_SLOW_CLK calibration value: 3984755
D (322) cpu_start: calling init function: 0x4200350c on core: 0
D (322) cpu_start: calling init function: 0x42003928 on core: 0
I (322) cpu_start: Pro cpu start user code
I (326) cpu_start: cpu freq: 160000000 Hz
D (329) cpu_start: calling init function: 0x4200342c on core: 0
I (335) app_init: Application information:
I (339) app_init: Project name:     certificate_auth
I (344) app_init: App version:      0edc212-dirty
I (348) app_init: Compile time:     Sep 29 2025 19:45:37
I (353) app_init: ELF file SHA256:  e15bfb122...
I (357) app_init: ESP-IDF:          v5.4.1
D (361) cpu_start: calling init function: 0x42003520 on core: 0
I (367) efuse_init: Min chip rev:     v0.0
I (371) efuse_init: Max chip rev:     v0.99 
I (375) efuse_init: Chip rev:         v0.1
D (378) cpu_start: calling init function: 0x420055a4 on core: 0
D (384) memory_layout: Checking 6 reserved memory ranges:
D (389) memory_layout: Reserved memory range 0x3fc84000 - 0x3fc99500
D (395) memory_layout: Reserved memory range 0x3fc99500 - 0x3fca5400
D (401) memory_layout: Reserved memory range 0x3fceee34 - 0x3fcf0000
D (407) memory_layout: Reserved memory range 0x40374000 - 0x40389500
D (414) memory_layout: Reserved memory range 0x600fe000 - 0x600fe11c
D (420) memory_layout: Reserved memory range 0x600fffe8 - 0x60100000
D (426) memory_layout: Building list of available memory regions:
D (432) memory_layout: Available memory region 0x3fca5400 - 0x3fcb0000
D (438) memory_layout: Available memory region 0x3fcb0000 - 0x3fcc0000
D (444) memory_layout: Available memory region 0x3fcc0000 - 0x3fcd0000
D (450) memory_layout: Available memory region 0x3fcd0000 - 0x3fce0000
D (457) memory_layout: Available memory region 0x3fce0000 - 0x3fce9710
D (463) memory_layout: Available memory region 0x3fce9710 - 0x3fceee34
D (469) memory_layout: Available memory region 0x3fcf0000 - 0x3fcf8000
D (475) memory_layout: Available memory region 0x600fe11c - 0x600fffe8
I (482) heap_init: Initializing. RAM available for dynamic allocation:
D (488) heap_init: New heap initialised at 0x3fca5400
I (493) heap_init: At 3FCA5400 len 00044310 (272 KiB): RAM
I (498) heap_init: At 3FCE9710 len 00005724 (21 KiB): RAM
D (503) heap_init: New heap initialised at 0x3fcf0000
I (508) heap_init: At 3FCF0000 len 00008000 (32 KiB): DRAM
D (513) heap_init: New heap initialised at 0x600fe11c
I (518) heap_init: At 600FE11C len 00001ECC (7 KiB): RTCRAM
D (523) cpu_start: calling init function: 0x4200814c on core: 0
D (529) cpu_start: cal
esp32> 
esp32> 
esp32> 
esp32> settings set wifi/ssid "***MIKES_ORANGE_PI_WIFI_SSID***"
D (6023) nvs: nvs_open_from_partition example 1
D (6033) nvs: nvs_set_str w_ssid ***MIKES_ORANGE_PI_WIFI_SSID***
D (6033) nvs: nvs_close 7
Setting wifi/ssid saved
esp32> 
esp32> 
esp32> 
esp32> 
esp32> 
esp32> settings set wifi/psk "***MIKES_ORANGE_PI_WIFI_PSK***"
D (6063) nvs: nvs_open_from_partition example 1
D (6063) nvs: nvs_set_str w_pass ***MIKES_ORANGE_PI_WIFI_PSK***
D (6063) nvs: nvs_close 8
Setting wifi/psk saved
esp32> 
esp32> D (6343) nvs: nvs_open_from_partition example 1
D (6343) nvs: nvs_get_str_or_blob w_ssid
D (6343) nvs: nvs_close 9
D (6343) nvs: nvs_open_from_partition example 1
D (6353) nvs: nvs_get_str_or_blob w_pass
D (6353) nvs: nvs_close 10
D (6353) nvs: nvs_open_from_partition example 1
D (6353) nvs: nvs_get_str_or_blob w_ssid
D (6363) nvs: nvs_close 11
D (6363) nvs: nvs_open_from_partition example 1
D (6363) nvs: nvs_get_str_or_blob w_pass
D (6363) nvs: nvs_close 12
D (6373) esp_netif_lwip: LwIP stack has been initialized
D (6383) esp_netif_lwip: esp-netif has been successfully initialized
D (6383) event: running task for loop 0x3fcae4b4
D (6383) event: created task for loop 0x3fcae4b4
D (6393) event: created event loop 0x3fcae4b4
D (6393) esp_netif_lwip: check: remote, if=0x3fca8d64 fn=0x420379e8
D (6403) esp_netif_objects: esp_netif_add_to_list_unsafe netif added successfully (total netifs: 1)
D (6403) esp_netif_lwip: call api in lwip: ret=0x0, give sem
I (6423) pp: pp rom version: e7ae62f
I (6423) net80211: net80211 rom version: e7ae62f
D (6423) nvs: nvs_open_from_partition misc 1
D (6443) efuse: BLK1 REG1 [8-15], len=8 bits
D (6443) efuse: BLK1 REG1 [0-7], len=8 bits
D (6443) efuse: BLK1 REG0 [24-31], len=8 bits
D (6443) efuse: BLK1 REG0 [16-23], len=8 bits
D (6443) efuse: BLK1 REG0 [8-15], len=8 bits
D (6443) efuse: BLK1 REG0 [0-7], len=8 bits
D (6453) nvs: nvs_open_from_partition nvs.net80211 1
D (6463) nvs: nvs_get opmode 1
D (6463) nvs: nvs_get_str_or_blob sta.ssid
D (6463) nvs: nvs_get sta.authmode 1
D (6473) nvs: nvs_get_str_or_blob sta.pswd
D (6473) nvs: nvs_get_str_or_blob sta.pmk
D (6473) nvs: nvs_get sta.chan 1
D (6473) nvs: nvs_get auto.conn 1
D (6493) nvs: nvs_get bssid.set 1
D (6493) nvs: nvs_get_str_or_blob sta.bssid
D (6493) nvs: nvs_get sta.lis_intval 2
D (6493) nvs: nvs_get sta.phym 1
D (6503) nvs: nvs_get sta.phybw 1
D (6503) nvs: nvs_get_str_or_blob sta.apsw
D (6503) nvs: nvs_get_str_or_blob sta.apinfo
D (6503) nvs: nvs_get sta.scan_method 1
D (6513) nvs: nvs_get sta.sort_method 1
D (6513) nvs: nvs_get sta.minrssi 1
D (6513) nvs: nvs_get sta.minauth 1
D (6523) nvs: nvs_get sta.pmf_e 1
D (6523) nvs: nvs_get sta.pmf_r 1
D (6523) nvs: nvs_get sta.btm_e 1
D (6533) nvs: nvs_get sta.rrm_e 1
D (6533) nvs: nvs_get sta.mbo_e 1
D (6543) nvs: nvs_get_str_or_blob ap.ssid
D (6543) nvs: nvs_get_str_or_blob ap.passwd
D (6543) nvs: nvs_get_str_or_blob ap.pmk
D (6553) nvs: nvs_get ap.chan 1
D (6553) nvs: nvs_get ap.authmode 1
D (6553) nvs: nvs_get ap.hidden 1
D (6553) nvs: nvs_get ap.max.conn 1
D (6563) nvs: nvs_get bcn.interval 2
D (6563) nvs: nvs_get ap.phym 1
D (6563) nvs: nvs_get ap.phybw 1
D (6563) nvs: nvs_get ap.sndchan 1
D (6573) nvs: nvs_get ap.pmf_e 1
D (6583) nvs: nvs_get ap.pmf_r 1
D (6583) nvs: nvs_get ap.p_cipher 1
D (6583) nvs: nvs_get lorate 1
D (6583) nvs: nvs_get_str_or_blob country
D (6593) nvs: nvs_get ap.ftm_r 1
D (6593) nvs: nvs_get sta.ft 1
D (6593) nvs: nvs_get sta.owe 1
D (6593) nvs: nvs_get sta.trans_d 1
D (6603) nvs: nvs_get sta.sae_h2e 1
D (6603) nvs: nvs_get sta.sae_pk_mode 1
D (6603) nvs: nvs_get sta.bss_retry 1
D (6603) nvs: nvs_get_str_or_blob sta.owe_data
D (6613) nvs: nvs_get sta.he_dcm 1
D (6613) nvs: nvs_get sta.he_dcm_c_tx 1
D (6623) nvs: nvs_get sta.he_dcm_c_rx 1
D (6633) nvs: nvs_get sta.he_mcs9_d 1
D (6633) nvs: nvs_get sta.he_su_b_d 1
D (6633) nvs: nvs_get sta.he_su_b_f_d 1
D (6633) nvs: nvs_get sta.he_mu_b_f_d 1
D (6643) nvs: nvs_get sta.he_cqi_f_d 1
D (6643) nvs: nvs_get_str_or_blob sta.sae_h2e_id
D (6643) nvs: nvs_get ap.sae_h2e 1
D (6653) nvs: nvs_get_str_or_blob ap.pmk_info
D (6653) nvs: nvs_get nan.phym 1
D (6653) nvs: nvs_get sta.pwr_reset 1
D (6653) nvs: nvs_get band_mode 1
D (6663) nvs: nvs_get sta.phym5g 1
D (6663) nvs: nvs_get ap.phym5g 1
D (6673) nvs: nvs_get sta.phybw5g 1
D (6673) nvs: nvs_get ap.phybw5g 1
D (6683) nvs: nvs_get ap.sndchan5g 1
D (6683) nvs: nvs_get ap.chan5g 1
D (6683) nvs: nvs_get ap.chanisset 1
D (6683) nvs: nvs_get ap.chan5gisset 1
D (6693) nvs: nvs_get sta.rssi_5g_adj 1
D (6693) nvs: nvs_get ap.csa_count 1
D (6693) nvs: nvs_get ap.dtim_period 1
D (6693) nvs: nvs_get ap.trans_d 1
D (6703) nvs: nvs_set ap.sndchan 1 1
I (6713) wifi_init: rx ba win: 6
I (6713) wifi_init: accept mbox: 6
I (6713) wifi_init: tcpip mbox: 32
I (6713) wifi_init: udp mbox: 6
I (6723) wifi_init: tcp mbox: 6
I (6723) wifi_init: tcp tx win: 5760
I (6723) wifi_init: tcp rx win: 5760
I (6723) wifi_init: tcp mss: 1440
I (6733) wifi_init: WiFi IRAM OP enabled
I (6733) wifi_init: WiFi RX IRAM OP enabledler 0x4200d8c8 and context 0x3fcb0400 on loop 0x3fcae4b4
D (6883) event: running post WIFI_EVENT:2 with handler 0x42039c74 and context 0x3fcaf60c on loop 0x3fcae4b4
D (6883) wifi_init_default: wifi_start esp-netif:0x3fcaf3fc event-id2
D (6893) wifi_init_default: WIFI mac address: 34 85 18 6d 4 5c
D (6903) esp_netif_lwip: check: remote, if=0x3fcaf3fc fn=0x42037410
D (6913) esp_netif_lwip: call api in lwip: ret=0x0, give sem
D (6913) esp_netif_handlers: esp_netif action has started with netif0x3fcaf3fc from event_id=2
D (6923) esp_netif_lwip: check: remote, if=0x3fcaf3fc fn=0x42037c70
D (6923) esp_netif_lwip: esp_netif_start_api 0x3fcaf3fc
D (6933) esp_netif_lwip: esp_netif_get_hostname esp_netif:0x3fcaf3fc
D (6933) esp_netif_lwip: call api in lwip: ret=0x0, give sem
D (6943) event: running post WIFI_EVENT:2 with handler 0x4200d8c8 and context 0x3fcb0400 on loop 0x3fcae4b4
D (7563) gdma: new group (0) at 0x3fcb8ec8
D (7563) gdma: new pair (0,0) at 0x3fcb8d98
D (7563) gdma: new tx channel (0,0) at 0x3fcb8e90
D (7563) gdma: new rx channel (0,0) at 0x3fcb8f54
D (7993) event: running post WIFI_EVENT:43 with handler 0x4200d8c8 and context 0x3fcb0400 on loop 0x3fcae4b4
D (8073) intr_alloc: Connected src 77 to int 12 (cpu 0)
D (8083) event: running post WIFI_EVENT:4 with handler 0x42039c04 and context 0x3fcaf66c on loop 0x3fcae4b4
D (8083) esp_netif_handlers: esp_netif action connected with netif0x3fcaf3fc from event_id=4
D (8093) esp_netif_lwip: check: remote, if=0x3fcaf3fc fn=0x42037f38
D (8093) esp_netif_lwip: esp_netif_up_api esp_netif:0x3fcaf3fc
D (8103) esp_netif_lwip: call api in lwip: ret=0x0, give sem
D (8113) esp_netif_lwip: check: remote, if=0x3fcaf3fc fn=0x42037708
D (8123) esp_netif_lwip: esp_netif_dhcpc_start_api esp_netif:0x3fcaf3fc
D (8123) esp_netif_lwip: esp_netif_start_ip_lost_timer esp_netif:0x3fcaf3fc
D (8133) esp_netif_lwip: if0x3fcaf3fc start ip lost tmr: interval=120
D (8133) esp_netif_lwip: starting dhcp client
D (8143) esp_netif_lwip: call api in lwip: ret=0x0, give sem
D (8153) event: running post WIFI_EVENT:4 with handler 0x4200d8c8 and context 0x3fcb0400 on loop 0x3fcae4b4
D (12943) esp_netif_lwip: esp_netif_internal_dhcpc_cb lwip-netif:0x3fcaf488
D (12943) esp_netif_lwip: check: local, if=0x3fcaf3fc fn=0x420384f4
D (12943) esp_netif_lwip: esp_netif_update_default_netif_lwip 0x3fcaf3fc
D (12953) esp_netif_lwip: if0x3fcaf3fc ip changed=1
D (12953) event: running post IP_EVENT:0 with handler 0x42039d74 and context 0x3fcaf6e0 on loop 0x3fcae4b4
D (12963) wifi_init_default: Got IP wifi default handler entered
D (12973) esp_netif_handlers: esp_netif action got_ip with netif0x3fcaf3fc from event_id=0
I (12973) esp_netif_handlers: sta ip: 192.168.8.234, mask: 255.255.255.0, gw: 192.168.8.1
D (12993) event: running post IP_EVENT:0 with handler 0x4200d8c8 and context 0x3fcb85f8 on loop 0x3fcae4b4
I (13003) example_wifi: WiFi Connected. Got IP:192.168.8.234
I (13003) example_wifi: Connected to AP SSID: ***MIKES_ORANGE_PI_WIFI_SSID***
I (13003) golioth_mbox: Mbox created, bufsize: 2688, num_items: 20, item_size: 128
I (13013) certificate_auth: Counter = 0
I (13053) golioth_coap_client_libcoap: Start CoAP session with host: coaps://coap.golioth.io
D (13063) RANDOM: getrandom(buf=0x3fcbc594, buflen=2, flags=0)
D (13063) RANDOM: getrandom returns 2
D (13073) RANDOM: getrandom(buf=0x3fcbc638, buflen=4, flags=0)
D (13073) RANDOM: getrandom returns 4
I (13093) golioth_coap_client_libcoap: Entering CoAP I/O loop
D (13093) RANDOM: getrandom(buf=0x3fcbbc40, buflen=1, flags=0)
D (13093) RANDOM: getrandom returns 1
D (13943) intr_alloc: Connected src 76 to int 13 (cpu 0)
I (14783) golioth_coap_client_libcoap: Golioth CoAP client connected
I (14793) certificate_auth: Golioth client connected
D (14793) RANDOM: getrandom(buf=0x3fcbbc90, buflen=1, flags=0)
D (14793) RANDOM: getrandom returns 1
D (14853) RANDOM: getrandom(buf=0x3fcbbc90, buflen=1, flags=0)
D (14853) RANDOM: getrandom returns 1
D (14903) RANDOM: getrandom(buf=0x3fcbbc90, buflen=1, flags=0)
D (14903) RANDOM: getrandom returns 1
I (18023) certificate_auth: Counter = 1
D (18023) RANDOM: getrandom(buf=0x3fcbbc90, buflen=1, flags=0)
D (18023) RANDOM: getrandom returns 1
I (23023) certificate_auth: Counter = 2
D (23023) RANDOM: getrandom(buf=0x3fcbbc90, buflen=1, flags=0)
D (23023) RANDOM: getrandom returns 1
I (28023) certificate_auth: Counter = 3
D (28023) RANDOM: getra