st_settings: Received test_restart: false
I (85925) test_settings: Received test_cancel: 0
I (85925) test_settings: Received test_bool: true
I (85935) test_settings: Received test_float: 10.000000
I (90215) test_settings: Received test_float: 10.000000
I (90215) test_settings: Received test_bool: true
I (90215) test_settings: Received test_restart: false
I (90215) test_settings: Received test_string: bar
I (90235) test_settings: Received test_cancel: 1
I (91305) test_settings: Cancelling settings
I (91315) test_settings: Received test_restart: false
I (91315) test_settings: Received test_cancel: 1
I (91315) test_settings: Received test_bool: true
I (91315) test_settings: Received test_float: 10.000000
I (91325) test_settings: Received test_string: bar
Guru Meditation Error: Core  0 panic'ed (LoadProhibited). Exception was unhandled.

Core  0 register dump:
PC      : 0x40001277  PS      : 0x00060630  A0      : 0x800e0a68  A1      : 0x3ffcf840  
A2      : 0x00000433  A3      : 0x3ffcf860  A4      : 0x00000003  A5      : 0x3ffcf862  
A6      : 0x00000044  A7      : 0x00000045  A8      : 0x00000054  A9      : 0x0000004c  
A10     : 0x00000003  A11     : 0x00000001  A12     : 0x00000003  A13     : 0x3f4040eb  
A14     : 0x3f40420e  A15     : 0x3ffcfbc4  SAR     : 0x00000008  EXCCAUSE: 0x0000001c  
EXCVADDR: 0x00000433  LBEG    : 0x4000c349  LEND    : 0x4000c36b  LCOUNT  : 0xffffffff  


Backtrace: 0x40001274:0x3ffcf840 0x400e0a65:0x3ffcf850 0x400e1589:0x3ffcf8f0 0x400e0d4c:0x3ffcf930 0x400e0611:0x3ffcfcb0 0x400e9228:0x3ffcfd30 0x400e93c0:0x3ffcfda0 0x400e7287:0x3ffcfdc0 0x400e946d:0x3ffcfde0 0x400e975e:0x3ffcfe40 0x400e5ea9:0x3ffcfe70 0x400e5fbe:0x3ffcfec0 0x400e5fd1:0x3ffcfee0 0x400dfc09:0x3ffcff00




ELF file SHA256: 750f4cc1a

Rebooting...
ets Jul 29 2019 12:21:46

rst:0xc (SW_CPU_RESET),boot:0x13 (SPI_FAST_FLASH_BOOT)
configsip: 0, SPIWP:0xee
clk_drv:0x00,q_drv:0x00,d_drv:0x00,cs0_drv:0x00,hd_drv:0x00,wp_drv:0x00
mode:DIO, clock div:2
load:0x3fff0030,len:6276
load:0x40078000,len:15828
load:0x40080400,len:4
ho 8 tail 4 room 4
load:0x40080404,len:3860
entry 0x4008063c
I (31) boot: ESP-IDF v5.4.1 2nd stage bootloader
I (31) boot: compile time Sep 29 2025 19:45:10
I (31) boot: Multicore bootloader
I (32) boot: chip revision: v3.1
I (35) boot.esp32: SPI Speed      : 40MHz
I (39) boot.esp32: SPI Mode       : DIO
I (42) boot.esp32: SPI Flash Size : 4MB
I (46) boot: Enabling RNG early entropy source...
I (51) boot: Partition Table:
I (53) boot: ## Label            Usage          Type ST Offset   Length
I (59) boot:  0 nvs              WiFi data        01 02 00009000 00006000
I (66) boot:  1 phy_init         RF data          01 01 0000f000 00001000
I (73) boot:  2 factory          factory app      00 00 00010000 00100000
I (79) boot: End of partition table
I (82) esp_image: segment 0: paddr=00010020 vaddr=3f400020 size=24070h (147568) map
I (140) esp_image: segment 1: paddr=00034098 vaddr=3ff80000 size=0001ch (    28) load
I (141) esp_image: segment 2: paddr=000340bc vaddr=3ffb0000 size=040d8h ( 16600) load
I (150) esp_image: segment 3: paddr=0003819c vaddr=40080000 size=07e7ch ( 32380) load
I (164) esp_image: segment 4: paddr=00040020 vaddr=400d0020 size=9dcd8h (646360) map
I (385) esp_image: segment 5: paddr=000ddd00 vaddr=40087e7c size=0f118h ( 61720) load
I (420) boot: Loaded app from partition at offset 0x10000
I (421) boot: Disabling RNG early entropy source...
I (431) cpu_start: Multicore app
I (439) cpu_start: Pro cpu start user code
I (439) cpu_start: cpu freq: 160000000 Hz
I (439) app_init: Application information:
I (439) app_init: Project name:     test
I (443) app_init: App version:      0edc212-dirty
I (447) app_init: Compile time:     Sep 29 2025 19:45:03
I (452) app_init: ELF file SHA256:  750f4cc1a...
I (457) app_init: ESP-IDF:          v5.4.1
I (461) efuse_init: Min chip rev:     v0.0
I (464) efuse_init: Max chip rev:     v3.99 
I (468) efuse_init: Chip rev:         v3.1
I (473) heap_init: Initializing. RAM available for dynamic allocation:
I (479) heap_init: At 3FFAE6E0 len 00001920 (6 KiB): DRAM
I (484) heap_init: At 3FFBBA88 len 00024578 (145 KiB): DRAM
I (489) heap_init: At 3FFE0440 len 00003AE0 (14 KiB): D/IRAM
I (494) heap_init: At 3FFE4350 len 0001BCB0 (111 KiB): D/IRAM
I (500) heap_init: At 40096F94 len 0000906C (36 KiB): IRAM
I (507) spi_flash: detected chip: generic
I (509) spi_flash: flash io: dio
W (512) spi_flash: Detected size(8192k) larger than the size in the binary image header(4096k). Using the size in the binary image header.
I (525) main_task: Started on CPU0
I (535) main_task: Calling app_main()
[5n
Type 'help' to get the list of commands.
Use UP/DOWN arrows to navigate through command history.
Press TAB when typing command name to auto-complete.

Your terminal application does not support escape sequences.

Line editing and history features are disabled.

On Windows, try using Putty instead.
esp32> I (1055) wifi_init: rx ba win: 6
I (1065) wifi_init: accept mbox: 6
I (1075) wifi_init: tcpip mbox: 32
I (1075) wifi_init: udp mbox: 6
I (1075) wifi_init: tcp mbox: 6
I (1085) wifi_init: tcp tx win: 5760
I (1085) wifi_init: tcp rx win: 5760
I (1085) wifi_init: tcp mss: 1440
I (1085) wifi_init: WiFi IRAM OP enabled
I (1095) wifi_init: WiFi RX IRAM OP enabled
I (1095) phy_init: phy_version 4860,6b7a6e5,Feb  6 2025,14:47:07
I (3095) esp_netif_handlers: sta ip: 192.168.0.120, mask: 255.255.255.0, gw: 192.168.0.1
I (3095) example_wifi: WiFi Connected. Got IP:192.168.0.120
I (3095) example_wifi: Connected to AP SSID: ***SAMS_ORANGE_PI_WIFI_SSID***
I (3105) golioth_mbox: Mbox created, bufsize: 2688, num_items: 20, item_size: 128
I (3145) golioth_coap_client_libcoap: Start CoAP session with host: coaps://coap.golioth.io
I (3145) golioth_coap_client_libcoap: Session PSK-ID: generated-ZnRECmqlBondMffI@firmware_ci
I (3165) libcoap: Setting PSK key

I (3165) golioth_coap_client_libcoap: Entering CoAP I/O loop
I (4365) golioth_coap_client_libcoap: Golioth CoAP client connected
I (4425) test_settings: Received test_string: bar
I (4425) test_settings: Received test_cancel: 1
I (4435) test_settings: Received test_bool: true
I (4435) test_settings: Received test_float: 10.000000
I (4445) test_settings: Received test_restart: false
I (4495) test_settings: Received test_bool: true
I (4495) test_settings: Received test_cancel: 1
I (4495) test_settings: Received test_restart: false
I (4505) test_settings: Received test_string: bar
I (4515) test_settings: Received test_float: 10.000000
I (4685) test_settings: Received test_restart: false
I (4695) test_settings: Received test_bool: true
I (4695) test_settings: Received test_string: bar
I (4695) test_settings: Received test_cancel: 1
I (4705) test_settings: Received test_float: 10.000000
E (4705) golioth_settings: Failed to send a response to server: 10
I (5085) test_settings: Received test_string: bar
I (5085) test_settings: Received test_cancel: 1
I (5085) test_settings: Received test_float: 10.000000
I (5095) test_settings: Received test_bool: true
I (5105) test_settings: Received test_restart: false
E (5105) golioth_settings: Failed to send a response to server: 10
I (5165) test_settings: Received test_restart: false
I (5165) test_settings: Received test_float: 10.000000
I (5165) test_settings: Received test_cancel: 1
I (5165) test_settings: Received test_string: bar
I (5175) test_settings: Received test_bool: true
E (5185) golioth_settings: Failed to send a response to server: 10
I (5295) test_settings: Received test_bool: true
I (5295) test_settings: Received test_float: 10.000000
I (5295) test_settings: Received test_string: bar
I (5305) test_settings: Received test_restart: false
I (5315) test_settings: Received test_cancel: 1
E (5315) golioth_settings: Failed to send a response to server: 10
I (5495) test_settings: Received test_restart: false
I (5495) test_settings: Received test_string: bar
I (5495) test_settings: Received test_cancel: 1
I (5505) test_settings: Received test_bool: true
I (5515) test_settings: Received test_float: 10.000000
E (5515) golioth_settings: Failed to send a response to server: 10
I (5575) test_settings: Received test_bool: true
I (5575) test_settings: Received test_restart: false
I (5575) test_settings: Received test_string: bar
I (5575) test_settings: Received test_cancel: 1
I (5585) test_settings: Received test_float: 10.000000
E (5585) golioth_settings: Failed to send a response to server: 10
I (5805) test_settings: Received test_restart: false
I (5805) test_settings: Received test_string: bar
I (5805) test_settings: Received test_cancel: 1
I (5805) test_settings: Received test_float: 10.000000
I (5815) test_settings: Received test_bool: true
E (5815) golioth_settings: Failed to send a response to server: 10
I (9375) test_settings: Settings registration complete
I (9405) test_settings: Received test_string: bar
I (9415) test_settings: Received test_cancel: 1
I (9415) test_settings: Received test_float: 10.000000
I (9415) test_settings: Received test_restart: false
I (9425) test_settings: Received test_bool: true
