esptool.py v4.9.0
Serial port /dev/serial/by-id/usb-Silicon_Labs_CP2102N_USB_to_UART_Bridge_Controller_76b3b9235e24ed11ac32d0fff9a97352-if00-port0
Connecting.....
Detecting chip type... Unsupported detection protocol, switching and trying again...
Connecting....
Detecting chip type... ESP32
Chip is ESP32-D0WD-V3 (revision v3.1)
Features: WiFi, BT, Dual Core, 240MHz, VRef calibration in efuse, Coding Scheme None
Crystal is 40MHz
MAC: 08:b6:1f:ed:44:bc
Uploading stub...
Running stub...
Stub running...
Changing baud rate to 460800
Changed.
Configuring flash size...
Erasing flash (this may take a while)...
Chip erase completed successfully in 2.7 seconds.
Compressed 970432 bytes to 610210...
Writing at 0x00000000... (2 %)
Writing at 0x000074b5... (5 %)
Writing at 0x0001bf54... (7 %)
Writing at 0x00028cf2... (10 %)
Writing at 0x0003156a... (13 %)
Writing at 0x0003af11... (15 %)
Writing at 0x0004059d... (18 %)
Writing at 0x00045f2e... (21 %)
Writing at 0x0004b6bc... (23 %)
Writing at 0x00050bc1... (26 %)
Writing at 0x00055ce5... (28 %)
Writing at 0x0005b1c5... (31 %)
Writing at 0x000606da... (34 %)
Writing at 0x00065798... (36 %)
Writing at 0x0006aaf2... (39 %)
Writing at 0x0006fcac... (42 %)
Writing at 0x00074fc7... (44 %)
Writing at 0x0007a14b... (47 %)
Writing at 0x0007f7a9... (50 %)
Writing at 0x00084fe1... (52 %)
Writing at 0x0008aab2... (55 %)
Writing at 0x0008fd70... (57 %)
Writing at 0x00094fb9... (60 %)
Writing at 0x0009a722... (63 %)
Writing at 0x0009fddb... (65 %)
Writing at 0x000a50e1... (68 %)
Writing at 0x000aa7cc... (71 %)
Writing at 0x000b017c... (73 %)
Writing at 0x000b527e... (76 %)
Writing at 0x000ba6b2... (78 %)
Writing at 0x000bffa9... (81 %)
Writing at 0x000c77c8... (84 %)
Writing at 0x000cdd82... (86 %)
Writing at 0x000d5609... (89 %)
Writing at 0x000dad5f... (92 %)
Writing at 0x000e0834... (94 %)
Writing at 0x000e6433... (97 %)
Writing at 0x000eb6ba... (100 %)
Wrote 970432 bytes (610210 compressed) at 0x00000000 in 14.3 seconds (effective 543.5 kbit/s)...
Hash of data verified.

Leaving...
Hard resetting via RTS pin...
xxxxxxxxxx Ò’Ò¢j

rst:0x1 (POWERON_RESET),boot:0x13 (SPI_FAST_FLASH_BOOT)
configsip: 0, SPIWP:0xee
clk_drv:0x00,q_drv:0x00,d_drv:0x00,cs0_drv:0x00,hd_drv:0x00,wp_drv:0x00
mode:DIO, clock div:2
load:0x3fff0030,len:6276
load:0x40078000,len:15748
load:0x40080400,len:4
ho 8 tail 4 room 4
load:0x40080404,len:3860
entry 0x4008063c
I (31) boot: ESP-IDF v5.4.1 2nd stage bootloader
I (31) boot: compile time Sep 29 2025 19:50:59
I (31) boot: Multicore bootloader
I (32) boot: chip revision: v3.1
I (35) boot.esp32: SPI Speed      : 40MHz
I (39) boot.esp32: SPI Mode       : DIO
I (43) boot.esp32: SPI Flash Size : 2MB
I (46) boot: Enabling RNG early entropy source...
I (51) boot: Partition Table:
I (53) boot: ## Label            Usage          Type ST Offset   Length
I (60) boot:  0 nvs              WiFi data        01 02 00009000 00006000
I (66) boot:  1 phy_init         RF data          01 01 0000f000 00001000
I (73) boot:  2 factory          factory app      00 00 00010000 00100000
I (79) boot: End of partition table
I (82) esp_image: segment 0: paddr=00010020 vaddr=3f400020 size=244f0h (148720) map
I (141) esp_image: segment 1: paddr=00034518 vaddr=3ff80000 size=0001ch (    28) load
I (141) esp_image: segment 2: paddr=0003453c vaddr=3ffb0000 size=040e8h ( 16616) load
I (151) esp_image: segment 3: paddr=0003862c vaddr=40080000 size=079ech ( 31212) load
I (164) esp_image: segment 4: paddr=00040020 vaddr=400d0020 size=9d8cch (645324) map
I (385) esp_image: segment 5: paddr=000dd8f4 vaddr=400879ec size=0f5a8h ( 62888) load
I (421) boot: Loaded app from partition at offset 0x10000
I (421) boot: Disabling RNG early entropy source...
I (431) cpu_start: Multicore app
I (439) cpu_start: Pro cpu start user code
I (439) cpu_start: cpu freq: 160000000 Hz
I (440) app_init: Application information:
I (440) app_init: Project name:     stream
I (443) app_init: App version:      0edc212-dirty
I (448) app_init: Compile time:     Sep 29 2025 19:50:53
I (453) app_init: ELF file SHA256:  20e1f550e...
I (457) app_init: ESP-IDF:          v5.4.1
I (461) efuse_init: Min chip rev:     v0.0
I (465) efuse_init: Max chip rev:     v3.99 
I (469) efuse_init: Chip rev:         v3.1
I (473) heap_init: Initializing. RAM available for dynamic allocation:
I (479) heap_init: At 3FFAE6E0 len 00001920 (6 KiB): DRAM
I (484) heap_init: At 3FFBBB28 len 000244D8 (145 KiB): DRAM
I (489) heap_init: At 3FFE0440 len 00003AE0 (14 KiB): D/IRAM
I (495) heap_init: At 3FFE4350 len 0001BCB0 (111 KiB): D/IRAM
I (500) heap_init: At 40096F94 len 0000906C (36 KiB): IRAM
I (507) spi_flash: detected chip: gd
I (509) spi_flash: flash io: dio
W (512) spi_flash: Detected size(8192k) larger than the size in the binary image header(2048k). Using the size in the binary image header.
I (525) main_task: Started on CPU0
I (535) main_task: Calling app_main()
I (535) stream: Start Stream sample
[5n
Type 'help' to get the list of commands.
Use UP/DOWN arrows to navigate through command history.
Press TAB when typing command name to auto-complete.

Your terminal application does not support escape sequences.

Line editing and history features are disabled.

On Windows, try using Putty instead.
esp32> W (1045) stream: WiFi and Golioth credentials are not set. Use the shell settings commands to set them.

esp32> 
esp32> 
esp32> 
esp32> settings set wifi/ssid "***MIKES_ORANGE_PI_WIFI_SSID***"
Setting wifi/ssid saved
esp32> 
esp32> 
esp32> 
esp32> 
esp32> 
esp32> settings set wifi/psk "***MIKES_ORANGE_PI_WIFI_PSK***"
Setting wifi/psk saved
esp32> 
es::add-mask::generated-qbgZdXqDTNiwwrVa
p32> 
esp32> 
esp32> 
esp32> 
esp32> settings set golioth/psk-id "generated-qbgZdXqDTNiwwrVa@firmware_ci"
Setting golioth/psk-id saved
esp32> 
esp32> 
esp32> 
esp32> 
esp32> 
esp32> settings set golioth/psk "generated-qbgZdXqDTNiwwrVa"
Setting golioth/psk saved
esp32> 
esp32> I (10095) wifi_init: rx ba win: 6
I (10095) wifi_init: accept mbox: 6
I (10095) wifi_init: tcpip mbox: 32
I (10095) wifi_init: udp mbox: 6
I (10105) wifi_init: tcp mbox: 6
I (10115) wifi_init: tcp tx win: 5760
I (10115) wifi_init: tcp rx win: 5760
I (10115) wifi_init: tcp mss: 1440
I (10115) wifi_init: WiFi IRAM OP enabled
I (10125) wifi_init: WiFi RX IRAM OP enabled
I (10125) phy_init: phy_version 4860,6b7a6e5,Feb  6 2025,14:47:07
W (10125) phy_init: failed to load RF calibration data (0x1102), falling back to full calibration
I (10205) phy_init: Saving new calibration data due to checksum failure or outdated calibration data, mode(2)
I (12225) esp_netif_handlers: sta ip: 192.168.8.240, mask: 255.255.255.0, gw: 192.168.8.1
I (12225) example_wifi: WiFi Connected. Got IP:192.168.8.240
I (12225) example_wifi: Connected to AP SSID: ***MIKES_ORANGE_PI_WIFI_SSID***
I (12235) golioth_mbox: Mbox created, bufsize: 2688, num_items: 20, item_size: 128
W (12245) stream: Waiting for connection to Golioth...
I (12255) golioth_coap_client_libcoap: Start CoAP session with host: coaps://coap.golioth.io
I (12255) golioth_coap_client_libcoap: Session PSK-ID: generated-qbgZdXqDTNiwwrVa@firmware_ci
I (12275) libcoap: Setting PSK key

I (12285) golioth_coap_client_libcoap: Entering CoAP I/O loop
I (12715) golioth_coap_client_libcoap: Golioth CoAP client connected
I (12715) stream: Golioth client connected
I (12725) stre