esptool.py v4.9.0
Serial port /dev/serial/by-id/usb-Silicon_Labs_CP2102N_USB_to_UART_Bridge_Controller_061a7f3b498bef11918522ccef8776e9-if00-port0
Connecting....
Detecting chip type... ESP32-C3
Chip is ESP32-C3 AZ (QFN32) (revision v1.1)
Features: WiFi, BLE, Embedded Flash 4MB (XMC)
Crystal is 40MHz
MAC: 18:8b:0e:af:95:48
Uploading stub...
Running stub...
Stub running...
Changing baud rate to 460800
Changed.
Configuring flash size...
Erasing flash (this may take a while)...
Chip erase completed successfully in 0.4 seconds.
Compressed 1011216 bytes to 593280...
Writing at 0x00000000... (2 %)
Writing at 0x00011be7... (5 %)
Writing at 0x0001e5bc... (8 %)
Writing at 0x0002a59d... (10 %)
Writing at 0x00033b99... (13 %)
Writing at 0x0003b69d... (16 %)
Writing at 0x000417ed... (18 %)
Writing at 0x00047a0d... (21 %)
Writing at 0x0004dfcf... (24 %)
Writing at 0x000540aa... (27 %)
Writing at 0x00059a80... (29 %)
Writing at 0x0005f644... (32 %)
Writing at 0x00065ead... (35 %)
Writing at 0x0006ba3b... (37 %)
Writing at 0x00071b59... (40 %)
Writing at 0x00077948... (43 %)
Writing at 0x0007da78... (45 %)
Writing at 0x000835cf... (48 %)
Writing at 0x00088c8a... (51 %)
Writing at 0x0008e75c... (54 %)
Writing at 0x00094874... (56 %)
Writing at 0x0009a568... (59 %)
Writing at 0x0009fdbc... (62 %)
Writing at 0x000a5d24... (64 %)
Writing at 0x000ac48b... (67 %)
Writing at 0x000b263c... (70 %)
Writing at 0x000b871d... (72 %)
Writing at 0x000be968... (75 %)
Writing at 0x000c42ee... (78 %)
Writing at 0x000c9a0f... (81 %)
Writing at 0x000cf7b0... (83 %)
Writing at 0x000d5552... (86 %)
Writing at 0x000dc582... (89 %)
Writing at 0x000e3051... (91 %)
Writing at 0x000e96b7... (94 %)
Writing at 0x000ef8d3... (97 %)
Writing at 0x000f5713... (100 %)
Wrote 1011216 bytes (593280 compressed) at 0x00000000 in 14.3 seconds (effective 565.8 kbit/s)...
Hash of data verified.

Leaving...
Hard resetting via RTS pin...
Build:Jul 20 2023
rst:0x1 (POWERON),boot:0xc (SPI_FAST_FLASH_BOOT)
SPIWP:0xee
mode:DIO, clock div:1
load:0x3fcd5820,len:0x1574
load:0x403cc710,len:0xc30
load:0x403ce710,len:0x2ff0
entry 0x403cc71a
I (31) boot: ESP-IDF v5.4.1 2nd stage bootloader
I (31) boot: compile time Sep 29 2025 19:45:11
I (31) boot: chip revision: v1.1
I (31) boot: efuse block revision: v1.3
I (35) boot.esp32c3: SPI Speed      : 80MHz
I (39) boot.esp32c3: SPI Mode       : DIO
I (42) boot.esp32c3: SPI Flash Size : 4MB
I (46) boot: Enabling RNG early entropy source...
I (51) boot: Partition Table:
I (53) boot: ## Label            Usage          Type ST Offset   Length
I (60) boot:  0 nvs              WiFi data        01 02 00009000 00006000
I (66) boot:  1 phy_init         RF data          01 01 0000f000 00001000
I (73) boot:  2 factory          factory app      00 00 00010000 00100000
I (79) boot: End of partition table
I (82) esp_image: segment 0: paddr=00010020 vaddr=3c0b0020 size=24b88h (150408) map
I (114) esp_image: segment 1: paddr=00034bb0 vaddr=3fc93400 size=03048h ( 12360) load
I (116) esp_image: segment 2: paddr=00037c00 vaddr=40380000 size=08418h ( 33816) load
I (124) esp_image: segment 3: paddr=00040020 vaddr=42000020 size=abe3ch (704060) map
I (237) esp_image: segment 4: paddr=000ebe64 vaddr=40388418 size=0af58h ( 44888) load
I (246) esp_image: segment 5: paddr=000f6dc4 vaddr=50000200 size=0001ch (    28) load
I (252) boot: Loaded app from partition at offset 0x10000
I (252) boot: Disabling RNG early entropy source...
I (263) cpu_start: Unicore app
I (272) cpu_start: Pro cpu start user code
I (272) cpu_start: cpu freq: 160000000 Hz
I (272) app_init: Application information:
I (272) app_init: Project name:     test
I (276) app_init: App version:      0edc212-dirty
I (280) app_init: Compile time:     Sep 29 2025 19:45:05
I (285) app_init: ELF file SHA256:  e1e4ae03e...
I (289) app_init: ESP-IDF:          v5.4.1
I (293) efuse_init: Min chip rev:     v0.3
I (297) efuse_init: Max chip rev:     v1.99 
I (301) efuse_init: Chip rev:         v1.1
I (305) heap_init: Initializing. RAM available for dynamic allocation:
I (311) heap_init: At 3FC9DE10 len 000221F0 (136 KiB): RAM
I (316) heap_init: At 3FCC0000 len 0001C710 (113 KiB): Retention RAM
I (322) heap_init: At 3FCDC710 len 0000294C (10 KiB): Retention RAM
I (328) heap_init: At 5000021C len 00001DCC (7 KiB): RTCRAM
I (334) spi_flash: detected chip: generic
I (337) spi_flash: flash io: dio
I (341) sleep_gpio: Configure to isolate all GPIO pins in sleep state
I (347) sleep_gpio: Enable automatic switching of GPIO sleep configuration
I (353) main_task: Started on CPU0
I (383) main_task: Calling app_main()
[5n
Type 'help' to get the list of commands.
Use UP/DOWN arrows to navigate through command history.
Press TAB when typing command name to auto-complete.

Your terminal application does not support escape sequences.

Line editing and history features are disabled.

On Windows, try using Putty instead.
esp32> W (883) hil_test: WiFi and Golioth credentials are not set. Use the shell settings commands to set them.

esp32> 
esp32> 
esp32> 
esp32> settings set wifi/ssid "***SAMS_ORANGE_PI_WIFI_SSID***"
Setting wifi/ssid saved
esp32> 
esp32> 
esp32> 
esp32> 
esp32> 
esp32> settings set wifi/psk "***SAMS_ORANGE_PI_WIFI_PSK***"
Setting wifi/psk saved
esp32> 
esp32> ::add-mask::generated-ZxAcSuuSXZCindHA

esp32> 
esp32> 
esp32> 
esp32> settings set golioth/psk-id "generated-ZxAcSuuSXZCindHA@firmware_ci"
Setting golioth/psk-id saved
esp32> 
esp32> 
esp32> 
esp32> 
esp32> 
esp32> settings set golioth/psk "generated-ZxAcSuuSXZCindHA"
Setting golioth/psk saved
esp32> 
esp32> I (8903) pp: pp rom version: 74f9620
I (8903) net80211: net80211 rom version: 74f9620
I (8923) wifi_init: rx ba win: 6
I (8923) wifi_init: accept mbox: 6
I (8923) wifi_init: tcpip mbox: 32
I (8923) wifi_init: udp mbox: 6
I (8923) wifi_init: tcp mbox: 6
I (8933) wifi_init: tcp tx win: 5760
I (8933) wifi_init: tcp rx win: 5760
I (8933) wifi_init: tcp mss: 1440
I (8943) wifi_init: WiFi IRAM OP enabled
I (8943) wifi_init: WiFi RX IRAM OP enabled
I (8943) phy_init: phy_version 1200,2b7123f9,Feb 18 2025,15:22:21
W (8953) phy_init: failed to load RF calibration data (0x1102), falling back to full calibration
I (8993) phy_init: Saving new calibration data due to checksum failure or outdated calibration data, mode(2)
I (11253) esp_netif_handlers: sta ip: 192.168.0.116, mask: 255.255.255.0, gw: 192.168.0.1
I (11253) example_wifi: WiFi Connected. Got IP:192.168.0.116
I (11263) example_wifi: Connected to AP SSID: ***SAMS_ORANGE_PI_WIFI_SSID***
I (11263) golioth_mbox: Mbox created, bufsize: 2688, num_items: 20, item_size: 128
I (11463) golioth_coap_client_libcoap: Start CoAP session with host: coaps://coap.golioth.io
I (11473) golioth_coap_client_libcoap: Session PSK-ID: generated-ZxAcSuuSXZCindHA@firmware_ci
I (11483) libcoap: Setting PSK key

I (11493) golioth_coap_client_libcoap: Entering CoAP I/O loop
I (11653) golioth_coap_client_libcoap: Golioth CoAP client connected
I (11653) test_connect: Golioth client connected
I (12663) test_connect: Stopping client
I (12663) golioth_coap_client_libcoap: Attempting to stop client
I (12703) golioth_coap_client_libcoap: Stopping
I (12703) golioth_coap_client_libcoap: Ending session
I (12703) test_connect: Golioth client disconnected
I (23763) test_connect: Starting client
I (23763) golioth_coap_client_libcoap: Start CoAP session with host: coaps://coap.golioth.io
I (23763) golioth_coap_client_libcoap: Session PSK-ID: generated-ZxAcSuuSXZCindHA@firmware_ci
I (23773) libcoap: Setting PSK key

I (23773) golioth_coap_client_libcoap: Entering CoAP I/O loop
I (23953) golioth_coap_client_libcoap: Golioth CoAP client connected
I (23953) test_connect: Golioth client connected
I (24953) test_connect: Destroying client
I (24953) golioth_coap_client_libcoap: Attempting to stop client
I (24993) golioth_coap_client_libcoap: Stopping
I (24993) golioth_coap_client_libcoap: Ending session
I (24993) test_connect: Golioth client disconnected
I (36053) test_connect: Starting client
I (36053) golioth_mbox: Mbox created, bufsize: 2688, num_items: 20, item_size: 128
I (36053) golioth_coap_client_libcoap: Start CoAP session with host: coaps://coap.golioth.io
I (36063) golioth_coap_client_libcoap: Session PSK-ID: generated-ZxAcSuuSXZCindHA@firmware_ci
I (36073) libcoap: Setting PSK key

I (36073) golioth_coap_client_libcoap: Entering CoAP I/O loop
I (36253) golioth_coap_client_libcoap: Golioth CoAP client connected
