esptool.py v4.8.1
Serial port /dev/serial/by-id/usb-Silicon_Labs_CP2102N_USB_to_UART_Bridge_Controller_08bd8600facfec119c501d2686bdcd52-if00-port0
Connecting....
Detecting chip type... ESP32-S3
Chip is ESP32-S3 (QFN56) (revision v0.1)
Features: WiFi, BLE, Embedded PSRAM 8MB (AP_3v3)
Crystal is 40MHz
MAC: 34:85:18:6d:04:5c
Uploading stub...
Running stub...
Stub running...
Changing baud rate to 460800
Changed.
Configuring flash size...
Erasing flash (this may take a while)...
Chip erase completed successfully in 1.3s
Compressed 992128 bytes to 615892...
Writing at 0x00000000... (2 %)
Writing at 0x00011b2a... (5 %)
Writing at 0x0001f3ce... (7 %)
Writing at 0x0002b636... (10 %)
Writing at 0x00031cb7... (13 %)
Writing at 0x000372b8... (15 %)
Writing at 0x00041ecd... (18 %)
Writing at 0x00047881... (21 %)
Writing at 0x0004d4a9... (23 %)
Writing at 0x00052b72... (26 %)
Writing at 0x00057dbe... (28 %)
Writing at 0x0005d155... (31 %)
Writing at 0x00062f84... (34 %)
Writing at 0x0006806b... (36 %)
Writing at 0x0006d274... (39 %)
Writing at 0x00072719... (42 %)
Writing at 0x00077822... (44 %)
Writing at 0x0007caf6... (47 %)
Writing at 0x00082098... (50 %)
Writing at 0x00087c54... (52 %)
Writing at 0x0008d108... (55 %)
Writing at 0x00092276... (57 %)
Writing at 0x000971da... (60 %)
Writing at 0x0009c778... (63 %)
Writing at 0x000a18b3... (65 %)
Writing at 0x000a6b5d... (68 %)
Writing at 0x000ac139... (71 %)
Writing at 0x000b16c0... (73 %)
Writing at 0x000b678b... (76 %)
Writing at 0x000bbe3b... (78 %)
Writing at 0x000c1f39... (81 %)
Writing at 0x000c8d53... (84 %)
Writing at 0x000d17e2... (86 %)
Writing at 0x000d7f30... (89 %)
Writing at 0x000dda3a... (92 %)
Writing at 0x000e39e3... (94 %)
Writing at 0x000e9415... (97 %)
Writing at 0x000eec6c... (100 %)
Wrote 992128 bytes (615892 compressed) at 0x00000000 in 14.3 seconds (effective 554.8 kbit/s)...
Hash of data verified.

Leaving...
Hard resetting via RTS pin...
ESP-ROM:esp32s3-20210327
Build:Mar 27 2021
rst:0x1 (POWERON),boot:0x8 (SPI_FAST_FLASH_BOOT)
SPIWP:0xee
mode:DIO, clock div:1
load:0x3fce2810,len:0x178c
load:0x403c8700,len:0x4
load:0x403c8704,len:0xcb8
load:0x403cb700,len:0x2df4
entry 0x403c8914
[0;32mI (27) boot: ESP-IDF v5.3 2nd stage bootloader[0m
[0;32mI (27) boot: compile time Oct 29 2024 00:25:26[0m
[0;32mI (27) boot: Multicore bootloader[0m
[0;32mI (30) boot: chip revision: v0.1[0m
[0;32mI (34) boot.esp32s3: Boot SPI Speed : 80MHz[0m
[0;32mI (38) boot.esp32s3: SPI Mode       : DIO[0m
[0;32mI (43) boot.esp32s3: SPI Flash Size : 4MB[0m
[0;32mI (48) boot: Enabling RNG early entropy source...[0m
[0;32mI (53) boot: Partition Table:[0m
[0;32mI (57) boot: ## Label            Usage          Type ST Offset   Length[0m
[0;32mI (64) boot:  0 nvs              WiFi data        01 02 00009000 00006000[0m
[0;32mI (71) boot:  1 phy_init         RF data          01 01 0000f000 00001000[0m
[0;32mI (79) boot:  2 factory          factory app      00 00 00010000 00100000[0m
[0;32mI (86) boot: End of partition table[0m
[0;32mI (91) esp_image: segment 0: paddr=00010020 vaddr=3c0a0020 size=2c148h (180552) map[0m
[0;32mI (131) esp_image: segment 1: paddr=0003c170 vaddr=3fc98800 size=03ea8h ( 16040) load[0m
[0;32mI (135) esp_image: segment 2: paddr=00040020 vaddr=42000020 size=9cff8h (643064) map[0m
[0;32mI (253) esp_image: segment 3: paddr=000dd020 vaddr=3fc9c6a8 size=00bd0h (  3024) load[0m
[0;32mI (254) esp_image: segment 4: paddr=000ddbf8 vaddr=40374000 size=14760h ( 83808) load[0m
[0;32mI (285) boot: Loaded app from partition at offset 0x10000[0m
[0;32mI (285) boot: Disabling RNG early entropy source...[0m
[0;32mI (297) cpu_start: Multicore app[0m
[0;32mI (306) cpu_start: Pro cpu start user code[0m
[0;32mI (306) cpu_start: cpu freq: 160000000 Hz[0m
[0;32mI (307) app_init: Application information:[0m
[0;32mI (309) app_init: Project name:     test[0m
[0;32mI (314) app_init: App version:      ac7e940-dirty[0m
[0;32mI (319) app_init: Compile time:     Oct 29 2024 00:25:20[0m
[0;32mI (325) app_init: ELF file SHA256:  5ddb17251...[0m
[0;32mI (331) app_init: ESP-IDF:          v5.3[0m
[0;32mI (335) efuse_init: Min chip rev:     v0.0[0m
[0;32mI (340) efuse_init: Max chip rev:     v0.99 [0m
[0;32mI (345) efuse_init: Chip rev:         v0.1[0m
[0;32mI (350) heap_init: Initializing. RAM available for dynamic allocation:[0m
[0;32mI (357) heap_init: At 3FCA4DA0 len 00044970 (274 KiB): RAM[0m
[0;32mI (363) heap_init: At 3FCE9710 len 00005724 (21 KiB): RAM[0m
[0;32mI (369) heap_init: At 3FCF0000 len 00008000 (32 KiB): DRAM[0m
[0;32mI (375) heap_init: At 600FE100 len 00001EE8 (7 KiB): RTCRAM[0m
[0;32mI (383) spi_flash: detected chip: gd[0m
[0;32mI (386) spi_flash: flash io: dio[0m
[0;33mW (390) spi_flash: Detected size(8192k) larger than the size in the binary image header(4096k). Using the size in the binary image header.[0m
[0;32mI (403) sleep: Configure to isolate all GPIO pins in sleep state[0m
[0;32mI (410) sleep: Enable automatic switching of GPIO sleep configuration[0m
[0;32mI (417) main_task: Started on CPU0[0m
[0;32mI (437) main_task: Calling app_main()[0m
[5n
Type 'help' to get the list of commands.
Use UP/DOWN arrows to navigate through command history.
Press TAB when typing command name to auto-complete.

Your terminal application does not support escape sequences.

Line editing and history features are disabled.

On Windows, try using Putty instead.
esp32> [0;33mW (947) hil_test: WiFi and Golioth credentials are not set. Use the shell settings commands to set them.[0m

esp32> 
esp32> 
esp32> 
esp32> settings set wifi/ssid "***MIKES_ORANGE_PI_WIFI_SSID***"
Setting wifi/ssid saved
esp32> 
esp32> 
esp32> 
esp32> 
esp32> 
esp32> settings set wifi/psk "***MIKES_ORANGE_PI_WIFI_PSK***"
Setting wifi/psk saved
esp32> 
es::add-mask::generated-DSEvXeKOYRDKVbin
p32> 
esp32> 
esp32> 
esp32> 
esp32> settings set golioth/psk-id "generated-DSEvXeKOYRDKVbin@firmware_ci"
Setting golioth/psk-id saved
esp32> 
esp32> 
esp32> 
esp32> 
esp32> 
esp32> settings set golioth/psk "generated-DSEvXeKOYRDKVbin"
Setting golioth/psk saved
esp32> 
esp32> [0;32mI (9977) pp: pp rom version: e7ae62f[0m
[0;32mI (9977) net80211: net80211 rom version: e7ae62f[0m
[0;32mI (9997) wifi_init: rx ba win: 6[0m
[0;32mI (9997) wifi_init: accept mbox: 6[0m
[0;32mI (9997) wifi_init: tcpip mbox: 32[0m
[0;32mI (9997) wifi_init: udp mbox: 6[0m
[0;32mI (10007) wifi_init: tcp mbox: 6[0m
[0;32mI (10007) wifi_init: tcp tx win: 5760[0m
[0;32mI (10007) wifi_init: tcp rx win: 5760[0m
[0;32mI (10017) wifi_init: tcp mss: 1440[0m
[0;32mI (10027) wifi_init: WiFi IRAM OP enabled[0m
[0;32mI (10027) wifi_init: WiFi RX IRAM OP enabled[0m
[0;32mI (10037) phy_init: phy_version 680,a6008b2,Jun  4 2024,16:41:10[0m
[0;33mW (10037) phy_init: failed to load RF calibration data (0x1102), falling back to full calibration[0m
[0;33mW (10077) phy_init: saving new calibration data because of checksum failure, mode(2)[0m
[0;32mI (11677) esp_netif_handlers: sta ip: 192.168.8.234, mask: 255.255.255.0, gw: 192.168.8.1[0m
[0;32mI (11677) example_wifi: WiFi Connected. Got IP:192.168.8.234[0m
[0;32mI (11687) example_wifi: Connected to AP SSID: ***MIKES_ORANGE_PI_WIFI_SSID***[0m
[0;32mI (11687) golioth_mbox: Mbox created, bufsize: 2520, num_items: 20, item_size: 120[0m
[0;32mI (11707) golioth_coap_client_libcoap: Start CoAP session with host: coaps://coap.golioth.io[0m
[0;32mI (11707) golioth_coap_client_libcoap: Session PSK-ID: generated-DSEvXeKOYRDKVbin@firmware_ci[0m
[0;32mI (11727) libcoap: Setting PSK key
[0m
[0;32mI (11727) golioth_coap_client_libcoap: Entering CoAP I/O loop[0m
[0;32mI (12627) golioth_coap_client_libcoap: Golioth CoAP client connected[0m
[0;32mI (12827) test_ota: Manifest received[0m
[0;32mI (12827) test_ota: Manifest successfully decoded[0m
[0;32mI (12827) test_ota: Manifest is missing main, skipping this one.[0m
[0;32mI (15447) test_ota: Manifest received[0m
[0;32mI (15447) test_ota: Manifest successfully decoded[0m
[0;32mI (15447) test_ota: Manifest is missing main, skipping this one.[0m
[0;32mI (15467) test_ota: Manifest received[0m
[0;32mI (15467) test_ota: Manifest successfully decoded[0m
[0;32mI (15467) test_ota: Manifest is missing main, skipping this one.[0m
[0;32mI (16107) test_ota: Manifest received[0m
[0;32mI (16117) test_ota: Manifest successfully decoded[0m
[0;32mI (16117) test_ota: Manifest is missing main, skipping this one.[0m
[0;32mI (16487) test_ota: Manifest received[0m
[0;32mI (16487) test_ota: Manifest successfully decoded[0m
[0;32mI (16497) test_ota: Manifest is missing main, skipping this one.[0m
[0;32mI (17137) test_ota: Manifest received[0m
[0;32mI (17137) test_ota: Manifest successfully decoded[0m
[0;32mI (17137) test_ota: Found main component[0m
[0;32mI (17137) test_ota: No absent component found[0m
[0;32mI (17147) test_ota: component.package: main[0m
[0;32mI (17147) test_ota: component.version: 1.2.2[0m
[0;32mI (17157) test_ota: component.size: 16147[0m
[0;32mI (17167) test_ota: component.hash: 62c035ff42d6c61ad9d1caf9ee3425dae3ef360eb9d145061d3f76092e266018[0m
[0;32mI (17177) test_ota: component.uri: /.u/c/main@1.2.2[0m
[0;32mI (17177) test_ota: component.bootloader: default[0m
