esptool.py v4.8.1
Serial port /dev/serial/by-id/usb-Silicon_Labs_CP2102N_USB_to_UART_Bridge_Controller_76b3b9235e24ed11ac32d0fff9a97352-if00-port0
Connecting....
Detecting chip type... Unsupported detection protocol, switching and trying again...
Connecting....
Detecting chip type... ESP32
Chip is ESP32-D0WD-V3 (revision v3.1)
Features: WiFi, BT, Dual Core, 240MHz, VRef calibration in efuse, Coding Scheme None
Crystal is 40MHz
MAC: 08:b6:1f:ed:44:bc
Uploading stub...
Running stub...
Stub running...
Changing baud rate to 460800
Changed.
Configuring flash size...
Erasing flash (this may take a while)...
Chip erase completed successfully in 1.7s
Compressed 1003552 bytes to 630272...
Writing at 0x00000000... (2 %)
Writing at 0x000077eb... (5 %)
Writing at 0x0001c95c... (7 %)
Writing at 0x00029b7b... (10 %)
Writing at 0x00030677... (12 %)
Writing at 0x00035867... (15 %)
Writing at 0x000404a7... (17 %)
Writing at 0x00045f44... (20 %)
Writing at 0x0004b660... (23 %)
Writing at 0x00050abf... (25 %)
Writing at 0x00055c1d... (28 %)
Writing at 0x0005b091... (30 %)
Writing at 0x000608b6... (33 %)
Writing at 0x00065956... (35 %)
Writing at 0x0006ace9... (38 %)
Writing at 0x0006ffae... (41 %)
Writing at 0x00075291... (43 %)
Writing at 0x0007a434... (46 %)
Writing at 0x0007fa1c... (48 %)
Writing at 0x000855e3... (51 %)
Writing at 0x0008acca... (53 %)
Writing at 0x0009005d... (56 %)
Writing at 0x0009522f... (58 %)
Writing at 0x0009a948... (61 %)
Writing at 0x0009ffcb... (64 %)
Writing at 0x000a529c... (66 %)
Writing at 0x000aaa94... (69 %)
Writing at 0x000b0332... (71 %)
Writing at 0x000b5468... (74 %)
Writing at 0x000baa7c... (76 %)
Writing at 0x000c0217... (79 %)
Writing at 0x000c7d11... (82 %)
Writing at 0x000cef1f... (84 %)
Writing at 0x000d6acc... (87 %)
Writing at 0x000dc240... (89 %)
Writing at 0x000e2022... (92 %)
Writing at 0x000e7694... (94 %)
Writing at 0x000ed350... (97 %)
Writing at 0x000f2595... (100 %)
Wrote 1003552 bytes (630272 compressed) at 0x00000000 in 14.6 seconds (effective 551.5 kbit/s)...
Hash of data verified.

Leaving...
Hard resetting via RTS pin...
xxxxxxxxxxÒ’Ò¢j

rst:0x1 (POWERON_RESET),boot:0x13 (SPI_FAST_FLASH_BOOT)
configsip: 0, SPIWP:0xee
clk_drv:0x00,q_drv:0x00,d_drv:0x00,cs0_drv:0x00,hd_drv:0x00,wp_drv:0x00
mode:DIO, clock div:2
load:0x3fff0030,len:7176
load:0x40078000,len:15564
ho 0 tail 12 room 4
load:0x40080400,len:4
load:0x40080404,len:3904
entry 0x40080640
[0;32mI (31) boot: ESP-IDF v5.3 2nd stage bootloader[0m
[0;32mI (31) boot: compile time Oct 30 2024 15:44:43[0m
[0;32mI (31) boot: Multicore bootloader[0m
[0;32mI (35) boot: chip revision: v3.1[0m
[0;32mI (39) boot.esp32: SPI Speed      : 40MHz[0m
[0;32mI (44) boot.esp32: SPI Mode       : DIO[0m
[0;32mI (48) boot.esp32: SPI Flash Size : 2MB[0m
[0;32mI (53) boot: Enabling RNG early entropy source...[0m
[0;32mI (58) boot: Partition Table:[0m
[0;32mI (62) boot: ## Label            Usage          Type ST Offset   Length[0m
[0;32mI (69) boot:  0 nvs              WiFi data        01 02 00009000 00006000[0m
[0;32mI (76) boot:  1 phy_init         RF data          01 01 0000f000 00001000[0m
[0;32mI (84) boot:  2 factory          factory app      00 00 00010000 00100000[0m
[0;32mI (91) boot: End of partition table[0m
[0;32mI (96) esp_image: segment 0: paddr=00010020 vaddr=3f400020 size=2be38h (179768) map[0m
[0;32mI (166) esp_image: segment 1: paddr=0003be60 vaddr=3ffb0000 size=04074h ( 16500) load[0m
[0;32mI (172) esp_image: segment 2: paddr=0003fedc vaddr=40080000 size=0013ch (   316) load[0m
[0;32mI (172) esp_image: segment 3: paddr=00040020 vaddr=400d0020 size=9e59ch (648604) map[0m
[0;32mI (402) esp_image: segment 4: paddr=000de5c4 vaddr=4008013c size=16a34h ( 92724) load[0m
[0;32mI (450) boot: Loaded app from partition at offset 0x10000[0m
[0;32mI (450) boot: Disabling RNG early entropy source...[0m
[0;32mI (462) cpu_start: Multicore app[0m
[0;32mI (470) cpu_start: Pro cpu start user code[0m
[0;32mI (471) cpu_start: cpu freq: 160000000 Hz[0m
[0;32mI (471) app_init: Application information:[0m
[0;32mI (473) app_init: Project name:     get[0m
[0;32mI (478) app_init: App version:      60395e4-dirty[0m
[0;32mI (483) app_init: Compile time:     Oct 30 2024 15:44:37[0m
[0;32mI (489) app_init: ELF file SHA256:  3d8794d17...[0m
[0;32mI (495) app_init: ESP-IDF:          v5.3[0m
[0;32mI (499) efuse_init: Min chip rev:     v0.0[0m
[0;32mI (504) efuse_init: Max chip rev:     v3.99 [0m
[0;32mI (509) efuse_init: Chip rev:         v3.1[0m
[0;32mI (514) heap_init: Initializing. RAM available for dynamic allocation:[0m
[0;32mI (521) heap_init: At 3FFAE6E0 len 00001920 (6 KiB): DRAM[0m
[0;32mI (527) heap_init: At 3FFBBE70 len 00024190 (144 KiB): DRAM[0m
[0;32mI (533) heap_init: At 3FFE0440 len 00003AE0 (14 KiB): D/IRAM[0m
[0;32mI (540) heap_init: At 3FFE4350 len 0001BCB0 (111 KiB): D/IRAM[0m
[0;32mI (546) heap_init: At 40096B70 len 00009490 (37 KiB): IRAM[0m
[0;32mI (554) spi_flash: detected chip: gd[0m
[0;32mI (556) spi_flash: flash io: dio[0m
[0;33mW (560) spi_flash: Detected size(8192k) larger than the size in the binary image header(2048k). Using the size in the binary image header.[0m
[0;32mI (575) main_task: Started on CPU0[0m
[0;32mI (585) main_task: Calling app_main()[0m
[0;32mI (585) lightdb: Start LightDB get sample[0m
[5n
Type 'help' to get the list of commands.
Use UP/DOWN arrows to navigate through command history.
Press TAB when typing command name to auto-complete.

Your terminal application does not support escape sequences.

Line editing and history features are disabled.

On Windows, try using Putty instead.
esp32> [0;33mW (1105) lightdb: WiFi and Golioth credentials are not set. Use the shell settings commands to set them.[0m

esp32> 
esp32> 
esp32> 
esp32> settings set wifi/ssid "***MIKES_ORANGE_PI_WIFI_SSID***"
Setting wifi/ssid saved
esp32> 
esp32> 
esp32> 
esp32> 
esp32> 
esp32> settings set wifi/psk "***MIKES_ORANGE_PI_WIFI_PSK***"
Setting wifi/psk saved
esp32> 
es::add-mask::generated-ejHPZtnwqUhoKENp
p32> 
esp32> 
esp32> 
esp32> 
esp32> settings set golioth/psk-id "generated-ejHPZtnwqUhoKENp@firmware_ci"
Setting golioth/psk-id saved
esp32> 
esp32> 
esp32> 
esp32> 
esp32> 
esp32> settings set golioth/psk "generated-ejHPZtnwqUhoKENp"
Setting golioth/psk saved
esp32> 
esp32> [0;32mI (10165) wifi_init: rx ba win: 6[0m
[0;32mI (10165) wifi_init: accept mbox: 6[0m
[0;32mI (10165) wifi_init: tcpip mbox: 32[0m
[0;32mI (10165) wifi_init: udp mbox: 6[0m
[0;32mI (10175) wifi_init: tcp mbox: 6[0m
[0;32mI (10175) wifi_init: tcp tx win: 5760[0m
[0;32mI (10175) wifi_init: tcp rx win: 5760[0m
[0;32mI (10185) wifi_init: tcp mss: 1440[0m
[0;32mI (10185) wifi_init: WiFi IRAM OP enabled[0m
[0;32mI (10195) wifi_init: WiFi RX IRAM OP enabled[0m
[0;32mI (10205) phy_init: phy_version 4830,54550f7,Jun 20 2024,14:22:08[0m
[0;33mW (10205) phy_init: failed to load RF calibration data (0x1102), falling back to full calibration[0m
[0;33mW (10275) phy_init: saving new calibration data because of checksum failure, mode(2)[0m
[0;32mI (11695) esp_netif_handlers: sta ip: 192.168.8.240, mask: 255.255.255.0, gw: 192.168.8.1[0m
[0;32mI (11695) example_wifi: WiFi Connected. Got IP:192.168.8.240[0m
[0;32mI (11705) example_wifi: Connected to AP SSID: ***MIKES_ORANGE_PI_WIFI_SSID***[0m
[0;32mI (11705) golioth_mbox: Mbox created, bufsize: 2520, num_items: 20, item_size: 120[0m
[0;33mW (11725) lightdb: Waiting for connection to Golioth...[0m
[0;32mI (11725) golioth_coap_client_libcoap: Start CoAP session with host: coaps://coap.golioth.io[0m
[0;32mI (11735) golioth_coap_client_libcoap: Session PSK-ID: generated-ejHPZtnwqUhoKENp@firmware_ci[0m
[0;32mI (11745) libcoap: Setting PSK key
[0m
[0;32mI (11755) golioth_coap_client_libcoap: Entering CoAP I/O loop[0m
[0;32mI (12135) golioth_coap_client_libcoap: Golioth CoAP client connected[0m
[0;32mI (12145) lightdb: Golioth client connected[0m
[0;32mI (12145) lightdb: Before request (async)[0m
[0;32mI (12145) lightdb: After request (async)[0m
[0;33mW (12545) lightdb: Failed to get counter (async): 0[0m
[0;32mI (17155) lightdb: Before request (sync)[0m
[0;32mI (17255) lightdb: Counter (sync): 13[0m
[0;32mI (17265) lightdb: After request (sync)[0m
[0;32mI (22265) lightdb: Before JSON request (sync)[0m
[0;32mI (22365) lightdb: 0x3ffbe0e0   7b 22 63 6f 75 6e 74 65  72 22 3a 32 37 7d        |{"counter":27}|[0m
[0;32mI (22365) lightdb: After JSON request (sync)[0m
[0;32mI (27385) lightdb: Before CBOR request (async)[0m
[0;32mI (27385) lightdb: After CBOR request (async)[0m
[0;32mI (27485) lightdb: Counter (CBOR async): 99[0m
[0;32mI (32395) lightdb: Before request (async)[0m
[0;32mI (32395) lightdb: After request (async)[0m
[0;32mI (32495) lightdb: Counter (async): 42[0m
