esptool.py v4.8.1
Serial port /dev/serial/by-id/usb-Silicon_Labs_CP2102N_USB_to_UART_Bridge_Controller_6a5ea5870128ee11b6e611d8f49e3369-if00-port0
Connecting....
Detecting chip type... ESP32-S3
Chip is ESP32-S3 (QFN56) (revision v0.2)
Features: WiFi, BLE, Embedded PSRAM 2MB (AP_3v3)
Crystal is 40MHz
MAC: dc:da:0c:61:9f:74
Uploading stub...
Running stub...
Stub running...
Changing baud rate to 460800
Changed.
Configuring flash size...
Erasing flash (this may take a while)...
Chip erase completed successfully in 1.9s
Compressed 994448 bytes to 616841...
Writing at 0x00000000... (2 %)
Writing at 0x00011c01... (5 %)
Writing at 0x0001f2b2... (7 %)
Writing at 0x0002b90e... (10 %)
Writing at 0x00031ed0... (13 %)
Writing at 0x00037598... (15 %)
Writing at 0x0004203c... (18 %)
Writing at 0x000479a0... (21 %)
Writing at 0x0004d534... (23 %)
Writing at 0x00052c31... (26 %)
Writing at 0x00057e46... (28 %)
Writing at 0x0005d23e... (31 %)
Writing at 0x00063096... (34 %)
Writing at 0x00068171... (36 %)
Writing at 0x0006d432... (39 %)
Writing at 0x000727b3... (42 %)
Writing at 0x000778fd... (44 %)
Writing at 0x0007cc2a... (47 %)
Writing at 0x00082201... (50 %)
Writing at 0x00087d77... (52 %)
Writing at 0x0008d26c... (55 %)
Writing at 0x000923ee... (57 %)
Writing at 0x00097361... (60 %)
Writing at 0x0009c8a1... (63 %)
Writing at 0x000a196c... (65 %)
Writing at 0x000a6cdc... (68 %)
Writing at 0x000ac2aa... (71 %)
Writing at 0x000b1858... (73 %)
Writing at 0x000b6922... (76 %)
Writing at 0x000bbfdc... (78 %)
Writing at 0x000c20f7... (81 %)
Writing at 0x000c8f2e... (84 %)
Writing at 0x000d1940... (86 %)
Writing at 0x000d80c3... (89 %)
Writing at 0x000ddb17... (92 %)
Writing at 0x000e3c51... (94 %)
Writing at 0x000e972e... (97 %)
Writing at 0x000ef0ab... (100 %)
Wrote 994448 bytes (616841 compressed) at 0x00000000 in 14.3 seconds (effective 557.0 kbit/s)...
Hash of data verified.

Leaving...
Hard resetting via RTS pin...
Build:Mar 27 2021
rst:0x1 (POWERON),boot:0x8 (SPI_FAST_FLASH_BOOT)
SPIWP:0xee
mode:DIO, clock div:1
load:0x3fce2810,len:0x178c
load:0x403c8700,len:0x4
load:0x403c8704,len:0xcb8
load:0x403cb700,len:0x2db0
entry 0x403c8914
[0;32mI (27) boot: ESP-IDF v5.3 2nd stage bootloader[0m
[0;32mI (27) boot: compile time Dec 30 2024 15:19:58[0m
[0;32mI (27) boot: Multicore bootloader[0m
[0;32mI (30) boot: chip revision: v0.2[0m
[0;32mI (34) boot.esp32s3: Boot SPI Speed : 80MHz[0m
[0;32mI (38) boot.esp32s3: SPI Mode       : DIO[0m
[0;32mI (43) boot.esp32s3: SPI Flash Size : 2MB[0m
[0;32mI (48) boot: Enabling RNG early entropy source...[0m
[0;32mI (53) boot: Partition Table:[0m
[0;32mI (57) boot: ## Label            Usage          Type ST Offset   Length[0m
[0;32mI (64) boot:  0 nvs              WiFi data        01 02 00009000 00006000[0m
[0;32mI (71) boot:  1 phy_init         RF data          01 01 0000f000 00001000[0m
[0;32mI (79) boot:  2 factory          factory app      00 00 00010000 00100000[0m
[0;32mI (86) boot: End of partition table[0m
[0;32mI (91) esp_image: segment 0: paddr=00010020 vaddr=3c0a0020 size=2c6e0h (181984) map[0m
[0;32mI (132) esp_image: segment 1: paddr=0003c708 vaddr=3fc98800 size=03910h ( 14608) load[0m
[0;32mI (135) esp_image: segment 2: paddr=00040020 vaddr=42000020 size=9d358h (643928) map[0m
[0;32mI (253) esp_image: segment 3: paddr=000dd380 vaddr=3fc9c110 size=01178h (  4472) load[0m
[0;32mI (254) esp_image: segment 4: paddr=000de500 vaddr=40374000 size=14760h ( 83808) load[0m
[0;32mI (285) boot: Loaded app from partition at offset 0x10000[0m
[0;32mI (286) boot: Disabling RNG early entropy source...[0m
[0;32mI (297) cpu_start: Multicore app[0m
[0;32mI (306) cpu_start: Pro cpu start user code[0m
[0;32mI (306) cpu_start: cpu freq: 160000000 Hz[0m
[0;32mI (307) app_init: Application information:[0m
[0;32mI (309) app_init: Project name:     settings[0m
[0;32mI (314) app_init: App version:      c8919d4-dirty[0m
[0;32mI (320) app_init: Compile time:     Dec 30 2024 15:19:53[0m
[0;32mI (326) app_init: ELF file SHA256:  c5db57043...[0m
[0;32mI (331) app_init: ESP-IDF:          v5.3[0m
[0;32mI (336) efuse_init: Min chip rev:     v0.0[0m
[0;32mI (340) efuse_init: Max chip rev:     v0.99 [0m
[0;32mI (345) efuse_init: Chip rev:         v0.2[0m
[0;32mI (350) heap_init: Initializing. RAM available for dynamic allocation:[0m
[0;32mI (357) heap_init: At 3FCA4A50 len 00044CC0 (275 KiB): RAM[0m
[0;32mI (363) heap_init: At 3FCE9710 len 00005724 (21 KiB): RAM[0m
[0;32mI (370) heap_init: At 3FCF0000 len 00008000 (32 KiB): DRAM[0m
[0;32mI (376) heap_init: At 600FE100 len 00001EE8 (7 KiB): RTCRAM[0m
[0;32mI (383) spi_flash: detected chip: gd[0m
[0;32mI (386) spi_flash: flash io: dio[0m
[0;33mW (390) spi_flash: Detected size(8192k) larger than the size in the binary image header(2048k). Using the size in the binary image header.[0m
[0;32mI (404) sleep: Configure to isolate all GPIO pins in sleep state[0m
[0;32mI (410) sleep: Enable automatic switching of GPIO sleep configuration[0m
[0;32mI (418) main_task: Started on CPU0[0m
[0;32mI (438) main_task: Calling app_main()[0m
[0;32mI (438) settings: Start Golioth Device Settings sample[0m
[5n
Type 'help' to get the list of commands.
Use UP/DOWN arrows to navigate through command history.
Press TAB when typing command name to auto-complete.

Your terminal application does not support escape sequences.

Line editing and history features are disabled.

On Windows, try using Putty instead.
esp32> [0;33mW (1948) settings: WiFi and golioth credentials are not set[0m
[0;33mW (1948) settings: Use the shell settings commands to set them, then restart[0m

esp32> 
esp32> 
esp32> 
esp32> settings set wifi/ssid "***JONS_ORANGE_PI_WIFI_SSID***"
Setting wifi/ssid saved
esp32> 
esp32> 
esp32> 
esp32> 
esp32> 
esp32> settings set wifi/psk "***JONS_ORANGE_PI_WIFI_PSK***"
Setting wifi/psk saved
es::add-mask::generated-ofPKlkWIKgXFmtXY
p32> 
esp32> 
esp32> 
esp32> 
esp32> 
esp32> settings set golioth/psk-id "generated-ofPKlkWIKgXFmtXY@firmware_ci"
Setting golioth/psk-id saved
esp32> 
esp32> 
esp32> 
esp32> 
esp32> 
esp32> settings set golioth/psk "generated-ofPKlkWIKgXFmtXY"
Setting golioth/psk saved
esp32> 
esp32> 
esp32> 
esp32> 
esp32> 
esp32> reset
[0;32mI (11408) shell: Resetting[0m
ESP-ROM:esp32s3-20210327
Build:Mar 27 2021
rst:0xc (RTC_SW_CPU_RST),boot:0x8 (SPI_FAST_FLASH_BOOT)
Saved PC:0x40375a1d
SPIWP:0xee
mode:DIO, clock div:1
load:0x3fce2810,len:0x178c
load:0x403c8700,len:0x4
load:0x403c8704,len:0xcb8
load:0x403cb700,len:0x2db0
entry 0x403c8914
[0;32mI (31) boot: ESP-IDF v5.3 2nd stage bootloader[0m
[0;32mI (31) boot: compile time Dec 30 2024 15:19:58[0m
[0;32mI (31) boot: Multicore bootloader[0m
[0;32mI (34) boot: chip revision: v0.2[0m
[0;32mI (38) boot.esp32s3: Boot SPI Speed : 80MHz[0m
[0;32mI (43) boot.esp32s3: SPI Mode       : DIO[0m
[0;32mI (47) boot.esp32s3: SPI Flash Size : 2MB[0m
[0;32mI (52) boot: Enabling RNG early entropy source...[0m
[0;32mI (58) boot: Partition Table:[0m
[0;32mI (61) boot: ## Label            Usage          Type ST Offset   Length[0m
[0;32mI (68) boot:  0 nvs              WiFi data        01 02 00009000 00006000[0m
[0;32mI (76) boot:  1 phy_init         RF data          01 01 0000f000 00001000[0m
[0;32mI (83) boot:  2 factory          factory app      00 00 00010000 00100000[0m
[0;32mI (91) boot: End of partition table[0m
[0;32mI (95) esp_image: segment 0: paddr=00010020 vaddr=3c0a0020 size=2c6e0h (181984) map[0m
[0;32mI (136) esp_image: segment 1: paddr=0003c708 vaddr=3fc98800 size=03910h ( 14608) load[0m
[0;32mI (139) esp_image: segment 2: paddr=00040020 vaddr=42000020 size=9d358h (643928) map[0m
[0;32mI (257) esp_image: segment 3: paddr=000dd380 vaddr=3fc9c110 size=01178h (  4472) load[0m
[0;32mI (259) esp_image: segment 4: paddr=000de500 vaddr=40374000 size=14760h ( 83808) load[0m
[0;32mI (290) boot: Loaded app from partition at offset 0x10000[0m
[0;32mI (290) boot: Disabling RNG early entropy source...[0m
[0;32mI (302) cpu_start: Multicore app[0m
[0;32mI (311) cpu_start: Pro cpu start user code[0m
[0;32mI (311) cpu_start: cpu freq: 160000000 Hz[0m
[0;32mI (311) app_init: Application information:[0m
[0;32mI (314) app_init: Project name:     settings[0m
[0;32mI (319) app_init: App version:      c8919d4-dirty[0m
[0;32mI (324) app_init: Compile time:     Dec 30 2024 15:19:53[0m
[0;32mI (330) app_init: ELF file SHA256:  c5db57043...[0m
[0;32mI (335) app_init: ESP-IDF:          v5.3[0m
[0;32mI (340) efuse_init: Min chip rev:     v0.0[0m
[0;32mI (345) efuse_init: Max chip rev:     v0.99 [0m
[0;32mI (350) efuse_init: Chip rev:         v0.2[0m
[0;32mI (355) heap_init: Initializing. RAM available for dynamic allocation:[0m
[0;32mI (362) heap_init: At 3FCA4A50 len 00044CC0 (275 KiB): RAM[0m
[0;32mI (368) heap_init: At 3FCE9710 len 00005724 (21 KiB): RAM[0m
[0;32mI (374) heap_init: At 3FCF0000 len 00008000 (32 KiB): DRAM[0m
[0;32mI (380) heap_init: At 600FE100 len 00001EE8 (7 KiB): RTCRAM[0m
[0;32mI (387) spi_flash: detected chip: gd[0m
[0;32mI (391) spi_flash: flash io: dio[0m
[0;33mW (395) spi_flash: Detected size(8192k) larger than the size in the binary image header(2048k). Using the size in the binary image header.[0m
[0;32mI (408) sleep: Configure to isolate all GPIO pins in sleep state[0m
[0;32mI (415) sleep: Enable automatic switching of GPIO sleep configuration[0m
[0;32mI (422) main_task: Started on CPU0[0m
[0;32mI (442) main_task: Calling app_main()[0m
[0;32mI (442) settings: Start Golioth Device Settings sample[0m
[5n
Type 'help' to get the list of commands.
Use UP/DOWN arrows to navigate through command history.
Press TAB when typing command name to auto-complete.

Your terminal application does not support escape sequences.

Line editing and history features are disabled.

On Windows, try using Putty instead.
esp32> [0;32mI (952) pp: pp rom version: e7ae62f[0m
[0;32mI (972) net80211: net80211 rom version: e7ae62f[0m
[0;32mI (992) wifi_init: rx ba win: 6[0m
[0;32mI (992) wifi_init: accept mbox: 6[0m
[0;32mI (992) wifi_init: tcpip mbox: 32[0m
[0;32mI (992) wifi_init: udp mbox: 6[0m
[0;32mI (1002) wifi_init: tcp mbox: 6[0m
[0;32mI (1002) wifi_init: tcp tx win: 5760[0m
[0;32mI (1002) wifi_init: tcp rx win: 5760[0m
[0;32mI (1012) wifi_init: tcp mss: 1440[0m
[0;32mI (1022) wifi_init: WiFi IRAM OP enabled[0m
[0;32mI (1022) wifi_init: WiFi RX IRAM OP enabled[0m
[0;32mI (1032) phy_init: phy_version 680,a6008b2,Jun  4 2024,16:41:10[0m
[0;33mW (1032) phy_init: failed to load RF calibration data (0x1102), falling back to full calibration[0m
[0;33mW (1072) phy_init: saving new calibration data because of checksum failure, mode(2)[0m
[0;32mI (2662) esp_netif_handlers: sta ip: 192.168.8.168, mask: 255.255.255.0, gw: 192.168.8.1[0m
[0;32mI (2662) example_wifi: WiFi Connected. Got IP:192.168.8.168[0m
[0;32mI (2672) example_wifi: Connected to AP SSID: ***JONS_ORANGE_PI_WIFI_SSID***[0m
[0;32mI (2672) golioth_mbox: Mbox created, bufsize: 2520, num_items: 20, item_size: 120[0m
[0;33mW (2692) settings: Waiting for connection to Golioth...[0m
[0;32mI (2692) golioth_coap_client_libcoap: Start CoAP session with host: coaps://coap.golioth.io[0m
[0;32mI (2702) golioth_coap_client_libcoap: Session PSK-ID: generated-ofPKlkWIKgXFmtXY@firmware_ci[0m
[0;32mI (2712) libcoap: Setting PSK key
[0m
[0;32mI (2722) golioth_coap_client_libcoap: Entering CoAP I/O loop[0m
[0;32mI (3672) golioth_coap_client_libcoap: Golioth CoAP client connected[0m
[0;32mI (3672) settings: Golioth client connected[0m
[0;32mI (3682) settings: Sending hello! 0[0m
[0;32mI (4702) settings: Setting loop delay to 1 s[0m
[0;31mE (4702) golioth_settings: Failed to send a response to server: -12[0m
[0;32mI (4902) settings: Setting loop delay to 1 s[0m
[0;31mE (4902) golioth_settings: Failed to send a response to server: -12[0m
[0;32mI (5112) settings: Setting loop delay to 5 s[0m
[0;31m