Warning: Deprecated: Command 'write_flash' is deprecated. Use 'write-flash' instead.
esptool v5.1.0
Serial port /dev/serial/by-id/usb-Silicon_Labs_CP2102N_USB_to_UART_Bridge_Controller_08bd8600facfec119c501d2686bdcd52-if00-port0:
Connecting....
Detecting chip type... ESP32-S3
Connected to ESP32-S3 on /dev/serial/by-id/usb-Silicon_Labs_CP2102N_USB_to_UART_Bridge_Controller_08bd8600facfec119c501d2686bdcd52-if00-port0:
Chip type:          ESP32-S3 (QFN56) (revision v0.1)
Features:           Wi-Fi, BT 5 (LE), Dual Core + LP Core, 240MHz, Embedded PSRAM 8MB (AP_3v3)
Crystal frequency:  40MHz
MAC:                34:85:18:6d:04:5c

Uploading stub flasher...
Running stub flasher...
Stub flasher running.
Changing baud rate to 460800...
Changed.

Configuring flash size...
Erasing flash memory (this may take a while)...
Flash memory erased successfully in 1.3 seconds.
Compressed 968272 bytes to 601332...
Writing at 0x00000000 [                              ]   0.0% 0/601332 bytes... 
Writing at 0x000116cf [                              ]   2.7% 16384/601332 bytes... 
Writing at 0x0001e709 [>                             ]   5.4% 32768/601332 bytes... 
Writing at 0x0002a985 [=>                            ]   8.2% 49152/601332 bytes... 
Writing at 0x00033eb0 [==>                           ]  10.9% 65536/601332 bytes... 
Writing at 0x0003d144 [===>                          ]  13.6% 81920/601332 bytes... 
Writing at 0x00043308 [===>                          ]  16.3% 98304/601332 bytes... 
Writing at 0x00048a36 [====>                         ]  19.1% 114688/601332 bytes... 
Writing at 0x0004e6d1 [=====>                        ]  21.8% 131072/601332 bytes... 
Writing at 0x00053e7c [======>                       ]  24.5% 147456/601332 bytes... 
Writing at 0x0005908f [=======>                      ]  27.2% 163840/601332 bytes... 
Writing at 0x0005e4aa [=======>                      ]  30.0% 180224/601332 bytes... 
Writing at 0x00063f50 [========>                     ]  32.7% 196608/601332 bytes... 
Writing at 0x00068ff1 [=========>                    ]  35.4% 212992/601332 bytes... 
Writing at 0x0006e3c6 [==========>                   ]  38.1% 229376/601332 bytes... 
Writing at 0x000735e1 [===========>                  ]  40.9% 245760/601332 bytes... 
Writing at 0x00078778 [============>                 ]  43.6% 262144/601332 bytes... 
Writing at 0x0007dacb [============>                 ]  46.3% 278528/601332 bytes... 
Writing at 0x00083019 [=============>                ]  49.0% 294912/601332 bytes... 
Writing at 0x0008859c [==============>               ]  51.8% 311296/601332 bytes... 
Writing at 0x0008dca5 [===============>              ]  54.5% 327680/601332 bytes... 
Writing at 0x00092bcb [================>             ]  57.2% 344064/601332 bytes... 
Writing at 0x00097bb7 [================>             ]  59.9% 360448/601332 bytes... 
Writing at 0x0009d1d1 [=================>            ]  62.7% 376832/601332 bytes... 
Writing at 0x000a2256 [==================>           ]  65.4% 393216/601332 bytes... 
Writing at 0x000a7582 [===================>          ]  68.1% 409600/601332 bytes... 
Writing at 0x000acb40 [====================>         ]  70.8% 425984/601332 bytes... 
Writing at 0x000b213e [=====================>        ]  73.6% 442368/601332 bytes... 
Writing at 0x000b71d2 [=====================>        ]  76.3% 458752/601332 bytes... 
Writing at 0x000bc865 [======================>       ]  79.0% 475136/601332 bytes... 
Writing at 0x000c208e [=======================>      ]  81.7% 491520/601332 bytes... 
Writing at 0x000c965d [========================>     ]  84.5% 507904/601332 bytes... 
Writing at 0x000d0b64 [=========================>    ]  87.2% 524288/601332 bytes... 
Writing at 0x000d7926 [=========================>    ]  89.9% 540672/601332 bytes... 
Writing at 0x000dd256 [==========================>   ]  92.6% 557056/601332 bytes... 
Writing at 0x000e2ca4 [===========================>  ]  95.4% 573440/601332 bytes... 
Writing at 0x000e869b [============================> ]  98.1% 589824/601332 bytes... 
Writing at 0x000ec650 [==============================] 100.0% 601332/601332 bytes... 
Wrote 968272 bytes (601332 compressed) at 0x00000000 in 17.7 seconds (438.3 kbit/s).
Hash of data verified.

Hard resetting via RTS pin...
ESP-ROM:esp32s3-20210327
Build:Mar 27 2021
rst:0x1 (POWERON),boot:0x8 (SPI_FAST_FLASH_BOOT)
SPIWP:0xee
mode:DIO, clock div:1
load:0x3fce2810,len:0x15a0
load:0x403c8700,len:0x4
load:0x403c8704,len:0xd20
load:0x403cb700,len:0x2f00
entry 0x403c8928
I (27) boot: ESP-IDF v5.4.1 2nd stage bootloader
I (27) boot: compile time Oct 24 2025 19:19:20
I (27) boot: Multicore bootloader
I (27) boot: chip revision: v0.1
I (30) boot: efuse block revision: v1.2
I (33) boot.esp32s3: Boot SPI Speed : 80MHz
I (37) boot.esp32s3: SPI Mode       : DIO
I (41) boot.esp32s3: SPI Flash Size : 2MB
I (45) boot: Enabling RNG early entropy source...
I (49) boot: Partition Table:
I (52) boot: ## Label            Usage          Type ST Offset   Length
I (58) boot:  0 nvs              WiFi data        01 02 00009000 00006000
I (65) boot:  1 phy_init         RF data          01 01 0000f000 00001000
I (71) boot:  2 factory          factory app      00 00 00010000 00100000
I (78) boot: End of partition table
I (81) esp_image: segment 0: paddr=00010020 vaddr=3c0a0020 size=250e8h (151784) map
I (115) esp_image: segment 1: paddr=00035110 vaddr=3fc99400 size=04bd0h ( 19408) load
I (119) esp_image: segment 2: paddr=00039ce8 vaddr=40374000 size=06330h ( 25392) load
I (125) esp_image: segment 3: paddr=00040020 vaddr=42000020 size=9d56ch (644460) map
I (240) esp_image: segment 4: paddr=000dd594 vaddr=4037a330 size=0f074h ( 61556) load
I (254) esp_image: segment 5: paddr=000ec610 vaddr=600fe100 size=0001ch (    28) load
I (262) boot: Loaded app from partition at offset 0x10000
I (263) boot: Disabling RNG early entropy source...
I (273) cpu_start: Multicore app
I (282) cpu_start: Pro cpu start user code
I (282) cpu_start: cpu freq: 160000000 Hz
I (282) app_init: Application information:
I (282) app_init: Project name:     rpc
I (285) app_init: App version:      5881d64-dirty
I (290) app_init: Compile time:     Oct 24 2025 19:19:14
I (295) app_init: ELF file SHA256:  06dc2f710...
I (299) app_init: ESP-IDF:          v5.4.1
I (303) efuse_init: Min chip rev:     v0.0
I (307) efuse_init: Max chip rev:     v0.99 
I (311) efuse_init: Chip rev:         v0.1
I (315) heap_init: Initializing. RAM available for dynamic allocation:
I (321) heap_init: At 3FCA54D0 len 00044240 (272 KiB): RAM
I (326) heap_init: At 3FCE9710 len 00005724 (21 KiB): RAM
I (331) heap_init: At 3FCF0000 len 00008000 (32 KiB): DRAM
I (336) heap_init: At 600FE11C len 00001ECC (7 KiB): RTCRAM
I (343) spi_flash: detected chip: gd
I (345) spi_flash: flash io: dio
W (348) spi_flash: Detected size(8192k) larger than the size in the binary image header(2048k). Using the size in the binary image header.
I (360) sleep_gpio: Configure to isolate all GPIO pins in sleep state
I (367) sleep_gpio: Enable automatic switching of GPIO sleep configuration
I (373) main_task: Started on CPU0
I (393) main_task: Calling app_main()
I (393) rpc: Start RPC sample
[5n
Type 'help' to get the list of commands.
Use UP/DOWN arrows to navigate through command history.
Press TAB when typing command name to auto-complete.

Your terminal application does not support escape sequences.

Line editing and history features are disabled.

On Windows, try using Putty instead.
esp32> W (903) rpc: WiFi and Golioth credentials are not set. Use the shell settings commands to set them.

esp32> 
esp32> 
esp32> 
esp32> settings set wifi/ssid "***MIKES_ORANGE_PI_WIFI_SSID***"
Setting wifi/ssid saved
esp32> 
esp32> 
esp32> 
esp32> 
esp32> 
esp32> settings set wifi/psk "***MIKES_ORANGE_PI_WIFI_PSK***"
Setting wifi/psk saved
esp32> 
es::add-mask::generated-EWYulCVsmaNjeZLZ
p32> 
esp32> 
esp32> 
esp32> 
esp32> settings set golioth/psk-id "generated-EWYulCVsmaNjeZLZ@firmware_ci"
Setting golioth/psk-id saved
esp32> 
esp32> 
esp32> 
esp32> 
esp32> 
esp32> settings set golioth/psk "generated-EWYulCVsmaNjeZLZ"
Setting golioth/psk saved
esp32> 
esp32> I (7933) pp: pp rom version: e7ae62f
I (7933) net80211: net80211 rom version: e7ae62f
I (7953) wifi_init: rx ba win: 6
I (7953) wifi_init: accept mbox: 6
I (7953) wifi_init: tcpip mbox: 32
I (7953) wifi_init: udp mbox: 6
I (7953) wifi_init: tcp mbox: 6
I (7963) wifi_init: tcp tx win: 5760
I (7963) wifi_init: tcp rx win: 5760
I (7963) wifi_init: tcp mss: 1440
I (7963) wifi_init: WiFi IRAM OP enabled
I (7983) wifi_init: WiFi RX IRAM OP enabled
I (7983) phy_init: phy_version 700,8582a7fd,Feb 10 2025,20:13:11
W (7983) phy_init: failed to load RF calibration data (0x1102), falling back to full calibration
I (8023) phy_init: Saving new calibration data due to checksum failure or outdated calibration data, mode(2)
I (10263) esp_netif_handlers: sta ip: 192.168.8.234, mask: 255.255.255.0, gw: 192.168.8.1
I (10263) example_wifi: WiFi Connected. Got IP:192.168.8.234
I (10263) example_wifi: Connected to AP SSID: ***MIKES_ORANGE_PI_WIFI_SSID***
I (10273) golioth_mbox: Mbox created, bufsize: 2688, num_items: 20, item_size: 128
W (10273) rpc: Waiting for connection to Golioth...
I (10283) golioth_coap_client_libcoap: Start CoAP session with host: coaps://coap.golioth.io
I (10293) golioth_coap_client_libcoap: Session PSK-ID: generated-EWYulCVsmaNjeZLZ@firmware_ci
I (10303) libcoap: Setting PSK key

I (10313) golioth_coap_client_libcoap: Entering CoAP I/O loop
I (10723) golioth_coap_client_libcoap: Golioth CoAP client connected
I (10723) rpc: Golioth client connected
I (10723) rpc: RPC successfully registered
I (11003) golioth_rpc: RPC observation established
