Warning: Deprecated: Command 'write_flash' is deprecated. Use 'write-flash' instead.
esptool v5.1.0
Serial port /dev/serial/by-id/usb-Silicon_Labs_CP2102N_USB_to_UART_Bridge_Controller_08bd8600facfec119c501d2686bdcd52-if00-port0:
Connecting....
Detecting chip type... ESP32-S3
Connected to ESP32-S3 on /dev/serial/by-id/usb-Silicon_Labs_CP2102N_USB_to_UART_Bridge_Controller_08bd8600facfec119c501d2686bdcd52-if00-port0:
Chip type:          ESP32-S3 (QFN56) (revision v0.1)
Features:           Wi-Fi, BT 5 (LE), Dual Core + LP Core, 240MHz, Embedded PSRAM 8MB (AP_3v3)
Crystal frequency:  40MHz
MAC:                34:85:18:6d:04:5c

Uploading stub flasher...
Running stub flasher...
Stub flasher running.
Changing baud rate to 460800...
Changed.

Configuring flash size...
Erasing flash memory (this may take a while)...
Flash memory erased successfully in 1.3 seconds.
Compressed 963760 bytes to 598917...
Writing at 0x00000000 [                              ]   0.0% 0/598917 bytes... 
Writing at 0x00011703 [                              ]   2.7% 16384/598917 bytes... 
Writing at 0x0001e5ad [>                             ]   5.5% 32768/598917 bytes... 
Writing at 0x0002a724 [=>                            ]   8.2% 49152/598917 bytes... 
Writing at 0x00033dd3 [==>                           ]  10.9% 65536/598917 bytes... 
Writing at 0x0003ce84 [===>                          ]  13.7% 81920/598917 bytes... 
Writing at 0x00042fee [===>                          ]  16.4% 98304/598917 bytes... 
Writing at 0x00048759 [====>                         ]  19.1% 114688/598917 bytes... 
Writing at 0x0004e3bf [=====>                        ]  21.9% 131072/598917 bytes... 
Writing at 0x00053a3a [======>                       ]  24.6% 147456/598917 bytes... 
Writing at 0x00058cc4 [=======>                      ]  27.4% 163840/598917 bytes... 
Writing at 0x0005e120 [========>                     ]  30.1% 180224/598917 bytes... 
Writing at 0x00063ad4 [========>                     ]  32.8% 196608/598917 bytes... 
Writing at 0x00068ba1 [=========>                    ]  35.6% 212992/598917 bytes... 
Writing at 0x0006def6 [==========>                   ]  38.3% 229376/598917 bytes... 
Writing at 0x00073106 [===========>                  ]  41.0% 245760/598917 bytes... 
Writing at 0x000783e5 [============>                 ]  43.8% 262144/598917 bytes... 
Writing at 0x0007d617 [============>                 ]  46.5% 278528/598917 bytes... 
Writing at 0x00082c62 [=============>                ]  49.2% 294912/598917 bytes... 
Writing at 0x0008813b [==============>               ]  52.0% 311296/598917 bytes... 
Writing at 0x0008d79b [===============>              ]  54.7% 327680/598917 bytes... 
Writing at 0x00092711 [================>             ]  57.4% 344064/598917 bytes... 
Writing at 0x00097705 [=================>            ]  60.2% 360448/598917 bytes... 
Writing at 0x0009cd6c [=================>            ]  62.9% 376832/598917 bytes... 
Writing at 0x000a1efc [==================>           ]  65.7% 393216/598917 bytes... 
Writing at 0x000a719d [===================>          ]  68.4% 409600/598917 bytes... 
Writing at 0x000ac741 [====================>         ]  71.1% 425984/598917 bytes... 
Writing at 0x000b1c5a [=====================>        ]  73.9% 442368/598917 bytes... 
Writing at 0x000b6d24 [=====================>        ]  76.6% 458752/598917 bytes... 
Writing at 0x000bc3b1 [======================>       ]  79.3% 475136/598917 bytes... 
Writing at 0x000c25ad [=======================>      ]  82.1% 491520/598917 bytes... 
Writing at 0x000c90ff [========================>     ]  84.8% 507904/598917 bytes... 
Writing at 0x000d0d7b [=========================>    ]  87.5% 524288/598917 bytes... 
Writing at 0x000d7583 [==========================>   ]  90.3% 540672/598917 bytes... 
Writing at 0x000dce27 [==========================>   ]  93.0% 557056/598917 bytes... 
Writing at 0x000e2a3a [===========================>  ]  95.7% 573440/598917 bytes... 
Writing at 0x000e80cf [============================> ]  98.5% 589824/598917 bytes... 
Writing at 0x000eb4b0 [==============================] 100.0% 598917/598917 bytes... 
Wrote 963760 bytes (598917 compressed) at 0x00000000 in 17.6 seconds (437.7 kbit/s).
Hash of data verified.

Hard resetting via RTS pin...
ESP-ROM:esp32s3-20210327
Build:Mar 27 2021
rst:0x1 (POWERON),boot:0x8 (SPI_FAST_FLASH_BOOT)
SPIWP:0xee
mode:DIO, clock div:1
load:0x3fce2810,len:0x15a0
load:0x403c8700,len:0x4
load:0x403c8704,len:0xd20
load:0x403cb700,len:0x2f00
entry 0x403c8928
I (27) boot: ESP-IDF v5.4.1 2nd stage bootloader
I (27) boot: compile time Oct 24 2025 19:25:13
I (27) boot: Multicore bootloader
I (27) boot: chip revision: v0.1
I (30) boot: efuse block revision: v1.2
I (33) boot.esp32s3: Boot SPI Speed : 80MHz
I (37) boot.esp32s3: SPI Mode       : DIO
I (41) boot.esp32s3: SPI Flash Size : 2MB
I (45) boot: Enabling RNG early entropy source...
I (49) boot: Partition Table:
I (52) boot: ## Label            Usage          Type ST Offset   Length
I (58) boot:  0 nvs              WiFi data        01 02 00009000 00006000
I (65) boot:  1 phy_init         RF data          01 01 0000f000 00001000
I (71) boot:  2 factory          factory app      00 00 00010000 00100000
I (78) boot: End of partition table
I (81) esp_image: segment 0: paddr=00010020 vaddr=3c0a0020 size=24c38h (150584) map
I (115) esp_image: segment 1: paddr=00034c60 vaddr=3fc99400 size=04bd0h ( 19408) load
I (119) esp_image: segment 2: paddr=00039838 vaddr=40374000 size=067e0h ( 26592) load
I (125) esp_image: segment 3: paddr=00040020 vaddr=42000020 size=9c870h (641136) map
I (239) esp_image: segment 4: paddr=000dc898 vaddr=4037a7e0 size=0ebc4h ( 60356) load
I (253) esp_image: segment 5: paddr=000eb464 vaddr=600fe100 size=0001ch (    28) load
I (261) boot: Loaded app from partition at offset 0x10000
I (262) boot: Disabling RNG early entropy source...
I (272) cpu_start: Multicore app
I (281) cpu_start: Pro cpu start user code
I (281) cpu_start: cpu freq: 160000000 Hz
I (281) app_init: Application information:
I (281) app_init: Project name:     observe
I (285) app_init: App version:      5881d64-dirty
I (289) app_init: Compile time:     Oct 24 2025 19:25:06
I (294) app_init: ELF file SHA256:  3f0a81924...
I (299) app_init: ESP-IDF:          v5.4.1
I (302) efuse_init: Min chip rev:     v0.0
I (306) efuse_init: Max chip rev:     v0.99 
I (310) efuse_init: Chip rev:         v0.1
I (314) heap_init: Initializing. RAM available for dynamic allocation:
I (320) heap_init: At 3FCA53D0 len 00044340 (272 KiB): RAM
I (325) heap_init: At 3FCE9710 len 00005724 (21 KiB): RAM
I (331) heap_init: At 3FCF0000 len 00008000 (32 KiB): DRAM
I (336) heap_init: At 600FE11C len 00001ECC (7 KiB): RTCRAM
I (342) spi_flash: detected chip: gd
I (344) spi_flash: flash io: dio
W (347) spi_flash: Detected size(8192k) larger than the size in the binary image header(2048k). Using the size in the binary image header.
I (360) sleep_gpio: Configure to isolate all GPIO pins in sleep state
I (366) sleep_gpio: Enable automatic switching of GPIO sleep configuration
I (373) main_task: Started on CPU0
I (393) main_task: Calling app_main()
I (393) lightdb: Start LightDB observe sample
[5n
Type 'help' to get the list of commands.
Use UP/DOWN arrows to navigate through command history.
Press TAB when typing command name to auto-complete.

Your terminal application does not support escape sequences.

Line editing and history features are disabled.

On Windows, try using Putty instead.
esp32> W (903) lightdb: WiFi and Golioth credentials are not set. Use the shell settings commands to set them.

esp32> 
esp32> 
esp32> 
esp32> settings set wifi/ssid "***MIKES_ORANGE_PI_WIFI_SSID***"
Setting wifi/ssid saved
esp32> 
esp32> 
esp32> 
esp32> 
esp32> 
esp32> settings set wifi/psk "***MIKES_ORANGE_PI_WIFI_PSK***"
Setting wifi/psk saved
esp32> 
esp32> ::add-mask::generated-VBqGuADbrxSgYNmg

esp32> 
esp32> 
esp32> 
esp32> settings set golioth/psk-id "generated-VBqGuADbrxSgYNmg@firmware_ci"
Setting golioth/psk-id saved
esp32> 
esp32> 
esp32> 
esp32> 
esp32> 
esp32> settings set golioth/psk "generated-VBqGuADbrxSgYNmg"
Setting golioth/psk saved
esp32> 
esp32> I (9933) pp: pp rom version: e7ae62f
I (9933) net80211: net80211 rom version: e7ae62f
I (9953) wifi_init: rx ba win: 6
I (9953) wifi_init: accept mbox: 6
I (9953) wifi_init: tcpip mbox: 32
I (9953) wifi_init: udp mbox: 6
I (9953) wifi_init: tcp mbox: 6
I (9963) wifi_init: tcp tx win: 5760
I (9963) wifi_init: tcp rx win: 5760
I (9963) wifi_init: tcp mss: 1440
I (9963) wifi_init: WiFi IRAM OP enabled
I (9983) wifi_init: WiFi RX IRAM OP enabled
I (9983) phy_init: phy_version 700,8582a7fd,Feb 10 2025,20:13:11
W (9983) phy_init: failed to load RF calibration data (0x1102), falling back to full calibration
I (10023) phy_init: Saving new calibration data due to checksum failure or outdated calibration data, mode(2)
I (12213) esp_netif_handlers: sta ip: 192.168.8.234, mask: 255.255.255.0, gw: 192.168.8.1
I (12213) example_wifi: WiFi Connected. Got IP:192.168.8.234
I (12213) example_wifi: Connected to AP SSID: ***MIKES_ORANGE_PI_WIFI_SSID***
I (12223) golioth_mbox: Mbox created, bufsize: 2688, num_items: 20, item_size: 128
W (12223) lightdb: Waiting for connection to Golioth...
I (12243) golioth_coap_client_libcoap: Start CoAP session with host: coaps://coap.golioth.io
I (12243) golioth_coap_client_libcoap: Session PSK-ID: generated-VBqGuADbrxSgYNmg@firmware_ci
I (12263) libcoap: Setting PSK key

I (12263) golioth_coap_client_libcoap: Entering CoAP I/O loop
I (12803) golioth_coap_client_libcoap: Golioth CoAP client connected
I (12803) lightdb: Golioth client connected
I (13363) lightdb: 0x3fcc31b9   6e 75 6c 6c                                       |null|
Success for pattern '6e 75 6c 6c |null'
I (16363) lightdb: 0x3fcbdd15   38 37                                             |87|
Success for pattern '38 37 |87'
