Warning: Deprecated: Command 'write_flash' is deprecated. Use 'write-flash' instead.
esptool v5.1.0
Serial port /dev/serial/by-id/usb-Silicon_Labs_CP2102N_USB_to_UART_Bridge_Controller_08bd8600facfec119c501d2686bdcd52-if00-port0:
Connecting....
Detecting chip type... ESP32-S3
Connected to ESP32-S3 on /dev/serial/by-id/usb-Silicon_Labs_CP2102N_USB_to_UART_Bridge_Controller_08bd8600facfec119c501d2686bdcd52-if00-port0:
Chip type:          ESP32-S3 (QFN56) (revision v0.1)
Features:           Wi-Fi, BT 5 (LE), Dual Core + LP Core, 240MHz, Embedded PSRAM 8MB (AP_3v3)
Crystal frequency:  40MHz
MAC:                34:85:18:6d:04:5c

Uploading stub flasher...
Running stub flasher...
Stub flasher running.
Changing baud rate to 460800...
Changed.

Configuring flash size...
Erasing flash memory (this may take a while)...
Flash memory erased successfully in 0.6 seconds.
Compressed 986352 bytes to 608269...
Writing at 0x00000000 [                              ]   0.0% 0/608269 bytes... 
Writing at 0x000114ee [                              ]   2.7% 16384/608269 bytes... 
Writing at 0x0001e64a [>                             ]   5.4% 32768/608269 bytes... 
Writing at 0x0002b07e [=>                            ]   8.1% 49152/608269 bytes... 
Writing at 0x00032fb5 [==>                           ]  10.8% 65536/608269 bytes... 
Writing at 0x0003f1f9 [===>                          ]  13.5% 81920/608269 bytes... 
Writing at 0x000450da [===>                          ]  16.2% 98304/608269 bytes... 
Writing at 0x0004a996 [====>                         ]  18.9% 114688/608269 bytes... 
Writing at 0x00050354 [=====>                        ]  21.5% 131072/608269 bytes... 
Writing at 0x000558f0 [======>                       ]  24.2% 147456/608269 bytes... 
Writing at 0x0005ac7a [=======>                      ]  26.9% 163840/608269 bytes... 
Writing at 0x0006031e [=======>                      ]  29.6% 180224/608269 bytes... 
Writing at 0x000659e4 [========>                     ]  32.3% 196608/608269 bytes... 
Writing at 0x0006abd4 [=========>                    ]  35.0% 212992/608269 bytes... 
Writing at 0x0006fe5e [==========>                   ]  37.7% 229376/608269 bytes... 
Writing at 0x000751d7 [===========>                  ]  40.4% 245760/608269 bytes... 
Writing at 0x0007a528 [===========>                  ]  43.1% 262144/608269 bytes... 
Writing at 0x0007f650 [============>                 ]  45.8% 278528/608269 bytes... 
Writing at 0x00084d95 [=============>                ]  48.5% 294912/608269 bytes... 
Writing at 0x0008a311 [==============>               ]  51.2% 311296/608269 bytes... 
Writing at 0x0008f7cf [===============>              ]  53.9% 327680/608269 bytes... 
Writing at 0x00094744 [===============>              ]  56.6% 344064/608269 bytes... 
Writing at 0x00099a60 [================>             ]  59.3% 360448/608269 bytes... 
Writing at 0x0009eec7 [=================>            ]  62.0% 376832/608269 bytes... 
Writing at 0x000a3f99 [==================>           ]  64.6% 393216/608269 bytes... 
Writing at 0x000a9232 [===================>          ]  67.3% 409600/608269 bytes... 
Writing at 0x000aebc3 [====================>         ]  70.0% 425984/608269 bytes... 
Writing at 0x000b3d5e [====================>         ]  72.7% 442368/608269 bytes... 
Writing at 0x000b8efe [=====================>        ]  75.4% 458752/608269 bytes... 
Writing at 0x000be625 [======================>       ]  78.1% 475136/608269 bytes... 
Writing at 0x000c5788 [=======================>      ]  80.8% 491520/608269 bytes... 
Writing at 0x000cb1d5 [========================>     ]  83.5% 507904/608269 bytes... 
Writing at 0x000d36ef [========================>     ]  86.2% 524288/608269 bytes... 
Writing at 0x000d9684 [=========================>    ]  88.9% 540672/608269 bytes... 
Writing at 0x000df097 [==========================>   ]  91.6% 557056/608269 bytes... 
Writing at 0x000e4bd6 [===========================>  ]  94.3% 573440/608269 bytes... 
Writing at 0x000eac3d [============================> ]  97.0% 589824/608269 bytes... 
Writing at 0x000efda5 [============================> ]  99.7% 606208/608269 bytes... 
Writing at 0x000f0cf0 [==============================] 100.0% 608269/608269 bytes... 
Wrote 986352 bytes (608269 compressed) at 0x00000000 in 18.1 seconds (436.1 kbit/s).
Hash of data verified.

Hard resetting via RTS pin...
ESP-ROM:esp32s3-20210327
Build:Mar 27 2021
rst:0x1 (POWERON),boot:0x8 (SPI_FAST_FLASH_BOOT)
SPIWP:0xee
mode:DIO, clock div:1
load:0x3fce2810,len:0x15a0
load:0x403c8700,len:0x4
load:0x403c8704,len:0xd20
load:0x403cb700,len:0x2f58
entry 0x403c8928
I (27) boot: ESP-IDF v5.4.1 2nd stage bootloader
I (27) boot: compile time Oct 24 2025 19:14:54
I (27) boot: Multicore bootloader
I (27) boot: chip revision: v0.1
I (30) boot: efuse block revision: v1.2
I (33) boot.esp32s3: Boot SPI Speed : 80MHz
I (37) boot.esp32s3: SPI Mode       : DIO
I (41) boot.esp32s3: SPI Flash Size : 4MB
I (45) boot: Enabling RNG early entropy source...
I (49) boot: Partition Table:
I (52) boot: ## Label            Usage          Type ST Offset   Length
I (58) boot:  0 nvs              WiFi data        01 02 00009000 00004000
I (65) boot:  1 otadata          OTA data         01 00 0000d000 00002000
I (71) boot:  2 phy_init         RF data          01 01 0000f000 00001000
I (78) boot:  3 factory          factory app      00 00 00010000 00100000
I (84) boot:  4 ota_0            OTA app          00 10 00110000 00100000
I (91) boot:  5 ota_1            OTA app          00 11 00210000 00100000
I (97) boot: End of partition table
I (101) boot: Defaulting to factory image
I (104) esp_image: segment 0: paddr=00010020 vaddr=3c0a0020 size=29328h (168744) map
I (142) esp_image: segment 1: paddr=00039350 vaddr=3fc99500 size=04c28h ( 19496) load
I (146) esp_image: segment 2: paddr=0003df80 vaddr=40374000 size=02098h (  8344) load
I (148) esp_image: segment 3: paddr=00040020 vaddr=42000020 size=9d8a0h (645280) map
I (267) esp_image: segment 4: paddr=000dd8c8 vaddr=40376098 size=133d4h ( 78804) load
I (284) esp_image: segment 5: paddr=000f0ca4 vaddr=600fe100 size=0001ch (    28) load
I (293) boot: Loaded app from partition at offset 0x10000
I (293) boot: Disabling RNG early entropy source...
I (303) cpu_start: Multicore app
D (303) cpu_start: Pro cpu up
D (303) cpu_start: Starting app cpu, entry point is 0x40375340
D (0) cpu_start: App cpu up
D (312) clk: RTC_SLOW_CLK calibration value: 3963622
D (322) cpu_start: calling init function: 0x4200350c on core: 0
D (322) cpu_start: calling init function: 0x42003928 on core: 0
I (322) cpu_start: Pro cpu start user code
I (326) cpu_start: cpu freq: 160000000 Hz
D (329) cpu_start: calling init function: 0x4200342c on core: 0
I (335) app_init: Application information:
I (339) app_init: Project name:     certificate_auth
I (344) app_init: App version:      5881d64-dirty
I (348) app_init: Compile time:     Oct 24 2025 19:14:48
I (353) app_init: ELF file SHA256:  d4ab5d001...
I (357) app_init: ESP-IDF:          v5.4.1
D (361) cpu_start: calling init function: 0x42003520 on core: 0
I (367) efuse_init: Min chip rev:     v0.0
I (371) efuse_init: Max chip rev:     v0.99 
I (375) efuse_init: Chip rev:         v0.1
D (378) cpu_start: calling init function: 0x420055a4 on core: 0
D (384) memory_layout: Checking 6 reserved memory ranges:
D (389) memory_layout: Reserved memory range 0x3fc84000 - 0x3fc99500
D (395) memory_layout: Reserved memory range 0x3fc99500 - 0x3fca5400
D (401) memory_layout: Reserved memory range 0x3fceee34 - 0x3fcf0000
D (407) memory_layout: Reserved memory range 0x40374000 - 0x40389500
D (414) memory_layout: Reserved memory range 0x600fe000 - 0x600fe11c
D (420) memory_layout: Reserved memory range 0x600fffe8 - 0x60100000
D (426) memory_layout: Building list of available memory regions:
D (432) memory_layout: Available memory region 0x3fca5400 - 0x3fcb0000
D (438) memory_layout: Available memory region 0x3fcb0000 - 0x3fcc0000
D (444) memory_layout: Available memory region 0x3fcc0000 - 0x3fcd0000
D (450) memory_layout: Available memory region 0x3fcd0000 - 0x3fce0000
D (457) memory_layout: Available memory region 0x3fce0000 - 0x3fce9710
D (463) memory_layout: Available memory region 0x3fce9710 - 0x3fceee34
D (469) memory_layout: Available memory region 0x3fcf0000 - 0x3fcf8000
D (475) memory_layout: Available memory region 0x600fe11c - 0x600fffe8
I (482) heap_init: Initializing. RAM available for dynamic allocation:
D (488) heap_init: New heap initialised at 0x3fca5400
I (493) heap_init: At 3FCA5400 len 00044310 (272 KiB): RAM
I (498) heap_init: At 3FCE9710 len 00005724 (21 KiB): RAM
D (503) heap_init: New heap initialised at 0x3fcf0000
I (508) heap_init: At 3FCF0000 len 00008000 (32 KiB): DRAM
D (513) heap_init: New heap initialised at 0x600fe11c
I (518) heap_init: At 600FE11C len 00001ECC (7 KiB): RTCRAM
D (523) cpu_start: calling init function: 0x4200814c on core: 0
D (529) cpu_start: cal
esp32> 
esp32> 
esp32> 
esp32> settings set wifi/ssid "***MIKES_ORANGE_PI_WIFI_SSID***"
D (6023) nvs: nvs_open_from_partition example 1
D (6023) nvs: nvs_set_str w_ssid ***MIKES_ORANGE_PI_WIFI_SSID***
D (6033) nvs: nvs_close 7
Setting wifi/ssid saved
esp32> 
esp32> 
esp32> 
esp32> 
esp32> 
esp32> settings set wifi/psk "***MIKES_ORANGE_PI_WIFI_PSK***"
D (6063) nvs: nvs_open_from_partition example 1
D (6063) nvs: nvs_set_str w_pass ***MIKES_ORANGE_PI_WIFI_PSK***
D (6063) nvs: nvs_close 8
Setting wifi/psk saved
esp32> 
esp32> D (6343) nvs: nvs_open_from_partition example 1
D (6343) nvs: nvs_get_str_or_blob w_ssid
D (6343) nvs: nvs_close 9
D (6343) nvs: nvs_open_from_partition example 1
D (6353) nvs: nvs_get_str_or_blob w_pass
D (6353) nvs: nvs_close 10
D (6353) nvs: nvs_open_from_partition example 1
D (6353) nvs: nvs_get_str_or_blob w_ssid
D (6363) nvs: nvs_close 11
D (6363) nvs: nvs_open_from_partition example 1
D (6363) nvs: nvs_get_str_or_blob w_pass
D (6363) nvs: nvs_close 12
D (6373) esp_netif_lwip: LwIP stack has been initialized
D (6383) esp_netif_lwip: esp-netif has been successfully initialized
D (6383) event: running task for loop 0x3fcae4b4
D (6383) event: created task for loop 0x3fcae4b4
D (6393) event: created event loop 0x3fcae4b4
D (6393) esp_netif_lwip: check: remote, if=0x3fca8d64 fn=0x420379e8
D (6403) esp_netif_objects: esp_netif_add_to_list_unsafe netif added successfully (total netifs: 1)
D (6403) esp_netif_lwip: call api in lwip: ret=0x0, give sem
I (6423) pp: pp rom version: e7ae62f
I (6423) net80211: net80211 rom version: e7ae62f
D (6423) nvs: nvs_open_from_partition misc 1
D (6443) efuse: BLK1 REG1 [8-15], len=8 bits
D (6443) efuse: BLK1 REG1 [0-7], len=8 bits
D (6443) efuse: BLK1 REG0 [24-31], len=8 bits
D (6443) efuse: BLK1 REG0 [16-23], len=8 bits
D (6443) efuse: BLK1 REG0 [8-15], len=8 bits
D (6443) efuse: BLK1 REG0 [0-7], len=8 bits
D (6453) nvs: nvs_open_from_partition nvs.net80211 1
D (6463) nvs: nvs_get opmode 1
D (6463) nvs: nvs_get_str_or_blob sta.ssid
D (6463) nvs: nvs_get sta.authmode 1
D (6473) nvs: nvs_get_str_or_blob sta.pswd
D (6473) nvs: nvs_get_str_or_blob sta.pmk
D (6473) nvs: nvs_get sta.chan 1
D (6473) nvs: nvs_get auto.conn 1
D (6493) nvs: nvs_get bssid.set 1
D (6493) nvs: nvs_get_str_or_blob sta.bssid
D (6493) nvs: nvs_get sta.lis_intval 2
D (6493) nvs: nvs_get sta.phym 1
D (6503) nvs: nvs_get sta.phybw 1
D (6503) nvs: nvs_get_str_or_blob sta.apsw
D (6503) nvs: nvs_get_str_or_blob sta.apinfo
D (6503) nvs: nvs_get sta.scan_method 1
D (6513) nvs: nvs_get sta.sort_method 1
D (6513) nvs: nvs_get sta.minrssi 1
D (6513) nvs: nvs_get sta.minauth 1
D (6523) nvs: nvs_get sta.pmf_e 1
D (6523) nvs: nvs_get sta.pmf_r 1
D (6523) nvs: nvs_get sta.btm_e 1
D (6533) nvs: nvs_get sta.rrm_e 1
D (6533) nvs: nvs_get sta.mbo_e 1
D (6543) nvs: nvs_get_str_or_blob ap.ssid
D (6543) nvs: nvs_get_str_or_blob ap.passwd
D (6543) nvs: nvs_get_str_or_blob ap.pmk
D (6553) nvs: nvs_get ap.chan 1
D (6553) nvs: nvs_get ap.authmode 1
D (6553) nvs: nvs_get ap.hidden 1
D (6553) nvs: nvs_get ap.max.conn 1
D (6563) nvs: nvs_get bcn.interval 2
D (6563) nvs: nvs_get ap.phym 1
D (6563) nvs: nvs_get ap.phybw 1
D (6563) nvs: nvs_get ap.sndchan 1
D (6573) nvs: nvs_get ap.pmf_e 1
D (6583) nvs: nvs_get ap.pmf_r 1
D (6583) nvs: nvs_get ap.p_cipher 1
D (6583) nvs: nvs_get lorate 1
D (6583) nvs: nvs_get_str_or_blob country
D (6593) nvs: nvs_get ap.ftm_r 1
D (6593) nvs: nvs_get sta.ft 1
D (6593) nvs: nvs_get sta.owe 1
D (6593) nvs: nvs_get sta.trans_d 1
D (6603) nvs: nvs_get sta.sae_h2e 1
D (6603) nvs: nvs_get sta.sae_pk_mode 1
D (6603) nvs: nvs_get sta.bss_retry 1
D (6603) nvs: nvs_get_str_or_blob sta.owe_data
D (6613) nvs: nvs_get sta.he_dcm 1
D (6613) nvs: nvs_get sta.he_dcm_c_tx 1
D (6623) nvs: nvs_get sta.he_dcm_c_rx 1
D (6633) nvs: nvs_get sta.he_mcs9_d 1
D (6633) nvs: nvs_get sta.he_su_b_d 1
D (6633) nvs: nvs_get sta.he_su_b_f_d 1
D (6633) nvs: nvs_get sta.he_mu_b_f_d 1
D (6643) nvs: nvs_get sta.he_cqi_f_d 1
D (6643) nvs: nvs_get_str_or_blob sta.sae_h2e_id
D (6643) nvs: nvs_get ap.sae_h2e 1
D (6653) nvs: nvs_get_str_or_blob ap.pmk_info
D (6653) nvs: nvs_get nan.phym 1
D (6653) nvs: nvs_get sta.pwr_reset 1
D (6653) nvs: nvs_get band_mode 1
D (6663) nvs: nvs_get sta.phym5g 1
D (6663) nvs: nvs_get ap.phym5g 1
D (6673) nvs: nvs_get sta.phybw5g 1
D (6673) nvs: nvs_get ap.phybw5g 1
D (6683) nvs: nvs_get ap.sndchan5g 1
D (6683) nvs: nvs_get ap.chan5g 1
D (6683) nvs: nvs_get ap.chanisset 1
D (6683) nvs: nvs_get ap.chan5gisset 1
D (6693) nvs: nvs_get sta.rssi_5g_adj 1
D (6693) nvs: nvs_get ap.csa_count 1
D (6693) nvs: nvs_get ap.dtim_period 1
D (6693) nvs: nvs_get ap.trans_d 1
D (6703) nvs: nvs_set ap.sndchan 1 1
I (6713) wifi_init: rx ba win: 6
I (6713) wifi_init: accept mbox: 6
I (6713) wifi_init: tcpip mbox: 32
I (6713) wifi_init: udp mbox: 6
I (6723) wifi_init: tcp mbox: 6
I (6723) wifi_init: tcp tx win: 5760
I (6723) wifi_init: tcp rx win: 5760
I (6723) wifi_init: tcp mss: 1440
I (6733) wifi_init: WiFi IRAM OP enabled
I (6733) wifi_init: WiFi RX IRAM OP enabled
I (6733) phy_init: phy_version 700,8582a7fd,Feb 10 2025,20:13:11
D (6743) phy_init: loading PHY init data from application binary
D (6753) nvs: nvs_open_from_partition phy 0
D (6753) phy_init: esp_phy_load_cal_data_from_nvs: failed to open NVS namespace (0x1102)
W (6763) phy_init: failed to load RF calibration data (0x1102), falling back to full calibration
D (6773) efuse: BLK1 REG1 [8-15], len=8 bits
D (6773) efuse: BLK1 REG1 [0-7], len=8 bits
D (6773) efuse: BLK1 REG0 [24-31], len=8 bits
D (6773) efuse: BLK1 REG0 [16-23], len=8 bits
D (6783) efuse: BLK1 REG0 [8-15], len=8 bits
D (6783) efuse: BLK1 REG0 [0-7], len=8 bits
D (6803) temperature_sensor: range changed, change to index 2
I (6823) phy_init: Saving new calibration data due to checksum failure or outdated calibration data, mode(2)
D (6823) nvs: nvs_open_from_partition phy 1
D (6833) nvs: nvs_set_blob cal_data 1904
D (6843) efuse: BLK1 REG1 [8-15], len=8 bits
D (6843) efuse: BLK1 REG1 [0-7], len=8 bits
D (6843) efuse: BLK1 REG0 [24-31], len=8 bits
D (6843) efuse: BLK1 REG0 [16-23], len=8 bits
D (6853) efuse: BLK1 REG0 [8-15], len=8 bits
D (6853) efuse: BLK1 REG0 [0-7], len=8 bits
D (6853) nvs: nvs_set_blob cal_mac 6
D (6873) nvs: nvs_set cal_version 4 700
D (6873) nvs: nvs_close 15
D (6873) event: running post WIFI_EVENT:43 with handler 0x4200d8c8 and context 0x3fcb0400 on loop 0x3fcae4b4
D (6883) event: running post WIFI_EVENT:2 with handler 0x42039c74 and context 0x3fcaf60c on loop 0x3fcae4b4
D (6883) wifi_init_default: wifi_start esp-netif:0x3fcaf3fc event-id2
D (6893) wifi_init_default: WIFI mac address: 34 85 18 6d 4 5c
D (6903) esp_netif_lwip: check: remote, if=0x3fcaf3fc fn=0x42037410
D (6913) esp_netif_lwip: call api in lwip: ret=0x0, give sem
D (6913) esp_netif_handlers: esp_netif action has started with netif0x3fcaf3fc from event_id=2
D (6923) esp_netif_lwip: check: remote, if=0x3fcaf3fc fn=0x42037c70
D (6923) esp_netif_lwip: esp_netif_start_api 0x3fcaf3fc
D (6933) esp_netif_lwip: esp_netif_get_hostname esp_netif:0x3fcaf3fc
D (6933) esp_netif_lwip: call api in lwip: ret=0x0, give sem
D (6953) event: running post WIFI_EVENT:2 with handler 0x4200d8c8 and context 0x3fcb0400 on loop 0x3fcae4b4
D (7563) gdma: new group (0) at 0x3fcb8ec8
D (7563) gdma: new pair (0,0) at 0x3fcb8d98
D (7563) gdma: new tx channel (0,0) at 0x3fcb8e90
D (7563) gdma: new rx channel (0,0) at 0x3fcb8f54
D (8003) event: running post WIFI_EVENT:43 with handler 0x4200d8c8 and context 0x3fcb0400 on loop 0x3fcae4b4
D (8083) intr_alloc: Connected src 77 to int 12 (cpu 0)
D (8093) event: running post WIFI_EVENT:4 with handler 0x42039c04 and context 0x3fcaf66c on loop 0x3fcae4b4
D (8093) esp_netif_handlers: esp_netif action connected with netif0x3fcaf3fc from event_id=4
D (8103) esp_netif_lwip: check: remote, if=0x3fcaf3fc fn=0x42037f38
D (8103) esp_netif_lwip: esp_netif_up_api esp_netif:0x3fcaf3fc
D (8113) esp_netif_lwip: call api in lwip: ret=0x0, give sem
D (8113) esp_netif_lwip: check: remote, if=0x3fcaf3fc fn=0x42037708
D (8133) esp_netif_lwip: esp_netif_dhcpc_start_api esp_netif:0x3fcaf3fc
D (8133) esp_netif_lwip: esp_netif_start_ip_lost_timer esp_netif:0x3fcaf3fc
D (8143) esp_netif_lwip: if0x3fcaf3fc start ip lost tmr: interval=120
D (8143) esp_netif_lwip: starting dhcp client
D (8143) esp_netif_lwip: call api in lwip: ret=0x0, give sem
D (8153) event: running post WIFI_EVENT:4 with handler 0x4200d8c8 and context 0x3fcb0400 on loop 0x3fcae4b4
D (9173) esp_netif_lwip: esp_netif_internal_dhcpc_cb lwip-netif:0x3fcaf488
D (9173) esp_netif_lwip: check: local, if=0x3fcaf3fc fn=0x420384f4
D (9173) esp_netif_lwip: esp_netif_update_default_netif_lwip 0x3fcaf3fc
D (9183) esp_netif_lwip: if0x3fcaf3fc ip changed=1
D (9183) event: running post IP_EVENT:0 with handler 0x42039d74 and context 0x3fcaf6e0 on loop 0x3fcae4b4
D (9193) wifi_init_default: Got IP wifi default handler entered
D (9203) esp_netif_handlers: esp_netif action got_ip with netif0x3fcaf3fc from event_id=0
I (9203) esp_netif_handlers: sta ip: 192.168.8.234, mask: 255.255.255.0, gw: 192.168.8.1
D (9223) event: running post IP_EVENT:0 with handler 0x4200d8c8 and context 0x3fcb85f8 on loop 0x3fcae4b4
I (9233) example_wifi: WiFi Connected. Got IP:192.168.8.234
I (9233) example_wifi: Connected to AP SSID: ***MIKES_ORANGE_PI_WIFI_SSID***
I (9233) golioth_mbox: Mbox created, bufsize: 2688, num_items: 20, item_size: 128
I (9243) certificate_auth: Counter = 0
I (9293) golioth_coap_client_libcoap: Start CoAP session with host: coaps://coap.golioth.io
D (9303) RANDOM: getrandom(buf=0x3fcbc540, buflen=2, flags=0)
D (9303) RANDOM: getrandom returns 2
D (9313) RANDOM: getrandom(buf=0x3fcbc5e4, buflen=4, flags=0)
D (9313) RANDOM: getrandom returns 4
I (9333) golioth_coap_client_libcoap: Entering CoAP I/O loop
D (9333) RANDOM: getrandom(buf=0x3fcbbb00, buflen=1, flags=0)
D (9343) RANDOM: getrandom returns 1
D (11113) intr_alloc: Connected src 76 to int 2 (cpu 1)
I (14253) certificate_auth: Counter = 1
I (17093) golioth_coap_client_libcoap: Golioth CoAP client connected
I (17093) certificate_auth: Golioth client connected
D (17093) RANDOM: getrandom(buf=0x3fcbbb50, buflen=1, flags=0)
D (17093) RANDOM: getrandom returns 1
D (17323) RANDOM: getrandom(buf=0x3fcbbb50, buflen=1, flags=0)
D (17323) RANDOM: getrandom returns 1
D (17373) RANDOM: getrandom(buf=0x3fcbbb50, buflen=1, flags=0)
D (17373) RANDOM: getrandom returns 1
D (17513) RANDOM: getrandom(buf=0x3fcbbb50, buflen=1, flags=0)
D (17513) RANDOM: getrandom returns 1
I (19253) certificate_auth: Counter = 2
D (19253) RANDOM: getrandom(buf=0x3fcbbb50, buflen=1, flags=0)
D (19253) RANDOM: getrandom returns 1
I (24253) certificate_auth: Counter = 3
D (24253) RANDOM: getra