Warning: Deprecated: Command 'write_flash' is deprecated. Use 'write-flash' instead.
esptool v5.1.0
Serial port /dev/serial/by-id/usb-Silicon_Labs_CP2102N_USB_to_UART_Bridge_Controller_08bd8600facfec119c501d2686bdcd52-if00-port0:
Connecting....
Detecting chip type... ESP32-S3
Connected to ESP32-S3 on /dev/serial/by-id/usb-Silicon_Labs_CP2102N_USB_to_UART_Bridge_Controller_08bd8600facfec119c501d2686bdcd52-if00-port0:
Chip type:          ESP32-S3 (QFN56) (revision v0.1)
Features:           Wi-Fi, BT 5 (LE), Dual Core + LP Core, 240MHz, Embedded PSRAM 8MB (AP_3v3)
Crystal frequency:  40MHz
MAC:                34:85:18:6d:04:5c

Uploading stub flasher...
Running stub flasher...
Stub flasher running.
Changing baud rate to 460800...
Changed.

Configuring flash size...
Erasing flash memory (this may take a while)...
Flash memory erased successfully in 1.3 seconds.
Compressed 964544 bytes to 599411...
Writing at 0x00000000 [                              ]   0.0% 0/599411 bytes... 
Writing at 0x00011705 [                              ]   2.7% 16384/599411 bytes... 
Writing at 0x0001e512 [>                             ]   5.5% 32768/599411 bytes... 
Writing at 0x0002a665 [=>                            ]   8.2% 49152/599411 bytes... 
Writing at 0x00033c8c [==>                           ]  10.9% 65536/599411 bytes... 
Writing at 0x0003ce38 [===>                          ]  13.7% 81920/599411 bytes... 
Writing at 0x00042f99 [===>                          ]  16.4% 98304/599411 bytes... 
Writing at 0x000486ed [====>                         ]  19.1% 114688/599411 bytes... 
Writing at 0x0004e353 [=====>                        ]  21.9% 131072/599411 bytes... 
Writing at 0x000539ac [======>                       ]  24.6% 147456/599411 bytes... 
Writing at 0x00058c19 [=======>                      ]  27.3% 163840/599411 bytes... 
Writing at 0x0005e042 [========>                     ]  30.1% 180224/599411 bytes... 
Writing at 0x00063a0f [========>                     ]  32.8% 196608/599411 bytes... 
Writing at 0x00068b20 [=========>                    ]  35.5% 212992/599411 bytes... 
Writing at 0x0006de73 [==========>                   ]  38.3% 229376/599411 bytes... 
Writing at 0x0007309f [===========>                  ]  41.0% 245760/599411 bytes... 
Writing at 0x0007837a [============>                 ]  43.7% 262144/599411 bytes... 
Writing at 0x0007d510 [============>                 ]  46.5% 278528/599411 bytes... 
Writing at 0x00082bf5 [=============>                ]  49.2% 294912/599411 bytes... 
Writing at 0x00088080 [==============>               ]  51.9% 311296/599411 bytes... 
Writing at 0x0008d6ff [===============>              ]  54.7% 327680/599411 bytes... 
Writing at 0x00092678 [================>             ]  57.4% 344064/599411 bytes... 
Writing at 0x00097702 [=================>            ]  60.1% 360448/599411 bytes... 
Writing at 0x0009ccf1 [=================>            ]  62.9% 376832/599411 bytes... 
Writing at 0x000a1eff [==================>           ]  65.6% 393216/599411 bytes... 
Writing at 0x000a70e8 [===================>          ]  68.3% 409600/599411 bytes... 
Writing at 0x000ac8ee [====================>         ]  71.1% 425984/599411 bytes... 
Writing at 0x000b1bd1 [=====================>        ]  73.8% 442368/599411 bytes... 
Writing at 0x000b6ccb [=====================>        ]  76.5% 458752/599411 bytes... 
Writing at 0x000bc411 [======================>       ]  79.3% 475136/599411 bytes... 
Writing at 0x000c2273 [=======================>      ]  82.0% 491520/599411 bytes... 
Writing at 0x000c919d [========================>     ]  84.7% 507904/599411 bytes... 
Writing at 0x000d0a47 [=========================>    ]  87.5% 524288/599411 bytes... 
Writing at 0x000d75d3 [==========================>   ]  90.2% 540672/599411 bytes... 
Writing at 0x000dce95 [==========================>   ]  92.9% 557056/599411 bytes... 
Writing at 0x000e29ac [===========================>  ]  95.7% 573440/599411 bytes... 
Writing at 0x000e8163 [============================> ]  98.4% 589824/599411 bytes... 
Writing at 0x000eb7c0 [==============================] 100.0% 599411/599411 bytes... 
Wrote 964544 bytes (599411 compressed) at 0x00000000 in 17.7 seconds (436.9 kbit/s).
Hash of data verified.

Hard resetting via RTS pin...
ESP-ROM:esp32s3-20210327
Build:Mar 27 2021
rst:0x1 (POWERON),boot:0x8 (SPI_FAST_FLASH_BOOT)
SPIWP:0xee
mode:DIO, clock div:1
load:0x3fce2810,len:0x15a0
load:0x403c8700,len:0x4
load:0x403c8704,len:0xd20
load:0x403cb700,len:0x2f00
entry 0x403c8928
I (27) boot: ESP-IDF v5.4.1 2nd stage bootloader
I (27) boot: compile time Oct 24 2025 19:16:23
I (27) boot: Multicore bootloader
I (27) boot: chip revision: v0.1
I (30) boot: efuse block revision: v1.2
I (33) boot.esp32s3: Boot SPI Speed : 80MHz
I (37) boot.esp32s3: SPI Mode       : DIO
I (41) boot.esp32s3: SPI Flash Size : 2MB
I (45) boot: Enabling RNG early entropy source...
I (49) boot: Partition Table:
I (52) boot: ## Label            Usage          Type ST Offset   Length
I (58) boot:  0 nvs              WiFi data        01 02 00009000 00006000
I (65) boot:  1 phy_init         RF data          01 01 0000f000 00001000
I (71) boot:  2 factory          factory app      00 00 00010000 00100000
I (78) boot: End of partition table
I (81) esp_image: segment 0: paddr=00010020 vaddr=3c0a0020 size=24d18h (150808) map
I (115) esp_image: segment 1: paddr=00034d40 vaddr=3fc99400 size=04bd0h ( 19408) load
I (119) esp_image: segment 2: paddr=00039918 vaddr=40374000 size=06700h ( 26368) load
I (125) esp_image: segment 3: paddr=00040020 vaddr=42000020 size=9caa8h (641704) map
I (240) esp_image: segment 4: paddr=000dcad0 vaddr=4037a700 size=0eca4h ( 60580) load
I (253) esp_image: segment 5: paddr=000eb77c vaddr=600fe100 size=0001ch (    28) load
I (262) boot: Loaded app from partition at offset 0x10000
I (262) boot: Disabling RNG early entropy source...
I (272) cpu_start: Multicore app
I (281) cpu_start: Pro cpu start user code
I (281) cpu_start: cpu freq: 160000000 Hz
I (281) app_init: Application information:
I (281) app_init: Project name:     cpp
I (285) app_init: App version:      5881d64-dirty
I (289) app_init: Compile time:     Oct 24 2025 19:16:17
I (294) app_init: ELF file SHA256:  12a0fbe6d...
I (298) app_init: ESP-IDF:          v5.4.1
I (302) efuse_init: Min chip rev:     v0.0
I (306) efuse_init: Max chip rev:     v0.99 
I (310) efuse_init: Chip rev:         v0.1
I (314) heap_init: Initializing. RAM available for dynamic allocation:
I (320) heap_init: At 3FCA53C8 len 00044348 (272 KiB): RAM
I (325) heap_init: At 3FCE9710 len 00005724 (21 KiB): RAM
I (330) heap_init: At 3FCF0000 len 00008000 (32 KiB): DRAM
I (336) heap_init: At 600FE11C len 00001ECC (7 KiB): RTCRAM
I (342) spi_flash: detected chip: gd
I (344) spi_flash: flash io: dio
W (347) spi_flash: Detected size(8192k) larger than the size in the binary image header(2048k). Using the size in the binary image header.
I (360) sleep_gpio: Configure to isolate all GPIO pins in sleep state
I (366) sleep_gpio: Enable automatic switching of GPIO sleep configuration
I (373) main_task: Started on CPU0
I (393) main_task: Calling app_main()
[5n
Type 'help' to get the list of commands.
Use UP/DOWN arrows to navigate through command history.
Press TAB when typing command name to auto-complete.

Your terminal application does not support escape sequences.

Line editing and history features are disabled.

On Windows, try using Putty instead.
esp32> W (903) app_main: WiFi and Golioth credentials are not set. Use the shell settings commands to set them.

esp32> 
esp32> 
esp32> 
esp32> settings set wifi/ssid "***MIKES_ORANGE_PI_WIFI_SSID***"
Setting wifi/ssid saved
esp32> 
esp32> 
esp32> 
esp32> 
esp32> 
esp32> settings set wifi/psk "***MIKES_ORANGE_PI_WIFI_PSK***"
Setting wifi/psk saved
esp32> 
es::add-mask::generated-lxHKaHGcZOgvJrrd
p32> 
esp32> 
esp32> 
esp32> 
esp32> settings set golioth/psk-id "generated-lxHKaHGcZOgvJrrd@firmware_ci"
Setting golioth/psk-id saved
esp32> 
esp32> 
esp32> 
esp32> 
esp32> 
esp32> settings set golioth/psk "generated-lxHKaHGcZOgvJrrd"
Setting golioth/psk saved
esp32> 
esp32> I (7933) pp: pp rom version: e7ae62f
I (7933) net80211: net80211 rom version: e7ae62f
I (7953) wifi_init: rx ba win: 6
I (7953) wifi_init: accept mbox: 6
I (7953) wifi_init: tcpip mbox: 32
I (7953) wifi_init: udp mbox: 6
I (7953) wifi_init: tcp mbox: 6
I (7963) wifi_init: tcp tx win: 5760
I (7963) wifi_init: tcp rx win: 5760
I (7963) wifi_init: tcp mss: 1440
I (7963) wifi_init: WiFi IRAM OP enabled
I (7983) wifi_init: WiFi RX IRAM OP enabled
I (7983) phy_init: phy_version 700,8582a7fd,Feb 10 2025,20:13:11
W (7983) phy_init: failed to load RF calibration data (0x1102), falling back to full calibration
I (8023) phy_init: Saving new calibration data due to checksum failure or outdated calibration data, mode(2)
I (10213) esp_netif_handlers: sta ip: 192.168.8.234, mask: 255.255.255.0, gw: 192.168.8.1
I (10213) example_wifi: WiFi Connected. Got IP:192.168.8.234
I (10213) example_wifi: Connected to AP SSID: ***MIKES_ORANGE_PI_WIFI_SSID***
I (10223) golioth_mbox: Mbox created, bufsize: 2688, num_items: 20, item_size: 128
I (10223) app_main: Hello, Golioth 0!
I (10233) golioth_coap_client_libcoap: Start CoAP session with host: coaps://coap.golioth.io
I (10243) golioth_coap_client_libcoap: Session PSK-ID: generated-lxHKaHGcZOgvJrrd@firmware_ci
I (10253) libcoap: Setting PSK key

I (10253) golioth_coap_client_libcoap: Entering CoAP I/O loop
I (15233) app_main: Hello, Golioth 1!
I (20233) app_main: Hello, Golioth 2!
