esptool.py v4.9.0
Serial port /dev/serial/by-id/usb-Silicon_Labs_CP2102N_USB_to_UART_Bridge_Controller_08bd8600facfec119c501d2686bdcd52-if00-port0
Connecting....
Detecting chip type... ESP32-S3
Chip is ESP32-S3 (QFN56) (revision v0.1)
Features: WiFi, BLE, Embedded PSRAM 8MB (AP_3v3)
Crystal is 40MHz
MAC: 34:85:18:6d:04:5c
Uploading stub...
Running stub...
Stub running...
Changing baud rate to 460800
Changed.
Configuring flash size...
Erasing flash (this may take a while)...
Chip erase completed successfully in 1.4 seconds.
Compressed 967888 bytes to 601641...
Writing at 0x00000000... (2 %)
Writing at 0x000115d3... (5 %)
Writing at 0x0001e77e... (8 %)
Writing at 0x0002a68f... (10 %)
Writing at 0x00033d6a... (13 %)
Writing at 0x0003cd39... (16 %)
Writing at 0x00042ec8... (18 %)
Writing at 0x000486c5... (21 %)
Writing at 0x0004e383... (24 %)
Writing at 0x00053ba0... (27 %)
Writing at 0x00058f0a... (29 %)
Writing at 0x0005e205... (32 %)
Writing at 0x00063de2... (35 %)
Writing at 0x00068e97... (37 %)
Writing at 0x0006e035... (40 %)
Writing at 0x000733ea... (43 %)
Writing at 0x00078536... (45 %)
Writing at 0x0007d8f7... (48 %)
Writing at 0x00082df4... (51 %)
Writing at 0x000883cf... (54 %)
Writing at 0x0008d938... (56 %)
Writing at 0x00092a0a... (59 %)
Writing at 0x00097a35... (62 %)
Writing at 0x0009cf3a... (64 %)
Writing at 0x000a20e1... (67 %)
Writing at 0x000a7303... (70 %)
Writing at 0x000ac6f0... (72 %)
Writing at 0x000b1f6c... (75 %)
Writing at 0x000b6f39... (78 %)
Writing at 0x000bc618... (81 %)
Writing at 0x000c1c6e... (83 %)
Writing at 0x000c93be... (86 %)
Writing at 0x000d065e... (89 %)
Writing at 0x000d75ed... (91 %)
Writing at 0x000dcec8... (94 %)
Writing at 0x000e2899... (97 %)
Writing at 0x000e837b... (100 %)
Wrote 967888 bytes (601641 compressed) at 0x00000000 in 13.9 seconds (effective 557.2 kbit/s)...
Hash of data verified.

Leaving...
Hard resetting via RTS pin...
ESP-ROM:esp32s3-20210327
Build:Mar 27 2021
rst:0x1 (POWERON),boot:0x8 (SPI_FAST_FLASH_BOOT)
SPIWP:0xee
mode:DIO, clock div:1
load:0x3fce2810,len:0x15a0
load:0x403c8700,len:0x4
load:0x403c8704,len:0xd20
load:0x403cb700,len:0x2f58
entry 0x403c8928
I (27) boot: ESP-IDF v5.4.1 2nd stage bootloader
I (27) boot: compile time Oct  2 2025 00:03:55
I (27) boot: Multicore bootloader
I (27) boot: chip revision: v0.1
I (30) boot: efuse block revision: v1.2
I (33) boot.esp32s3: Boot SPI Speed : 80MHz
I (37) boot.esp32s3: SPI Mode       : DIO
I (41) boot.esp32s3: SPI Flash Size : 4MB
I (45) boot: Enabling RNG early entropy source...
I (49) boot: Partition Table:
I (52) boot: ## Label            Usage          Type ST Offset   Length
I (58) boot:  0 nvs              WiFi data        01 02 00009000 00006000
I (65) boot:  1 phy_init         RF data          01 01 0000f000 00001000
I (71) boot:  2 factory          factory app      00 00 00010000 00100000
I (78) boot: End of partition table
I (81) esp_image: segment 0: paddr=00010020 vaddr=3c0a0020 size=24a20h (150048) map
I (115) esp_image: segment 1: paddr=00034a48 vaddr=3fc99400 size=04bc0h ( 19392) load
I (119) esp_image: segment 2: paddr=00039610 vaddr=40374000 size=06a08h ( 27144) load
I (125) esp_image: segment 3: paddr=00040020 vaddr=42000020 size=9dac4h (645828) map
I (240) esp_image: segment 4: paddr=000ddaec vaddr=4037aa08 size=0e99ch ( 59804) load
I (253) esp_image: segment 5: paddr=000ec490 vaddr=600fe100 size=0001ch (    28) load
I (262) boot: Loaded app from partition at offset 0x10000
I (262) boot: Disabling RNG early entropy source...
I (272) cpu_start: Multicore app
I (281) cpu_start: Pro cpu start user code
I (281) cpu_start: cpu freq: 160000000 Hz
I (281) app_init: Application information:
I (282) app_init: Project name:     test
I (285) app_init: App version:      1fc16f4-dirty
I (290) app_init: Compile time:     Oct  2 2025 00:03:49
I (295) app_init: ELF file SHA256:  dbd47300d...
I (299) app_init: ESP-IDF:          v5.4.1
I (303) efuse_init: Min chip rev:     v0.0
I (307) efuse_init: Max chip rev:     v0.99 
I (311) efuse_init: Chip rev:         v0.1
I (314) heap_init: Initializing. RAM available for dynamic allocation:
I (321) heap_init: At 3FCA5338 len 000443D8 (272 KiB): RAM
I (326) heap_init: At 3FCE9710 len 00005724 (21 KiB): RAM
I (331) heap_init: At 3FCF0000 len 00008000 (32 KiB): DRAM
I (336) heap_init: At 600FE11C len 00001ECC (7 KiB): RTCRAM
I (342) spi_flash: detected chip: gd
I (345) spi_flash: flash io: dio
W (348) spi_flash: Detected size(8192k) larger than the size in the binary image header(4096k). Using the size in the binary image header.
I (360) sleep_gpio: Configure to isolate all GPIO pins in sleep state
I (366) sleep_gpio: Enable automatic switching of GPIO sleep configuration
I (373) main_task: Started on CPU0
I (393) main_task: Calling app_main()
[5n
Type 'help' to get the list of commands.
Use UP/DOWN arrows to navigate through command history.
Press TAB when typing command name to auto-complete.

Your terminal application does not support escape sequences.

Line editing and history features are disabled.

On Windows, try using Putty instead.
esp32> W (903) hil_test: WiFi and Golioth credentials are not set. Use the shell settings commands to set them.

esp32> 
esp32> 
esp32> 
esp32> settings set wifi/ssid "***MIKES_ORANGE_PI_WIFI_SSID***"
Setting wifi/ssid saved
esp32> 
esp32> 
esp32> 
esp32> 
esp32> 
esp32> settings set wifi/psk "***MIKES_ORANGE_PI_WIFI_PSK***"
Setting wifi/psk saved
esp32> 
esp32> ::add-mask::generated-JpXYlpAgPRdSTCHD

esp32> 
esp32> 
esp32> 
esp32> settings set golioth/psk-id "generated-JpXYlpAgPRdSTCHD@firmware_ci"
Setting golioth/psk-id saved
esp32> 
esp32> 
esp32> 
esp32> 
esp32> 
esp32> settings set golioth/psk "generated-JpXYlpAgPRdSTCHD"
Setting golioth/psk saved
esp32> 
esp32> I (14943) pp: pp rom version: e7ae62f
I (14943) net80211: net80211 rom version: e7ae62f
I (14963) wifi_init: rx ba win: 6
I (14963) wifi_init: accept mbox: 6
I (14963) wifi_init: tcpip mbox: 32
I (14963) wifi_init: udp mbox: 6
I (14963) wifi_init: tcp mbox: 6
I (14973) wifi_init: tcp tx win: 5760
I (14973) wifi_init: tcp rx win: 5760
I (14973) wifi_init: tcp mss: 1440
I (14973) wifi_init: WiFi IRAM OP enabled
I (14993) wifi_init: WiFi RX IRAM OP enabled
I (14993) phy_init: phy_version 700,8582a7fd,Feb 10 2025,20:13:11
W (14993) phy_init: failed to load RF calibration data (0x1102), falling back to full calibration
I (15033) phy_init: Saving new calibration data due to checksum failure or outdated calibration data, mode(2)
I (17223) esp_netif_handlers: sta ip: 192.168.8.234, mask: 255.255.255.0, gw: 192.168.8.1
I (17223) example_wifi: WiFi Connected. Got IP:192.168.8.234
I (17223) example_wifi: Connected to AP SSID: ***MIKES_ORANGE_PI_WIFI_SSID***
I (17233) golioth_mbox: Mbox created, bufsize: 2688, num_items: 20, item_size: 128
I (17243) golioth_coap_client_libcoap: Start CoAP session with host: coaps://coap.golioth.io
I (17243) golioth_coap_client_libcoap: Session PSK-ID: generated-JpXYlpAgPRdSTCHD@firmware_ci
I (17263) libcoap: Setting PSK key

I (17263) golioth_coap_client_libcoap: Entering CoAP I/O loop
I (17463) golioth_coap_client_libcoap: Golioth CoAP client connected
I (17513) test_settings: Received test_int: 1
I (17513) test_settings: Received test_string: foo
I (17523) test_settings: Received test_cancel: 0
I (17523) test_settings: Received test_restart: false
I (17533) test_settings: Received test_float: 1.230000
I (17533) test_settings: Received test_int_range: 1
I (17533) test_settings: Received test_bool: false
I (17603) test_settings: Received test_restart: false
I (17603) test_settings: Received test_cancel: 0
I (17603) test_settings: Received test_float: 1.230000
I (17613) test_settings: Received test_int_range: 1
I (17623) test_settings: Received test_int: 1
I (17623) test_settings: Received test_string: foo
I (17623) test_settings: Received test_bool: false
E (17633) golioth_settings: Failed to send a response to server: 10
I (17733) test_settings: Received test_int_range: 1
I (17733) test_settings: Received test_restart: false
I (17733) test_settings: Received test_string: foo
I (17733) test_settings: Received test_float: 1.230000
I (17743) test_settings: Received test_int: 1
I (17743) test_settings: Received test_cancel: 0
I (17743) test_settings: Received test_bool: false
E (17763) golioth_settings: Failed to send a response to server: 10
I (17813) test_settings: Received test_float: 1.230000
I (17813) test_settings: Received test_int_range: 1
I (17813) test_settings: Received test_int: 1
I (17823) test_settings: Received test_string: foo
I (17833) test_settings: Received test_bool: false
I (17833) test_settings: Received test_cancel: 0
I (17833) test_settings: Received test_restart: false
E (17843) golioth_settings: Failed to send a response to server: 10
I (18143) test_settings: Received test_string: foo
I (18143) test_settings: Received test_cancel: 0
I (18143) test_settings: Received test_bool: false
I (18143) test_settings: Received test_float: 1.230000
I (18153) test_settings: Received test_int: 1
I (18153) test_settings: Received test_int_range: 1
I (18153) test_settings: Received test_restart: false
E (18173) golioth_settings: Failed to send a response to server: 10
I (18223) test_settings: Received test_bool: false
I (18223) test_settings: Received test_cancel: 0
I (18223) test_settings: Received test_int: 1
I (18233) test_settings: Received test_float: 1.230000
I (18243) test_settings: Received test_restart: false
I (18243) test_settings: Received test_int_range: 1
I (18243) test_settings: Received test_string: foo
E (18253) golioth_settings: Failed to send a response to server: 10
I (18343) test_settings: Received test_string: foo
I (18343) test_settings: Received test_float: 1.230000
I (18343) test_settings: Received test_int: 1
I (18343) test_settings: Received test_restart: false
I (18353) test_settings: Received test_int_range: 1
I (18363) test_settings: Received test_cancel: 0
I (18363) test_settings: Received test_bool: false
E (18373) golioth_settings: Failed to send a response to server: 10
I (18553) test_settings: Received test_cancel: 0
I (18553) test_settings: Received test_int: 1
I (18553) test_settings: Received test_int_range: 1
I (18553) test_settings: Received test_bool: false
I (18563) test_settings: Received test_float: 1.230000
I (18563) test_settings: Received test_restart: false
I (18563) test_settings: Received test_string: foo
E (18573) golioth_settings: Failed to send a response to server: 10
I (18633) test_settings: Received test_string: foo
I (18633) test_settings: Received test_cancel: 0
I (18633) test_settings: Received test_float: 1.230000
I (18643) test_settings: Received test_int_range: 1
I (18653) test_settings: Received test_restart: false
I (18653) test_settings: Received test_int: 1
I (18653) test_settings: Received test_bool: false
E (18663) golioth_settings: Failed to send a response to server: 10
I (22463) test_settings: Settings registration complete
I (24503) test_settings: Received test_cancel: 0
I (24503) test_settings: Received test_restart: false
I (24503) test_settings: Received test_int_range: 1
I (24503) test_settings: Received test_int: 42
I (24513) test_settings: Received test_bool: false