esptool.py v4.9.0
Serial port /dev/serial/by-id/usb-Silicon_Labs_CP2102N_USB_to_UART_Bridge_Controller_6a5ea5870128ee11b6e611d8f49e3369-if00-port0
Connecting....
Detecting chip type... ESP32-S3
Chip is ESP32-S3 (QFN56) (revision v0.2)
Features: WiFi, BLE, Embedded PSRAM 2MB (AP_3v3)
Crystal is 40MHz
MAC: dc:da:0c:61:9f:74
Uploading stub...
Running stub...
Stub running...
Changing baud rate to 460800
Changed.
Configuring flash size...
Erasing flash (this may take a while)...
Chip erase completed successfully in 0.9 seconds.
Compressed 986320 bytes to 608287...
Writing at 0x00000000... (2 %)
Writing at 0x000114f1... (5 %)
Writing at 0x0001e64f... (7 %)
Writing at 0x0002b089... (10 %)
Writing at 0x00032fb5... (13 %)
Writing at 0x0003f1ee... (15 %)
Writing at 0x000450bc... (18 %)
Writing at 0x0004a955... (21 %)
Writing at 0x0005031e... (23 %)
Writing at 0x000558ad... (26 %)
Writing at 0x0005ac27... (28 %)
Writing at 0x000602e3... (31 %)
Writing at 0x000659b2... (34 %)
Writing at 0x0006ab9e... (36 %)
Writing at 0x0006fe2a... (39 %)
Writing at 0x0007519e... (42 %)
Writing at 0x0007a4f6... (44 %)
Writing at 0x0007f623... (47 %)
Writing at 0x00084d6d... (50 %)
Writing at 0x0008a2e4... (52 %)
Writing at 0x0008f7a4... (55 %)
Writing at 0x00094715... (57 %)
Writing at 0x00099a2c... (60 %)
Writing at 0x0009ee8f... (63 %)
Writing at 0x000a3f5f... (65 %)
Writing at 0x000a91f7... (68 %)
Writing at 0x000aeb84... (71 %)
Writing at 0x000b3d11... (73 %)
Writing at 0x000b8ece... (76 %)
Writing at 0x000be5f5... (78 %)
Writing at 0x000c5711... (81 %)
Writing at 0x000cb1a4... (84 %)
Writing at 0x000d36bb... (86 %)
Writing at 0x000d9657... (89 %)
Writing at 0x000df063... (92 %)
Writing at 0x000e4baf... (94 %)
Writing at 0x000eac0e... (97 %)
Writing at 0x000efd72... (100 %)
Wrote 986320 bytes (608287 compressed) at 0x00000000 in 14.2 seconds (effective 557.6 kbit/s)...
Hash of data verified.

Leaving...
Hard resetting via RTS pin...
Build:Mar 27 2021
rst:0x1 (POWERON),boot:0x8 (SPI_FAST_FLASH_BOOT)
SPIWP:0xee
mode:DIO, clock div:1
load:0x3fce2810,len:0x15a0
load:0x403c8700,len:0x4
load:0x403c8704,len:0xd20
load:0x403cb700,len:0x2f58
entry 0x403c8928
I (27) boot: ESP-IDF v5.4.1 2nd stage bootloader
I (27) boot: compile time Oct  2 2025 00:04:41
I (27) boot: Multicore bootloader
I (27) boot: chip revision: v0.2
I (30) boot: efuse block revision: v1.3
I (33) boot.esp32s3: Boot SPI Speed : 80MHz
I (37) boot.esp32s3: SPI Mode       : DIO
I (41) boot.esp32s3: SPI Flash Size : 4MB
I (45) boot: Enabling RNG early entropy source...
I (49) boot: Partition Table:
I (52) boot: ## Label            Usage          Type ST Offset   Length
I (58) boot:  0 nvs              WiFi data        01 02 00009000 00004000
I (65) boot:  1 otadata          OTA data         01 00 0000d000 00002000
I (71) boot:  2 phy_init         RF data          01 01 0000f000 00001000
I (78) boot:  3 factory          factory app      00 00 00010000 00100000
I (84) boot:  4 ota_0            OTA app          00 10 00110000 00100000
I (91) boot:  5 ota_1            OTA app          00 11 00210000 00100000
I (97) boot: End of partition table
I (101) boot: Defaulting to factory image
I (104) esp_image: segment 0: paddr=00010020 vaddr=3c0a0020 size=29318h (168728) map
I (142) esp_image: segment 1: paddr=00039340 vaddr=3fc99500 size=04c28h ( 19496) load
I (146) esp_image: segment 2: paddr=0003df70 vaddr=40374000 size=020a8h (  8360) load
I (148) esp_image: segment 3: paddr=00040020 vaddr=42000020 size=9d898h (645272) map
I (267) esp_image: segment 4: paddr=000dd8c0 vaddr=403760a8 size=133c4h ( 78788) load
I (284) esp_image: segment 5: paddr=000f0c8c vaddr=600fe100 size=0001ch (    28) load
I (292) boot: Loaded app from partition at offset 0x10000
I (293) boot: Disabling RNG early entropy source...
I (303) cpu_start: Multicore app
D (303) cpu_start: Pro cpu up
D (303) cpu_start: Starting app cpu, entry point is 0x40375340
D (0) cpu_start: App cpu up
D (311) clk: RTC_SLOW_CLK calibration value: 3713587
D (322) cpu_start: calling init function: 0x4200350c on core: 0
D (322) cpu_start: calling init function: 0x42003928 on core: 0
I (322) cpu_start: Pro cpu start user code
I (326) cpu_start: cpu freq: 160000000 Hz
D (329) cpu_start: calling init function: 0x4200342c on core: 0
I (335) app_init: Application information:
I (339) app_init: Project name:     certificate_auth
I (343) app_init: App version:      1fc16f4-dirty
I (348) app_init: Compile time:     Oct  2 2025 00:04:35
I (353) app_init: ELF file SHA256:  73f9fd339...
I (357) app_init: ESP-IDF:          v5.4.1
D (361) cpu_start: calling init function: 0x42003520 on core: 0
I (367) efuse_init: Min chip rev:     v0.0
I (371) efuse_init: Max chip rev:     v0.99 
I (375) efuse_init: Chip rev:         v0.2
D (378) cpu_start: calling init function: 0x420055a4 on core: 0
D (384) memory_layout: Checking 6 reserved memory ranges:
D (389) memory_layout: Reserved memory range 0x3fc84000 - 0x3fc99500
D (395) memory_layout: Reserved memory range 0x3fc99500 - 0x3fca5400
D (401) memory_layout: Reserved memory range 0x3fceee34 - 0x3fcf0000
D (407) memory_layout: Reserved memory range 0x40374000 - 0x40389500
D (413) memory_layout: Reserved memory range 0x600fe000 - 0x600fe11c
D (419) memory_layout: Reserved memory range 0x600fffe8 - 0x60100000
D (426) memory_layout: Building list of available memory regions:
D (431) memory_layout: Available memory region 0x3fca5400 - 0x3fcb0000
D (438) memory_layout: Available memory region 0x3fcb0000 - 0x3fcc0000
D (444) memory_layout: Available memory region 0x3fcc0000 - 0x3fcd0000
D (450) memory_layout: Available memory region 0x3fcd0000 - 0x3fce0000
D (456) memory_layout: Available memory region 0x3fce0000 - 0x3fce9710
D (463) memory_layout: Available memory region 0x3fce9710 - 0x3fceee34
D (469) memory_layout: Available memory region 0x3fcf0000 - 0x3fcf8000
D (475) memory_layout: Available memory region 0x600fe11c - 0x600fffe8
I (481) heap_init: Initializing. RAM available for dynamic allocation:
D (488) heap_init: New heap initialised at 0x3fca5400
I (492) heap_init: At 3FCA5400 len 00044310 (272 KiB): RAM
I (498) heap_init: At 3FCE9710 len 00005724 (21 KiB): RAM
D (503) heap_init: New heap initialised at 0x3fcf0000
I (507) heap_init: At 3FCF0000 len 00008000 (32 KiB): DRAM
D (513) heap_init: New heap initialised at 0x600fe11c
I (517) heap_init: At 600FE11C len 00001ECC (7 KiB): RTCRAM
D (523) cpu_start: calling init function: 0x4200814c on core: 0
D (528) cpu_start: cal
esp32> 
esp32> 
esp32> 
esp32> settings set wifi/ssid "***JONS_ORANGE_PI_WIFI_SSID***"
D (6033) nvs: nvs_open_from_partition example 1
D (6033) nvs: nvs_set_str w_ssid ***JONS_ORANGE_PI_WIFI_SSID***
D (6033) nvs: nvs_close 7
Setting wifi/ssid saved
esp32> 
esp32> 
esp32> 
esp32> 
esp32> 
esp32> settings set wifi/psk "***JONS_ORANGE_PI_WIFI_PSK***"
D (6063) nvs: nvs_open_from_partition example 1
D (6063) nvs: nvs_set_str w_pass ***JONS_ORANGE_PI_WIFI_PSK***
D (6063) nvs: nvs_close 8
Setting wifi/psk saved
esp32> 
esp32> D (6343) nvs: nvs_open_from_partition example 1
D (6343) nvs: nvs_get_str_or_blob w_ssid
D (6343) nvs: nvs_close 9
D (6343) nvs: nvs_open_from_partition example 1
D (6353) nvs: nvs_get_str_or_blob w_pass
D (6353) nvs: nvs_close 10
D (6353) nvs: nvs_open_from_partition example 1
D (6353) nvs: nvs_get_str_or_blob w_ssid
D (6363) nvs: nvs_close 11
D (6363) nvs: nvs_open_from_partition example 1
D (6363) nvs: nvs_get_str_or_blob w_pass
D (6373) nvs: nvs_close 12
D (6373) esp_netif_lwip: LwIP stack has been initialized
D (6383) esp_netif_lwip: esp-netif has been successfully initialized
D (6383) event: running task for loop 0x3fcae49c
D (6383) event: created task for loop 0x3fcae49c
D (6393) event: created event loop 0x3fcae49c
D (6393) esp_netif_lwip: check: remote, if=0x3fca8d64 fn=0x420379c0
D (6403) esp_netif_objects: esp_netif_add_to_list_unsafe netif added successfully (total netifs: 1)
D (6403) esp_netif_lwip: call api in lwip: ret=0x0, give sem
I (6423) pp: pp rom version: e7ae62f
I (6423) net80211: net80211 rom version: e7ae62f
D (6423) nvs: nvs_open_from_partition misc 1
D (6443) efuse: BLK1 REG1 [8-15], len=8 bits
D (6443) efuse: BLK1 REG1 [0-7], len=8 bits
D (6443) efuse: BLK1 REG0 [24-31], len=8 bits
D (6443) efuse: BLK1 REG0 [16-23], len=8 bits
D (6443) efuse: BLK1 REG0 [8-15], len=8 bits
D (6443) efuse: BLK1 REG0 [0-7], len=8 bits
D (6453) nvs: nvs_open_from_partition nvs.net80211 1
D (6463) nvs: nvs_get opmode 1
D (6463) nvs: nvs_get_str_or_blob sta.ssid
D (6463) nvs: nvs_get sta.authmode 1
D (6473) nvs: nvs_get_str_or_blob sta.pswd
D (6473) nvs: nvs_get_str_or_blob sta.pmk
D (6473) nvs: nvs_get sta.chan 1
D (6473) nvs: nvs_get auto.conn 1
D (6493) nvs: nvs_get bssid.set 1
D (6493) nvs: nvs_get_str_or_blob sta.bssid
D (6493) nvs: nvs_get sta.lis_intval 2
D (6493) nvs: nvs_get sta.phym 1
D (6503) nvs: nvs_get sta.phybw 1
D (6503) nvs: nvs_get_str_or_blob sta.apsw
D (6503) nvs: nvs_get_str_or_blob sta.apinfo
D (6503) nvs: nvs_get sta.scan_method 1
D (6513) nvs: nvs_get sta.sort_method 1
D (6513) nvs: nvs_get sta.minrssi 1
D (6513) nvs: nvs_get sta.minauth 1
D (6523) nvs: nvs_get sta.pmf_e 1
D (6523) nvs: nvs_get sta.pmf_r 1
D (6533) nvs: nvs_get sta.btm_e 1
D (6533) nvs: nvs_get sta.rrm_e 1
D (6533) nvs: nvs_get sta.mbo_e 1
D (6543) nvs: nvs_get_str_or_blob ap.ssid
D (6543) nvs: nvs_get_str_or_blob ap.passwd
D (6543) nvs: nvs_get_str_or_blob ap.pmk
D (6553) nvs: nvs_get ap.chan 1
D (6553) nvs: nvs_get ap.authmode 1
D (6553) nvs: nvs_get ap.hidden 1
D (6553) nvs: nvs_get ap.max.conn 1
D (6563) nvs: nvs_get bcn.interval 2
D (6563) nvs: nvs_get ap.phym 1
D (6563) nvs: nvs_get ap.phybw 1
D (6563) nvs: nvs_get ap.sndchan 1
D (6583) nvs: nvs_get ap.pmf_e 1
D (6583) nvs: nvs_get ap.pmf_r 1
D (6583) nvs: nvs_get ap.p_cipher 1
D (6583) nvs: nvs_get lorate 1
D (6583) nvs: nvs_get_str_or_blob country
D (6593) nvs: nvs_get ap.ftm_r 1
D (6593) nvs: nvs_get sta.ft 1
D (6593) nvs: nvs_get sta.owe 1
D (6593) nvs: nvs_get sta.trans_d 1
D (6603) nvs: nvs_get sta.sae_h2e 1
D (6603) nvs: nvs_get sta.sae_pk_mode 1
D (6603) nvs: nvs_get sta.bss_retry 1
D (6603) nvs: nvs_get_str_or_blob sta.owe_data
D (6613) nvs: nvs_get sta.he_dcm 1
D (6613) nvs: nvs_get sta.he_dcm_c_tx 1
D (6623) nvs: nvs_get sta.he_dcm_c_rx 1
D (6633) nvs: nvs_get sta.he_mcs9_d 1
D (6633) nvs: nvs_get sta.he_su_b_d 1
D (6633) nvs: nvs_get sta.he_su_b_f_d 1
D (6633) nvs: nvs_get sta.he_mu_b_f_d 1
D (6643) nvs: nvs_get sta.he_cqi_f_d 1
D (6643) nvs: nvs_get_str_or_blob sta.sae_h2e_id
D (6643) nvs: nvs_get ap.sae_h2e 1
D (6653) nvs: nvs_get_str_or_blob ap.pmk_info
D (6653) nvs: nvs_get nan.phym 1
D (6653) nvs: nvs_get sta.pwr_reset 1
D (6653) nvs: nvs_get band_mode 1
D (6663) nvs: nvs_get sta.phym5g 1
D (6673) nvs: nvs_get ap.phym5g 1
D (6673) nvs: nvs_get sta.phybw5g 1
D (6673) nvs: nvs_get ap.phybw5g 1
D (6683) nvs: nvs_get ap.sndchan5g 1
D (6683) nvs: nvs_get ap.chan5g 1
D (6683) nvs: nvs_get ap.chanisset 1
D (6683) nvs: nvs_get ap.chan5gisset 1
D (6693) nvs: nvs_get sta.rssi_5g_adj 1
D (6693) nvs: nvs_get ap.csa_count 1
D (6693) nvs: nvs_get ap.dtim_period 1
D (6693) nvs: nvs_get ap.trans_d 1
D (6703) nvs: nvs_set ap.sndchan 1 1
I (6713) wifi_init: rx ba win: 6
I (6713) wifi_init: accept mbox: 6
I (6713) wifi_init: tcpip mbox: 32
I (6713) wifi_init: udp mbox: 6
I (6723) wifi_init: tcp mbox: 6
I (6723) wifi_init: tcp tx win: 5760
I (6723) wifi_init: tcp rx win: 5760
I (6723) wifi_init: tcp mss: 1440
I (6733) wifi_init: WiFi IRAM OP enabled
I (6733) wifi_init: WiFi RX IRAM OP enabledin lwip: ret=0x0, give sem
D (6913) esp_netif_handlers: esp_netif action has started with netif0x3fcaf3e4 from event_id=2
D (6923) esp_netif_lwip: check: remote, if=0x3fcaf3e4 fn=0x42037c48
D (6923) esp_netif_lwip: esp_netif_start_api 0x3fcaf3e4
D (6933) esp_netif_lwip: esp_netif_get_hostname esp_netif:0x3fcaf3e4
D (6933) esp_netif_lwip: call api in lwip: ret=0x0, give sem
D (6943) event: running post WIFI_EVENT:2 with handler 0x4200d8c8 and context 0x3fcb03e8 on loop 0x3fcae49c
D (6953) gdma: new group (0) at 0x3fcb8eb0
D (6953) gdma: new pair (0,0) at 0x3fcb8d80
D (6953) gdma: new tx channel (0,0) at 0x3fcb8e78
D (6953) gdma: new rx channel (0,0) at 0x3fcb8f3c
D (7473) intr_alloc: Connected src 77 to int 12 (cpu 0)
D (7473) event: running post WIFI_EVENT:4 with handler 0x42039bdc and context 0x3fcaf654 on loop 0x3fcae49c
D (7473) esp_netif_handlers: esp_netif action connected with netif0x3fcaf3e4 from event_id=4
D (7483) esp_netif_lwip: check: remote, if=0x3fcaf3e4 fn=0x42037f10
D (7483) esp_netif_lwip: esp_netif_up_api esp_netif:0x3fcaf3e4
D (7503) esp_netif_lwip: call api in lwip: ret=0x0, give sem
D (7503) esp_netif_lwip: check: remote, if=0x3fcaf3e4 fn=0x420376e0
D (7513) esp_netif_lwip: esp_netif_dhcpc_start_api esp_netif:0x3fcaf3e4
D (7513) esp_netif_lwip: esp_netif_start_ip_lost_timer esp_netif:0x3fcaf3e4
D (7523) esp_netif_lwip: if0x3fcaf3e4 start ip lost tmr: interval=120
D (7523) esp_netif_lwip: starting dhcp client
D (7523) esp_netif_lwip: call api in lwip: ret=0x0, give sem
D (7543) event: running post WIFI_EVENT:4 with handler 0x4200d8c8 and context 0x3fcb03e8 on loop 0x3fcae49c
D (12233) esp_netif_lwip: esp_netif_internal_dhcpc_cb lwip-netif:0x3fcaf470
D (12233) esp_netif_lwip: check: local, if=0x3fcaf3e4 fn=0x420384cc
D (12233) esp_netif_lwip: esp_netif_update_default_netif_lwip 0x3fcaf3e4
D (12243) esp_netif_lwip: if0x3fcaf3e4 ip changed=1
D (12243) event: running post IP_EVENT:0 with handler 0x42039d4c and context 0x3fcaf6c8 on loop 0x3fcae49c
D (12253) wifi_init_default: Got IP wifi default handler entered
D (12263) esp_netif_handlers: esp_netif action got_ip with netif0x3fcaf3e4 from event_id=0
I (12263) esp_netif_handlers: sta ip: 192.168.8.168, mask: 255.255.255.0, gw: 192.168.8.1
D (12283) event: running post IP_EVENT:0 with handler 0x4200d8c8 and context 0x3fcb85e0 on loop 0x3fcae49c
I (12293) example_wifi: WiFi Connected. Got IP:192.168.8.168
I (12293) example_wifi: Connected to AP SSID: ***JONS_ORANGE_PI_WIFI_SSID***
I (12293) golioth_mbox: Mbox created, bufsize: 2688, num_items: 20, item_size: 128
I (12303) certificate_auth: Counter = 0
I (12313) golioth_coap_client_libcoap: Start CoAP session with host: coaps://coap.golioth.io
D (12313) RANDOM: getrandom(buf=0x3fcbc5b8, buflen=2, flags=0)
D (12323) RANDOM: getrandom returns 2
D (12323) RANDOM: getrandom(buf=0x3fcbc65c, buflen=4, flags=0)
D (12323) RANDOM: getrandom returns 4
I (12363) golioth_coap_client_libcoap: Entering CoAP I/O loop
D (12363) RANDOM: getrandom(buf=0x3fcbbb90, buflen=1, flags=0)
D (12363) RANDOM: getrandom returns 1
D (13353) intr_alloc: Connected src 76 to int 2 (cpu 1)
I (14373) golioth_coap_client_libcoap: Golioth CoAP client connected
I (14373) certificate_auth: Golioth client connected
D (14373) RANDOM: getrandom(buf=0x3fcbbbe0, buflen=1, flags=0)
D (14373) RANDOM: getrandom returns 1
D (14623) RANDOM: getrandom(buf=0x3fcbbbe0, buflen=1, flags=0)
D (14623) RANDOM: getrandom returns 1
D (14823) RANDOM: getrandom(buf=0x3fcbbbe0, buflen=1, flags=0)
D (14823) RANDOM: getrandom returns 1
I (17313) certificate_auth: Counter = 1
D (17313) RANDOM: getrandom(buf=0x3fcbbbe0, buflen=1, flags=0)
D (17313) RANDOM: getrandom returns 1
I (22313) certificate_auth: Counter = 2
D (22313) RANDOM: getrandom(buf=0x3fcbbbe0, buflen=1, flags=0)
D (22313) RANDOM: getrandom returns 1
I (27313) certificate_auth: Counter = 3
D (27313) RANDOM: getra