esptool.py v4.8.1
Serial port /dev/serial/by-id/usb-Silicon_Labs_CP2102N_USB_to_UART_Bridge_Controller_ca317d585c76eb11ba0a87abb7be2ba5-if00-port0
Connecting....
Detecting chip type... ESP32-C3
Chip is ESP32-C3 (QFN32) (revision v0.3)
Features: WiFi, BLE, Embedded Flash 4MB (XMC)
Crystal is 40MHz
MAC: 84:f7:03:09:96:10
Uploading stub...
Running stub...
Stub running...
Changing baud rate to 460800
Changed.
Configuring flash size...
Erasing flash (this may take a while)...
Chip erase completed successfully in 20.0s
Compressed 1042608 bytes to 612808...
Writing at 0x00000000... (2 %)
Writing at 0x00012158... (5 %)
Writing at 0x0001f47f... (7 %)
Writing at 0x0002bc12... (10 %)
Writing at 0x0003226e... (13 %)
Writing at 0x0003729a... (15 %)
Writing at 0x00041057... (18 %)
Writing at 0x00047041... (21 %)
Writing at 0x0004d680... (23 %)
Writing at 0x0005397e... (26 %)
Writing at 0x00059411... (28 %)
Writing at 0x0005f00b... (31 %)
Writing at 0x00065b9f... (34 %)
Writing at 0x0006b815... (36 %)
Writing at 0x000718aa... (39 %)
Writing at 0x000778bc... (42 %)
Writing at 0x0007da14... (44 %)
Writing at 0x000835a3... (47 %)
Writing at 0x00088b5f... (50 %)
Writing at 0x0008e712... (52 %)
Writing at 0x00094dc2... (55 %)
Writing at 0x0009a7ec... (57 %)
Writing at 0x000a018a... (60 %)
Writing at 0x000a5ec4... (63 %)
Writing at 0x000ac59e... (65 %)
Writing at 0x000b2770... (68 %)
Writing at 0x000b8676... (71 %)
Writing at 0x000be8f1... (73 %)
Writing at 0x000c4431... (76 %)
Writing at 0x000c9baa... (78 %)
Writing at 0x000cfa6c... (81 %)
Writing at 0x000d55dc... (84 %)
Writing at 0x000dc57b... (86 %)
Writing at 0x000e3297... (89 %)
Writing at 0x000e9b04... (92 %)
Writing at 0x000efbff... (94 %)
Writing at 0x000f5f9c... (97 %)
Writing at 0x000fbf39... (100 %)
Wrote 1042608 bytes (612808 compressed) at 0x00000000 in 19.7 seconds (effective 422.8 kbit/s)...
Hash of data verified.

Leaving...
Hard resetting via RTS pin...
Build:Feb  7 2021
rst:0x1 (POWERON),boot:0xc (SPI_FAST_FLASH_BOOT)
SPIWP:0xee
mode:DIO, clock div:1
load:0x3fcd5820,len:0x1738
load:0x403cc710,len:0xb9c
load:0x403ce710,len:0x2e4c
entry 0x403cc71a
[0;32mI (30) boot: ESP-IDF v5.3 2nd stage bootloader[0m
[0;32mI (30) boot: compile time Dec 19 2024 13:22:26[0m
[0;32mI (30) boot: chip revision: v0.3[0m
[0;32mI (33) boot.esp32c3: SPI Speed      : 80MHz[0m
[0;32mI (38) boot.esp32c3: SPI Mode       : DIO[0m
[0;32mI (43) boot.esp32c3: SPI Flash Size : 2MB[0m
[0;32mI (47) boot: Enabling RNG early entropy source...[0m
[0;32mI (53) boot: Partition Table:[0m
[0;32mI (56) boot: ## Label            Usage          Type ST Offset   Length[0m
[0;32mI (64) boot:  0 nvs              WiFi data        01 02 00009000 00006000[0m
[0;32mI (71) boot:  1 phy_init         RF data          01 01 0000f000 00001000[0m
[0;32mI (78) boot:  2 factory          factory app      00 00 00010000 00100000[0m
[0;32mI (86) boot: End of partition table[0m
[0;32mI (90) esp_image: segment 0: paddr=00010020 vaddr=3c0b0020 size=2d1cch (184780) map[0m
[0;32mI (127) esp_image: segment 1: paddr=0003d1f4 vaddr=3fc92800 size=02e24h ( 11812) load[0m
[0;32mI (130) esp_image: segment 2: paddr=00040020 vaddr=42000020 size=abf74h (704372) map[0m
[0;32mI (243) esp_image: segment 3: paddr=000ebf9c vaddr=3fc95624 size=001a4h (   420) load[0m
[0;32mI (244) esp_image: segment 4: paddr=000ec148 vaddr=40380000 size=12740h ( 75584) load[0m
[0;32mI (269) boot: Loaded app from partition at offset 0x10000[0m
[0;32mI (269) boot: Disabling RNG early entropy source...[0m
[0;32mI (281) cpu_start: Unicore app[0m
[0;32mI (289) cpu_start: Pro cpu start user code[0m
[0;32mI (289) cpu_start: cpu freq: 160000000 Hz[0m
[0;32mI (289) app_init: Application information:[0m
[0;32mI (292) app_init: Project name:     rpc[0m
[0;32mI (297) app_init: App version:      2ee1922-dirty[0m
[0;32mI (302) app_init: Compile time:     Dec 19 2024 13:22:20[0m
[0;32mI (308) app_init: ELF file SHA256:  598843e86...[0m
[0;32mI (313) app_init: ESP-IDF:          v5.3[0m
[0;32mI (318) efuse_init: Min chip rev:     v0.3[0m
[0;32mI (323) efuse_init: Max chip rev:     v1.99 [0m
[0;32mI (328) efuse_init: Chip rev:         v0.3[0m
[0;32mI (333) heap_init: Initializing. RAM available for dynamic allocation:[0m
[0;32mI (340) heap_init: At 3FC9D6F0 len 00022910 (138 KiB): RAM[0m
[0;32mI (346) heap_init: At 3FCC0000 len 0001C710 (113 KiB): Retention RAM[0m
[0;32mI (353) heap_init: At 3FCDC710 len 00002950 (10 KiB): Retention RAM[0m
[0;32mI (360) heap_init: At 50000200 len 00001DE8 (7 KiB): RTCRAM[0m
[0;32mI (367) spi_flash: detected chip: generic[0m
[0;32mI (371) spi_flash: flash io: dio[0m
[0;33mW (375) spi_flash: Detected size(4096k) larger than the size in the binary image header(2048k). Using the size in the binary image header.[0m
[0;32mI (388) sleep: Configure to isolate all GPIO pins in sleep state[0m
[0;32mI (395) sleep: Enable automatic switching of GPIO sleep configuration[0m
[0;32mI (402) main_task: Started on CPU0[0m
[0;32mI (412) main_task: Calling app_main()[0m
[0;32mI (412) rpc: Start RPC sample[0m
[5n
Type 'help' to get the list of commands.
Use UP/DOWN arrows to navigate through command history.
Press TAB when typing command name to auto-complete.

Your terminal application does not support escape sequences.

Line editing and history features are disabled.

On Windows, try using Putty instead.
esp32> [0;33mW (922) rpc: WiFi and Golioth credentials are not set. Use the shell settings commands to set them.[0m

esp32> 
esp32> 
esp32> 
esp32> settings set wifi/ssid "***JONS_ORANGE_PI_WIFI_SSID***"
Setting wifi/ssid saved
esp32> 
esp32> 
esp32> 
esp32> 
esp32> 
esp32> settings set wifi/psk "***JONS_ORANGE_PI_WIFI_PSK***"
Setting wifi/psk saved
es::add-mask::generated-ZfKAyFikyKCNdkxV
p32> 
esp32> 
esp32> 
esp32> 
esp32> 
esp32> settings set golioth/psk-id "generated-ZfKAyFikyKCNdkxV@firmware_ci"
Setting golioth/psk-id saved
esp32> 
esp32> 
esp32> 
esp32> 
esp32> 
esp32> settings set golioth/psk "generated-ZfKAyFikyKCNdkxV"
Setting golioth/psk saved
esp32> 
esp32> [0;32mI (8942) pp: pp rom version: 9387209[0m
[0;32mI (8942) net80211: net80211 rom version: 9387209[0m
[0;32mI (8962) wifi_init: rx ba win: 6[0m
[0;32mI (8962) wifi_init: accept mbox: 6[0m
[0;32mI (8962) wifi_init: tcpip mbox: 32[0m
[0;32mI (8962) wifi_init: udp mbox: 6[0m
[0;32mI (8972) wifi_init: tcp mbox: 6[0m
[0;32mI (8972) wifi_init: tcp tx win: 5760[0m
[0;32mI (8982) wifi_init: tcp rx win: 5760[0m
[0;32mI (8982) wifi_init: tcp mss: 1440[0m
[0;32mI (8982) wifi_init: WiFi IRAM OP enabled[0m
[0;32mI (8992) wifi_init: WiFi RX IRAM OP enabled[0m
[0;32mI (8992) phy_init: phy_version 1180,01f2a49,Jun  4 2024,16:34:25[0m
[0;33mW (9012) phy_init: failed to load RF calibration data (0x1102), falling back to full calibration[0m
[0;33mW (9042) phy_init: saving new calibration data because of checksum failure, mode(2)[0m
[0;32mI (10412) esp_netif_handlers: sta ip: 192.168.8.141, mask: 255.255.255.0, gw: 192.168.8.1[0m
[0;32mI (10412) example_wifi: WiFi Connected. Got IP:192.168.8.141[0m
[0;32mI (10422) example_wifi: Connected to AP SSID: ***JONS_ORANGE_PI_WIFI_SSID***[0m
[0;32mI (10422) golioth_mbox: Mbox created, bufsize: 2520, num_items: 20, item_size: 120[0m
[0;33mW (10432) rpc: Waiting for connection to Golioth...[0m
[0;32mI (10442) golioth_coap_client_libcoap: Start CoAP session with host: coaps://coap.golioth.io[0m
[0;32mI (10452) golioth_coap_client_libcoap: Session PSK-ID: generated-ZfKAyFikyKCNdkxV@firmware_ci[0m
[0;32mI (10452) libcoap: Setting PSK key
[0m
[0;32mI (10462) golioth_coap_client_libcoap: Entering CoAP I/O loop[0m
[0;32mI (11192) golioth_coap_client_libcoap: Golioth CoAP client connected[0m
[0;32mI (11192) rpc: Golioth client connected[0m
[0;32mI (11202) rpc: RPC successfully registered[0m
[0;32mI (11942) golioth_rpc: RPC observation established[0m
