esptool.py v4.7.0
Serial port /dev/serial/by-id/usb-Silicon_Labs_CP2102N_USB_to_UART_Bridge_Controller_84fc4646bd19ec11ad785df0f95a09b1-if00-port0
Connecting....
Detecting chip type... ESP32-S3
Chip is ESP32-S3 (QFN56) (revision v0.1)
Features: WiFi, BLE, Embedded PSRAM 2MB (AP_3v3)
Crystal is 40MHz
MAC: 7c:df:a1:e5:59:dc
Uploading stub...
Running stub...
Stub running...
Changing baud rate to 460800
Changed.
Configuring flash size...
Erasing flash (this may take a while)...
Chip erase completed successfully in 23.9s
Compressed 982560 bytes to 610920...
Writing at 0x00000000... (2 %)
Writing at 0x00011b40... (5 %)
Writing at 0x0001efd5... (7 %)
Writing at 0x0002b144... (10 %)
Writing at 0x000313d2... (13 %)
Writing at 0x00036b90... (15 %)
Writing at 0x00041ae1... (18 %)
Writing at 0x00047598... (21 %)
Writing at 0x0004d151... (23 %)
Writing at 0x00052d3e... (26 %)
Writing at 0x000584d8... (28 %)
Writing at 0x0005e11c... (31 %)
Writing at 0x00063531... (34 %)
Writing at 0x0006886a... (36 %)
Writing at 0x0006e10b... (39 %)
Writing at 0x0007381d... (42 %)
Writing at 0x00078920... (44 %)
Writing at 0x0007dd50... (47 %)
Writing at 0x00083109... (50 %)
Writing at 0x00088373... (52 %)
Writing at 0x0008d385... (55 %)
Writing at 0x00092c8d... (57 %)
Writing at 0x000985c0... (60 %)
Writing at 0x0009db58... (63 %)
Writing at 0x000a2aa6... (65 %)
Writing at 0x000a7d9f... (68 %)
Writing at 0x000ad19b... (71 %)
Writing at 0x000b2236... (73 %)
Writing at 0x000b7467... (76 %)
Writing at 0x000bcde4... (78 %)
Writing at 0x000c1efa... (81 %)
Writing at 0x000c7490... (84 %)
Writing at 0x000cc935... (86 %)
Writing at 0x000d4227... (89 %)
Writing at 0x000daf0a... (92 %)
Writing at 0x000e2f07... (94 %)
Writing at 0x000e87c6... (97 %)
Writing at 0x000edf51... (100 %)
Wrote 982560 bytes (610920 compressed) at 0x00000000 in 17.3 seconds (effective 455.0 kbit/s)...
Hash of data verified.

Leaving...
Hard resetting via RTS pin...
ESP-ROM:esp32s3-20210327
Build:Mar 27 2021
rst:0x1 (POWERON),boot:0x8 (SPI_FAST_FLASH_BOOT)
SPIWP:0xee
mode:DIO, clock div:1
load:0x3fce2810,len:0x178c
load:0x403c8700,len:0x4
load:0x403c8704,len:0xcb8
load:0x403cb700,len:0x2df4
entry 0x403c8914
[0;32mI (27) boot: ESP-IDF v5.3 2nd stage bootloader[0m
[0;32mI (27) boot: compile time Oct  5 2024 00:23:44[0m
[0;32mI (27) boot: Multicore bootloader[0m
[0;32mI (30) boot: chip revision: v0.1[0m
[0;32mI (34) boot.esp32s3: Boot SPI Speed : 80MHz[0m
[0;32mI (38) boot.esp32s3: SPI Mode       : DIO[0m
[0;32mI (43) boot.esp32s3: SPI Flash Size : 4MB[0m
[0;32mI (48) boot: Enabling RNG early entropy source...[0m
[0;32mI (53) boot: Partition Table:[0m
[0;32mI (57) boot: ## Label            Usage          Type ST Offset   Length[0m
[0;32mI (64) boot:  0 nvs              WiFi data        01 02 00009000 00006000[0m
[0;32mI (71) boot:  1 phy_init         RF data          01 01 0000f000 00001000[0m
[0;32mI (79) boot:  2 factory          factory app      00 00 00010000 00100000[0m
[0;32mI (86) boot: End of partition table[0m
[0;32mI (91) esp_image: segment 0: paddr=00010020 vaddr=3c0a0020 size=2b578h (177528) map[0m
[0;32mI (131) esp_image: segment 1: paddr=0003b5a0 vaddr=3fc98800 size=04a68h ( 19048) load[0m
[0;32mI (135) esp_image: segment 2: paddr=00040010 vaddr=40374000 size=10008h ( 65544) load[0m
[0;32mI (151) esp_image: segment 3: paddr=00050020 vaddr=42000020 size=9b67ch (636540) map[0m
[0;32mI (266) esp_image: segment 4: paddr=000eb6a4 vaddr=40384008 size=04758h ( 18264) load[0m
[0;32mI (278) boot: Loaded app from partition at offset 0x10000[0m
[0;32mI (279) boot: Disabling RNG early entropy source...[0m
[0;32mI (290) cpu_start: Multicore app[0m
[0;32mI (300) cpu_start: Pro cpu start user code[0m
[0;32mI (300) cpu_start: cpu freq: 160000000 Hz[0m
[0;32mI (300) app_init: Application information:[0m
[0;32mI (303) app_init: Project name:     test[0m
[0;32mI (307) app_init: App version:      f43ac25-dirty[0m
[0;32mI (313) app_init: Compile time:     Oct  5 2024 00:23:39[0m
[0;32mI (319) app_init: ELF file SHA256:  d0667b84f...[0m
[0;32mI (324) app_init: ESP-IDF:          v5.3[0m
[0;32mI (328) efuse_init: Min chip rev:     v0.0[0m
[0;32mI (333) efuse_init: Max chip rev:     v0.99 [0m
[0;32mI (338) efuse_init: Chip rev:         v0.1[0m
[0;32mI (343) heap_init: Initializing. RAM available for dynamic allocation:[0m
[0;32mI (350) heap_init: At 3FCA4980 len 00044D90 (275 KiB): RAM[0m
[0;32mI (356) heap_init: At 3FCE9710 len 00005724 (21 KiB): RAM[0m
[0;32mI (362) heap_init: At 3FCF0000 len 00008000 (32 KiB): DRAM[0m
[0;32mI (369) heap_init: At 600FE100 len 00001EE8 (7 KiB): RTCRAM[0m
[0;32mI (376) spi_flash: detected chip: generic[0m
[0;32mI (380) spi_flash: flash io: dio[0m
[0;33mW (383) spi_flash: Detected size(8192k) larger than the size in the binary image header(4096k). Using the size in the binary image header.[0m
[0;32mI (397) sleep: Configure to isolate all GPIO pins in sleep state[0m
[0;32mI (404) sleep: Enable automatic switching of GPIO sleep configuration[0m
[0;32mI (411) main_task: Started on CPU0[0m
[0;32mI (431) main_task: Calling app_main()[0m
[5n
Type 'help' to get the list of commands.
Use UP/DOWN arrows to navigate through command history.
Press TAB when typing command name to auto-complete.

Your terminal application does not support escape sequences.

Line editing and history features are disabled.

On Windows, try using Putty instead.
esp32> [0;33mW (941) hil_test: WiFi and Golioth credentials are not set. Use the shell settings commands to set them.[0m

esp32> 
esp32> 
esp32> 
esp32> settings set wifi/ssid "***TIMS_ORANGE_PI_WIFI_SSID***"
Setting wifi/ssid saved
esp32> 
esp32> 
esp32> 
esp32> 
esp32> 
esp32> settings set wifi/psk "***TIMS_ORANGE_PI_WIFI_PSK***"
Setting wifi/psk saved
esp32> 
esp32> ::add-mask::generated-FWkVRwYRyBlULGRR

esp32> 
esp32> 
esp32> 
esp32> settings set golioth/psk-id "generated-FWkVRwYRyBlULGRR@firmware_ci"
Setting golioth/psk-id saved
esp32> 
esp32> 
esp32> 
esp32> 
esp32> 
esp32> settings set golioth/psk "generated-FWkVRwYRyBlULGRR"
Setting golioth/psk saved
esp32> 
esp32> [0;32mI (7971) pp: pp rom version: e7ae62f[0m
[0;32mI (7971) net80211: net80211 rom version: e7ae62f[0m
[0;32mI (7991) wifi_init: rx ba win: 6[0m
[0;32mI (7991) wifi_init: accept mbox: 6[0m
[0;32mI (7991) wifi_init: tcpip mbox: 32[0m
[0;32mI (7991) wifi_init: udp mbox: 6[0m
[0;32mI (8001) wifi_init: tcp mbox: 6[0m
[0;32mI (8001) wifi_init: tcp tx win: 5760[0m
[0;32mI (8001) wifi_init: tcp rx win: 5760[0m
[0;32mI (8011) wifi_init: tcp mss: 1440[0m
[0;32mI (8021) wifi_init: WiFi IRAM OP enabled[0m
[0;32mI (8021) wifi_init: WiFi RX IRAM OP enabled[0m
[0;32mI (8031) phy_init: phy_version 680,a6008b2,Jun  4 2024,16:41:10[0m
[0;33mW (8031) phy_init: failed to load RF calibration data (0x1102), falling back to full calibration[0m
[0;33mW (8071) phy_init: saving new calibration data because of checksum failure, mode(2)[0m
[0;32mI (14871) esp_netif_handlers: sta ip: 192.168.8.152, mask: 255.255.255.0, gw: 192.168.8.1[0m
[0;32mI (14871) example_wifi: WiFi Connected. Got IP:192.168.8.152[0m
[0;32mI (14881) example_wifi: Connected to AP SSID: ***TIMS_ORANGE_PI_WIFI_SSID***[0m
[0;32mI (14881) golioth_mbox: Mbox created, bufsize: 2520, num_items: 20, item_size: 120[0m
[0;32mI (15561) golioth_coap_client_libcoap: Start CoAP session with host: coaps://coap.golioth.io[0m
[0;32mI (15571) golioth_coap_client_libcoap: Session PSK-ID: generated-FWkVRwYRyBlULGRR@firmware_ci[0m
[0;32mI (15591) libcoap: Setting PSK key
[0m
[0;32mI (15591) golioth_coap_client_libcoap: Entering CoAP I/O loop[0m
[0;32mI (17891) golioth_coap_client_libcoap: Golioth CoAP client connected[0m
[0;32mI (17901) test_connect: Golioth client connected[0m
[0;32mI (18901) test_connect: Stopping client[0m
[0;32mI (18901) golioth_coap_client_libcoap: Attempting to stop client[0m
[0;33mW (20511) golioth_coap_client_libcoap: CoAP message retransmitted[0m
[0;32mI (21631) golioth_coap_client_libcoap: Stopping[0m
[0;32mI (21631) golioth_coap_client_libcoap: Ending session[0m
[0;32mI (21631) test_connect: Golioth client disconnected[0m
[0;32mI (32701) test_connect: Starting client[0m
[0;32mI (32701) golioth_coap_client_libcoap: Start CoAP session with host: coaps://coap.golioth.io[0m
[0;32mI (32701) golioth_coap_client_libcoap: Session PSK-ID: generated-FWkVRwYRyBlULGRR@firmware_ci[0m
[0;32mI (32711) libcoap: Setting PSK key
[0m
[0;32mI (32721) golioth_coap_client_libcoap: Entering CoAP I/O loop[0m
[0;32mI (36451) golioth_coap_client_libcoap: Golioth CoAP client connected[0m
[0;32mI (36451) test_connect: Golioth client connected[0m
[0;32mI (37461) test_connect: Destroying client[0m
[0;32mI (37461) golioth_coap_client_libcoap: Attempting to stop client[0m
[0;32mI (37771) golioth_coap_client_libcoap: Stopping[0m
[0;32mI (37771) golioth_coap_client_libcoap: Ending session[0m
[0;32mI (37771) test_connect: Golioth client disconnected[0m
[0;32mI (48861) test_connect: Starting client[0m
[0;32mI (48861) golioth_mbox: Mbox created, bufsize: 2520, num_items: 20, item_size: 120[0m
[0;32mI (48861) golioth_coap_client_libcoap: Start CoAP session with host: coaps://coap.golioth.io[0m
[0;32mI (48871) golioth_coap_client_libcoap: Session PSK-ID: generated-FWkVRwYRyBlULGRR@firmware_ci[0m
[0;32mI (48891) libcoap: Setting PSK key
[0m
[0;32mI (48891) golioth_coap_client_libcoap: Entering CoAP I/O loop[0m
[0;32mI (52321) golioth_coap_client_libcoap: Golioth CoAP client connected[0m
