esptool.py v4.7.0
Serial port /dev/serial/by-id/usb-Silicon_Labs_CP2102N_USB_to_UART_Bridge_Controller_84fc4646bd19ec11ad785df0f95a09b1-if00-port0
Connecting....
Detecting chip type... ESP32-S3
Chip is ESP32-S3 (QFN56) (revision v0.1)
Features: WiFi, BLE, Embedded PSRAM 2MB (AP_3v3)
Crystal is 40MHz
MAC: 7c:df:a1:e5:59:dc
Uploading stub...
Running stub...
Stub running...
Changing baud rate to 460800
Changed.
Configuring flash size...
Erasing flash (this may take a while)...
Chip erase completed successfully in 23.3s
Compressed 993408 bytes to 616024...
Writing at 0x00000000... (2 %)
Writing at 0x00011bf3... (5 %)
Writing at 0x0001f353... (7 %)
Writing at 0x0002b921... (10 %)
Writing at 0x00031fe1... (13 %)
Writing at 0x000375e4... (15 %)
Writing at 0x0004207e... (18 %)
Writing at 0x000479f0... (21 %)
Writing at 0x0004d60e... (23 %)
Writing at 0x00052d68... (26 %)
Writing at 0x00057e93... (28 %)
Writing at 0x0005d217... (31 %)
Writing at 0x00063084... (34 %)
Writing at 0x00068186... (36 %)
Writing at 0x0006d45f... (39 %)
Writing at 0x00072833... (42 %)
Writing at 0x00077966... (44 %)
Writing at 0x0007cbf3... (47 %)
Writing at 0x00082251... (50 %)
Writing at 0x00087d89... (52 %)
Writing at 0x0008d293... (55 %)
Writing at 0x000923eb... (57 %)
Writing at 0x0009732b... (60 %)
Writing at 0x0009c90b... (63 %)
Writing at 0x000a1a7e... (65 %)
Writing at 0x000a6cbb... (68 %)
Writing at 0x000ac410... (71 %)
Writing at 0x000b1862... (73 %)
Writing at 0x000b696e... (76 %)
Writing at 0x000bbfcf... (78 %)
Writing at 0x000c2146... (81 %)
Writing at 0x000c8f64... (84 %)
Writing at 0x000d1aa7... (86 %)
Writing at 0x000d8151... (89 %)
Writing at 0x000ddd0a... (92 %)
Writing at 0x000e3e39... (94 %)
Writing at 0x000e982f... (97 %)
Writing at 0x000ef0bf... (100 %)
Wrote 993408 bytes (616024 compressed) at 0x00000000 in 17.6 seconds (effective 452.5 kbit/s)...
Hash of data verified.

Leaving...
Hard resetting via RTS pin...
ESP-ROM:esp32s3-20210327
Build:Mar 27 2021
rst:0x1 (POWERON),boot:0x8 (SPI_FAST_FLASH_BOOT)
SPIWP:0xee
mode:DIO, clock div:1
load:0x3fce2810,len:0x178c
load:0x403c8700,len:0x4
load:0x403c8704,len:0xcb8
load:0x403cb700,len:0x2db0
entry 0x403c8914
[0;32mI (27) boot: ESP-IDF v5.3 2nd stage bootloader[0m
[0;32mI (27) boot: compile time Oct  7 2024 21:16:04[0m
[0;32mI (27) boot: Multicore bootloader[0m
[0;32mI (30) boot: chip revision: v0.1[0m
[0;32mI (34) boot.esp32s3: Boot SPI Speed : 80MHz[0m
[0;32mI (38) boot.esp32s3: SPI Mode       : DIO[0m
[0;32mI (43) boot.esp32s3: SPI Flash Size : 2MB[0m
[0;32mI (48) boot: Enabling RNG early entropy source...[0m
[0;32mI (53) boot: Partition Table:[0m
[0;32mI (57) boot: ## Label            Usage          Type ST Offset   Length[0m
[0;32mI (64) boot:  0 nvs              WiFi data        01 02 00009000 00006000[0m
[0;32mI (71) boot:  1 phy_init         RF data          01 01 0000f000 00001000[0m
[0;32mI (79) boot:  2 factory          factory app      00 00 00010000 00100000[0m
[0;32mI (86) boot: End of partition table[0m
[0;32mI (91) esp_image: segment 0: paddr=00010020 vaddr=3c0a0020 size=2c690h (181904) map[0m
[0;32mI (132) esp_image: segment 1: paddr=0003c6b8 vaddr=3fc98800 size=03960h ( 14688) load[0m
[0;32mI (135) esp_image: segment 2: paddr=00040020 vaddr=42000020 size=9cfach (642988) map[0m
[0;32mI (253) esp_image: segment 3: paddr=000dcfd4 vaddr=3fc9c160 size=01118h (  4376) load[0m
[0;32mI (254) esp_image: segment 4: paddr=000de0f4 vaddr=40374000 size=14760h ( 83808) load[0m
[0;32mI (285) boot: Loaded app from partition at offset 0x10000[0m
[0;32mI (285) boot: Disabling RNG early entropy source...[0m
[0;32mI (297) cpu_start: Multicore app[0m
[0;32mI (307) cpu_start: Pro cpu start user code[0m
[0;32mI (307) cpu_start: cpu freq: 160000000 Hz[0m
[0;32mI (307) app_init: Application information:[0m
[0;32mI (310) app_init: Project name:     get[0m
[0;32mI (314) app_init: App version:      fb5749d-dirty[0m
[0;32mI (319) app_init: Compile time:     Oct  7 2024 21:15:58[0m
[0;32mI (325) app_init: ELF file SHA256:  0b223c055...[0m
[0;32mI (331) app_init: ESP-IDF:          v5.3[0m
[0;32mI (335) efuse_init: Min chip rev:     v0.0[0m
[0;32mI (340) efuse_init: Max chip rev:     v0.99 [0m
[0;32mI (345) efuse_init: Chip rev:         v0.1[0m
[0;32mI (350) heap_init: Initializing. RAM available for dynamic allocation:[0m
[0;32mI (357) heap_init: At 3FCA4A30 len 00044CE0 (275 KiB): RAM[0m
[0;32mI (363) heap_init: At 3FCE9710 len 00005724 (21 KiB): RAM[0m
[0;32mI (369) heap_init: At 3FCF0000 len 00008000 (32 KiB): DRAM[0m
[0;32mI (375) heap_init: At 600FE100 len 00001EE8 (7 KiB): RTCRAM[0m
[0;32mI (383) spi_flash: detected chip: generic[0m
[0;32mI (386) spi_flash: flash io: dio[0m
[0;33mW (390) spi_flash: Detected size(8192k) larger than the size in the binary image header(2048k). Using the size in the binary image header.[0m
[0;32mI (404) sleep: Configure to isolate all GPIO pins in sleep state[0m
[0;32mI (410) sleep: Enable automatic switching of GPIO sleep configuration[0m
[0;32mI (418) main_task: Started on CPU0[0m
[0;32mI (438) main_task: Calling app_main()[0m
[0;32mI (438) lightdb: Start LightDB get sample[0m
[5n
Type 'help' to get the list of commands.
Use UP/DOWN arrows to navigate through command history.
Press TAB when typing command name to auto-complete.

Your terminal application does not support escape sequences.

Line editing and history features are disabled.

On Windows, try using Putty instead.
esp32> [0;33mW (948) lightdb: WiFi and Golioth credentials are not set. Use the shell settings commands to set them.[0m

esp32> 
esp32> 
esp32> 
esp32> settings set wifi/ssid "***TIMS_ORANGE_PI_WIFI_SSID***"
Setting wifi/ssid saved
esp32> 
esp32> 
esp32> 
esp32> 
esp32> 
esp32> settings set wifi/psk "***TIMS_ORANGE_PI_WIFI_PSK***"
Setting wifi/psk saved
esp32> 
esp32> ::add-mask::generated-zkvUhWFaGGzzasMW

esp32> 
esp32> 
esp32> 
esp32> settings set golioth/psk-id "generated-zkvUhWFaGGzzasMW@firmware_ci"
Setting golioth/psk-id saved
esp32> 
esp32> 
esp32> 
esp32> 
esp32> 
esp32> settings set golioth/psk "generated-zkvUhWFaGGzzasMW"
Setting golioth/psk saved
esp32> 
esp32> [0;32mI (10978) pp: pp rom version: e7ae62f[0m
[0;32mI (10978) net80211: net80211 rom version: e7ae62f[0m
[0;32mI (10998) wifi_init: rx ba win: 6[0m
[0;32mI (10998) wifi_init: accept mbox: 6[0m
[0;32mI (10998) wifi_init: tcpip mbox: 32[0m
[0;32mI (10998) wifi_init: udp mbox: 6[0m
[0;32mI (11008) wifi_init: tcp mbox: 6[0m
[0;32mI (11008) wifi_init: tcp tx win: 5760[0m
[0;32mI (11008) wifi_init: tcp rx win: 5760[0m
[0;32mI (11018) wifi_init: tcp mss: 1440[0m
[0;32mI (11028) wifi_init: WiFi IRAM OP enabled[0m
[0;32mI (11028) wifi_init: WiFi RX IRAM OP enabled[0m
[0;32mI (11038) phy_init: phy_version 680,a6008b2,Jun  4 2024,16:41:10[0m
[0;33mW (11038) phy_init: failed to load RF calibration data (0x1102), falling back to full calibration[0m
[0;33mW (11078) phy_init: saving new calibration data because of checksum failure, mode(2)[0m
[0;32mI (13808) esp_netif_handlers: sta ip: 192.168.8.152, mask: 255.255.255.0, gw: 192.168.8.1[0m
[0;32mI (13808) example_wifi: WiFi Connected. Got IP:192.168.8.152[0m
[0;32mI (13818) example_wifi: Connected to AP SSID: ***TIMS_ORANGE_PI_WIFI_SSID***[0m
[0;32mI (13818) golioth_mbox: Mbox created, bufsize: 2520, num_items: 20, item_size: 120[0m
[0;33mW (13828) lightdb: Waiting for connection to Golioth...[0m
[0;32mI (14208) golioth_coap_client_libcoap: Start CoAP session with host: coaps://coap.golioth.io[0m
[0;32mI (14208) golioth_coap_client_libcoap: Session PSK-ID: generated-zkvUhWFaGGzzasMW@firmware_ci[0m
[0;32mI (14228) libcoap: Setting PSK key
[0m
[0;32mI (14238) golioth_coap_client_libcoap: Entering CoAP I/O loop[0m
[0;32mI (14968) golioth_coap_client_libcoap: Golioth CoAP client connected[0m
[0;32mI (14968) lightdb: Golioth client connected[0m
[0;32mI (14978) lightdb: Before request (async)[0m
[0;32mI (14978) lightdb: After request (async)[0m
[0;32mI (19988) lightdb: Before request (sync)[0m
[0;33mW (20648) golioth_coap_client_libcoap: CoAP message retransmitted[0m
[0;33mW (20948) lightdb: Failed to get counter (async): 0[0m
[0;33mW (21318) lightdb: failed to get data from LightDB: 5[0m
[0;32mI (21318) lightdb: After request (sync)[0m
[0;32mI (26318) lightdb: Before JSON request (sync)[0m
[0;32mI (27258) lightdb: 0x3fca8710   7b 22 63 6f 75 6e 74 65  72 22 3a 31 33 7d        |{"counter":13}|[0m
[0;32mI (27258) lightdb: After JSON request (sync)[0m
