esptool.py v4.8.1
Serial port /dev/serial/by-id/usb-Silicon_Labs_CP2102N_USB_to_UART_Bridge_Controller_ee6375f01ce7ec11973dbed05adebb74-if00-port0
Connecting....
Detecting chip type... ESP32-C3
Chip is ESP32-C3 (QFN32) (revision v0.4)
Features: WiFi, BLE, Embedded Flash 4MB (XMC)
Crystal is 40MHz
MAC: ec:da:3b:0d:18:84
Uploading stub...
Running stub...
Stub running...
Changing baud rate to 460800
Changed.
Configuring flash size...
Erasing flash (this may take a while)...
Chip erase completed successfully in 18.1s
Compressed 1027264 bytes to 603777...
Writing at 0x00000000... (2 %)
Writing at 0x0001205a... (5 %)
Writing at 0x0001f127... (8 %)
Writing at 0x0002b451... (10 %)
Writing at 0x00031800... (13 %)
Writing at 0x00036e0a... (16 %)
Writing at 0x00040859... (18 %)
Writing at 0x000466f0... (21 %)
Writing at 0x0004cf26... (24 %)
Writing at 0x00052fd0... (27 %)
Writing at 0x00058aec... (29 %)
Writing at 0x0005e97b... (32 %)
Writing at 0x0006545c... (35 %)
Writing at 0x0006b056... (37 %)
Writing at 0x000710c1... (40 %)
Writing at 0x0007719a... (43 %)
Writing at 0x0007d0c6... (45 %)
Writing at 0x00082c37... (48 %)
Writing at 0x00088225... (51 %)
Writing at 0x0008e2c9... (54 %)
Writing at 0x00094439... (56 %)
Writing at 0x0009a15b... (59 %)
Writing at 0x0009f9ff... (62 %)
Writing at 0x000a5b20... (64 %)
Writing at 0x000ac116... (67 %)
Writing at 0x000b2132... (70 %)
Writing at 0x000b817f... (72 %)
Writing at 0x000be3b6... (75 %)
Writing at 0x000c3a5d... (78 %)
Writing at 0x000c95dd... (81 %)
Writing at 0x000cf5c3... (83 %)
Writing at 0x000d5d44... (86 %)
Writing at 0x000dbb3c... (89 %)
Writing at 0x000e393a... (91 %)
Writing at 0x000e9759... (94 %)
Writing at 0x000ef6e4... (97 %)
Writing at 0x000f5bf8... (100 %)
Wrote 1027264 bytes (603777 compressed) at 0x00000000 in 19.0 seconds (effective 433.3 kbit/s)...
Hash of data verified.

Leaving...
Hard resetting via RTS pin...
ESP-ROM:esp32c3-api1-20210207
Build:Feb  7 2021
rst:0x1 (POWERON),boot:0xc (SPI_FAST_FLASH_BOOT)
SPIWP:0xee
mode:DIO, clock div:1
load:0x3fcd5820,len:0x1738
load:0x403cc710,len:0xb9c
load:0x403ce710,len:0x2ec8
entry 0x403cc71a
[0;32mI (30) boot: ESP-IDF v5.3 2nd stage bootloader[0m
[0;32mI (30) boot: compile time Nov 16 2024 00:25:23[0m
[0;32mI (30) boot: chip revision: v0.4[0m
[0;32mI (33) boot.esp32c3: SPI Speed      : 80MHz[0m
[0;32mI (38) boot.esp32c3: SPI Mode       : DIO[0m
[0;32mI (43) boot.esp32c3: SPI Flash Size : 4MB[0m
[0;32mI (47) boot: Enabling RNG early entropy source...[0m
[0;32mI (53) boot: Partition Table:[0m
[0;32mI (56) boot: ## Label            Usage          Type ST Offset   Length[0m
[0;32mI (64) boot:  0 nvs              WiFi data        01 02 00009000 00006000[0m
[0;32mI (71) boot:  1 phy_init         RF data          01 01 0000f000 00001000[0m
[0;32mI (78) boot:  2 factory          factory app      00 00 00010000 00100000[0m
[0;32mI (86) boot: End of partition table[0m
[0;32mI (90) esp_image: segment 0: paddr=00010020 vaddr=3c0b0020 size=2bec4h (179908) map[0m
[0;32mI (127) esp_image: segment 1: paddr=0003beec vaddr=3fc92800 size=02fb8h ( 12216) load[0m
[0;32mI (129) esp_image: segment 2: paddr=0003eeac vaddr=40380000 size=0116ch (  4460) load[0m
[0;32mI (133) esp_image: segment 3: paddr=00040020 vaddr=42000020 size=a9694h (693908) map[0m
[0;32mI (249) esp_image: segment 4: paddr=000e96bc vaddr=4038116c size=115d4h ( 71124) load[0m
[0;32mI (269) boot: Loaded app from partition at offset 0x10000[0m
[0;32mI (269) boot: Disabling RNG early entropy source...[0m
[0;32mI (281) cpu_start: Unicore app[0m
[0;32mI (289) cpu_start: Pro cpu start user code[0m
[0;32mI (289) cpu_start: cpu freq: 160000000 Hz[0m
[0;32mI (289) app_init: Application information:[0m
[0;32mI (292) app_init: Project name:     test[0m
[0;32mI (297) app_init: App version:      5ece8c9-dirty[0m
[0;32mI (302) app_init: Compile time:     Nov 16 2024 00:25:27[0m
[0;32mI (308) app_init: ELF file SHA256:  cdab4c4bb...[0m
[0;32mI (313) app_init: ESP-IDF:          v5.3[0m
[0;32mI (318) efuse_init: Min chip rev:     v0.3[0m
[0;32mI (323) efuse_init: Max chip rev:     v1.99 [0m
[0;32mI (328) efuse_init: Chip rev:         v0.4[0m
[0;32mI (332) heap_init: Initializing. RAM available for dynamic allocation:[0m
[0;32mI (340) heap_init: At 3FC9D530 len 00022AD0 (138 KiB): RAM[0m
[0;32mI (346) heap_init: At 3FCC0000 len 0001C710 (113 KiB): Retention RAM[0m
[0;32mI (353) heap_init: At 3FCDC710 len 00002950 (10 KiB): Retention RAM[0m
[0;32mI (360) heap_init: At 50000200 len 00001DE8 (7 KiB): RTCRAM[0m
[0;32mI (367) spi_flash: detected chip: generic[0m
[0;32mI (371) spi_flash: flash io: dio[0m
[0;32mI (375) sleep: Configure to isolate all GPIO pins in sleep state[0m
[0;32mI (381) sleep: Enable automatic switching of GPIO sleep configuration[0m
[0;32mI (389) main_task: Started on CPU0[0m
[0;32mI (409) main_task: Calling app_main()[0m
[5n
Type 'help' to get the list of commands.
Use UP/DOWN arrows to navigate through command history.
Press TAB when typing command name to auto-complete.

Your terminal application does not support escape sequences.

Line editing and history features are disabled.

On Windows, try using Putty instead.
esp32> [0;33mW (919) hil_test: WiFi and Golioth credentials are not set. Use the shell settings commands to set them.[0m

esp32> 
esp32> 
esp32> 
esp32> settings set wifi/ssid "***MIKES_ORANGE_PI_WIFI_SSID***"
Setting wifi/ssid saved
esp32> 
esp32> 
esp32> 
esp32> 
esp32> 
esp32> settings set wifi/psk "***MIKES_ORANGE_PI_WIFI_PSK***"
Setting wifi/psk saved
esp32> 
esp32> ::add-mask::generated-fkGSwNWPcHzZpDsM

esp32> 
esp32> 
esp32> 
esp32> settings set golioth/psk-id "generated-fkGSwNWPcHzZpDsM@firmware_ci"
Setting golioth/psk-id saved
esp32> 
esp32> 
esp32> 
esp32> 
esp32> 
esp32> settings set golioth/psk "generated-fkGSwNWPcHzZpDsM"
Setting golioth/psk saved
esp32> 
esp32> [0;32mI (8939) pp: pp rom version: 9387209[0m
[0;32mI (8939) net80211: net80211 rom version: 9387209[0m
[0;32mI (8959) wifi_init: rx ba win: 6[0m
[0;32mI (8959) wifi_init: accept mbox: 6[0m
[0;32mI (8959) wifi_init: tcpip mbox: 32[0m
[0;32mI (8959) wifi_init: udp mbox: 6[0m
[0;32mI (8969) wifi_init: tcp mbox: 6[0m
[0;32mI (8969) wifi_init: tcp tx win: 5760[0m
[0;32mI (8979) wifi_init: tcp rx win: 5760[0m
[0;32mI (8979) wifi_init: tcp mss: 1440[0m
[0;32mI (8979) wifi_init: WiFi IRAM OP enabled[0m
[0;32mI (8989) wifi_init: WiFi RX IRAM OP enabled[0m
[0;32mI (8989) phy_init: phy_version 1180,01f2a49,Jun  4 2024,16:34:25[0m
[0;33mW (9009) phy_init: failed to load RF calibration data (0x1102), falling back to full calibration[0m
[0;33mW (9039) phy_init: saving new calibration data because of checksum failure, mode(2)[0m
[0;32mI (10379) esp_netif_handlers: sta ip: 192.168.8.238, mask: 255.255.255.0, gw: 192.168.8.1[0m
[0;32mI (10379) example_wifi: WiFi Connected. Got IP:192.168.8.238[0m
[0;32mI (10389) example_wifi: Connected to AP SSID: ***MIKES_ORANGE_PI_WIFI_SSID***[0m
[0;32mI (10389) golioth_mbox: Mbox created, bufsize: 2520, num_items: 20, item_size: 120[0m
[0;32mI (10409) golioth_coap_client_libcoap: Start CoAP session with host: coaps://coap.golioth.io[0m
[0;32mI (10409) golioth_coap_client_libcoap: Session PSK-ID: generated-fkGSwNWPcHzZpDsM@firmware_ci[0m
[0;32mI (10419) libcoap: Setting PSK key
[0m
[0;32mI (10429) golioth_coap_client_libcoap: Entering CoAP I/O loop[0m
[0;32mI (10779) golioth_coap_client_libcoap: Golioth CoAP client connected[0m
[0;32mI (10789) test_connect: Golioth client connected[0m
[0;32mI (11789) test_connect: Stopping client[0m
[0;32mI (11789) golioth_coap_client_libcoap: Attempting to stop client[0m
[0;32mI (11829) golioth_coap_client_libcoap: Stopping[0m
[0;32mI (11829) golioth_coap_client_libcoap: Ending session[0m
[0;32mI (11829) test_connect: Golioth client disconnected[0m
[0;32mI (22889) test_connect: Starting client[0m
[0;32mI (22889) golioth_coap_client_libcoap: Start CoAP session with host: coaps://coap.golioth.io[0m
[0;32mI (22899) golioth_coap_client_libcoap: Session PSK-ID: generated-fkGSwNWPcHzZpDsM@firmware_ci[0m
[0;32mI (22899) libcoap: Setting PSK key
[0m
[0;32mI (22909) golioth_coap_client_libcoap: Entering CoAP I/O loop[0m
[0;32mI (23279) golioth_coap_client_libcoap: Golioth CoAP client connected[0m
[0;32mI (23279) test_connect: Golioth client connected[0m
[0;32mI (24289) test_connect: Destroying client[0m
[0;32mI (24289) golioth_coap_client_libcoap: Attempting to stop client[0m
[0;32mI (24329) golioth_coap_client_libcoap: Stopping[0m
[0;32mI (24339) golioth_coap_client_libcoap: Ending session[0m
[0;32mI (24339) test_connect: Golioth client disconnected[0m
[0;32mI (35389) test_connect: Starting client[0m
[0;32mI (35389) golioth_mbox: Mbox created, bufsize: 2520, num_items: 20, item_size: 120[0m
[0;32mI (35399) golioth_coap_client_libcoap: Start CoAP session with host: coaps://coap.golioth.io[0m
[0;32mI (35399) golioth_coap_client_libcoap: Session PSK-ID: generated-fkGSwNWPcHzZpDsM@firmware_ci[0m
[0;32mI (35409) libcoap: Setting PSK key
[0m
[0;32mI (35409) golioth_coap_client_libcoap: Entering CoAP I/O loop[0m
[0;32mI (35769) golioth_coap_client_libcoap: Golioth CoAP client connected[0m
