esptool.py v4.7.0
Serial port /dev/serial/by-id/usb-Silicon_Labs_CP2102N_USB_to_UART_Bridge_Controller_ca317d585c76eb11ba0a87abb7be2ba5-if00-port0
Connecting....
Detecting chip type... ESP32-C3
Chip is ESP32-C3 (QFN32) (revision v0.3)
Features: WiFi, BLE, Embedded Flash 4MB (XMC)
Crystal is 40MHz
MAC: 84:f7:03:09:96:10
Uploading stub...
Running stub...
Stub running...
Changing baud rate to 460800
Changed.
Configuring flash size...
Erasing flash (this may take a while)...
Chip erase completed successfully in 19.4s
Compressed 1027104 bytes to 603693...
Writing at 0x00000000... (2 %)
Writing at 0x00012046... (5 %)
Writing at 0x0001f163... (8 %)
Writing at 0x0002b43b... (10 %)
Writing at 0x000317d9... (13 %)
Writing at 0x00036dd8... (16 %)
Writing at 0x00040824... (18 %)
Writing at 0x000466d4... (21 %)
Writing at 0x0004cf06... (24 %)
Writing at 0x00052fa2... (27 %)
Writing at 0x00058ac5... (29 %)
Writing at 0x0005e95e... (32 %)
Writing at 0x0006542d... (35 %)
Writing at 0x0006b02b... (37 %)
Writing at 0x00071090... (40 %)
Writing at 0x0007718d... (43 %)
Writing at 0x0007d0ad... (45 %)
Writing at 0x00082c15... (48 %)
Writing at 0x00088208... (51 %)
Writing at 0x0008e2a2... (54 %)
Writing at 0x00094410... (56 %)
Writing at 0x0009a11e... (59 %)
Writing at 0x0009f9b4... (62 %)
Writing at 0x000a5ada... (64 %)
Writing at 0x000ac0de... (67 %)
Writing at 0x000b20f6... (70 %)
Writing at 0x000b813b... (72 %)
Writing at 0x000be37b... (75 %)
Writing at 0x000c3a14... (78 %)
Writing at 0x000c95a0... (81 %)
Writing at 0x000cf590... (83 %)
Writing at 0x000d5d08... (86 %)
Writing at 0x000dbb1e... (89 %)
Writing at 0x000e3914... (91 %)
Writing at 0x000e9744... (94 %)
Writing at 0x000ef6c7... (97 %)
Writing at 0x000f5bc5... (100 %)
Wrote 1027104 bytes (603693 compressed) at 0x00000000 in 19.2 seconds (effective 428.5 kbit/s)...
Hash of data verified.

Leaving...
Hard resetting via RTS pin...
Build:Feb  7 2021
rst:0x1 (POWERON),boot:0xc (SPI_FAST_FLASH_BOOT)
SPIWP:0xee
mode:DIO, clock div:1
load:0x3fcd5820,len:0x1738
load:0x403cc710,len:0xb9c
load:0x403ce710,len:0x2ec8
entry 0x403cc71a
[0;32mI (30) boot: ESP-IDF v5.3 2nd stage bootloader[0m
[0;32mI (30) boot: compile time Oct  4 2024 13:19:34[0m
[0;32mI (30) boot: chip revision: v0.3[0m
[0;32mI (33) boot.esp32c3: SPI Speed      : 80MHz[0m
[0;32mI (38) boot.esp32c3: SPI Mode       : DIO[0m
[0;32mI (43) boot.esp32c3: SPI Flash Size : 4MB[0m
[0;32mI (47) boot: Enabling RNG early entropy source...[0m
[0;32mI (53) boot: Partition Table:[0m
[0;32mI (56) boot: ## Label            Usage          Type ST Offset   Length[0m
[0;32mI (64) boot:  0 nvs              WiFi data        01 02 00009000 00006000[0m
[0;32mI (71) boot:  1 phy_init         RF data          01 01 0000f000 00001000[0m
[0;32mI (78) boot:  2 factory          factory app      00 00 00010000 00100000[0m
[0;32mI (86) boot: End of partition table[0m
[0;32mI (90) esp_image: segment 0: paddr=00010020 vaddr=3c0b0020 size=2be8ch (179852) map[0m
[0;32mI (127) esp_image: segment 1: paddr=0003beb4 vaddr=3fc92800 size=02fb8h ( 12216) load[0m
[0;32mI (129) esp_image: segment 2: paddr=0003ee74 vaddr=40380000 size=011a4h (  4516) load[0m
[0;32mI (133) esp_image: segment 3: paddr=00040020 vaddr=42000020 size=a9634h (693812) map[0m
[0;32mI (249) esp_image: segment 4: paddr=000e965c vaddr=403811a4 size=1159ch ( 71068) load[0m
[0;32mI (269) boot: Loaded app from partition at offset 0x10000[0m
[0;32mI (269) boot: Disabling RNG early entropy source...[0m
[0;32mI (281) cpu_start: Unicore app[0m
[0;32mI (289) cpu_start: Pro cpu start user code[0m
[0;32mI (289) cpu_start: cpu freq: 160000000 Hz[0m
[0;32mI (289) app_init: Application information:[0m
[0;32mI (292) app_init: Project name:     test[0m
[0;32mI (297) app_init: App version:      b17cf28-dirty[0m
[0;32mI (302) app_init: Compile time:     Oct  4 2024 13:19:39[0m
[0;32mI (308) app_init: ELF file SHA256:  bbe047324...[0m
[0;32mI (313) app_init: ESP-IDF:          v5.3[0m
[0;32mI (318) efuse_init: Min chip rev:     v0.3[0m
[0;32mI (323) efuse_init: Max chip rev:     v1.99 [0m
[0;32mI (328) efuse_init: Chip rev:         v0.3[0m
[0;32mI (333) heap_init: Initializing. RAM available for dynamic allocation:[0m
[0;32mI (340) heap_init: At 3FC9D530 len 00022AD0 (138 KiB): RAM[0m
[0;32mI (346) heap_init: At 3FCC0000 len 0001C710 (113 KiB): Retention RAM[0m
[0;32mI (353) heap_init: At 3FCDC710 len 00002950 (10 KiB): Retention RAM[0m
[0;32mI (360) heap_init: At 50000200 len 00001DE8 (7 KiB): RTCRAM[0m
[0;32mI (367) spi_flash: detected chip: generic[0m
[0;32mI (371) spi_flash: flash io: dio[0m
[0;32mI (375) sleep: Configure to isolate all GPIO pins in sleep state[0m
[0;32mI (382) sleep: Enable automatic switching of GPIO sleep configuration[0m
[0;32mI (389) main_task: Started on CPU0[0m
[0;32mI (409) main_task: Calling app_main()[0m
[5n
Type 'help' to get the list of commands.
Use UP/DOWN arrows to navigate through command history.
Press TAB when typing command name to auto-complete.

Your terminal application does not support escape sequences.

Line editing and history features are disabled.

On Windows, try using Putty instead.
esp32> [0;33mW (919) hil_test: WiFi and Golioth credentials are not set. Use the shell settings commands to set them.[0m

esp32> 
esp32> 
esp32> 
esp32> settings set wifi/ssid "***JONS_ORANGE_PI_WIFI_SSID***"
Setting wifi/ssid saved
esp32> 
esp32> 
esp32> 
esp32> 
esp32> 
esp32> settings set wifi/psk "***JONS_ORANGE_PI_WIFI_PSK***"
Setting wifi/psk saved
es::add-mask::generated-gjyzrvwGOihfCjNP
p32> 
esp32> 
esp32> 
esp32> 
esp32> 
esp32> settings set golioth/psk-id "generated-gjyzrvwGOihfCjNP@firmware_ci"
Setting golioth/psk-id saved
esp32> 
esp32> 
esp32> 
esp32> 
esp32> 
esp32> settings set golioth/psk "generated-gjyzrvwGOihfCjNP"
Setting golioth/psk saved
esp32> 
esp32> [0;32mI (8939) pp: pp rom version: 9387209[0m
[0;32mI (8939) net80211: net80211 rom version: 9387209[0m
[0;32mI (8959) wifi_init: rx ba win: 6[0m
[0;32mI (8959) wifi_init: accept mbox: 6[0m
[0;32mI (8959) wifi_init: tcpip mbox: 32[0m
[0;32mI (8959) wifi_init: udp mbox: 6[0m
[0;32mI (8969) wifi_init: tcp mbox: 6[0m
[0;32mI (8969) wifi_init: tcp tx win: 5760[0m
[0;32mI (8979) wifi_init: tcp rx win: 5760[0m
[0;32mI (8979) wifi_init: tcp mss: 1440[0m
[0;32mI (8979) wifi_init: WiFi IRAM OP enabled[0m
[0;32mI (8989) wifi_init: WiFi RX IRAM OP enabled[0m
[0;32mI (8989) phy_init: phy_version 1180,01f2a49,Jun  4 2024,16:34:25[0m
[0;33mW (9009) phy_init: failed to load RF calibration data (0x1102), falling back to full calibration[0m
[0;33mW (9039) phy_init: saving new calibration data because of checksum failure, mode(2)[0m
[0;32mI (10379) esp_netif_handlers: sta ip: 192.168.8.141, mask: 255.255.255.0, gw: 192.168.8.1[0m
[0;32mI (10379) example_wifi: WiFi Connected. Got IP:192.168.8.141[0m
[0;32mI (10389) example_wifi: Connected to AP SSID: ***JONS_ORANGE_PI_WIFI_SSID***[0m
[0;32mI (10389) golioth_mbox: Mbox created, bufsize: 2520, num_items: 20, item_size: 120[0m
[0;32mI (10409) golioth_coap_client_libcoap: Start CoAP session with host: coaps://coap.golioth.io[0m
[0;32mI (10409) golioth_coap_client_libcoap: Session PSK-ID: generated-gjyzrvwGOihfCjNP@firmware_ci[0m
[0;32mI (10429) libcoap: Setting PSK key
[0m
[0;32mI (10429) golioth_coap_client_libcoap: Entering CoAP I/O loop[0m
[0;32mI (10899) golioth_coap_client_libcoap: Golioth CoAP client connected[0m
[0;32mI (10899) test_connect: Golioth client connected[0m
[0;32mI (11909) test_connect: Stopping client[0m
[0;32mI (11909) golioth_coap_client_libcoap: Attempting to stop client[0m
[0;32mI (11959) golioth_coap_client_libcoap: Stopping[0m
[0;32mI (11969) golioth_coap_client_libcoap: Ending session[0m
[0;32mI (11969) test_connect: Golioth client disconnected[0m
[0;32mI (23009) test_connect: Starting client[0m
[0;32mI (23009) golioth_coap_client_libcoap: Start CoAP session with host: coaps://coap.golioth.io[0m
[0;32mI (23019) golioth_coap_client_libcoap: Session PSK-ID: generated-gjyzrvwGOihfCjNP@firmware_ci[0m
[0;32mI (23019) libcoap: Setting PSK key
[0m
[0;32mI (23029) golioth_coap_client_libcoap: Entering CoAP I/O loop[0m
[0;32mI (23739) golioth_coap_client_libcoap: Golioth CoAP client connected[0m
[0;32mI (23749) test_connect: Golioth client connected[0m
[0;32mI (24749) test_connect: Destroying client[0m
[0;32mI (24749) golioth_coap_client_libcoap: Attempting to stop client[0m
[0;32mI (24969) golioth_coap_client_libcoap: Stopping[0m
[0;32mI (24979) golioth_coap_client_libcoap: Ending session[0m
[0;32mI (24979) test_connect: Golioth client disconnected[0m
[0;32mI (36049) test_connect: Starting client[0m
[0;32mI (36049) golioth_mbox: Mbox created, bufsize: 2520, num_items: 20, item_size: 120[0m
[0;32mI (36059) golioth_coap_client_libcoap: Start CoAP session with host: coaps://coap.golioth.io[0m
[0;32mI (36059) golioth_coap_client_libcoap: Session PSK-ID: generated-gjyzrvwGOihfCjNP@firmware_ci[0m
[0;32mI (36069) libcoap: Setting PSK key
[0m
[0;32mI (36079) golioth_coap_client_libcoap: Entering CoAP I/O loop[0m
[0;32mI (36649) golioth_coap_client_libcoap: Golioth CoAP client connected[0m
