esptool.py v4.9.0
Serial port /dev/serial/by-id/usb-Silicon_Labs_CP2102N_USB_to_UART_Bridge_Controller_08bd8600facfec119c501d2686bdcd52-if00-port0
Connecting....
Detecting chip type... ESP32-S3
Chip is ESP32-S3 (QFN56) (revision v0.1)
Features: WiFi, BLE, Embedded PSRAM 8MB (AP_3v3)
Crystal is 40MHz
MAC: 34:85:18:6d:04:5c
Uploading stub...
Running stub...
Stub running...
Changing baud rate to 460800
Changed.
Configuring flash size...
Erasing flash (this may take a while)...
Chip erase completed successfully in 1.3 seconds.
Compressed 973424 bytes to 604301...
Writing at 0x00000000... (2 %)
Writing at 0x000115d3... (5 %)
Writing at 0x0001e810... (8 %)
Writing at 0x0002abe4... (10 %)
Writing at 0x00034192... (13 %)
Writing at 0x0003d391... (16 %)
Writing at 0x00043698... (18 %)
Writing at 0x00048da3... (21 %)
Writing at 0x0004eb50... (24 %)
Writing at 0x0005436a... (27 %)
Writing at 0x0005962c... (29 %)
Writing at 0x0005e918... (32 %)
Writing at 0x000643e3... (35 %)
Writing at 0x000695d6... (37 %)
Writing at 0x0006e78a... (40 %)
Writing at 0x00073b03... (43 %)
Writing at 0x00078c50... (45 %)
Writing at 0x0007e01d... (48 %)
Writing at 0x000833b5... (51 %)
Writing at 0x00088af5... (54 %)
Writing at 0x0008e030... (56 %)
Writing at 0x00093148... (59 %)
Writing at 0x00098120... (62 %)
Writing at 0x0009d652... (64 %)
Writing at 0x000a2834... (67 %)
Writing at 0x000a79ff... (70 %)
Writing at 0x000acd67... (72 %)
Writing at 0x000b260b... (75 %)
Writing at 0x000b765f... (78 %)
Writing at 0x000bcddc... (81 %)
Writing at 0x000c231d... (83 %)
Writing at 0x000c9adc... (86 %)
Writing at 0x000d0754... (89 %)
Writing at 0x000d7d54... (91 %)
Writing at 0x000dd43a... (94 %)
Writing at 0x000e2df8... (97 %)
Writing at 0x000e8c2e... (100 %)
Wrote 973424 bytes (604301 compressed) at 0x00000000 in 14.1 seconds (effective 554.1 kbit/s)...
Hash of data verified.

Leaving...
Hard resetting via RTS pin...
ESP-ROM:esp32s3-20210327
Build:Mar 27 2021
rst:0x1 (POWERON),boot:0x8 (SPI_FAST_FLASH_BOOT)
SPIWP:0xee
mode:DIO, clock div:1
load:0x3fce2810,len:0x15a0
load:0x403c8700,len:0x4
load:0x403c8704,len:0xd20
load:0x403cb700,len:0x2f58
entry 0x403c8928
I (27) boot: ESP-IDF v5.4.1 2nd stage bootloader
I (27) boot: compile time Oct  3 2025 00:05:12
I (27) boot: Multicore bootloader
I (27) boot: chip revision: v0.1
I (30) boot: efuse block revision: v1.2
I (33) boot.esp32s3: Boot SPI Speed : 80MHz
I (37) boot.esp32s3: SPI Mode       : DIO
I (41) boot.esp32s3: SPI Flash Size : 4MB
I (45) boot: Enabling RNG early entropy source...
I (49) boot: Partition Table:
I (52) boot: ## Label            Usage          Type ST Offset   Length
I (58) boot:  0 nvs              WiFi data        01 02 00009000 00006000
I (65) boot:  1 phy_init         RF data          01 01 0000f000 00001000
I (71) boot:  2 factory          factory app      00 00 00010000 00100000
I (78) boot: End of partition table
I (81) esp_image: segment 0: paddr=00010020 vaddr=3c0a0020 size=25440h (152640) map
I (115) esp_image: segment 1: paddr=00035468 vaddr=3fc99400 size=04bc0h ( 19392) load
I (120) esp_image: segment 2: paddr=0003a030 vaddr=40374000 size=05fe8h ( 24552) load
I (125) esp_image: segment 3: paddr=00040020 vaddr=42000020 size=9e638h (648760) map
I (241) esp_image: segment 4: paddr=000de660 vaddr=40379fe8 size=0f3bch ( 62396) load
I (255) esp_image: segment 5: paddr=000eda24 vaddr=600fe100 size=0001ch (    28) load
I (264) boot: Loaded app from partition at offset 0x10000
I (264) boot: Disabling RNG early entropy source...
I (274) cpu_start: Multicore app
I (283) cpu_start: Pro cpu start user code
I (283) cpu_start: cpu freq: 160000000 Hz
I (283) app_init: Application information:
I (283) app_init: Project name:     test
I (287) app_init: App version:      1fc16f4-dirty
I (291) app_init: Compile time:     Oct  3 2025 00:05:06
I (296) app_init: ELF file SHA256:  14542156e...
I (300) app_init: ESP-IDF:          v5.4.1
I (304) efuse_init: Min chip rev:     v0.0
I (308) efuse_init: Max chip rev:     v0.99 
I (312) efuse_init: Chip rev:         v0.1
I (316) heap_init: Initializing. RAM available for dynamic allocation:
I (322) heap_init: At 3FCA67E8 len 00042F28 (267 KiB): RAM
I (327) heap_init: At 3FCE9710 len 00005724 (21 KiB): RAM
I (332) heap_init: At 3FCF0000 len 00008000 (32 KiB): DRAM
I (338) heap_init: At 600FE11C len 00001ECC (7 KiB): RTCRAM
I (344) spi_flash: detected chip: gd
I (346) spi_flash: flash io: dio
W (349) spi_flash: Detected size(8192k) larger than the size in the binary image header(4096k). Using the size in the binary image header.
I (362) sleep_gpio: Configure to isolate all GPIO pins in sleep state
I (368) sleep_gpio: Enable automatic switching of GPIO sleep configuration
I (375) main_task: Started on CPU0
I (395) main_task: Calling app_main()
[5n
Type 'help' to get the list of commands.
Use UP/DOWN arrows to navigate through command history.
Press TAB when typing command name to auto-complete.

Your terminal application does not support escape sequences.

Line editing and history features are disabled.

On Windows, try using Putty instead.
esp32> W (905) hil_test: WiFi and Golioth credentials are not set. Use the shell settings commands to set them.

esp32> 
esp32> 
esp32> 
esp32> settings set wifi/ssid "***MIKES_ORANGE_PI_WIFI_SSID***"
Setting wifi/ssid saved
esp32> 
esp32> 
esp32> 
esp32> 
esp32> 
esp32> settings set wifi/psk "***MIKES_ORANGE_PI_WIFI_PSK***"
Setting wifi/psk saved
esp32> 
esp32> ::add-mask::generated-kiMwrtWOYkUKLRfh

esp32> 
esp32> 
esp32> 
esp32> settings set golioth/psk-id "generated-kiMwrtWOYkUKLRfh@firmware_ci"
Setting golioth/psk-id saved
esp32> 
esp32> 
esp32> 
esp32> 
esp32> 
esp32> settings set golioth/psk "generated-kiMwrtWOYkUKLRfh"
Setting golioth/psk saved
esp32> 
esp32> I (7935) pp: pp rom version: e7ae62f
I (7935) net80211: net80211 rom version: e7ae62f
I (7955) wifi_init: rx ba win: 6
I (7955) wifi_init: accept mbox: 6
I (7955) wifi_init: tcpip mbox: 32
I (7955) wifi_init: udp mbox: 6
I (7955) wifi_init: tcp mbox: 6
I (7965) wifi_init: tcp tx win: 5760
I (7965) wifi_init: tcp rx win: 5760
I (7965) wifi_init: tcp mss: 1440
I (7965) wifi_init: WiFi IRAM OP enabled
I (7985) wifi_init: WiFi RX IRAM OP enabled
I (7985) phy_init: phy_version 700,8582a7fd,Feb 10 2025,20:13:11
W (7985) phy_init: failed to load RF calibration data (0x1102), falling back to full calibration
I (8025) phy_init: Saving new calibration data due to checksum failure or outdated calibration data, mode(2)
I (10275) esp_netif_handlers: sta ip: 192.168.8.234, mask: 255.255.255.0, gw: 192.168.8.1
I (10275) example_wifi: WiFi Connected. Got IP:192.168.8.234
I (10275) example_wifi: Connected to AP SSID: ***MIKES_ORANGE_PI_WIFI_SSID***
I (10285) golioth_mbox: Mbox created, bufsize: 2688, num_items: 20, item_size: 128
I (10295) golioth_coap_client_libcoap: Start CoAP session with host: coaps://coap.golioth.io
I (10295) golioth_coap_client_libcoap: Session PSK-ID: generated-kiMwrtWOYkUKLRfh@firmware_ci
I (10315) libcoap: Setting PSK key

I (10315) golioth_coap_client_libcoap: Entering CoAP I/O loop
I (10505) golioth_coap_client_libcoap: Golioth CoAP client connected
I (10565) test_ota: Manifest received
I (10565) test_ota: Manifest successfully decoded
I (10565) test_ota: Manifest doesn't have main or walrus components, skipping this one.
I (12715) test_ota: Manifest received
I (12715) test_ota: Manifest successfully decoded
I (12715) test_ota: Manifest doesn't have main or walrus components, skipping this one.
I (12735) test_ota: Manifest received
I (12735) test_ota: Manifest successfully decoded
I (12735) test_ota: Manifest doesn't have main or walrus components, skipping this one.
I (14005) test_ota: Manifest received
I (14005) test_ota: Manifest successfully decoded
I (14005) test_ota: Manifest doesn't have main or walrus components, skipping this one.
I (14025) test_ota: Manifest received
I (14025) test_ota: Manifest successfully decoded
I (14025) test_ota: Manifest doesn't have main or walrus components, skipping this one.
I (14045) test_ota: Manifest received
I (14045) test_ota: Manifest successfully decoded
I (14045) test_ota: Manifest doesn't have main or walrus components, skipping this one.
I (14085) test_ota: Manifest received
I (14085) test_ota: Manifest successfully decoded
I (14085) test_ota: Found main component
I (14085) test_ota: No absent component found
I (14095) test_ota: component.package: main
I (14105) test_ota: component.version: 1.2.2
I (14105) test_ota: component.size: 16147
I (14105) test_ota: component.hash: 62c035ff42d6c61ad9d1caf9ee3425dae3ef360eb9d145061d3f76092e266018
I (14115) test_ota: component.uri: /.u/c/main@1.2.2
I (14115) test_ota: component.bootloader: default
