esptool.py v4.9.0
Serial port /dev/serial/by-id/usb-Silicon_Labs_CP2102N_USB_to_UART_Bridge_Controller_ca317d585c76eb11ba0a87abb7be2ba5-if00-port0
Connecting....
Detecting chip type... ESP32-C3
Chip is ESP32-C3 (QFN32) (revision v0.3)
Features: WiFi, BLE, Embedded Flash 4MB (XMC)
Crystal is 40MHz
MAC: 84:f7:03:09:96:10
Uploading stub...
Running stub...
Stub running...
Changing baud rate to 460800
Changed.
Configuring flash size...
Erasing flash (this may take a while)...
Chip erase completed successfully in 22.5 seconds.
Compressed 1019760 bytes to 596989...
Writing at 0x00000000... (2 %)
Writing at 0x00011bff... (5 %)
Writing at 0x0001e6a7... (8 %)
Writing at 0x0002a6cd... (10 %)
Writing at 0x00033c5c... (13 %)
Writing at 0x0003c12e... (16 %)
Writing at 0x0004214e... (18 %)
Writing at 0x00048689... (21 %)
Writing at 0x0004e91f... (24 %)
Writing at 0x00054ae8... (27 %)
Writing at 0x0005a46c... (29 %)
Writing at 0x000600b4... (32 %)
Writing at 0x0006686c... (35 %)
Writing at 0x0006c391... (37 %)
Writing at 0x0007247b... (40 %)
Writing at 0x00078312... (43 %)
Writing at 0x0007e415... (45 %)
Writing at 0x00083ff6... (48 %)
Writing at 0x0008966e... (51 %)
Writing at 0x0008f191... (54 %)
Writing at 0x000952d6... (56 %)
Writing at 0x0009afb2... (59 %)
Writing at 0x000a07b8... (62 %)
Writing at 0x000a6626... (64 %)
Writing at 0x000acf53... (67 %)
Writing at 0x000b3169... (70 %)
Writing at 0x000b91fb... (72 %)
Writing at 0x000bf433... (75 %)
Writing at 0x000c4ee0... (78 %)
Writing at 0x000ca62a... (81 %)
Writing at 0x000d03a3... (83 %)
Writing at 0x000d606c... (86 %)
Writing at 0x000dd17e... (89 %)
Writing at 0x000e3c34... (91 %)
Writing at 0x000ea190... (94 %)
Writing at 0x000f05d2... (97 %)
Writing at 0x000f6263... (100 %)
Wrote 1019760 bytes (596989 compressed) at 0x00000000 in 20.6 seconds (effective 396.8 kbit/s)...
Hash of data verified.

Leaving...
Hard resetting via RTS pin...
Build:Feb  7 2021
rst:0x1 (POWERON),boot:0xc (SPI_FAST_FLASH_BOOT)
SPIWP:0xee
mode:DIO, clock div:1
load:0x3fcd5820,len:0x1574
load:0x403cc710,len:0xc30
load:0x403ce710,len:0x2ff0
entry 0x403cc71a
I (30) boot: ESP-IDF v5.4.1 2nd stage bootloader
I (30) boot: compile time Oct  3 2025 00:04:46
I (30) boot: chip revision: v0.3
I (30) boot: efuse block revision: v1.1
I (34) boot.esp32c3: SPI Speed      : 80MHz
I (38) boot.esp32c3: SPI Mode       : DIO
I (41) boot.esp32c3: SPI Flash Size : 4MB
I (45) boot: Enabling RNG early entropy source...
I (50) boot: Partition Table:
I (52) boot: ## Label            Usage          Type ST Offset   Length
I (59) boot:  0 nvs              WiFi data        01 02 00009000 00006000
I (65) boot:  1 phy_init         RF data          01 01 0000f000 00001000
I (72) boot:  2 factory          factory app      00 00 00010000 00100000
I (78) boot: End of partition table
I (81) esp_image: segment 0: paddr=00010020 vaddr=3c0b0020 size=24ee0h (151264) map
I (113) esp_image: segment 1: paddr=00034f08 vaddr=3fc93400 size=03e98h ( 16024) load
I (116) esp_image: segment 2: paddr=00038da8 vaddr=40380000 size=07270h ( 29296) load
I (122) esp_image: segment 3: paddr=00040020 vaddr=42000020 size=acde0h (708064) map
I (237) esp_image: segment 4: paddr=000ece08 vaddr=40387270 size=0c114h ( 49428) load
I (246) esp_image: segment 5: paddr=000f8f24 vaddr=50000200 size=0001ch (    28) load
I (253) boot: Loaded app from partition at offset 0x10000
I (253) boot: Disabling RNG early entropy source...
I (264) cpu_start: Unicore app
I (273) cpu_start: Pro cpu start user code
I (273) cpu_start: cpu freq: 160000000 Hz
I (273) app_init: Application information:
I (273) app_init: Project name:     test
I (276) app_init: App version:      1fc16f4-dirty
I (281) app_init: Compile time:     Oct  3 2025 00:04:40
I (286) app_init: ELF file SHA256:  10e5a792d...
I (290) app_init: ESP-IDF:          v5.4.1
I (294) efuse_init: Min chip rev:     v0.3
I (298) efuse_init: Max chip rev:     v1.99 
I (302) efuse_init: Chip rev:         v0.3
I (306) heap_init: Initializing. RAM available for dynamic allocation:
I (312) heap_init: At 3FC9EC60 len 000213A0 (132 KiB): RAM
I (317) heap_init: At 3FCC0000 len 0001C710 (113 KiB): Retention RAM
I (323) heap_init: At 3FCDC710 len 00002950 (10 KiB): Retention RAM
I (329) heap_init: At 5000021C len 00001DCC (7 KiB): RTCRAM
I (335) spi_flash: detected chip: generic
I (338) spi_flash: flash io: dio
I (341) sleep_gpio: Configure to isolate all GPIO pins in sleep state
I (347) sleep_gpio: Enable automatic switching of GPIO sleep configuration
I (354) main_task: Started on CPU0
I (384) main_task: Calling app_main()
[5n
Type 'help' to get the list of commands.
Use UP/DOWN arrows to navigate through command history.
Press TAB when typing command name to auto-complete.

Your terminal application does not support escape sequences.

Line editing and history features are disabled.

On Windows, try using Putty instead.
esp32> W (884) hil_test: WiFi and Golioth credentials are not set. Use the shell settings commands to set them.

esp32> 
esp32> 
esp32> 
esp32> settings set wifi/ssid "***JONS_ORANGE_PI_WIFI_SSID***"
Setting wifi/ssid saved
esp32> 
esp32> 
esp32> 
esp32> 
esp32> 
esp32> settings set wifi/psk "***JONS_ORANGE_PI_WIFI_PSK***"
Setting wifi/psk saved
es::add-mask::generated-HkyHMOWrLLNOIieT
p32> 
esp32> 
esp32> 
esp32> 
esp32> 
esp32> settings set golioth/psk-id "generated-HkyHMOWrLLNOIieT@firmware_ci"
Setting golioth/psk-id saved
esp32> 
esp32> 
esp32> 
esp32> 
esp32> 
esp32> settings set golioth/psk "generated-HkyHMOWrLLNOIieT"
Setting golioth/psk saved
esp32> 
esp32> I (8904) pp: pp rom version: 9387209
I (8904) net80211: net80211 rom version: 9387209
I (8924) wifi_init: rx ba win: 6
I (8924) wifi_init: accept mbox: 6
I (8924) wifi_init: tcpip mbox: 32
I (8924) wifi_init: udp mbox: 6
I (8924) wifi_init: tcp mbox: 6
I (8934) wifi_init: tcp tx win: 5760
I (8934) wifi_init: tcp rx win: 5760
I (8934) wifi_init: tcp mss: 1440
I (8944) wifi_init: WiFi IRAM OP enabled
I (8944) wifi_init: WiFi RX IRAM OP enabled
I (8944) phy_init: phy_version 1200,2b7123f9,Feb 18 2025,15:22:21
W (8954) phy_init: failed to load RF calibration data (0x1102), falling back to full calibration
I (8984) phy_init: Saving new calibration data due to checksum failure or outdated calibration data, mode(2)
I (10384) esp_netif_handlers: sta ip: 192.168.8.141, mask: 255.255.255.0, gw: 192.168.8.1
I (10384) example_wifi: WiFi Connected. Got IP:192.168.8.141
I (10394) example_wifi: Connected to AP SSID: ***JONS_ORANGE_PI_WIFI_SSID***
I (10394) golioth_mbox: Mbox created, bufsize: 2688, num_items: 20, item_size: 128
I (10414) golioth_coap_client_libcoap: Start CoAP session with host: coaps://coap.golioth.io
I (10414) golioth_coap_client_libcoap: Session PSK-ID: generated-HkyHMOWrLLNOIieT@firmware_ci
I (10424) libcoap: Setting PSK key

I (10434) golioth_coap_client_libcoap: Entering CoAP I/O loop
I (11454) golioth_coap_client_libcoap: Golioth CoAP client connected
I (12454) test_stream: block-idx: 0 bu_offset: 0 bytes_remaining: 3666
I (13154) test_stream: block-idx: 1 bu_offset: 1024 bytes_remaining: 2642
I (13504) test_stream: block-idx: 2 bu_offset: 2048 bytes_remaining: 1618
I (13624) test_stream: block-idx: 3 bu_offset: 3072 bytes_remaining: 594
I (13914) test_stream: Block upload successful!
I (13924) test_stream: block-idx: 0 bu_offset: 0 bytes_remaining: 3666
I (14384) test_stream: Multi-block callback; Block: 0, Status: 0, CoAP: 2.31
I (14384) test_stream: block-idx: 1 bu_offset: 1024 bytes_remaining: 2642
I (14944) test_stream: Multi-block callback; Block: 1, Status: 0, CoAP: 2.31
I (14944) test_stream: block-idx: 2 bu_offset: 2048 bytes_remaining: 1618
I (15344) test_stream: Multi-block callback; Block: 2, Status: 0, CoAP: 2.31
I (15354) test_stream: block-idx: 3 bu_offset: 3072 bytes_remaining: 594
I (15754) test_stream: Multi-block callback; Block: 3, Status: 0, CoAP: 2.01
I (15764) test_stream: Multi-block upload successful!
I (21764) test_stream: All stream data has been sent
{'list': [{'data': {'block_upload': {'0': 'zero', '1': 'one', '10': 'ten', '100': 'one hundred', '101': 'one hundred and one', '102': 'one hundred and two', '103': 'one hundred and three', '104': 'one hundred and four', '105': 'one hundred and five', '106': 'one hundred and six', '107': 'one hundred and seven', '108': 'one hundred and eight', '109': 'one hundred and nine', '11': 'eleven', '110': 'one hundred and ten', '111': 'one hundred and eleven', '112': 'one hundred and twelve', '113': 'one hundred and thirteen', '114': 'one hundred and fourteen', '115': 'one hundred and fifteen', '116': 'one hundred and sixteen', '117': 'one hundred and seventeen', '118': 'one hundred and eighteen', '119': 'one hundred and nineteen', '12': 'twelve', '120': 'one hundred and twenty', '121': 'one hundred and twenty-one', '122': 'one hundred and twenty-two', '123': 'one hundred and twenty-three', '124': 'one hundred and twenty-four', '125': 'one hundred and twenty-five', '126': 'one hundred and twenty-six', '127': 'one hundred and twenty-seven', '128': 'one hundred and twenty-eight', '129': 'one hundred and twenty-nine', '13': 'thirteen', '130': 'one hundred and thirty', '131': 'one hundred and thirty-one', '132': 'one hundred and thirty-two', '133': 'one hundred and thirty-three', '134': 'one hundred and thirty-four', '135': 'one hundred and thirty-five', '136': 'one hundred and thirty-six', '137': 'one hundred and thirty-seven', '138': 'one hundred and thirty-eight', '139': 'one hundred and thirty-nine', '14': 'fourteen', '140': 'one hundred and forty', '141': 'one hundred and forty-one', '15': 'fifteen', '16': 'sixteen', '17': 'seventeen', '18': 'eighteen', '19': 'nineteen', '2': 'two', '20': 'twenty', '21': 'twenty-one', '22': 'twenty-two', '23': 'twenty-three', '24': 'twenty-four', '25': 'twenty-five', '26': 'twenty-six', '27': 'twenty-seven', '28': 'twenty-eight', '29': 'twenty-nine', '3': 'three', '30': 'thirty', '31': 'thirty-one', '32': 'thirty-two', '33': 'thirty-three', '34': 'thirty-four', '35': 'thirty-five', '36': 'thirty-six', '37': 'thirty-seven', '38': 'thirty-eight', '39': 'thirty-nine', '4': 'four', '40': 'forty', '41': 'forty-one', '42': 'forty-two', '43': 'forty-three', '44': 'forty-four', '45': 'forty-five', '46': 'forty-six', '47': 'forty-seven', '48': 'forty-eight', '49': 'forty-nine', '5': 'five', '50': 'fifty', '51': 'fifty-one', '52': 'fifty-two', '53': 'fifty-three', '54': 'fifty-four', '55': 'fifty-five', '56': 'fifty-six', '57': 'fifty-seven', '58': 'fifty-eight', '59': 'fifty-nine', '6': 'six', '60': 'sixty', '61': 'sixty-one', '62': 'sixty-two', '63': 'sixty-three', '64': 'sixty-four', '65': 'sixty-five', '66': 'sixty-six', '67': 'sixty-seven', '68': 'sixty-eight', '69': 'sixty-nine', '7': 'seven', '70': 'seventy', '71': 'seventy-one', '72': 'seventy-two', '73': 'seventy-three', '74': 'seventy-four', '75': 'seventy-five', '76': 'seventy-six', '77': 'seventy-seven', '78': 'seventy-eight', '79': 'seventy-nine', '8': 'eight', '80': 'eighty', '81': 'eighty-one', '82': 'eighty-two', '83': 'eighty-three', '84': 'eighty-four', '85': 'eighty-five', '86': 'eighty-six', '87': 'eighty-seven', '88': 'eighty-eight', '89': 'eighty-nine', '9': 'nine', '90': 'ninety', '91': 'ninety-one', '92': 'ninety-two', '93': 'ninety-three', '94': 'ninety-four', '95': 'ninety-five', '96': 'ninety-six', '97': 'ninety-seven', '98': 'ninety-eight', '99': 'ninety-nine'}}, 'device_id': '68df16ffb6c731f600fa3945', 'time': '2025-10-03T00:21:26.526184+00:00'}], 'page': 0, 'perPage': 10, 'total': 0}
Golioth data hash: 28540341b9655161a00b3a7193a8e2e2261d21ea3e3f2117fc9c7f18a5733681
Test data hash: 28540341b9655161a00b3a7193a8e2e2261d21ea3e3f2117fc9c7f18a5733681
