esptool.py v4.9.0
Serial port /dev/serial/by-id/usb-Silicon_Labs_CP2102N_USB_to_UART_Bridge_Controller_061a7f3b498bef11918522ccef8776e9-if00-port0
Connecting....
Detecting chip type... ESP32-C3
Chip is ESP32-C3 AZ (QFN32) (revision v1.1)
Features: WiFi, BLE, Embedded Flash 4MB (XMC)
Crystal is 40MHz
MAC: 18:8b:0e:af:95:48
Uploading stub...
Running stub...
Stub running...
Changing baud rate to 460800
Changed.
Configuring flash size...
Erasing flash (this may take a while)...
Chip erase completed successfully in 1.3 seconds.
Compressed 1026352 bytes to 602529...
Writing at 0x00000000... (2 %)
Writing at 0x00011d27... (5 %)
Writing at 0x0001e892... (8 %)
Writing at 0x0002ad14... (10 %)
Writing at 0x00033826... (13 %)
Writing at 0x0003bdb5... (16 %)
Writing at 0x00041dcb... (18 %)
Writing at 0x000481cc... (21 %)
Writing at 0x0004e59a... (24 %)
Writing at 0x0005495f... (27 %)
Writing at 0x0005a1b0... (29 %)
Writing at 0x0005fe2a... (32 %)
Writing at 0x00066500... (35 %)
Writing at 0x0006c0de... (37 %)
Writing at 0x00071fed... (40 %)
Writing at 0x00078158... (43 %)
Writing at 0x0007e149... (45 %)
Writing at 0x00083e98... (48 %)
Writing at 0x000893dc... (51 %)
Writing at 0x0008ef60... (54 %)
Writing at 0x00095138... (56 %)
Writing at 0x0009aadd... (59 %)
Writing at 0x000a03a1... (62 %)
Writing at 0x000a621f... (64 %)
Writing at 0x000ac6d9... (67 %)
Writing at 0x000b29e6... (70 %)
Writing at 0x000b8cf6... (72 %)
Writing at 0x000bee0b... (75 %)
Writing at 0x000c4af5... (78 %)
Writing at 0x000ca13d... (81 %)
Writing at 0x000cfe63... (83 %)
Writing at 0x000d5aa2... (86 %)
Writing at 0x000dcb10... (89 %)
Writing at 0x000e2e70... (91 %)
Writing at 0x000e9e28... (94 %)
Writing at 0x000efd20... (97 %)
Writing at 0x000f5dbf... (100 %)
Wrote 1026352 bytes (602529 compressed) at 0x00000000 in 14.6 seconds (effective 563.3 kbit/s)...
Hash of data verified.

Leaving...
Hard resetting via RTS pin...
Build:Jul 20 2023
rst:0x1 (POWERON),boot:0xc (SPI_FAST_FLASH_BOOT)
SPIWP:0xee
mode:DIO, clock div:1
load:0x3fcd5820,len:0x1574
load:0x403cc710,len:0xc30
load:0x403ce710,len:0x2f64
entry 0x403cc71a
I (31) boot: ESP-IDF v5.4.1 2nd stage bootloader
I (31) boot: compile time Oct  3 2025 00:08:25
I (31) boot: chip revision: v1.1
I (31) boot: efuse block revision: v1.3
I (35) boot.esp32c3: SPI Speed      : 80MHz
I (39) boot.esp32c3: SPI Mode       : DIO
I (42) boot.esp32c3: SPI Flash Size : 2MB
I (46) boot: Enabling RNG early entropy source...
I (51) boot: Partition Table:
I (53) boot: ## Label            Usage          Type ST Offset   Length
I (60) boot:  0 nvs              WiFi data        01 02 00009000 00006000
I (66) boot:  1 phy_init         RF data          01 01 0000f000 00001000
I (73) boot:  2 factory          factory app      00 00 00010000 00100000
I (79) boot: End of partition table
I (82) esp_image: segment 0: paddr=00010020 vaddr=3c0b0020 size=25d50h (154960) map
I (115) esp_image: segment 1: paddr=00035d78 vaddr=3fc93400 size=03050h ( 12368) load
I (117) esp_image: segment 2: paddr=00038dd0 vaddr=40380000 size=07248h ( 29256) load
I (124) esp_image: segment 3: paddr=00040020 vaddr=42000020 size=ae78ch (714636) map
I (240) esp_image: segment 4: paddr=000ee7b4 vaddr=40387248 size=0c128h ( 49448) load
I (249) esp_image: segment 5: paddr=000fa8e4 vaddr=50000200 size=0001ch (    28) load
I (256) boot: Loaded app from partition at offset 0x10000
I (256) boot: Disabling RNG early entropy source...
I (267) cpu_start: Unicore app
I (275) cpu_start: Pro cpu start user code
I (275) cpu_start: cpu freq: 160000000 Hz
I (275) app_init: Application information:
I (275) app_init: Project name:     rpc
I (279) app_init: App version:      1fc16f4-dirty
I (283) app_init: Compile time:     Oct  3 2025 00:08:19
I (288) app_init: ELF file SHA256:  db664b708...
I (292) app_init: ESP-IDF:          v5.4.1
I (296) efuse_init: Min chip rev:     v0.3
I (300) efuse_init: Max chip rev:     v1.99 
I (304) efuse_init: Chip rev:         v1.1
I (308) heap_init: Initializing. RAM available for dynamic allocation:
I (314) heap_init: At 3FC9DFB0 len 00022050 (136 KiB): RAM
I (319) heap_init: At 3FCC0000 len 0001C710 (113 KiB): Retention RAM
I (325) heap_init: At 3FCDC710 len 0000294C (10 KiB): Retention RAM
I (331) heap_init: At 5000021C len 00001DCC (7 KiB): RTCRAM
I (338) spi_flash: detected chip: generic
I (340) spi_flash: flash io: dio
W (343) spi_flash: Detected size(4096k) larger than the size in the binary image header(2048k). Using the size in the binary image header.
I (356) sleep_gpio: Configure to isolate all GPIO pins in sleep state
I (362) sleep_gpio: Enable automatic switching of GPIO sleep configuration
I (369) main_task: Started on CPU0
I (379) main_task: Calling app_main()
I (379) rpc: Start RPC sample
[5n
Type 'help' to get the list of commands.
Use UP/DOWN arrows to navigate through command history.
Press TAB when typing command name to auto-complete.

Your terminal application does not support escape sequences.

Line editing and history features are disabled.

On Windows, try using Putty instead.
esp32> W (889) rpc: WiFi and Golioth credentials are not set. Use the shell settings commands to set them.

esp32> 
esp32> 
esp32> 
esp32> settings set wifi/ssid "***SAMS_ORANGE_PI_WIFI_SSID***"
Setting wifi/ssid saved
esp32> 
esp32> 
esp32> 
esp32> 
esp32> 
esp32> settings set wifi/psk "***SAMS_ORANGE_PI_WIFI_PSK***"
Setting wifi/psk saved
esp32> 
esp32> ::add-mask::generated-PInDgKwghWBtTRoM

esp32> 
esp32> 
esp32> 
esp32> settings set golioth/psk-id "generated-PInDgKwghWBtTRoM@firmware_ci"
Setting golioth/psk-id saved
esp32> 
esp32> 
esp32> 
esp32> 
esp32> 
esp32> settings set golioth/psk "generated-PInDgKwghWBtTRoM"
Setting golioth/psk saved
esp32> 
esp32> I (11909) pp: pp rom version: 74f9620
I (11909) net80211: net80211 rom version: 74f9620
I (11929) wifi_init: rx ba win: 6
I (11929) wifi_init: accept mbox: 6
I (11929) wifi_init: tcpip mbox: 32
I (11929) wifi_init: udp mbox: 6
I (11929) wifi_init: tcp mbox: 6
I (11939) wifi_init: tcp tx win: 5760
I (11939) wifi_init: tcp rx win: 5760
I (11939) wifi_init: tcp mss: 1440
I (11949) wifi_init: WiFi IRAM OP enabled
I (11949) wifi_init: WiFi RX IRAM OP enabled
I (11949) phy_init: phy_version 1200,2b7123f9,Feb 18 2025,15:22:21
W (11959) phy_init: failed to load RF calibration data (0x1102), falling back to full calibration
I (11999) phy_init: Saving new calibration data due to checksum failure or outdated calibration data, mode(2)
I (13919) esp_netif_handlers: sta ip: 192.168.0.118, mask: 255.255.255.0, gw: 192.168.0.1
I (13919) example_wifi: WiFi Connected. Got IP:192.168.0.118
I (13929) example_wifi: Connected to AP SSID: ***SAMS_ORANGE_PI_WIFI_SSID***
I (13929) golioth_mbox: Mbox created, bufsize: 2688, num_items: 20, item_size: 128
W (13939) rpc: Waiting for connection to Golioth...
I (13969) golioth_coap_client_libcoap: Start CoAP session with host: coaps://coap.golioth.io
I (13969) golioth_coap_client_libcoap: Session PSK-ID: generated-PInDgKwghWBtTRoM@firmware_ci
I (13989) libcoap: Setting PSK key

I (13989) golioth_coap_client_libcoap: Entering CoAP I/O loop
I (14189) golioth_coap_client_libcoap: Golioth CoAP client connected
I (14189) rpc: Golioth client connected
I (14199) rpc: RPC successfully registered
I (14429) golioth_rpc: RPC observation established
