esptool.py v4.9.0
Serial port /dev/serial/by-id/usb-Silicon_Labs_CP2102N_USB_to_UART_Bridge_Controller_ca317d585c76eb11ba0a87abb7be2ba5-if00-port0
Connecting....
Detecting chip type... ESP32-C3
Chip is ESP32-C3 (QFN32) (revision v0.3)
Features: WiFi, BLE, Embedded Flash 4MB (XMC)
Crystal is 40MHz
MAC: 84:f7:03:09:96:10
Uploading stub...
Running stub...
Stub running...
Changing baud rate to 460800
Changed.
Configuring flash size...
Erasing flash (this may take a while)...
Chip erase completed successfully in 22.2 seconds.
Compressed 1011200 bytes to 593270...
Writing at 0x00000000... (2 %)
Writing at 0x00011c0c... (5 %)
Writing at 0x0001e5ec... (8 %)
Writing at 0x0002a5a8... (10 %)
Writing at 0x00033b9f... (13 %)
Writing at 0x0003b69f... (16 %)
Writing at 0x000417ed... (18 %)
Writing at 0x00047a0c... (21 %)
Writing at 0x0004dfcc... (24 %)
Writing at 0x000540a4... (27 %)
Writing at 0x00059a73... (29 %)
Writing at 0x0005f637... (32 %)
Writing at 0x00065ea7... (35 %)
Writing at 0x0006ba3b... (37 %)
Writing at 0x00071b5a... (40 %)
Writing at 0x00077952... (43 %)
Writing at 0x0007da83... (45 %)
Writing at 0x000835df... (48 %)
Writing at 0x00088ca0... (51 %)
Writing at 0x0008e76a... (54 %)
Writing at 0x00094884... (56 %)
Writing at 0x0009a576... (59 %)
Writing at 0x0009fdcd... (62 %)
Writing at 0x000a5d3e... (64 %)
Writing at 0x000ac496... (67 %)
Writing at 0x000b2646... (70 %)
Writing at 0x000b8739... (72 %)
Writing at 0x000be977... (75 %)
Writing at 0x000c4301... (78 %)
Writing at 0x000c9a25... (81 %)
Writing at 0x000cf7c7... (83 %)
Writing at 0x000d55ca... (86 %)
Writing at 0x000dc597... (89 %)
Writing at 0x000e3066... (91 %)
Writing at 0x000e96c7... (94 %)
Writing at 0x000ef8e2... (97 %)
Writing at 0x000f571b... (100 %)
Wrote 1011200 bytes (593270 compressed) at 0x00000000 in 20.1 seconds (effective 402.0 kbit/s)...
Hash of data verified.

Leaving...
Hard resetting via RTS pin...
Build:Feb  7 2021
rst:0x1 (POWERON),boot:0xc (SPI_FAST_FLASH_BOOT)
SPIWP:0xee
mode:DIO, clock div:1
load:0x3fcd5820,len:0x1574
load:0x403cc710,len:0xc30
load:0x403ce710,len:0x2ff0
entry 0x403cc71a
I (30) boot: ESP-IDF v5.4.1 2nd stage bootloader
I (30) boot: compile time Oct 20 2025 20:37:50
I (30) boot: chip revision: v0.3
I (30) boot: efuse block revision: v1.1
I (34) boot.esp32c3: SPI Speed      : 80MHz
I (38) boot.esp32c3: SPI Mode       : DIO
I (41) boot.esp32c3: SPI Flash Size : 4MB
I (45) boot: Enabling RNG early entropy source...
I (50) boot: Partition Table:
I (52) boot: ## Label            Usage          Type ST Offset   Length
I (59) boot:  0 nvs              WiFi data        01 02 00009000 00006000
I (65) boot:  1 phy_init         RF data          01 01 0000f000 00001000
I (72) boot:  2 factory          factory app      00 00 00010000 00100000
I (78) boot: End of partition table
I (81) esp_image: segment 0: paddr=00010020 vaddr=3c0b0020 size=24b88h (150408) map
I (113) esp_image: segment 1: paddr=00034bb0 vaddr=3fc93400 size=03048h ( 12360) load
I (115) esp_image: segment 2: paddr=00037c00 vaddr=40380000 size=08418h ( 33816) load
I (123) esp_image: segment 3: paddr=00040020 vaddr=42000020 size=abe38h (704056) map
I (236) esp_image: segment 4: paddr=000ebe60 vaddr=40388418 size=0af58h ( 44888) load
I (245) esp_image: segment 5: paddr=000f6dc0 vaddr=50000200 size=0001ch (    28) load
I (251) boot: Loaded app from partition at offset 0x10000
I (251) boot: Disabling RNG early entropy source...
I (263) cpu_start: Unicore app
I (271) cpu_start: Pro cpu start user code
I (271) cpu_start: cpu freq: 160000000 Hz
I (271) app_init: Application information:
I (271) app_init: Project name:     test
I (275) app_init: App version:      6020029-dirty
I (279) app_init: Compile time:     Oct 20 2025 20:37:43
I (284) app_init: ELF file SHA256:  d404e2234...
I (288) app_init: ESP-IDF:          v5.4.1
I (292) efuse_init: Min chip rev:     v0.3
I (296) efuse_init: Max chip rev:     v1.99 
I (300) efuse_init: Chip rev:         v0.3
I (304) heap_init: Initializing. RAM available for dynamic allocation:
I (310) heap_init: At 3FC9DE10 len 000221F0 (136 KiB): RAM
I (315) heap_init: At 3FCC0000 len 0001C710 (113 KiB): Retention RAM
I (321) heap_init: At 3FCDC710 len 00002950 (10 KiB): Retention RAM
I (327) heap_init: At 5000021C len 00001DCC (7 KiB): RTCRAM
I (334) spi_flash: detected chip: generic
I (336) spi_flash: flash io: dio
I (340) sleep_gpio: Configure to isolate all GPIO pins in sleep state
I (346) sleep_gpio: Enable automatic switching of GPIO sleep configuration
I (353) main_task: Started on CPU0
I (383) main_task: Calling app_main()
[5n
Type 'help' to get the list of commands.
Use UP/DOWN arrows to navigate through command history.
Press TAB when typing command name to auto-complete.

Your terminal application does not support escape sequences.

Line editing and history features are disabled.

On Windows, try using Putty instead.
esp32> W (883) hil_test: WiFi and Golioth credentials are not set. Use the shell settings commands to set them.

esp32> 
esp32> 
esp32> 
esp32> settings set wifi/ssid "***JONS_ORANGE_PI_WIFI_SSID***"
Setting wifi/ssid saved
esp32> 
esp32> 
esp32> 
esp32> 
esp32> 
esp32> settings set wifi/psk "***JONS_ORANGE_PI_WIFI_PSK***"
Setting wifi/psk saved
esp32> 
esp32> ::add-mask::generated-AuIeKeVgqftsJYzt

esp32> 
esp32> 
esp32> 
esp32> settings set golioth/psk-id "generated-AuIeKeVgqftsJYzt@firmware_ci"
Setting golioth/psk-id saved
esp32> 
esp32> 
esp32> 
esp32> 
esp32> 
esp32> settings set golioth/psk "generated-AuIeKeVgqftsJYzt"
Setting golioth/psk saved
esp32> 
esp32> I (8903) pp: pp rom version: 9387209
I (8903) net80211: net80211 rom version: 9387209
I (8923) wifi_init: rx ba win: 6
I (8923) wifi_init: accept mbox: 6
I (8923) wifi_init: tcpip mbox: 32
I (8923) wifi_init: udp mbox: 6
I (8923) wifi_init: tcp mbox: 6
I (8933) wifi_init: tcp tx win: 5760
I (8933) wifi_init: tcp rx win: 5760
I (8933) wifi_init: tcp mss: 1440
I (8943) wifi_init: WiFi IRAM OP enabled
I (8943) wifi_init: WiFi RX IRAM OP enabled
I (8943) phy_init: phy_version 1200,2b7123f9,Feb 18 2025,15:22:21
W (8953) phy_init: failed to load RF calibration data (0x1102), falling back to full calibration
I (8983) phy_init: Saving new calibration data due to checksum failure or outdated calibration data, mode(2)
I (13733) esp_netif_handlers: sta ip: 192.168.8.141, mask: 255.255.255.0, gw: 192.168.8.1
I (13733) example_wifi: WiFi Connected. Got IP:192.168.8.141
I (13743) example_wifi: Connected to AP SSID: ***JONS_ORANGE_PI_WIFI_SSID***
I (13743) golioth_mbox: Mbox created, bufsize: 2688, num_items: 20, item_size: 128
I (13773) golioth_coap_client_libcoap: Start CoAP session with host: coaps://coap.golioth.io
I (13773) golioth_coap_client_libcoap: Session PSK-ID: generated-AuIeKeVgqftsJYzt@firmware_ci
I (13793) libcoap: Setting PSK key

I (13793) golioth_coap_client_libcoap: Entering CoAP I/O loop
I (15703) golioth_coap_client_libcoap: Golioth CoAP client connected
I (15703) test_connect: Golioth client connected
I (16713) test_connect: Stopping client
I (16713) golioth_coap_client_libcoap: Attempting to stop client
I (16903) golioth_coap_client_libcoap: Stopping
I (16913) golioth_coap_client_libcoap: Ending session
I (16913) test_connect: Golioth client disconnected
I (28013) test_connect: Starting client
I (28013) golioth_coap_client_libcoap: Start CoAP session with host: coaps://coap.golioth.io
I (28013) golioth_coap_client_libcoap: Session PSK-ID: generated-AuIeKeVgqftsJYzt@firmware_ci
I (28023) libcoap: Setting PSK key

I (28023) golioth_coap_client_libcoap: Entering CoAP I/O loop
I (28603) golioth_coap_client_libcoap: Golioth CoAP client connected
I (28603) test_connect: Golioth client connected
I (29613) test_connect: Destroying client
I (29613) golioth_coap_client_libcoap: Attempting to stop client
I (29833) golioth_coap_client_libcoap: Stopping
I (29833) golioth_coap_client_libcoap: Ending session
I (29833) test_connect: Golioth client disconnected
I (40913) test_connect: Starting client
I (40913) golioth_mbox: Mbox created, bufsize: 2688, num_items: 20, item_size: 128
I (40913) golioth_coap_client_libcoap: Start CoAP session with host: coaps://coap.golioth.io
I (40923) golioth_coap_client_libcoap: Session PSK-ID: generated-AuIeKeVgqftsJYzt@firmware_ci
I (40933) libcoap: Setting PSK key

I (40933) golioth_coap_client_libcoap: Entering CoAP I/O loop
I (41713) golioth_coap_client_libcoap: Golioth CoAP client connected
