esptool.py v4.8.1
Serial port /dev/serial/by-id/usb-Silicon_Labs_CP2102N_USB_to_UART_Bridge_Controller_ca317d585c76eb11ba0a87abb7be2ba5-if00-port0
Connecting....
Detecting chip type... ESP32-C3
Chip is ESP32-C3 (QFN32) (revision v0.3)
Features: WiFi, BLE, Embedded Flash 4MB (XMC)
Crystal is 40MHz
MAC: 84:f7:03:09:96:10
Uploading stub...
Running stub...
Stub running...
Changing baud rate to 460800
Changed.
Configuring flash size...
Erasing flash (this may take a while)...
Chip erase completed successfully in 19.5s
Compressed 1043600 bytes to 613026...
Writing at 0x00000000... (2 %)
Writing at 0x00012155... (5 %)
Writing at 0x0001f51b... (7 %)
Writing at 0x0002bc9f... (10 %)
Writing at 0x00032328... (13 %)
Writing at 0x0003738c... (15 %)
Writing at 0x00041096... (18 %)
Writing at 0x000470ce... (21 %)
Writing at 0x0004d879... (23 %)
Writing at 0x00053b64... (26 %)
Writing at 0x0005960e... (28 %)
Writing at 0x0005f26e... (31 %)
Writing at 0x00065d7b... (34 %)
Writing at 0x0006ba1c... (36 %)
Writing at 0x00071a4d... (39 %)
Writing at 0x00077afd... (42 %)
Writing at 0x0007dbea... (44 %)
Writing at 0x000837be... (47 %)
Writing at 0x00088d43... (50 %)
Writing at 0x0008e929... (52 %)
Writing at 0x00094f9e... (55 %)
Writing at 0x0009a9f0... (57 %)
Writing at 0x000a0375... (60 %)
Writing at 0x000a60b2... (63 %)
Writing at 0x000ac782... (65 %)
Writing at 0x000b28d5... (68 %)
Writing at 0x000b88a7... (71 %)
Writing at 0x000bea9a... (73 %)
Writing at 0x000c464c... (76 %)
Writing at 0x000c9da2... (78 %)
Writing at 0x000cfc9b... (81 %)
Writing at 0x000d584a... (84 %)
Writing at 0x000dc809... (86 %)
Writing at 0x000e34fc... (89 %)
Writing at 0x000e9d32... (92 %)
Writing at 0x000efeb1... (94 %)
Writing at 0x000f6214... (97 %)
Writing at 0x000fc1d8... (100 %)
Wrote 1043600 bytes (613026 compressed) at 0x00000000 in 19.5 seconds (effective 427.3 kbit/s)...
Hash of data verified.

Leaving...
Hard resetting via RTS pin...
Build:Feb  7 2021
rst:0x1 (POWERON),boot:0xc (SPI_FAST_FLASH_BOOT)
SPIWP:0xee
mode:DIO, clock div:1
load:0x3fcd5820,len:0x1738
load:0x403cc710,len:0xb9c
load:0x403ce710,len:0x2e4c
entry 0x403cc71a
[0;32mI (30) boot: ESP-IDF v5.3 2nd stage bootloader[0m
[0;32mI (30) boot: compile time Nov 12 2024 15:36:42[0m
[0;32mI (30) boot: chip revision: v0.3[0m
[0;32mI (33) boot.esp32c3: SPI Speed      : 80MHz[0m
[0;32mI (38) boot.esp32c3: SPI Mode       : DIO[0m
[0;32mI (43) boot.esp32c3: SPI Flash Size : 2MB[0m
[0;32mI (47) boot: Enabling RNG early entropy source...[0m
[0;32mI (53) boot: Partition Table:[0m
[0;32mI (56) boot: ## Label            Usage          Type ST Offset   Length[0m
[0;32mI (64) boot:  0 nvs              WiFi data        01 02 00009000 00006000[0m
[0;32mI (71) boot:  1 phy_init         RF data          01 01 0000f000 00001000[0m
[0;32mI (78) boot:  2 factory          factory app      00 00 00010000 00100000[0m
[0;32mI (86) boot: End of partition table[0m
[0;32mI (90) esp_image: segment 0: paddr=00010020 vaddr=3c0b0020 size=2d274h (184948) map[0m
[0;32mI (127) esp_image: segment 1: paddr=0003d29c vaddr=3fc92800 size=02d7ch ( 11644) load[0m
[0;32mI (130) esp_image: segment 2: paddr=00040020 vaddr=42000020 size=ac2a8h (705192) map[0m
[0;32mI (243) esp_image: segment 3: paddr=000ec2d0 vaddr=3fc9557c size=0024ch (   588) load[0m
[0;32mI (244) esp_image: segment 4: paddr=000ec524 vaddr=40380000 size=12740h ( 75584) load[0m
[0;32mI (269) boot: Loaded app from partition at offset 0x10000[0m
[0;32mI (269) boot: Disabling RNG early entropy source...[0m
[0;32mI (281) cpu_start: Unicore app[0m
[0;32mI (289) cpu_start: Pro cpu start user code[0m
[0;32mI (290) cpu_start: cpu freq: 160000000 Hz[0m
[0;32mI (290) app_init: Application information:[0m
[0;32mI (292) app_init: Project name:     get[0m
[0;32mI (297) app_init: App version:      f4f2077-dirty[0m
[0;32mI (302) app_init: Compile time:     Nov 12 2024 15:36:35[0m
[0;32mI (308) app_init: ELF file SHA256:  65ffd48f5...[0m
[0;32mI (314) app_init: ESP-IDF:          v5.3[0m
[0;32mI (318) efuse_init: Min chip rev:     v0.3[0m
[0;32mI (323) efuse_init: Max chip rev:     v1.99 [0m
[0;32mI (328) efuse_init: Chip rev:         v0.3[0m
[0;32mI (333) heap_init: Initializing. RAM available for dynamic allocation:[0m
[0;32mI (340) heap_init: At 3FC9D5F0 len 00022A10 (138 KiB): RAM[0m
[0;32mI (346) heap_init: At 3FCC0000 len 0001C710 (113 KiB): Retention RAM[0m
[0;32mI (353) heap_init: At 3FCDC710 len 00002950 (10 KiB): Retention RAM[0m
[0;32mI (360) heap_init: At 50000200 len 00001DE8 (7 KiB): RTCRAM[0m
[0;32mI (367) spi_flash: detected chip: generic[0m
[0;32mI (371) spi_flash: flash io: dio[0m
[0;33mW (375) spi_flash: Detected size(4096k) larger than the size in the binary image header(2048k). Using the size in the binary image header.[0m
[0;32mI (388) sleep: Configure to isolate all GPIO pins in sleep state[0m
[0;32mI (395) sleep: Enable automatic switching of GPIO sleep configuration[0m
[0;32mI (402) main_task: Started on CPU0[0m
[0;32mI (412) main_task: Calling app_main()[0m
[0;32mI (412) lightdb: Start LightDB get sample[0m
[5n
Type 'help' to get the list of commands.
Use UP/DOWN arrows to navigate through command history.
Press TAB when typing command name to auto-complete.

Your terminal application does not support escape sequences.

Line editing and history features are disabled.

On Windows, try using Putty instead.
esp32> [0;33mW (922) lightdb: WiFi and Golioth credentials are not set. Use the shell settings commands to set them.[0m

esp32> 
esp32> 
esp32> 
esp32> settings set wifi/ssid "***JONS_ORANGE_PI_WIFI_SSID***"
Setting wifi/ssid saved
esp32> 
esp32> 
esp32> 
esp32> 
esp32> 
esp32> settings set wifi/psk "***JONS_ORANGE_PI_WIFI_PSK***"
Setting wifi/psk saved
es::add-mask::generated-BbguMNaeITFlyQSy
p32> 
esp32> 
esp32> 
esp32> 
esp32> 
esp32> settings set golioth/psk-id "generated-BbguMNaeITFlyQSy@firmware_ci"
Setting golioth/psk-id saved
esp32> 
esp32> 
esp32> 
esp32> 
esp32> 
esp32> settings set golioth/psk "generated-BbguMNaeITFlyQSy"
Setting golioth/psk saved
esp32> 
esp32> [0;32mI (10942) pp: pp rom version: 9387209[0m
[0;32mI (10942) net80211: net80211 rom version: 9387209[0m
[0;32mI (10962) wifi_init: rx ba win: 6[0m
[0;32mI (10962) wifi_init: accept mbox: 6[0m
[0;32mI (10962) wifi_init: tcpip mbox: 32[0m
[0;32mI (10962) wifi_init: udp mbox: 6[0m
[0;32mI (10972) wifi_init: tcp mbox: 6[0m
[0;32mI (10972) wifi_init: tcp tx win: 5760[0m
[0;32mI (10982) wifi_init: tcp rx win: 5760[0m
[0;32mI (10982) wifi_init: tcp mss: 1440[0m
[0;32mI (10982) wifi_init: WiFi IRAM OP enabled[0m
[0;32mI (10992) wifi_init: WiFi RX IRAM OP enabled[0m
[0;32mI (10992) phy_init: phy_version 1180,01f2a49,Jun  4 2024,16:34:25[0m
[0;33mW (11012) phy_init: failed to load RF calibration data (0x1102), falling back to full calibration[0m
[0;33mW (11052) phy_init: saving new calibration data because of checksum failure, mode(2)[0m
[0;32mI (12442) esp_netif_handlers: sta ip: 192.168.8.141, mask: 255.255.255.0, gw: 192.168.8.1[0m
[0;32mI (12442) example_wifi: WiFi Connected. Got IP:192.168.8.141[0m
[0;32mI (12452) example_wifi: Connected to AP SSID: ***JONS_ORANGE_PI_WIFI_SSID***[0m
[0;32mI (12452) golioth_mbox: Mbox created, bufsize: 2520, num_items: 20, item_size: 120[0m
[0;33mW (12462) lightdb: Waiting for connection to Golioth...[0m
[0;32mI (12472) golioth_coap_client_libcoap: Start CoAP session with host: coaps://coap.golioth.io[0m
[0;32mI (12472) golioth_coap_client_libcoap: Session PSK-ID: generated-BbguMNaeITFlyQSy@firmware_ci[0m
[0;32mI (12492) libcoap: Setting PSK key
[0m
[0;32mI (12492) golioth_coap_client_libcoap: Entering CoAP I/O loop[0m
[0;32mI (12942) golioth_coap_client_libcoap: Golioth CoAP client connected[0m
[0;32mI (12942) lightdb: Golioth client connected[0m
[0;32mI (12942) lightdb: Before request (async)[0m
[0;32mI (12952) lightdb: After request (async)[0m
[0;33mW (13962) lightdb: Failed to get counter (async): 0[0m
[0;32mI (17962) lightdb: Before request (sync)[0m
[0;32mI (18072) lightdb: Counter (sync): 13[0m
[0;32mI (18082) lightdb: After request (sync)[0m
[0;32mI (23082) lightdb: Before JSON request (sync)[0m
[0;32mI (23272) lightdb: 0x3fca0470   7b 22 63 6f 75 6e 74 65  72 22 3a 32 37 7d        |{"counter":27}|[0m
[0;32mI (23272) lightdb: After JSON request (sync)[0m
[0;32mI (28282) lightdb: Before CBOR request (async)[0m
[0;32mI (28282) lightdb: After CBOR request (async)[0m
[0;32mI (28592) lightdb: Counter (CBOR async): 99[0m
[0;32mI (33282) lightdb: Before request (async)[0m
[0;32mI (33282) lightdb: After request (async)[0m
[0;32mI (33572) lightdb: Counter (async): 42[0m
