esptool.py v4.9.0
Serial port /dev/serial/by-id/usb-Silicon_Labs_CP2102N_USB_to_UART_Bridge_Controller_18a5eb8de0faeb11a1553ea4c6d924ec-if00-port0
Connecting....
Detecting chip type... ESP32-C3
Chip is ESP32-C3 (QFN32) (revision v0.3)
Features: WiFi, BLE
Crystal is 40MHz
MAC: 7c:df:a1:da:77:ac
Uploading stub...
Running stub...
Stub running...
Changing baud rate to 460800
Changed.
Configuring flash size...
Erasing flash (this may take a while)...
Chip erase completed successfully in 10.5 seconds.
Compressed 1027808 bytes to 603210...
Writing at 0x00000000... (2 %)
Writing at 0x00011d7c... (5 %)
Writing at 0x0001e970... (8 %)
Writing at 0x0002ae1e... (10 %)
Writing at 0x000338f4... (13 %)
Writing at 0x0003be86... (16 %)
Writing at 0x00041e73... (18 %)
Writing at 0x000482c5... (21 %)
Writing at 0x0004e81b... (24 %)
Writing at 0x00054b1b... (27 %)
Writing at 0x0005a380... (29 %)
Writing at 0x0005ffe3... (32 %)
Writing at 0x00066698... (35 %)
Writing at 0x0006c2b0... (37 %)
Writing at 0x0007219b... (40 %)
Writing at 0x000783a0... (43 %)
Writing at 0x0007e2fc... (45 %)
Writing at 0x00084120... (48 %)
Writing at 0x00089609... (51 %)
Writing at 0x0008f19b... (54 %)
Writing at 0x0009536c... (56 %)
Writing at 0x0009ad0f... (59 %)
Writing at 0x000a058a... (62 %)
Writing at 0x000a6378... (64 %)
Writing at 0x000ac6f5... (67 %)
Writing at 0x000b2bdc... (70 %)
Writing at 0x000b8e41... (72 %)
Writing at 0x000befbd... (75 %)
Writing at 0x000c4cae... (78 %)
Writing at 0x000ca32e... (81 %)
Writing at 0x000cffb3... (83 %)
Writing at 0x000d5cc2... (86 %)
Writing at 0x000dcc7a... (89 %)
Writing at 0x000e307b... (91 %)
Writing at 0x000ea07a... (94 %)
Writing at 0x000efea1... (97 %)
Writing at 0x000f5fea... (100 %)
Wrote 1027808 bytes (603210 compressed) at 0x00000000 in 17.1 seconds (effective 479.8 kbit/s)...
Hash of data verified.

Leaving...
Hard resetting via RTS pin...
ESP-ROM:esp32c3-api1-20210207
Build:Feb  7 2021
rst:0x1 (POWERON),boot:0xc (SPI_FAST_FLASH_BOOT)
SPIWP:0xee
mode:DIO, clock div:1
load:0x3fcd5820,len:0x1574
load:0x403cc710,len:0xc30
load:0x403ce710,len:0x2f64
entry 0x403cc71a
I (30) boot: ESP-IDF v5.4.1 2nd stage bootloader
I (30) boot: compile time Oct  8 2025 19:39:16
I (30) boot: chip revision: v0.3
I (30) boot: efuse block revision: v1.1
I (34) boot.esp32c3: SPI Speed      : 80MHz
I (38) boot.esp32c3: SPI Mode       : DIO
I (41) boot.esp32c3: SPI Flash Size : 2MB
I (45) boot: Enabling RNG early entropy source...
I (50) boot: Partition Table:
I (52) boot: ## Label            Usage          Type ST Offset   Length
I (59) boot:  0 nvs              WiFi data        01 02 00009000 00006000
I (65) boot:  1 phy_init         RF data          01 01 0000f000 00001000
I (72) boot:  2 factory          factory app      00 00 00010000 00100000
I (78) boot: End of partition table
I (81) esp_image: segment 0: paddr=00010020 vaddr=3c0b0020 size=25e30h (155184) map
I (114) esp_image: segment 1: paddr=00035e58 vaddr=3fc93400 size=03050h ( 12368) load
I (116) esp_image: segment 2: paddr=00038eb0 vaddr=40380000 size=07168h ( 29032) load
I (123) esp_image: segment 3: paddr=00040020 vaddr=42000020 size=aec64h (715876) map
I (239) esp_image: segment 4: paddr=000eec8c vaddr=40387168 size=0c208h ( 49672) load
I (248) esp_image: segment 5: paddr=000fae9c vaddr=50000200 size=0001ch (    28) load
I (255) boot: Loaded app from partition at offset 0x10000
I (255) boot: Disabling RNG early entropy source...
I (266) cpu_start: Unicore app
I (274) cpu_start: Pro cpu start user code
I (274) cpu_start: cpu freq: 160000000 Hz
I (274) app_init: Application information:
I (274) app_init: Project name:     get
I (278) app_init: App version:      b12f72d-dirty
I (282) app_init: Compile time:     Oct  8 2025 19:39:09
I (287) app_init: ELF file SHA256:  6db6b4b58...
I (292) app_init: ESP-IDF:          v5.4.1
I (296) efuse_init: Min chip rev:     v0.3
I (299) efuse_init: Max chip rev:     v1.99 
I (303) efuse_init: Chip rev:         v0.3
I (307) heap_init: Initializing. RAM available for dynamic allocation:
I (314) heap_init: At 3FC9DEB0 len 00022150 (136 KiB): RAM
I (319) heap_init: At 3FCC0000 len 0001C710 (113 KiB): Retention RAM
I (325) heap_init: At 3FCDC710 len 00002950 (10 KiB): Retention RAM
I (331) heap_init: At 5000021C len 00001DCC (7 KiB): RTCRAM
I (337) spi_flash: detected chip: generic
I (340) spi_flash: flash io: dio
W (343) spi_flash: Detected size(4096k) larger than the size in the binary image header(2048k). Using the size in the binary image header.
I (355) sleep_gpio: Configure to isolate all GPIO pins in sleep state
I (361) sleep_gpio: Enable automatic switching of GPIO sleep configuration
I (368) main_task: Started on CPU0
I (378) main_task: Calling app_main()
I (378) lightdb: Start LightDB get sample
[5n
Type 'help' to get the list of commands.
Use UP/DOWN arrows to navigate through command history.
Press TAB when typing command name to auto-complete.

Your terminal application does not support escape sequences.

Line editing and history features are disabled.

On Windows, try using Putty instead.
esp32> W (888) lightdb: WiFi and Golioth credentials are not set. Use the shell settings commands to set them.

esp32> 
esp32> 
esp32> 
esp32> settings set wifi/ssid "***MIKES_ORANGE_PI_WIFI_SSID***"
Setting wifi/ssid saved
esp32> 
esp32> 
esp32> 
esp32> 
esp32> 
esp32> settings set wifi/psk "***MIKES_ORANGE_PI_WIFI_PSK***"
Setting wifi/psk saved
esp32> 
esp32> ::add-mask::generated-ONAzaYwYpUhwSWPq

esp32> 
esp32> 
esp32> 
esp32> settings set golioth/psk-id "generated-ONAzaYwYpUhwSWPq@firmware_ci"
Setting golioth/psk-id saved
esp32> 
esp32> 
esp32> 
esp32> 
esp32> 
esp32> settings set golioth/psk "generated-ONAzaYwYpUhwSWPq"
Setting golioth/psk saved
esp32> 
esp32> I (10908) pp: pp rom version: 9387209
I (10908) net80211: net80211 rom version: 9387209
I (10928) wifi_init: rx ba win: 6
I (10928) wifi_init: accept mbox: 6
I (10928) wifi_init: tcpip mbox: 32
I (10928) wifi_init: udp mbox: 6
I (10928) wifi_init: tcp mbox: 6
I (10938) wifi_init: tcp tx win: 5760
I (10938) wifi_init: tcp rx win: 5760
I (10938) wifi_init: tcp mss: 1440
I (10948) wifi_init: WiFi IRAM OP enabled
I (10948) wifi_init: WiFi RX IRAM OP enabled
I (10948) phy_init: phy_version 1200,2b7123f9,Feb 18 2025,15:22:21
W (10958) phy_init: failed to load RF calibration data (0x1102), falling back to full calibration
I (10998) phy_init: Saving new calibration data due to checksum failure or outdated calibration data, mode(2)
I (12998) esp_netif_handlers: sta ip: 192.168.8.119, mask: 255.255.255.0, gw: 192.168.8.1
I (12998) example_wifi: WiFi Connected. Got IP:192.168.8.119
I (13008) example_wifi: Connected to AP SSID: ***MIKES_ORANGE_PI_WIFI_SSID***
I (13008) golioth_mbox: Mbox created, bufsize: 2688, num_items: 20, item_size: 128
W (13018) lightdb: Waiting for connection to Golioth...
I (13028) golioth_coap_client_libcoap: Start CoAP session with host: coaps://coap.golioth.io
I (13028) golioth_coap_client_libcoap: Session PSK-ID: generated-ONAzaYwYpUhwSWPq@firmware_ci
I (13048) libcoap: Setting PSK key

I (13048) golioth_coap_client_libcoap: Entering CoAP I/O loop
I (13808) golioth_coap_client_libcoap: Golioth CoAP client connected
I (13808) lightdb: Golioth client connected
I (13818) lightdb: Before request (async)
I (13818) lightdb: After request (async)
W (14908) lightdb: Failed to get counter (async): 0
I (18828) lightdb: Before request (sync)
I (19138) lightdb: Counter (sync): 13
I (19138) lightdb: After request (sync)
I (24138) lightdb: Before JSON request (sync)
I (24458) lightdb: 0x3fca0b20   7b 22 63 6f 75 6e 74 65  72 22 3a 32 37 7d        |{"counter":27}|
I (24458) lightdb: After JSON request (sync)
I (29478) lightdb: Before CBOR request (async)
I (29478) lightdb: After CBOR request (async)
I (29788) lightdb: Counter (CBOR async): 99
I (34478) lightdb: Before request (async)
I (34478) lightdb: After request (async)
I (34908) lightdb: Counter (async): 42
