esptool.py v4.9.0
Serial port /dev/serial/by-id/usb-Silicon_Labs_CP2102N_USB_to_UART_Bridge_Controller_ca317d585c76eb11ba0a87abb7be2ba5-if00-port0
Connecting....
Detecting chip type... ESP32-C3
Chip is ESP32-C3 (QFN32) (revision v0.3)
Features: WiFi, BLE, Embedded Flash 4MB (XMC)
Crystal is 40MHz
MAC: 84:f7:03:09:96:10
Uploading stub...
Running stub...
Stub running...
Changing baud rate to 460800
Changed.
Configuring flash size...
Erasing flash (this may take a while)...
Chip erase completed successfully in 22.5 seconds.
Compressed 1029120 bytes to 601811...
Writing at 0x00000000... (2 %)
Writing at 0x00011be7... (5 %)
Writing at 0x0001e8e0... (8 %)
Writing at 0x0002b038... (10 %)
Writing at 0x00034305... (13 %)
Writing at 0x0003c472... (16 %)
Writing at 0x0004242d... (18 %)
Writing at 0x000489fb... (21 %)
Writing at 0x0004f229... (24 %)
Writing at 0x00055627... (27 %)
Writing at 0x0005ae39... (29 %)
Writing at 0x00060ae8... (32 %)
Writing at 0x00066fc5... (35 %)
Writing at 0x0006ccf6... (37 %)
Writing at 0x00072bfd... (40 %)
Writing at 0x00078ea3... (43 %)
Writing at 0x0007ec02... (45 %)
Writing at 0x00084a6a... (48 %)
Writing at 0x0008a1a6... (51 %)
Writing at 0x0008fae3... (54 %)
Writing at 0x00095de0... (56 %)
Writing at 0x0009b866... (59 %)
Writing at 0x000a11dd... (62 %)
Writing at 0x000a7103... (64 %)
Writing at 0x000ad5cb... (67 %)
Writing at 0x000b37c2... (70 %)
Writing at 0x000b9c0a... (72 %)
Writing at 0x000bfc55... (75 %)
Writing at 0x000c594c... (78 %)
Writing at 0x000cafbf... (81 %)
Writing at 0x000d0d7e... (83 %)
Writing at 0x000d6a0e... (86 %)
Writing at 0x000ddaa0... (89 %)
Writing at 0x000e3d69... (91 %)
Writing at 0x000eac57... (94 %)
Writing at 0x000f0bdf... (97 %)
Writing at 0x000f6c89... (100 %)
Wrote 1029120 bytes (601811 compressed) at 0x00000000 in 20.8 seconds (effective 395.7 kbit/s)...
Hash of data verified.

Leaving...
Hard resetting via RTS pin...
Build:Feb  7 2021
rst:0x1 (POWERON),boot:0xc (SPI_FAST_FLASH_BOOT)
SPIWP:0xee
mode:DIO, clock div:1
load:0x3fcd5820,len:0x1574
load:0x403cc710,len:0xc30
load:0x403ce710,len:0x2ff0
entry 0x403cc71a
I (30) boot: ESP-IDF v5.4.1 2nd stage bootloader
I (30) boot: compile time Oct  8 2025 19:28:05
I (30) boot: chip revision: v0.3
I (30) boot: efuse block revision: v1.1
I (34) boot.esp32c3: SPI Speed      : 80MHz
I (38) boot.esp32c3: SPI Mode       : DIO
I (41) boot.esp32c3: SPI Flash Size : 4MB
I (45) boot: Enabling RNG early entropy source...
I (50) boot: Partition Table:
I (52) boot: ## Label            Usage          Type ST Offset   Length
I (59) boot:  0 nvs              WiFi data        01 02 00009000 00006000
I (65) boot:  1 phy_init         RF data          01 01 0000f000 00001000
I (72) boot:  2 factory          factory app      00 00 00010000 00100000
I (78) boot: End of partition table
I (81) esp_image: segment 0: paddr=00010020 vaddr=3c0b0020 size=25fe8h (155624) map
I (114) esp_image: segment 1: paddr=00036010 vaddr=3fc93400 size=03048h ( 12360) load
I (116) esp_image: segment 2: paddr=00039060 vaddr=40380000 size=06fb8h ( 28600) load
I (123) esp_image: segment 3: paddr=00040020 vaddr=42000020 size=aefd8h (716760) map
I (239) esp_image: segment 4: paddr=000ef000 vaddr=40386fb8 size=0c3b8h ( 50104) load
I (249) esp_image: segment 5: paddr=000fb3c0 vaddr=50000200 size=0001ch (    28) load
I (255) boot: Loaded app from partition at offset 0x10000
I (255) boot: Disabling RNG early entropy source...
I (266) cpu_start: Unicore app
I (275) cpu_start: Pro cpu start user code
I (275) cpu_start: cpu freq: 160000000 Hz
I (275) app_init: Application information:
I (275) app_init: Project name:     test
I (278) app_init: App version:      b12f72d-dirty
I (283) app_init: Compile time:     Oct  8 2025 19:27:59
I (288) app_init: ELF file SHA256:  3e58a35e9...
I (292) app_init: ESP-IDF:          v5.4.1
I (296) efuse_init: Min chip rev:     v0.3
I (300) efuse_init: Max chip rev:     v1.99 
I (304) efuse_init: Chip rev:         v0.3
I (308) heap_init: Initializing. RAM available for dynamic allocation:
I (314) heap_init: At 3FC9F2E0 len 00020D20 (131 KiB): RAM
I (319) heap_init: At 3FCC0000 len 0001C710 (113 KiB): Retention RAM
I (325) heap_init: At 3FCDC710 len 00002950 (10 KiB): Retention RAM
I (331) heap_init: At 5000021C len 00001DCC (7 KiB): RTCRAM
I (337) spi_flash: detected chip: generic
I (340) spi_flash: flash io: dio
I (344) sleep_gpio: Configure to isolate all GPIO pins in sleep state
I (349) sleep_gpio: Enable automatic switching of GPIO sleep configuration
I (356) main_task: Started on CPU0
I (386) main_task: Calling app_main()
[5n
Type 'help' to get the list of commands.
Use UP/DOWN arrows to navigate through command history.
Press TAB when typing command name to auto-complete.

Your terminal application does not support escape sequences.

Line editing and history features are disabled.

On Windows, try using Putty instead.
esp32> W (886) hil_test: WiFi and Golioth credentials are not set. Use the shell settings commands to set them.

esp32> 
esp32> 
esp32> 
esp32> settings set wifi/ssid "***JONS_ORANGE_PI_WIFI_SSID***"
Setting wifi/ssid saved
esp32> 
esp32> 
esp32> 
esp32> 
esp32> 
esp32> settings set wifi/psk "***JONS_ORANGE_PI_WIFI_PSK***"
Setting wifi/psk saved
es::add-mask::generated-iUMABDHQmaasrxNo
p32> 
esp32> 
esp32> 
esp32> 
esp32> 
esp32> settings set golioth/psk-id "generated-iUMABDHQmaasrxNo@firmware_ci"
Setting golioth/psk-id saved
esp32> 
esp32> 
esp32> 
esp32> 
esp32> 
esp32> settings set golioth/psk "generated-iUMABDHQmaasrxNo"
Setting golioth/psk saved
esp32> 
esp32> I (7906) pp: pp rom version: 9387209
I (7906) net80211: net80211 rom version: 9387209
I (7926) wifi_init: rx ba win: 6
I (7926) wifi_init: accept mbox: 6
I (7926) wifi_init: tcpip mbox: 32
I (7926) wifi_init: udp mbox: 6
I (7926) wifi_init: tcp mbox: 6
I (7936) wifi_init: tcp tx win: 5760
I (7936) wifi_init: tcp rx win: 5760
I (7936) wifi_init: tcp mss: 1440
I (7946) wifi_init: WiFi IRAM OP enabled
I (7946) wifi_init: WiFi RX IRAM OP enabled
I (7946) phy_init: phy_version 1200,2b7123f9,Feb 18 2025,15:22:21
W (7956) phy_init: failed to load RF calibration data (0x1102), falling back to full calibration
I (7986) phy_init: Saving new calibration data due to checksum failure or outdated calibration data, mode(2)
I (9396) esp_netif_handlers: sta ip: 192.168.8.141, mask: 255.255.255.0, gw: 192.168.8.1
I (9396) example_wifi: WiFi Connected. Got IP:192.168.8.141
I (9406) example_wifi: Connected to AP SSID: ***JONS_ORANGE_PI_WIFI_SSID***
I (9406) golioth_mbox: Mbox created, bufsize: 2688, num_items: 20, item_size: 128
I (9426) golioth_coap_client_libcoap: Start CoAP session with host: coaps://coap.golioth.io
I (9426) golioth_coap_client_libcoap: Session PSK-ID: generated-iUMABDHQmaasrxNo@firmware_ci
I (9436) libcoap: Setting PSK key

I (9436) golioth_coap_client_libcoap: Entering CoAP I/O loop
I (10156) golioth_coap_client_libcoap: Golioth CoAP client connected
I (10306) test_ota: Manifest received
I (10306) test_ota: Manifest successfully decoded
I (10306) test_ota: Manifest doesn't have main or walrus components, skipping this one.
I (12716) test_ota: Manifest received
I (12716) test_ota: Manifest successfully decoded
I (12716) test_ota: Manifest doesn't have main or walrus components, skipping this one.
I (12966) test_ota: Manifest received
I (12976) test_ota: Manifest successfully decoded
I (12976) test_ota: Manifest doesn't have main or walrus components, skipping this one.
I (13176) test_ota: Manifest received
I (13176) test_ota: Manifest successfully decoded
I (13186) test_ota: Manifest doesn't have main or walrus components, skipping this one.
I (13586) test_ota: Manifest received
I (13596) test_ota: Manifest successfully decoded
I (13596) test_ota: Manifest doesn't have main or walrus components, skipping this one.
I (13806) test_ota: Manifest received
I (13806) test_ota: Manifest successfully decoded
I (13806) test_ota: Manifest doesn't have main or walrus components, skipping this one.
I (14196) test_ota: Manifest received
I (14196) test_ota: Manifest successfully decoded
I (14206) test_ota: Found main component
I (14206) test_ota: No absent component found
I (14216) test_ota: component.package: main
I (14216) test_ota: component.version: 1.2.2
I (14216) test_ota: component.size: 16147
I (14226) test_ota: component.hash: 62c035ff42d6c61ad9d1caf9ee3425dae3ef360eb9d145061d3f76092e266018
I (14226) test_ota: component.uri: /.u/c/main@1.2.2
I (14236) test_ota: component.bootloader: default
