esptool.py v4.9.0
Serial port /dev/serial/by-id/usb-Silicon_Labs_CP2102N_USB_to_UART_Bridge_Controller_90568bbbd827ee11b31a14d8f49e3369-if00-port0
Connecting.........
Detecting chip type... Unsupported detection protocol, switching and trying again...
Connecting....
Detecting chip type... ESP32
Chip is ESP32-D0WD-V3 (revision v3.1)
Features: WiFi, BT, Dual Core, 240MHz, VRef calibration in efuse, Coding Scheme None
Crystal is 40MHz
MAC: a0:a3:b3:8b:38:c0
Uploading stub...
Running stub...
Stub running...
Changing baud rate to 460800
Changed.
Configuring flash size...
Erasing flash (this may take a while)...
Chip erase completed successfully in 2.2 seconds.
Compressed 974720 bytes to 612839...
Writing at 0x00000000... (2 %)
Writing at 0x000074c0... (5 %)
Writing at 0x0001bf45... (7 %)
Writing at 0x00028e6d... (10 %)
Writing at 0x000316ae... (13 %)
Writing at 0x0003b17f... (15 %)
Writing at 0x00040869... (18 %)
Writing at 0x00046172... (21 %)
Writing at 0x0004b94c... (23 %)
Writing at 0x00050dbc... (26 %)
Writing at 0x00055fbe... (28 %)
Writing at 0x0005b34e... (31 %)
Writing at 0x00060a13... (34 %)
Writing at 0x00065aff... (36 %)
Writing at 0x0006adba... (39 %)
Writing at 0x000700b9... (42 %)
Writing at 0x00075218... (44 %)
Writing at 0x0007a4ef... (47 %)
Writing at 0x0007fa5e... (50 %)
Writing at 0x0008534e... (52 %)
Writing at 0x0008adac... (55 %)
Writing at 0x000900f7... (57 %)
Writing at 0x0009533d... (60 %)
Writing at 0x0009aa89... (63 %)
Writing at 0x000a019e... (65 %)
Writing at 0x000a54c8... (68 %)
Writing at 0x000aaa77... (71 %)
Writing at 0x000b052d... (73 %)
Writing at 0x000b566f... (76 %)
Writing at 0x000ba93e... (78 %)
Writing at 0x000c0319... (81 %)
Writing at 0x000c7987... (84 %)
Writing at 0x000ce0d0... (86 %)
Writing at 0x000d5832... (89 %)
Writing at 0x000db114... (92 %)
Writing at 0x000e0b29... (94 %)
Writing at 0x000e68c3... (97 %)
Writing at 0x000ebab2... (100 %)
Wrote 974720 bytes (612839 compressed) at 0x00000000 in 14.2 seconds (effective 549.3 kbit/s)...
Hash of data verified.

Leaving...
Hard resetting via RTS pin...
q_drv:0x00,d_drv:0x00,cs0_drv:0x00,hd_drv:0x00,wp_drv:0x00
mode:DIO, clock div:2
load:0x3fff0030,len:6276
load:0x40078000,len:15748
load:0x40080400,len:4
ho 8 tail 4 room 4
load:0x40080404,len:3860
entry 0x4008063c
I (31) boot: ESP-IDF v5.4.1 2nd stage bootloader
I (31) boot: compile time Oct 17 2025 15:42:47
I (31) boot: Multicore bootloader
I (32) boot: chip revision: v3.1
I (35) boot.esp32: SPI Speed      : 40MHz
I (39) boot.esp32: SPI Mode       : DIO
I (43) boot.esp32: SPI Flash Size : 2MB
I (46) boot: Enabling RNG early entropy source...
I (51) boot: Partition Table:
I (53) boot: ## Label            Usage          Type ST Offset   Length
I (60) boot:  0 nvs              WiFi data        01 02 00009000 00006000
I (66) boot:  1 phy_init         RF data          01 01 0000f000 00001000
I (73) boot:  2 factory          factory app      00 00 00010000 00100000
I (79) boot: End of partition table
I (82) esp_image: segment 0: paddr=00010020 vaddr=3f400020 size=248c0h (149696) map
I (141) esp_image: segment 1: paddr=000348e8 vaddr=3ff80000 size=0001ch (    28) load
I (141) esp_image: segment 2: paddr=0003490c vaddr=3ffb0000 size=040e8h ( 16616) load
I (151) esp_image: segment 3: paddr=000389fc vaddr=40080000 size=0761ch ( 30236) load
I (164) esp_image: segment 4: paddr=00040020 vaddr=400d0020 size=9e5b0h (648624) map
I (386) esp_image: segment 5: paddr=000de5d8 vaddr=4008761c size=0f978h ( 63864) load
I (422) boot: Loaded app from partition at offset 0x10000
I (422) boot: Disabling RNG early entropy source...
I (433) cpu_start: Multicore app
I (441) cpu_start: Pro cpu start user code
I (441) cpu_start: cpu freq: 160000000 Hz
I (441) app_init: Application information:
I (441) app_init: Project name:     rpc
I (445) app_init: App version:      e446d76-dirty
I (449) app_init: Compile time:     Oct 17 2025 15:42:41
I (454) app_init: ELF file SHA256:  efc2c8e8d...
I (458) app_init: ESP-IDF:          v5.4.1
I (462) efuse_init: Min chip rev:     v0.0
I (466) efuse_init: Max chip rev:     v3.99 
I (470) efuse_init: Chip rev:         v3.1
I (474) heap_init: Initializing. RAM available for dynamic allocation:
I (480) heap_init: At 3FFAE6E0 len 00001920 (6 KiB): DRAM
I (485) heap_init: At 3FFBBC20 len 000243E0 (144 KiB): DRAM
I (490) heap_init: At 3FFE0440 len 00003AE0 (14 KiB): D/IRAM
I (496) heap_init: At 3FFE4350 len 0001BCB0 (111 KiB): D/IRAM
I (501) heap_init: At 40096F94 len 0000906C (36 KiB): IRAM
I (508) spi_flash: detected chip: generic
I (510) spi_flash: flash io: dio
W (513) spi_flash: Detected size(8192k) larger than the size in the binary image header(2048k). Using the size in the binary image header.
I (526) main_task: Started on CPU0
I (536) main_task: Calling app_main()
I (536) rpc: Start RPC sample
[5n
Type 'help' to get the list of commands.
Use UP/DOWN arrows to navigate through command history.
Press TAB when typing command name to auto-complete.

Your terminal application does not support escape sequences.

Line editing and history features are disabled.

On Windows, try using Putty instead.
esp32> W (1046) rpc: WiFi and Golioth credentials are not set. Use the shell settings commands to set them.

esp32> 
esp32> 
esp32> 
esp32> settings set wifi/ssid "***SAMS_ORANGE_PI_WIFI_SSID***"
Setting wifi/ssid saved
esp32> 
esp32> 
esp32> 
esp32> 
esp32> 
esp32> settings set wifi/psk "***SAMS_ORANGE_PI_WIFI_PSK***"
Setting wifi/psk saved
esp32> 
esp32> ::add-mask::generated-TxCgdsKqagNJFwSC

esp32> 
esp32> 
esp32> 
esp32> settings set golioth/psk-id "generated-TxCgdsKqagNJFwSC@firmware_ci"
Setting golioth/psk-id saved
esp32> 
esp32> 
esp32> 
esp32> 
esp32> 
esp32> settings set golioth/psk "generated-TxCgdsKqagNJFwSC"
Setting golioth/psk saved
esp32> 
esp32> I (8096) wifi_init: rx ba win: 6
I (8096) wifi_init: accept mbox: 6
I (8096) wifi_init: tcpip mbox: 32
I (8096) wifi_init: udp mbox: 6
I (8096) wifi_init: tcp mbox: 6
I (8116) wifi_init: tcp tx win: 5760
I (8116) wifi_init: tcp rx win: 5760
I (8116) wifi_init: tcp mss: 1440
I (8116) wifi_init: WiFi IRAM OP enabled
I (8126) wifi_init: WiFi RX IRAM OP enabled
I (8126) phy_init: phy_version 4860,6b7a6e5,Feb  6 2025,14:47:07
W (8126) phy_init: failed to load RF calibration data (0x1102), falling back to full calibration
I (8206) phy_init: Saving new calibration data due to checksum failure or outdated calibration data, mode(2)
I (10126) esp_netif_handlers: sta ip: 192.168.0.119, mask: 255.255.255.0, gw: 192.168.0.1
I (10126) example_wifi: WiFi Connected. Got IP:192.168.0.119
I (10126) example_wifi: Connected to AP SSID: ***SAMS_ORANGE_PI_WIFI_SSID***
I (10136) golioth_mbox: Mbox created, bufsize: 2688, num_items: 20, item_size: 128
W (10146) rpc: Waiting for connection to Golioth...
I (10176) golioth_coap_client_libcoap: Start CoAP session with host: coaps://coap.golioth.io
I (10176) golioth_coap_client_libcoap: Session PSK-ID: generated-TxCgdsKqagNJFwSC@firmware_ci
I (10196) libcoap: Setting PSK key

I (10206) golioth_coap_client_libcoap: Entering CoAP I/O loop
I (11696) golioth_coap_client_libcoap: Golioth CoAP client connected
I (11696) rpc: Golioth client connected
I (11706) rpc: RPC successfully registered
I (11916) golioth_rpc: RPC observation established
