esptool.py v4.9.0
Serial port /dev/serial/by-id/usb-Silicon_Labs_CP2102N_USB_to_UART_Bridge_Controller_08bd8600facfec119c501d2686bdcd52-if00-port0
Connecting....
Detecting chip type... ESP32-S3
Chip is ESP32-S3 (QFN56) (revision v0.1)
Features: WiFi, BLE, Embedded PSRAM 8MB (AP_3v3)
Crystal is 40MHz
MAC: 34:85:18:6d:04:5c
Uploading stub...
Running stub...
Stub running...
Changing baud rate to 460800
Changed.
Configuring flash size...
Erasing flash (this may take a while)...
Chip erase completed successfully in 1.3 seconds.
Compressed 965824 bytes to 600160...
Writing at 0x00000000... (2 %)
Writing at 0x000115d9... (5 %)
Writing at 0x0001e7de... (8 %)
Writing at 0x0002a6ca... (10 %)
Writing at 0x00033d59... (13 %)
Writing at 0x0003cd67... (16 %)
Writing at 0x00042ee1... (18 %)
Writing at 0x000486dd... (21 %)
Writing at 0x0004e32b... (24 %)
Writing at 0x00053bad... (27 %)
Writing at 0x00058e76... (29 %)
Writing at 0x0005e19f... (32 %)
Writing at 0x00063d86... (35 %)
Writing at 0x00068e2e... (37 %)
Writing at 0x0006e0d1... (40 %)
Writing at 0x000733ca... (43 %)
Writing at 0x00078518... (45 %)
Writing at 0x0007d832... (48 %)
Writing at 0x00082d7a... (51 %)
Writing at 0x0008836e... (54 %)
Writing at 0x0008d8fa... (56 %)
Writing at 0x0009295b... (59 %)
Writing at 0x0009794e... (62 %)
Writing at 0x0009cf4a... (64 %)
Writing at 0x000a1fea... (67 %)
Writing at 0x000a72f0... (70 %)
Writing at 0x000ac8a0... (72 %)
Writing at 0x000b1ec6... (75 %)
Writing at 0x000b6f52... (78 %)
Writing at 0x000bc5df... (81 %)
Writing at 0x000c1e14... (83 %)
Writing at 0x000c93e2... (86 %)
Writing at 0x000d08e6... (89 %)
Writing at 0x000d76a0... (91 %)
Writing at 0x000dcf93... (94 %)
Writing at 0x000e2ab3... (97 %)
Writing at 0x000e82f4... (100 %)
Wrote 965824 bytes (600160 compressed) at 0x00000000 in 13.8 seconds (effective 557.9 kbit/s)...
Hash of data verified.

Leaving...
Hard resetting via RTS pin...
ESP-ROM:esp32s3-20210327
Build:Mar 27 2021
rst:0x1 (POWERON),boot:0x8 (SPI_FAST_FLASH_BOOT)
SPIWP:0xee
mode:DIO, clock div:1
load:0x3fce2810,len:0x15a0
load:0x403c8700,len:0x4
load:0x403c8704,len:0xd20
load:0x403cb700,len:0x2f58
entry 0x403c8928
I (27) boot: ESP-IDF v5.4.1 2nd stage bootloader
I (27) boot: compile time Oct 17 2025 15:30:47
I (27) boot: Multicore bootloader
I (27) boot: chip revision: v0.1
I (30) boot: efuse block revision: v1.2
I (33) boot.esp32s3: Boot SPI Speed : 80MHz
I (37) boot.esp32s3: SPI Mode       : DIO
I (41) boot.esp32s3: SPI Flash Size : 4MB
I (45) boot: Enabling RNG early entropy source...
I (49) boot: Partition Table:
I (52) boot: ## Label            Usage          Type ST Offset   Length
I (58) boot:  0 nvs              WiFi data        01 02 00009000 00006000
I (65) boot:  1 phy_init         RF data          01 01 0000f000 00001000
I (71) boot:  2 factory          factory app      00 00 00010000 00100000
I (78) boot: End of partition table
I (81) esp_image: segment 0: paddr=00010020 vaddr=3c0a0020 size=24aa0h (150176) map
I (115) esp_image: segment 1: paddr=00034ac8 vaddr=3fc99400 size=04bc0h ( 19392) load
I (119) esp_image: segment 2: paddr=00039690 vaddr=40374000 size=06988h ( 27016) load
I (125) esp_image: segment 3: paddr=00040020 vaddr=42000020 size=9d22ch (643628) map
I (240) esp_image: segment 4: paddr=000dd254 vaddr=4037a988 size=0ea1ch ( 59932) load
I (253) esp_image: segment 5: paddr=000ebc78 vaddr=600fe100 size=0001ch (    28) load
I (262) boot: Loaded app from partition at offset 0x10000
I (262) boot: Disabling RNG early entropy source...
I (272) cpu_start: Multicore app
I (281) cpu_start: Pro cpu start user code
I (281) cpu_start: cpu freq: 160000000 Hz
I (281) app_init: Application information:
I (281) app_init: Project name:     test
I (285) app_init: App version:      e446d76-dirty
I (289) app_init: Compile time:     Oct 17 2025 15:30:40
I (294) app_init: ELF file SHA256:  102445b86...
I (299) app_init: ESP-IDF:          v5.4.1
I (302) efuse_init: Min chip rev:     v0.0
I (306) efuse_init: Max chip rev:     v0.99 
I (310) efuse_init: Chip rev:         v0.1
I (314) heap_init: Initializing. RAM available for dynamic allocation:
I (320) heap_init: At 3FCA5968 len 00043DA8 (271 KiB): RAM
I (325) heap_init: At 3FCE9710 len 00005724 (21 KiB): RAM
I (331) heap_init: At 3FCF0000 len 00008000 (32 KiB): DRAM
I (336) heap_init: At 600FE11C len 00001ECC (7 KiB): RTCRAM
I (342) spi_flash: detected chip: gd
I (344) spi_flash: flash io: dio
W (347) spi_flash: Detected size(8192k) larger than the size in the binary image header(4096k). Using the size in the binary image header.
I (360) sleep_gpio: Configure to isolate all GPIO pins in sleep state
I (366) sleep_gpio: Enable automatic switching of GPIO sleep configuration
I (373) main_task: Started on CPU0
I (393) main_task: Calling app_main()
[5n
Type 'help' to get the list of commands.
Use UP/DOWN arrows to navigate through command history.
Press TAB when typing command name to auto-complete.

Your terminal application does not support escape sequences.

Line editing and history features are disabled.

On Windows, try using Putty instead.
esp32> W (903) hil_test: WiFi and Golioth credentials are not set. Use the shell settings commands to set them.

esp32> 
esp32> 
esp32> 
esp32> settings set wifi/ssid "***MIKES_ORANGE_PI_WIFI_SSID***"
Setting wifi/ssid saved
esp32> 
esp32> 
esp32> 
esp32> 
esp32> 
esp32> settings set wifi/psk "***MIKES_ORANGE_PI_WIFI_PSK***"
Setting wifi/psk saved
esp32> 
esp32> ::add-mask::generated-ylyskncvEVOgtByN

esp32> 
esp32> 
esp32> 
esp32> settings set golioth/psk-id "generated-ylyskncvEVOgtByN@firmware_ci"
Setting golioth/psk-id saved
esp32> 
esp32> 
esp32> 
esp32> 
esp32> 
esp32> settings set golioth/psk "generated-ylyskncvEVOgtByN"
Setting golioth/psk saved
esp32> 
esp32> I (7933) pp: pp rom version: e7ae62f
I (7933) net80211: net80211 rom version: e7ae62f
I (7953) wifi_init: rx ba win: 6
I (7953) wifi_init: accept mbox: 6
I (7953) wifi_init: tcpip mbox: 32
I (7953) wifi_init: udp mbox: 6
I (7953) wifi_init: tcp mbox: 6
I (7963) wifi_init: tcp tx win: 5760
I (7963) wifi_init: tcp rx win: 5760
I (7963) wifi_init: tcp mss: 1440
I (7963) wifi_init: WiFi IRAM OP enabled
I (7983) wifi_init: WiFi RX IRAM OP enabled
I (7983) phy_init: phy_version 700,8582a7fd,Feb 10 2025,20:13:11
W (7983) phy_init: failed to load RF calibration data (0x1102), falling back to full calibration
I (8023) phy_init: Saving new calibration data due to checksum failure or outdated calibration data, mode(2)
I (10203) esp_netif_handlers: sta ip: 192.168.8.234, mask: 255.255.255.0, gw: 192.168.8.1
I (10203) example_wifi: WiFi Connected. Got IP:192.168.8.234
I (10203) example_wifi: Connected to AP SSID: ***MIKES_ORANGE_PI_WIFI_SSID***
I (10213) golioth_mbox: Mbox created, bufsize: 2688, num_items: 20, item_size: 128
I (10223) golioth_coap_client_libcoap: Start CoAP session with host: coaps://coap.golioth.io
I (10223) golioth_coap_client_libcoap: Session PSK-ID: generated-ylyskncvEVOgtByN@firmware_ci
I (10243) libcoap: Setting PSK key

I (10243) golioth_coap_client_libcoap: Entering CoAP I/O loop
I (11603) golioth_coap_client_libcoap: Golioth CoAP client connected
I (15033) test_lightdb: LightDB State desired data is ready
W (23383) golioth_coap_client_libcoap: 4.00 (req type: 3, path: .d/hil/lightdb/invalid/dot), len 0
I (23493) test_lightdb: LightDB State reported data is ready
