esptool.py v4.9.0
Serial port /dev/serial/by-id/usb-Silicon_Labs_CP2102N_USB_to_UART_Bridge_Controller_ca317d585c76eb11ba0a87abb7be2ba5-if00-port0
Connecting....
Detecting chip type... ESP32-C3
Chip is ESP32-C3 (QFN32) (revision v0.3)
Features: WiFi, BLE, Embedded Flash 4MB (XMC)
Crystal is 40MHz
MAC: 84:f7:03:09:96:10
Uploading stub...
Running stub...
Stub running...
Changing baud rate to 460800
Changed.
Configuring flash size...
Erasing flash (this may take a while)...
Chip erase completed successfully in 22.3 seconds.
Compressed 1022560 bytes to 599017...
Writing at 0x00000000... (2 %)
Writing at 0x00011bff... (5 %)
Writing at 0x0001e940... (8 %)
Writing at 0x0002aa4e... (10 %)
Writing at 0x00033fce... (13 %)
Writing at 0x0003bcd4... (16 %)
Writing at 0x00041e1e... (18 %)
Writing at 0x000481a8... (21 %)
Writing at 0x0004e6f0... (24 %)
Writing at 0x00054e4d... (27 %)
Writing at 0x0005a6d6... (29 %)
Writing at 0x000602c3... (32 %)
Writing at 0x00066962... (35 %)
Writing at 0x0006c4d5... (37 %)
Writing at 0x00072396... (40 %)
Writing at 0x00078673... (43 %)
Writing at 0x0007e442... (45 %)
Writing at 0x000843d0... (48 %)
Writing at 0x000898f2... (51 %)
Writing at 0x0008f3e2... (54 %)
Writing at 0x000955fe... (56 %)
Writing at 0x0009b01c... (59 %)
Writing at 0x000a095c... (62 %)
Writing at 0x000a68ea... (64 %)
Writing at 0x000ace78... (67 %)
Writing at 0x000b2f37... (70 %)
Writing at 0x000b93e0... (72 %)
Writing at 0x000bf36e... (75 %)
Writing at 0x000c50b1... (78 %)
Writing at 0x000ca6cb... (81 %)
Writing at 0x000d04f3... (83 %)
Writing at 0x000d6210... (86 %)
Writing at 0x000dd1e8... (89 %)
Writing at 0x000e3679... (91 %)
Writing at 0x000ea31d... (94 %)
Writing at 0x000f03c4... (97 %)
Writing at 0x000f626e... (100 %)
Wrote 1022560 bytes (599017 compressed) at 0x00000000 in 20.5 seconds (effective 398.4 kbit/s)...
Hash of data verified.

Leaving...
Hard resetting via RTS pin...
Build:Feb  7 2021
rst:0x1 (POWERON),boot:0xc (SPI_FAST_FLASH_BOOT)
SPIWP:0xee
mode:DIO, clock div:1
load:0x3fcd5820,len:0x1574
load:0x403cc710,len:0xc30
load:0x403ce710,len:0x2ff0
entry 0x403cc71a
I (30) boot: ESP-IDF v5.4.1 2nd stage bootloader
I (30) boot: compile time Oct 17 2025 15:30:39
I (30) boot: chip revision: v0.3
I (30) boot: efuse block revision: v1.1
I (34) boot.esp32c3: SPI Speed      : 80MHz
I (38) boot.esp32c3: SPI Mode       : DIO
I (41) boot.esp32c3: SPI Flash Size : 4MB
I (45) boot: Enabling RNG early entropy source...
I (50) boot: Partition Table:
I (52) boot: ## Label            Usage          Type ST Offset   Length
I (59) boot:  0 nvs              WiFi data        01 02 00009000 00006000
I (65) boot:  1 phy_init         RF data          01 01 0000f000 00001000
I (72) boot:  2 factory          factory app      00 00 00010000 00100000
I (78) boot: End of partition table
I (81) esp_image: segment 0: paddr=00010020 vaddr=3c0b0020 size=254b0h (152752) map
I (113) esp_image: segment 1: paddr=000354d8 vaddr=3fc93400 size=03048h ( 12360) load
I (116) esp_image: segment 2: paddr=00038528 vaddr=40380000 size=07af0h ( 31472) load
I (123) esp_image: segment 3: paddr=00040020 vaddr=42000020 size=ae16ch (713068) map
I (238) esp_image: segment 4: paddr=000ee194 vaddr=40387af0 size=0b880h ( 47232) load
I (247) esp_image: segment 5: paddr=000f9a1c vaddr=50000200 size=0001ch (    28) load
I (253) boot: Loaded app from partition at offset 0x10000
I (254) boot: Disabling RNG early entropy source...
I (265) cpu_start: Unicore app
I (273) cpu_start: Pro cpu start user code
I (273) cpu_start: cpu freq: 160000000 Hz
I (273) app_init: Application information:
I (273) app_init: Project name:     test
I (277) app_init: App version:      e446d76-dirty
I (281) app_init: Compile time:     Oct 17 2025 15:30:32
I (286) app_init: ELF file SHA256:  34c2964fe...
I (291) app_init: ESP-IDF:          v5.4.1
I (295) efuse_init: Min chip rev:     v0.3
I (298) efuse_init: Max chip rev:     v1.99 
I (302) efuse_init: Chip rev:         v0.3
I (306) heap_init: Initializing. RAM available for dynamic allocation:
I (313) heap_init: At 3FC9DE20 len 000221E0 (136 KiB): RAM
I (318) heap_init: At 3FCC0000 len 0001C710 (113 KiB): Retention RAM
I (324) heap_init: At 3FCDC710 len 00002950 (10 KiB): Retention RAM
I (330) heap_init: At 5000021C len 00001DCC (7 KiB): RTCRAM
I (336) spi_flash: detected chip: generic
I (339) spi_flash: flash io: dio
I (342) sleep_gpio: Configure to isolate all GPIO pins in sleep state
I (348) sleep_gpio: Enable automatic switching of GPIO sleep configuration
I (355) main_task: Started on CPU0
I (385) main_task: Calling app_main()
[5n
Type 'help' to get the list of commands.
Use UP/DOWN arrows to navigate through command history.
Press TAB when typing command name to auto-complete.

Your terminal application does not support escape sequences.

Line editing and history features are disabled.

On Windows, try using Putty instead.
esp32> W (885) hil_test: WiFi and Golioth credentials are not set. Use the shell settings commands to set them.

esp32> 
esp32> 
esp32> 
esp32> settings set wifi/ssid "***JONS_ORANGE_PI_WIFI_SSID***"
Setting wifi/ssid saved
esp32> 
esp32> 
esp32> 
esp32> 
esp32> 
esp32> settings set wifi/psk "***JONS_ORANGE_PI_WIFI_PSK***"
Setting wifi/psk saved
es::add-mask::generated-uTmejKqgpgmODjrh
p32> 
esp32> 
esp32> 
esp32> 
esp32> 
esp32> settings set golioth/psk-id "generated-uTmejKqgpgmODjrh@firmware_ci"
Setting golioth/psk-id saved
esp32> 
esp32> 
esp32> 
esp32> 
esp32> 
esp32> settings set golioth/psk "generated-uTmejKqgpgmODjrh"
Setting golioth/psk saved
esp32> 
esp32> I (14905) pp: pp rom version: 9387209
I (14905) net80211: net80211 rom version: 9387209
I (14925) wifi_init: rx ba win: 6
I (14925) wifi_init: accept mbox: 6
I (14925) wifi_init: tcpip mbox: 32
I (14925) wifi_init: udp mbox: 6
I (14925) wifi_init: tcp mbox: 6
I (14935) wifi_init: tcp tx win: 5760
I (14935) wifi_init: tcp rx win: 5760
I (14935) wifi_init: tcp mss: 1440
I (14945) wifi_init: WiFi IRAM OP enabled
I (14945) wifi_init: WiFi RX IRAM OP enabled
I (14945) phy_init: phy_version 1200,2b7123f9,Feb 18 2025,15:22:21
W (14955) phy_init: failed to load RF calibration data (0x1102), falling back to full calibration
I (14995) phy_init: Saving new calibration data due to checksum failure or outdated calibration data, mode(2)
I (16395) esp_netif_handlers: sta ip: 192.168.8.141, mask: 255.255.255.0, gw: 192.168.8.1
I (16395) example_wifi: WiFi Connected. Got IP:192.168.8.141
I (16405) example_wifi: Connected to AP SSID: ***JONS_ORANGE_PI_WIFI_SSID***
I (16405) golioth_mbox: Mbox created, bufsize: 2688, num_items: 20, item_size: 128
I (16415) golioth_coap_client_libcoap: Start CoAP session with host: coaps://coap.golioth.io
I (16425) golioth_coap_client_libcoap: Session PSK-ID: generated-uTmejKqgpgmODjrh@firmware_ci
I (16435) libcoap: Setting PSK key

I (16435) golioth_coap_client_libcoap: Entering CoAP I/O loop
W (18935) golioth_coap_client_libcoap: CoAP message retransmitted
I (20005) golioth_coap_client_libcoap: Golioth CoAP client connected
I (20515) test_settings: Received test_restart: false
I (20515) test_settings: Received test_cancel: 0
I (20515) test_settings: Received test_float: 1.230000
I (20525) test_settings: Received test_bool: false
I (20525) test_settings: Received test_int_range: 1
I (20525) test_settings: Received test_int: 1
I (20535) test_settings: Received test_string: foo
I (20825) test_settings: Received test_cancel: 0
I (20825) test_settings: Received test_restart: false
I (20825) test_settings: Received test_string: foo
I (20835) test_settings: Received test_float: 1.230000
I (20835) test_settings: Received test_int: 1
I (20835) test_settings: Received test_int_range: 1
I (20845) test_settings: Received test_bool: false
E (20845) golioth_settings: Failed to send a response to server: 10
I (21435) test_settings: Received test_restart: false
I (21435) test_settings: Received test_string: foo
I (21435) test_settings: Received test_cancel: 0
I (21445) test_settings: Received test_int: 1
I (21455) test_settings: Received test_int_range: 1
I (21455) test_settings: Received test_bool: false
I (21465) test_settings: Received test_float: 1.230000
E (21465) golioth_settings: Failed to send a response to server: 10
I (21845) test_settings: Received test_float: 1.230000
I (21845) test_settings: Received test_int: 1
I (21845) test_settings: Received test_restart: false
I (21855) test_settings: Received test_string: foo
I (21865) test_settings: Received test_bool: false
I (21865) test_settings: Received test_int_range: 1
I (21875) test_settings: Received test_cancel: 0
E (21875) golioth_settings: Failed to send a response to server: 10
I (22055) test_settings: Received test_restart: false
I (22055) test_settings: Received test_string: foo
I (22055) test_settings: Received test_cancel: 0
I (22065) test_settings: Received test_int_range: 1
I (22065) test_settings: Received test_bool: false
I (22065) test_settings: Received test_float: 1.230000
I (22075) test_settings: Received test_int: 1
E (22075) golioth_settings: Failed to send a response to server: 10
I (22255) test_settings: Received test_int: 1
I (22255) test_settings: Received test_int_range: 1
I (22255) test_settings: Received test_float: 1.230000
I (22265) test_settings: Received test_cancel: 0
I (22265) test_settings: Received test_bool: false
I (22275) test_settings: Received test_restart: false
I (22285) test_settings: Received test_string: foo
E (22285) golioth_settings: Failed to send a response to server: 10
I (22465) test_settings: Received test_bool: false
I (22465) test_settings: Received test_float: 1.230000
I (22465) test_settings: Received test_string: foo
I (22475) test_settings: Received test_int: 1
I (22475) test_settings: Received test_cancel: 0
I (22475) test_settings: Received test_restart: false
I (22485) test_settings: Received test_int_range: 1
E (22485) golioth_settings: Failed to send a response to server: 10
I (22665) test_settings: Received test_cancel: 0
I (22665) test_settings: Received test_float: 1.230000
I (22665) test_settings: Received test_string: foo
I (22665) test_settings: Received test_int: 1
I (22675) test_settings: Received test_restart: false
I (22685) test_settings: Received test_bool: false
I (22695) test_settings: Received test_int_range: 1
E (22695) golioth_settings: Failed to send a response to server: 10
I (22875) test_settings: Received test_float: 1.230000
I (22875) test_settings: Received test_cancel: 0
I (22875) test_settings: Received test_int_range: 1
I (22885) test_settings: Received test_restart: false
I (22885) test_settings: Received test_bool: false
I (22885) test_settings: Received test_string: foo
I (22895) test_settings: Received test_int: 1
E (22895) golioth_settings: Failed to send a response to server: 10
I (25005) test_settings: Settings registration complete
I (26365) test_settings: Received test_cancel: 0
I (26365) test_settings: Received test_float: 1.230000
I (26365) test_settings: Received test_int: 42
I (26365) test_settings: Received test