esptool.py v4.9.0
Serial port /dev/serial/by-id/usb-Silicon_Labs_CP2102N_USB_to_UART_Bridge_Controller_90568bbbd827ee11b31a14d8f49e3369-if00-port0
Connecting......
Detecting chip type... Unsupported detection protocol, switching and trying again...
Connecting....
Detecting chip type... ESP32
Chip is ESP32-D0WD-V3 (revision v3.1)
Features: WiFi, BT, Dual Core, 240MHz, VRef calibration in efuse, Coding Scheme None
Crystal is 40MHz
MAC: a0:a3:b3:8b:38:c0
Uploading stub...
Running stub...
Stub running...
Changing baud rate to 460800
Changed.
Configuring flash size...
Erasing flash (this may take a while)...
Chip erase completed successfully in 2.2 seconds.
Compressed 991456 bytes to 622509...
Writing at 0x00000000... (2 %)
Writing at 0x000074af... (5 %)
Writing at 0x0001c18e... (7 %)
Writing at 0x00029258... (10 %)
Writing at 0x000318ed... (13 %)
Writing at 0x0003c196... (15 %)
Writing at 0x00041c19... (18 %)
Writing at 0x0004720e... (21 %)
Writing at 0x0004c9c8... (23 %)
Writing at 0x00051eed... (26 %)
Writing at 0x00057130... (28 %)
Writing at 0x0005c3f6... (31 %)
Writing at 0x0006171a... (34 %)
Writing at 0x00066b63... (36 %)
Writing at 0x0006bc0e... (39 %)
Writing at 0x00070f65... (42 %)
Writing at 0x000762b9... (44 %)
Writing at 0x0007b505... (47 %)
Writing at 0x00080801... (50 %)
Writing at 0x0008622a... (52 %)
Writing at 0x0008b922... (55 %)
Writing at 0x00091138... (57 %)
Writing at 0x00096245... (60 %)
Writing at 0x0009b696... (63 %)
Writing at 0x000a0fa5... (65 %)
Writing at 0x000a63f5... (68 %)
Writing at 0x000ab783... (71 %)
Writing at 0x000b121c... (73 %)
Writing at 0x000b662f... (76 %)
Writing at 0x000bb724... (78 %)
Writing at 0x000c0fad... (81 %)
Writing at 0x000c7403... (84 %)
Writing at 0x000cdd40... (86 %)
Writing at 0x000d5ef7... (89 %)
Writing at 0x000dc120... (92 %)
Writing at 0x000e1a4e... (94 %)
Writing at 0x000e71f7... (97 %)
Writing at 0x000eca56... (100 %)
Wrote 991456 bytes (622509 compressed) at 0x00000000 in 14.4 seconds (effective 549.8 kbit/s)...
Hash of data verified.

Leaving...
Hard resetting via RTS pin...
q_drv:0x00,d_drv:0x00,cs0_drv:0x00,hd_drv:0x00,wp_drv:0x00
mode:DIO, clock div:2
load:0x3fff0030,len:6276
load:0x40078000,len:15828
load:0x40080400,len:4
ho 8 tail 4 room 4
load:0x40080404,len:3860
entry 0x4008063c
I (31) boot: ESP-IDF v5.4.1 2nd stage bootloader
I (31) boot: compile time Oct 17 2025 15:44:14
I (31) boot: Multicore bootloader
I (32) boot: chip revision: v3.1
I (35) boot.esp32: SPI Speed      : 40MHz
I (39) boot.esp32: SPI Mode       : DIO
I (43) boot.esp32: SPI Flash Size : 4MB
I (46) boot: Enabling RNG early entropy source...
I (51) boot: Partition Table:
I (53) boot: ## Label            Usage          Type ST Offset   Length
I (60) boot:  0 nvs              WiFi data        01 02 00009000 00004000
I (66) boot:  1 otadata          OTA data         01 00 0000d000 00002000
I (73) boot:  2 phy_init         RF data          01 01 0000f000 00001000
I (79) boot:  3 ota_0            OTA app          00 10 00010000 00190000
I (86) boot:  4 ota_1            OTA app          00 11 001a0000 00190000
I (92) boot: End of partition table
I (95) boot: No factory image, trying OTA 0
I (99) esp_image: segment 0: paddr=00010020 vaddr=3f400020 size=26168h (156008) map
I (160) esp_image: segment 1: paddr=00036190 vaddr=3ff80000 size=0001ch (    28) load
I (160) esp_image: segment 2: paddr=000361b4 vaddr=3ffb0000 size=040e8h ( 16616) load
I (170) esp_image: segment 3: paddr=0003a2a4 vaddr=40080000 size=05d74h ( 23924) load
I (181) esp_image: segment 4: paddr=00040020 vaddr=400d0020 size=a0e74h (659060) map
I (406) esp_image: segment 5: paddr=000e0e9c vaddr=40085d74 size=11220h ( 70176) load
I (445) boot: Loaded app from partition at offset 0x10000
I (445) boot: Set actual ota_seq=1 in otadata[0]
I (445) boot: Disabling RNG early entropy source...
I (460) cpu_start: Multicore app
I (468) cpu_start: Pro cpu start user code
I (468) cpu_start: cpu freq: 160000000 Hz
I (468) app_init: Application information:
I (468) app_init: Project name:     fw_update
I (472) app_init: App version:      e446d76-dirty
I (476) app_init: Compile time:     Oct 17 2025 15:44:07
I (482) app_init: ELF file SHA256:  f96b265f9...
I (486) app_init: ESP-IDF:          v5.4.1
I (490) efuse_init: Min chip rev:     v0.0
I (493) efuse_init: Max chip rev:     v3.99 
I (497) efuse_init: Chip rev:         v3.1
I (502) heap_init: Initializing. RAM available for dynamic allocation:
I (508) heap_init: At 3FFAE6E0 len 00001920 (6 KiB): DRAM
I (513) heap_init: At 3FFBBC70 len 00024390 (144 KiB): DRAM
I (518) heap_init: At 3FFE0440 len 00003AE0 (14 KiB): D/IRAM
I (523) heap_init: At 3FFE4350 len 0001BCB0 (111 KiB): D/IRAM
I (529) heap_init: At 40096F94 len 0000906C (36 KiB): IRAM
I (536) spi_flash: detected chip: generic
I (538) spi_flash: flash io: dio
W (541) spi_flash: Detected size(8192k) larger than the size in the binary image header(4096k). Using the size in the binary image header.
I (554) main_task: Started on CPU0
I (564) main_task: Calling app_main()
I (564) fw_update: Start FW Update sample.
[5n
Type 'help' to get the list of commands.
Use UP/DOWN arrows to navigate through command history.
Press TAB when typing command name to auto-complete.

Your terminal application does not support escape sequences.

Line editing and history features are disabled.

On Windows, try using Putty instead.
esp32> W (1074) fw_update: WiFi credentials are not set. Use the shell settings commands to set them.

esp32> 
esp32> 
esp32> 
esp32> settings set wifi/ssid "***SAMS_ORANGE_PI_WIFI_SSID***"
Setting wifi/ssid saved
esp32> 
esp32> 
esp32> 
esp32> 
esp32> 
esp32> settings set wifi/psk "***SAMS_ORANGE_PI_WIFI_PSK***"
Setting wifi/psk saved
esp32> 
esp32> ::add-mask::generated-rLmJfxyFRHRfYVvR
