esptool.py v4.8.1
Serial port /dev/serial/by-id/usb-Silicon_Labs_CP2102N_USB_to_UART_Bridge_Controller_342e9e0b1d28ee11811d0dd8f49e3369-if00-port0
Connecting.......
Detecting chip type... Unsupported detection protocol, switching and trying again...
Connecting....
Detecting chip type... ESP32
Chip is ESP32-D0WD-V3 (revision v3.1)
Features: WiFi, BT, Dual Core, 240MHz, VRef calibration in efuse, Coding Scheme None
Crystal is 40MHz
MAC: a0:a3:b3:2d:0a:ac
Uploading stub...
Running stub...
Stub running...
Changing baud rate to 460800
Changed.
Configuring flash size...
Erasing flash (this may take a while)...
Chip erase completed successfully in 16.8s
Compressed 988720 bytes to 621429...
Writing at 0x00000000... (2 %)
Writing at 0x000077d6... (5 %)
Writing at 0x0001c682... (7 %)
Writing at 0x00029315... (10 %)
Writing at 0x0002fbbb... (13 %)
Writing at 0x00034c93... (15 %)
Writing at 0x0003fc10... (18 %)
Writing at 0x000456fb... (21 %)
Writing at 0x0004ad7a... (23 %)
Writing at 0x000500f6... (26 %)
Writing at 0x000552dd... (28 %)
Writing at 0x0005a73c... (31 %)
Writing at 0x0005fef9... (34 %)
Writing at 0x00064f98... (36 %)
Writing at 0x0006a3a7... (39 %)
Writing at 0x0006f5ce... (42 %)
Writing at 0x000748d8... (44 %)
Writing at 0x00079991... (47 %)
Writing at 0x0007f089... (50 %)
Writing at 0x00084b72... (52 %)
Writing at 0x0008a342... (55 %)
Writing at 0x0008f5c3... (57 %)
Writing at 0x00094895... (60 %)
Writing at 0x0009a0e4... (63 %)
Writing at 0x0009f54a... (65 %)
Writing at 0x000a490c... (68 %)
Writing at 0x000aa219... (71 %)
Writing at 0x000af9dc... (73 %)
Writing at 0x000b4a6f... (76 %)
Writing at 0x000ba4d9... (78 %)
Writing at 0x000bfbc1... (81 %)
Writing at 0x000c72dd... (84 %)
Writing at 0x000cfcf3... (86 %)
Writing at 0x000d647a... (89 %)
Writing at 0x000dbc86... (92 %)
Writing at 0x000e1539... (94 %)
Writing at 0x000e6d4d... (97 %)
Writing at 0x000ec492... (100 %)
Wrote 988720 bytes (621429 compressed) at 0x00000000 in 16.0 seconds (effective 493.4 kbit/s)...
Hash of data verified.

Leaving...
Hard resetting via RTS pin...
xxxxxxxxxx@2019 12:21:46

rst:0x1 (POWERON_RESET),boot:0x13 (SPI_FAST_FLASH_BOOT)
configsip: 0, SPIWP:0xee
clk_drv:0x00,q_drv:0x00,d_drv:0x00,cs0_drv:0x00,hd_drv:0x00,wp_drv:0x00
mode:DIO, clock div:2
load:0x3fff0030,len:7176
load:0x40078000,len:15648
load:0x40080400,len:4
ho 8 tail 4 room 4
load:0x40080404,len:3904
entry 0x40080640
[0;32mI (31) boot: ESP-IDF v5.3 2nd stage bootloader[0m
[0;32mI (31) boot: compile time Dec 12 2024 09:13:41[0m
[0;32mI (31) boot: Multicore bootloader[0m
[0;32mI (35) boot: chip revision: v3.1[0m
[0;32mI (39) boot.esp32: SPI Speed      : 40MHz[0m
[0;32mI (44) boot.esp32: SPI Mode       : DIO[0m
[0;32mI (48) boot.esp32: SPI Flash Size : 4MB[0m
[0;32mI (53) boot: Enabling RNG early entropy source...[0m
[0;32mI (58) boot: Partition Table:[0m
[0;32mI (62) boot: ## Label            Usage          Type ST Offset   Length[0m
[0;32mI (69) boot:  0 nvs              WiFi data        01 02 00009000 00006000[0m
[0;32mI (76) boot:  1 phy_init         RF data          01 01 0000f000 00001000[0m
[0;32mI (84) boot:  2 factory          factory app      00 00 00010000 00100000[0m
[0;32mI (91) boot: End of partition table[0m
[0;32mI (96) esp_image: segment 0: paddr=00010020 vaddr=3f400020 size=2ab60h (174944) map[0m
[0;32mI (164) esp_image: segment 1: paddr=0003ab88 vaddr=3ffb0000 size=04064h ( 16484) load[0m
[0;32mI (170) esp_image: segment 2: paddr=0003ebf4 vaddr=40080000 size=01424h (  5156) load[0m
[0;32mI (173) esp_image: segment 3: paddr=00040020 vaddr=400d0020 size=9be8ch (638604) map[0m
[0;32mI (397) esp_image: segment 4: paddr=000dbeb4 vaddr=40081424 size=1574ch ( 87884) load[0m
[0;32mI (443) boot: Loaded app from partition at offset 0x10000[0m
[0;32mI (443) boot: Disabling RNG early entropy source...[0m
[0;32mI (455) cpu_start: Multicore app[0m
[0;32mI (463) cpu_start: Pro cpu start user code[0m
[0;32mI (464) cpu_start: cpu freq: 160000000 Hz[0m
[0;32mI (464) app_init: Application information:[0m
[0;32mI (466) app_init: Project name:     test[0m
[0;32mI (471) app_init: App version:      24d2295-dirty[0m
[0;32mI (476) app_init: Compile time:     Dec 12 2024 09:13:35[0m
[0;32mI (482) app_init: ELF file SHA256:  07e396999...[0m
[0;32mI (488) app_init: ESP-IDF:          v5.3[0m
[0;32mI (492) efuse_init: Min chip rev:     v0.0[0m
[0;32mI (497) efuse_init: Max chip rev:     v3.99 [0m
[0;32mI (502) efuse_init: Chip rev:         v3.1[0m
[0;32mI (507) heap_init: Initializing. RAM available for dynamic allocation:[0m
[0;32mI (514) heap_init: At 3FFAE6E0 len 00001920 (6 KiB): DRAM[0m
[0;32mI (520) heap_init: At 3FFBBDC0 len 00024240 (144 KiB): DRAM[0m
[0;32mI (526) heap_init: At 3FFE0440 len 00003AE0 (14 KiB): D/IRAM[0m
[0;32mI (533) heap_init: At 3FFE4350 len 0001BCB0 (111 KiB): D/IRAM[0m
[0;32mI (539) heap_init: At 40096B70 len 00009490 (37 KiB): IRAM[0m
[0;32mI (547) spi_flash: detected chip: generic[0m
[0;32mI (550) spi_flash: flash io: dio[0m
[0;32mI (555) main_task: Started on CPU0[0m
[0;32mI (565) main_task: Calling app_main()[0m
[5n
Type 'help' to get the list of commands.
Use UP/DOWN arrows to navigate through command history.
Press TAB when typing command name to auto-complete.

Your terminal application does not support escape sequences.

Line editing and history features are disabled.

On Windows, try using Putty instead.
esp32> [0;33mW (1075) hil_test: WiFi and Golioth credentials are not set. Use the shell settings commands to set them.[0m

esp32> 
esp32> 
esp32> 
esp32> settings set wifi/ssid "***TIMS_ORANGE_PI_WIFI_SSID***"
Setting wifi/ssid saved
esp32> 
esp32> 
esp32> 
esp32> 
esp32> 
esp32> settings set wifi/psk "***TIMS_ORANGE_PI_WIFI_PSK***"
Setting wifi/psk saved
esp32> 
es::add-mask::generated-MVBHWbsKQxSkmTvU
p32> 
esp32> 
esp32> 
esp32> 
esp32> settings set golioth/psk-id "generated-MVBHWbsKQxSkmTvU@firmware_ci"
Setting golioth/psk-id saved
esp32> 
esp32> 
esp32> 
esp32> 
esp32> 
esp32> settings set golioth/psk "generated-MVBHWbsKQxSkmTvU"
Setting golioth/psk saved
esp32> 
esp32> [0;32mI (8125) wifi_init: rx ba win: 6[0m
[0;32mI (8125) wifi_init: accept mbox: 6[0m
[0;32mI (8125) wifi_init: tcpip mbox: 32[0m
[0;32mI (8125) wifi_init: udp mbox: 6[0m
[0;32mI (8145) wifi_init: tcp mbox: 6[0m
[0;32mI (8145) wifi_init: tcp tx win: 5760[0m
[0;32mI (8145) wifi_init: tcp rx win: 5760[0m
[0;32mI (8155) wifi_init: tcp mss: 1440[0m
[0;32mI (8155) wifi_init: WiFi IRAM OP enabled[0m
[0;32mI (8155) wifi_init: WiFi RX IRAM OP enabled[0m
[0;32mI (8165) phy_init: phy_version 4830,54550f7,Jun 20 2024,14:22:08[0m
[0;33mW (8165) phy_init: failed to load RF calibration data (0x1102), falling back to full calibration[0m
[0;33mW (8245) phy_init: saving new calibration data because of checksum failure, mode(2)[0m
[0;32mI (9605) esp_netif_handlers: sta ip: 192.168.8.131, mask: 255.255.255.0, gw: 192.168.8.1[0m
[0;32mI (9605) example_wifi: WiFi Connected. Got IP:192.168.8.131[0m
[0;32mI (9615) example_wifi: Connected to AP SSID: ***TIMS_ORANGE_PI_WIFI_SSID***[0m
[0;32mI (9615) golioth_mbox: Mbox created, bufsize: 2520, num_items: 20, item_size: 120[0m
[0;32mI (9675) golioth_coap_client_libcoap: Start CoAP session with host: coaps://coap.golioth.io[0m
[0;32mI (9675) golioth_coap_client_libcoap: Session PSK-ID: generated-MVBHWbsKQxSkmTvU@firmware_ci[0m
[0;32mI (9695) libcoap: Setting PSK key
[0m
[0;32mI (9705) golioth_coap_client_libcoap: Entering CoAP I/O loop[0m
[0;32mI (10105) golioth_coap_client_libcoap: Golioth CoAP client connected[0m
[0;32mI (10105) test_connect: Golioth client connected[0m
[0;32mI (11105) test_connect: Stopping client[0m
[0;32mI (11105) golioth_coap_client_libcoap: Attempting to stop client[0m
[0;32mI (11155) golioth_coap_client_libcoap: Stopping[0m
[0;32mI (11155) golioth_coap_client_libcoap: Ending session[0m
[0;32mI (11155) test_connect: Golioth client disconnected[0m
[0;32mI (22215) test_connect: Starting client[0m
[0;32mI (22215) golioth_coap_client_libcoap: Start CoAP session with host: coaps://coap.golioth.io[0m
[0;32mI (22215) golioth_coap_client_libcoap: Session PSK-ID: generated-MVBHWbsKQxSkmTvU@firmware_ci[0m
[0;32mI (22225) libcoap: Setting PSK key
[0m
[0;32mI (22235) golioth_coap_client_libcoap: Entering CoAP I/O loop[0m
[0;32mI (22485) golioth_coap_client_libcoap: Golioth CoAP client connected[0m
[0;32mI (22495) test_connect: Golioth client connected[0m
[0;32mI (23495) test_connect: Destroying client[0m
[0;32mI (23495) golioth_coap_client_libcoap: Attempting to stop client[0m
[0;32mI (23545) golioth_coap_client_libcoap: Stopping[0m
[0;32mI (23545) golioth_coap_client_libcoap: Ending session[0m
[0;32mI (23545) test_connect: Golioth client disconnected[0m
[0;32mI (34605) test_connect: Starting client[0m
[0;32mI (34605) golioth_mbox: Mbox created, bufsize: 2520, num_items: 20, item_size: 120[0m
[0;32mI (34605) golioth_coap_client_libcoap: Start CoAP session with host: coaps://coap.golioth.io[0m
[0;32mI (34615) golioth_coap_client_libcoap: Session PSK-ID: generated-MVBHWbsKQxSkmTvU@firmware_ci[0m
[0;32mI (34635) libcoap: Setting PSK key
[0m
[0;32mI (34635) golioth_coap_client_libcoap: Entering CoAP I/O loop[0m
[0;32mI (34875) golioth_coap_client_libcoap: Golioth CoAP client connected[0m
