esptool.py v4.9.0
Serial port /dev/serial/by-id/usb-Silicon_Labs_CP2102N_USB_to_UART_Bridge_Controller_08bd8600facfec119c501d2686bdcd52-if00-port0
Connecting....
Detecting chip type... ESP32-S3
Chip is ESP32-S3 (QFN56) (revision v0.1)
Features: WiFi, BLE, Embedded PSRAM 8MB (AP_3v3)
Crystal is 40MHz
MAC: 34:85:18:6d:04:5c
Uploading stub...
Running stub...
Stub running...
Changing baud rate to 460800
Changed.
Configuring flash size...
Erasing flash (this may take a while)...
Chip erase completed successfully in 1.4 seconds.
Compressed 969888 bytes to 602372...
Writing at 0x00000000... (2 %)
Writing at 0x00011708... (5 %)
Writing at 0x0001e731... (8 %)
Writing at 0x0002a9a3... (10 %)
Writing at 0x00033f11... (13 %)
Writing at 0x0003d11b... (16 %)
Writing at 0x000433ae... (18 %)
Writing at 0x00048ae1... (21 %)
Writing at 0x0004e76a... (24 %)
Writing at 0x00053ed7... (27 %)
Writing at 0x000591a3... (29 %)
Writing at 0x0005e4ba... (32 %)
Writing at 0x00064092... (35 %)
Writing at 0x00069152... (37 %)
Writing at 0x0006e3e6... (40 %)
Writing at 0x000736f3... (43 %)
Writing at 0x00078835... (45 %)
Writing at 0x0007dc2d... (48 %)
Writing at 0x000830e8... (51 %)
Writing at 0x000886ac... (54 %)
Writing at 0x0008dc48... (56 %)
Writing at 0x00092ce2... (59 %)
Writing at 0x00097ce0... (62 %)
Writing at 0x0009d259... (64 %)
Writing at 0x000a2392... (67 %)
Writing at 0x000a75e6... (70 %)
Writing at 0x000aca3f... (72 %)
Writing at 0x000b2249... (75 %)
Writing at 0x000b7225... (78 %)
Writing at 0x000bc9bd... (81 %)
Writing at 0x000c2131... (83 %)
Writing at 0x000c9692... (86 %)
Writing at 0x000d09f9... (89 %)
Writing at 0x000d7939... (91 %)
Writing at 0x000dd254... (94 %)
Writing at 0x000e2c8b... (97 %)
Writing at 0x000e87b8... (100 %)
Wrote 969888 bytes (602372 compressed) at 0x00000000 in 14.0 seconds (effective 555.3 kbit/s)...
Hash of data verified.

Leaving...
Hard resetting via RTS pin...
ESP-ROM:esp32s3-20210327
Build:Mar 27 2021
rst:0x1 (POWERON),boot:0x8 (SPI_FAST_FLASH_BOOT)
SPIWP:0xee
mode:DIO, clock div:1
load:0x3fce2810,len:0x15a0
load:0x403c8700,len:0x4
load:0x403c8704,len:0xd20
load:0x403cb700,len:0x2f00
entry 0x403c8928
I (27) boot: ESP-IDF v5.4.1 2nd stage bootloader
I (27) boot: compile time Oct  6 2025 15:08:03
I (27) boot: Multicore bootloader
I (27) boot: chip revision: v0.1
I (30) boot: efuse block revision: v1.2
I (33) boot.esp32s3: Boot SPI Speed : 80MHz
I (37) boot.esp32s3: SPI Mode       : DIO
I (41) boot.esp32s3: SPI Flash Size : 2MB
I (45) boot: Enabling RNG early entropy source...
I (49) boot: Partition Table:
I (52) boot: ## Label            Usage          Type ST Offset   Length
I (58) boot:  0 nvs              WiFi data        01 02 00009000 00006000
I (65) boot:  1 phy_init         RF data          01 01 0000f000 00001000
I (71) boot:  2 factory          factory app      00 00 00010000 00100000
I (78) boot: End of partition table
I (81) esp_image: segment 0: paddr=00010020 vaddr=3c0a0020 size=25158h (151896) map
I (115) esp_image: segment 1: paddr=00035180 vaddr=3fc99400 size=04bd0h ( 19408) load
I (119) esp_image: segment 2: paddr=00039d58 vaddr=40374000 size=062c0h ( 25280) load
I (125) esp_image: segment 3: paddr=00040020 vaddr=42000020 size=9db4ch (645964) map
I (240) esp_image: segment 4: paddr=000ddb74 vaddr=4037a2c0 size=0f0e4h ( 61668) load
I (254) esp_image: segment 5: paddr=000ecc60 vaddr=600fe100 size=0001ch (    28) load
I (263) boot: Loaded app from partition at offset 0x10000
I (263) boot: Disabling RNG early entropy source...
I (273) cpu_start: Multicore app
I (282) cpu_start: Pro cpu start user code
I (282) cpu_start: cpu freq: 160000000 Hz
I (282) app_init: Application information:
I (282) app_init: Project name:     settings
I (286) app_init: App version:      113fac8-dirty
I (291) app_init: Compile time:     Oct  6 2025 15:07:56
I (296) app_init: ELF file SHA256:  c560b673e...
I (300) app_init: ESP-IDF:          v5.4.1
I (304) efuse_init: Min chip rev:     v0.0
I (308) efuse_init: Max chip rev:     v0.99 
I (312) efuse_init: Chip rev:         v0.1
I (316) heap_init: Initializing. RAM available for dynamic allocation:
I (322) heap_init: At 3FCA53D8 len 00044338 (272 KiB): RAM
I (327) heap_init: At 3FCE9710 len 00005724 (21 KiB): RAM
I (332) heap_init: At 3FCF0000 len 00008000 (32 KiB): DRAM
I (337) heap_init: At 600FE11C len 00001ECC (7 KiB): RTCRAM
I (343) spi_flash: detected chip: gd
I (346) spi_flash: flash io: dio
W (349) spi_flash: Detected size(8192k) larger than the size in the binary image header(2048k). Using the size in the binary image header.
I (361) sleep_gpio: Configure to isolate all GPIO pins in sleep state
I (367) sleep_gpio: Enable automatic switching of GPIO sleep configuration
I (374) main_task: Started on CPU0
I (394) main_task: Calling app_main()
I (394) settings: Start Golioth Device Settings sample
[5n
Type 'help' to get the list of commands.
Use UP/DOWN arrows to navigate through command history.
Press TAB when typing command name to auto-complete.

Your terminal application does not support escape sequences.

Line editing and history features are disabled.

On Windows, try using Putty instead.
esp32> W (1904) settings: WiFi and golioth credentials are not set
W (1904) settings: Use the shell settings commands to set them, then restart

esp32> 
esp32> 
esp32> 
esp32> settings set wifi/ssid "***MIKES_ORANGE_PI_WIFI_SSID***"
Setting wifi/ssid saved
esp32> 
esp32> 
esp32> 
esp32> 
esp32> 
esp32> settings set wifi/psk "***MIKES_ORANGE_PI_WIFI_PSK***"
Setting wifi/psk saved
esp32> 
esp32> ::add-mask::generated-gcRgzVGyMTXOZYsY

esp32> 
esp32> 
esp32> 
esp32> settings set golioth/psk-id "generated-gcRgzVGyMTXOZYsY@firmware_ci"
Setting golioth/psk-id saved
esp32> 
esp32> 
esp32> 
esp32> 
esp32> 
esp32> settings set golioth/psk "generated-gcRgzVGyMTXOZYsY"
Setting golioth/psk saved
esp32> 
esp32> 
esp32> 
esp32> 
esp32> 
esp32> reset
I (11324) shell: Resetting
xESP-ROM:esp32s3-20210327
Build:Mar 27 2021
rst:0xc (RTC_SW_CPU_RST),boot:0x8 (SPI_FAST_FLASH_BOOT)
Saved PC:0x40375acd
SPIWP:0xee
mode:DIO, clock div:1
load:0x3fce2810,len:0x15a0
load:0x403c8700,len:0x4
load:0x403c8704,len:0xd20
load:0x403cb700,len:0x2f00
entry 0x403c8928
I (31) boot: ESP-IDF v5.4.1 2nd stage bootloader
I (31) boot: compile time Oct  6 2025 15:08:03
I (31) boot: Multicore bootloader
I (31) boot: chip revision: v0.1
I (34) boot: efuse block revision: v1.2
I (38) boot.esp32s3: Boot SPI Speed : 80MHz
I (42) boot.esp32s3: SPI Mode       : DIO
I (45) boot.esp32s3: SPI Flash Size : 2MB
I (49) boot: Enabling RNG early entropy source...
I (54) boot: Partition Table:
I (56) boot: ## Label            Usage          Type ST Offset   Length
I (63) boot:  0 nvs              WiFi data        01 02 00009000 00006000
I (69) boot:  1 phy_init         RF data          01 01 0000f000 00001000
I (76) boot:  2 factory          factory app      00 00 00010000 00100000
I (82) boot: End of partition table
I (85) esp_image: segment 0: paddr=00010020 vaddr=3c0a0020 size=25158h (151896) map
I (120) esp_image: segment 1: paddr=00035180 vaddr=3fc99400 size=04bd0h ( 19408) load
I (124) esp_image: segment 2: paddr=00039d58 vaddr=40374000 size=062c0h ( 25280) load
I (130) esp_image: segment 3: paddr=00040020 vaddr=42000020 size=9db4ch (645964) map
I (245) esp_image: segment 4: paddr=000ddb74 vaddr=4037a2c0 size=0f0e4h ( 61668) load
I (259) esp_image: segment 5: paddr=000ecc60 vaddr=600fe100 size=0001ch (    28) load
I (267) boot: Loaded app from partition at offset 0x10000
I (267) boot: Disabling RNG early entropy source...
I (277) cpu_start: Multicore app
I (286) cpu_start: Pro cpu start user code
I (287) cpu_start: cpu freq: 160000000 Hz
I (287) app_init: Application information:
I (287) app_init: Project name:     settings
I (291) app_init: App version:      113fac8-dirty
I (295) app_init: Compile time:     Oct  6 2025 15:07:56
I (300) app_init: ELF file SHA256:  c560b673e...
I (304) app_init: ESP-IDF:          v5.4.1
I (308) efuse_init: Min chip rev:     v0.0
I (312) efuse_init: Max chip rev:     v0.99 
I (316) efuse_init: Chip rev:         v0.1
I (320) heap_init: Initializing. RAM available for dynamic allocation:
I (326) heap_init: At 3FCA53D8 len 00044338 (272 KiB): RAM
I (331) heap_init: At 3FCE9710 len 00005724 (21 KiB): RAM
I (336) heap_init: At 3FCF0000 len 00008000 (32 KiB): DRAM
I (342) heap_init: At 600FE11C len 00001ECC (7 KiB): RTCRAM
I (348) spi_flash: detected chip: gd
I (350) spi_flash: flash io: dio
W (353) spi_flash: Detected size(8192k) larger than the size in the binary image header(2048k). Using the size in the binary image header.
I (366) sleep_gpio: Configure to isolate all GPIO pins in sleep state
I (372) sleep_gpio: Enable automatic switching of GPIO sleep configuration
I (379) main_task: Started on CPU0
I (399) main_task: Calling app_main()
I (399) settings: Start Golioth Device Settings sample
[5n
Type 'help' to get the list of commands.
Use UP/DOWN arrows to navigate through command history.
Press TAB when typing command name to auto-complete.

Your terminal application does not support escape sequences.

Line editing and history features are disabled.

On Windows, try using Putty instead.
esp32> I (909) pp: pp rom version: e7ae62f
I (929) net80211: net80211 rom version: e7ae62f
I (949) wifi_init: rx ba win: 6
I (949) wifi_init: accept mbox: 6
I (949) wifi_init: tcpip mbox: 32
I (949) wifi_init: udp mbox: 6
I (949) wifi_init: tcp mbox: 6
I (959) wifi_init: tcp tx win: 5760
I (959) wifi_init: tcp rx win: 5760
I (959) wifi_init: tcp mss: 1440
I (959) wifi_init: WiFi IRAM OP enabled
I (979) wifi_init: WiFi RX IRAM OP enabled
I (979) phy_init: phy_version 700,8582a7fd,Feb 10 2025,20:13:11
W (979) phy_init: failed to load RF calibration data (0x1102), falling back to full calibration
I (1019) phy_init: Saving new calibration data due to checksum failure or outdated calibration data, mode(2)
I (3209) esp_netif_handlers: sta ip: 192.168.8.234, mask: 255.255.255.0, gw: 192.168.8.1
I (3209) example_wifi: WiFi Connected. Got IP:192.168.8.234
I (3209) example_wifi: Connected to AP SSID: ***MIKES_ORANGE_PI_WIFI_SSID***
I (3219) golioth_mbox: Mbox created, bufsize: 2688, num_items: 20, item_size: 128
W (3219) settings: Waiting for connection to Golioth...
I (3229) golioth_coap_client_libcoap: Start CoAP session with host: coaps://coap.golioth.io
I (3239) golioth_coap_client_libcoap: Session PSK-ID: generated-gcRgzVGyMTXOZYsY@firmware_ci
I (3249) libcoap: Setting PSK key

I (3249) golioth_coap_client_libcoap: Entering CoAP I/O loop
I (4099) golioth_coap_client_libcoap: Golioth CoAP client connected
I (4099) settings: Golioth client connected
I (4109) settings: Sending hello! 0
I (5539) settings: Setting loop delay to 1 s
E (5539) golioth_settings: Failed to send a response to server: -12
I (5539) settings: Setting loop delay to 5 s
E (5549) golioth_settings: Fail