esptool.py v4.8.1
Serial port /dev/serial/by-id/usb-Silicon_Labs_CP2102N_USB_to_UART_Bridge_Controller_ca317d585c76eb11ba0a87abb7be2ba5-if00-port0
Connecting....
Detecting chip type... ESP32-C3
Chip is ESP32-C3 (QFN32) (revision v0.3)
Features: WiFi, BLE, Embedded Flash 4MB (XMC)
Crystal is 40MHz
MAC: 84:f7:03:09:96:10
Uploading stub...
Running stub...
Stub running...
Changing baud rate to 460800
Changed.
Configuring flash size...
Erasing flash (this may take a while)...
Chip erase completed successfully in 20.5s
Compressed 1016032 bytes to 594239...
Writing at 0x00000000... (2 %)
Writing at 0x00011c77... (5 %)
Writing at 0x0001e67d... (8 %)
Writing at 0x0002a5d8... (10 %)
Writing at 0x00033b63... (13 %)
Writing at 0x0003bfe8... (16 %)
Writing at 0x000420bb... (18 %)
Writing at 0x00048627... (21 %)
Writing at 0x0004e866... (24 %)
Writing at 0x0005474a... (27 %)
Writing at 0x0005a1e1... (29 %)
Writing at 0x0006000d... (32 %)
Writing at 0x000669cc... (35 %)
Writing at 0x0006c5ae... (37 %)
Writing at 0x00072676... (40 %)
Writing at 0x00078538... (43 %)
Writing at 0x0007e56e... (45 %)
Writing at 0x000840b2... (48 %)
Writing at 0x00089781... (51 %)
Writing at 0x0008f245... (54 %)
Writing at 0x000954d6... (56 %)
Writing at 0x0009b0a8... (59 %)
Writing at 0x000a09e9... (62 %)
Writing at 0x000a6a9e... (64 %)
Writing at 0x000ad140... (67 %)
Writing at 0x000b32d9... (70 %)
Writing at 0x000b9336... (72 %)
Writing at 0x000bf691... (75 %)
Writing at 0x000c4f25... (78 %)
Writing at 0x000ca6c3... (81 %)
Writing at 0x000d062f... (83 %)
Writing at 0x000d668f... (86 %)
Writing at 0x000dd147... (89 %)
Writing at 0x000e3e91... (91 %)
Writing at 0x000ea3d0... (94 %)
Writing at 0x000f0639... (97 %)
Writing at 0x000f64c6... (100 %)
Wrote 1016032 bytes (594239 compressed) at 0x00000000 in 19.5 seconds (effective 417.6 kbit/s)...
Hash of data verified.

Leaving...
Hard resetting via RTS pin...
Build:Feb  7 2021
rst:0x1 (POWERON),boot:0xc (SPI_FAST_FLASH_BOOT)
SPIWP:0xee
mode:DIO, clock div:1
load:0x3fcd5820,len:0x1574
load:0x403cc710,len:0xc30
load:0x403ce710,len:0x2fe4
entry 0x403cc71a
I (30) boot: ESP-IDF v5.4 2nd stage bootloader
I (30) boot: compile time Jan 11 2025 00:03:48
I (30) boot: chip revision: v0.3
I (30) boot: efuse block revision: v1.1
I (34) boot.esp32c3: SPI Speed      : 80MHz
I (38) boot.esp32c3: SPI Mode       : DIO
I (41) boot.esp32c3: SPI Flash Size : 4MB
I (45) boot: Enabling RNG early entropy source...
I (50) boot: Partition Table:
I (52) boot: ## Label            Usage          Type ST Offset   Length
I (58) boot:  0 nvs              WiFi data        01 02 00009000 00006000
I (65) boot:  1 phy_init         RF data          01 01 0000f000 00001000
I (72) boot:  2 factory          factory app      00 00 00010000 00100000
I (78) boot: End of partition table
I (81) esp_image: segment 0: paddr=00010020 vaddr=3c0b0020 size=24c8ch (150668) map
I (113) esp_image: segment 1: paddr=00034cb4 vaddr=3fc93200 size=03e68h ( 15976) load
I (116) esp_image: segment 2: paddr=00038b24 vaddr=40380000 size=074f4h ( 29940) load
I (122) esp_image: segment 3: paddr=00040020 vaddr=42000020 size=ac384h (705412) map
I (236) esp_image: segment 4: paddr=000ec3ac vaddr=403874f4 size=0bce0h ( 48352) load
I (246) esp_image: segment 5: paddr=000f8094 vaddr=50000200 size=0001ch (    28) load
I (252) boot: Loaded app from partition at offset 0x10000
I (252) boot: Disabling RNG early entropy source...
I (263) cpu_start: Unicore app
I (272) cpu_start: Pro cpu start user code
I (272) cpu_start: cpu freq: 160000000 Hz
I (272) app_init: Application information:
I (272) app_init: Project name:     test
I (275) app_init: App version:      e422340-dirty
I (280) app_init: Compile time:     Jan 11 2025 00:03:41
I (285) app_init: ELF file SHA256:  07b595d7e...
I (289) app_init: ESP-IDF:          v5.4
I (293) efuse_init: Min chip rev:     v0.3
I (297) efuse_init: Max chip rev:     v1.99 
I (301) efuse_init: Chip rev:         v0.3
I (304) heap_init: Initializing. RAM available for dynamic allocation:
I (311) heap_init: At 3FC9EA00 len 00021600 (133 KiB): RAM
I (316) heap_init: At 3FCC0000 len 0001C710 (113 KiB): Retention RAM
I (322) heap_init: At 3FCDC710 len 00002950 (10 KiB): Retention RAM
I (328) heap_init: At 5000021C len 00001DCC (7 KiB): RTCRAM
I (334) spi_flash: detected chip: generic
I (337) spi_flash: flash io: dio
I (340) sleep_gpio: Configure to isolate all GPIO pins in sleep state
I (346) sleep_gpio: Enable automatic switching of GPIO sleep configuration
I (353) main_task: Started on CPU0
I (383) main_task: Calling app_main()
[5n
Type 'help' to get the list of commands.
Use UP/DOWN arrows to navigate through command history.
Press TAB when typing command name to auto-complete.

Your terminal application does not support escape sequences.

Line editing and history features are disabled.

On Windows, try using Putty instead.
esp32> W (883) hil_test: WiFi and Golioth credentials are not set. Use the shell settings commands to set them.

esp32> 
esp32> 
esp32> 
esp32> settings set wifi/ssid "***JONS_ORANGE_PI_WIFI_SSID***"
Setting wifi/ssid saved
esp32> 
esp32> 
esp32> 
esp32> 
esp32> 
esp32> settings set wifi/psk "***JONS_ORANGE_PI_WIFI_PSK***"
Setting wifi/psk saved
es::add-mask::generated-VLCPSTRWLWqnIVfM
p32> 
esp32> 
esp32> 
esp32> 
esp32> 
esp32> settings set golioth/psk-id "generated-VLCPSTRWLWqnIVfM@firmware_ci"
Setting golioth/psk-id saved
esp32> 
esp32> 
esp32> 
esp32> 
esp32> 
esp32> settings set golioth/psk "generated-VLCPSTRWLWqnIVfM"
Setting golioth/psk saved
esp32> 
esp32> I (8903) pp: pp rom version: 9387209
I (8903) net80211: net80211 rom version: 9387209
I (8923) wifi_init: rx ba win: 6
I (8923) wifi_init: accept mbox: 6
I (8923) wifi_init: tcpip mbox: 32
I (8923) wifi_init: udp mbox: 6
I (8923) wifi_init: tcp mbox: 6
I (8933) wifi_init: tcp tx win: 5760
I (8933) wifi_init: tcp rx win: 5760
I (8933) wifi_init: tcp mss: 1440
I (8943) wifi_init: WiFi IRAM OP enabled
I (8943) wifi_init: WiFi RX IRAM OP enabled
I (8943) phy_init: phy_version 1180,01f2a49,Jun  4 2024,16:34:25
W (8953) phy_init: failed to load RF calibration data (0x1102), falling back to full calibration
W (8993) phy_init: saving new calibration data because of checksum failure, mode(2)
I (10393) esp_netif_handlers: sta ip: 192.168.8.141, mask: 255.255.255.0, gw: 192.168.8.1
I (10393) example_wifi: WiFi Connected. Got IP:192.168.8.141
I (10403) example_wifi: Connected to AP SSID: ***JONS_ORANGE_PI_WIFI_SSID***
I (10403) golioth_mbox: Mbox created, bufsize: 2520, num_items: 20, item_size: 120
I (10423) golioth_coap_client_libcoap: Start CoAP session with host: coaps://coap.golioth.io
I (10423) golioth_coap_client_libcoap: Session PSK-ID: generated-VLCPSTRWLWqnIVfM@firmware_ci
I (10433) libcoap: Setting PSK key

I (10443) golioth_coap_client_libcoap: Entering CoAP I/O loop
I (10983) golioth_coap_client_libcoap: Golioth CoAP client connected
I (11983) test_stream: block-idx: 0 bu_offset: 0 bytes_remaining: 3666
I (12413) test_stream: block-idx: 1 bu_offset: 1024 bytes_remaining: 2642
I (12833) test_stream: block-idx: 2 bu_offset: 2048 bytes_remaining: 1618
I (13033) test_stream: block-idx: 3 bu_offset: 3072 bytes_remaining: 594
I (13443) test_stream: Block upload successful!
{'list': [{'data': {'block_upload': {'0': 'zero', '1': 'one', '10': 'ten', '100': 'one hundred', '101': 'one hundred and one', '102': 'one hundred and two', '103': 'one hundred and three', '104': 'one hundred and four', '105': 'one hundred and five', '106': 'one hundred and six', '107': 'one hundred and seven', '108': 'one hundred and eight', '109': 'one hundred and nine', '11': 'eleven', '110': 'one hundred and ten', '111': 'one hundred and eleven', '112': 'one hundred and twelve', '113': 'one hundred and thirteen', '114': 'one hundred and fourteen', '115': 'one hundred and fifteen', '116': 'one hundred and sixteen', '117': 'one hundred and seventeen', '118': 'one hundred and eighteen', '119': 'one hundred and nineteen', '12': 'twelve', '120': 'one hundred and twenty', '121': 'one hundred and twenty-one', '122': 'one hundred and twenty-two', '123': 'one hundred and twenty-three', '124': 'one hundred and twenty-four', '125': 'one hundred and twenty-five', '126': 'one hundred and twenty-six', '127': 'one hundred and twenty-seven', '128': 'one hundred and twenty-eight', '129': 'one hundred and twenty-nine', '13': 'thirteen', '130': 'one hundred and thirty', '131': 'one hundred and thirty-one', '132': 'one hundred and thirty-two', '133': 'one hundred and thirty-three', '134': 'one hundred and thirty-four', '135': 'one hundred and thirty-five', '136': 'one hundred and thirty-six', '137': 'one hundred and thirty-seven', '138': 'one hundred and thirty-eight', '139': 'one hundred and thirty-nine', '14': 'fourteen', '140': 'one hundred and forty', '141': 'one hundred and forty-one', '15': 'fifteen', '16': 'sixteen', '17': 'seventeen', '18': 'eighteen', '19': 'nineteen', '2': 'two', '20': 'twenty', '21': 'twenty-one', '22': 'twenty-two', '23': 'twenty-three', '24': 'twenty-four', '25': 'twenty-five', '26': 'twenty-six', '27': 'twenty-seven', '28': 'twenty-eight', '29': 'twenty-nine', '3': 'three', '30': 'thirty', '31': 'thirty-one', '32': 'thirty-two', '33': 'thirty-three', '34': 'thirty-four', '35': 'thirty-five', '36': 'thirty-six', '37': 'thirty-seven', '38': 'thirty-eight', '39': 'thirty-nine', '4': 'four', '40': 'forty', '41': 'forty-one', '42': 'forty-two', '43': 'forty-three', '44': 'forty-four', '45': 'forty-five', '46': 'forty-six', '47': 'forty-seven', '48': 'forty-eight', '49': 'forty-nine', '5': 'five', '50': 'fifty', '51': 'fifty-one', '52': 'fifty-two', '53': 'fifty-three', '54': 'fifty-four', '55': 'fifty-five', '56': 'fifty-six', '57': 'fifty-seven', '58': 'fifty-eight', '59': 'fifty-nine', '6': 'six', '60': 'sixty', '61': 'sixty-one', '62': 'sixty-two', '63': 'sixty-three', '64': 'sixty-four', '65': 'sixty-five', '66': 'sixty-six', '67': 'sixty-seven', '68': 'sixty-eight', '69': 'sixty-nine', '7': 'seven', '70': 'seventy', '71': 'seventy-one', '72': 'seventy-two', '73': 'seventy-three', '74': 'seventy-four', '75': 'seventy-five', '76': 'seventy-six', '77': 'seventy-seven', '78': 'seventy-eight', '79': 'seventy-nine', '8': 'eight', '80': 'eighty', '81': 'eighty-one', '82': 'eighty-two', '83': 'eighty-three', '84': 'eighty-four', '85': 'eighty-five', '86': 'eighty-six', '87': 'eighty-seven', '88': 'eighty-eight', '89': 'eighty-nine', '9': 'nine', '90': 'ninety', '91': 'ninety-one', '92': 'ninety-two', '93': 'ninety-three', '94': 'ninety-four', '95': 'ninety-five', '96': 'ninety-six', '97': 'ninety-seven', '98': 'ninety-eight', '99': 'ninety-nine'}}, 'device_id': '6781b8ec74b8809ed71a4139', 'time': '2025-01-11T00:18:58.408381+00:00'}], 'page': 0, 'perPage': 10, 'total': 0}
Golioth data hash: 28540341b9655161a00b3a7193a8e2e2261d21ea3e3f2117fc9c7f18a5733681
Test data hash: 28540341b9655161a00b3a7193a8e2e2261d21ea3e3f2117fc9c7f18a5733681
