esptool.py v4.8.1
Serial port /dev/serial/by-id/usb-Silicon_Labs_CP2102N_USB_to_UART_Bridge_Controller_6a5ea5870128ee11b6e611d8f49e3369-if00-port0
Connecting....
Detecting chip type... ESP32-S3
Chip is ESP32-S3 (QFN56) (revision v0.2)
Features: WiFi, BLE, Embedded PSRAM 2MB (AP_3v3)
Crystal is 40MHz
MAC: dc:da:0c:61:9f:74
Uploading stub...
Running stub...
Stub running...
Changing baud rate to 460800
Changed.
Configuring flash size...
Erasing flash (this may take a while)...
Chip erase completed successfully in 1.9s
Compressed 990048 bytes to 613866...
Writing at 0x00000000... (2 %)
Writing at 0x00011bf3... (5 %)
Writing at 0x0001f247... (7 %)
Writing at 0x0002b7c5... (10 %)
Writing at 0x00031e9e... (13 %)
Writing at 0x000374bc... (15 %)
Writing at 0x00041fd5... (18 %)
Writing at 0x0004793b... (21 %)
Writing at 0x0004d57f... (23 %)
Writing at 0x00052c1f... (26 %)
Writing at 0x00057e38... (28 %)
Writing at 0x0005d382... (31 %)
Writing at 0x00062f76... (34 %)
Writing at 0x00068014... (36 %)
Writing at 0x0006d456... (39 %)
Writing at 0x00072699... (42 %)
Writing at 0x00077930... (44 %)
Writing at 0x0007cacf... (47 %)
Writing at 0x00082226... (50 %)
Writing at 0x00087c9c... (52 %)
Writing at 0x0008d341... (55 %)
Writing at 0x00092278... (57 %)
Writing at 0x0009727e... (60 %)
Writing at 0x0009c824... (63 %)
Writing at 0x000a19ce... (65 %)
Writing at 0x000a6bbd... (68 %)
Writing at 0x000ac44b... (71 %)
Writing at 0x000b1724... (73 %)
Writing at 0x000b6a86... (76 %)
Writing at 0x000bbe9f... (78 %)
Writing at 0x000c27b9... (81 %)
Writing at 0x000c8dd4... (84 %)
Writing at 0x000d1db1... (86 %)
Writing at 0x000d7f93... (89 %)
Writing at 0x000de0e5... (92 %)
Writing at 0x000e3d54... (94 %)
Writing at 0x000e97fa... (97 %)
Writing at 0x000eee4d... (100 %)
Wrote 990048 bytes (613866 compressed) at 0x00000000 in 14.2 seconds (effective 559.5 kbit/s)...
Hash of data verified.

Leaving...
Hard resetting via RTS pin...
Build:Mar 27 2021
rst:0x1 (POWERON),boot:0x8 (SPI_FAST_FLASH_BOOT)
SPIWP:0xee
mode:DIO, clock div:1
load:0x3fce2810,len:0x178c
load:0x403c8700,len:0x4
load:0x403c8704,len:0xcb8
load:0x403cb700,len:0x2db0
entry 0x403c8914
[0;32mI (27) boot: ESP-IDF v5.3 2nd stage bootloader[0m
[0;32mI (27) boot: compile time Dec 18 2024 19:49:36[0m
[0;32mI (27) boot: Multicore bootloader[0m
[0;32mI (30) boot: chip revision: v0.2[0m
[0;32mI (34) boot.esp32s3: Boot SPI Speed : 80MHz[0m
[0;32mI (38) boot.esp32s3: SPI Mode       : DIO[0m
[0;32mI (43) boot.esp32s3: SPI Flash Size : 2MB[0m
[0;32mI (48) boot: Enabling RNG early entropy source...[0m
[0;32mI (53) boot: Partition Table:[0m
[0;32mI (57) boot: ## Label            Usage          Type ST Offset   Length[0m
[0;32mI (64) boot:  0 nvs              WiFi data        01 02 00009000 00006000[0m
[0;32mI (71) boot:  1 phy_init         RF data          01 01 0000f000 00001000[0m
[0;32mI (79) boot:  2 factory          factory app      00 00 00010000 00100000[0m
[0;32mI (86) boot: End of partition table[0m
[0;32mI (91) esp_image: segment 0: paddr=00010020 vaddr=3c0a0020 size=2c480h (181376) map[0m
[0;32mI (132) esp_image: segment 1: paddr=0003c4a8 vaddr=3fc98800 size=03b70h ( 15216) load[0m
[0;32mI (135) esp_image: segment 2: paddr=00040020 vaddr=42000020 size=9c49ch (640156) map[0m
[0;32mI (252) esp_image: segment 3: paddr=000dc4c4 vaddr=3fc9c370 size=00f08h (  3848) load[0m
[0;32mI (253) esp_image: segment 4: paddr=000dd3d4 vaddr=40374000 size=14760h ( 83808) load[0m
[0;32mI (285) boot: Loaded app from partition at offset 0x10000[0m
[0;32mI (285) boot: Disabling RNG early entropy source...[0m
[0;32mI (297) cpu_start: Multicore app[0m
[0;32mI (306) cpu_start: Pro cpu start user code[0m
[0;32mI (306) cpu_start: cpu freq: 160000000 Hz[0m
[0;32mI (306) app_init: Application information:[0m
[0;32mI (309) app_init: Project name:     set[0m
[0;32mI (313) app_init: App version:      8e0ba0e-dirty[0m
[0;32mI (319) app_init: Compile time:     Dec 18 2024 19:49:30[0m
[0;32mI (325) app_init: ELF file SHA256:  997c3fb4d...[0m
[0;32mI (330) app_init: ESP-IDF:          v5.3[0m
[0;32mI (334) efuse_init: Min chip rev:     v0.0[0m
[0;32mI (339) efuse_init: Max chip rev:     v0.99 [0m
[0;32mI (344) efuse_init: Chip rev:         v0.2[0m
[0;32mI (349) heap_init: Initializing. RAM available for dynamic allocation:[0m
[0;32mI (356) heap_init: At 3FCA4A40 len 00044CD0 (275 KiB): RAM[0m
[0;32mI (362) heap_init: At 3FCE9710 len 00005724 (21 KiB): RAM[0m
[0;32mI (368) heap_init: At 3FCF0000 len 00008000 (32 KiB): DRAM[0m
[0;32mI (375) heap_init: At 600FE100 len 00001EE8 (7 KiB): RTCRAM[0m
[0;32mI (382) spi_flash: detected chip: gd[0m
[0;32mI (385) spi_flash: flash io: dio[0m
[0;33mW (389) spi_flash: Detected size(8192k) larger than the size in the binary image header(2048k). Using the size in the binary image header.[0m
[0;32mI (402) sleep: Configure to isolate all GPIO pins in sleep state[0m
[0;32mI (409) sleep: Enable automatic switching of GPIO sleep configuration[0m
[0;32mI (416) main_task: Started on CPU0[0m
[0;32mI (436) main_task: Calling app_main()[0m
[0;32mI (436) lightdb: Start LightDB set sample[0m
[5n
Type 'help' to get the list of commands.
Use UP/DOWN arrows to navigate through command history.
Press TAB when typing command name to auto-complete.

Your terminal application does not support escape sequences.

Line editing and history features are disabled.

On Windows, try using Putty instead.
esp32> [0;33mW (946) lightdb: WiFi and Golioth credentials are not set. Use the shell settings commands to set them.[0m

esp32> 
esp32> 
esp32> 
esp32> settings set wifi/ssid "***JONS_ORANGE_PI_WIFI_SSID***"
Setting wifi/ssid saved
esp32> 
esp32> 
esp32> 
esp32> 
esp32> 
esp32> settings set wifi/psk "***JONS_ORANGE_PI_WIFI_PSK***"
Setting wifi/psk saved
es::add-mask::generated-AVLmXXedfsaDDGqW
p32> 
esp32> 
esp32> 
esp32> 
esp32> 
esp32> settings set golioth/psk-id "generated-AVLmXXedfsaDDGqW@firmware_ci"
Setting golioth/psk-id saved
esp32> 
esp32> 
esp32> 
esp32> 
esp32> 
esp32> settings set golioth/psk "generated-AVLmXXedfsaDDGqW"
Setting golioth/psk saved
esp32> 
esp32> [0;32mI (10976) pp: pp rom version: e7ae62f[0m
[0;32mI (10976) net80211: net80211 rom version: e7ae62f[0m
[0;32mI (10996) wifi_init: rx ba win: 6[0m
[0;32mI (10996) wifi_init: accept mbox: 6[0m
[0;32mI (10996) wifi_init: tcpip mbox: 32[0m
[0;32mI (10996) wifi_init: udp mbox: 6[0m
[0;32mI (11006) wifi_init: tcp mbox: 6[0m
[0;32mI (11006) wifi_init: tcp tx win: 5760[0m
[0;32mI (11006) wifi_init: tcp rx win: 5760[0m
[0;32mI (11026) wifi_init: tcp mss: 1440[0m
[0;32mI (11026) wifi_init: WiFi IRAM OP enabled[0m
[0;32mI (11026) wifi_init: WiFi RX IRAM OP enabled[0m
[0;32mI (11036) phy_init: phy_version 680,a6008b2,Jun  4 2024,16:41:10[0m
[0;33mW (11036) phy_init: failed to load RF calibration data (0x1102), falling back to full calibration[0m
[0;33mW (11076) phy_init: saving new calibration data because of checksum failure, mode(2)[0m
[0;32mI (12676) esp_netif_handlers: sta ip: 192.168.8.168, mask: 255.255.255.0, gw: 192.168.8.1[0m
[0;32mI (12676) example_wifi: WiFi Connected. Got IP:192.168.8.168[0m
[0;32mI (12686) example_wifi: Connected to AP SSID: ***JONS_ORANGE_PI_WIFI_SSID***[0m
[0;32mI (12686) golioth_mbox: Mbox created, bufsize: 2520, num_items: 20, item_size: 120[0m
[0;33mW (12706) lightdb: Waiting for connection to Golioth...[0m
[0;32mI (12706) golioth_coap_client_libcoap: Start CoAP session with host: coaps://coap.golioth.io[0m
[0;32mI (12706) golioth_coap_client_libcoap: Session PSK-ID: generated-AVLmXXedfsaDDGqW@firmware_ci[0m
[0;32mI (12726) libcoap: Setting PSK key
[0m
[0;32mI (12726) golioth_coap_client_libcoap: Entering CoAP I/O loop[0m
[0;32mI (14226) golioth_coap_client_libcoap: Golioth CoAP client connected[0m
[0;32mI (14236) lightdb: Golioth client connected[0m
[0;32mI (14236) lightdb: Setting counter to 0[0m
[0;32mI (14236) lightdb: Before request (async)[0m
[0;32mI (14246) lightdb: After request (async)[0m
[0;32mI (16076) lightdb: Counter successfully set[0m
[0;32mI (19246) lightdb: Setting counter to 1[0m
[0;32mI (19246) lightdb: Before request (sync)[0m
[0;32mI (19756) lightdb: Counter successfully set[0m
[0;32mI (19766) lightdb: After request (sync)[0m
[0;32mI (24766) lightdb: Setting counter to 2[0m
[0;32mI (24766) lightdb: Before request (json async)[0m
[0;32mI (24766) lightdb: After request (json async)[0m
[0;32mI (25286) lightdb: Counter successfully set[0m
[0;32mI (29766) lightdb: Setting counter to 3[0m
[0;32mI (29766) lightdb: Before request (cbor sync)[0m
[0;32mI (30206) lightdb: Counter successfully set[0m
[0;32mI