[0m
[0;32mI (123012) test_settings: Received test_restart: false[0m
[0;32mI (123012) test_settings: Received test_bool: true[0m
[0;32mI (123012) test_settings: Received test_float: 10.000000[0m
[0;32mI (123022) test_settings: Received test_string: bar[0m
[0;32mI (123032) test_settings: Received test_cancel: 1[0m
[0;32mI (124042) test_settings: Cancelling settings[0m
[0;32mI (129042) test_settings: Settings have been cancelled[0m
[0;32mI (144382) test_settings: Received test_int: 1337[0m
[0;32mI (144382) test_settings: Received test_bool: true[0m
[0;32mI (144382) test_settings: Received test_cancel: 1[0m
[0;32mI (144392) test_settings: Received test_restart: false[0m
[0;32mI (144402) test_settings: Received test_float: 10.000000[0m
[0;32mI (144402) test_settings: Received test_string: bar[0m
[0;32mI (145612) test_settings: Received test_string: bar[0m
[0;32mI (145612) test_settings: Received test_cancel: 1[0m
[0;32mI (145612) test_settings: Received test_float: 10.000000[0m
[0;32mI (145622) test_settings: Received test_int: 1337[0m
[0;32mI (145622) test_settings: Received test_restart: false[0m
[0;32mI (145632) test_settings: Received test_bool: true[0m
[0;31mE (145642) golioth_settings: Failed to send a response to server: 10[0m
[0;32mI (146632) test_settings: Received test_restart: false[0m
[0;32mI (146632) test_settings: Received test_cancel: 1[0m
[0;32mI (146632) test_settings: Received test_int: 1337[0m
[0;32mI (146642) test_settings: Received test_float: 10.000000[0m
[0;32mI (146652) test_settings: Received test_string: bar[0m
[0;32mI (146652) test_settings: Received test_bool: true[0m
[0;31mE (146662) golioth_settings: Failed to send a response to server: 10[0m
[0;32mI (147862) test_settings: Received test_int: 1337[0m
[0;32mI (147862) test_settings: Received test_bool: true[0m
[0;32mI (147862) test_settings: Received test_string: bar[0m
[0;32mI (147882) test_settings: Received test_cancel: 0[0m
[0;32mI (147882) test_settings: Received test_restart: false[0m
[0;32mI (147882) test_settings: Received test_float: 10.000000[0m
[0;31mE (147892) golioth_settings: Failed to send a response to server: 10[0m
[0;32mI (147902) test_settings: Received test_restart: false[0m
[0;32mI (147902) test_settings: Received test_bool: true[0m
[0;32mI (147902) test_settings: Received test_float: 10.000000[0m
[0;32mI (147922) test_settings: Received test_cancel: 0[0m
[0;32mI (147922) test_settings: Received test_string: bar[0m
[0;32mI (147922) test_settings: Received test_int: 1337[0m
[0;31mE (147932) golioth_settings: Failed to send a response to server: 10[0m
[0;32mI (149042) test_settings: Settings have been reregistered[0m
[0;32mI (149592) test_settings: Received test_bool: true[0m
[0;32mI (149602) test_settings: Received test_restart: false[0m
[0;32mI (149602) test_settings: Received test_float: 10.000000[0m
[0;32mI (149612) test_settings: Received test_string: bar[0m
[0;32mI (149612) test_settings: Received test_cancel: 0[0m
[0;32mI (149612) test_settings: Received test_int: 1337[0m
[0;31mE (149622) golioth_settings: Failed to send a response to server: 10[0m
[0;32mI (150142) test_settings: Cancelling settings[0m
[0;31mE (150142) golioth_coap_client: Failed to enqueue request, queue full[0m
[0;32mI (151142) test_settings: Received test_float: 10.000000[0m
Guru Meditation Error: Core  0 panic'ed (LoadProhibited). Exception was unhandled.

Core  0 register dump:
PC      : 0x40001277  PS      : 0x00060e30  A0      : 0x800df9a0  A1      : 0x3ffcf370  
A2      : 0x0000010b  A3      : 0x3ffcf390  A4      : 0x0000000e  A5      : 0x3ffcf39e  
A6      : 0x00000047  A7      : 0x00000045  A8      : 0x00000043  A9      : 0x00000049  
A10     : 0x00000003  A11     : 0x00bcb1ce  A12     : 0x00000003  A13     : 0x3f404159  
A14     : 0x3ffcf300  A15     : 0x3ffcf6e4  SAR     : 0x00000010  EXCCAUSE: 0x0000001c  
EXCVADDR: 0x0000010b  LBEG    : 0x400012c5  LEND    : 0x400012d5  LCOUNT  : 0xfffffffa  


Backtrace: 0x40001274:0x3ffcf370 0x400df99d:0x3ffcf380 0x400e0475:0x3ffcf420 0x400dfc48:0x3ffcf460 0x400de291:0x3ffcf7e0 0x400e825c:0x3ffcf860 0x400e83fc:0x3ffcf8c0 0x400e626b:0x3ffcf8e0 0x400e84a5:0x3ffcf900 0x400e8796:0x3ffcf950 0x400e4e41:0x3ffcf980 0x400e4f5e:0x3ffcf9f0 0x400e4f71:0x3ffcfa10 0x400deea8:0x3ffcfa30




ELF file SHA256: 22ee7c875

Rebooting...
ets Jul 29 2019 12:21:46

rst:0xc (SW_CPU_RESET),boot:0x13 (SPI_FAST_FLASH_BOOT)
configsip: 0, SPIWP:0xee
clk_drv:0x00,q_drv:0x00,d_drv:0x00,cs0_drv:0x00,hd_drv:0x00,wp_drv:0x00
mode:DIO, clock div:2
load:0x3fff0030,len:7176
load:0x40078000,len:15648
load:0x40080400,len:4
ho 8 tail 4 room 4
load:0x40080404,len:3904
entry 0x40080640
[0;32mI (31) boot: ESP-IDF v5.3 2nd stage bootloader[0m
[0;32mI (31) boot: compile time Sep 24 2024 14:53:01[0m
[0;32mI (31) boot: Multicore bootloader[0m
[0;32mI (35) boot: chip revision: v3.0[0m
[0;32mI (39) boot.esp32: SPI Speed      : 40MHz[0m
[0;32mI (44) boot.esp32: SPI Mode       : DIO[0m
[0;32mI (48) boot.esp32: SPI Flash Size : 4MB[0m
[0;32mI (53) boot: Enabling RNG early entropy source...[0m
[0;32mI (58) boot: Partition Table:[0m
[0;32mI (62) boot: ## Label            Usage          Type ST Offset   Length[0m
[0;32mI (69) boot:  0 nvs              WiFi data        01 02 00009000 00006000[0m
[0;32mI (76) boot:  1 phy_init         RF data          01 01 0000f000 00001000[0m
[0;32mI (84) boot:  2 factory          factory app      00 00 00010000 00100000[0m
[0;32mI (91) boot: End of partition table[0m
[0;32mI (95) esp_image: segment 0: paddr=00010020 vaddr=3f400020 size=2b4c0h (177344) map[0m
[0;32mI (165) esp_image: segment 1: paddr=0003b4e8 vaddr=3ffb0000 size=04064h ( 16484) load[0m
[0;32mI (171) esp_image: segment 2: paddr=0003f554 vaddr=40080000 size=00ac4h (  2756) load[0m
[0;32mI (172) esp_image: segment 3: paddr=00040020 vaddr=400d0020 size=9d938h (645432) map[0m
[0;32mI (400) esp_image: segment 4: paddr=000dd960 vaddr=40080ac4 size=160ach ( 90284) load[0m
[0;32mI (447) boot: Loaded app from partition at offset 0x10000[0m
[0;32mI (447) boot: Disabling RNG early entropy source...[0m
[0;32mI (459) cpu_start: Multicore app[0m
[0;32mI (467) cpu_start: Pro cpu start user code[0m
[0;32mI (468) cpu_start: cpu freq: 160000000 Hz[0m
[0;32mI (468) app_init: Application information:[0m
[0;32mI (470) app_init: Project name:     test[0m
[0;32mI (475) app_init: App version:      2d008ce-dirty[0m
[0;32mI (480) app_init: Compile time:     Sep 24 2024 14:52:56[0m
[0;32mI (486) app_init: ELF file SHA256:  22ee7c875...[0m
[0;32mI (492) app_init: ESP-IDF:          v5.3[0m
[0;32mI (496) efuse_init: Min chip rev:     v0.0[0m
[0;32mI (501) efuse_init: Max chip rev:     v3.99 [0m
[0;32mI (506) efuse_init: Chip rev:         v3.0[0m
[0;32mI (511) heap_init: Initializing. RAM available for dynamic allocation:[0m
[0;32mI (518) heap_init: At 3FFAE6E0 len 00001920 (6 KiB): DRAM[0m
[0;32mI (524) heap_init: At 3FFBBDC8 len 00024238 (144 KiB): DRAM[0m
[0;32mI (530) heap_init: At 3FFE0440 len 00003AE0 (14 KiB): D/IRAM[0m
[0;32mI (537) heap_init: At 3FFE4350 len 0001BCB0 (111 KiB): D/IRAM[0m
[0;32mI (543) heap_init: At 40096B70 len 00009490 (37 KiB): IRAM[0m
[0;32mI (551) spi_flash: detected chip: generic[0m
[0;32mI (554) spi_flash: flash io: dio[0m
[0;33mW (558) spi_flash: Detected size(8192k) larger than the size in the binary image header(4096k). Using the size in the binary image header.[0m
[0;32mI (572) main_task: Started on CPU0[0m
[0;32mI (582) main_task: Calling app_main()[0m
[5n
Type 'help' to get the list of commands.
Use UP/DOWN arrows to navigate through command history.
Press TAB when typing command name to auto-complete.

Your terminal application does not support escape sequences.

Line editing and history features are disabled.

On Windows, try using Putty instead.
esp32> [0;32mI (1102) wifi_init: rx ba win: 6[0m
[0;32mI (1122) wifi_init: accept mbox: 6[0m
[0;32mI (1122) wifi_init: tcpip mbox: 32[0m
[0;32mI (1122) wifi_init: udp mbox: 6[0m
[0;32mI (1132) wifi_init: tcp mbox: 6[0m
[0;32mI (1132) wifi_init: tcp tx win: 5760[0m
[0;32mI (1132) wifi_init: tcp rx win: 5760[0m
[0;32mI (1142) wifi_init: tcp mss: 1440[0m
[0;32mI (1142) wifi_init: WiFi IRAM OP enabled[0m
[0;32mI (1142) wifi_init: WiFi RX IRAM OP enabled[0m
[0;32mI (1152) phy_init: phy_version 4830,54550f7,Jun 20 2024,14:22:08[0m
[0;32mI (2632) esp_netif_handlers: sta ip: 192.168.8.157, mask: 255.255.255.0, gw: 192.168.8.1[0m
[0;32mI (2632) example_wifi: WiFi Connected. Got IP:192.168.8.157[0m
[0;32mI (2642) example_wifi: Connected to AP SSID: ***MIKES_ORANGE_PI_WIFI_SSID***[0m
[0;32mI (2652) golioth_mbox: Mbox created, bufsize: 2520, num_items: 20, item_size: 120[0m
[0;32mI (2662) golioth_coap_client_libcoap: Start CoAP session with host: coaps://coap.golioth.io[0m
[0;32mI (2672) golioth_coap_client_libcoap: Session PSK-ID: generated-kCXSLPafOsrfwquC@firmware_ci[0m
[0;32mI (2682) libcoap: Setting PSK key
[0m
[0;32mI (2692) golioth_coap_client_libcoap: Entering CoAP I/O loop[0m
[0;33mW (5242) golioth_coap_client_libcoap: CoAP message retransmitted[0m
[0;32mI (7482) golioth_coap_client_libcoap: Golioth CoAP client connected[0m
[0;32mI (9102) test_settings: Received test_int: 72[0m
[0;32