esptool.py v4.7.0
Serial port /dev/serial/by-id/usb-Silicon_Labs_CP2102N_USB_to_UART_Bridge_Controller_84fc4646bd19ec11ad785df0f95a09b1-if00-port0
Connecting....
Detecting chip type... ESP32-S3
Chip is ESP32-S3 (QFN56) (revision v0.1)
Features: WiFi, BLE, Embedded PSRAM 2MB (AP_3v3)
Crystal is 40MHz
MAC: 7c:df:a1:e5:59:dc
Uploading stub...
Running stub...
Stub running...
Changing baud rate to 460800
Changed.
Configuring flash size...
Erasing flash (this may take a while)...
Chip erase completed successfully in 23.2s
Compressed 990656 bytes to 615230...
Writing at 0x00000000... (2 %)
Writing at 0x00011b3a... (5 %)
Writing at 0x0001f32f... (7 %)
Writing at 0x0002b514... (10 %)
Writing at 0x00031af2... (13 %)
Writing at 0x00037126... (15 %)
Writing at 0x00041e16... (18 %)
Writing at 0x000477d2... (21 %)
Writing at 0x0004d36c... (23 %)
Writing at 0x00052a64... (26 %)
Writing at 0x00057c40... (28 %)
Writing at 0x0005cff1... (31 %)
Writing at 0x00062e4e... (34 %)
Writing at 0x00067efd... (36 %)
Writing at 0x0006d223... (39 %)
Writing at 0x0007259a... (42 %)
Writing at 0x000776c4... (44 %)
Writing at 0x0007c987... (47 %)
Writing at 0x00081f30... (50 %)
Writing at 0x00087af8... (52 %)
Writing at 0x0008cfd4... (55 %)
Writing at 0x00092130... (57 %)
Writing at 0x00097062... (60 %)
Writing at 0x0009c645... (63 %)
Writing at 0x000a1776... (65 %)
Writing at 0x000a69f4... (68 %)
Writing at 0x000ac0f7... (71 %)
Writing at 0x000b156e... (73 %)
Writing at 0x000b666f... (76 %)
Writing at 0x000bbcac... (78 %)
Writing at 0x000c1e21... (81 %)
Writing at 0x000c8c0d... (84 %)
Writing at 0x000d16bd... (86 %)
Writing at 0x000d7e00... (89 %)
Writing at 0x000ddb7e... (92 %)
Writing at 0x000e3737... (94 %)
Writing at 0x000e9282... (97 %)
Writing at 0x000eea19... (100 %)
Wrote 990656 bytes (615230 compressed) at 0x00000000 in 17.5 seconds (effective 453.2 kbit/s)...
Hash of data verified.

Leaving...
Hard resetting via RTS pin...
ESP-ROM:esp32s3-20210327
Build:Mar 27 2021
rst:0x1 (POWERON),boot:0x8 (SPI_FAST_FLASH_BOOT)
SPIWP:0xee
mode:DIO, clock div:1
load:0x3fce2810,len:0x178c
load:0x403c8700,len:0x4
load:0x403c8704,len:0xcb8
load:0x403cb700,len:0x2df4
entry 0x403c8914
[0;32mI (27) boot: ESP-IDF v5.3 2nd stage bootloader[0m
[0;32mI (27) boot: compile time Sep 24 2024 14:52:54[0m
[0;32mI (27) boot: Multicore bootloader[0m
[0;32mI (30) boot: chip revision: v0.1[0m
[0;32mI (34) boot.esp32s3: Boot SPI Speed : 80MHz[0m
[0;32mI (38) boot.esp32s3: SPI Mode       : DIO[0m
[0;32mI (43) boot.esp32s3: SPI Flash Size : 4MB[0m
[0;32mI (48) boot: Enabling RNG early entropy source...[0m
[0;32mI (53) boot: Partition Table:[0m
[0;32mI (57) boot: ## Label            Usage          Type ST Offset   Length[0m
[0;32mI (64) boot:  0 nvs              WiFi data        01 02 00009000 00006000[0m
[0;32mI (71) boot:  1 phy_init         RF data          01 01 0000f000 00001000[0m
[0;32mI (79) boot:  2 factory          factory app      00 00 00010000 00100000[0m
[0;32mI (86) boot: End of partition table[0m
[0;32mI (91) esp_image: segment 0: paddr=00010020 vaddr=3c0a0020 size=2beb8h (179896) map[0m
[0;32mI (131) esp_image: segment 1: paddr=0003bee0 vaddr=3fc98800 size=04138h ( 16696) load[0m
[0;32mI (135) esp_image: segment 2: paddr=00040020 vaddr=42000020 size=9ccd0h (642256) map[0m
[0;32mI (252) esp_image: segment 3: paddr=000dccf8 vaddr=3fc9c938 size=00930h (  2352) load[0m
[0;32mI (253) esp_image: segment 4: paddr=000dd630 vaddr=40374000 size=14760h ( 83808) load[0m
[0;32mI (285) boot: Loaded app from partition at offset 0x10000[0m
[0;32mI (285) boot: Disabling RNG early entropy source...[0m
[0;32mI (297) cpu_start: Multicore app[0m
[0;32mI (306) cpu_start: Pro cpu start user code[0m
[0;32mI (306) cpu_start: cpu freq: 160000000 Hz[0m
[0;32mI (306) app_init: Application information:[0m
[0;32mI (309) app_init: Project name:     test[0m
[0;32mI (314) app_init: App version:      2d008ce-dirty[0m
[0;32mI (319) app_init: Compile time:     Sep 24 2024 14:52:48[0m
[0;32mI (325) app_init: ELF file SHA256:  d95b9e9f4...[0m
[0;32mI (330) app_init: ESP-IDF:          v5.3[0m
[0;32mI (335) efuse_init: Min chip rev:     v0.0[0m
[0;32mI (340) efuse_init: Max chip rev:     v0.99 [0m
[0;32mI (345) efuse_init: Chip rev:         v0.1[0m
[0;32mI (350) heap_init: Initializing. RAM available for dynamic allocation:[0m
[0;32mI (357) heap_init: At 3FCA4A88 len 00044C88 (275 KiB): RAM[0m
[0;32mI (363) heap_init: At 3FCE9710 len 00005724 (21 KiB): RAM[0m
[0;32mI (369) heap_init: At 3FCF0000 len 00008000 (32 KiB): DRAM[0m
[0;32mI (375) heap_init: At 600FE100 len 00001EE8 (7 KiB): RTCRAM[0m
[0;32mI (382) spi_flash: detected chip: generic[0m
[0;32mI (386) spi_flash: flash io: dio[0m
[0;33mW (390) spi_flash: Detected size(8192k) larger than the size in the binary image header(4096k). Using the size in the binary image header.[0m
[0;32mI (403) sleep: Configure to isolate all GPIO pins in sleep state[0m
[0;32mI (410) sleep: Enable automatic switching of GPIO sleep configuration[0m
[0;32mI (417) main_task: Started on CPU0[0m
[0;32mI (437) main_task: Calling app_main()[0m
[5n
Type 'help' to get the list of commands.
Use UP/DOWN arrows to navigate through command history.
Press TAB when typing command name to auto-complete.

Your terminal application does not support escape sequences.

Line editing and history features are disabled.

On Windows, try using Putty instead.
esp32> [0;33mW (947) hil_test: WiFi and Golioth credentials are not set. Use the shell settings commands to set them.[0m

esp32> 
esp32> 
esp32> 
esp32> settings set wifi/ssid "***TIMS_ORANGE_PI_WIFI_SSID***"
Setting wifi/ssid saved
esp32> 
esp32> 
esp32> 
esp32> 
esp32> 
esp32> settings set wifi/psk "***TIMS_ORANGE_PI_WIFI_PSK***"
Setting wifi/psk saved
esp32> 
es::add-mask::generated-fcfDvZJBkqTTdLgL
p32> 
esp32> 
esp32> 
esp32> 
esp32> settings set golioth/psk-id "generated-fcfDvZJBkqTTdLgL@firmware_ci"
Setting golioth/psk-id saved
esp32> 
esp32> 
esp32> 
esp32> 
esp32> 
esp32> settings set golioth/psk "generated-fcfDvZJBkqTTdLgL"
Setting golioth/psk saved
esp32> 
esp32> [0;32mI (7977) pp: pp rom version: e7ae62f[0m
[0;32mI (7977) net80211: net80211 rom version: e7ae62f[0m
[0;32mI (7997) wifi_init: rx ba win: 6[0m
[0;32mI (7997) wifi_init: accept mbox: 6[0m
[0;32mI (7997) wifi_init: tcpip mbox: 32[0m
[0;32mI (7997) wifi_init: udp mbox: 6[0m
[0;32mI (8007) wifi_init: tcp mbox: 6[0m
[0;32mI (8007) wifi_init: tcp tx win: 5760[0m
[0;32mI (8007) wifi_init: tcp rx win: 5760[0m
[0;32mI (8017) wifi_init: tcp mss: 1440[0m
[0;32mI (8027) wifi_init: WiFi IRAM OP enabled[0m
[0;32mI (8027) wifi_init: WiFi RX IRAM OP enabled[0m
[0;32mI (8037) phy_init: phy_version 680,a6008b2,Jun  4 2024,16:41:10[0m
[0;33mW (8037) phy_init: failed to load RF calibration data (0x1102), falling back to full calibration[0m
[0;33mW (8077) phy_init: saving new calibration data because of checksum failure, mode(2)[0m
[0;32mI (10397) esp_netif_handlers: sta ip: 192.168.8.152, mask: 255.255.255.0, gw: 192.168.8.1[0m
[0;32mI (10397) example_wifi: WiFi Connected. Got IP:192.168.8.152[0m
[0;32mI (10407) example_wifi: Connected to AP SSID: ***TIMS_ORANGE_PI_WIFI_SSID***[0m
[0;32mI (10407) golioth_mbox: Mbox created, bufsize: 2520, num_items: 20, item_size: 120[0m
[0;32mI (10727) golioth_coap_client_libcoap: Start CoAP session with host: coaps://coap.golioth.io[0m
[0;32mI (10727) golioth_coap_client_libcoap: Session PSK-ID: generated-fcfDvZJBkqTTdLgL@firmware_ci[0m
[0;32mI (10747) libcoap: Setting PSK key
[0m
[0;32mI (10747) golioth_coap_client_libcoap: Entering CoAP I/O loop[0m
[0;32mI (11527) golioth_coap_client_libcoap: Golioth CoAP client connected[0m
[0;32mI (13017) golioth_rpc: RPC observation established[0m
