esptool.py v4.8.1
Serial port /dev/serial/by-id/usb-Silicon_Labs_CP2102N_USB_to_UART_Bridge_Controller_ca317d585c76eb11ba0a87abb7be2ba5-if00-port0
Connecting....
Detecting chip type... ESP32-C3
Chip is ESP32-C3 (QFN32) (revision v0.3)
Features: WiFi, BLE, Embedded Flash 4MB (XMC)
Crystal is 40MHz
MAC: 84:f7:03:09:96:10
Uploading stub...
Running stub...
Stub running...
Changing baud rate to 460800
Changed.
Configuring flash size...
Erasing flash (this may take a while)...
Chip erase completed successfully in 20.2s
Compressed 1023840 bytes to 599050...
Writing at 0x00000000... (2 %)
Writing at 0x00011c74... (5 %)
Writing at 0x0001e99a... (8 %)
Writing at 0x0002ace0... (10 %)
Writing at 0x000341a4... (13 %)
Writing at 0x0003c07d... (16 %)
Writing at 0x000421a0... (18 %)
Writing at 0x000486ea... (21 %)
Writing at 0x0004ec04... (24 %)
Writing at 0x00054fba... (27 %)
Writing at 0x0005a85a... (29 %)
Writing at 0x0006046f... (32 %)
Writing at 0x00066e7c... (35 %)
Writing at 0x0006ca0e... (37 %)
Writing at 0x000728ec... (40 %)
Writing at 0x00078bbc... (43 %)
Writing at 0x0007e984... (45 %)
Writing at 0x000848ee... (48 %)
Writing at 0x00089db6... (51 %)
Writing at 0x0008f8ea... (54 %)
Writing at 0x00095af1... (56 %)
Writing at 0x0009b4fe... (59 %)
Writing at 0x000a0e38... (62 %)
Writing at 0x000a6db5... (64 %)
Writing at 0x000ad338... (67 %)
Writing at 0x000b34e6... (70 %)
Writing at 0x000b98a2... (72 %)
Writing at 0x000bf8a6... (75 %)
Writing at 0x000c5529... (78 %)
Writing at 0x000cab66... (81 %)
Writing at 0x000d08e5... (83 %)
Writing at 0x000d6605... (86 %)
Writing at 0x000dd5ea... (89 %)
Writing at 0x000e3a7e... (91 %)
Writing at 0x000ea716... (94 %)
Writing at 0x000f083a... (97 %)
Writing at 0x000f6758... (100 %)
Wrote 1023840 bytes (599050 compressed) at 0x00000000 in 19.5 seconds (effective 419.1 kbit/s)...
Hash of data verified.

Leaving...
Hard resetting via RTS pin...
Build:Feb  7 2021
rst:0x1 (POWERON),boot:0xc (SPI_FAST_FLASH_BOOT)
SPIWP:0xee
mode:DIO, clock div:1
load:0x3fcd5820,len:0x1574
load:0x403cc710,len:0xc30
load:0x403ce710,len:0x2fe4
entry 0x403cc71a
I (30) boot: ESP-IDF v5.4 2nd stage bootloader
I (30) boot: compile time Jan 10 2025 15:23:13
I (30) boot: chip revision: v0.3
I (30) boot: efuse block revision: v1.1
I (34) boot.esp32c3: SPI Speed      : 80MHz
I (38) boot.esp32c3: SPI Mode       : DIO
I (41) boot.esp32c3: SPI Flash Size : 4MB
I (45) boot: Enabling RNG early entropy source...
I (50) boot: Partition Table:
I (52) boot: ## Label            Usage          Type ST Offset   Length
I (58) boot:  0 nvs              WiFi data        01 02 00009000 00006000
I (65) boot:  1 phy_init         RF data          01 01 0000f000 00001000
I (72) boot:  2 factory          factory app      00 00 00010000 00100000
I (78) boot: End of partition table
I (81) esp_image: segment 0: paddr=00010020 vaddr=3c0b0020 size=259cch (154060) map
I (113) esp_image: segment 1: paddr=000359f4 vaddr=3fc93200 size=03018h ( 12312) load
I (116) esp_image: segment 2: paddr=00038a14 vaddr=40380000 size=07604h ( 30212) load
I (123) esp_image: segment 3: paddr=00040020 vaddr=42000020 size=ae324h (713508) map
I (238) esp_image: segment 4: paddr=000ee34c vaddr=40387604 size=0bbc0h ( 48064) load
I (247) esp_image: segment 5: paddr=000f9f14 vaddr=50000200 size=0001ch (    28) load
I (254) boot: Loaded app from partition at offset 0x10000
I (254) boot: Disabling RNG early entropy source...
I (265) cpu_start: Unicore app
I (273) cpu_start: Pro cpu start user code
I (273) cpu_start: cpu freq: 160000000 Hz
I (273) app_init: Application information:
I (273) app_init: Project name:     test
I (277) app_init: App version:      75e4227-dirty
I (282) app_init: Compile time:     Jan 10 2025 15:23:06
I (287) app_init: ELF file SHA256:  2b2f5645c...
I (291) app_init: ESP-IDF:          v5.4
I (295) efuse_init: Min chip rev:     v0.3
I (298) efuse_init: Max chip rev:     v1.99 
I (302) efuse_init: Chip rev:         v0.3
I (306) heap_init: Initializing. RAM available for dynamic allocation:
I (313) heap_init: At 3FC9E040 len 00021FC0 (135 KiB): RAM
I (318) heap_init: At 3FCC0000 len 0001C710 (113 KiB): Retention RAM
I (324) heap_init: At 3FCDC710 len 00002950 (10 KiB): Retention RAM
I (330) heap_init: At 5000021C len 00001DCC (7 KiB): RTCRAM
I (336) spi_flash: detected chip: generic
I (339) spi_flash: flash io: dio
I (342) sleep_gpio: Configure to isolate all GPIO pins in sleep state
I (348) sleep_gpio: Enable automatic switching of GPIO sleep configuration
I (355) main_task: Started on CPU0
I (385) main_task: Calling app_main()
[5n
Type 'help' to get the list of commands.
Use UP/DOWN arrows to navigate through command history.
Press TAB when typing command name to auto-complete.

Your terminal application does not support escape sequences.

Line editing and history features are disabled.

On Windows, try using Putty instead.
esp32> W (885) hil_test: WiFi and Golioth credentials are not set. Use the shell settings commands to set them.

esp32> 
esp32> 
esp32> 
esp32> settings set wifi/ssid "***JONS_ORANGE_PI_WIFI_SSID***"
Setting wifi/ssid saved
esp32> 
esp32> 
esp32> 
esp32> 
esp32> 
esp32> settings set wifi/psk "***JONS_ORANGE_PI_WIFI_PSK***"
Setting wifi/psk saved
esp32> 
esp32> ::add-mask::generated-AAQkfSqfLrZCuHlT

esp32> 
esp32> 
esp32> 
esp32> settings set golioth/psk-id "generated-AAQkfSqfLrZCuHlT@firmware_ci"
Setting golioth/psk-id saved
esp32> 
esp32> 
esp32> 
esp32> 
esp32> 
esp32> settings set golioth/psk "generated-AAQkfSqfLrZCuHlT"
Setting golioth/psk saved
esp32> 
esp32> I (7905) pp: pp rom version: 9387209
I (7905) net80211: net80211 rom version: 9387209
I (7925) wifi_init: rx ba win: 6
I (7925) wifi_init: accept mbox: 6
I (7925) wifi_init: tcpip mbox: 32
I (7925) wifi_init: udp mbox: 6
I (7925) wifi_init: tcp mbox: 6
I (7935) wifi_init: tcp tx win: 5760
I (7935) wifi_init: tcp rx win: 5760
I (7935) wifi_init: tcp mss: 1440
I (7945) wifi_init: WiFi IRAM OP enabled
I (7945) wifi_init: WiFi RX IRAM OP enabled
I (7945) phy_init: phy_version 1180,01f2a49,Jun  4 2024,16:34:25
W (7955) phy_init: failed to load RF calibration data (0x1102), falling back to full calibration
W (7995) phy_init: saving new calibration data because of checksum failure, mode(2)
I (9435) esp_netif_handlers: sta ip: 192.168.8.141, mask: 255.255.255.0, gw: 192.168.8.1
I (9435) example_wifi: WiFi Connected. Got IP:192.168.8.141
I (9445) example_wifi: Connected to AP SSID: ***JONS_ORANGE_PI_WIFI_SSID***
I (9445) golioth_mbox: Mbox created, bufsize: 2520, num_items: 20, item_size: 120
I (9465) golioth_coap_client_libcoap: Start CoAP session with host: coaps://coap.golioth.io
I (9465) golioth_coap_client_libcoap: Session PSK-ID: generated-AAQkfSqfLrZCuHlT@firmware_ci
I (9475) libcoap: Setting PSK key

I (9485) golioth_coap_client_libcoap: Entering CoAP I/O loop
I (10305) golioth_coap_client_libcoap: Golioth CoAP client connected
I (10505) test_ota: Manifest received
I (10505) test_ota: Manifest successfully decoded
I (10505) test_ota: Manifest doesn't have main or walrus components, skipping this one.
I (12905) test_ota: Manifest received
I (12905) test_ota: Manifest successfully decoded
I (12905) test_ota: Manifest doesn't have main or walrus components, skipping this one.
I (12925) test_ota: Manifest received
I (12925) test_ota: Manifest successfully decoded
I (12925) test_ota: Manifest doesn't have main or walrus components, skipping this one.
I (13185) test_ota: Manifest received
I (13185) test_ota: Manifest successfully decoded
I (13185) test_ota: Manifest doesn't have main or walrus components, skipping this one.
I (13785) test_ota: Manifest received
I (13785) test_ota: Manifest successfully decoded
I (13795) test_ota: Manifest doesn't have main or walrus components, skipping this one.
I (14195) test_ota: Manifest received
I (14195) test_ota: Manifest successfully decoded
I (14195) test_ota: Manifest doesn't have main or walrus components, skipping this one.
I (14405) test_ota: Manifest received
I (14405) test_ota: Manifest successfully decoded
I (14405) test_ota: Found main component
I (14405) test_ota: No absent component found
I (14415) test_ota: component.package: main
I (14415) test_ota: component.version: 1.2.2
I (14415) test_ota: component.size: 16147
I (14425) test_ota: component.hash: 62c035ff42d6c61ad9d1caf9ee3425dae3ef360eb9d145061d3f76092e266018
I (14425) test_ota: component.uri: /.u/c/main@1.2.2
I (14435) test_ota: component.bootloader: default
