esptool.py v4.8.1
Serial port /dev/serial/by-id/usb-Silicon_Labs_CP2102N_USB_to_UART_Bridge_Controller_ca317d585c76eb11ba0a87abb7be2ba5-if00-port0
Connecting....
Detecting chip type... ESP32-C3
Chip is ESP32-C3 (QFN32) (revision v0.3)
Features: WiFi, BLE, Embedded Flash 4MB (XMC)
Crystal is 40MHz
MAC: 84:f7:03:09:96:10
Uploading stub...
Running stub...
Stub running...
Changing baud rate to 460800
Changed.
Configuring flash size...
Erasing flash (this may take a while)...
Chip erase completed successfully in 20.7s
Compressed 1020832 bytes to 598793...
Writing at 0x00000000... (2 %)
Writing at 0x00011dbe... (5 %)
Writing at 0x0001e820... (8 %)
Writing at 0x0002ab01... (10 %)
Writing at 0x000336a9... (13 %)
Writing at 0x0003bb2b... (16 %)
Writing at 0x00041c7d... (18 %)
Writing at 0x000480e8... (21 %)
Writing at 0x0004e494... (24 %)
Writing at 0x00054588... (27 %)
Writing at 0x00059f72... (29 %)
Writing at 0x0005fd7a... (32 %)
Writing at 0x0006670b... (35 %)
Writing at 0x0006c28c... (37 %)
Writing at 0x00072381... (40 %)
Writing at 0x000781f9... (43 %)
Writing at 0x0007e2e6... (45 %)
Writing at 0x00083e88... (48 %)
Writing at 0x00089569... (51 %)
Writing at 0x0008efe7... (54 %)
Writing at 0x0009515a... (56 %)
Writing at 0x0009ab79... (59 %)
Writing at 0x000a03b1... (62 %)
Writing at 0x000a6340... (64 %)
Writing at 0x000ac902... (67 %)
Writing at 0x000b2a6f... (70 %)
Writing at 0x000b8e2c... (72 %)
Writing at 0x000bee60... (75 %)
Writing at 0x000c4acc... (78 %)
Writing at 0x000ca148... (81 %)
Writing at 0x000cfea6... (83 %)
Writing at 0x000d5bb1... (86 %)
Writing at 0x000dcbd1... (89 %)
Writing at 0x000e3086... (91 %)
Writing at 0x000e9ce9... (94 %)
Writing at 0x000efe0b... (97 %)
Writing at 0x000f5d02... (100 %)
Wrote 1020832 bytes (598793 compressed) at 0x00000000 in 19.7 seconds (effective 414.7 kbit/s)...
Hash of data verified.

Leaving...
Hard resetting via RTS pin...
Build:Feb  7 2021
rst:0x1 (POWERON),boot:0xc (SPI_FAST_FLASH_BOOT)
SPIWP:0xee
mode:DIO, clock div:1
load:0x3fcd5820,len:0x1574
load:0x403cc710,len:0xc30
load:0x403ce710,len:0x2f58
entry 0x403cc71a
I (30) boot: ESP-IDF v5.4 2nd stage bootloader
I (30) boot: compile time Jan 10 2025 15:31:43
I (30) boot: chip revision: v0.3
I (30) boot: efuse block revision: v1.1
I (34) boot.esp32c3: SPI Speed      : 80MHz
I (38) boot.esp32c3: SPI Mode       : DIO
I (41) boot.esp32c3: SPI Flash Size : 2MB
I (45) boot: Enabling RNG early entropy source...
I (50) boot: Partition Table:
I (52) boot: ## Label            Usage          Type ST Offset   Length
I (58) boot:  0 nvs              WiFi data        01 02 00009000 00006000
I (65) boot:  1 phy_init         RF data          01 01 0000f000 00001000
I (72) boot:  2 factory          factory app      00 00 00010000 00100000
I (78) boot: End of partition table
I (81) esp_image: segment 0: paddr=00010020 vaddr=3c0b0020 size=2592ch (153900) map
I (113) esp_image: segment 1: paddr=00035954 vaddr=3fc93200 size=03020h ( 12320) load
I (116) esp_image: segment 2: paddr=0003897c vaddr=40380000 size=0769ch ( 30364) load
I (123) esp_image: segment 3: paddr=00040020 vaddr=42000020 size=ad808h (710664) map
I (238) esp_image: segment 4: paddr=000ed830 vaddr=4038769c size=0bb28h ( 47912) load
I (247) esp_image: segment 5: paddr=000f9360 vaddr=50000200 size=0001ch (    28) load
I (253) boot: Loaded app from partition at offset 0x10000
I (253) boot: Disabling RNG early entropy source...
I (265) cpu_start: Unicore app
I (273) cpu_start: Pro cpu start user code
I (273) cpu_start: cpu freq: 160000000 Hz
I (273) app_init: Application information:
I (273) app_init: Project name:     stream
I (277) app_init: App version:      75e4227-dirty
I (281) app_init: Compile time:     Jan 10 2025 15:31:37
I (286) app_init: ELF file SHA256:  0d1a746db...
I (291) app_init: ESP-IDF:          v5.4
I (294) efuse_init: Min chip rev:     v0.3
I (298) efuse_init: Max chip rev:     v1.99 
I (302) efuse_init: Chip rev:         v0.3
I (306) heap_init: Initializing. RAM available for dynamic allocation:
I (312) heap_init: At 3FC9DC40 len 000223C0 (136 KiB): RAM
I (317) heap_init: At 3FCC0000 len 0001C710 (113 KiB): Retention RAM
I (323) heap_init: At 3FCDC710 len 00002950 (10 KiB): Retention RAM
I (329) heap_init: At 5000021C len 00001DCC (7 KiB): RTCRAM
I (336) spi_flash: detected chip: generic
I (338) spi_flash: flash io: dio
W (341) spi_flash: Detected size(4096k) larger than the size in the binary image header(2048k). Using the size in the binary image header.
I (354) sleep_gpio: Configure to isolate all GPIO pins in sleep state
I (360) sleep_gpio: Enable automatic switching of GPIO sleep configuration
I (367) main_task: Started on CPU0
I (377) main_task: Calling app_main()
I (377) stream: Start Stream sample
[5n
Type 'help' to get the list of commands.
Use UP/DOWN arrows to navigate through command history.
Press TAB when typing command name to auto-complete.

Your terminal application does not support escape sequences.

Line editing and history features are disabled.

On Windows, try using Putty instead.
esp32> W (887) stream: WiFi and Golioth credentials are not set. Use the shell settings commands to set them.

esp32> 
esp32> 
esp32> 
esp32> settings set wifi/ssid "***JONS_ORANGE_PI_WIFI_SSID***"
Setting wifi/ssid saved
esp32> 
esp32> 
esp32> 
esp32> 
esp32> 
esp32> settings set wifi/psk "***JONS_ORANGE_PI_WIFI_PSK***"
Setting wifi/psk saved
es::add-mask::generated-wzTSnFjJXVgfXHiw
p32> 
esp32> 
esp32> 
esp32> 
esp32> 
esp32> settings set golioth/psk-id "generated-wzTSnFjJXVgfXHiw@firmware_ci"
Setting golioth/psk-id saved
esp32> 
esp32> 
esp32> 
esp32> 
esp32> 
esp32> settings set golioth/psk "generated-wzTSnFjJXVgfXHiw"
Setting golioth/psk saved
esp32> 
esp32> I (10907) pp: pp rom version: 9387209
I (10907) net80211: net80211 rom version: 9387209
I (10927) wifi_init: rx ba win: 6
I (10927) wifi_init: accept mbox: 6
I (10927) wifi_init: tcpip mbox: 32
I (10927) wifi_init: udp mbox: 6
I (10927) wifi_init: tcp mbox: 6
I (10937) wifi_init: tcp tx win: 5760
I (10937) wifi_init: tcp rx win: 5760
I (10937) wifi_init: tcp mss: 1440
I (10947) wifi_init: WiFi IRAM OP enabled
I (10947) wifi_init: WiFi RX IRAM OP enabled
I (10947) phy_init: phy_version 1180,01f2a49,Jun  4 2024,16:34:25
W (10957) phy_init: failed to load RF calibration data (0x1102), falling back to full calibration
W (10997) phy_init: saving new calibration data because of checksum failure, mode(2)
I (12397) esp_netif_handlers: sta ip: 192.168.8.141, mask: 255.255.255.0, gw: 192.168.8.1
I (12397) example_wifi: WiFi Connected. Got IP:192.168.8.141
I (12407) example_wifi: Connected to AP SSID: ***JONS_ORANGE_PI_WIFI_SSID***
I (12407) golioth_mbox: Mbox created, bufsize: 2520, num_items: 20, item_size: 120
W (12417) stream: Waiting for connection to Golioth...
I (12437) golioth_coap_client_libcoap: Start CoAP session with host: coaps://coap.golioth.io
I (12437) golioth_coap_client_libcoap: Session PSK-ID: generated-wzTSnFjJXVgfXHiw@firmware_ci
I (12457) libcoap: Setting PSK key

I (12457) golioth_coap_client_libcoap: Entering CoAP I/O loop
I (13327) golioth_coap_client_libcoap: Golioth CoAP client connected
I (13327) stream: Golioth client connected
I (13327) stre