esptool.py v4.8.1
Serial port /dev/serial/by-id/usb-Silicon_Labs_CP2102N_USB_to_UART_Bridge_Controller_ca317d585c76eb11ba0a87abb7be2ba5-if00-port0
Connecting....
Detecting chip type... ESP32-C3
Chip is ESP32-C3 (QFN32) (revision v0.3)
Features: WiFi, BLE, Embedded Flash 4MB (XMC)
Crystal is 40MHz
MAC: 84:f7:03:09:96:10
Uploading stub...
Running stub...
Stub running...
Changing baud rate to 460800
Changed.
Configuring flash size...
Erasing flash (this may take a while)...
Chip erase completed successfully in 20.3s
Compressed 1018896 bytes to 597876...
Writing at 0x00000000... (2 %)
Writing at 0x00011dbe... (5 %)
Writing at 0x0001e727... (8 %)
Writing at 0x0002aa1d... (10 %)
Writing at 0x00033772... (13 %)
Writing at 0x0003b9fd... (16 %)
Writing at 0x00041b3e... (18 %)
Writing at 0x00047f10... (21 %)
Writing at 0x0004e287... (24 %)
Writing at 0x000542ac... (27 %)
Writing at 0x00059d00... (29 %)
Writing at 0x0005fb1d... (32 %)
Writing at 0x0006649d... (35 %)
Writing at 0x0006c056... (37 %)
Writing at 0x000720df... (40 %)
Writing at 0x00077f7e... (43 %)
Writing at 0x0007e003... (45 %)
Writing at 0x00083b5a... (48 %)
Writing at 0x0008929b... (51 %)
Writing at 0x0008ece4... (54 %)
Writing at 0x00094ea4... (56 %)
Writing at 0x0009a8f0... (59 %)
Writing at 0x000a0116... (62 %)
Writing at 0x000a6076... (64 %)
Writing at 0x000ac7b6... (67 %)
Writing at 0x000b2902... (70 %)
Writing at 0x000b8b3c... (72 %)
Writing at 0x000bec0d... (75 %)
Writing at 0x000c4819... (78 %)
Writing at 0x000c9efe... (81 %)
Writing at 0x000cfc12... (83 %)
Writing at 0x000d58f7... (86 %)
Writing at 0x000dc950... (89 %)
Writing at 0x000e2f65... (91 %)
Writing at 0x000e9a50... (94 %)
Writing at 0x000efc8a... (97 %)
Writing at 0x000f5a29... (100 %)
Wrote 1018896 bytes (597876 compressed) at 0x00000000 in 19.3 seconds (effective 421.8 kbit/s)...
Hash of data verified.

Leaving...
Hard resetting via RTS pin...
Build:Feb  7 2021
rst:0x1 (POWERON),boot:0xc (SPI_FAST_FLASH_BOOT)
SPIWP:0xee
mode:DIO, clock div:1
load:0x3fcd5820,len:0x1574
load:0x403cc710,len:0xc30
load:0x403ce710,len:0x2f58
entry 0x403cc71a
I (30) boot: ESP-IDF v5.4 2nd stage bootloader
I (30) boot: compile time Jan 21 2025 00:15:27
I (30) boot: chip revision: v0.3
I (30) boot: efuse block revision: v1.1
I (34) boot.esp32c3: SPI Speed      : 80MHz
I (38) boot.esp32c3: SPI Mode       : DIO
I (41) boot.esp32c3: SPI Flash Size : 2MB
I (45) boot: Enabling RNG early entropy source...
I (50) boot: Partition Table:
I (52) boot: ## Label            Usage          Type ST Offset   Length
I (58) boot:  0 nvs              WiFi data        01 02 00009000 00006000
I (65) boot:  1 phy_init         RF data          01 01 0000f000 00001000
I (72) boot:  2 factory          factory app      00 00 00010000 00100000
I (78) boot: End of partition table
I (81) esp_image: segment 0: paddr=00010020 vaddr=3c0b0020 size=256f4h (153332) map
I (113) esp_image: segment 1: paddr=0003571c vaddr=3fc93200 size=03020h ( 12320) load
I (116) esp_image: segment 2: paddr=00038744 vaddr=40380000 size=078d4h ( 30932) load
I (123) esp_image: segment 3: paddr=00040020 vaddr=42000020 size=ad2a4h (709284) map
I (238) esp_image: segment 4: paddr=000ed2cc vaddr=403878d4 size=0b8f0h ( 47344) load
I (246) esp_image: segment 5: paddr=000f8bc4 vaddr=50000200 size=0001ch (    28) load
I (253) boot: Loaded app from partition at offset 0x10000
I (253) boot: Disabling RNG early entropy source...
I (264) cpu_start: Unicore app
I (272) cpu_start: Pro cpu start user code
I (272) cpu_start: cpu freq: 160000000 Hz
I (273) app_init: Application information:
I (273) app_init: Project name:     hello
I (276) app_init: App version:      ff15911-dirty
I (281) app_init: Compile time:     Jan 21 2025 00:15:20
I (286) app_init: ELF file SHA256:  e9cb7d234...
I (290) app_init: ESP-IDF:          v5.4
I (294) efuse_init: Min chip rev:     v0.3
I (298) efuse_init: Max chip rev:     v1.99 
I (302) efuse_init: Chip rev:         v0.3
I (305) heap_init: Initializing. RAM available for dynamic allocation:
I (312) heap_init: At 3FC9DC40 len 000223C0 (136 KiB): RAM
I (317) heap_init: At 3FCC0000 len 0001C710 (113 KiB): Retention RAM
I (323) heap_init: At 3FCDC710 len 00002950 (10 KiB): Retention RAM
I (329) heap_init: At 5000021C len 00001DCC (7 KiB): RTCRAM
I (335) spi_flash: detected chip: generic
I (338) spi_flash: flash io: dio
W (341) spi_flash: Detected size(4096k) larger than the size in the binary image header(2048k). Using the size in the binary image header.
I (353) sleep_gpio: Configure to isolate all GPIO pins in sleep state
I (359) sleep_gpio: Enable automatic switching of GPIO sleep configuration
I (366) main_task: Started on CPU0
I (376) main_task: Calling app_main()
[5n
Type 'help' to get the list of commands.
Use UP/DOWN arrows to navigate through command history.
Press TAB when typing command name to auto-complete.

Your terminal application does not support escape sequences.

Line editing and history features are disabled.

On Windows, try using Putty instead.
esp32> W (886) hello: WiFi credentials are not set. Use the shell settings commands to set them.

esp32> 
esp32> 
esp32> 
esp32> settings set wifi/ssid "***JONS_ORANGE_PI_WIFI_SSID***"
Setting wifi/ssid saved
esp32> 
esp32> 
esp32> 
esp32> 
esp32> 
esp32> settings set wifi/psk "***JONS_ORANGE_PI_WIFI_PSK***"
Setting wifi/psk saved
es::add-mask::generated-NlHpIscHCdJBvsfy
p32> 
esp32> 
esp32> 
esp32> 
esp32> 
esp32> settings set golioth/psk-id "generated-NlHpIscHCdJBvsfy@firmware_ci"
Setting golioth/psk-id saved
esp32> 
esp32> 
esp32> 
esp32> 
esp32> 
esp32> settings set golioth/psk "generated-NlHpIscHCdJBvsfy"
Setting golioth/psk saved
esp32> 
esp32> I (8906) pp: pp rom version: 9387209
I (8906) net80211: net80211 rom version: 9387209
I (8926) wifi_init: rx ba win: 6
I (8926) wifi_init: accept mbox: 6
I (8926) wifi_init: tcpip mbox: 32
I (8926) wifi_init: udp mbox: 6
I (8926) wifi_init: tcp mbox: 6
I (8936) wifi_init: tcp tx win: 5760
I (8936) wifi_init: tcp rx win: 5760
I (8936) wifi_init: tcp mss: 1440
I (8946) wifi_init: WiFi IRAM OP enabled
I (8946) wifi_init: WiFi RX IRAM OP enabled
I (8946) phy_init: phy_version 1180,01f2a49,Jun  4 2024,16:34:25
W (8956) phy_init: failed to load RF calibration data (0x1102), falling back to full calibration
W (8996) phy_init: saving new calibration data because of checksum failure, mode(2)
I (10396) esp_netif_handlers: sta ip: 192.168.8.141, mask: 255.255.255.0, gw: 192.168.8.1
I (10396) example_wifi: WiFi Connected. Got IP:192.168.8.141
I (10406) example_wifi: Connected to AP SSID: ***JONS_ORANGE_PI_WIFI_SSID***
I (10406) golioth_mbox: Mbox created, bufsize: 2520, num_items: 20, item_size: 120
W (10416) hello: Waiting for connection to Golioth...
I (10426) golioth_coap_client_libcoap: Start CoAP session with host: coaps://coap.golioth.io
I (10426) golioth_coap_client_libcoap: Session PSK-ID: generated-NlHpIscHCdJBvsfy@firmware_ci
I (10436) libcoap: Setting PSK key

I (10446) golioth_coap_client_libcoap: Entering CoAP I/O loop
E (20466) golioth_coap_client_libcoap: Timeout: never got a response from the server
E (20466) golioth_coap_client_libcoap: DTLS handshake failed. Maybe your PSK-ID or PSK is incorrect?
I (20476) golioth_coap_client_libcoap: Ending session
E (20476) golioth_coap_client_libcoap: Received nack reason: COAP_NACK_TLS_FAILED
I (21486) golioth_coap_client_libcoap: Start CoAP session with host: coaps://coap.golioth.io
I (21486) golioth_coap_client_libcoap: Session PSK-ID: generated-NlHpIscHCdJBvsfy@firmware_ci
I (21496) libcoap: Setting PSK key

I (21496) golioth_coap_client_libcoap: Entering CoAP I/O loop
I (22226) golioth_coap_client_libcoap: Golioth CoAP client connected
I (22226) hello: Golioth client connected
I (22236) hello: Sending hello! 0
I (27236) hello: Sending hello! 1
I (32236) hello: Sending hello! 2
I (37236) hello: Sending hello! 3
