esptool.py v4.7.0
Serial port /dev/serial/by-id/usb-Silicon_Labs_CP2102N_USB_to_UART_Bridge_Controller_08bd8600facfec119c501d2686bdcd52-if00-port0
Connecting....
Detecting chip type... ESP32-S3
Chip is ESP32-S3 (QFN56) (revision v0.1)
Features: WiFi, BLE, Embedded PSRAM 8MB (AP_3v3)
Crystal is 40MHz
MAC: 34:85:18:6d:04:5c
Uploading stub...
Running stub...
Stub running...
Changing baud rate to 460800
Changed.
Configuring flash size...
Erasing flash (this may take a while)...
Chip erase completed successfully in 0.6s
Compressed 986464 bytes to 612203...
Writing at 0x00000000... (2 %)
Writing at 0x00011bf3... (5 %)
Writing at 0x0001f06e... (7 %)
Writing at 0x0002b51e... (10 %)
Writing at 0x00031a78... (13 %)
Writing at 0x00037183... (15 %)
Writing at 0x00041df6... (18 %)
Writing at 0x00047763... (21 %)
Writing at 0x0004d2fd... (23 %)
Writing at 0x00052855... (26 %)
Writing at 0x00057a79... (28 %)
Writing at 0x0005cf77... (31 %)
Writing at 0x00062bcc... (34 %)
Writing at 0x00067cb3... (36 %)
Writing at 0x0006d0da... (39 %)
Writing at 0x000722ec... (42 %)
Writing at 0x000775b8... (44 %)
Writing at 0x0007c6f3... (47 %)
Writing at 0x00081e97... (50 %)
Writing at 0x000878eb... (52 %)
Writing at 0x0008cf60... (55 %)
Writing at 0x00091ec5... (57 %)
Writing at 0x00096fb1... (60 %)
Writing at 0x0009c4ce... (63 %)
Writing at 0x000a161f... (65 %)
Writing at 0x000a67cf... (68 %)
Writing at 0x000ac1c3... (71 %)
Writing at 0x000b139b... (73 %)
Writing at 0x000b6815... (76 %)
Writing at 0x000bbac5... (78 %)
Writing at 0x000c27fc... (81 %)
Writing at 0x000c89d2... (84 %)
Writing at 0x000d1c8d... (86 %)
Writing at 0x000d7bb7... (89 %)
Writing at 0x000ddc52... (92 %)
Writing at 0x000e38e2... (94 %)
Writing at 0x000e946d... (97 %)
Writing at 0x000ee888... (100 %)
Wrote 986464 bytes (612203 compressed) at 0x00000000 in 14.2 seconds (effective 556.4 kbit/s)...
Hash of data verified.

Leaving...
Hard resetting via RTS pin...
ESP-ROM:esp32s3-20210327
Build:Mar 27 2021
rst:0x1 (POWERON),boot:0x8 (SPI_FAST_FLASH_BOOT)
SPIWP:0xee
mode:DIO, clock div:1
load:0x3fce2810,len:0x178c
load:0x403c8700,len:0x4
load:0x403c8704,len:0xcb8
load:0x403cb700,len:0x2db0
entry 0x403c8914
[0;32mI (27) boot: ESP-IDF v5.3 2nd stage bootloader[0m
[0;32mI (27) boot: compile time Oct  4 2024 06:16:56[0m
[0;32mI (27) boot: Multicore bootloader[0m
[0;32mI (30) boot: chip revision: v0.1[0m
[0;32mI (34) boot.esp32s3: Boot SPI Speed : 80MHz[0m
[0;32mI (38) boot.esp32s3: SPI Mode       : DIO[0m
[0;32mI (43) boot.esp32s3: SPI Flash Size : 2MB[0m
[0;32mI (48) boot: Enabling RNG early entropy source...[0m
[0;32mI (53) boot: Partition Table:[0m
[0;32mI (57) boot: ## Label            Usage          Type ST Offset   Length[0m
[0;32mI (64) boot:  0 nvs              WiFi data        01 02 00009000 00006000[0m
[0;32mI (71) boot:  1 phy_init         RF data          01 01 0000f000 00001000[0m
[0;32mI (79) boot:  2 factory          factory app      00 00 00010000 00100000[0m
[0;32mI (86) boot: End of partition table[0m
[0;32mI (91) esp_image: segment 0: paddr=00010020 vaddr=3c0a0020 size=2bf30h (180016) map[0m
[0;32mI (131) esp_image: segment 1: paddr=0003bf58 vaddr=3fc98800 size=040c0h ( 16576) load[0m
[0;32mI (135) esp_image: segment 2: paddr=00040020 vaddr=42000020 size=9bbf0h (637936) map[0m
[0;32mI (252) esp_image: segment 3: paddr=000dbc18 vaddr=3fc9c8c0 size=009b8h (  2488) load[0m
[0;32mI (252) esp_image: segment 4: paddr=000dc5d8 vaddr=40374000 size=14760h ( 83808) load[0m
[0;32mI (284) boot: Loaded app from partition at offset 0x10000[0m
[0;32mI (284) boot: Disabling RNG early entropy source...[0m
[0;32mI (296) cpu_start: Multicore app[0m
[0;32mI (305) cpu_start: Pro cpu start user code[0m
[0;32mI (305) cpu_start: cpu freq: 160000000 Hz[0m
[0;32mI (305) app_init: Application information:[0m
[0;32mI (308) app_init: Project name:     hello[0m
[0;32mI (313) app_init: App version:      a7316d7-dirty[0m
[0;32mI (318) app_init: Compile time:     Oct  4 2024 06:16:50[0m
[0;32mI (324) app_init: ELF file SHA256:  11356ede3...[0m
[0;32mI (330) app_init: ESP-IDF:          v5.3[0m
[0;32mI (334) efuse_init: Min chip rev:     v0.0[0m
[0;32mI (339) efuse_init: Max chip rev:     v0.99 [0m
[0;32mI (344) efuse_init: Chip rev:         v0.1[0m
[0;32mI (349) heap_init: Initializing. RAM available for dynamic allocation:[0m
[0;32mI (356) heap_init: At 3FCA4A28 len 00044CE8 (275 KiB): RAM[0m
[0;32mI (362) heap_init: At 3FCE9710 len 00005724 (21 KiB): RAM[0m
[0;32mI (368) heap_init: At 3FCF0000 len 00008000 (32 KiB): DRAM[0m
[0;32mI (374) heap_init: At 600FE100 len 00001EE8 (7 KiB): RTCRAM[0m
[0;32mI (382) spi_flash: detected chip: gd[0m
[0;32mI (385) spi_flash: flash io: dio[0m
[0;33mW (389) spi_flash: Detected size(8192k) larger than the size in the binary image header(2048k). Using the size in the binary image header.[0m
[0;32mI (402) sleep: Configure to isolate all GPIO pins in sleep state[0m
[0;32mI (409) sleep: Enable automatic switching of GPIO sleep configuration[0m
[0;32mI (416) main_task: Started on CPU0[0m
[0;32mI (436) main_task: Calling app_main()[0m
[5n
Type 'help' to get the list of commands.
Use UP/DOWN arrows to navigate through command history.
Press TAB when typing command name to auto-complete.

Your terminal application does not support escape sequences.

Line editing and history features are disabled.

On Windows, try using Putty instead.
esp32> [0;33mW (946) hello: WiFi credentials are not set. Use the shell settings commands to set them.[0m

esp32> 
esp32> 
esp32> 
esp32> settings set wifi/ssid "***MIKES_ORANGE_PI_WIFI_SSID***"
Setting wifi/ssid saved
esp32> 
esp32> 
esp32> 
esp32> 
esp32> 
esp32> settings set wifi/psk "***MIKES_ORANGE_PI_WIFI_PSK***"
Setting wifi/psk saved
esp32> 
esp32> ::add-mask::generated-ZqgDaJVLkLlPFbEq

esp32> 
esp32> 
esp32> 
esp32> settings set golioth/psk-id "generated-ZqgDaJVLkLlPFbEq@firmware_ci"
Setting golioth/psk-id saved
esp32> 
esp32> 
esp32> 
esp32> 
esp32> 
esp32> settings set golioth/psk "generated-ZqgDaJVLkLlPFbEq"
Setting golioth/psk saved
esp32> 
esp32> [0;32mI (7976) pp: pp rom version: e7ae62f[0m
[0;32mI (7976) net80211: net80211 rom version: e7ae62f[0m
[0;32mI (7986) wifi_init: rx ba win: 6[0m
[0;32mI (7986) wifi_init: accept mbox: 6[0m
[0;32mI (7986) wifi_init: tcpip mbox: 32[0m
[0;32mI (7986) wifi_init: udp mbox: 6[0m
[0;32mI (7996) wifi_init: tcp mbox: 6[0m
[0;32mI (7996) wifi_init: tcp tx win: 5760[0m
[0;32mI (7996) wifi_init: tcp rx win: 5760[0m
[0;32mI (8016) wifi_init: tcp mss: 1440[0m
[0;32mI (8016) wifi_init: WiFi IRAM OP enabled[0m
[0;32mI (8016) wifi_init: WiFi RX IRAM OP enabled[0m
[0;32mI (8026) phy_init: phy_version 680,a6008b2,Jun  4 2024,16:41:10[0m
[0;33mW (8026) phy_init: failed to load RF calibration data (0x1102), falling back to full calibration[0m
[0;33mW (8066) phy_init: saving new calibration data because of checksum failure, mode(2)[0m
[0;32mI (13176) esp_netif_handlers: sta ip: 192.168.8.234, mask: 255.255.255.0, gw: 192.168.8.1[0m
[0;32mI (13176) example_wifi: WiFi Connected. Got IP:192.168.8.234[0m
[0;32mI (13186) example_wifi: Connected to AP SSID: ***MIKES_ORANGE_PI_WIFI_SSID***[0m
[0;32mI (13186) golioth_mbox: Mbox created, bufsize: 2520, num_items: 20, item_size: 120[0m
[0;33mW (13206) hello: Waiting for connection to Golioth...[0m
[0;32mI (13236) golioth_coap_client_libcoap: Start CoAP session with host: coaps://coap.golioth.io[0m
[0;32mI (13236) golioth_coap_client_libcoap: Session PSK-ID: generated-ZqgDaJVLkLlPFbEq@firmware_ci[0m
[0;32mI (13256) libcoap: Setting PSK key
[0m
[0;32mI (13256) golioth_coap_client_libcoap: Entering CoAP I/O loop[0m
[0;32mI (13976) golioth_coap_client_libcoap: Golioth CoAP client connected[0m
[0;32mI (13976) hello: Golioth client connected[0m
[0;32mI (13976) hello: Sending hello! 0[0m
[0;32mI (18976) hello: Sending hello! 1[0m
[0;32mI (23976) hello: Sending hello! 2[0m
[0;32mI (28976) hello: Sending hello! 3[0m
