esptool.py v4.9.0
Serial port /dev/serial/by-id/usb-Silicon_Labs_CP2102N_USB_to_UART_Bridge_Controller_90568bbbd827ee11b31a14d8f49e3369-if00-port0
Connecting.....
Detecting chip type... Unsupported detection protocol, switching and trying again...
Connecting..........
Detecting chip type... ESP32
Chip is ESP32-D0WD-V3 (revision v3.1)
Features: WiFi, BT, Dual Core, 240MHz, VRef calibration in efuse, Coding Scheme None
Crystal is 40MHz
MAC: a0:a3:b3:8b:38:c0
Uploading stub...
Running stub...
Stub running...
Changing baud rate to 460800
Changed.
Configuring flash size...
Erasing flash (this may take a while)...
Chip erase completed successfully in 2.3 seconds.
Compressed 968912 bytes to 609302...
Writing at 0x00000000... (2 %)
Writing at 0x000074c7... (5 %)
Writing at 0x0001c0ef... (7 %)
Writing at 0x00028cf4... (10 %)
Writing at 0x000314a5... (13 %)
Writing at 0x0003adcf... (15 %)
Writing at 0x000404d3... (18 %)
Writing at 0x00045e74... (21 %)
Writing at 0x0004b623... (23 %)
Writing at 0x00050aa4... (26 %)
Writing at 0x00055c78... (28 %)
Writing at 0x0005b11c... (31 %)
Writing at 0x000605e0... (34 %)
Writing at 0x000656ab... (36 %)
Writing at 0x0006aa29... (39 %)
Writing at 0x0006fbb1... (42 %)
Writing at 0x00074ef4... (44 %)
Writing at 0x0007a019... (47 %)
Writing at 0x0007f6a4... (50 %)
Writing at 0x00084ec2... (52 %)
Writing at 0x0008a9d6... (55 %)
Writing at 0x0008fc5a... (57 %)
Writing at 0x00094eb1... (60 %)
Writing at 0x0009a606... (63 %)
Writing at 0x0009fd05... (65 %)
Writing at 0x000a4ff5... (68 %)
Writing at 0x000aa711... (71 %)
Writing at 0x000b008d... (73 %)
Writing at 0x000b517b... (76 %)
Writing at 0x000ba5b0... (78 %)
Writing at 0x000bfeb0... (81 %)
Writing at 0x000c7791... (84 %)
Writing at 0x000cde37... (86 %)
Writing at 0x000d553f... (89 %)
Writing at 0x000dac66... (92 %)
Writing at 0x000e06ae... (94 %)
Writing at 0x000e62b5... (97 %)
Writing at 0x000eb5cb... (100 %)
Wrote 968912 bytes (609302 compressed) at 0x00000000 in 14.1 seconds (effective 549.2 kbit/s)...
Hash of data verified.

Leaving...
Hard resetting via RTS pin...
drv:0x00,d_drv:0x00,cs0_drv:0x00,hd_drv:0x00,wp_drv:0x00
mode:DIO, clock div:2
load:0x3fff0030,len:6276
load:0x40078000,len:15748
load:0x40080400,len:4
ho 8 tail 4 room 4
load:0x40080404,len:3860
entry 0x4008063c
I (31) boot: ESP-IDF v5.4.1 2nd stage bootloader
I (31) boot: compile time Oct 20 2025 00:14:31
I (31) boot: Multicore bootloader
I (32) boot: chip revision: v3.1
I (35) boot.esp32: SPI Speed      : 40MHz
I (39) boot.esp32: SPI Mode       : DIO
I (43) boot.esp32: SPI Flash Size : 2MB
I (46) boot: Enabling RNG early entropy source...
I (51) boot: Partition Table:
I (53) boot: ## Label            Usage          Type ST Offset   Length
I (60) boot:  0 nvs              WiFi data        01 02 00009000 00006000
I (66) boot:  1 phy_init         RF data          01 01 0000f000 00001000
I (73) boot:  2 factory          factory app      00 00 00010000 00100000
I (79) boot: End of partition table
I (82) esp_image: segment 0: paddr=00010020 vaddr=3f400020 size=242e0h (148192) map
I (141) esp_image: segment 1: paddr=00034308 vaddr=3ff80000 size=0001ch (    28) load
I (141) esp_image: segment 2: paddr=0003432c vaddr=3ffb0000 size=040e8h ( 16616) load
I (151) esp_image: segment 3: paddr=0003841c vaddr=40080000 size=07bfch ( 31740) load
I (164) esp_image: segment 4: paddr=00040020 vaddr=400d0020 size=9d4e8h (644328) map
I (385) esp_image: segment 5: paddr=000dd510 vaddr=40087bfc size=0f398h ( 62360) load
I (420) boot: Loaded app from partition at offset 0x10000
I (420) boot: Disabling RNG early entropy source...
I (431) cpu_start: Multicore app
I (439) cpu_start: Pro cpu start user code
I (439) cpu_start: cpu freq: 160000000 Hz
I (439) app_init: Application information:
I (439) app_init: Project name:     hello
I (443) app_init: App version:      5fe6660-dirty
I (447) app_init: Compile time:     Oct 20 2025 00:14:25
I (452) app_init: ELF file SHA256:  0bbbb13c4...
I (457) app_init: ESP-IDF:          v5.4.1
I (460) efuse_init: Min chip rev:     v0.0
I (464) efuse_init: Max chip rev:     v3.99 
I (468) efuse_init: Chip rev:         v3.1
I (472) heap_init: Initializing. RAM available for dynamic allocation:
I (478) heap_init: At 3FFAE6E0 len 00001920 (6 KiB): DRAM
I (483) heap_init: At 3FFBBB20 len 000244E0 (145 KiB): DRAM
I (489) heap_init: At 3FFE0440 len 00003AE0 (14 KiB): D/IRAM
I (494) heap_init: At 3FFE4350 len 0001BCB0 (111 KiB): D/IRAM
I (500) heap_init: At 40096F94 len 0000906C (36 KiB): IRAM
I (506) spi_flash: detected chip: generic
I (508) spi_flash: flash io: dio
W (511) spi_flash: Detected size(8192k) larger than the size in the binary image header(2048k). Using the size in the binary image header.
I (525) main_task: Started on CPU0
I (535) main_task: Calling app_main()
[5n
Type 'help' to get the list of commands.
Use UP/DOWN arrows to navigate through command history.
Press TAB when typing command name to auto-complete.

Your terminal application does not support escape sequences.

Line editing and history features are disabled.

On Windows, try using Putty instead.
esp32> W (1045) hello: WiFi credentials are not set. Use the shell settings commands to set them.

esp32> 
esp32> 
esp32> 
esp32> settings set wifi/ssid "***SAMS_ORANGE_PI_WIFI_SSID***"
Setting wifi/ssid saved
esp32> 
esp32> 
esp32> 
esp32> 
esp32> 
esp32> settings set wifi/psk "***SAMS_ORANGE_PI_WIFI_PSK***"
Setting wifi/psk saved
esp32> 
esp32> ::add-mask::generated-abGirFsWZIIrAXbj

esp32> 
esp32> 
esp32> 
esp32> settings set golioth/psk-id "generated-abGirFsWZIIrAXbj@firmware_ci"
Setting golioth/psk-id saved
esp32> 
esp32> 
esp32> 
esp32> 
esp32> 
esp32> settings set golioth/psk "generated-abGirFsWZIIrAXbj"
Setting golioth/psk saved
esp32> 
esp32> I (8095) wifi_init: rx ba win: 6
I (8095) wifi_init: accept mbox: 6
I (8095) wifi_init: tcpip mbox: 32
I (8095) wifi_init: udp mbox: 6
I (8095) wifi_init: tcp mbox: 6
I (8115) wifi_init: tcp tx win: 5760
I (8115) wifi_init: tcp rx win: 5760
I (8115) wifi_init: tcp mss: 1440
I (8115) wifi_init: WiFi IRAM OP enabled
I (8125) wifi_init: WiFi RX IRAM OP enabled
I (8125) phy_init: phy_version 4860,6b7a6e5,Feb  6 2025,14:47:07
W (8125) phy_init: failed to load RF calibration data (0x1102), falling back to full calibration
I (8205) phy_init: Saving new calibration data due to checksum failure or outdated calibration data, mode(2)
I (10145) esp_netif_handlers: sta ip: 192.168.0.119, mask: 255.255.255.0, gw: 192.168.0.1
I (10145) example_wifi: WiFi Connected. Got IP:192.168.0.119
I (10145) example_wifi: Connected to AP SSID: ***SAMS_ORANGE_PI_WIFI_SSID***
I (10155) golioth_mbox: Mbox created, bufsize: 2688, num_items: 20, item_size: 128
W (10165) hello: Waiting for connection to Golioth...
I (10195) golioth_coap_client_libcoap: Start CoAP session with host: coaps://coap.golioth.io
I (10195) golioth_coap_client_libcoap: Session PSK-ID: generated-abGirFsWZIIrAXbj@firmware_ci
I (10205) libcoap: Setting PSK key

I (10215) golioth_coap_client_libcoap: Entering CoAP I/O loop
I (10985) golioth_coap_client_libcoap: Golioth CoAP client connected
I (10985) hello: Golioth client connected
I (10995) hello: Sending hello! 0
I (15995) hello: Sending hello! 1
W (18115) golioth_coap_client_libcoap: CoAP message retransmitted
I (20995) hello: Sending hello! 2
I (25995) hello: Sending hello! 3
