esptool.py v4.8.1
Serial port /dev/serial/by-id/usb-Silicon_Labs_CP2102N_USB_to_UART_Bridge_Controller_ca317d585c76eb11ba0a87abb7be2ba5-if00-port0
Connecting....
Detecting chip type... ESP32-C3
Chip is ESP32-C3 (QFN32) (revision v0.3)
Features: WiFi, BLE, Embedded Flash 4MB (XMC)
Crystal is 40MHz
MAC: 84:f7:03:09:96:10
Uploading stub...
Running stub...
Stub running...
Changing baud rate to 460800
Changed.
Configuring flash size...
Erasing flash (this may take a while)...
Chip erase completed successfully in 19.6s
Compressed 1058160 bytes to 620547...
Writing at 0x00000000... (2 %)
Writing at 0x0001201d... (5 %)
Writing at 0x0001f53d... (7 %)
Writing at 0x0002c5a2... (10 %)
Writing at 0x00033248... (13 %)
Writing at 0x00038256... (15 %)
Writing at 0x000415c8... (18 %)
Writing at 0x000477a2... (21 %)
Writing at 0x0004dca1... (23 %)
Writing at 0x000542a9... (26 %)
Writing at 0x00059c48... (28 %)
Writing at 0x0005f8e0... (31 %)
Writing at 0x00066246... (34 %)
Writing at 0x0006c211... (36 %)
Writing at 0x00072052... (39 %)
Writing at 0x000784e7... (42 %)
Writing at 0x0007e1c5... (44 %)
Writing at 0x00084094... (47 %)
Writing at 0x000897c3... (50 %)
Writing at 0x0008f064... (52 %)
Writing at 0x0009580c... (55 %)
Writing at 0x0009b221... (57 %)
Writing at 0x000a0d29... (60 %)
Writing at 0x000a6797... (63 %)
Writing at 0x000aca3e... (65 %)
Writing at 0x000b2f1f... (68 %)
Writing at 0x000b8f7f... (71 %)
Writing at 0x000bf076... (73 %)
Writing at 0x000c4f0d... (76 %)
Writing at 0x000ca623... (78 %)
Writing at 0x000d03c6... (81 %)
Writing at 0x000d6055... (84 %)
Writing at 0x000dd00a... (86 %)
Writing at 0x000e353d... (89 %)
Writing at 0x000ea4bf... (92 %)
Writing at 0x000f0dd7... (94 %)
Writing at 0x000f6c64... (97 %)
Writing at 0x000fd292... (100 %)
Wrote 1058160 bytes (620547 compressed) at 0x00000000 in 19.6 seconds (effective 430.9 kbit/s)...
Hash of data verified.

Leaving...
Hard resetting via RTS pin...
Build:Feb  7 2021
rst:0x1 (POWERON),boot:0xc (SPI_FAST_FLASH_BOOT)
SPIWP:0xee
mode:DIO, clock div:1
load:0x3fcd5820,len:0x1738
load:0x403cc710,len:0xb9c
load:0x403ce710,len:0x2ec8
entry 0x403cc71a
[0;32mI (30) boot: ESP-IDF v5.3 2nd stage bootloader[0m
[0;32mI (30) boot: compile time Oct 19 2024 18:08:22[0m
[0;32mI (30) boot: chip revision: v0.3[0m
[0;32mI (33) boot.esp32c3: SPI Speed      : 80MHz[0m
[0;32mI (38) boot.esp32c3: SPI Mode       : DIO[0m
[0;32mI (43) boot.esp32c3: SPI Flash Size : 4MB[0m
[0;32mI (47) boot: Enabling RNG early entropy source...[0m
[0;32mI (53) boot: Partition Table:[0m
[0;32mI (56) boot: ## Label            Usage          Type ST Offset   Length[0m
[0;32mI (64) boot:  0 nvs              WiFi data        01 02 00009000 00004000[0m
[0;32mI (71) boot:  1 otadata          OTA data         01 00 0000d000 00002000[0m
[0;32mI (78) boot:  2 phy_init         RF data          01 01 0000f000 00001000[0m
[0;32mI (86) boot:  3 ota_0            OTA app          00 10 00010000 00190000[0m
[0;32mI (93) boot:  4 ota_1            OTA app          00 11 001a0000 00190000[0m
[0;32mI (101) boot: End of partition table[0m
[0;32mI (105) boot: No factory image, trying OTA 0[0m
[0;32mI (110) esp_image: segment 0: paddr=00010020 vaddr=3c0b0020 size=2e794h (190356) map[0m
[0;32mI (148) esp_image: segment 1: paddr=0003e7bc vaddr=3fc92800 size=0185ch (  6236) load[0m
[0;32mI (150) esp_image: segment 2: paddr=00040020 vaddr=42000020 size=ae5d4h (714196) map[0m
[0;32mI (266) esp_image: segment 3: paddr=000ee5fc vaddr=3fc9405c size=0176ch (  5996) load[0m
[0;32mI (267) esp_image: segment 4: paddr=000efd70 vaddr=40380000 size=127d0h ( 75728) load[0m
[0;32mI (291) boot: Loaded app from partition at offset 0x10000[0m
[0;32mI (358) boot: Set actual ota_seq=1 in otadata[0][0m
[0;32mI (358) boot: Disabling RNG early entropy source...[0m
[0;32mI (369) cpu_start: Unicore app[0m
[0;32mI (378) cpu_start: Pro cpu start user code[0m
[0;32mI (378) cpu_start: cpu freq: 160000000 Hz[0m
[0;32mI (378) app_init: Application information:[0m
[0;32mI (381) app_init: Project name:     fw_update[0m
[0;32mI (386) app_init: App version:      ac7e940-dirty[0m
[0;32mI (391) app_init: Compile time:     Oct 19 2024 18:08:16[0m
[0;32mI (397) app_init: ELF file SHA256:  14bd7abf0...[0m
[0;32mI (402) app_init: ESP-IDF:          v5.3[0m
[0;32mI (407) efuse_init: Min chip rev:     v0.3[0m
[0;32mI (412) efuse_init: Max chip rev:     v1.99 [0m
[0;32mI (417) efuse_init: Chip rev:         v0.3[0m
[0;32mI (422) heap_init: Initializing. RAM available for dynamic allocation:[0m
[0;32mI (429) heap_init: At 3FC9D6C0 len 00022940 (138 KiB): RAM[0m
[0;32mI (435) heap_init: At 3FCC0000 len 0001C710 (113 KiB): Retention RAM[0m
[0;32mI (442) heap_init: At 3FCDC710 len 00002950 (10 KiB): Retention RAM[0m
[0;32mI (449) heap_init: At 50000200 len 00001DE8 (7 KiB): RTCRAM[0m
[0;32mI (456) spi_flash: detected chip: generic[0m
[0;32mI (460) spi_flash: flash io: dio[0m
[0;32mI (464) sleep: Configure to isolate all GPIO pins in sleep state[0m
[0;32mI (471) sleep: Enable automatic switching of GPIO sleep configuration[0m
[0;32mI (478) main_task: Started on CPU0[0m
[0;32mI (498) main_task: Calling app_main()[0m
[0;32mI (498) fw_update: Start FW Update sample.[0m
[5n
Type 'help' to get the list of commands.
Use UP/DOWN arrows to navigate through command history.
Press TAB when typing command name to auto-complete.

Your terminal application does not support escape sequences.

Line editing and history features are disabled.

On Windows, try using Putty instead.
esp32> [0;33mW (1008) fw_update: WiFi credentials are not set. Use the shell settings commands to set them.[0m

esp32> 
esp32> 
esp32> 
esp32> settings set wifi/ssid "***JONS_ORANGE_PI_WIFI_SSID***"
Setting wifi/ssid saved
esp32> 
esp32> 
esp32> 
esp32> 
esp32> 
esp32> settings set wifi/psk "***JONS_ORANGE_PI_WIFI_PSK***"
Setting wifi/psk saved
es::add-mask::generated-kmrHOTQgNiXlLAZo
