esptool.py v4.8.1
Serial port /dev/serial/by-id/usb-Silicon_Labs_CP2102N_USB_to_UART_Bridge_Controller_08bd8600facfec119c501d2686bdcd52-if00-port0
Connecting....
Detecting chip type... ESP32-S3
Chip is ESP32-S3 (QFN56) (revision v0.1)
Features: WiFi, BLE, Embedded PSRAM 8MB (AP_3v3)
Crystal is 40MHz
MAC: 34:85:18:6d:04:5c
Uploading stub...
Running stub...
Stub running...
Changing baud rate to 460800
Changed.
Configuring flash size...
Erasing flash (this may take a while)...
Chip erase completed successfully in 0.6s
Compressed 982720 bytes to 610488...
Writing at 0x00000000... (2 %)
Writing at 0x00011b3a... (5 %)
Writing at 0x0001efc9... (7 %)
Writing at 0x0002b130... (10 %)
Writing at 0x000313ff... (13 %)
Writing at 0x00036bc3... (15 %)
Writing at 0x00041b69... (18 %)
Writing at 0x00047585... (21 %)
Writing at 0x0004d126... (23 %)
Writing at 0x000526f9... (26 %)
Writing at 0x000578f3... (28 %)
Writing at 0x0005ce28... (31 %)
Writing at 0x00062a49... (34 %)
Writing at 0x00067b0b... (36 %)
Writing at 0x0006cf76... (39 %)
Writing at 0x00072157... (42 %)
Writing at 0x00077452... (44 %)
Writing at 0x0007c506... (47 %)
Writing at 0x00081ca3... (50 %)
Writing at 0x00087723... (52 %)
Writing at 0x0008cd3d... (55 %)
Writing at 0x00091cd5... (57 %)
Writing at 0x00096de9... (60 %)
Writing at 0x0009c334... (63 %)
Writing at 0x000a1464... (65 %)
Writing at 0x000a65f9... (68 %)
Writing at 0x000abfa0... (71 %)
Writing at 0x000b1188... (73 %)
Writing at 0x000b6656... (76 %)
Writing at 0x000bb8b9... (78 %)
Writing at 0x000c2b35... (81 %)
Writing at 0x000c8799... (84 %)
Writing at 0x000d1c2e... (86 %)
Writing at 0x000d795a... (89 %)
Writing at 0x000dd748... (92 %)
Writing at 0x000e326f... (94 %)
Writing at 0x000e9266... (97 %)
Writing at 0x000ee1da... (100 %)
Wrote 982720 bytes (610488 compressed) at 0x00000000 in 14.1 seconds (effective 557.9 kbit/s)...
Hash of data verified.

Leaving...
Hard resetting via RTS pin...
ESP-ROM:esp32s3-20210327
Build:Mar 27 2021
rst:0x1 (POWERON),boot:0x8 (SPI_FAST_FLASH_BOOT)
SPIWP:0xee
mode:DIO, clock div:1
load:0x3fce2810,len:0x178c
load:0x403c8700,len:0x4
load:0x403c8704,len:0xcb8
load:0x403cb700,len:0x2df4
entry 0x403c8914
[0;32mI (27) boot: ESP-IDF v5.3 2nd stage bootloader[0m
[0;32mI (27) boot: compile time Nov  4 2024 00:25:47[0m
[0;32mI (27) boot: Multicore bootloader[0m
[0;32mI (30) boot: chip revision: v0.1[0m
[0;32mI (34) boot.esp32s3: Boot SPI Speed : 80MHz[0m
[0;32mI (38) boot.esp32s3: SPI Mode       : DIO[0m
[0;32mI (43) boot.esp32s3: SPI Flash Size : 4MB[0m
[0;32mI (48) boot: Enabling RNG early entropy source...[0m
[0;32mI (53) boot: Partition Table:[0m
[0;32mI (57) boot: ## Label            Usage          Type ST Offset   Length[0m
[0;32mI (64) boot:  0 nvs              WiFi data        01 02 00009000 00006000[0m
[0;32mI (71) boot:  1 phy_init         RF data          01 01 0000f000 00001000[0m
[0;32mI (79) boot:  2 factory          factory app      00 00 00010000 00100000[0m
[0;32mI (86) boot: End of partition table[0m
[0;32mI (91) esp_image: segment 0: paddr=00010020 vaddr=3c0a0020 size=2b5a8h (177576) map[0m
[0;32mI (131) esp_image: segment 1: paddr=0003b5d0 vaddr=3fc98800 size=04a48h ( 19016) load[0m
[0;32mI (135) esp_image: segment 2: paddr=00040020 vaddr=42000020 size=9b6e4h (636644) map[0m
[0;32mI (251) esp_image: segment 3: paddr=000db70c vaddr=3fc9d248 size=00020h (    32) load[0m
[0;32mI (251) esp_image: segment 4: paddr=000db734 vaddr=40374000 size=14760h ( 83808) load[0m
[0;32mI (283) boot: Loaded app from partition at offset 0x10000[0m
[0;32mI (284) boot: Disabling RNG early entropy source...[0m
[0;32mI (295) cpu_start: Multicore app[0m
[0;32mI (305) cpu_start: Pro cpu start user code[0m
[0;32mI (305) cpu_start: cpu freq: 160000000 Hz[0m
[0;32mI (305) app_init: Application information:[0m
[0;32mI (308) app_init: Project name:     test[0m
[0;32mI (312) app_init: App version:      60395e4-dirty[0m
[0;32mI (318) app_init: Compile time:     Nov  4 2024 00:25:41[0m
[0;32mI (324) app_init: ELF file SHA256:  ff2e66397...[0m
[0;32mI (329) app_init: ESP-IDF:          v5.3[0m
[0;32mI (333) efuse_init: Min chip rev:     v0.0[0m
[0;32mI (338) efuse_init: Max chip rev:     v0.99 [0m
[0;32mI (343) efuse_init: Chip rev:         v0.1[0m
[0;32mI (348) heap_init: Initializing. RAM available for dynamic allocation:[0m
[0;32mI (355) heap_init: At 3FCA4980 len 00044D90 (275 KiB): RAM[0m
[0;32mI (361) heap_init: At 3FCE9710 len 00005724 (21 KiB): RAM[0m
[0;32mI (367) heap_init: At 3FCF0000 len 00008000 (32 KiB): DRAM[0m
[0;32mI (374) heap_init: At 600FE100 len 00001EE8 (7 KiB): RTCRAM[0m
[0;32mI (381) spi_flash: detected chip: gd[0m
[0;32mI (384) spi_flash: flash io: dio[0m
[0;33mW (388) spi_flash: Detected size(8192k) larger than the size in the binary image header(4096k). Using the size in the binary image header.[0m
[0;32mI (401) sleep: Configure to isolate all GPIO pins in sleep state[0m
[0;32mI (408) sleep: Enable automatic switching of GPIO sleep configuration[0m
[0;32mI (415) main_task: Started on CPU0[0m
[0;32mI (435) main_task: Calling app_main()[0m
[5n
Type 'help' to get the list of commands.
Use UP/DOWN arrows to navigate through command history.
Press TAB when typing command name to auto-complete.

Your terminal application does not support escape sequences.

Line editing and history features are disabled.

On Windows, try using Putty instead.
esp32> [0;33mW (945) hil_test: WiFi and Golioth credentials are not set. Use the shell settings commands to set them.[0m

esp32> 
esp32> 
esp32> 
esp32> settings set wifi/ssid "***MIKES_ORANGE_PI_WIFI_SSID***"
Setting wifi/ssid saved
esp32> 
esp32> 
esp32> 
esp32> 
esp32> 
esp32> settings set wifi/psk "***MIKES_ORANGE_PI_WIFI_PSK***"
Setting wifi/psk saved
esp32> 
esp32> ::add-mask::generated-kidDVOxTzllibyQj

esp32> 
esp32> 
esp32> 
esp32> settings set golioth/psk-id "generated-kidDVOxTzllibyQj@firmware_ci"
Setting golioth/psk-id saved
esp32> 
esp32> 
esp32> 
esp32> 
esp32> 
esp32> settings set golioth/psk "generated-kidDVOxTzllibyQj"
Setting golioth/psk saved
esp32> 
esp32> [0;32mI (8975) pp: pp rom version: e7ae62f[0m
[0;32mI (8975) net80211: net80211 rom version: e7ae62f[0m
[0;32mI (8995) wifi_init: rx ba win: 6[0m
[0;32mI (8995) wifi_init: accept mbox: 6[0m
[0;32mI (8995) wifi_init: tcpip mbox: 32[0m
[0;32mI (8995) wifi_init: udp mbox: 6[0m
[0;32mI (9005) wifi_init: tcp mbox: 6[0m
[0;32mI (9005) wifi_init: tcp tx win: 5760[0m
[0;32mI (9005) wifi_init: tcp rx win: 5760[0m
[0;32mI (9015) wifi_init: tcp mss: 1440[0m
[0;32mI (9025) wifi_init: WiFi IRAM OP enabled[0m
[0;32mI (9025) wifi_init: WiFi RX IRAM OP enabled[0m
[0;32mI (9035) phy_init: phy_version 680,a6008b2,Jun  4 2024,16:41:10[0m
[0;33mW (9035) phy_init: failed to load RF calibration data (0x1102), falling back to full calibration[0m
[0;33mW (9085) phy_init: saving new calibration data because of checksum failure, mode(2)[0m
[0;32mI (13685) esp_netif_handlers: sta ip: 192.168.8.234, mask: 255.255.255.0, gw: 192.168.8.1[0m
[0;32mI (13685) example_wifi: WiFi Connected. Got IP:192.168.8.234[0m
[0;32mI (13695) example_wifi: Connected to AP SSID: ***MIKES_ORANGE_PI_WIFI_SSID***[0m
[0;32mI (13695) golioth_mbox: Mbox created, bufsize: 2520, num_items: 20, item_size: 120[0m
[0;32mI (14215) golioth_coap_client_libcoap: Start CoAP session with host: coaps://coap.golioth.io[0m
[0;32mI (14215) golioth_coap_client_libcoap: Session PSK-ID: generated-kidDVOxTzllibyQj@firmware_ci[0m
[0;32mI (14235) libcoap: Setting PSK key
[0m
[0;32mI (14235) golioth_coap_client_libcoap: Entering CoAP I/O loop[0m
[0;32mI (14675) golioth_coap_client_libcoap: Golioth CoAP client connected[0m
[0;32mI (14675) test_connect: Golioth client connected[0m
[0;32mI (15685) test_connect: Stopping client[0m
[0;32mI (15685) golioth_coap_client_libcoap: Attempting to stop client[0m
[0;32mI (15725) golioth_coap_client_libcoap: Stopping[0m
[0;32mI (15725) golioth_coap_client_libcoap: Ending session[0m
[0;32mI (15735) test_connect: Golioth client disconnected[0m
[0;32mI (26785) test_connect: Starting client[0m
[0;32mI (26785) golioth_coap_client_libcoap: Start CoAP session with host: coaps://coap.golioth.io[0m
[0;32mI (26785) golioth_coap_client_libcoap: Session PSK-ID: generated-kidDVOxTzllibyQj@firmware_ci[0m
[0;32mI (26795) libcoap: Setting PSK key
[0m
[0;32mI (26805) golioth_coap_client_libcoap: Entering CoAP I/O loop[0m
[0;32mI (27385) golioth_coap_client_libcoap: Golioth CoAP client connected[0m
[0;32mI (27385) test_connect: Golioth client connected[0m
[0;32mI (28385) test_connect: Destroying client[0m
[0;32mI (28385) golioth_coap_client_libcoap: Attempting to stop client[0m
[0;32mI (28505) golioth_coap_client_libcoap: Stopping[0m
[0;32mI (28515) golioth_coap_client_libcoap: Ending session[0m
[0;32mI (28515) test_connect: Golioth client disconnected[0m
[0;32mI (39585) test_connect: Starting client[0m
[0;32mI (39585) golioth_mbox: Mbox created, bufsize: 2520, num_items: 20, item_size: 120[0m
[0;32mI (39585) golioth_coap_client_libcoap: Start CoAP session with host: coaps://coap.golioth.io[0m
[0;32mI (39595) golioth_coap_client_libcoap: Session PSK-ID: generated-kidDVOxTzllibyQj@firmware_ci[0m
[0;32mI (39615) libcoap: Setting PSK key
[0m
[0;32mI (39615) golioth_coap_client_libcoap: Entering CoAP I/O loop[0m
[0;32mI (40115) golioth_coap_client_libcoap: Golioth CoAP client connected[0m
