esptool.py v4.8.1
Serial port /dev/serial/by-id/usb-Silicon_Labs_CP2102N_USB_to_UART_Bridge_Controller_84fc4646bd19ec11ad785df0f95a09b1-if00-port0
Connecting....
Detecting chip type... ESP32-S3
Chip is ESP32-S3 (QFN56) (revision v0.1)
Features: WiFi, BLE, Embedded PSRAM 2MB (AP_3v3)
Crystal is 40MHz
MAC: 7c:df:a1:e5:59:dc
Uploading stub...
Running stub...
Stub running...
Changing baud rate to 460800
Changed.
Configuring flash size...
Erasing flash (this may take a while)...
Chip erase completed successfully in 23.1s
Compressed 987392 bytes to 612463...
Writing at 0x00000000... (2 %)
Writing at 0x00011b2a... (5 %)
Writing at 0x0001ef4e... (7 %)
Writing at 0x0002b0d6... (10 %)
Writing at 0x000314a6... (13 %)
Writing at 0x00036c67... (15 %)
Writing at 0x00041e46... (18 %)
Writing at 0x000477a9... (21 %)
Writing at 0x0004d32e... (23 %)
Writing at 0x000528bd... (26 %)
Writing at 0x00057aaf... (28 %)
Writing at 0x0005cfbc... (31 %)
Writing at 0x00062bdf... (34 %)
Writing at 0x00067caa... (36 %)
Writing at 0x0006d0c3... (39 %)
Writing at 0x000722fc... (42 %)
Writing at 0x000775da... (44 %)
Writing at 0x0007c6ba... (47 %)
Writing at 0x00081e43... (50 %)
Writing at 0x000878b8... (52 %)
Writing at 0x0008cef6... (55 %)
Writing at 0x00091e5a... (57 %)
Writing at 0x00096f71... (60 %)
Writing at 0x0009c4ba... (63 %)
Writing at 0x000a1619... (65 %)
Writing at 0x000a67a4... (68 %)
Writing at 0x000ac164... (71 %)
Writing at 0x000b132b... (73 %)
Writing at 0x000b6814... (76 %)
Writing at 0x000bba69... (78 %)
Writing at 0x000c2be0... (81 %)
Writing at 0x000c894f... (84 %)
Writing at 0x000d1d27... (86 %)
Writing at 0x000d7b0c... (89 %)
Writing at 0x000dde76... (92 %)
Writing at 0x000e3af2... (94 %)
Writing at 0x000e966b... (97 %)
Writing at 0x000eead8... (100 %)
Wrote 987392 bytes (612463 compressed) at 0x00000000 in 17.4 seconds (effective 453.4 kbit/s)...
Hash of data verified.

Leaving...
Hard resetting via RTS pin...
ESP-ROM:esp32s3-20210327
Build:Mar 27 2021
rst:0x1 (POWERON),boot:0x8 (SPI_FAST_FLASH_BOOT)
SPIWP:0xee
mode:DIO, clock div:1
load:0x3fce2810,len:0x178c
load:0x403c8700,len:0x4
load:0x403c8704,len:0xcb8
load:0x403cb700,len:0x2df4
entry 0x403c8914
[0;32mI (27) boot: ESP-IDF v5.3 2nd stage bootloader[0m
[0;32mI (27) boot: compile time Oct 11 2024 00:24:06[0m
[0;32mI (27) boot: Multicore bootloader[0m
[0;32mI (30) boot: chip revision: v0.1[0m
[0;32mI (34) boot.esp32s3: Boot SPI Speed : 80MHz[0m
[0;32mI (38) boot.esp32s3: SPI Mode       : DIO[0m
[0;32mI (43) boot.esp32s3: SPI Flash Size : 4MB[0m
[0;32mI (48) boot: Enabling RNG early entropy source...[0m
[0;32mI (53) boot: Partition Table:[0m
[0;32mI (57) boot: ## Label            Usage          Type ST Offset   Length[0m
[0;32mI (64) boot:  0 nvs              WiFi data        01 02 00009000 00006000[0m
[0;32mI (71) boot:  1 phy_init         RF data          01 01 0000f000 00001000[0m
[0;32mI (79) boot:  2 factory          factory app      00 00 00010000 00100000[0m
[0;32mI (86) boot: End of partition table[0m
[0;32mI (91) esp_image: segment 0: paddr=00010020 vaddr=3c0a0020 size=2b708h (177928) map[0m
[0;32mI (131) esp_image: segment 1: paddr=0003b730 vaddr=3fc98800 size=048e8h ( 18664) load[0m
[0;32mI (135) esp_image: segment 2: paddr=00040020 vaddr=42000020 size=9b960h (637280) map[0m
[0;32mI (251) esp_image: segment 3: paddr=000db988 vaddr=3fc9d0e8 size=00fe0h (  4064) load[0m
[0;32mI (252) esp_image: segment 4: paddr=000dc970 vaddr=40374000 size=14760h ( 83808) load[0m
[0;32mI (284) boot: Loaded app from partition at offset 0x10000[0m
[0;32mI (284) boot: Disabling RNG early entropy source...[0m
[0;32mI (296) cpu_start: Multicore app[0m
[0;32mI (305) cpu_start: Pro cpu start user code[0m
[0;32mI (305) cpu_start: cpu freq: 160000000 Hz[0m
[0;32mI (305) app_init: Application information:[0m
[0;32mI (308) app_init: Project name:     test[0m
[0;32mI (313) app_init: App version:      2e405f9-dirty[0m
[0;32mI (318) app_init: Compile time:     Oct 11 2024 00:24:00[0m
[0;32mI (324) app_init: ELF file SHA256:  00e6531d8...[0m
[0;32mI (329) app_init: ESP-IDF:          v5.3[0m
[0;32mI (334) efuse_init: Min chip rev:     v0.0[0m
[0;32mI (339) efuse_init: Max chip rev:     v0.99 [0m
[0;32mI (344) efuse_init: Chip rev:         v0.1[0m
[0;32mI (348) heap_init: Initializing. RAM available for dynamic allocation:[0m
[0;32mI (356) heap_init: At 3FCA57E0 len 00043F30 (271 KiB): RAM[0m
[0;32mI (362) heap_init: At 3FCE9710 len 00005724 (21 KiB): RAM[0m
[0;32mI (368) heap_init: At 3FCF0000 len 00008000 (32 KiB): DRAM[0m
[0;32mI (374) heap_init: At 600FE100 len 00001EE8 (7 KiB): RTCRAM[0m
[0;32mI (381) spi_flash: detected chip: generic[0m
[0;32mI (385) spi_flash: flash io: dio[0m
[0;33mW (389) spi_flash: Detected size(8192k) larger than the size in the binary image header(4096k). Using the size in the binary image header.[0m
[0;32mI (402) sleep: Configure to isolate all GPIO pins in sleep state[0m
[0;32mI (409) sleep: Enable automatic switching of GPIO sleep configuration[0m
[0;32mI (416) main_task: Started on CPU0[0m
[0;32mI (436) main_task: Calling app_main()[0m
[5n
Type 'help' to get the list of commands.
Use UP/DOWN arrows to navigate through command history.
Press TAB when typing command name to auto-complete.

Your terminal application does not support escape sequences.

Line editing and history features are disabled.

On Windows, try using Putty instead.
esp32> [0;33mW (946) hil_test: WiFi and Golioth credentials are not set. Use the shell settings commands to set them.[0m

esp32> 
esp32> 
esp32> 
esp32> settings set wifi/ssid "***TIMS_ORANGE_PI_WIFI_SSID***"
Setting wifi/ssid saved
esp32> 
esp32> 
esp32> 
esp32> 
esp32> 
esp32> settings set wifi/psk "***TIMS_ORANGE_PI_WIFI_PSK***"
Setting wifi/psk saved
esp32> 
esp32> ::add-mask::generated-safzXuuLuTOsDLlm

esp32> 
esp32> 
esp32> 
esp32> settings set golioth/psk-id "generated-safzXuuLuTOsDLlm@firmware_ci"
Setting golioth/psk-id saved
esp32> 
esp32> 
esp32> 
esp32> 
esp32> 
esp32> settings set golioth/psk "generated-safzXuuLuTOsDLlm"
Setting golioth/psk saved
esp32> 
esp32> [0;32mI (7976) pp: pp rom version: e7ae62f[0m
[0;32mI (7976) net80211: net80211 rom version: e7ae62f[0m
[0;32mI (7996) wifi_init: rx ba win: 6[0m
[0;32mI (7996) wifi_init: accept mbox: 6[0m
[0;32mI (7996) wifi_init: tcpip mbox: 32[0m
[0;32mI (7996) wifi_init: udp mbox: 6[0m
[0;32mI (8006) wifi_init: tcp mbox: 6[0m
[0;32mI (8006) wifi_init: tcp tx win: 5760[0m
[0;32mI (8006) wifi_init: tcp rx win: 5760[0m
[0;32mI (8016) wifi_init: tcp mss: 1440[0m
[0;32mI (8026) wifi_init: WiFi IRAM OP enabled[0m
[0;32mI (8026) wifi_init: WiFi RX IRAM OP enabled[0m
[0;32mI (8036) phy_init: phy_version 680,a6008b2,Jun  4 2024,16:41:10[0m
[0;33mW (8036) phy_init: failed to load RF calibration data (0x1102), falling back to full calibration[0m
[0;33mW (8076) phy_init: saving new calibration data because of checksum failure, mode(2)[0m
[0;32mI (10906) esp_netif_handlers: sta ip: 192.168.8.152, mask: 255.255.255.0, gw: 192.168.8.1[0m
[0;32mI (10906) example_wifi: WiFi Connected. Got IP:192.168.8.152[0m
[0;32mI (10916) example_wifi: Connected to AP SSID: ***TIMS_ORANGE_PI_WIFI_SSID***[0m
[0;32mI (10916) golioth_mbox: Mbox created, bufsize: 2520, num_items: 20, item_size: 120[0m
[0;32mI (11326) golioth_coap_client_libcoap: Start CoAP session with host: coaps://coap.golioth.io[0m
[0;32mI (11326) golioth_coap_client_libcoap: Session PSK-ID: generated-safzXuuLuTOsDLlm@firmware_ci[0m
[0;32mI (11346) libcoap: Setting PSK key
[0m
[0;32mI (11346) golioth_coap_client_libcoap: Entering CoAP I/O loop[0m
[0;32mI (14086) golioth_coap_client_libcoap: Golioth CoAP client connected[0m
[0;32mI (15086) test_stream: block-idx: 0 bu_offset: 0 bytes_remaining: 3666[0m
[0;32mI (15886) test_stream: block-idx: 1 bu_offset: 1024 bytes_remaining: 2642[0m
[0;32mI (16116) test_stream: block-idx: 2 bu_offset: 2048 bytes_remaining: 1618[0m
[0;32mI (16756) test_stream: block-idx: 3 bu_offset: 3072 bytes_remaining: 594[0m
[0;33mW (19406) golioth_coap_client_libcoap: CoAP message retransmitted[0m
[0;33mW (24676) golioth_coap_client_libcoap: CoAP message retransmitted[0m
W (25996) wifi:[ADDBA]RX addba response, tid:0, txa_attempts:1, state wrong txa_flags:0x9
[0;31mE (26776) golioth_coap_client_libcoap: Timeout: never got a response from the server[0m
[0;32mI (26776) golioth_coap_client_libcoap: Ending session[0m
[0;32mI (27786) golioth_coap_client_libcoap: Start CoAP session with host: coaps://coap.golioth.io[0m
[0;32mI (27786) golioth_coap_client_libcoap: Session PSK-ID: generated-safzXuuLuTOsDLlm@firmware_ci[0m
[0;32mI (27796) libcoap: Setting PSK key
[0m
[0;32mI (27806) golioth_coap_client_libcoap: Entering CoAP I/O loop[0m
W (27856) wifi:[ADDBA]RX addba response, tid:0, txa_attempts:2, token mismatch, expect:4(rx:3), status:37(declined)
[0;32mI (31056) golioth_coap_client_libcoap: Golioth CoAP client connected[0m
[0;32mI (31056) test_stream: Block upload successful![0m
{'list': [], 'page': 0, 'perPage': 10, 'total': 0}
