135797) test_settings: Received test_bool: true[0m
[0;32mI (135797) test_settings: Received test_cancel: 0[0m
Guru Meditation Error: Core  0 panic'ed (LoadProhibited). Exception was unhandled.

Core  0 register dump:
PC      : 0x4005544b  PS      : 0x00060430  A0      : 0x820120b0  A1      : 0x3fcba810  
A2      : 0x00010000  A3      : 0x3fcba830  A4      : 0x000000ff  A5      : 0x0000ff00  
A6      : 0x00000044  A7      : 0x40404040  A8      : 0x4e41435f  A9      : 0x544f4e5f  
A10     : 0x00000043  A11     : 0x0000004e  A12     : 0x00000003  A13     : 0x3c0a60c7  
A14     : 0x3fcba7b0  A15     : 0x3fcbab84  SAR     : 0x00000010  EXCCAUSE: 0x0000001c  
EXCVADDR: 0x00010000  LBEG    : 0x400554b9  LEND    : 0x400554dd  LCOUNT  : 0x820120af  


Backtrace: 0x40055448:0x3fcba810 0x420120ad:0x3fcba820 0x42012c25:0x3fcba8c0 0x4201238a:0x3fcba900 0x420109b1:0x3fcbac80 0x4201aa88:0x3fcbad00 0x4201ac2c:0x3fcbad60 0x42018a7f:0x3fcbad80 0x4201acd9:0x3fcbada0 0x4201afca:0x3fcbadf0 0x42017631:0x3fcbae20 0x4201774e:0x3fcbae90 0x42017761:0x3fcbaeb0 0x42011520:0x3fcbaed0




ELF file SHA256: 5fe99439c

Rebooting...
ESP-ROM:esp32s3-20210327
Build:Mar 27 2021
rst:0xc (RTC_SW_CPU_RST),boot:0x8 (SPI_FAST_FLASH_BOOT)
Saved PC:0x40375a1d
SPIWP:0xee
mode:DIO, clock div:1
load:0x3fce2810,len:0x178c
load:0x403c8700,len:0x4
load:0x403c8704,len:0xcb8
load:0x403cb700,len:0x2df4
entry 0x403c8914
[0;32mI (31) boot: ESP-IDF v5.3 2nd stage bootloader[0m
[0;32mI (31) boot: compile time Nov 23 2024 00:25:10[0m
[0;32mI (31) boot: Multicore bootloader[0m
[0;32mI (34) boot: chip revision: v0.2[0m
[0;32mI (38) boot.esp32s3: Boot SPI Speed : 80MHz[0m
[0;32mI (43) boot.esp32s3: SPI Mode       : DIO[0m
[0;32mI (47) boot.esp32s3: SPI Flash Size : 4MB[0m
[0;32mI (52) boot: Enabling RNG early entropy source...[0m
[0;32mI (58) boot: Partition Table:[0m
[0;32mI (61) boot: ## Label            Usage          Type ST Offset   Length[0m
[0;32mI (68) boot:  0 nvs              WiFi data        01 02 00009000 00006000[0m
[0;32mI (76) boot:  1 phy_init         RF data          01 01 0000f000 00001000[0m
[0;32mI (83) boot:  2 factory          factory app      00 00 00010000 00100000[0m
[0;32mI (91) boot: End of partition table[0m
[0;32mI (95) esp_image: segment 0: paddr=00010020 vaddr=3c0a0020 size=2bf28h (180008) map[0m
[0;32mI (136) esp_image: segment 1: paddr=0003bf50 vaddr=3fc98800 size=040c8h ( 16584) load[0m
[0;32mI (140) esp_image: segment 2: paddr=00040020 vaddr=42000020 size=9d2e4h (643812) map[0m
[0;32mI (257) esp_image: segment 3: paddr=000dd30c vaddr=3fc9c8c8 size=009a0h (  2464) load[0m
[0;32mI (258) esp_image: segment 4: paddr=000ddcb4 vaddr=40374000 size=14760h ( 83808) load[0m
[0;32mI (290) boot: Loaded app from partition at offset 0x10000[0m
[0;32mI (290) boot: Disabling RNG early entropy source...[0m
[0;32mI (301) cpu_start: Multicore app[0m
[0;32mI (311) cpu_start: Pro cpu start user code[0m
[0;32mI (311) cpu_start: cpu freq: 160000000 Hz[0m
[0;32mI (311) app_init: Application information:[0m
[0;32mI (314) app_init: Project name:     test[0m
[0;32mI (318) app_init: App version:      68095d1-dirty[0m
[0;32mI (324) app_init: Compile time:     Nov 23 2024 00:25:04[0m
[0;32mI (330) app_init: ELF file SHA256:  5fe99439c...[0m
[0;32mI (335) app_init: ESP-IDF:          v5.3[0m
[0;32mI (339) efuse_init: Min chip rev:     v0.0[0m
[0;32mI (344) efuse_init: Max chip rev:     v0.99 [0m
[0;32mI (349) efuse_init: Chip rev:         v0.2[0m
[0;32mI (354) heap_init: Initializing. RAM available for dynamic allocation:[0m
[0;32mI (361) heap_init: At 3FCA4988 len 00044D88 (275 KiB): RAM[0m
[0;32mI (367) heap_init: At 3FCE9710 len 00005724 (21 KiB): RAM[0m
[0;32mI (373) heap_init: At 3FCF0000 len 00008000 (32 KiB): DRAM[0m
[0;32mI (380) heap_init: At 600FE100 len 00001EE8 (7 KiB): RTCRAM[0m
[0;32mI (387) spi_flash: detected chip: generic[0m
[0;32mI (391) spi_flash: flash io: dio[0m
[0;33mW (394) spi_flash: Detected size(8192k) larger than the size in the binary image header(4096k). Using the size in the binary image header.[0m
[0;32mI (408) sleep: Configure to isolate all GPIO pins in sleep state[0m
[0;32mI (414) sleep: Enable automatic switching of GPIO sleep configuration[0m
[0;32mI (422) main_task: Started on CPU0[0m
[0;32mI (442) main_task: Calling app_main()[0m
[5n
Type 'help' to get the list of commands.
Use UP/DOWN arrows[0;32mI (2802) esp_netif_handlers: sta ip: 192.168.0.116, mask: 255.255.255.0, gw: 192.168.0.1[0m
[0;32mI (2802) example_wifi: WiFi Connected. Got IP:192.168.0.116[0m
[0;32mI (2812) example_wifi: Connected to AP SSID: ***SAMS_ORANGE_PI_WIFI_SSID***[0m
[0;32mI (2812) golioth_mbox: Mbox created, bufsize: 2520, num_items: 20, item_size: 120[0m
[0;32mI (2862) golioth_coap_client_libcoap: Start CoAP session with host: coaps://coap.golioth.io[0m
[0;32mI (2862) golioth_coap_client_libcoap: Session PSK-ID: generated-mOqVfQxgJHwXVBQy@firmware_ci[0m
[0;32mI (2882) libcoap: Setting PSK key
[0m
[0;32mI (2882) golioth_coap_client_libcoap: Entering CoAP I/O loop[0m
[0;33mW (5942) golioth_coap_client_libcoap: CoAP message retransmitted[0m
[0;32mI (6552) golioth_coap_client_libcoap: Golioth CoAP client connected[0m
[0;32mI (6602) test_settings: Received test_cancel: 0[0m
[0;32mI (6612) test_settings: Received test_float: 10.000000[0m
[0;32mI (6612) test_settings: Received test_bool: true[0m
[0;32mI (6622) test_settings: Received test_restart: true[0m
[0;32mI (6622) test_settings: Received test_string: bar[0m
[0;32mI (6622) test_settings: Received test_int: 72[0m
[0;32mI (6682) test_settings: Received test_int: 72[0m
[0;32mI (6692) test_settings: Received test_restart: true[0m
[0;32mI (6692) test_settings: Received test_string: bar[0m
[0;32mI (6702) test_settings: Received test_bool: true[0m
[0;32mI (6702) test_settings: Received test_cancel: 0[0m
[0;32mI (6702) test_settings: Received test_float: 10.000000[0m
[0;31mE (6712) golioth_settings: Failed to send a response to server: 10[0m
[0;32mI (6772) test_settings: Received test_restart: true[0m
[0;32mI (6772) test_settings: Received test_float: 10.000000[0m
[0;32mI (6772) test_settings: Received test_string: bar[0m
[0;32mI (6782) test_settings: Received test_bool: true[0m
[0;32mI (6792) test_settings: Received test_cancel: 0[0m
[0;32mI (6792) test_settings: Received test_int: 72[0m
[0;31mE (6802) golioth_settings: Failed to send a response to server: 10[0m
[0;32mI (7272) test_settings: Received test_bool: true[0m
[0;32mI (7272) test_settings: Received test_int: 72[0m
[0;32mI (7272) test_settings: Received test_float: 10.000000[0m
[0;32mI (7292) test_settings: Received test_string: bar[0m
[0;32mI (7292) test_settings: Received test_cancel: 0[0m
[0;32mI (7292) test_settings: Received test_restart: true[0m
[0;31mE (7302) golioth_settings: Failed to send a response to server: 10[0m
[0;32mI (7392) test_settings: Received test_cancel: 0[0m
[0;32mI (7392) test_settings: Received test_int: 72[0m
[0;32mI (7392) test_settings: Received test_float: 10.000000[0m
[0;32mI (7402) test_settings: Received test_restart: true[0m
[0;32mI (7412) test_settings: Received test_string: bar[0m
[0;32mI (7412) test_settings: Received test_bool: true[0m
[0;31mE (7422) golioth_settings: Failed to send a response to server: 10[0m
[0;32mI (7662) golioth_coap_client_libcoap: Attempting to stop client[0m
[0;32mI (7682) test_settings: Received test_float: 10.000000[0m
[0;32mI (7682) test_settings: Received test_restart: true[0m
[0;32mI (7682) test_settings: Received test_string: bar[0m
[0;32mI (7692) test_settings: Received test_bool: true[0m
[0;32mI (7702) test_settings: Received test_cancel: 0[0m
[0;32mI (7702) test_settings: Received test_int: 72[0m
[0;31mE (7712) golioth_settings: Failed to send a response to server: 10[0m
[0;32mI (7712) golioth_coap_client_libcoap: Stopping[0m
[0;32mI (7722) golioth_coap_client_libcoap: Ending session[0m
[0;32mI (23762) golioth_coap_client_libcoap: Start CoAP session with host: coaps://coap.golioth.io[0m
[0;32mI (23762) golioth_coap_client_libcoap: Session PSK-ID: generated-mOqVfQxgJHwXVBQy@firmware_ci[0m
[0;32mI (23772) libcoap: Setting PSK key
[0m
[0;32mI (23782) golioth_coap_client_libcoap: Entering CoAP I/O loop[0m
[0;32mI (24012) test_settings: Received test_int: 72[0m
[0;32mI (24012) test_settings: Received test_restart: false[0m
[0;32mI (24012) test_settings: Received test_cancel: 0[0m
[0;32mI (24022) test_settings: Received test_bool: true[0m
[0;32mI (24022) test_settings: Received test_float: 10.000000[0m
[0;32mI (24032) test_settings: Received test_string: bar[0m
[0;32mI (24172) test_settings: Received test_string: bar[0m
[0;32mI (24172) test_settings: Received test_cancel: 0[0m
[0;32mI (24172) test_settings: Received test_bool: true[0m
[0;32mI (24182) test_settings: Received test_float: 10.000000[0m
[0;32mI (24182) test_settings: Received test_int: 72[0m
[0;32mI (24192) test_settings: Received test_restart: false[0m
[0;31mE (24192) golioth_settings: Failed to send a response to server: 10[0m
[0;32mI (24212) golioth_coap_client_libcoap: Golioth CoAP client connected[0m
[0;32mI (24252) test_settings: Received test_cancel: 0[0m
[0;32mI (24252) test_settings: Received test_string: bar[0m
[0;32mI (24262) test_settings: Received test_bool: true[0m
[0;32mI (24272) test_settings: Received test_float: 10.000000[0m
[0;32mI (24272) test_settings: Received test_int: 72[0m
[0;32mI (24272) test_settings: Received test_restart: false[0m
[0;31mE (24282) golioth_settings: Failed to send a response to server: 10[0m
[0;32mI (24342) test_settings: Received test_bool: true[0m
[0;32mI (24342) test_settings: Received test_cancel: 0[0m
[0;32mI (24342) test_settings: Received test_int: 72[0m
[0;32mI (24352) test_settings: Received test_string: bar[0m
[0;32mI (24352) test_settings: Received test_float: 10.000000[0m
[0;32mI (24352) test_settings: Received test_restart: false[0m
[0;31mE (24372) golioth_settings: Failed to send a response to server: 10[0m
[0;32mI (28762) test_settings: Client restarted[0m
[0;32mI (32812) test_settings: Received test_bool: true[0m
[0;32mI (32812) test_settings: Received test_cancel: 0[0m
[0;32mI (32812) test_settings: Received test_float: 10.000000[0m
[0;32mI (32822) test_settings: Received test_int: 2320[0m
[0;