esptool.py v4.7.0
Serial port /dev/serial/by-id/usb-Silicon_Labs_CP2102N_USB_to_UART_Bridge_Controller_ee6375f01ce7ec11973dbed05adebb74-if00-port0
Connecting....
Detecting chip type... ESP32-C3
Chip is ESP32-C3 (QFN32) (revision v0.4)
Features: WiFi, BLE, Embedded Flash 4MB (XMC)
Crystal is 40MHz
MAC: ec:da:3b:0d:18:84
Uploading stub...
Running stub...
Stub running...
Changing baud rate to 460800
Changed.
Configuring flash size...
Erasing flash (this may take a while)...
Chip erase completed successfully in 18.4s
Compressed 1038304 bytes to 609108...
Writing at 0x00000000... (2 %)
Writing at 0x0001205d... (5 %)
Writing at 0x0001f51b... (7 %)
Writing at 0x0002b929... (10 %)
Writing at 0x00031e1d... (13 %)
Writing at 0x00037362... (15 %)
Writing at 0x00040f40... (18 %)
Writing at 0x00046f96... (21 %)
Writing at 0x0004d695... (23 %)
Writing at 0x00053de6... (26 %)
Writing at 0x00059724... (28 %)
Writing at 0x0005f3a6... (31 %)
Writing at 0x00065e24... (34 %)
Writing at 0x0006bb9a... (36 %)
Writing at 0x00071a4a... (39 %)
Writing at 0x00077cfa... (42 %)
Writing at 0x0007dcf2... (44 %)
Writing at 0x00083a6a... (47 %)
Writing at 0x00088eb2... (50 %)
Writing at 0x0008eac9... (52 %)
Writing at 0x000951ac... (55 %)
Writing at 0x0009ac9c... (57 %)
Writing at 0x000a0562... (60 %)
Writing at 0x000a6357... (63 %)
Writing at 0x000acb34... (65 %)
Writing at 0x000b2c46... (68 %)
Writing at 0x000b8b9e... (71 %)
Writing at 0x000bef00... (73 %)
Writing at 0x000c486c... (76 %)
Writing at 0x000ca0c7... (78 %)
Writing at 0x000d005c... (81 %)
Writing at 0x000d5fc8... (84 %)
Writing at 0x000dc9ae... (86 %)
Writing at 0x000e3d7d... (89 %)
Writing at 0x000ea255... (92 %)
Writing at 0x000f0061... (94 %)
Writing at 0x000f65de... (97 %)
Writing at 0x000fc424... (100 %)
Wrote 1038304 bytes (609108 compressed) at 0x00000000 in 19.3 seconds (effective 431.4 kbit/s)...
Hash of data verified.

Leaving...
Hard resetting via RTS pin...
ESP-ROM:esp32c3-api1-20210207
Build:Feb  7 2021
rst:0x1 (POWERON),boot:0xc (SPI_FAST_FLASH_BOOT)
SPIWP:0xee
mode:DIO, clock div:1
load:0x3fcd5820,len:0x1738
load:0x403cc710,len:0xb9c
load:0x403ce710,len:0x2ec8
entry 0x403cc71a
[0;32mI (30) boot: ESP-IDF v5.3 2nd stage bootloader[0m
[0;32mI (30) boot: compile time Sep 21 2024 00:22:53[0m
[0;32mI (30) boot: chip revision: v0.4[0m
[0;32mI (33) boot.esp32c3: SPI Speed      : 80MHz[0m
[0;32mI (38) boot.esp32c3: SPI Mode       : DIO[0m
[0;32mI (43) boot.esp32c3: SPI Flash Size : 4MB[0m
[0;32mI (47) boot: Enabling RNG early entropy source...[0m
[0;32mI (53) boot: Partition Table:[0m
[0;32mI (56) boot: ## Label            Usage          Type ST Offset   Length[0m
[0;32mI (64) boot:  0 nvs              WiFi data        01 02 00009000 00006000[0m
[0;32mI (71) boot:  1 phy_init         RF data          01 01 0000f000 00001000[0m
[0;32mI (78) boot:  2 factory          factory app      00 00 00010000 00100000[0m
[0;32mI (86) boot: End of partition table[0m
[0;32mI (90) esp_image: segment 0: paddr=00010020 vaddr=3c0b0020 size=2c884h (182404) map[0m
[0;32mI (127) esp_image: segment 1: paddr=0003c8ac vaddr=3fc92800 size=02fb8h ( 12216) load[0m
[0;32mI (130) esp_image: segment 2: paddr=0003f86c vaddr=40380000 size=007ach (  1964) load[0m
[0;32mI (133) esp_image: segment 3: paddr=00040020 vaddr=42000020 size=ab7fch (702460) map[0m
[0;32mI (251) esp_image: segment 4: paddr=000eb824 vaddr=403807ac size=11f94h ( 73620) load[0m
[0;32mI (271) boot: Loaded app from partition at offset 0x10000[0m
[0;32mI (271) boot: Disabling RNG early entropy source...[0m
[0;32mI (283) cpu_start: Unicore app[0m
[0;32mI (291) cpu_start: Pro cpu start user code[0m
[0;32mI (291) cpu_start: cpu freq: 160000000 Hz[0m
[0;32mI (291) app_init: Application information:[0m
[0;32mI (294) app_init: Project name:     test[0m
[0;32mI (299) app_init: App version:      f31ae4e-dirty[0m
[0;32mI (304) app_init: Compile time:     Sep 21 2024 00:22:58[0m
[0;32mI (310) app_init: ELF file SHA256:  705d75d09...[0m
[0;32mI (315) app_init: ESP-IDF:          v5.3[0m
[0;32mI (320) efuse_init: Min chip rev:     v0.3[0m
[0;32mI (325) efuse_init: Max chip rev:     v1.99 [0m
[0;32mI (330) efuse_init: Chip rev:         v0.4[0m
[0;32mI (335) heap_init: Initializing. RAM available for dynamic allocation:[0m
[0;32mI (342) heap_init: At 3FC9D540 len 00022AC0 (138 KiB): RAM[0m
[0;32mI (348) heap_init: At 3FCC0000 len 0001C710 (113 KiB): Retention RAM[0m
[0;32mI (355) heap_init: At 3FCDC710 len 00002950 (10 KiB): Retention RAM[0m
[0;32mI (362) heap_init: At 50000200 len 00001DE8 (7 KiB): RTCRAM[0m
[0;32mI (369) spi_flash: detected chip: generic[0m
[0;32mI (373) spi_flash: flash io: dio[0m
[0;32mI (377) sleep: Configure to isolate all GPIO pins in sleep state[0m
[0;32mI (384) sleep: Enable automatic switching of GPIO sleep configuration[0m
[0;32mI (391) main_task: Started on CPU0[0m
[0;32mI (411) main_task: Calling app_main()[0m
[5n
Type 'help' to get the list of commands.
Use UP/DOWN arrows to navigate through command history.
Press TAB when typing command name to auto-complete.

Your terminal application does not support escape sequences.

Line editing and history features are disabled.

On Windows, try using Putty instead.
esp32> [0;33mW (921) hil_test: WiFi and Golioth credentials are not set. Use the shell settings commands to set them.[0m

esp32> 
esp32> 
esp32> 
esp32> settings set wifi/ssid "***MIKES_ORANGE_PI_WIFI_SSID***"
Setting wifi/ssid saved
esp32> 
esp32> 
esp32> 
esp32> 
esp32> 
esp32> settings set wifi/psk "***MIKES_ORANGE_PI_WIFI_PSK***"
Setting wifi/psk saved
esp32> 
es::add-mask::generated-CXPpfXGttZHCbtml
p32> 
esp32> 
esp32> 
esp32> 
esp32> settings set golioth/psk-id "generated-CXPpfXGttZHCbtml@firmware_ci"
Setting golioth/psk-id saved
esp32> 
esp32> 
esp32> 
esp32> 
esp32> 
esp32> settings set golioth/psk "generated-CXPpfXGttZHCbtml"
Setting golioth/psk saved
esp32> 
esp32> [0;32mI (24941) pp: pp rom version: 9387209[0m
[0;32mI (24941) net80211: net80211 rom version: 9387209[0m
[0;32mI (24961) wifi_init: rx ba win: 6[0m
[0;32mI (24961) wifi_init: accept mbox: 6[0m
[0;32mI (24961) wifi_init: tcpip mbox: 32[0m
[0;32mI (24961) wifi_init: udp mbox: 6[0m
[0;32mI (24971) wifi_init: tcp mbox: 6[0m
[0;32mI (24971) wifi_init: tcp tx win: 5760[0m
[0;32mI (24981) wifi_init: tcp rx win: 5760[0m
[0;32mI (24981) wifi_init: tcp mss: 1440[0m
[0;32mI (24981) wifi_init: WiFi IRAM OP enabled[0m
[0;32mI (24991) wifi_init: WiFi RX IRAM OP enabled[0m
[0;32mI (24991) phy_init: phy_version 1180,01f2a49,Jun  4 2024,16:34:25[0m
[0;33mW (25011) phy_init: failed to load RF calibration data (0x1102), falling back to full calibration[0m
[0;33mW (25051) phy_init: saving new calibration data because of checksum failure, mode(2)[0m
[0;32mI (26441) esp_netif_handlers: sta ip: 192.168.8.238, mask: 255.255.255.0, gw: 192.168.8.1[0m
[0;32mI (26441) example_wifi: WiFi Connected. Got IP:192.168.8.238[0m
[0;32mI (26451) example_wifi: Connected to AP SSID: ***MIKES_ORANGE_PI_WIFI_SSID***[0m
[0;32mI (26451) golioth_mbox: Mbox created, bufsize: 2520, num_items: 20, item_size: 120[0m
[0;32mI (26471) golioth_coap_client_libcoap: Start CoAP session with host: coaps://coap.golioth.io[0m
[0;32mI (26471) golioth_coap_client_libcoap: Session PSK-ID: generated-CXPpfXGttZHCbtml@firmware_ci[0m
[0;32mI (26481) libcoap: Setting PSK key
[0m
[0;32mI (26491) golioth_coap_client_libcoap: Entering CoAP I/O loop[0m
[0;32mI (26741) golioth_coap_client_libcoap: Golioth CoAP client connected[0m
[0;32mI (27111) test_settings: Received test_cancel: 0[0m
[0;32mI (27111) test_settings: Received test_bool: false[0m
[0;32mI (27111) test_settings: Received test_restart: false[0m
[0;32mI (27121) test_settings: Received test_float: 1.230000[0m
[0;32mI (27121) test_settings: Received test_string: foo[0m
[0;32mI (27131) test_settings: Received test_int_range: 1[0m
[0;32mI (27131) test_settings: Received test_int: 1[0m
[0;32mI (27991) test_settings: Received test_cancel: 0[0m
[0;32mI (27991) test_settings: Received test_restart: false[0m
[0;32mI (27991) test_settings: Received test_int_range: 1[0m
[0;32mI (28011) test_settings: Received test_float: 1.230000[0m
[0;32mI (28011) test_settings: Received test_string: foo[0m
[0;32mI (28021) test_settings: Received test_bool: false[0m
[0;32mI (28021) test_settings: Received test_int: 1[0m
[0;31mE (28031) golioth_settings: Failed to send a response to server: 10[0m
[0;32mI (28541) test_settings: Received test_int: 1[0m
[0;32mI (28541) test_settings: Received test_bool: false[0m
[0;32mI (28541) test_settings: Received test_int_range: 1[0m
[0;32mI (28551) test_settings: Received test_float: 1.230000[0m
[0;32mI (28551) test_settings: Received test_string: foo[0m
[0;32mI (28571) test_settings: Received test_cancel: 0[0m
[0;32mI (28571) test_settings: Received test_restart: false[0m
[0;31mE (28581) golioth_settings: Failed to send a response to server: 10[0m
[0;32mI (29561) test_settings: Received test_cancel: 0[0m
[0;32mI (29571) test_settings: Received test_restart: false[0m
[0;32mI (29571) test_settings: Received test_int: 1[0m
[0;32mI (29581) test_settings: Received test_bool: false[0m
[0;32mI (29581) test_settings: Received test_float: 1.230000[0m
[0;32mI (29591) test_settings: Received test_int_range: 1[0m
[0;32mI (29591) test_settings: Received test_string: foo[0m
[0;31mE (29601) golioth_settings: Failed to send a response to server: 10[0m
[0;32mI (30791) test_settings: Received test_float: 1.230000[0m
[0;32mI (30801) test_settings: Received test_cancel: 0[0m
[0;32mI (30801) test_settings: Received test_string: foo[0m
[0;32mI (30811) test_settings: Received test_restart: false[0m
[0;32mI (30811) test_settings: Received test_int: 42[0m
[0;