esptool.py v4.8.1
Serial port /dev/serial/by-id/usb-Silicon_Labs_CP2102N_USB_to_UART_Bridge_Controller_ca317d585c76eb11ba0a87abb7be2ba5-if00-port0
Connecting....
Detecting chip type... ESP32-C3
Chip is ESP32-C3 (QFN32) (revision v0.3)
Features: WiFi, BLE, Embedded Flash 4MB (XMC)
Crystal is 40MHz
MAC: 84:f7:03:09:96:10
Uploading stub...
Running stub...
Stub running...
Changing baud rate to 460800
Changed.
Configuring flash size...
Erasing flash (this may take a while)...
Chip erase completed successfully in 20.2s
Compressed 1039120 bytes to 610278...
Writing at 0x00000000... (2 %)
Writing at 0x00012155... (5 %)
Writing at 0x0001f3cf... (7 %)
Writing at 0x0002bb69... (10 %)
Writing at 0x00032090... (13 %)
Writing at 0x00037159... (15 %)
Writing at 0x0004106b... (18 %)
Writing at 0x00047044... (21 %)
Writing at 0x0004d8e6... (23 %)
Writing at 0x00053968... (26 %)
Writing at 0x000594b9... (28 %)
Writing at 0x0005f304... (31 %)
Writing at 0x00065ddb... (34 %)
Writing at 0x0006b9fa... (36 %)
Writing at 0x00071aaf... (39 %)
Writing at 0x00077b8b... (42 %)
Writing at 0x0007daad... (44 %)
Writing at 0x000835e1... (47 %)
Writing at 0x00088c1a... (50 %)
Writing at 0x0008ecb3... (52 %)
Writing at 0x00094e65... (55 %)
Writing at 0x0009a910... (57 %)
Writing at 0x000a0199... (60 %)
Writing at 0x000a5f87... (63 %)
Writing at 0x000ac748... (65 %)
Writing at 0x000b2874... (68 %)
Writing at 0x000b87cb... (71 %)
Writing at 0x000beb1d... (73 %)
Writing at 0x000c44ab... (76 %)
Writing at 0x000c9d08... (78 %)
Writing at 0x000cfc9a... (81 %)
Writing at 0x000d5c13... (84 %)
Writing at 0x000dc618... (86 %)
Writing at 0x000e39d4... (89 %)
Writing at 0x000e9e82... (92 %)
Writing at 0x000efce9... (94 %)
Writing at 0x000f61b4... (97 %)
Writing at 0x000fc104... (100 %)
Wrote 1039120 bytes (610278 compressed) at 0x00000000 in 19.7 seconds (effective 422.3 kbit/s)...
Hash of data verified.

Leaving...
Hard resetting via RTS pin...
Build:Feb  7 2021
rst:0x1 (POWERON),boot:0xc (SPI_FAST_FLASH_BOOT)
SPIWP:0xee
mode:DIO, clock div:1
load:0x3fcd5820,len:0x1738
load:0x403cc710,len:0xb9c
load:0x403ce710,len:0x2e4c
entry 0x403cc71a
[0;32mI (30) boot: ESP-IDF v5.3 2nd stage bootloader[0m
[0;32mI (30) boot: compile time Dec 13 2024 00:32:05[0m
[0;32mI (30) boot: chip revision: v0.3[0m
[0;32mI (33) boot.esp32c3: SPI Speed      : 80MHz[0m
[0;32mI (38) boot.esp32c3: SPI Mode       : DIO[0m
[0;32mI (43) boot.esp32c3: SPI Flash Size : 2MB[0m
[0;32mI (47) boot: Enabling RNG early entropy source...[0m
[0;32mI (53) boot: Partition Table:[0m
[0;32mI (56) boot: ## Label            Usage          Type ST Offset   Length[0m
[0;32mI (64) boot:  0 nvs              WiFi data        01 02 00009000 00006000[0m
[0;32mI (71) boot:  1 phy_init         RF data          01 01 0000f000 00001000[0m
[0;32mI (78) boot:  2 factory          factory app      00 00 00010000 00100000[0m
[0;32mI (86) boot: End of partition table[0m
[0;32mI (90) esp_image: segment 0: paddr=00010020 vaddr=3c0b0020 size=2cf44h (184132) map[0m
[0;32mI (127) esp_image: segment 1: paddr=0003cf6c vaddr=3fc92800 size=02fc8h ( 12232) load[0m
[0;32mI (130) esp_image: segment 2: paddr=0003ff3c vaddr=40380000 size=000dch (   220) load[0m
[0;32mI (133) esp_image: segment 3: paddr=00040020 vaddr=42000020 size=ab458h (701528) map[0m
[0;32mI (251) esp_image: segment 4: paddr=000eb480 vaddr=403800dc size=12664h ( 75364) load[0m
[0;32mI (271) boot: Loaded app from partition at offset 0x10000[0m
[0;32mI (271) boot: Disabling RNG early entropy source...[0m
[0;32mI (283) cpu_start: Unicore app[0m
[0;32mI (292) cpu_start: Pro cpu start user code[0m
[0;32mI (292) cpu_start: cpu freq: 160000000 Hz[0m
[0;32mI (292) app_init: Application information:[0m
[0;32mI (295) app_init: Project name:     set[0m
[0;32mI (299) app_init: App version:      0900a0c-dirty[0m
[0;32mI (304) app_init: Compile time:     Dec 13 2024 00:31:59[0m
[0;32mI (310) app_init: ELF file SHA256:  1ca4d5263...[0m
[0;32mI (316) app_init: ESP-IDF:          v5.3[0m
[0;32mI (320) efuse_init: Min chip rev:     v0.3[0m
[0;32mI (325) efuse_init: Max chip rev:     v1.99 [0m
[0;32mI (330) efuse_init: Chip rev:         v0.3[0m
[0;32mI (335) heap_init: Initializing. RAM available for dynamic allocation:[0m
[0;32mI (342) heap_init: At 3FC9D5E0 len 00022A20 (138 KiB): RAM[0m
[0;32mI (348) heap_init: At 3FCC0000 len 0001C710 (113 KiB): Retention RAM[0m
[0;32mI (355) heap_init: At 3FCDC710 len 00002950 (10 KiB): Retention RAM[0m
[0;32mI (362) heap_init: At 50000200 len 00001DE8 (7 KiB): RTCRAM[0m
[0;32mI (369) spi_flash: detected chip: generic[0m
[0;32mI (373) spi_flash: flash io: dio[0m
[0;33mW (377) spi_flash: Detected size(4096k) larger than the size in the binary image header(2048k). Using the size in the binary image header.[0m
[0;32mI (391) sleep: Configure to isolate all GPIO pins in sleep state[0m
[0;32mI (397) sleep: Enable automatic switching of GPIO sleep configuration[0m
[0;32mI (404) main_task: Started on CPU0[0m
[0;32mI (414) main_task: Calling app_main()[0m
[0;32mI (414) lightdb: Start LightDB set sample[0m
[5n
Type 'help' to get the list of commands.
Use UP/DOWN arrows to navigate through command history.
Press TAB when typing command name to auto-complete.

Your terminal application does not support escape sequences.

Line editing and history features are disabled.

On Windows, try using Putty instead.
esp32> [0;33mW (924) lightdb: WiFi and Golioth credentials are not set. Use the shell settings commands to set them.[0m

esp32> 
esp32> 
esp32> 
esp32> settings set wifi/ssid "***JONS_ORANGE_PI_WIFI_SSID***"
Setting wifi/ssid saved
esp32> 
esp32> 
esp32> 
esp32> 
esp32> 
esp32> settings set wifi/psk "***JONS_ORANGE_PI_WIFI_PSK***"
Setting wifi/psk saved
es::add-mask::generated-sqfJbscHsqJvLdPt
p32> 
esp32> 
esp32> 
esp32> 
esp32> 
esp32> settings set golioth/psk-id "generated-sqfJbscHsqJvLdPt@firmware_ci"
Setting golioth/psk-id saved
esp32> 
esp32> 
esp32> 
esp32> 
esp32> 
esp32> settings set golioth/psk "generated-sqfJbscHsqJvLdPt"
Setting golioth/psk saved
esp32> 
esp32> [0;32mI (10944) pp: pp rom version: 9387209[0m
[0;32mI (10944) net80211: net80211 rom version: 9387209[0m
[0;32mI (10964) wifi_init: rx ba win: 6[0m
[0;32mI (10964) wifi_init: accept mbox: 6[0m
[0;32mI (10964) wifi_init: tcpip mbox: 32[0m
[0;32mI (10964) wifi_init: udp mbox: 6[0m
[0;32mI (10974) wifi_init: tcp mbox: 6[0m
[0;32mI (10974) wifi_init: tcp tx win: 5760[0m
[0;32mI (10984) wifi_init: tcp rx win: 5760[0m
[0;32mI (10984) wifi_init: tcp mss: 1440[0m
[0;32mI (10984) wifi_init: WiFi IRAM OP enabled[0m
[0;32mI (10994) wifi_init: WiFi RX IRAM OP enabled[0m
[0;32mI (10994) phy_init: phy_version 1180,01f2a49,Jun  4 2024,16:34:25[0m
[0;33mW (11014) phy_init: failed to load RF calibration data (0x1102), falling back to full calibration[0m
[0;33mW (11054) phy_init: saving new calibration data because of checksum failure, mode(2)[0m
[0;32mI (12424) esp_netif_handlers: sta ip: 192.168.8.141, mask: 255.255.255.0, gw: 192.168.8.1[0m
[0;32mI (12424) example_wifi: WiFi Connected. Got IP:192.168.8.141[0m
[0;32mI (12434) example_wifi: Connected to AP SSID: ***JONS_ORANGE_PI_WIFI_SSID***[0m
[0;32mI (12434) golioth_mbox: Mbox created, bufsize: 2520, num_items: 20, item_size: 120[0m
[0;33mW (12444) lightdb: Waiting for connection to Golioth...[0m
[0;32mI (12454) golioth_coap_client_libcoap: Start CoAP session with host: coaps://coap.golioth.io[0m
[0;32mI (12464) golioth_coap_client_libcoap: Session PSK-ID: generated-sqfJbscHsqJvLdPt@firmware_ci[0m
[0;32mI (12464) libcoap: Setting PSK key
[0m
[0;32mI (12474) golioth_coap_client_libcoap: Entering CoAP I/O loop[0m
[0;32mI (12944) golioth_coap_client_libcoap: Golioth CoAP client connected[0m
[0;32mI (12944) lightdb: Golioth client connected[0m
[0;32mI (12944) lightdb: Setting counter to 0[0m
[0;32mI (12954) lightdb: Before request (async)[0m
[0;32mI (12964) lightdb: After request (async)[0m
[0;32mI (13944) lightdb: Counter successfully set[0m
[0;32mI (17964) lightdb: Setting counter to 1[0m
[0;32mI (17964) lightdb: Before request (sync)[0m
[0;32mI (18484) lightdb: Counter successfully set[0m
[0;32mI (18484) lightdb: After request (sync)[0m
[0;32mI (23484) lightdb: Setting counter to 2[0m
[0;32mI (23484) lightdb: Before request (json async)[0m
[0;32mI (23484) lightdb: After request (json async)[0m
[0;32mI (24014) lightdb: Counter successfully set[0m
[0;32mI (28484) lightdb: Setting counter to 3[0m
[0;32mI (28484) lightdb: Before request (cbor sync)[0m
[0;32mI (29134) lightdb: Counter successfully set[0m
[0;32mI