Warning: Deprecated: Command 'write_flash' is deprecated. Use 'write-flash' instead.
esptool v5.1.0
Serial port /dev/serial/by-id/usb-Silicon_Labs_CP2102N_USB_to_UART_Bridge_Controller_08bd8600facfec119c501d2686bdcd52-if00-port0:
Connecting....
Detecting chip type... ESP32-S3
Connected to ESP32-S3 on /dev/serial/by-id/usb-Silicon_Labs_CP2102N_USB_to_UART_Bridge_Controller_08bd8600facfec119c501d2686bdcd52-if00-port0:
Chip type:          ESP32-S3 (QFN56) (revision v0.1)
Features:           Wi-Fi, BT 5 (LE), Dual Core + LP Core, 240MHz, Embedded PSRAM 8MB (AP_3v3)
Crystal frequency:  40MHz
MAC:                34:85:18:6d:04:5c

Uploading stub flasher...
Running stub flasher...
Stub flasher running.
Changing baud rate to 460800...
Changed.

Configuring flash size...
Erasing flash memory (this may take a while)...
Flash memory erased successfully in 1.4 seconds.
Compressed 965744 bytes to 599744...
Writing at 0x00000000 [                              ]   0.0% 0/599744 bytes... 
Writing at 0x000115da [                              ]   2.7% 16384/599744 bytes... 
Writing at 0x0001e4f5 [>                             ]   5.5% 32768/599744 bytes... 
Writing at 0x0002a2ec [=>                            ]   8.2% 49152/599744 bytes... 
Writing at 0x00033986 [==>                           ]  10.9% 65536/599744 bytes... 
Writing at 0x0003d17c [===>                          ]  13.7% 81920/599744 bytes... 
Writing at 0x00043428 [===>                          ]  16.4% 98304/599744 bytes... 
Writing at 0x00048b3d [====>                         ]  19.1% 114688/599744 bytes... 
Writing at 0x0004e74e [=====>                        ]  21.9% 131072/599744 bytes... 
Writing at 0x00053e6a [======>                       ]  24.6% 147456/599744 bytes... 
Writing at 0x000590d1 [=======>                      ]  27.3% 163840/599744 bytes... 
Writing at 0x0005e513 [========>                     ]  30.1% 180224/599744 bytes... 
Writing at 0x00063ea3 [========>                     ]  32.8% 196608/599744 bytes... 
Writing at 0x00068f16 [=========>                    ]  35.5% 212992/599744 bytes... 
Writing at 0x0006e27d [==========>                   ]  38.2% 229376/599744 bytes... 
Writing at 0x000734da [===========>                  ]  41.0% 245760/599744 bytes... 
Writing at 0x00078771 [============>                 ]  43.7% 262144/599744 bytes... 
Writing at 0x0007d967 [============>                 ]  46.4% 278528/599744 bytes... 
Writing at 0x00082f6d [=============>                ]  49.2% 294912/599744 bytes... 
Writing at 0x000884b5 [==============>               ]  51.9% 311296/599744 bytes... 
Writing at 0x0008dac3 [===============>              ]  54.6% 327680/599744 bytes... 
Writing at 0x00092a63 [================>             ]  57.4% 344064/599744 bytes... 
Writing at 0x00097aa4 [=================>            ]  60.1% 360448/599744 bytes... 
Writing at 0x0009d0b7 [=================>            ]  62.8% 376832/599744 bytes... 
Writing at 0x000a22da [==================>           ]  65.6% 393216/599744 bytes... 
Writing at 0x000a74cb [===================>          ]  68.3% 409600/599744 bytes... 
Writing at 0x000acbc6 [====================>         ]  71.0% 425984/599744 bytes... 
Writing at 0x000b1fa5 [=====================>        ]  73.8% 442368/599744 bytes... 
Writing at 0x000b7087 [=====================>        ]  76.5% 458752/599744 bytes... 
Writing at 0x000bc6f2 [======================>       ]  79.2% 475136/599744 bytes... 
Writing at 0x000c2993 [=======================>      ]  82.0% 491520/599744 bytes... 
Writing at 0x000c94a1 [========================>     ]  84.7% 507904/599744 bytes... 
Writing at 0x000d1400 [=========================>    ]  87.4% 524288/599744 bytes... 
Writing at 0x000d790e [==========================>   ]  90.2% 540672/599744 bytes... 
Writing at 0x000dd0ef [==========================>   ]  92.9% 557056/599744 bytes... 
Writing at 0x000e2c63 [===========================>  ]  95.6% 573440/599744 bytes... 
Writing at 0x000e8497 [============================> ]  98.3% 589824/599744 bytes... 
Writing at 0x000ebc70 [==============================] 100.0% 599744/599744 bytes... 
Wrote 965744 bytes (599744 compressed) at 0x00000000 in 17.7 seconds (436.8 kbit/s).
Hash of data verified.

Hard resetting via RTS pin...
ESP-ROM:esp32s3-20210327
Build:Mar 27 2021
rst:0x1 (POWERON),boot:0x8 (SPI_FAST_FLASH_BOOT)
SPIWP:0xee
mode:DIO, clock div:1
load:0x3fce2810,len:0x15a0
load:0x403c8700,len:0x4
load:0x403c8704,len:0xd20
load:0x403cb700,len:0x2f58
entry 0x403c8928
I (27) boot: ESP-IDF v5.4.1 2nd stage bootloader
I (27) boot: compile time Oct 21 2025 22:07:25
I (27) boot: Multicore bootloader
I (27) boot: chip revision: v0.1
I (30) boot: efuse block revision: v1.2
I (33) boot.esp32s3: Boot SPI Speed : 80MHz
I (37) boot.esp32s3: SPI Mode       : DIO
I (41) boot.esp32s3: SPI Flash Size : 4MB
I (45) boot: Enabling RNG early entropy source...
I (49) boot: Partition Table:
I (52) boot: ## Label            Usage          Type ST Offset   Length
I (58) boot:  0 nvs              WiFi data        01 02 00009000 00006000
I (65) boot:  1 phy_init         RF data          01 01 0000f000 00001000
I (71) boot:  2 factory          factory app      00 00 00010000 00100000
I (78) boot: End of partition table
I (81) esp_image: segment 0: paddr=00010020 vaddr=3c0a0020 size=24490h (148624) map
I (115) esp_image: segment 1: paddr=000344b8 vaddr=3fc99400 size=05a20h ( 23072) load
I (120) esp_image: segment 2: paddr=00039ee0 vaddr=40374000 size=06138h ( 24888) load
I (125) esp_image: segment 3: paddr=00040020 vaddr=42000020 size=9c988h (641416) map
I (239) esp_image: segment 4: paddr=000dc9b0 vaddr=4037a138 size=0f26ch ( 62060) load
I (253) esp_image: segment 5: paddr=000ebc24 vaddr=600fe100 size=0001ch (    28) load
I (262) boot: Loaded app from partition at offset 0x10000
I (262) boot: Disabling RNG early entropy source...
I (272) cpu_start: Multicore app
I (281) cpu_start: Pro cpu start user code
I (281) cpu_start: cpu freq: 160000000 Hz
I (281) app_init: Application information:
I (281) app_init: Project name:     test
I (285) app_init: App version:      6ccd4df-dirty
I (289) app_init: Compile time:     Oct 21 2025 22:07:18
I (294) app_init: ELF file SHA256:  ca6050809...
I (299) app_init: ESP-IDF:          v5.4.1
I (302) efuse_init: Min chip rev:     v0.0
I (306) efuse_init: Max chip rev:     v0.99 
I (310) efuse_init: Chip rev:         v0.1
I (314) heap_init: Initializing. RAM available for dynamic allocation:
I (320) heap_init: At 3FCA6190 len 00043580 (269 KiB): RAM
I (325) heap_init: At 3FCE9710 len 00005724 (21 KiB): RAM
I (331) heap_init: At 3FCF0000 len 00008000 (32 KiB): DRAM
I (336) heap_init: At 600FE11C len 00001ECC (7 KiB): RTCRAM
I (342) spi_flash: detected chip: gd
I (344) spi_flash: flash io: dio
W (347) spi_flash: Detected size(8192k) larger than the size in the binary image header(4096k). Using the size in the binary image header.
I (360) sleep_gpio: Configure to isolate all GPIO pins in sleep state
I (366) sleep_gpio: Enable automatic switching of GPIO sleep configuration
I (373) main_task: Started on CPU0
I (393) main_task: Calling app_main()
[5n
Type 'help' to get the list of commands.
Use UP/DOWN arrows to navigate through command history.
Press TAB when typing command name to auto-complete.

Your terminal application does not support escape sequences.

Line editing and history features are disabled.

On Windows, try using Putty instead.
esp32> W (903) hil_test: WiFi and Golioth credentials are not set. Use the shell settings commands to set them.

esp32> 
esp32> 
esp32> 
esp32> settings set wifi/ssid "***MIKES_ORANGE_PI_WIFI_SSID***"
Setting wifi/ssid saved
esp32> 
esp32> 
esp32> 
esp32> 
esp32> 
esp32> settings set wifi/psk "***MIKES_ORANGE_PI_WIFI_PSK***"
Setting wifi/psk saved
esp32> 
es::add-mask::generated-AsVOmLumAAPrNOZx
p32> 
esp32> 
esp32> 
esp32> 
esp32> settings set golioth/psk-id "generated-AsVOmLumAAPrNOZx@firmware_ci"
Setting golioth/psk-id saved
esp32> 
esp32> 
esp32> 
esp32> 
esp32> 
esp32> settings set golioth/psk "generated-AsVOmLumAAPrNOZx"
Setting golioth/psk saved
esp32> 
esp32> I (7933) pp: pp rom version: e7ae62f
I (7933) net80211: net80211 rom version: e7ae62f
I (7953) wifi_init: rx ba win: 6
I (7953) wifi_init: accept mbox: 6
I (7953) wifi_init: tcpip mbox: 32
I (7953) wifi_init: udp mbox: 6
I (7953) wifi_init: tcp mbox: 6
I (7963) wifi_init: tcp tx win: 5760
I (7963) wifi_init: tcp rx win: 5760
I (7963) wifi_init: tcp mss: 1440
I (7963) wifi_init: WiFi IRAM OP enabled
I (7983) wifi_init: WiFi RX IRAM OP enabled
I (7983) phy_init: phy_version 700,8582a7fd,Feb 10 2025,20:13:11
W (7983) phy_init: failed to load RF calibration data (0x1102), falling back to full calibration
I (8023) phy_init: Saving new calibration data due to checksum failure or outdated calibration data, mode(2)
I (10213) esp_netif_handlers: sta ip: 192.168.8.234, mask: 255.255.255.0, gw: 192.168.8.1
I (10213) example_wifi: WiFi Connected. Got IP:192.168.8.234
I (10213) example_wifi: Connected to AP SSID: ***MIKES_ORANGE_PI_WIFI_SSID***
I (10223) golioth_mbox: Mbox created, bufsize: 2688, num_items: 20, item_size: 128
I (10233) golioth_coap_client_libcoap: Start CoAP session with host: coaps://coap.golioth.io
I (10233) golioth_coap_client_libcoap: Session PSK-ID: generated-AsVOmLumAAPrNOZx@firmware_ci
I (10253) libcoap: Setting PSK key

I (10263) golioth_coap_client_libcoap: Entering CoAP I/O loop
I (11773) golioth_coap_client_libcoap: Golioth CoAP client connected
I (12783) test_stream: block-idx: 0 bu_offset: 0 bytes_remaining: 3666
I (12903) test_stream: block-idx: 1 bu_offset: 1024 bytes_remaining: 2642
I (13013) test_stream: block-idx: 2 bu_offset: 2048 bytes_remaining: 1618
I (13363) test_stream: block-idx: 3 bu_offset: 3072 bytes_remaining: 594
I (13773) test_stream: Block upload successful!
I (13773) test_stream: block-idx: 0 bu_offset: 0 bytes_remaining: 3666
I (14393) test_stream: Multi-block callback; Block: 0, Status: 0, CoAP: 2.31
I (14393) test_stream: block-idx: 1 bu_offset: 1024 bytes_remaining: 2642
I (15053) test_stream: Multi-block callback; Block: 1, Status: 0, CoAP: 2.31
I (15063) test_stream: block-idx: 2 bu_offset: 2048 bytes_remaining: 1618
I (15463) test_stream: Multi-block callback; Block: 2, Status: 0, CoAP: 2.31
I (15473) test_stream: block-idx: 3 bu_offset: 3072 bytes_remaining: 594
I (15823) test_stream: Multi-block callback; Block: 3, Status: 0, CoAP: 2.01
I (15823) test_stream: Multi-block upload successful!
I (21823) test_stream: All stream data has been sent
{'list': [{'data': {'block_upload': {'0': 'zero', '1': 'one', '10': 'ten', '100': 'one hundred', '101': 'one hundred and one', '102': 'one hundred and two', '103': 'one hundred and three', '104': 'one hundred and four', '105': 'one hundred and five', '106': 'one hundred and six', '107': 'one hundred and seven', '108': 'one hundred and eight', '109': 'one hundred and nine', '11': 'eleven', '110': 'one hundred and ten', '111': 'one hundred and eleven', '112': 'one hundred and twelve', '113': 'one hundred and thirteen', '114': 'one hundred and fourteen', '115': 'one hundred and fifteen', '116': 'one hundred and sixteen', '117': 'one hundred and seventeen', '118': 'one hundred and eighteen', '119': 'one hundred and nineteen', '12': 'twelve', '120': 'one hundred and twenty', '121': 'one hundred and twenty-one', '122': 'one hundred and twenty-two', '123': 'one hundred and twenty-three', '124': 'one hundred and twenty-four', '125': 'one hundred and twenty-five', '126': 'one hundred and twenty-six', '127': 'one hundred and twenty-seven', '128': 'one hundred and twenty-eight', '129': 'one hundred and twenty-nine', '13': 'thirteen', '130': 'one hundred and thirty', '131': 'one hundred and thirty-one', '132': 'one hundred and thirty-two', '133': 'one hundred and thirty-three', '134': 'one hundred and thirty-four', '135': 'one hundred and thirty-five', '136': 'one hundred and thirty-six', '137': 'one hundred and thirty-seven', '138': 'one hundred and thirty-eight', '139': 'one hundred and thirty-nine', '14': 'fourteen', '140': 'one hundred and forty', '141': 'one hundred and forty-one', '15': 'fifteen', '16': 'sixteen', '17': 'seventeen', '18': 'eighteen', '19': 'nineteen', '2': 'two', '20': 'twenty', '21': 'twenty-one', '22': 'twenty-two', '23': 'twenty-three', '24': 'twenty-four', '25': 'twenty-five', '26': 'twenty-six', '27': 'twenty-seven', '28': 'twenty-eight', '29': 'twenty-nine', '3': 'three', '30': 'thirty', '31': 'thirty-one', '32': 'thirty-two', '33': 'thirty-three', '34': 'thirty-four', '35': 'thirty-five', '36': 'thirty-six', '37': 'thirty-seven', '38': 'thirty-eight', '39': 'thirty-nine', '4': 'four', '40': 'forty', '41': 'forty-one', '42': 'forty-two', '43': 'forty-three', '44': 'forty-four', '45': 'forty-five', '46': 'forty-six', '47': 'forty-seven', '48': 'forty-eight', '49': 'forty-nine', '5': 'five', '50': 'fifty', '51': 'fifty-one', '52': 'fifty-two', '53': 'fifty-three', '54': 'fifty-four', '55': 'fifty-five', '56': 'fifty-six', '57': 'fifty-seven', '58': 'fifty-eight', '59': 'fifty-nine', '6': 'six', '60': 'sixty', '61': 'sixty-one', '62': 'sixty-two', '63': 'sixty-three', '64': 'sixty-four', '65': 'sixty-five', '66': 'sixty-six', '67': 'sixty-seven', '68': 'sixty-eight', '69': 'sixty-nine', '7': 'seven', '70': 'seventy', '71': 'seventy-one', '72': 'seventy-two', '73': 'seventy-three', '74': 'seventy-four', '75': 'seventy-five', '76': 'seventy-six', '77': 'seventy-seven', '78': 'seventy-eight', '79': 'seventy-nine', '8': 'eight', '80': 'eighty', '81': 'eighty-one', '82': 'eighty-two', '83': 'eighty-three', '84': 'eighty-four', '85': 'eighty-five', '86': 'eighty-six', '87': 'eighty-seven', '88': 'eighty-eight', '89': 'eighty-nine', '9': 'nine', '90': 'ninety', '91': 'ninety-one', '92': 'ninety-two', '93': 'ninety-three', '94': 'ninety-four', '95': 'ninety-five', '96': 'ninety-six', '97': 'ninety-seven', '98': 'ninety-eight', '99': 'ninety-nine'}}, 'device_id': '68f80795424cece3ad3e453a', 'time': '2025-10-21T22:22:19.931523+00:00'}], 'page': 0, 'perPage': 10, 'total': 0}
Golioth data hash: 28540341b9655161a00b3a7193a8e2e2261d21ea3e3f2117fc9c7f18a5733681
Test data hash: 28540341b9655161a00b3a7193a8e2e2261d21ea3e3f2117fc9c7f18a5733681
