esptool.py v4.9.0
Serial port /dev/serial/by-id/usb-Silicon_Labs_CP2102N_USB_to_UART_Bridge_Controller_90568bbbd827ee11b31a14d8f49e3369-if00-port0
Connecting....
Detecting chip type... Unsupported detection protocol, switching and trying again...
Connecting..........
Detecting chip type... ESP32
Chip is ESP32-D0WD-V3 (revision v3.1)
Features: WiFi, BT, Dual Core, 240MHz, VRef calibration in efuse, Coding Scheme None
Crystal is 40MHz
MAC: a0:a3:b3:8b:38:c0
Uploading stub...
Running stub...
Stub running...
Changing baud rate to 460800
Changed.
Configuring flash size...
Erasing flash (this may take a while)...
Chip erase completed successfully in 2.2 seconds.
Compressed 976320 bytes to 613922...
Writing at 0x00000000... (2 %)
Writing at 0x000074c4... (5 %)
Writing at 0x0001bf95... (7 %)
Writing at 0x00028eb8... (10 %)
Writing at 0x000316e8... (13 %)
Writing at 0x0003b20c... (15 %)
Writing at 0x000408d9... (18 %)
Writing at 0x00046221... (21 %)
Writing at 0x0004b9d5... (23 %)
Writing at 0x00050e5b... (26 %)
Writing at 0x000560ff... (28 %)
Writing at 0x0005b439... (31 %)
Writing at 0x00060b3b... (34 %)
Writing at 0x00065c09... (36 %)
Writing at 0x0006ae94... (39 %)
Writing at 0x0007014c... (42 %)
Writing at 0x00075281... (44 %)
Writing at 0x0007a5c9... (47 %)
Writing at 0x0007fabf... (50 %)
Writing at 0x000853d6... (52 %)
Writing at 0x0008ae34... (55 %)
Writing at 0x000901d3... (57 %)
Writing at 0x000953aa... (60 %)
Writing at 0x0009aa6a... (63 %)
Writing at 0x000a0229... (65 %)
Writing at 0x000a5588... (68 %)
Writing at 0x000aaad5... (71 %)
Writing at 0x000b0608... (73 %)
Writing at 0x000b573c... (76 %)
Writing at 0x000ba99a... (78 %)
Writing at 0x000c0279... (81 %)
Writing at 0x000c79b4... (84 %)
Writing at 0x000cd90a... (86 %)
Writing at 0x000d583b... (89 %)
Writing at 0x000db202... (92 %)
Writing at 0x000e0c11... (94 %)
Writing at 0x000e6897... (97 %)
Writing at 0x000ebb6a... (100 %)
Wrote 976320 bytes (613922 compressed) at 0x00000000 in 14.2 seconds (effective 550.5 kbit/s)...
Hash of data verified.

Leaving...
Hard resetting via RTS pin...
q_drv:0x00,d_drv:0x00,cs0_drv:0x00,hd_drv:0x00,wp_drv:0x00
mode:DIO, clock div:2
load:0x3fff0030,len:6276
load:0x40078000,len:15748
load:0x40080400,len:4
ho 8 tail 4 room 4
load:0x40080404,len:3860
entry 0x4008063c
I (31) boot: ESP-IDF v5.4.1 2nd stage bootloader
I (31) boot: compile time Oct 16 2025 00:11:58
I (31) boot: Multicore bootloader
I (32) boot: chip revision: v3.1
I (35) boot.esp32: SPI Speed      : 40MHz
I (39) boot.esp32: SPI Mode       : DIO
I (43) boot.esp32: SPI Flash Size : 2MB
I (46) boot: Enabling RNG early entropy source...
I (51) boot: Partition Table:
I (53) boot: ## Label            Usage          Type ST Offset   Length
I (60) boot:  0 nvs              WiFi data        01 02 00009000 00006000
I (66) boot:  1 phy_init         RF data          01 01 0000f000 00001000
I (73) boot:  2 factory          factory app      00 00 00010000 00100000
I (79) boot: End of partition table
I (82) esp_image: segment 0: paddr=00010020 vaddr=3f400020 size=24930h (149808) map
I (141) esp_image: segment 1: paddr=00034958 vaddr=3ff80000 size=0001ch (    28) load
I (141) esp_image: segment 2: paddr=0003497c vaddr=3ffb0000 size=040e8h ( 16616) load
I (151) esp_image: segment 3: paddr=00038a6c vaddr=40080000 size=075ach ( 30124) load
I (164) esp_image: segment 4: paddr=00040020 vaddr=400d0020 size=9eb80h (650112) map
I (387) esp_image: segment 5: paddr=000deba8 vaddr=400875ac size=0f9e8h ( 63976) load
I (423) boot: Loaded app from partition at offset 0x10000
I (423) boot: Disabling RNG early entropy source...
I (433) cpu_start: Multicore app
I (441) cpu_start: Pro cpu start user code
I (441) cpu_start: cpu freq: 160000000 Hz
I (442) app_init: Application information:
I (442) app_init: Project name:     settings
I (446) app_init: App version:      2379206-dirty
I (450) app_init: Compile time:     Oct 16 2025 00:11:52
I (455) app_init: ELF file SHA256:  a220989fa...
I (459) app_init: ESP-IDF:          v5.4.1
I (463) efuse_init: Min chip rev:     v0.0
I (467) efuse_init: Max chip rev:     v3.99 
I (471) efuse_init: Chip rev:         v3.1
I (475) heap_init: Initializing. RAM available for dynamic allocation:
I (481) heap_init: At 3FFAE6E0 len 00001920 (6 KiB): DRAM
I (486) heap_init: At 3FFBBB28 len 000244D8 (145 KiB): DRAM
I (491) heap_init: At 3FFE0440 len 00003AE0 (14 KiB): D/IRAM
I (497) heap_init: At 3FFE4350 len 0001BCB0 (111 KiB): D/IRAM
I (502) heap_init: At 40096F94 len 0000906C (36 KiB): IRAM
I (509) spi_flash: detected chip: generic
I (511) spi_flash: flash io: dio
W (514) spi_flash: Detected size(8192k) larger than the size in the binary image header(2048k). Using the size in the binary image header.
I (527) main_task: Started on CPU0
I (537) main_task: Calling app_main()
I (537) settings: Start Golioth Device Settings sample
[5n
Type 'help' to get the list of commands.
Use UP/DOWN arrows to navigate through command history.
Press TAB when typing command name to auto-complete.

Your terminal application does not support escape sequences.

Line editing and history features are disabled.

On Windows, try using Putty instead.
esp32> W (2057) settings: WiFi and golioth credentials are not set
W (2057) settings: Use the shell settings commands to set them, then restart

esp32> 
esp32> 
esp32> 
esp32> settings set wifi/ssid "***SAMS_ORANGE_PI_WIFI_SSID***"
Setting wifi/ssid saved
esp32> 
esp32> 
esp32> 
esp32> 
esp32> 
esp32> settings set wifi/psk "***SAMS_ORANGE_PI_WIFI_PSK***"
Setting wifi/psk saved
esp32> 
esp32> ::add-mask::generated-xoTUVAWpZJghlzCQ

esp32> 
esp32> 
esp32> 
esp32> settings set golioth/psk-id "generated-xoTUVAWpZJghlzCQ@firmware_ci"
Setting golioth/psk-id saved
esp32> 
esp32> 
esp32> 
esp32> 
esp32> 
esp32> settings set golioth/psk "generated-xoTUVAWpZJghlzCQ"
Setting golioth/psk saved
esp32> 
esp32> 
esp32> 
esp32> 
esp32> 
esp32> reset
I (10627) shell: Resetting
ets Jul 29 2019 12:21:46

rst:0xc (SW_CPU_RESET),boot:0x13 (SPI_FAST_FLASH_BOOT)
configsip: 0, SPIWP:0xee
clk_drv:0x00,q_drv:0x00,d_drv:0x00,cs0_drv:0x00,hd_drv:0x00,wp_drv:0x00
mode:DIO, clock div:2
load:0x3fff0030,len:6276
load:0x40078000,len:15748
load:0x40080400,len:4
ho 8 tail 4 room 4
load:0x40080404,len:3860
entry 0x4008063c
I (31) boot: ESP-IDF v5.4.1 2nd stage bootloader
I (31) boot: compile time Oct 16 2025 00:11:58
I (31) boot: Multicore bootloader
I (32) boot: chip revision: v3.1
I (35) boot.esp32: SPI Speed      : 40MHz
I (39) boot.esp32: SPI Mode       : DIO
I (42) boot.esp32: SPI Flash Size : 2MB
I (46) boot: Enabling RNG early entropy source...
I (51) boot: Partition Table:
I (53) boot: ## Label            Usage          Type ST Offset   Length
I (59) boot:  0 nvs              WiFi data        01 02 00009000 00006000
I (66) boot:  1 phy_init         RF data          01 01 0000f000 00001000
I (72) boot:  2 factory          factory app      00 00 00010000 00100000
I (79) boot: End of partition table
I (82) esp_image: segment 0: paddr=00010020 vaddr=3f400020 size=24930h (149808) map
I (141) esp_image: segment 1: paddr=00034958 vaddr=3ff80000 size=0001ch (    28) load
I (141) esp_image: segment 2: paddr=0003497c vaddr=3ffb0000 size=040e8h ( 16616) load
I (151) esp_image: segment 3: paddr=00038a6c vaddr=40080000 size=075ach ( 30124) load
I (164) esp_image: segment 4: paddr=00040020 vaddr=400d0020 size=9eb80h (650112) map
I (386) esp_image: segment 5: paddr=000deba8 vaddr=400875ac size=0f9e8h ( 63976) load
I (423) boot: Loaded app from partition at offset 0x10000
I (423) boot: Disabling RNG early entropy source...
I (433) cpu_start: Multicore app
I (441) cpu_start: Pro cpu start user code
I (441) cpu_start: cpu freq: 160000000 Hz
I (441) app_init: Application information:
I (441) app_init: Project name:     settings
I (445) app_init: App version:      2379206-dirty
I (450) app_init: Compile time:     Oct 16 2025 00:11:52
I (455) app_init: ELF file SHA256:  a220989fa...
I (459) app_init: ESP-IDF:          v5.4.1
I (463) efuse_init: Min chip rev:     v0.0
I (467) efuse_init: Max chip rev:     v3.99 
I (471) efuse_init: Chip rev:         v3.1
I (475) heap_init: Initializing. RAM available for dynamic allocation:
I (481) heap_init: At 3FFAE6E0 len 00001920 (6 KiB): DRAM
I (486) heap_init: At 3FFBBB28 len 000244D8 (145 KiB): DRAM
I (491) heap_init: At 3FFE0440 len 00003AE0 (14 KiB): D/IRAM
I (497) heap_init: At 3FFE4350 len 0001BCB0 (111 KiB): D/IRAM
I (502) heap_init: At 40096F94 len 0000906C (36 KiB): IRAM
I (509) spi_flash: detected chip: generic
I (511) spi_flash: flash io: dio
W (514) spi_flash: Detected size(8192k) larger than the size in the binary image header(2048k). Using the size in the binary image header.
I (527) main_task: Started on CPU0
I (537) main_task: Calling app_main()
I (537) settings: Start Golioth Device Settings sample
[5n
Type 'help' to get the list of commands.
Use UP/DOWN arrows to navigate through command history.
Press TAB when typing command name to auto-complete.

Your terminal application does not support escape sequences.

Line editing and history features are disabled.

On Windows, try using Putty instead.
esp32> I (1077) wifi_init: rx ba win: 6
I (1077) wifi_init: accept mbox: 6
I (1087) wifi_init: tcpip mbox: 32
I (1087) wifi_init: udp mbox: 6
I (1087) wifi_init: tcp mbox: 6
I (1097) wifi_init: tcp tx win: 5760
I (1097) wifi_init: tcp rx win: 5760
I (1097) wifi_init: tcp mss: 1440
I (1097) wifi_init: WiFi IRAM OP enabled
I (1107) wifi_init: WiFi RX IRAM OP enabled
I (1107) phy_init: phy_version 4860,6b7a6e5,Feb  6 2025,14:47:07
W (1107) phy_init: failed to load RF calibration data (0x1102), falling back to full calibration
I (1187) phy_init: Saving new calibration data due to checksum failure or outdated calibration data, mode(2)
I (3147) esp_netif_handlers: sta ip: 192.168.0.123, mask: 255.255.255.0, gw: 192.168.0.1
I (3147) example_wifi: WiFi Connected. Got IP:192.168.0.123
I (3147) example_wifi: Connected to AP SSID: ***SAMS_ORANGE_PI_WIFI_SSID***
I (3157) golioth_mbox: Mbox created, bufsize: 2688, num_items: 20, item_size: 128
W (3167) settings: Waiting for connection to Golioth...
I (3187) golioth_coap_client_libcoap: Start CoAP session with host: coaps://coap.golioth.io
I (3197) golioth_coap_client_libcoap: Session PSK-ID: generated-xoTUVAWpZJghlzCQ@firmware_ci
I (3207) libcoap: Setting PSK key

I (3217) golioth_coap_client_libcoap: Entering CoAP I/O loop
I (4097) golioth_coap_client_libcoap: Golioth CoAP client connected
I (4107) settings: Golioth client connected
I (4107) settings: Sending hello! 0
I (5127) settings: Setting loop delay to 1 s
E (5127) golioth_settings: Failed to send a response to server: -12
I (5187) settings: Setting loop delay to 5 s
E (5197) golioth_s