esptool.py v4.7.0
Serial port /dev/serial/by-id/usb-Silicon_Labs_CP2102N_USB_to_UART_Bridge_Controller_342e9e0b1d28ee11811d0dd8f49e3369-if00-port0
Connecting.........
Detecting chip type... Unsupported detection protocol, switching and trying again...
Connecting....
Detecting chip type... ESP32
Chip is ESP32-D0WD-V3 (revision v3.1)
Features: WiFi, BT, Dual Core, 240MHz, VRef calibration in efuse, Coding Scheme None
Crystal is 40MHz
MAC: a0:a3:b3:2d:0a:ac
Uploading stub...
Running stub...
Stub running...
Changing baud rate to 460800
Changed.
Configuring flash size...
Erasing flash (this may take a while)...
Chip erase completed successfully in 15.1s
Compressed 999584 bytes to 627693...
Writing at 0x00000000... (2 %)
Writing at 0x000077f5... (5 %)
Writing at 0x0001c81d... (7 %)
Writing at 0x000299b1... (10 %)
Writing at 0x000303d8... (12 %)
Writing at 0x000355c1... (15 %)
Writing at 0x0004045d... (17 %)
Writing at 0x00045f0c... (20 %)
Writing at 0x0004b62b... (23 %)
Writing at 0x00050958... (25 %)
Writing at 0x00055b65... (28 %)
Writing at 0x0005af94... (30 %)
Writing at 0x0006078a... (33 %)
Writing at 0x00065842... (35 %)
Writing at 0x0006ac6e... (38 %)
Writing at 0x0006febb... (41 %)
Writing at 0x0007519b... (43 %)
Writing at 0x0007a2c7... (46 %)
Writing at 0x0007f9a4... (48 %)
Writing at 0x000854f6... (51 %)
Writing at 0x0008ac10... (53 %)
Writing at 0x0008ff86... (56 %)
Writing at 0x000951c9... (58 %)
Writing at 0x0009a845... (61 %)
Writing at 0x0009ff44... (64 %)
Writing at 0x000a518a... (66 %)
Writing at 0x000aaa28... (69 %)
Writing at 0x000b02b5... (71 %)
Writing at 0x000b536d... (74 %)
Writing at 0x000baabc... (76 %)
Writing at 0x000c0211... (79 %)
Writing at 0x000c7c4b... (82 %)
Writing at 0x000cf8e6... (84 %)
Writing at 0x000d6b84... (87 %)
Writing at 0x000dc28b... (89 %)
Writing at 0x000e1d61... (92 %)
Writing at 0x000e74d8... (94 %)
Writing at 0x000ed0a8... (97 %)
Writing at 0x000f2302... (100 %)
Wrote 999584 bytes (627693 compressed) at 0x00000000 in 16.5 seconds (effective 485.2 kbit/s)...
Hash of data verified.

Leaving...
Hard resetting via RTS pin...
xxxxxxxxxx@2019 12:21:46

rst:0x1 (POWERON_RESET),boot:0x13 (SPI_FAST_FLASH_BOOT)
configsip: 0, SPIWP:0xee
clk_drv:0x00,q_drv:0x00,d_drv:0x00,cs0_drv:0x00,hd_drv:0x00,wp_drv:0x00
mode:DIO, clock div:2
load:0x3fff0030,len:7176
load:0x40078000,len:15564
ho 0 tail 12 room 4
load:0x40080400,len:4
load:0x40080404,len:3904
entry 0x40080640
[0;32mI (31) boot: ESP-IDF v5.3 2nd stage bootloader[0m
[0;32mI (31) boot: compile time Sep 21 2024 00:50:13[0m
[0;32mI (31) boot: Multicore bootloader[0m
[0;32mI (35) boot: chip revision: v3.1[0m
[0;32mI (39) boot.esp32: SPI Speed      : 40MHz[0m
[0;32mI (44) boot.esp32: SPI Mode       : DIO[0m
[0;32mI (48) boot.esp32: SPI Flash Size : 2MB[0m
[0;32mI (53) boot: Enabling RNG early entropy source...[0m
[0;32mI (58) boot: Partition Table:[0m
[0;32mI (62) boot: ## Label            Usage          Type ST Offset   Length[0m
[0;32mI (69) boot:  0 nvs              WiFi data        01 02 00009000 00006000[0m
[0;32mI (76) boot:  1 phy_init         RF data          01 01 0000f000 00001000[0m
[0;32mI (84) boot:  2 factory          factory app      00 00 00010000 00100000[0m
[0;32mI (91) boot: End of partition table[0m
[0;32mI (96) esp_image: segment 0: paddr=00010020 vaddr=3f400020 size=2baf8h (178936) map[0m
[0;32mI (165) esp_image: segment 1: paddr=0003bb20 vaddr=3ffb0000 size=04074h ( 16500) load[0m
[0;32mI (172) esp_image: segment 2: paddr=0003fb9c vaddr=40080000 size=0047ch (  1148) load[0m
[0;32mI (173) esp_image: segment 3: paddr=00040020 vaddr=400d0020 size=9d960h (645472) map[0m
[0;32mI (401) esp_image: segment 4: paddr=000dd988 vaddr=4008047c size=166f4h ( 91892) load[0m
[0;32mI (448) boot: Loaded app from partition at offset 0x10000[0m
[0;32mI (449) boot: Disabling RNG early entropy source...[0m
[0;32mI (460) cpu_start: Multicore app[0m
[0;32mI (469) cpu_start: Pro cpu start user code[0m
[0;32mI (469) cpu_start: cpu freq: 160000000 Hz[0m
[0;32mI (469) app_init: Application information:[0m
[0;32mI (472) app_init: Project name:     set[0m
[0;32mI (476) app_init: App version:      baf2f89-dirty[0m
[0;32mI (482) app_init: Compile time:     Sep 21 2024 00:50:07[0m
[0;32mI (488) app_init: ELF file SHA256:  194998de4...[0m
[0;32mI (493) app_init: ESP-IDF:          v5.3[0m
[0;32mI (498) efuse_init: Min chip rev:     v0.0[0m
[0;32mI (502) efuse_init: Max chip rev:     v3.99 [0m
[0;32mI (507) efuse_init: Chip rev:         v3.1[0m
[0;32mI (512) heap_init: Initializing. RAM available for dynamic allocation:[0m
[0;32mI (519) heap_init: At 3FFAE6E0 len 00001920 (6 KiB): DRAM[0m
[0;32mI (525) heap_init: At 3FFBBE70 len 00024190 (144 KiB): DRAM[0m
[0;32mI (532) heap_init: At 3FFE0440 len 00003AE0 (14 KiB): D/IRAM[0m
[0;32mI (538) heap_init: At 3FFE4350 len 0001BCB0 (111 KiB): D/IRAM[0m
[0;32mI (544) heap_init: At 40096B70 len 00009490 (37 KiB): IRAM[0m
[0;32mI (552) spi_flash: detected chip: generic[0m
[0;32mI (555) spi_flash: flash io: dio[0m
[0;33mW (559) spi_flash: Detected size(4096k) larger than the size in the binary image header(2048k). Using the size in the binary image header.[0m
[0;32mI (573) main_task: Started on CPU0[0m
[0;32mI (583) main_task: Calling app_main()[0m
[0;32mI (583) lightdb: Start LightDB set sample[0m
[5n
Type 'help' to get the list of commands.
Use UP/DOWN arrows to navigate through command history.
Press TAB when typing command name to auto-complete.

Your terminal application does not support escape sequences.

Line editing and history features are disabled.

On Windows, try using Putty instead.
esp32> [0;33mW (1103) lightdb: WiFi and Golioth credentials are not set. Use the shell settings commands to set them.[0m

esp32> 
esp32> 
esp32> 
esp32> settings set wifi/ssid "***TIMS_ORANGE_PI_WIFI_SSID***"
Setting wifi/ssid saved
esp32> 
esp32> 
esp32> 
esp32> 
esp32> 
esp32> settings set wifi/psk "***TIMS_ORANGE_PI_WIFI_PSK***"
Setting wifi/psk saved
esp32> 
es::add-mask::generated-dtodFrADPsmjXPAY
p32> 
esp32> 
esp32> 
esp32> 
esp32> settings set golioth/psk-id "generated-dtodFrADPsmjXPAY@firmware_ci"
Setting golioth/psk-id saved
esp32> 
esp32> 
esp32> 
esp32> 
esp32> 
esp32> settings set golioth/psk "generated-dtodFrADPsmjXPAY"
Setting golioth/psk saved
esp32> 
esp32> [0;32mI (11153) wifi_init: rx ba win: 6[0m
[0;32mI (11153) wifi_init: accept mbox: 6[0m
[0;32mI (11153) wifi_init: tcpip mbox: 32[0m
[0;32mI (11153) wifi_init: udp mbox: 6[0m
[0;32mI (11173) wifi_init: tcp mbox: 6[0m
[0;32mI (11173) wifi_init: tcp tx win: 5760[0m
[0;32mI (11173) wifi_init: tcp rx win: 5760[0m
[0;32mI (11183) wifi_init: tcp mss: 1440[0m
[0;32mI (11183) wifi_init: WiFi IRAM OP enabled[0m
[0;32mI (11183) wifi_init: WiFi RX IRAM OP enabled[0m
[0;32mI (11193) phy_init: phy_version 4830,54550f7,Jun 20 2024,14:22:08[0m
[0;33mW (11193) phy_init: failed to load RF calibration data (0x1102), falling back to full calibration[0m
[0;33mW (11273) phy_init: saving new calibration data because of checksum failure, mode(2)[0m
[0;32mI (12663) esp_netif_handlers: sta ip: 192.168.8.131, mask: 255.255.255.0, gw: 192.168.8.1[0m
[0;32mI (12663) example_wifi: WiFi Connected. Got IP:192.168.8.131[0m
[0;32mI (12673) example_wifi: Connected to AP SSID: ***TIMS_ORANGE_PI_WIFI_SSID***[0m
[0;32mI (12673) golioth_mbox: Mbox created, bufsize: 2520, num_items: 20, item_size: 120[0m
[0;33mW (12693) lightdb: Waiting for connection to Golioth...[0m
[0;32mI (12703) golioth_coap_client_libcoap: Start CoAP session with host: coaps://coap.golioth.io[0m
[0;32mI (12703) golioth_coap_client_libcoap: Session PSK-ID: generated-dtodFrADPsmjXPAY@firmware_ci[0m
[0;32mI (12723) libcoap: Setting PSK key
[0m
[0;32mI (12733) golioth_coap_client_libcoap: Entering CoAP I/O loop[0m
[0;32mI (13013) golioth_coap_client_libcoap: Golioth CoAP client connected[0m
[0;32mI (13013) lightdb: Golioth client connected[0m
[0;32mI (13023) lightdb: Setting counter to 0[0m
[0;32mI (13023) lightdb: Before request (async)[0m
[0;32mI (13023) lightdb: After request (async)[0m
[0;32mI (13473) lightdb: Counter successfully set[0m
[0;32mI (18033) lightdb: Setting counter to 1[0m
[0;32mI (18033) lightdb: Before request (sync)[0m
[0;32mI (18183) lightdb: Counter successfully set[0m
[0;32mI (18193) lightdb: After request (sync)[0m
[0;32mI (23193) lightdb: Setting counter to 2[0m
[0;32mI (23203) lightdb: Before request (json async)[0m
[0;32mI (23203) lightdb: After request (json async)[0m
[0;32mI (23333) lightdb: Counter successfully set[0m
[0;32mI (28203) lightdb: Setting counter to 3[0m
[0;32mI (28203) lightdb: Before request (cbor sync)[0m
[0;32mI (28353) lightdb: Counter successfully set[0m
