esptool.py v4.8.1
Serial port /dev/serial/by-id/usb-Silicon_Labs_CP2102N_USB_to_UART_Bridge_Controller_ca317d585c76eb11ba0a87abb7be2ba5-if00-port0
Connecting....
Detecting chip type... ESP32-C3
Chip is ESP32-C3 (QFN32) (revision v0.3)
Features: WiFi, BLE, Embedded Flash 4MB (XMC)
Crystal is 40MHz
MAC: 84:f7:03:09:96:10
Uploading stub...
Running stub...
Stub running...
Changing baud rate to 460800
Changed.
Configuring flash size...
Erasing flash (this may take a while)...
Chip erase completed successfully in 19.3s
Compressed 1044048 bytes to 613622...
Writing at 0x00000000... (2 %)
Writing at 0x00012144... (5 %)
Writing at 0x0001f482... (7 %)
Writing at 0x0002bc0a... (10 %)
Writing at 0x00032273... (13 %)
Writing at 0x000372be... (15 %)
Writing at 0x00041050... (18 %)
Writing at 0x00047041... (21 %)
Writing at 0x0004d690... (23 %)
Writing at 0x00053ac0... (26 %)
Writing at 0x0005948c... (28 %)
Writing at 0x0005f0ea... (31 %)
Writing at 0x00065c60... (34 %)
Writing at 0x0006b923... (36 %)
Writing at 0x000718e1... (39 %)
Writing at 0x00077ab5... (42 %)
Writing at 0x0007dae9... (44 %)
Writing at 0x00083726... (47 %)
Writing at 0x00088c5d... (50 %)
Writing at 0x0008e80e... (52 %)
Writing at 0x00094eda... (55 %)
Writing at 0x0009a96c... (57 %)
Writing at 0x000a0245... (60 %)
Writing at 0x000a5ff1... (63 %)
Writing at 0x000ac5ec... (65 %)
Writing at 0x000b2791... (68 %)
Writing at 0x000b8817... (71 %)
Writing at 0x000be974... (73 %)
Writing at 0x000c459b... (76 %)
Writing at 0x000c9cd0... (78 %)
Writing at 0x000cfbeb... (81 %)
Writing at 0x000d573c... (84 %)
Writing at 0x000dc6b4... (86 %)
Writing at 0x000e3444... (89 %)
Writing at 0x000e9bc6... (92 %)
Writing at 0x000efcf5... (94 %)
Writing at 0x000f6017... (97 %)
Writing at 0x000fc042... (100 %)
Wrote 1044048 bytes (613622 compressed) at 0x00000000 in 19.5 seconds (effective 428.0 kbit/s)...
Hash of data verified.

Leaving...
Hard resetting via RTS pin...
Build:Feb  7 2021
rst:0x1 (POWERON),boot:0xc (SPI_FAST_FLASH_BOOT)
SPIWP:0xee
mode:DIO, clock div:1
load:0x3fcd5820,len:0x1738
load:0x403cc710,len:0xb9c
load:0x403ce710,len:0x2e4c
entry 0x403cc71a
[0;32mI (30) boot: ESP-IDF v5.3 2nd stage bootloader[0m
[0;32mI (30) boot: compile time Nov 12 2024 00:25:20[0m
[0;32mI (30) boot: chip revision: v0.3[0m
[0;32mI (33) boot.esp32c3: SPI Speed      : 80MHz[0m
[0;32mI (38) boot.esp32c3: SPI Mode       : DIO[0m
[0;32mI (43) boot.esp32c3: SPI Flash Size : 2MB[0m
[0;32mI (47) boot: Enabling RNG early entropy source...[0m
[0;32mI (53) boot: Partition Table:[0m
[0;32mI (56) boot: ## Label            Usage          Type ST Offset   Length[0m
[0;32mI (64) boot:  0 nvs              WiFi data        01 02 00009000 00006000[0m
[0;32mI (71) boot:  1 phy_init         RF data          01 01 0000f000 00001000[0m
[0;32mI (78) boot:  2 factory          factory app      00 00 00010000 00100000[0m
[0;32mI (86) boot: End of partition table[0m
[0;32mI (90) esp_image: segment 0: paddr=00010020 vaddr=3c0b0020 size=2d1d4h (184788) map[0m
[0;32mI (127) esp_image: segment 1: paddr=0003d1fc vaddr=3fc92800 size=02e1ch ( 11804) load[0m
[0;32mI (130) esp_image: segment 2: paddr=00040020 vaddr=42000020 size=ac500h (705792) map[0m
[0;32mI (243) esp_image: segment 3: paddr=000ec528 vaddr=3fc9561c size=001b4h (   436) load[0m
[0;32mI (244) esp_image: segment 4: paddr=000ec6e4 vaddr=40380000 size=12740h ( 75584) load[0m
[0;32mI (269) boot: Loaded app from partition at offset 0x10000[0m
[0;32mI (269) boot: Disabling RNG early entropy source...[0m
[0;32mI (281) cpu_start: Unicore app[0m
[0;32mI (290) cpu_start: Pro cpu start user code[0m
[0;32mI (290) cpu_start: cpu freq: 160000000 Hz[0m
[0;32mI (290) app_init: Application information:[0m
[0;32mI (293) app_init: Project name:     settings[0m
[0;32mI (297) app_init: App version:      60395e4-dirty[0m
[0;32mI (303) app_init: Compile time:     Nov 12 2024 00:25:14[0m
[0;32mI (309) app_init: ELF file SHA256:  cf39dbbdf...[0m
[0;32mI (314) app_init: ESP-IDF:          v5.3[0m
[0;32mI (319) efuse_init: Min chip rev:     v0.3[0m
[0;32mI (324) efuse_init: Max chip rev:     v1.99 [0m
[0;32mI (328) efuse_init: Chip rev:         v0.3[0m
[0;32mI (333) heap_init: Initializing. RAM available for dynamic allocation:[0m
[0;32mI (341) heap_init: At 3FC9D5E0 len 00022A20 (138 KiB): RAM[0m
[0;32mI (347) heap_init: At 3FCC0000 len 0001C710 (113 KiB): Retention RAM[0m
[0;32mI (354) heap_init: At 3FCDC710 len 00002950 (10 KiB): Retention RAM[0m
[0;32mI (361) heap_init: At 50000200 len 00001DE8 (7 KiB): RTCRAM[0m
[0;32mI (368) spi_flash: detected chip: generic[0m
[0;32mI (372) spi_flash: flash io: dio[0m
[0;33mW (375) spi_flash: Detected size(4096k) larger than the size in the binary image header(2048k). Using the size in the binary image header.[0m
[0;32mI (389) sleep: Configure to isolate all GPIO pins in sleep state[0m
[0;32mI (395) sleep: Enable automatic switching of GPIO sleep configuration[0m
[0;32mI (403) main_task: Started on CPU0[0m
[0;32mI (413) main_task: Calling app_main()[0m
[0;32mI (413) settings: Start Golioth Device Settings sample[0m
[5n
Type 'help' to get the list of commands.
Use UP/DOWN arrows to navigate through command history.
Press TAB when typing command name to auto-complete.

Your terminal application does not support escape sequences.

Line editing and history features are disabled.

On Windows, try using Putty instead.
esp32> [0;33mW (1923) settings: WiFi and golioth credentials are not set[0m
[0;33mW (1923) settings: Use the shell settings commands to set them, then restart[0m

esp32> 
esp32> 
esp32> 
esp32> settings set wifi/ssid "***JONS_ORANGE_PI_WIFI_SSID***"
Setting wifi/ssid saved
esp32> 
esp32> 
esp32> 
esp32> 
esp32> 
esp32> settings set wifi/psk "***JONS_ORANGE_PI_WIFI_PSK***"
Setting wifi/psk saved
es::add-mask::generated-ggQZhRkhJUnjFcpG
p32> 
esp32> 
esp32> 
esp32> 
esp32> 
esp32> settings set golioth/psk-id "generated-ggQZhRkhJUnjFcpG@firmware_ci"
Setting golioth/psk-id saved
esp32> 
esp32> 
esp32> 
esp32> 
esp32> 
esp32> settings set golioth/psk "generated-ggQZhRkhJUnjFcpG"
Setting golioth/psk saved
esp32> 
esp32> 
esp32> 
esp32> 
esp32> 
esp32> reset
[0;32mI (11233) shell: Resetting[0m
ESP-ROM:esp32c3-api1-20210207
Build:Feb  7 2021
rst:0xc (RTC_SW_CPU_RST),boot:0xc (SPI_FAST_FLASH_BOOT)
Saved PC:0x40380794
SPIWP:0xee
mode:DIO, clock div:1
load:0x3fcd5820,len:0x1738
load:0x403cc710,len:0xb9c
load:0x403ce710,len:0x2e4c
entry 0x403cc71a
[0;32mI (35) boot: ESP-IDF v5.3 2nd stage bootloader[0m
[0;32mI (35) boot: compile time Nov 12 2024 00:25:20[0m
[0;32mI (35) boot: chip revision: v0.3[0m
[0;32mI (38) boot.esp32c3: SPI Speed      : 80MHz[0m
[0;32mI (43) boot.esp32c3: SPI Mode       : DIO[0m
[0;32mI (47) boot.esp32c3: SPI Flash Size : 2MB[0m
[0;32mI (52) boot: Enabling RNG early entropy source...[0m
[0;32mI (58) boot: Partition Table:[0m
[0;32mI (61) boot: ## Label            Usage          Type ST Offset   Length[0m
[0;32mI (68) boot:  0 nvs              WiFi data        01 02 00009000 00006000[0m
[0;32mI (76) boot:  1 phy_init         RF data          01 01 0000f000 00001000[0m
[0;32mI (83) boot:  2 factory          factory app      00 00 00010000 00100000[0m
[0;32mI (91) boot: End of partition table[0m
[0;32mI (95) esp_image: segment 0: paddr=00010020 vaddr=3c0b0020 size=2d1d4h (184788) map[0m
[0;32mI (132) esp_image: segment 1: paddr=0003d1fc vaddr=3fc92800 size=02e1ch ( 11804) load[0m
[0;32mI (135) esp_image: segment 2: paddr=00040020 vaddr=42000020 size=ac500h (705792) map[0m
[0;32mI (248) esp_image: segment 3: paddr=000ec528 vaddr=3fc9561c size=001b4h (   436) load[0m
[0;32mI (249) esp_image: segment 4: paddr=000ec6e4 vaddr=40380000 size=12740h ( 75584) load[0m
[0;32mI (274) boot: Loaded app from partition at offset 0x10000[0m
[0;32mI (274) boot: Disabling RNG early entropy source...[0m
[0;32mI (286) cpu_start: Unicore app[0m
[0;32mI (294) cpu_start: Pro cpu start user code[0m
[0;32mI (294) cpu_start: cpu freq: 160000000 Hz[0m
[0;32mI (295) app_init: Application information:[0m
[0;32mI (297) app_init: Project name:     settings[0m
[0;32mI (302) app_init: App version:      60395e4-dirty[0m
[0;32mI (308) app_init: Compile time:     Nov 12 2024 00:25:14[0m
[0;32mI (314) app_init: ELF file SHA256:  cf39dbbdf...[0m
[0;32mI (319) app_init: ESP-IDF:          v5.3[0m
[0;32mI (324) efuse_init: Min chip rev:     v0.3[0m
[0;32mI (328) efuse_init: Max chip rev:     v1.99 [0m
[0;32mI (333) efuse_init: Chip rev:         v0.3[0m
[0;32mI (338) heap_init: Initializing. RAM available for dynamic allocation:[0m
[0;32mI (345) heap_init: At 3FC9D5E0 len 00022A20 (138 KiB): RAM[0m
[0;32mI (351) heap_init: At 3FCC0000 len 0001C710 (113 KiB): Retention RAM[0m
[0;32mI (358) heap_init: At 3FCDC710 len 00002950 (10 KiB): Retention RAM[0m
[0;32mI (365) heap_init: At 50000200 len 00001DE8 (7 KiB): RTCRAM[0m
[0;32mI (373) spi_flash: detected chip: generic[0m
[0;32mI (376) spi_flash: flash io: dio[0m
[0;33mW (380) spi_flash: Detected size(4096k) larger than the size in the binary image header(2048k). Using the size in the binary image header.[0m
[0;32mI (394) sleep: Configure to isolate all GPIO pins in sleep state[0m
[0;32mI (400) sleep: Enable automatic switching of GPIO sleep configuration[0m
[0;32mI (408) main_task: Started on CPU0[0m
[0;32mI (418) main_task: Calling app_main()[0m
[0;32mI (418) settings: Start Golioth Device Settings sample[0m
[5n
Type 'help' to get the list of commands.
Use UP/DOWN arrows to navigate through command history.
Press TAB when typing command name to auto-complete.

Your terminal application does not support escape sequences.

Line editing and history features are disabled.

On Windows, try using Putty instead.
esp32> [0;32mI (928) pp: pp rom version: 9387209[0m
[0;32mI (948) net80211: net80211 rom version: 9387209[0m
[0;32mI (968) wifi_init: rx ba win: 6[0m
[0;32mI (968) wifi_init: accept mbox: 6[0m
[0;32mI (968) wifi_init: tcpip mbox: 32[0m
[0;32mI (968) wifi_init: udp mbox: 6[0m
[0;32mI (978) wifi_init: tcp mbox: 6[0m
[0;32mI (978) wifi_init: tcp tx win: 5760[0m
[0;32mI (978) wifi_init: tcp rx win: 5760[0m
[0;32mI (988) wifi_init: tcp mss: 1440[0m
[0;32mI (988) wifi_init: WiFi IRAM OP enabled[0m
[0;32mI (998) wifi_init: WiFi RX IRAM OP enabled[0m
[0;32mI (998) phy_init: phy_version 1180,01f2a49,Jun  4 2024,16:34:25[0m
[0;33mW (1008) phy_init: failed to load RF calibration data (0x1102), falling back to full calibration[0m
[0;33mW (1038) phy_init: saving new calibration data because of checksum failure, mode(2)[0m
[0;32mI (2418) esp_netif_handlers: sta ip: 192.168.8.141, mask: 255.255.255.0, gw: 192.168.8.1[0m
[0;32mI (2418) example_wifi: WiFi Connected. Got IP:192.168.8.141[0m
[0;32mI (2428) example_wifi: Connected to AP SSID: ***JONS_ORANGE_PI_WIFI_SSID***[0m
[0;32mI (2428) golioth_mbox: Mbox created, bufsize: 2520, num_items: 20, item_size: 120[0m
[0;33mW (2438) settings: Waiting for connection to Golioth...[0m
[0;32mI (2448) golioth_coap_client_libcoap: Start CoAP session with host: coaps://coap.golioth.io[0m
[0;32mI (2458) golioth_coap_client_libcoap: Session PSK-ID: generated-ggQZhRkhJUnjFcpG@firmware_ci[0m
[0;32mI (2458) libcoap: Setting PSK key
[0m
[0;32mI (2468) golioth_coap_client_libcoap: Entering CoAP I/O loop[0m
[0;32mI (3008) golioth_coap_client_libcoap: Golioth CoAP client connected[0m
[0;32mI (3008) settings: Golioth client connected[0m
[0;32mI (3008) settings: Sending hello! 0[0m
[0;32mI (4028) settings: Setting loop delay to 1 s[0m
[0;31mE (4028) golioth_settings: Failed to send a response to server: -12[0m
[0;32mI (4228) settings: Setting loop delay to 1 s[0m
[0;31mE (4238) golioth_settings: Failed to send a response to server: -12[0m
[0;32mI (4658) settings: Setting loop delay to 5 s[0m
[0;31m