esptool.py v4.9.0
Serial port /dev/serial/by-id/usb-Silicon_Labs_CP2102N_USB_to_UART_Bridge_Controller_6a5ea5870128ee11b6e611d8f49e3369-if00-port0
Connecting....
Detecting chip type... ESP32-S3
Chip is ESP32-S3 (QFN56) (revision v0.2)
Features: WiFi, BLE, Embedded PSRAM 2MB (AP_3v3)
Crystal is 40MHz
MAC: dc:da:0c:61:9f:74
Uploading stub...
Running stub...
Stub running...
Changing baud rate to 460800
Changed.
Configuring flash size...
Erasing flash (this may take a while)...
Chip erase completed successfully in 1.9 seconds.
Compressed 973952 bytes to 604503...
Writing at 0x00000000... (2 %)
Writing at 0x000115d9... (5 %)
Writing at 0x0001e7ca... (8 %)
Writing at 0x0002abf9... (10 %)
Writing at 0x000341d3... (13 %)
Writing at 0x0003d3dc... (16 %)
Writing at 0x000436c5... (18 %)
Writing at 0x00048dcb... (21 %)
Writing at 0x0004eb8e... (24 %)
Writing at 0x000543c3... (27 %)
Writing at 0x0005964d... (29 %)
Writing at 0x0005e95d... (32 %)
Writing at 0x00064445... (35 %)
Writing at 0x00069643... (37 %)
Writing at 0x0006e82f... (40 %)
Writing at 0x00073b8a... (43 %)
Writing at 0x00078cf6... (45 %)
Writing at 0x0007e09e... (48 %)
Writing at 0x00083427... (51 %)
Writing at 0x00088b83... (54 %)
Writing at 0x0008e0a9... (56 %)
Writing at 0x000931f0... (59 %)
Writing at 0x000981ce... (62 %)
Writing at 0x0009d70a... (64 %)
Writing at 0x000a28e7... (67 %)
Writing at 0x000a7aa7... (70 %)
Writing at 0x000acdec... (72 %)
Writing at 0x000b2685... (75 %)
Writing at 0x000b7703... (78 %)
Writing at 0x000bce9b... (81 %)
Writing at 0x000c23be... (83 %)
Writing at 0x000c9b99... (86 %)
Writing at 0x000d0813... (89 %)
Writing at 0x000d7e13... (91 %)
Writing at 0x000dd4f5... (94 %)
Writing at 0x000e2f1e... (97 %)
Writing at 0x000e8d38... (100 %)
Wrote 973952 bytes (604503 compressed) at 0x00000000 in 14.0 seconds (effective 556.2 kbit/s)...
Hash of data verified.

Leaving...
Hard resetting via RTS pin...
Build:Mar 27 2021
rst:0x1 (POWERON),boot:0x8 (SPI_FAST_FLASH_BOOT)
SPIWP:0xee
mode:DIO, clock div:1
load:0x3fce2810,len:0x15a0
load:0x403c8700,len:0x4
load:0x403c8704,len:0xd20
load:0x403cb700,len:0x2f58
entry 0x403c8928
I (27) boot: ESP-IDF v5.4.1 2nd stage bootloader
I (27) boot: compile time Oct  7 2025 14:32:03
I (27) boot: Multicore bootloader
I (27) boot: chip revision: v0.2
I (30) boot: efuse block revision: v1.3
I (33) boot.esp32s3: Boot SPI Speed : 80MHz
I (37) boot.esp32s3: SPI Mode       : DIO
I (41) boot.esp32s3: SPI Flash Size : 4MB
I (45) boot: Enabling RNG early entropy source...
I (49) boot: Partition Table:
I (52) boot: ## Label            Usage          Type ST Offset   Length
I (58) boot:  0 nvs              WiFi data        01 02 00009000 00006000
I (65) boot:  1 phy_init         RF data          01 01 0000f000 00001000
I (71) boot:  2 factory          factory app      00 00 00010000 00100000
I (78) boot: End of partition table
I (81) esp_image: segment 0: paddr=00010020 vaddr=3c0a0020 size=254f0h (152816) map
I (115) esp_image: segment 1: paddr=00035518 vaddr=3fc99400 size=04bc0h ( 19392) load
I (120) esp_image: segment 2: paddr=0003a0e0 vaddr=40374000 size=05f38h ( 24376) load
I (125) esp_image: segment 3: paddr=00040020 vaddr=42000020 size=9e7a0h (649120) map
I (241) esp_image: segment 4: paddr=000de7c8 vaddr=40379f38 size=0f46ch ( 62572) load
I (255) esp_image: segment 5: paddr=000edc3c vaddr=600fe100 size=0001ch (    28) load
I (264) boot: Loaded app from partition at offset 0x10000
I (264) boot: Disabling RNG early entropy source...
I (274) cpu_start: Multicore app
I (283) cpu_start: Pro cpu start user code
I (283) cpu_start: cpu freq: 160000000 Hz
I (283) app_init: Application information:
I (283) app_init: Project name:     test
I (287) app_init: App version:      2376a16-dirty
I (291) app_init: Compile time:     Oct  7 2025 14:31:56
I (296) app_init: ELF file SHA256:  4e7dda648...
I (300) app_init: ESP-IDF:          v5.4.1
I (304) efuse_init: Min chip rev:     v0.0
I (308) efuse_init: Max chip rev:     v0.99 
I (312) efuse_init: Chip rev:         v0.2
I (316) heap_init: Initializing. RAM available for dynamic allocation:
I (322) heap_init: At 3FCA67F8 len 00042F18 (267 KiB): RAM
I (327) heap_init: At 3FCE9710 len 00005724 (21 KiB): RAM
I (332) heap_init: At 3FCF0000 len 00008000 (32 KiB): DRAM
I (338) heap_init: At 600FE11C len 00001ECC (7 KiB): RTCRAM
I (344) spi_flash: detected chip: gd
I (346) spi_flash: flash io: dio
W (349) spi_flash: Detected size(8192k) larger than the size in the binary image header(4096k). Using the size in the binary image header.
I (362) sleep_gpio: Configure to isolate all GPIO pins in sleep state
I (368) sleep_gpio: Enable automatic switching of GPIO sleep configuration
I (375) main_task: Started on CPU0
I (395) main_task: Calling app_main()
[5n
Type 'help' to get the list of commands.
Use UP/DOWN arrows to navigate through command history.
Press TAB when typing command name to auto-complete.

Your terminal application does not support escape sequences.

Line editing and history features are disabled.

On Windows, try using Putty instead.
esp32> W (905) hil_test: WiFi and Golioth credentials are not set. Use the shell settings commands to set them.

esp32> 
esp32> 
esp32> 
esp32> settings set wifi/ssid "***JONS_ORANGE_PI_WIFI_SSID***"
Setting wifi/ssid saved
esp32> 
esp32> 
esp32> 
esp32> 
esp32> 
esp32> settings set wifi/psk "***JONS_ORANGE_PI_WIFI_PSK***"
Setting wifi/psk saved
es::add-mask::generated-TXvsrwZuvdQjMkGT
p32> 
esp32> 
esp32> 
esp32> 
esp32> 
esp32> settings set golioth/psk-id "generated-TXvsrwZuvdQjMkGT@firmware_ci"
Setting golioth/psk-id saved
esp32> 
esp32> 
esp32> 
esp32> 
esp32> 
esp32> settings set golioth/psk "generated-TXvsrwZuvdQjMkGT"
Setting golioth/psk saved
esp32> 
esp32> I (7935) pp: pp rom version: e7ae62f
I (7935) net80211: net80211 rom version: e7ae62f
I (7955) wifi_init: rx ba win: 6
I (7955) wifi_init: accept mbox: 6
I (7955) wifi_init: tcpip mbox: 32
I (7955) wifi_init: udp mbox: 6
I (7955) wifi_init: tcp mbox: 6
I (7965) wifi_init: tcp tx win: 5760
I (7965) wifi_init: tcp rx win: 5760
I (7965) wifi_init: tcp mss: 1440
I (7965) wifi_init: WiFi IRAM OP enabled
I (7985) wifi_init: WiFi RX IRAM OP enabled
I (7985) phy_init: phy_version 700,8582a7fd,Feb 10 2025,20:13:11
W (7985) phy_init: failed to load RF calibration data (0x1102), falling back to full calibration
I (8025) phy_init: Saving new calibration data due to checksum failure or outdated calibration data, mode(2)
I (9625) esp_netif_handlers: sta ip: 192.168.8.168, mask: 255.255.255.0, gw: 192.168.8.1
I (9625) example_wifi: WiFi Connected. Got IP:192.168.8.168
I (9625) example_wifi: Connected to AP SSID: ***JONS_ORANGE_PI_WIFI_SSID***
I (9635) golioth_mbox: Mbox created, bufsize: 2688, num_items: 20, item_size: 128
I (9645) golioth_coap_client_libcoap: Start CoAP session with host: coaps://coap.golioth.io
I (9645) golioth_coap_client_libcoap: Session PSK-ID: generated-TXvsrwZuvdQjMkGT@firmware_ci
I (9665) libcoap: Setting PSK key

I (9675) golioth_coap_client_libcoap: Entering CoAP I/O loop
I (10665) golioth_coap_client_libcoap: Golioth CoAP client connected
I (10875) test_ota: Manifest received
I (10875) test_ota: Manifest successfully decoded
I (10875) test_ota: Manifest doesn't have main or walrus components, skipping this one.
I (13285) test_ota: Manifest received
I (13285) test_ota: Manifest successfully decoded
I (13285) test_ota: Manifest doesn't have main or walrus components, skipping this one.
I (13305) test_ota: Manifest received
I (13305) test_ota: Manifest successfully decoded
I (13305) test_ota: Manifest doesn't have main or walrus components, skipping this one.
I (13325) test_ota: Manifest received
I (13325) test_ota: Manifest successfully decoded
I (13325) test_ota: Manifest doesn't have main or walrus components, skipping this one.
I (13745) test_ota: Manifest received
I (13745) test_ota: Manifest successfully decoded
I (13745) test_ota: Manifest doesn't have main or walrus components, skipping this one.
I (13985) test_ota: Manifest received
I (13985) test_ota: Manifest successfully decoded
I (13985) test_ota: Manifest doesn't have main or walrus components, skipping this one.
I (14485) test_ota: Manifest received
I (14485) test_ota: Manifest successfully decoded
I (14485) test_ota: Found main component
I (14485) test_ota: No absent component found
I (14495) test_ota: component.package: main
I (14495) test_ota: component.version: 1.2.2
I (14505) test_ota: component.size: 16147
I (14505) test_ota: component.hash: 62c035ff42d6c61ad9d1caf9ee3425dae3ef360eb9d145061d3f76092e266018
I (14515) test_ota: component.uri: /.u/c/main@1.2.2
I (14525) test_ota: component.bootloader: default
