esptool.py v4.9.0
Serial port /dev/serial/by-id/usb-Silicon_Labs_CP2102N_USB_to_UART_Bridge_Controller_ee6375f01ce7ec11973dbed05adebb74-if00-port0
Connecting....
Detecting chip type... ESP32-C3
Chip is ESP32-C3 (QFN32) (revision v0.4)
Features: WiFi, BLE, Embedded Flash 4MB (XMC)
Crystal is 40MHz
MAC: ec:da:3b:0d:18:84
Uploading stub...
Running stub...
Stub running...
Changing baud rate to 460800
Changed.
Configuring flash size...
Erasing flash (this may take a while)...
Chip erase completed successfully in 18.2 seconds.
Compressed 1011216 bytes to 593277...
Writing at 0x00000000... (2 %)
Writing at 0x00011bde... (5 %)
Writing at 0x0001e5ec... (8 %)
Writing at 0x0002a5a4... (10 %)
Writing at 0x00033b9e... (13 %)
Writing at 0x0003b69f... (16 %)
Writing at 0x000417f0... (18 %)
Writing at 0x00047a0f... (21 %)
Writing at 0x0004dfd5... (24 %)
Writing at 0x000540af... (27 %)
Writing at 0x00059a82... (29 %)
Writing at 0x0005f647... (32 %)
Writing at 0x00065eb1... (35 %)
Writing at 0x0006ba3f... (37 %)
Writing at 0x00071b5c... (40 %)
Writing at 0x00077950... (43 %)
Writing at 0x0007da7b... (45 %)
Writing at 0x000835d1... (48 %)
Writing at 0x00088c90... (51 %)
Writing at 0x0008e75e... (54 %)
Writing at 0x00094877... (56 %)
Writing at 0x0009a56c... (59 %)
Writing at 0x0009fdbe... (62 %)
Writing at 0x000a5d2b... (64 %)
Writing at 0x000ac48e... (67 %)
Writing at 0x000b2640... (70 %)
Writing at 0x000b871e... (72 %)
Writing at 0x000be96a... (75 %)
Writing at 0x000c42f0... (78 %)
Writing at 0x000c9a11... (81 %)
Writing at 0x000cf7b2... (83 %)
Writing at 0x000d5554... (86 %)
Writing at 0x000dc584... (89 %)
Writing at 0x000e3053... (91 %)
Writing at 0x000e96b7... (94 %)
Writing at 0x000ef8d8... (97 %)
Writing at 0x000f5714... (100 %)
Wrote 1011216 bytes (593277 compressed) at 0x00000000 in 18.7 seconds (effective 433.2 kbit/s)...
Hash of data verified.

Leaving...
Hard resetting via RTS pin...
ESP-ROM:esp32c3-api1-20210207
Build:Feb  7 2021
rst:0x1 (POWERON),boot:0xc (SPI_FAST_FLASH_BOOT)
SPIWP:0xee
mode:DIO, clock div:1
load:0x3fcd5820,len:0x1574
load:0x403cc710,len:0xc30
load:0x403ce710,len:0x2ff0
entry 0x403cc71a
I (30) boot: ESP-IDF v5.4.1 2nd stage bootloader
I (30) boot: compile time Oct  7 2025 14:32:20
I (30) boot: chip revision: v0.4
I (30) boot: efuse block revision: v1.2
I (34) boot.esp32c3: SPI Speed      : 80MHz
I (38) boot.esp32c3: SPI Mode       : DIO
I (41) boot.esp32c3: SPI Flash Size : 4MB
I (45) boot: Enabling RNG early entropy source...
I (50) boot: Partition Table:
I (52) boot: ## Label            Usage          Type ST Offset   Length
I (59) boot:  0 nvs              WiFi data        01 02 00009000 00006000
I (65) boot:  1 phy_init         RF data          01 01 0000f000 00001000
I (72) boot:  2 factory          factory app      00 00 00010000 00100000
I (78) boot: End of partition table
I (81) esp_image: segment 0: paddr=00010020 vaddr=3c0b0020 size=24b88h (150408) map
I (113) esp_image: segment 1: paddr=00034bb0 vaddr=3fc93400 size=03048h ( 12360) load
I (115) esp_image: segment 2: paddr=00037c00 vaddr=40380000 size=08418h ( 33816) load
I (123) esp_image: segment 3: paddr=00040020 vaddr=42000020 size=abe3ch (704060) map
I (236) esp_image: segment 4: paddr=000ebe64 vaddr=40388418 size=0af58h ( 44888) load
I (245) esp_image: segment 5: paddr=000f6dc4 vaddr=50000200 size=0001ch (    28) load
I (251) boot: Loaded app from partition at offset 0x10000
I (251) boot: Disabling RNG early entropy source...
I (263) cpu_start: Unicore app
I (271) cpu_start: Pro cpu start user code
I (271) cpu_start: cpu freq: 160000000 Hz
I (271) app_init: Application information:
I (271) app_init: Project name:     test
I (275) app_init: App version:      2376a16-dirty
I (279) app_init: Compile time:     Oct  7 2025 14:32:14
I (284) app_init: ELF file SHA256:  60dc4e9bf...
I (288) app_init: ESP-IDF:          v5.4.1
I (292) efuse_init: Min chip rev:     v0.3
I (296) efuse_init: Max chip rev:     v1.99 
I (300) efuse_init: Chip rev:         v0.4
I (304) heap_init: Initializing. RAM available for dynamic allocation:
I (310) heap_init: At 3FC9DE10 len 000221F0 (136 KiB): RAM
I (315) heap_init: At 3FCC0000 len 0001C710 (113 KiB): Retention RAM
I (321) heap_init: At 3FCDC710 len 00002950 (10 KiB): Retention RAM
I (327) heap_init: At 5000021C len 00001DCC (7 KiB): RTCRAM
I (333) spi_flash: detected chip: generic
I (336) spi_flash: flash io: dio
I (340) sleep_gpio: Configure to isolate all GPIO pins in sleep state
I (346) sleep_gpio: Enable automatic switching of GPIO sleep configuration
I (352) main_task: Started on CPU0
I (382) main_task: Calling app_main()
[5n
Type 'help' to get the list of commands.
Use UP/DOWN arrows to navigate through command history.
Press TAB when typing command name to auto-complete.

Your terminal application does not support escape sequences.

Line editing and history features are disabled.

On Windows, try using Putty instead.
esp32> W (882) hil_test: WiFi and Golioth credentials are not set. Use the shell settings commands to set them.

esp32> 
esp32> 
esp32> 
esp32> settings set wifi/ssid "***MIKES_ORANGE_PI_WIFI_SSID***"
Setting wifi/ssid saved
esp32> 
esp32> 
esp32> 
esp32> 
esp32> 
esp32> settings set wifi/psk "***MIKES_ORANGE_PI_WIFI_PSK***"
Setting wifi/psk saved
esp32> 
esp32> ::add-mask::generated-XBqrZbypcUNmvTcx

esp32> 
esp32> 
esp32> 
esp32> settings set golioth/psk-id "generated-XBqrZbypcUNmvTcx@firmware_ci"
Setting golioth/psk-id saved
esp32> 
esp32> 
esp32> 
esp32> 
esp32> 
esp32> settings set golioth/psk "generated-XBqrZbypcUNmvTcx"
Setting golioth/psk saved
esp32> 
esp32> I (8902) pp: pp rom version: 9387209
I (8902) net80211: net80211 rom version: 9387209
I (8922) wifi_init: rx ba win: 6
I (8922) wifi_init: accept mbox: 6
I (8922) wifi_init: tcpip mbox: 32
I (8922) wifi_init: udp mbox: 6
I (8922) wifi_init: tcp mbox: 6
I (8932) wifi_init: tcp tx win: 5760
I (8932) wifi_init: tcp rx win: 5760
I (8932) wifi_init: tcp mss: 1440
I (8942) wifi_init: WiFi IRAM OP enabled
I (8942) wifi_init: WiFi RX IRAM OP enabled
I (8942) phy_init: phy_version 1200,2b7123f9,Feb 18 2025,15:22:21
W (8952) phy_init: failed to load RF calibration data (0x1102), falling back to full calibration
I (8982) phy_init: Saving new calibration data due to checksum failure or outdated calibration data, mode(2)
I (14392) esp_netif_handlers: sta ip: 192.168.8.238, mask: 255.255.255.0, gw: 192.168.8.1
I (14392) example_wifi: WiFi Connected. Got IP:192.168.8.238
I (14402) example_wifi: Connected to AP SSID: ***MIKES_ORANGE_PI_WIFI_SSID***
I (14402) golioth_mbox: Mbox created, bufsize: 2688, num_items: 20, item_size: 128
I (14422) golioth_coap_client_libcoap: Start CoAP session with host: coaps://coap.golioth.io
I (14432) golioth_coap_client_libcoap: Session PSK-ID: generated-XBqrZbypcUNmvTcx@firmware_ci
I (14442) libcoap: Setting PSK key

I (14442) golioth_coap_client_libcoap: Entering CoAP I/O loop
I (15752) golioth_coap_client_libcoap: Golioth CoAP client connected
I (15752) test_connect: Golioth client connected
I (16752) test_connect: Stopping client
I (16752) golioth_coap_client_libcoap: Attempting to stop client
I (16772) golioth_coap_client_libcoap: Stopping
I (16782) golioth_coap_client_libcoap: Ending session
I (16782) test_connect: Golioth client disconnected
I (27852) test_connect: Starting client
I (27852) golioth_coap_client_libcoap: Start CoAP session with host: coaps://coap.golioth.io
I (27852) golioth_coap_client_libcoap: Session PSK-ID: generated-XBqrZbypcUNmvTcx@firmware_ci
I (27862) libcoap: Setting PSK key

I (27862) golioth_coap_client_libcoap: Entering CoAP I/O loop
I (29062) golioth_coap_client_libcoap: Golioth CoAP client connected
I (29062) test_connect: Golioth client connected
I (30072) test_connect: Destroying client
I (30072) golioth_coap_client_libcoap: Attempting to stop client
I (31312) golioth_coap_client_libcoap: Stopping
I (31322) golioth_coap_client_libcoap: Ending session
I (31322) test_connect: Golioth client disconnected
I (42372) test_connect: Starting client
I (42372) golioth_mbox: Mbox created, bufsize: 2688, num_items: 20, item_size: 128
I (42372) golioth_coap_client_libcoap: Start CoAP session with host: coaps://coap.golioth.io
I (42382) golioth_coap_client_libcoap: Session PSK-ID: generated-XBqrZbypcUNmvTcx@firmware_ci
I (42392) libcoap: Setting PSK key

I (42402) golioth_coap_client_libcoap: Entering CoAP I/O loop
I (42632) golioth_coap_client_libcoap: Golioth CoAP client connected
