esptool.py v4.8.1
Serial port /dev/serial/by-id/usb-Silicon_Labs_CP2102N_USB_to_UART_Bridge_Controller_ee6375f01ce7ec11973dbed05adebb74-if00-port0
Connecting....
Detecting chip type... ESP32-C3
Chip is ESP32-C3 (QFN32) (revision v0.4)
Features: WiFi, BLE, Embedded Flash 4MB (XMC)
Crystal is 40MHz
MAC: ec:da:3b:0d:18:84
Uploading stub...
Running stub...
Stub running...
Changing baud rate to 460800
Changed.
Configuring flash size...
Erasing flash (this may take a while)...
Chip erase completed successfully in 18.1s
Compressed 1044384 bytes to 613732...
Writing at 0x00000000... (2 %)
Writing at 0x00012155... (5 %)
Writing at 0x0001f4ab... (7 %)
Writing at 0x0002bc3a... (10 %)
Writing at 0x000322c6... (13 %)
Writing at 0x000372fe... (15 %)
Writing at 0x0004106c... (18 %)
Writing at 0x00047065... (21 %)
Writing at 0x0004d6bc... (23 %)
Writing at 0x00053b1d... (26 %)
Writing at 0x000594d4... (28 %)
Writing at 0x0005f132... (31 %)
Writing at 0x00065c7c... (34 %)
Writing at 0x0006b96c... (36 %)
Writing at 0x0007192e... (39 %)
Writing at 0x00077afd... (42 %)
Writing at 0x0007db54... (44 %)
Writing at 0x0008379c... (47 %)
Writing at 0x00088ce2... (50 %)
Writing at 0x0008e89c... (52 %)
Writing at 0x00094f4b... (55 %)
Writing at 0x0009a9c0... (57 %)
Writing at 0x000a02bf... (60 %)
Writing at 0x000a603f... (63 %)
Writing at 0x000ac608... (65 %)
Writing at 0x000b278b... (68 %)
Writing at 0x000b886c... (71 %)
Writing at 0x000be9e3... (73 %)
Writing at 0x000c45f3... (76 %)
Writing at 0x000c9d30... (78 %)
Writing at 0x000cfbba... (81 %)
Writing at 0x000d575d... (84 %)
Writing at 0x000dc6da... (86 %)
Writing at 0x000e348d... (89 %)
Writing at 0x000e9bd9... (92 %)
Writing at 0x000efdaa... (94 %)
Writing at 0x000f60b4... (97 %)
Writing at 0x000fc104... (100 %)
Wrote 1044384 bytes (613732 compressed) at 0x00000000 in 19.3 seconds (effective 432.9 kbit/s)...
Hash of data verified.

Leaving...
Hard resetting via RTS pin...
ESP-ROM:esp32c3-api1-20210207
Build:Feb  7 2021
rst:0x1 (POWERON),boot:0xc (SPI_FAST_FLASH_BOOT)
SPIWP:0xee
mode:DIO, clock div:1
load:0x3fcd5820,len:0x1738
load:0x403cc710,len:0xb9c
load:0x403ce710,len:0x2e4c
entry 0x403cc71a
[0;32mI (30) boot: ESP-IDF v5.3 2nd stage bootloader[0m
[0;32mI (30) boot: compile time Dec  6 2024 01:26:47[0m
[0;32mI (30) boot: chip revision: v0.4[0m
[0;32mI (33) boot.esp32c3: SPI Speed      : 80MHz[0m
[0;32mI (38) boot.esp32c3: SPI Mode       : DIO[0m
[0;32mI (43) boot.esp32c3: SPI Flash Size : 2MB[0m
[0;32mI (47) boot: Enabling RNG early entropy source...[0m
[0;32mI (53) boot: Partition Table:[0m
[0;32mI (56) boot: ## Label            Usage          Type ST Offset   Length[0m
[0;32mI (64) boot:  0 nvs              WiFi data        01 02 00009000 00006000[0m
[0;32mI (71) boot:  1 phy_init         RF data          01 01 0000f000 00001000[0m
[0;32mI (78) boot:  2 factory          factory app      00 00 00010000 00100000[0m
[0;32mI (86) boot: End of partition table[0m
[0;32mI (90) esp_image: segment 0: paddr=00010020 vaddr=3c0b0020 size=2d21ch (184860) map[0m
[0;32mI (127) esp_image: segment 1: paddr=0003d244 vaddr=3fc92800 size=02dd4h ( 11732) load[0m
[0;32mI (130) esp_image: segment 2: paddr=00040020 vaddr=42000020 size=ac604h (706052) map[0m
[0;32mI (243) esp_image: segment 3: paddr=000ec62c vaddr=3fc955d4 size=001fch (   508) load[0m
[0;32mI (244) esp_image: segment 4: paddr=000ec830 vaddr=40380000 size=12740h ( 75584) load[0m
[0;32mI (269) boot: Loaded app from partition at offset 0x10000[0m
[0;32mI (269) boot: Disabling RNG early entropy source...[0m
[0;32mI (281) cpu_start: Unicore app[0m
[0;32mI (289) cpu_start: Pro cpu start user code[0m
[0;32mI (290) cpu_start: cpu freq: 160000000 Hz[0m
[0;32mI (290) app_init: Application information:[0m
[0;32mI (292) app_init: Project name:     settings[0m
[0;32mI (297) app_init: App version:      eca90e2-dirty[0m
[0;32mI (303) app_init: Compile time:     Dec  6 2024 01:26:41[0m
[0;32mI (309) app_init: ELF file SHA256:  746f9fe62...[0m
[0;32mI (314) app_init: ESP-IDF:          v5.3[0m
[0;32mI (319) efuse_init: Min chip rev:     v0.3[0m
[0;32mI (323) efuse_init: Max chip rev:     v1.99 [0m
[0;32mI (328) efuse_init: Chip rev:         v0.4[0m
[0;32mI (333) heap_init: Initializing. RAM available for dynamic allocation:[0m
[0;32mI (341) heap_init: At 3FC9D5F0 len 00022A10 (138 KiB): RAM[0m
[0;32mI (347) heap_init: At 3FCC0000 len 0001C710 (113 KiB): Retention RAM[0m
[0;32mI (354) heap_init: At 3FCDC710 len 00002950 (10 KiB): Retention RAM[0m
[0;32mI (361) heap_init: At 50000200 len 00001DE8 (7 KiB): RTCRAM[0m
[0;32mI (368) spi_flash: detected chip: generic[0m
[0;32mI (371) spi_flash: flash io: dio[0m
[0;33mW (375) spi_flash: Detected size(4096k) larger than the size in the binary image header(2048k). Using the size in the binary image header.[0m
[0;32mI (389) sleep: Configure to isolate all GPIO pins in sleep state[0m
[0;32mI (395) sleep: Enable automatic switching of GPIO sleep configuration[0m
[0;32mI (403) main_task: Started on CPU0[0m
[0;32mI (413) main_task: Calling app_main()[0m
[0;32mI (413) settings: Start Golioth Device Settings sample[0m
[5n
Type 'help' to get the list of commands.
Use UP/DOWN arrows to navigate through command history.
Press TAB when typing command name to auto-complete.

Your terminal application does not support escape sequences.

Line editing and history features are disabled.

On Windows, try using Putty instead.
esp32> [0;33mW (1923) settings: WiFi and golioth credentials are not set[0m
[0;33mW (1923) settings: Use the shell settings commands to set them, then restart[0m

esp32> 
esp32> 
esp32> 
esp32> settings set wifi/ssid "***MIKES_ORANGE_PI_WIFI_SSID***"
Setting wifi/ssid saved
esp32> 
esp32> 
esp32> 
esp32> 
esp32> 
esp32> settings set wifi/psk "***MIKES_ORANGE_PI_WIFI_PSK***"
Setting wifi/psk saved
esp32> 
esp32> ::add-mask::generated-iaXEptkPfRhZptLG

esp32> 
esp32> 
esp32> 
esp32> settings set golioth/psk-id "generated-iaXEptkPfRhZptLG@firmware_ci"
Setting golioth/psk-id saved
esp32> 
esp32> 
esp32> 
esp32> 
esp32> 
esp32> settings set golioth/psk "generated-iaXEptkPfRhZptLG"
Setting golioth/psk saved
esp32> 
esp32> 
esp32> 
esp32> 
esp32> 
esp32> reset
[0;32mI (11613) shell: Resetting[0m
ESP-ROM:esp32c3-api1-20210207
Build:Feb  7 2021
rst:0xc (RTC_SW_CPU_RST),boot:0xc (SPI_FAST_FLASH_BOOT)
Saved PC:0x40380794
SPIWP:0xee
mode:DIO, clock div:1
load:0x3fcd5820,len:0x1738
load:0x403cc710,len:0xb9c
load:0x403ce710,len:0x2e4c
entry 0x403cc71a
[0;32mI (35) boot: ESP-IDF v5.3 2nd stage bootloader[0m
[0;32mI (35) boot: compile time Dec  6 2024 01:26:47[0m
[0;32mI (35) boot: chip revision: v0.4[0m
[0;32mI (38) boot.esp32c3: SPI Speed      : 80MHz[0m
[0;32mI (43) boot.esp32c3: SPI Mode       : DIO[0m
[0;32mI (47) boot.esp32c3: SPI Flash Size : 2MB[0m
[0;32mI (52) boot: Enabling RNG early entropy source...[0m
[0;32mI (58) boot: Partition Table:[0m
[0;32mI (61) boot: ## Label            Usage          Type ST Offset   Length[0m
[0;32mI (68) boot:  0 nvs              WiFi data        01 02 00009000 00006000[0m
[0;32mI (76) boot:  1 phy_init         RF data          01 01 0000f000 00001000[0m
[0;32mI (83) boot:  2 factory          factory app      00 00 00010000 00100000[0m
[0;32mI (91) boot: End of partition table[0m
[0;32mI (95) esp_image: segment 0: paddr=00010020 vaddr=3c0b0020 size=2d21ch (184860) map[0m
[0;32mI (132) esp_image: segment 1: paddr=0003d244 vaddr=3fc92800 size=02dd4h ( 11732) load[0m
[0;32mI (135) esp_image: segment 2: paddr=00040020 vaddr=42000020 size=ac604h (706052) map[0m
[0;32mI (248) esp_image: segment 3: paddr=000ec62c vaddr=3fc955d4 size=001fch (   508) load[0m
[0;32mI (249) esp_image: segment 4: paddr=000ec830 vaddr=40380000 size=12740h ( 75584) load[0m
[0;32mI (274) boot: Loaded app from partition at offset 0x10000[0m
[0;32mI (274) boot: Disabling RNG early entropy source...[0m
[0;32mI (286) cpu_start: Unicore app[0m
[0;32mI (294) cpu_start: Pro cpu start user code[0m
[0;32mI (294) cpu_start: cpu freq: 160000000 Hz[0m
[0;32mI (294) app_init: Application information:[0m
[0;32mI (297) app_init: Project name:     settings[0m
[0;32mI (302) app_init: App version:      eca90e2-dirty[0m
[0;32mI (308) app_init: Compile time:     Dec  6 2024 01:26:41[0m
[0;32mI (314) app_init: ELF file SHA256:  746f9fe62...[0m
[0;32mI (319) app_init: ESP-IDF:          v5.3[0m
[0;32mI (324) efuse_init: Min chip rev:     v0.3[0m
[0;32mI (328) efuse_init: Max chip rev:     v1.99 [0m
[0;32mI (333) efuse_init: Chip rev:         v0.4[0m
[0;32mI (338) heap_init: Initializing. RAM available for dynamic allocation:[0m
[0;32mI (345) heap_init: At 3FC9D5F0 len 00022A10 (138 KiB): RAM[0m
[0;32mI (351) heap_init: At 3FCC0000 len 0001C710 (113 KiB): Retention RAM[0m
[0;32mI (358) heap_init: At 3FCDC710 len 00002950 (10 KiB): Retention RAM[0m
[0;32mI (365) heap_init: At 50000200 len 00001DE8 (7 KiB): RTCRAM[0m
[0;32mI (373) spi_flash: detected chip: generic[0m
[0;32mI (376) spi_flash: flash io: dio[0m
[0;33mW (380) spi_flash: Detected size(4096k) larger than the size in the binary image header(2048k). Using the size in the binary image header.[0m
[0;32mI (394) sleep: Configure to isolate all GPIO pins in sleep state[0m
[0;32mI (400) sleep: Enable automatic switching of GPIO sleep configuration[0m
[0;32mI (407) main_task: Started on CPU0[0m
[0;32mI (417) main_task: Calling app_main()[0m
[0;32mI (417) settings: Start Golioth Device Settings sample[0m
[5n
Type 'help' to get the list of commands.
Use UP/DOWN arrows to navigate through command history.
Press TAB when typing command name to auto-complete.

Your terminal application does not support escape sequences.

Line editing and history features are disabled.

On Windows, try using Putty instead.
esp32> [0;32mI (927) pp: pp rom version: 9387209[0m
[0;32mI (947) net80211: net80211 rom version: 9387209[0m
[0;32mI (967) wifi_init: rx ba win: 6[0m
[0;32mI (967) wifi_init: accept mbox: 6[0m
[0;32mI (967) wifi_init: tcpip mbox: 32[0m
[0;32mI (967) wifi_init: udp mbox: 6[0m
[0;32mI (977) wifi_init: tcp mbox: 6[0m
[0;32mI (977) wifi_init: tcp tx win: 5760[0m
[0;32mI (977) wifi_init: tcp rx win: 5760[0m
[0;32mI (987) wifi_init: tcp mss: 1440[0m
[0;32mI (987) wifi_init: WiFi IRAM OP enabled[0m
[0;32mI (997) wifi_init: WiFi RX IRAM OP enabled[0m
[0;32mI (997) phy_init: phy_version 1180,01f2a49,Jun  4 2024,16:34:25[0m
[0;33mW (1017) phy_init: failed to load RF calibration data (0x1102), falling back to full calibration[0m
[0;33mW (1047) phy_init: saving new calibration data because of checksum failure, mode(2)[0m
[0;32mI (2427) esp_netif_handlers: sta ip: 192.168.8.238, mask: 255.255.255.0, gw: 192.168.8.1[0m
[0;32mI (2427) example_wifi: WiFi Connected. Got IP:192.168.8.238[0m
[0;32mI (2437) example_wifi: Connected to AP SSID: ***MIKES_ORANGE_PI_WIFI_SSID***[0m
[0;32mI (2437) golioth_mbox: Mbox created, bufsize: 2520, num_items: 20, item_size: 120[0m
[0;33mW (2447) settings: Waiting for connection to Golioth...[0m
[0;32mI (2457) golioth_coap_client_libcoap: Start CoAP session with host: coaps://coap.golioth.io[0m
[0;32mI (2467) golioth_coap_client_libcoap: Session PSK-ID: generated-iaXEptkPfRhZptLG@firmware_ci[0m
[0;32mI (2477) libcoap: Setting PSK key
[0m
[0;32mI (2487) golioth_coap_client_libcoap: Entering CoAP I/O loop[0m
[0;32mI (3127) golioth_coap_client_libcoap: Golioth CoAP client connected[0m
[0;32mI (3127) settings: Golioth client connected[0m
[0;32mI (3127) settings: Sending hello! 0[0m
[0;32mI (3927) settings: Setting loop delay to 1 s[0m
[0;31mE (3927) golioth_settings: Failed to send a response to server: -12[0m
[0;32mI (4147) settings: Setting loop delay to 1 s[0m
[0;31mE (4157) golioth_settings: Failed to send a response to server: -12[0m
[0;33mW (6877) golioth_coap_client_libcoap: CoAP message retransmitted[0m
[0;32mI (7227) settings: Setting loop delay to 5 s[0m
[0;31m