esptool.py v4.8.1
Serial port /dev/serial/by-id/usb-Silicon_Labs_CP2102N_USB_to_UART_Bridge_Controller_342e9e0b1d28ee11811d0dd8f49e3369-if00-port0
Connecting....
Detecting chip type... Unsupported detection protocol, switching and trying again...
Connecting....
Detecting chip type... ESP32
Chip is ESP32-D0WD-V3 (revision v3.1)
Features: WiFi, BT, Dual Core, 240MHz, VRef calibration in efuse, Coding Scheme None
Crystal is 40MHz
MAC: a0:a3:b3:2d:0a:ac
Uploading stub...
Running stub...
Stub running...
Changing baud rate to 460800
Changed.
Configuring flash size...
Erasing flash (this may take a while)...
Chip erase completed successfully in 17.1s
Compressed 970224 bytes to 609791...
Writing at 0x00000000... (2 %)
Writing at 0x000074b6... (5 %)
Writing at 0x0001c116... (7 %)
Writing at 0x00028dd4... (10 %)
Writing at 0x00031603... (13 %)
Writing at 0x0003af4b... (15 %)
Writing at 0x000405dc... (18 %)
Writing at 0x00045f27... (21 %)
Writing at 0x0004b6ce... (23 %)
Writing at 0x00050b0a... (26 %)
Writing at 0x00055cc0... (28 %)
Writing at 0x0005b187... (31 %)
Writing at 0x00060863... (34 %)
Writing at 0x00065953... (36 %)
Writing at 0x0006acc2... (39 %)
Writing at 0x0006fe5a... (42 %)
Writing at 0x0007517c... (44 %)
Writing at 0x0007a297... (47 %)
Writing at 0x0007f92c... (50 %)
Writing at 0x00085121... (52 %)
Writing at 0x0008ac56... (55 %)
Writing at 0x0008fed5... (57 %)
Writing at 0x00095107... (60 %)
Writing at 0x0009a81e... (63 %)
Writing at 0x0009fef6... (65 %)
Writing at 0x000a5205... (68 %)
Writing at 0x000aa99f... (71 %)
Writing at 0x000b02bd... (73 %)
Writing at 0x000b53a1... (76 %)
Writing at 0x000ba7fa... (78 %)
Writing at 0x000c011b... (81 %)
Writing at 0x000c7940... (84 %)
Writing at 0x000cdef1... (86 %)
Writing at 0x000d5773... (89 %)
Writing at 0x000daebc... (92 %)
Writing at 0x000e096d... (94 %)
Writing at 0x000e6555... (97 %)
Writing at 0x000eb7f3... (100 %)
Wrote 970224 bytes (609791 compressed) at 0x00000000 in 16.1 seconds (effective 480.7 kbit/s)...
Hash of data verified.

Leaving...
Hard resetting via RTS pin...
xxxxxxxxxx 2019 12:21:46

rst:0x1 (POWERON_RESET),boot:0x13 (SPI_FAST_FLASH_BOOT)
configsip: 0, SPIWP:0xee
clk_drv:0x00,q_drv:0x00,d_drv:0x00,cs0_drv:0x00,hd_drv:0x00,wp_drv:0x00
mode:DIO, clock div:2
load:0x3fff0030,len:6276
load:0x40078000,len:15716
load:0x40080400,len:4
ho 8 tail 4 room 4
load:0x40080404,len:3860
entry 0x4008063c
I (31) boot: ESP-IDF v5.4 2nd stage bootloader
I (31) boot: compile time Jan 20 2025 00:15:27
I (31) boot: Multicore bootloader
I (32) boot: chip revision: v3.1
I (35) boot.esp32: SPI Speed      : 40MHz
I (39) boot.esp32: SPI Mode       : DIO
I (42) boot.esp32: SPI Flash Size : 2MB
I (46) boot: Enabling RNG early entropy source...
I (50) boot: Partition Table:
I (53) boot: ## Label            Usage          Type ST Offset   Length
I (59) boot:  0 nvs              WiFi data        01 02 00009000 00006000
I (66) boot:  1 phy_init         RF data          01 01 0000f000 00001000
I (72) boot:  2 factory          factory app      00 00 00010000 00100000
I (79) boot: End of partition table
I (82) esp_image: segment 0: paddr=00010020 vaddr=3f400020 size=24400h (148480) map
I (140) esp_image: segment 1: paddr=00034428 vaddr=3ff80000 size=0001ch (    28) load
I (141) esp_image: segment 2: paddr=0003444c vaddr=3ffb0000 size=04120h ( 16672) load
I (150) esp_image: segment 3: paddr=00038574 vaddr=40080000 size=07aa4h ( 31396) load
I (164) esp_image: segment 4: paddr=00040020 vaddr=400d0020 size=9d8d8h (645336) map
I (385) esp_image: segment 5: paddr=000dd900 vaddr=40087aa4 size=0f4c0h ( 62656) load
I (420) boot: Loaded app from partition at offset 0x10000
I (420) boot: Disabling RNG early entropy source...
I (431) cpu_start: Multicore app
I (439) cpu_start: Pro cpu start user code
I (439) cpu_start: cpu freq: 160000000 Hz
I (439) app_init: Application information:
I (439) app_init: Project name:     hello
I (443) app_init: App version:      ff15911-dirty
I (447) app_init: Compile time:     Jan 20 2025 00:15:21
I (452) app_init: ELF file SHA256:  3432755c5...
I (457) app_init: ESP-IDF:          v5.4
I (460) efuse_init: Min chip rev:     v0.0
I (464) efuse_init: Max chip rev:     v3.99 
I (468) efuse_init: Chip rev:         v3.1
I (472) heap_init: Initializing. RAM available for dynamic allocation:
I (478) heap_init: At 3FFAE6E0 len 00001920 (6 KiB): DRAM
I (483) heap_init: At 3FFBBB20 len 000244E0 (145 KiB): DRAM
I (489) heap_init: At 3FFE0440 len 00003AE0 (14 KiB): D/IRAM
I (494) heap_init: At 3FFE4350 len 0001BCB0 (111 KiB): D/IRAM
I (500) heap_init: At 40096F64 len 0000909C (36 KiB): IRAM
I (506) spi_flash: detected chip: generic
I (508) spi_flash: flash io: dio
W (511) spi_flash: Detected size(4096k) larger than the size in the binary image header(2048k). Using the size in the binary image header.
I (525) main_task: Started on CPU0
I (535) main_task: Calling app_main()
[5n
Type 'help' to get the list of commands.
Use UP/DOWN arrows to navigate through command history.
Press TAB when typing command name to auto-complete.

Your terminal application does not support escape sequences.

Line editing and history features are disabled.

On Windows, try using Putty instead.
esp32> W (1045) hello: WiFi credentials are not set. Use the shell settings commands to set them.

esp32> 
esp32> 
esp32> 
esp32> settings set wifi/ssid "***TIMS_ORANGE_PI_WIFI_SSID***"
Setting wifi/ssid saved
esp32> 
esp32> 
esp32> 
esp32> 
esp32> 
esp32> settings set wifi/psk "***TIMS_ORANGE_PI_WIFI_PSK***"
Setting wifi/psk saved
esp32> 
es::add-mask::generated-QUGMQfWbCWWRBKUv
p32> 
esp32> 
esp32> 
esp32> 
esp32> settings set golioth/psk-id "generated-QUGMQfWbCWWRBKUv@firmware_ci"
Setting golioth/psk-id saved
esp32> 
esp32> 
esp32> 
esp32> 
esp32> 
esp32> settings set golioth/psk "generated-QUGMQfWbCWWRBKUv"
Setting golioth/psk saved
esp32> 
esp32> I (8095) wifi_init: rx ba win: 6
I (8095) wifi_init: accept mbox: 6
I (8095) wifi_init: tcpip mbox: 32
I (8095) wifi_init: udp mbox: 6
I (8095) wifi_init: tcp mbox: 6
I (8115) wifi_init: tcp tx win: 5760
I (8115) wifi_init: tcp rx win: 5760
I (8115) wifi_init: tcp mss: 1440
I (8115) wifi_init: WiFi IRAM OP enabled
I (8125) wifi_init: WiFi RX IRAM OP enabled
I (8125) phy_init: phy_version 4840,02e0d70,Sep  2 2024,19:39:07
W (8125) phy_init: failed to load RF calibration data (0x1102), falling back to full calibration
W (8205) phy_init: saving new calibration data because of checksum failure, mode(2)
I (9705) esp_netif_handlers: sta ip: 192.168.8.131, mask: 255.255.255.0, gw: 192.168.8.1
I (9705) example_wifi: WiFi Connected. Got IP:192.168.8.131
I (9705) example_wifi: Connected to AP SSID: ***TIMS_ORANGE_PI_WIFI_SSID***
I (9715) golioth_mbox: Mbox created, bufsize: 2520, num_items: 20, item_size: 120
W (9725) hello: Waiting for connection to Golioth...
I (9775) golioth_coap_client_libcoap: Start CoAP session with host: coaps://coap.golioth.io
I (9775) golioth_coap_client_libcoap: Session PSK-ID: generated-QUGMQfWbCWWRBKUv@firmware_ci
I (9795) libcoap: Setting PSK key

I (9805) golioth_coap_client_libcoap: Entering CoAP I/O loop
I (10075) golioth_coap_client_libcoap: Golioth CoAP client connected
I (10085) hello: Golioth client connected
I (10085) hello: Sending hello! 0
I (15085) hello: Sending hello! 1
I (20085) hello: Sending hello! 2
I (25085) hello: Sending hello! 3
