esptool.py v4.9.0
Serial port /dev/serial/by-id/usb-Silicon_Labs_CP2102N_USB_to_UART_Bridge_Controller_08bd8600facfec119c501d2686bdcd52-if00-port0
Connecting....
Detecting chip type... ESP32-S3
Chip is ESP32-S3 (QFN56) (revision v0.1)
Features: WiFi, BLE, Embedded PSRAM 8MB (AP_3v3)
Crystal is 40MHz
MAC: 34:85:18:6d:04:5c
Uploading stub...
Running stub...
Stub running...
Changing baud rate to 460800
Changed.
Configuring flash size...
Erasing flash (this may take a while)...
Chip erase completed successfully in 0.6 seconds.
Compressed 958368 bytes to 596412...
Writing at 0x00000000... (2 %)
Writing at 0x000115dd... (5 %)
Writing at 0x0001e4af... (8 %)
Writing at 0x0002a1e3... (10 %)
Writing at 0x000338ff... (13 %)
Writing at 0x0003c73e... (16 %)
Writing at 0x00042827... (18 %)
Writing at 0x00048123... (21 %)
Writing at 0x0004dd67... (24 %)
Writing at 0x00053473... (27 %)
Writing at 0x000586db... (29 %)
Writing at 0x0005db2d... (32 %)
Writing at 0x000634d1... (35 %)
Writing at 0x0006852c... (37 %)
Writing at 0x0006d8dd... (40 %)
Writing at 0x00072b0a... (43 %)
Writing at 0x00077d99... (45 %)
Writing at 0x0007cf06... (48 %)
Writing at 0x000825dd... (51 %)
Writing at 0x00087af7... (54 %)
Writing at 0x0008d121... (56 %)
Writing at 0x000920a4... (59 %)
Writing at 0x00097127... (62 %)
Writing at 0x0009c718... (64 %)
Writing at 0x000a1911... (67 %)
Writing at 0x000a6afe... (70 %)
Writing at 0x000ac2fe... (72 %)
Writing at 0x000b15fb... (75 %)
Writing at 0x000b66e6... (78 %)
Writing at 0x000bbd2a... (81 %)
Writing at 0x000c2036... (83 %)
Writing at 0x000c8ad1... (86 %)
Writing at 0x000d0a88... (89 %)
Writing at 0x000d6f6d... (91 %)
Writing at 0x000dc713... (94 %)
Writing at 0x000e25b8... (97 %)
Writing at 0x000e785d... (100 %)
Wrote 958368 bytes (596412 compressed) at 0x00000000 in 13.9 seconds (effective 551.9 kbit/s)...
Hash of data verified.

Leaving...
Hard resetting via RTS pin...
ESP-ROM:esp32s3-20210327
Build:Mar 27 2021
rst:0x1 (POWERON),boot:0x8 (SPI_FAST_FLASH_BOOT)
SPIWP:0xee
mode:DIO, clock div:1
load:0x3fce2810,len:0x15a0
load:0x403c8700,len:0x4
load:0x403c8704,len:0xd20
load:0x403cb700,len:0x2f58
entry 0x403c8928
I (27) boot: ESP-IDF v5.4.1 2nd stage bootloader
I (27) boot: compile time Sep 28 2025 00:04:03
I (27) boot: Multicore bootloader
I (27) boot: chip revision: v0.1
I (30) boot: efuse block revision: v1.2
I (33) boot.esp32s3: Boot SPI Speed : 80MHz
I (37) boot.esp32s3: SPI Mode       : DIO
I (41) boot.esp32s3: SPI Flash Size : 4MB
I (45) boot: Enabling RNG early entropy source...
I (49) boot: Partition Table:
I (52) boot: ## Label            Usage          Type ST Offset   Length
I (58) boot:  0 nvs              WiFi data        01 02 00009000 00006000
I (65) boot:  1 phy_init         RF data          01 01 0000f000 00001000
I (71) boot:  2 factory          factory app      00 00 00010000 00100000
I (78) boot: End of partition table
I (81) esp_image: segment 0: paddr=00010020 vaddr=3c0a0020 size=24160h (147808) map
I (115) esp_image: segment 1: paddr=00034188 vaddr=3fc99400 size=04bc0h ( 19392) load
I (119) esp_image: segment 2: paddr=00038d50 vaddr=40374000 size=072c8h ( 29384) load
I (125) esp_image: segment 3: paddr=00040020 vaddr=42000020 size=9be4ch (638540) map
I (238) esp_image: segment 4: paddr=000dbe74 vaddr=4037b2c8 size=0e0dch ( 57564) load
I (251) esp_image: segment 5: paddr=000e9f58 vaddr=600fe100 size=0001ch (    28) load
I (260) boot: Loaded app from partition at offset 0x10000
I (260) boot: Disabling RNG early entropy source...
I (270) cpu_start: Multicore app
I (279) cpu_start: Pro cpu start user code
I (279) cpu_start: cpu freq: 160000000 Hz
I (279) app_init: Application information:
I (279) app_init: Project name:     test
I (283) app_init: App version:      1fc16f4-dirty
I (287) app_init: Compile time:     Sep 28 2025 00:03:57
I (292) app_init: ELF file SHA256:  6cb781c82...
I (297) app_init: ESP-IDF:          v5.4.1
I (301) efuse_init: Min chip rev:     v0.0
I (304) efuse_init: Max chip rev:     v0.99 
I (308) efuse_init: Chip rev:         v0.1
I (312) heap_init: Initializing. RAM available for dynamic allocation:
I (319) heap_init: At 3FCA5330 len 000443E0 (272 KiB): RAM
I (324) heap_init: At 3FCE9710 len 00005724 (21 KiB): RAM
I (329) heap_init: At 3FCF0000 len 00008000 (32 KiB): DRAM
I (334) heap_init: At 600FE11C len 00001ECC (7 KiB): RTCRAM
I (340) spi_flash: detected chip: gd
I (343) spi_flash: flash io: dio
W (346) spi_flash: Detected size(8192k) larger than the size in the binary image header(4096k). Using the size in the binary image header.
I (358) sleep_gpio: Configure to isolate all GPIO pins in sleep state
I (364) sleep_gpio: Enable automatic switching of GPIO sleep configuration
I (371) main_task: Started on CPU0
I (391) main_task: Calling app_main()
[5n
Type 'help' to get the list of commands.
Use UP/DOWN arrows to navigate through command history.
Press TAB when typing command name to auto-complete.

Your terminal application does not support escape sequences.

Line editing and history features are disabled.

On Windows, try using Putty instead.
esp32> W (901) hil_test: WiFi and Golioth credentials are not set. Use the shell settings commands to set them.

esp32> 
esp32> 
esp32> 
esp32> settings set wifi/ssid "***MIKES_ORANGE_PI_WIFI_SSID***"
Setting wifi/ssid saved
esp32> 
esp32> 
esp32> 
esp32> 
esp32> 
esp32> settings set wifi/psk "***MIKES_ORANGE_PI_WIFI_PSK***"
Setting wifi/psk saved
esp32> 
esp32> ::add-mask::generated-VVgeMFIGpeTAGYrJ

esp32> 
esp32> 
esp32> 
esp32> settings set golioth/psk-id "generated-VVgeMFIGpeTAGYrJ@firmware_ci"
Setting golioth/psk-id saved
esp32> 
esp32> 
esp32> 
esp32> 
esp32> 
esp32> settings set golioth/psk "generated-VVgeMFIGpeTAGYrJ"
Setting golioth/psk saved
esp32> 
esp32> I (8931) pp: pp rom version: e7ae62f
I (8931) net80211: net80211 rom version: e7ae62f
I (8951) wifi_init: rx ba win: 6
I (8951) wifi_init: accept mbox: 6
I (8951) wifi_init: tcpip mbox: 32
I (8951) wifi_init: udp mbox: 6
I (8951) wifi_init: tcp mbox: 6
I (8961) wifi_init: tcp tx win: 5760
I (8961) wifi_init: tcp rx win: 5760
I (8961) wifi_init: tcp mss: 1440
I (8961) wifi_init: WiFi IRAM OP enabled
I (8981) wifi_init: WiFi RX IRAM OP enabled
I (8981) phy_init: phy_version 700,8582a7fd,Feb 10 2025,20:13:11
W (8981) phy_init: failed to load RF calibration data (0x1102), falling back to full calibration
I (9021) phy_init: Saving new calibration data due to checksum failure or outdated calibration data, mode(2)
I (14561) esp_netif_handlers: sta ip: 192.168.8.234, mask: 255.255.255.0, gw: 192.168.8.1
I (14561) example_wifi: WiFi Connected. Got IP:192.168.8.234
I (14561) example_wifi: Connected to AP SSID: ***MIKES_ORANGE_PI_WIFI_SSID***
I (14571) golioth_mbox: Mbox created, bufsize: 2688, num_items: 20, item_size: 128
I (14591) golioth_coap_client_libcoap: Start CoAP session with host: coaps://coap.golioth.io
I (14591) golioth_coap_client_libcoap: Session PSK-ID: generated-VVgeMFIGpeTAGYrJ@firmware_ci
I (14611) libcoap: Setting PSK key

I (14611) golioth_coap_client_libcoap: Entering CoAP I/O loop
E (24631) golioth_coap_client_libcoap: Receive timeout
E (24631) golioth_coap_client_libcoap: DTLS handshake failed. Maybe your PSK-ID or PSK is incorrect?
I (24641) golioth_coap_client_libcoap: Ending session
E (24641) golioth_coap_client_libcoap: Received nack reason: COAP_NACK_TLS_FAILED
I (25651) golioth_coap_client_libcoap: Start CoAP session with host: coaps://coap.golioth.io
I (25651) golioth_coap_client_libcoap: Session PSK-ID: generated-VVgeMFIGpeTAGYrJ@firmware_ci
I (25671) libcoap: Setting PSK key

I (25671) golioth_coap_client_libcoap: Entering CoAP I/O loop
I (26971) golioth_coap_client_libcoap: Golioth CoAP client connected
I (26971) test_connect: Golioth client connected
I (27971) test_connect: Stopping client
I (27971) golioth_coap_client_libcoap: Attempting to stop client
I (28401) golioth_coap_client_libcoap: Stopping
I (28401) golioth_coap_client_libcoap: Ending session
I (28401) test_connect: Golioth client disconnected
I (39471) test_connect: Starting client
I (39471) golioth_coap_client_libcoap: Start CoAP session with host: coaps://coap.golioth.io
I (39471) golioth_coap_client_libcoap: Session PSK-ID: generated-VVgeMFIGpeTAGYrJ@firmware_ci
I (39481) libcoap: Setting PSK key

I (39491) golioth_coap_client_libcoap: Entering CoAP I/O loop
I (40131) golioth_coap_client_libcoap: Golioth CoAP client connected
I (40131) test_connect: Golioth client connected
I (41141) test_connect: Destroying client
I (41141) golioth_coap_client_libcoap: Attempting to stop client
I (41311) golioth_coap_client_libcoap: Stopping
I (41311) golioth_coap_client_libcoap: Ending session
I (41311) test_connect: Golioth client disconnected
I (52341) test_connect: Starting client
I (52341) golioth_mbox: Mbox created, bufsize: 2688, num_items: 20, item_size: 128
I (52341) golioth_coap_client_libcoap: Start CoAP session with host: coaps://coap.golioth.io
I (52351) golioth_coap_client_libcoap: Session PSK-ID: generated-VVgeMFIGpeTAGYrJ@firmware_ci
I (52371) libcoap: Setting PSK key

I (52371) golioth_coap_client_libcoap: Entering CoAP I/O loop
I (54161) golioth_coap_client_libcoap: Golioth CoAP client connected
