esptool.py v4.8.1
Serial port /dev/serial/by-id/usb-Silicon_Labs_CP2102N_USB_to_UART_Bridge_Controller_6a5ea5870128ee11b6e611d8f49e3369-if00-port0
Connecting....
Detecting chip type... ESP32-S3
Chip is ESP32-S3 (QFN56) (revision v0.2)
Features: WiFi, BLE, Embedded PSRAM 2MB (AP_3v3)
Crystal is 40MHz
MAC: dc:da:0c:61:9f:74
Uploading stub...
Running stub...
Stub running...
Changing baud rate to 460800
Changed.
Configuring flash size...
Erasing flash (this may take a while)...
Chip erase completed successfully in 2.0s
Compressed 961536 bytes to 597033...
Writing at 0x00000000... (2 %)
Writing at 0x00011723... (5 %)
Writing at 0x0001e557... (8 %)
Writing at 0x0002a68c... (10 %)
Writing at 0x00033e70... (13 %)
Writing at 0x0003ce37... (16 %)
Writing at 0x00042f7c... (18 %)
Writing at 0x000486f0... (21 %)
Writing at 0x0004e3b0... (24 %)
Writing at 0x0005398d... (27 %)
Writing at 0x00058c6f... (29 %)
Writing at 0x0005e03f... (32 %)
Writing at 0x00063c2a... (35 %)
Writing at 0x00068d23... (37 %)
Writing at 0x0006e077... (40 %)
Writing at 0x000732e2... (43 %)
Writing at 0x000785a7... (45 %)
Writing at 0x0007d6ea... (48 %)
Writing at 0x00082e1e... (51 %)
Writing at 0x000882b1... (54 %)
Writing at 0x0008d8f2... (56 %)
Writing at 0x0009286d... (59 %)
Writing at 0x000978ff... (62 %)
Writing at 0x0009ce6b... (64 %)
Writing at 0x000a20bd... (67 %)
Writing at 0x000a72fd... (70 %)
Writing at 0x000acb08... (72 %)
Writing at 0x000b1de6... (75 %)
Writing at 0x000b6f3d... (78 %)
Writing at 0x000bc536... (81 %)
Writing at 0x000c287d... (83 %)
Writing at 0x000c92a5... (86 %)
Writing at 0x000d12c0... (89 %)
Writing at 0x000d777d... (91 %)
Writing at 0x000dd0e8... (94 %)
Writing at 0x000e2d62... (97 %)
Writing at 0x000e8170... (100 %)
Wrote 961536 bytes (597033 compressed) at 0x00000000 in 13.7 seconds (effective 562.7 kbit/s)...
Hash of data verified.

Leaving...
Hard resetting via RTS pin...
Build:Mar 27 2021
rst:0x1 (POWERON),boot:0x8 (SPI_FAST_FLASH_BOOT)
SPIWP:0xee
mode:DIO, clock div:1
load:0x3fce2810,len:0x15a0
load:0x403c8700,len:0x4
load:0x403c8704,len:0xd20
load:0x403cb700,len:0x2ee4
entry 0x403c8928
I (27) boot: ESP-IDF v5.4 2nd stage bootloader
I (27) boot: compile time Jan 15 2025 19:14:12
I (27) boot: Multicore bootloader
I (27) boot: chip revision: v0.2
I (30) boot: efuse block revision: v1.3
I (33) boot.esp32s3: Boot SPI Speed : 80MHz
I (37) boot.esp32s3: SPI Mode       : DIO
I (41) boot.esp32s3: SPI Flash Size : 2MB
I (45) boot: Enabling RNG early entropy source...
I (49) boot: Partition Table:
I (52) boot: ## Label            Usage          Type ST Offset   Length
I (58) boot:  0 nvs              WiFi data        01 02 00009000 00006000
I (65) boot:  1 phy_init         RF data          01 01 0000f000 00001000
I (71) boot:  2 factory          factory app      00 00 00010000 00100000
I (78) boot: End of partition table
I (81) esp_image: segment 0: paddr=00010020 vaddr=3c0a0020 size=24ad4h (150228) map
I (115) esp_image: segment 1: paddr=00034afc vaddr=3fc99200 size=04b54h ( 19284) load
I (119) esp_image: segment 2: paddr=00039658 vaddr=40374000 size=069c0h ( 27072) load
I (125) esp_image: segment 3: paddr=00040020 vaddr=42000020 size=9c398h (639896) map
I (239) esp_image: segment 4: paddr=000dc3c0 vaddr=4037a9c0 size=0e7ech ( 59372) load
I (252) esp_image: segment 5: paddr=000eabb4 vaddr=600fe100 size=0001ch (    28) load
I (261) boot: Loaded app from partition at offset 0x10000
I (261) boot: Disabling RNG early entropy source...
I (271) cpu_start: Multicore app
I (280) cpu_start: Pro cpu start user code
I (280) cpu_start: cpu freq: 160000000 Hz
I (280) app_init: Application information:
I (280) app_init: Project name:     hello
I (283) app_init: App version:      3993275-dirty
I (288) app_init: Compile time:     Jan 15 2025 19:14:06
I (293) app_init: ELF file SHA256:  a3087056e...
I (297) app_init: ESP-IDF:          v5.4
I (301) efuse_init: Min chip rev:     v0.0
I (305) efuse_init: Max chip rev:     v0.99 
I (309) efuse_init: Chip rev:         v0.2
I (313) heap_init: Initializing. RAM available for dynamic allocation:
I (319) heap_init: At 3FCA5118 len 000445F8 (273 KiB): RAM
I (324) heap_init: At 3FCE9710 len 00005724 (21 KiB): RAM
I (329) heap_init: At 3FCF0000 len 00008000 (32 KiB): DRAM
I (334) heap_init: At 600FE11C len 00001ECC (7 KiB): RTCRAM
I (341) spi_flash: detected chip: gd
I (343) spi_flash: flash io: dio
W (346) spi_flash: Detected size(8192k) larger than the size in the binary image header(2048k). Using the size in the binary image header.
I (358) sleep_gpio: Configure to isolate all GPIO pins in sleep state
I (364) sleep_gpio: Enable automatic switching of GPIO sleep configuration
I (371) main_task: Started on CPU0
I (391) main_task: Calling app_main()
[5n
Type 'help' to get the list of commands.
Use UP/DOWN arrows to navigate through command history.
Press TAB when typing command name to auto-complete.

Your terminal application does not support escape sequences.

Line editing and history features are disabled.

On Windows, try using Putty instead.
esp32> W (901) hello: WiFi credentials are not set. Use the shell settings commands to set them.

esp32> 
esp32> 
esp32> 
esp32> settings set wifi/ssid "***JONS_ORANGE_PI_WIFI_SSID***"
Setting wifi/ssid saved
esp32> 
esp32> 
esp32> 
esp32> 
esp32> 
esp32> settings set wifi/psk "***JONS_ORANGE_PI_WIFI_PSK***"
Setting wifi/psk saved
es::add-mask::generated-geNYqTQqFpSEMVCp
p32> 
esp32> 
esp32> 
esp32> 
esp32> 
esp32> settings set golioth/psk-id "generated-geNYqTQqFpSEMVCp@firmware_ci"
Setting golioth/psk-id saved
esp32> 
esp32> 
esp32> 
esp32> 
esp32> 
esp32> settings set golioth/psk "generated-geNYqTQqFpSEMVCp"
Setting golioth/psk saved
esp32> 
esp32> I (8931) pp: pp rom version: e7ae62f
I (8931) net80211: net80211 rom version: e7ae62f
I (8951) wifi_init: rx ba win: 6
I (8951) wifi_init: accept mbox: 6
I (8951) wifi_init: tcpip mbox: 32
I (8951) wifi_init: udp mbox: 6
I (8951) wifi_init: tcp mbox: 6
I (8961) wifi_init: tcp tx win: 5760
I (8961) wifi_init: tcp rx win: 5760
I (8961) wifi_init: tcp mss: 1440
I (8961) wifi_init: WiFi IRAM OP enabled
I (8981) wifi_init: WiFi RX IRAM OP enabled
I (8981) phy_init: phy_version 680,a6008b2,Jun  4 2024,16:41:10
W (8981) phy_init: failed to load RF calibration data (0x1102), falling back to full calibration
W (9021) phy_init: saving new calibration data because of checksum failure, mode(2)
I (10611) esp_netif_handlers: sta ip: 192.168.8.168, mask: 255.255.255.0, gw: 192.168.8.1
I (10611) example_wifi: WiFi Connected. Got IP:192.168.8.168
I (10611) example_wifi: Connected to AP SSID: ***JONS_ORANGE_PI_WIFI_SSID***
I (10621) golioth_mbox: Mbox created, bufsize: 2520, num_items: 20, item_size: 120
W (10621) hello: Waiting for connection to Golioth...
I (10631) golioth_coap_client_libcoap: Start CoAP session with host: coaps://coap.golioth.io
I (10641) golioth_coap_client_libcoap: Session PSK-ID: generated-geNYqTQqFpSEMVCp@firmware_ci
I (10651) libcoap: Setting PSK key

I (10651) golioth_coap_client_libcoap: Entering CoAP I/O loop
I (10991) golioth_coap_client_libcoap: Golioth CoAP client connected
I (10991) hello: Golioth client connected
I (10991) hello: Sending hello! 0
I (15991) hello: Sending hello! 1
I (20991) hello: Sending hello! 2
I (25991) hello: Sending hello! 3
