esptool.py v4.8.1
Serial port /dev/serial/by-id/usb-Silicon_Labs_CP2102N_USB_to_UART_Bridge_Controller_6a5ea5870128ee11b6e611d8f49e3369-if00-port0
Connecting....
Detecting chip type... ESP32-S3
Chip is ESP32-S3 (QFN56) (revision v0.2)
Features: WiFi, BLE, Embedded PSRAM 2MB (AP_3v3)
Crystal is 40MHz
MAC: dc:da:0c:61:9f:74
Uploading stub...
Running stub...
Stub running...
Changing baud rate to 460800
Changed.
Configuring flash size...
Erasing flash (this may take a while)...
Chip erase completed successfully in 2.0s
Compressed 994208 bytes to 616677...
Writing at 0x00000000... (2 %)
Writing at 0x00011be3... (5 %)
Writing at 0x0001f281... (7 %)
Writing at 0x0002b8d9... (10 %)
Writing at 0x00031f38... (13 %)
Writing at 0x0003759c... (15 %)
Writing at 0x00042032... (18 %)
Writing at 0x000479a2... (21 %)
Writing at 0x0004d52e... (23 %)
Writing at 0x00052c96... (26 %)
Writing at 0x00057e56... (28 %)
Writing at 0x0005d247... (31 %)
Writing at 0x000630ae... (34 %)
Writing at 0x0006819f... (36 %)
Writing at 0x0006d482... (39 %)
Writing at 0x0007280a... (42 %)
Writing at 0x0007792d... (44 %)
Writing at 0x0007cc35... (47 %)
Writing at 0x0008220f... (50 %)
Writing at 0x00087d7d... (52 %)
Writing at 0x0008d270... (55 %)
Writing at 0x000923e6... (57 %)
Writing at 0x00097355... (60 %)
Writing at 0x0009c8e4... (63 %)
Writing at 0x000a1954... (65 %)
Writing at 0x000a6cd0... (68 %)
Writing at 0x000ac2b4... (71 %)
Writing at 0x000b1858... (73 %)
Writing at 0x000b693f... (76 %)
Writing at 0x000bbff1... (78 %)
Writing at 0x000c20ec... (81 %)
Writing at 0x000c8f1f... (84 %)
Writing at 0x000d199e... (86 %)
Writing at 0x000d80b6... (89 %)
Writing at 0x000ddbfb... (92 %)
Writing at 0x000e3ce1... (94 %)
Writing at 0x000e9749... (97 %)
Writing at 0x000ef09c... (100 %)
Wrote 994208 bytes (616677 compressed) at 0x00000000 in 14.1 seconds (effective 565.1 kbit/s)...
Hash of data verified.

Leaving...
Hard resetting via RTS pin...
Build:Mar 27 2021
rst:0x1 (POWERON),boot:0x8 (SPI_FAST_FLASH_BOOT)
SPIWP:0xee
mode:DIO, clock div:1
load:0x3fce2810,len:0x178c
load:0x403c8700,len:0x4
load:0x403c8704,len:0xcb8
load:0x403cb700,len:0x2db0
entry 0x403c8914
[0;32mI (27) boot: ESP-IDF v5.3 2nd stage bootloader[0m
[0;32mI (27) boot: compile time Dec 12 2024 22:45:40[0m
[0;32mI (27) boot: Multicore bootloader[0m
[0;32mI (30) boot: chip revision: v0.2[0m
[0;32mI (34) boot.esp32s3: Boot SPI Speed : 80MHz[0m
[0;32mI (38) boot.esp32s3: SPI Mode       : DIO[0m
[0;32mI (43) boot.esp32s3: SPI Flash Size : 2MB[0m
[0;32mI (48) boot: Enabling RNG early entropy source...[0m
[0;32mI (53) boot: Partition Table:[0m
[0;32mI (57) boot: ## Label            Usage          Type ST Offset   Length[0m
[0;32mI (64) boot:  0 nvs              WiFi data        01 02 00009000 00006000[0m
[0;32mI (71) boot:  1 phy_init         RF data          01 01 0000f000 00001000[0m
[0;32mI (79) boot:  2 factory          factory app      00 00 00010000 00100000[0m
[0;32mI (86) boot: End of partition table[0m
[0;32mI (91) esp_image: segment 0: paddr=00010020 vaddr=3c0a0020 size=2c680h (181888) map[0m
[0;32mI (132) esp_image: segment 1: paddr=0003c6a8 vaddr=3fc98800 size=03970h ( 14704) load[0m
[0;32mI (135) esp_image: segment 2: paddr=00040020 vaddr=42000020 size=9d2d4h (643796) map[0m
[0;32mI (253) esp_image: segment 3: paddr=000dd2fc vaddr=3fc9c170 size=01118h (  4376) load[0m
[0;32mI (254) esp_image: segment 4: paddr=000de41c vaddr=40374000 size=14760h ( 83808) load[0m
[0;32mI (285) boot: Loaded app from partition at offset 0x10000[0m
[0;32mI (286) boot: Disabling RNG early entropy source...[0m
[0;32mI (297) cpu_start: Multicore app[0m
[0;32mI (306) cpu_start: Pro cpu start user code[0m
[0;32mI (307) cpu_start: cpu freq: 160000000 Hz[0m
[0;32mI (307) app_init: Application information:[0m
[0;32mI (309) app_init: Project name:     settings[0m
[0;32mI (314) app_init: App version:      d88851d-dirty[0m
[0;32mI (320) app_init: Compile time:     Dec 12 2024 22:45:34[0m
[0;32mI (326) app_init: ELF file SHA256:  aed8cfa75...[0m
[0;32mI (331) app_init: ESP-IDF:          v5.3[0m
[0;32mI (336) efuse_init: Min chip rev:     v0.0[0m
[0;32mI (340) efuse_init: Max chip rev:     v0.99 [0m
[0;32mI (345) efuse_init: Chip rev:         v0.2[0m
[0;32mI (350) heap_init: Initializing. RAM available for dynamic allocation:[0m
[0;32mI (357) heap_init: At 3FCA4A40 len 00044CD0 (275 KiB): RAM[0m
[0;32mI (364) heap_init: At 3FCE9710 len 00005724 (21 KiB): RAM[0m
[0;32mI (370) heap_init: At 3FCF0000 len 00008000 (32 KiB): DRAM[0m
[0;32mI (376) heap_init: At 600FE100 len 00001EE8 (7 KiB): RTCRAM[0m
[0;32mI (383) spi_flash: detected chip: gd[0m
[0;32mI (386) spi_flash: flash io: dio[0m
[0;33mW (390) spi_flash: Detected size(8192k) larger than the size in the binary image header(2048k). Using the size in the binary image header.[0m
[0;32mI (404) sleep: Configure to isolate all GPIO pins in sleep state[0m
[0;32mI (410) sleep: Enable automatic switching of GPIO sleep configuration[0m
[0;32mI (418) main_task: Started on CPU0[0m
[0;32mI (438) main_task: Calling app_main()[0m
[0;32mI (438) settings: Start Golioth Device Settings sample[0m
[5n
Type 'help' to get the list of commands.
Use UP/DOWN arrows to navigate through command history.
Press TAB when typing command name to auto-complete.

Your terminal application does not support escape sequences.

Line editing and history features are disabled.

On Windows, try using Putty instead.
esp32> [0;33mW (1948) settings: WiFi and golioth credentials are not set[0m
[0;33mW (1948) settings: Use the shell settings commands to set them, then restart[0m

esp32> 
esp32> 
esp32> 
esp32> settings set wifi/ssid "***JONS_ORANGE_PI_WIFI_SSID***"
Setting wifi/ssid saved
esp32> 
esp32> 
esp32> 
esp32> 
esp32> 
esp32> settings set wifi/psk "***JONS_ORANGE_PI_WIFI_PSK***"
Setting wifi/psk saved
esp32> 
esp32> ::add-mask::generated-cSNnlrlBoqtvEhjg

esp32> 
esp32> 
esp32> 
esp32> settings set golioth/psk-id "generated-cSNnlrlBoqtvEhjg@firmware_ci"
Setting golioth/psk-id saved
esp32> 
esp32> 
esp32> 
esp32> 
esp32> 
esp32> settings set golioth/psk "generated-cSNnlrlBoqtvEhjg"
Setting golioth/psk saved
esp32> 
esp32> 
esp32> 
esp32> 
esp32> 
esp32> reset
[0;32mI (11768) shell: Resetting[0m
ESP-ROM:esp32s3-20210327
Build:Mar 27 2021
rst:0xc (RTC_SW_CPU_RST),boot:0x8 (SPI_FAST_FLASH_BOOT)
Saved PC:0x40375a1d
SPIWP:0xee
mode:DIO, clock div:1
load:0x3fce2810,len:0x178c
load:0x403c8700,len:0x4
load:0x403c8704,len:0xcb8
load:0x403cb700,len:0x2db0
entry 0x403c8914
[0;32mI (31) boot: ESP-IDF v5.3 2nd stage bootloader[0m
[0;32mI (31) boot: compile time Dec 12 2024 22:45:40[0m
[0;32mI (31) boot: Multicore bootloader[0m
[0;32mI (34) boot: chip revision: v0.2[0m
[0;32mI (38) boot.esp32s3: Boot SPI Speed : 80MHz[0m
[0;32mI (43) boot.esp32s3: SPI Mode       : DIO[0m
[0;32mI (47) boot.esp32s3: SPI Flash Size : 2MB[0m
[0;32mI (52) boot: Enabling RNG early entropy source...[0m
[0;32mI (58) boot: Partition Table:[0m
[0;32mI (61) boot: ## Label            Usage          Type ST Offset   Length[0m
[0;32mI (68) boot:  0 nvs              WiFi data        01 02 00009000 00006000[0m
[0;32mI (76) boot:  1 phy_init         RF data          01 01 0000f000 00001000[0m
[0;32mI (83) boot:  2 factory          factory app      00 00 00010000 00100000[0m
[0;32mI (91) boot: End of partition table[0m
[0;32mI (95) esp_image: segment 0: paddr=00010020 vaddr=3c0a0020 size=2c680h (181888) map[0m
[0;32mI (136) esp_image: segment 1: paddr=0003c6a8 vaddr=3fc98800 size=03970h ( 14704) load[0m
[0;32mI (139) esp_image: segment 2: paddr=00040020 vaddr=42000020 size=9d2d4h (643796) map[0m
[0;32mI (257) esp_image: segment 3: paddr=000dd2fc vaddr=3fc9c170 size=01118h (  4376) load[0m
[0;32mI (259) esp_image: segment 4: paddr=000de41c vaddr=40374000 size=14760h ( 83808) load[0m
[0;32mI (290) boot: Loaded app from partition at offset 0x10000[0m
[0;32mI (290) boot: Disabling RNG early entropy source...[0m
[0;32mI (302) cpu_start: Multicore app[0m
[0;32mI (311) cpu_start: Pro cpu start user code[0m
[0;32mI (311) cpu_start: cpu freq: 160000000 Hz[0m
[0;32mI (311) app_init: Application information:[0m
[0;32mI (314) app_init: Project name:     settings[0m
[0;32mI (319) app_init: App version:      d88851d-dirty[0m
[0;32mI (324) app_init: Compile time:     Dec 12 2024 22:45:34[0m
[0;32mI (330) app_init: ELF file SHA256:  aed8cfa75...[0m
[0;32mI (335) app_init: ESP-IDF:          v5.3[0m
[0;32mI (340) efuse_init: Min chip rev:     v0.0[0m
[0;32mI (345) efuse_init: Max chip rev:     v0.99 [0m
[0;32mI (350) efuse_init: Chip rev:         v0.2[0m
[0;32mI (355) heap_init: Initializing. RAM available for dynamic allocation:[0m
[0;32mI (362) heap_init: At 3FCA4A40 len 00044CD0 (275 KiB): RAM[0m
[0;32mI (368) heap_init: At 3FCE9710 len 00005724 (21 KiB): RAM[0m
[0;32mI (374) heap_init: At 3FCF0000 len 00008000 (32 KiB): DRAM[0m
[0;32mI (380) heap_init: At 600FE100 len 00001EE8 (7 KiB): RTCRAM[0m
[0;32mI (387) spi_flash: detected chip: gd[0m
[0;32mI (391) spi_flash: flash io: dio[0m
[0;33mW (395) spi_flash: Detected size(8192k) larger than the size in the binary image header(2048k). Using the size in the binary image header.[0m
[0;32mI (408) sleep: Configure to isolate all GPIO pins in sleep state[0m
[0;32mI (415) sleep: Enable automatic switching of GPIO sleep configuration[0m
[0;32mI (422) main_task: Started on CPU0[0m
[0;32mI (442) main_task: Calling app_main()[0m
[0;32mI (442) settings: Start Golioth Device Settings sample[0m
[5n
Type 'help' to get the list of commands.
Use UP/DOWN arrows to navigate through command history.
Press TAB when typing command name to auto-complete.

Your terminal application does not support escape sequences.

Line editing and history features are disabled.

On Windows, try using Putty instead.
esp32> [0;32mI (952) pp: pp rom version: e7ae62f[0m
[0;32mI (972) net80211: net80211 rom version: e7ae62f[0m
[0;32mI (992) wifi_init: rx ba win: 6[0m
[0;32mI (992) wifi_init: accept mbox: 6[0m
[0;32mI (992) wifi_init: tcpip mbox: 32[0m
[0;32mI (992) wifi_init: udp mbox: 6[0m
[0;32mI (1002) wifi_init: tcp mbox: 6[0m
[0;32mI (1002) wifi_init: tcp tx win: 5760[0m
[0;32mI (1002) wifi_init: tcp rx win: 5760[0m
[0;32mI (1012) wifi_init: tcp mss: 1440[0m
[0;32mI (1022) wifi_init: WiFi IRAM OP enabled[0m
[0;32mI (1022) wifi_init: WiFi RX IRAM OP enabled[0m
[0;32mI (1032) phy_init: phy_version 680,a6008b2,Jun  4 2024,16:41:10[0m
[0;33mW (1032) phy_init: failed to load RF calibration data (0x1102), falling back to full calibration[0m
[0;33mW (1072) phy_init: saving new calibration data because of checksum failure, mode(2)[0m
[0;32mI (2662) esp_netif_handlers: sta ip: 192.168.8.168, mask: 255.255.255.0, gw: 192.168.8.1[0m
[0;32mI (2662) example_wifi: WiFi Connected. Got IP:192.168.8.168[0m
[0;32mI (2672) example_wifi: Connected to AP SSID: ***JONS_ORANGE_PI_WIFI_SSID***[0m
[0;32mI (2672) golioth_mbox: Mbox created, bufsize: 2520, num_items: 20, item_size: 120[0m
[0;33mW (2682) settings: Waiting for connection to Golioth...[0m
[0;32mI (2692) golioth_coap_client_libcoap: Start CoAP session with host: coaps://coap.golioth.io[0m
[0;32mI (2692) golioth_coap_client_libcoap: Session PSK-ID: generated-cSNnlrlBoqtvEhjg@firmware_ci[0m
[0;32mI (2712) libcoap: Setting PSK key
[0m
[0;32mI (2712) golioth_coap_client_libcoap: Entering CoAP I/O loop[0m
[0;32mI (5492) golioth_coap_client_libcoap: Golioth CoAP client connected[0m
[0;32mI (5492) settings: Golioth client connected[0m
[0;32mI (5502) settings: Sending hello! 0[0m
[0;32mI (7132) settings: Setting loop delay to 1 s[0m
[0;31mE (7142) golioth_settings: Failed to send a response to server: -12[0m
[0;32mI (7542) settings: Setting loop delay to 1 s[0m
[0;31mE (7542) golioth_settings: Failed to send a response to server: -12[0m
[0;32mI (8162) settings: Setting loop delay to 5 s[0m
[0;31m