esptool.py v4.9.0
Serial port /dev/serial/by-id/usb-Silicon_Labs_CP2102N_USB_to_UART_Bridge_Controller_18a5eb8de0faeb11a1553ea4c6d924ec-if00-port0
Connecting....
Detecting chip type... ESP32-C3
Chip is ESP32-C3 (QFN32) (revision v0.3)
Features: WiFi, BLE
Crystal is 40MHz
MAC: 7c:df:a1:da:77:ac
Uploading stub...
Running stub...
Stub running...
Changing baud rate to 460800
Changed.
Configuring flash size...
Erasing flash (this may take a while)...
Chip erase completed successfully in 10.5 seconds.
Compressed 1023280 bytes to 600524...
Writing at 0x00000000... (2 %)
Writing at 0x00011d85... (5 %)
Writing at 0x0001e827... (8 %)
Writing at 0x0002ac3a... (10 %)
Writing at 0x000337df... (13 %)
Writing at 0x0003bc7b... (16 %)
Writing at 0x00041d20... (18 %)
Writing at 0x00048091... (21 %)
Writing at 0x0004e798... (24 %)
Writing at 0x000548a7... (27 %)
Writing at 0x0005a248... (29 %)
Writing at 0x0005fe61... (32 %)
Writing at 0x0006667d... (35 %)
Writing at 0x0006c1c4... (37 %)
Writing at 0x000722d4... (40 %)
Writing at 0x00078120... (43 %)
Writing at 0x0007e24c... (45 %)
Writing at 0x00083e0d... (48 %)
Writing at 0x000894c8... (51 %)
Writing at 0x0008ef90... (54 %)
Writing at 0x0009508b... (56 %)
Writing at 0x0009aa90... (59 %)
Writing at 0x000a0373... (62 %)
Writing at 0x000a62e4... (64 %)
Writing at 0x000ac82c... (67 %)
Writing at 0x000b2968... (70 %)
Writing at 0x000b8de4... (72 %)
Writing at 0x000bedc1... (75 %)
Writing at 0x000c4ab6... (78 %)
Writing at 0x000ca0e2... (81 %)
Writing at 0x000cfef6... (83 %)
Writing at 0x000d5b45... (86 %)
Writing at 0x000dcc1e... (89 %)
Writing at 0x000e2f5b... (91 %)
Writing at 0x000e9d31... (94 %)
Writing at 0x000efcb4... (97 %)
Writing at 0x000f5c86... (100 %)
Wrote 1023280 bytes (600524 compressed) at 0x00000000 in 17.1 seconds (effective 479.6 kbit/s)...
Hash of data verified.

Leaving...
Hard resetting via RTS pin...
ESP-ROM:esp32c3-api1-20210207
Build:Feb  7 2021
rst:0x1 (POWERON),boot:0xc (SPI_FAST_FLASH_BOOT)
SPIWP:0xee
mode:DIO, clock div:1
load:0x3fcd5820,len:0x1574
load:0x403cc710,len:0xc30
load:0x403ce710,len:0x2f64
entry 0x403cc71a
I (30) boot: ESP-IDF v5.4.1 2nd stage bootloader
I (30) boot: compile time Oct  5 2025 00:17:09
I (30) boot: chip revision: v0.3
I (30) boot: efuse block revision: v1.1
I (34) boot.esp32c3: SPI Speed      : 80MHz
I (38) boot.esp32c3: SPI Mode       : DIO
I (41) boot.esp32c3: SPI Flash Size : 2MB
I (45) boot: Enabling RNG early entropy source...
I (50) boot: Partition Table:
I (52) boot: ## Label            Usage          Type ST Offset   Length
I (59) boot:  0 nvs              WiFi data        01 02 00009000 00006000
I (65) boot:  1 phy_init         RF data          01 01 0000f000 00001000
I (72) boot:  2 factory          factory app      00 00 00010000 00100000
I (78) boot: End of partition table
I (81) esp_image: segment 0: paddr=00010020 vaddr=3c0b0020 size=25b68h (154472) map
I (114) esp_image: segment 1: paddr=00035b90 vaddr=3fc93400 size=03050h ( 12368) load
I (116) esp_image: segment 2: paddr=00038be8 vaddr=40380000 size=07430h ( 29744) load
I (123) esp_image: segment 3: paddr=00040020 vaddr=42000020 size=add78h (712056) map
I (238) esp_image: segment 4: paddr=000edda0 vaddr=40387430 size=0bf40h ( 48960) load
I (247) esp_image: segment 5: paddr=000f9ce8 vaddr=50000200 size=0001ch (    28) load
I (254) boot: Loaded app from partition at offset 0x10000
I (254) boot: Disabling RNG early entropy source...
I (265) cpu_start: Unicore app
I (273) cpu_start: Pro cpu start user code
I (273) cpu_start: cpu freq: 160000000 Hz
I (273) app_init: Application information:
I (274) app_init: Project name:     set
I (277) app_init: App version:      1fc16f4-dirty
I (281) app_init: Compile time:     Oct  5 2025 00:17:02
I (287) app_init: ELF file SHA256:  d222d5ad2...
I (291) app_init: ESP-IDF:          v5.4.1
I (295) efuse_init: Min chip rev:     v0.3
I (298) efuse_init: Max chip rev:     v1.99 
I (302) efuse_init: Chip rev:         v0.3
I (306) heap_init: Initializing. RAM available for dynamic allocation:
I (313) heap_init: At 3FC9DEB0 len 00022150 (136 KiB): RAM
I (318) heap_init: At 3FCC0000 len 0001C710 (113 KiB): Retention RAM
I (324) heap_init: At 3FCDC710 len 00002950 (10 KiB): Retention RAM
I (330) heap_init: At 5000021C len 00001DCC (7 KiB): RTCRAM
I (336) spi_flash: detected chip: generic
I (339) spi_flash: flash io: dio
W (342) spi_flash: Detected size(4096k) larger than the size in the binary image header(2048k). Using the size in the binary image header.
I (354) sleep_gpio: Configure to isolate all GPIO pins in sleep state
I (360) sleep_gpio: Enable automatic switching of GPIO sleep configuration
I (367) main_task: Started on CPU0
I (377) main_task: Calling app_main()
I (377) lightdb: Start LightDB set sample
[5n
Type 'help' to get the list of commands.
Use UP/DOWN arrows to navigate through command history.
Press TAB when typing command name to auto-complete.

Your terminal application does not support escape sequences.

Line editing and history features are disabled.

On Windows, try using Putty instead.
esp32> W (887) lightdb: WiFi and Golioth credentials are not set. Use the shell settings commands to set them.

esp32> 
esp32> 
esp32> 
esp32> settings set wifi/ssid "***MIKES_ORANGE_PI_WIFI_SSID***"
Setting wifi/ssid saved
esp32> 
esp32> 
esp32> 
esp32> 
esp32> 
esp32> settings set wifi/psk "***MIKES_ORANGE_PI_WIFI_PSK***"
Setting wifi/psk saved
esp32> 
esp32> ::add-mask::generated-fvJDtlWRDPnTUXGW

esp32> 
esp32> 
esp32> 
esp32> settings set golioth/psk-id "generated-fvJDtlWRDPnTUXGW@firmware_ci"
Setting golioth/psk-id saved
esp32> 
esp32> 
esp32> 
esp32> 
esp32> 
esp32> settings set golioth/psk "generated-fvJDtlWRDPnTUXGW"
Setting golioth/psk saved
esp32> 
esp32> I (9917) pp: pp rom version: 9387209
I (9917) net80211: net80211 rom version: 9387209
I (9927) wifi_init: rx ba win: 6
I (9927) wifi_init: accept mbox: 6
I (9927) wifi_init: tcpip mbox: 32
I (9927) wifi_init: udp mbox: 6
I (9937) wifi_init: tcp mbox: 6
I (9937) wifi_init: tcp tx win: 5760
I (9937) wifi_init: tcp rx win: 5760
I (9937) wifi_init: tcp mss: 1440
I (9947) wifi_init: WiFi IRAM OP enabled
I (9947) wifi_init: WiFi RX IRAM OP enabled
I (9947) phy_init: phy_version 1200,2b7123f9,Feb 18 2025,15:22:21
W (9957) phy_init: failed to load RF calibration data (0x1102), falling back to full calibration
I (9997) phy_init: Saving new calibration data due to checksum failure or outdated calibration data, mode(2)
I (11997) esp_netif_handlers: sta ip: 192.168.8.119, mask: 255.255.255.0, gw: 192.168.8.1
I (11997) example_wifi: WiFi Connected. Got IP:192.168.8.119
I (12007) example_wifi: Connected to AP SSID: ***MIKES_ORANGE_PI_WIFI_SSID***
I (12007) golioth_mbox: Mbox created, bufsize: 2688, num_items: 20, item_size: 128
W (12017) lightdb: Waiting for connection to Golioth...
I (12027) golioth_coap_client_libcoap: Start CoAP session with host: coaps://coap.golioth.io
I (12027) golioth_coap_client_libcoap: Session PSK-ID: generated-fvJDtlWRDPnTUXGW@firmware_ci
I (12047) libcoap: Setting PSK key

I (12047) golioth_coap_client_libcoap: Entering CoAP I/O loop
I (12727) golioth_coap_client_libcoap: Golioth CoAP client connected
I (12727) lightdb: Golioth client connected
I (12727) lightdb: Setting counter to 0
I (12727) lightdb: Before request (async)
I (12737) lightdb: After request (async)
I (13697) lightdb: Counter successfully set
I (17747) lightdb: Setting counter to 1
I (17747) lightdb: Before request (sync)
I (18197) lightdb: Counter successfully set
I (18207) lightdb: After request (sync)
I (23207) lightdb: Setting counter to 2
I (23207) lightdb: Before request (json async)
I (23207) lightdb: After request (json async)
I (23747) lightdb: Counter successfully set
I (28207) lightdb: Setting counter to 3
I (28207) lightdb: Before request (cbor sync)
I (28647) lightdb: Counter successfully set
I (28647) lightdb: 