esptool.py v4.9.0
Serial port /dev/serial/by-id/usb-Silicon_Labs_CP2102N_USB_to_UART_Bridge_Controller_90568bbbd827ee11b31a14d8f49e3369-if00-port0
Connecting.........
Detecting chip type... Unsupported detection protocol, switching and trying again...
Connecting....
Detecting chip type... ESP32
Chip is ESP32-D0WD-V3 (revision v3.1)
Features: WiFi, BT, Dual Core, 240MHz, VRef calibration in efuse, Coding Scheme None
Crystal is 40MHz
MAC: a0:a3:b3:8b:38:c0
Uploading stub...
Running stub...
Stub running...
Changing baud rate to 460800
Changed.
Configuring flash size...
Erasing flash (this may take a while)...
Chip erase completed successfully in 2.2 seconds.
Compressed 976080 bytes to 613255...
Writing at 0x00000000... (2 %)
Writing at 0x000074ac... (5 %)
Writing at 0x0001c14e... (7 %)
Writing at 0x00028f9c... (10 %)
Writing at 0x00031b26... (13 %)
Writing at 0x0003b543... (15 %)
Writing at 0x00040d45... (18 %)
Writing at 0x00046674... (21 %)
Writing at 0x0004be2a... (23 %)
Writing at 0x000513e1... (26 %)
Writing at 0x00056569... (28 %)
Writing at 0x0005b91c... (31 %)
Writing at 0x00060e70... (34 %)
Writing at 0x000660c7... (36 %)
Writing at 0x0006b2a9... (39 %)
Writing at 0x00070589... (42 %)
Writing at 0x00075730... (44 %)
Writing at 0x0007aa34... (47 %)
Writing at 0x0007fdcd... (50 %)
Writing at 0x00085856... (52 %)
Writing at 0x0008b047... (55 %)
Writing at 0x000903bb... (57 %)
Writing at 0x00095603... (60 %)
Writing at 0x0009ad2f... (63 %)
Writing at 0x000a045f... (65 %)
Writing at 0x000a5783... (68 %)
Writing at 0x000aad47... (71 %)
Writing at 0x000b07f5... (73 %)
Writing at 0x000b593f... (76 %)
Writing at 0x000bac0f... (78 %)
Writing at 0x000c05f4... (81 %)
Writing at 0x000c7c67... (84 %)
Writing at 0x000ce3b7... (86 %)
Writing at 0x000d5b18... (89 %)
Writing at 0x000db418... (92 %)
Writing at 0x000e0e71... (94 %)
Writing at 0x000e6b72... (97 %)
Writing at 0x000ebdd1... (100 %)
Wrote 976080 bytes (613255 compressed) at 0x00000000 in 14.2 seconds (effective 549.0 kbit/s)...
Hash of data verified.

Leaving...
Hard resetting via RTS pin...
rv:0x00,d_drv:0x00,cs0_drv:0x00,hd_drv:0x00,wp_drv:0x00
mode:DIO, clock div:2
load:0x3fff0030,len:6276
load:0x40078000,len:15828
load:0x40080400,len:4
ho 8 tail 4 room 4
load:0x40080404,len:3860
entry 0x4008063c
I (31) boot: ESP-IDF v5.4.1 2nd stage bootloader
I (31) boot: compile time Oct 18 2025 00:04:51
I (31) boot: Multicore bootloader
I (32) boot: chip revision: v3.1
I (35) boot.esp32: SPI Speed      : 40MHz
I (39) boot.esp32: SPI Mode       : DIO
I (43) boot.esp32: SPI Flash Size : 4MB
I (46) boot: Enabling RNG early entropy source...
I (51) boot: Partition Table:
I (53) boot: ## Label            Usage          Type ST Offset   Length
I (60) boot:  0 nvs              WiFi data        01 02 00009000 00006000
I (66) boot:  1 phy_init         RF data          01 01 0000f000 00001000
I (73) boot:  2 factory          factory app      00 00 00010000 00100000
I (79) boot: End of partition table
I (82) esp_image: segment 0: paddr=00010020 vaddr=3f400020 size=24b50h (150352) map
I (141) esp_image: segment 1: paddr=00034b78 vaddr=3ff80000 size=0001ch (    28) load
I (142) esp_image: segment 2: paddr=00034b9c vaddr=3ffb0000 size=040d8h ( 16600) load
I (151) esp_image: segment 3: paddr=00038c7c vaddr=40080000 size=0739ch ( 29596) load
I (164) esp_image: segment 4: paddr=00040020 vaddr=400d0020 size=9e88ch (649356) map
I (386) esp_image: segment 5: paddr=000de8b4 vaddr=4008739c size=0fbf8h ( 64504) load
I (423) boot: Loaded app from partition at offset 0x10000
I (423) boot: Disabling RNG early entropy source...
I (433) cpu_start: Multicore app
I (441) cpu_start: Pro cpu start user code
I (441) cpu_start: cpu freq: 160000000 Hz
I (441) app_init: Application information:
I (442) app_init: Project name:     test
I (445) app_init: App version:      5fe6660-dirty
I (450) app_init: Compile time:     Oct 18 2025 00:04:44
I (455) app_init: ELF file SHA256:  c6164f04a...
I (459) app_init: ESP-IDF:          v5.4.1
I (463) efuse_init: Min chip rev:     v0.0
I (467) efuse_init: Max chip rev:     v3.99 
I (471) efuse_init: Chip rev:         v3.1
I (475) heap_init: Initializing. RAM available for dynamic allocation:
I (481) heap_init: At 3FFAE6E0 len 00001920 (6 KiB): DRAM
I (486) heap_init: At 3FFBCF48 len 000230B8 (140 KiB): DRAM
I (491) heap_init: At 3FFE0440 len 00003AE0 (14 KiB): D/IRAM
I (496) heap_init: At 3FFE4350 len 0001BCB0 (111 KiB): D/IRAM
I (502) heap_init: At 40096F94 len 0000906C (36 KiB): IRAM
I (509) spi_flash: detected chip: generic
I (511) spi_flash: flash io: dio
W (514) spi_flash: Detected size(8192k) larger than the size in the binary image header(4096k). Using the size in the binary image header.
I (527) main_task: Started on CPU0
I (537) main_task: Calling app_main()
[5n
Type 'help' to get the list of commands.
Use UP/DOWN arrows to navigate through command history.
Press TAB when typing command name to auto-complete.

Your terminal application does not support escape sequences.

Line editing and history features are disabled.

On Windows, try using Putty instead.
esp32> W (1047) hil_test: WiFi and Golioth credentials are not set. Use the shell settings commands to set them.

esp32> 
esp32> 
esp32> 
esp32> settings set wifi/ssid "***SAMS_ORANGE_PI_WIFI_SSID***"
Setting wifi/ssid saved
esp32> 
esp32> 
esp32> 
esp32> 
esp32> 
esp32> settings set wifi/psk "***SAMS_ORANGE_PI_WIFI_PSK***"
Setting wifi/psk saved
esp32> 
esp32> ::add-mask::generated-FQKboprsbrhYoPKW

esp32> 
esp32> 
esp32> 
esp32> settings set golioth/psk-id "generated-FQKboprsbrhYoPKW@firmware_ci"
Setting golioth/psk-id saved
esp32> 
esp32> 
esp32> 
esp32> 
esp32> 
esp32> settings set golioth/psk "generated-FQKboprsbrhYoPKW"
Setting golioth/psk saved
esp32> 
esp32> I (8097) wifi_init: rx ba win: 6
I (8097) wifi_init: accept mbox: 6
I (8097) wifi_init: tcpip mbox: 32
I (8097) wifi_init: udp mbox: 6
I (8097) wifi_init: tcp mbox: 6
I (8117) wifi_init: tcp tx win: 5760
I (8117) wifi_init: tcp rx win: 5760
I (8117) wifi_init: tcp mss: 1440
I (8117) wifi_init: WiFi IRAM OP enabled
I (8127) wifi_init: WiFi RX IRAM OP enabled
I (8127) phy_init: phy_version 4860,6b7a6e5,Feb  6 2025,14:47:07
W (8127) phy_init: failed to load RF calibration data (0x1102), falling back to full calibration
I (8207) phy_init: Saving new calibration data due to checksum failure or outdated calibration data, mode(2)
I (10137) esp_netif_handlers: sta ip: 192.168.0.119, mask: 255.255.255.0, gw: 192.168.0.1
I (10137) example_wifi: WiFi Connected. Got IP:192.168.0.119
I (10137) example_wifi: Connected to AP SSID: ***SAMS_ORANGE_PI_WIFI_SSID***
I (10147) golioth_mbox: Mbox created, bufsize: 2688, num_items: 20, item_size: 128
I (10177) golioth_coap_client_libcoap: Start CoAP session with host: coaps://coap.golioth.io
I (10177) golioth_coap_client_libcoap: Session PSK-ID: generated-FQKboprsbrhYoPKW@firmware_ci
I (10197) libcoap: Setting PSK key

I (10207) golioth_coap_client_libcoap: Entering CoAP I/O loop
I (10717) golioth_coap_client_libcoap: Golioth CoAP client connected
I (10777) test_ota: Manifest received
I (10777) test_ota: Manifest successfully decoded
I (10777) test_ota: Manifest doesn't have main or walrus components, skipping this one.
I (12227) test_ota: Manifest received
I (12227) test_ota: Manifest successfully decoded
I (12227) test_ota: Manifest doesn't have main or walrus components, skipping this one.
I (13387) test_ota: Manifest received
I (13387) test_ota: Manifest successfully decoded
I (13387) test_ota: Manifest doesn't have main or walrus components, skipping this one.
I (13447) test_ota: Manifest received
I (13447) test_ota: Manifest successfully decoded
I (13447) test_ota: Manifest doesn't have main or walrus components, skipping this one.
I (13467) test_ota: Manifest received
I (13467) test_ota: Manifest successfully decoded
I (13467) test_ota: Manifest doesn't have main or walrus components, skipping this one.
I (13487) test_ota: Manifest received
I (13487) test_ota: Manifest successfully decoded
I (13487) test_ota: Manifest doesn't have main or walrus components, skipping this one.
I (13857) test_ota: Manifest received
I (13867) test_ota: Manifest successfully decoded
I (13867) test_ota: Found main component
I (13867) test_ota: No absent component found
I (13877) test_ota: component.package: main
I (13877) test_ota: component.version: 1.2.2
I (13877) test_ota: component.size: 16147
I (13877) test_ota: component.hash: 62c035ff42d6c61ad9d1caf9ee3425dae3ef360eb9d145061d3f76092e266018
I (13897) test_ota: component.uri: /.u/c/main@1.2.2
I (13897) test_ota: component.bootloader: default
