esptool.py v4.9.0
Serial port /dev/serial/by-id/usb-Silicon_Labs_CP2102N_USB_to_UART_Bridge_Controller_90568bbbd827ee11b31a14d8f49e3369-if00-port0
Connecting.........
Detecting chip type... Unsupported detection protocol, switching and trying again...
Connecting....
Detecting chip type... ESP32
Chip is ESP32-D0WD-V3 (revision v3.1)
Features: WiFi, BT, Dual Core, 240MHz, VRef calibration in efuse, Coding Scheme None
Crystal is 40MHz
MAC: a0:a3:b3:8b:38:c0
Uploading stub...
Running stub...
Stub running...
Changing baud rate to 460800
Changed.
Configuring flash size...
Erasing flash (this may take a while)...
Chip erase completed successfully in 2.2 seconds.
Compressed 968720 bytes to 609256...
Writing at 0x00000000... (2 %)
Writing at 0x000074b1... (5 %)
Writing at 0x0001bf63... (7 %)
Writing at 0x00028bae... (10 %)
Writing at 0x00031709... (13 %)
Writing at 0x0003ae4d... (15 %)
Writing at 0x0004054d... (18 %)
Writing at 0x00045f53... (21 %)
Writing at 0x0004b756... (23 %)
Writing at 0x00050be4... (26 %)
Writing at 0x00055e46... (28 %)
Writing at 0x0005b194... (31 %)
Writing at 0x00060856... (34 %)
Writing at 0x000658f6... (36 %)
Writing at 0x0006ab06... (39 %)
Writing at 0x0006fe60... (42 %)
Writing at 0x00074f9d... (44 %)
Writing at 0x0007a27d... (47 %)
Writing at 0x0007f79c... (50 %)
Writing at 0x000850d4... (52 %)
Writing at 0x0008a997... (55 %)
Writing at 0x0008fc4e... (57 %)
Writing at 0x00094ead... (60 %)
Writing at 0x0009a634... (63 %)
Writing at 0x0009fcd7... (65 %)
Writing at 0x000a4fef... (68 %)
Writing at 0x000aa72c... (71 %)
Writing at 0x000b0093... (73 %)
Writing at 0x000b5186... (76 %)
Writing at 0x000ba5b0... (78 %)
Writing at 0x000bfeaf... (81 %)
Writing at 0x000c772e... (84 %)
Writing at 0x000cddd0... (86 %)
Writing at 0x000d5504... (89 %)
Writing at 0x000dac55... (92 %)
Writing at 0x000e0625... (94 %)
Writing at 0x000e623d... (97 %)
Writing at 0x000eb54b... (100 %)
Wrote 968720 bytes (609256 compressed) at 0x00000000 in 14.2 seconds (effective 547.5 kbit/s)...
Hash of data verified.

Leaving...
Hard resetting via RTS pin...
_drv:0x00,d_drv:0x00,cs0_drv:0x00,hd_drv:0x00,wp_drv:0x00
mode:DIO, clock div:2
load:0x3fff0030,len:6276
load:0x40078000,len:15828
load:0x40080400,len:4
ho 8 tail 4 room 4
load:0x40080404,len:3860
entry 0x4008063c
I (31) boot: ESP-IDF v5.4.1 2nd stage bootloader
I (31) boot: compile time Oct 18 2025 00:04:51
I (31) boot: Multicore bootloader
I (32) boot: chip revision: v3.1
I (35) boot.esp32: SPI Speed      : 40MHz
I (39) boot.esp32: SPI Mode       : DIO
I (43) boot.esp32: SPI Flash Size : 4MB
I (46) boot: Enabling RNG early entropy source...
I (51) boot: Partition Table:
I (53) boot: ## Label            Usage          Type ST Offset   Length
I (60) boot:  0 nvs              WiFi data        01 02 00009000 00006000
I (66) boot:  1 phy_init         RF data          01 01 0000f000 00001000
I (73) boot:  2 factory          factory app      00 00 00010000 00100000
I (79) boot: End of partition table
I (82) esp_image: segment 0: paddr=00010020 vaddr=3f400020 size=24050h (147536) map
I (140) esp_image: segment 1: paddr=00034078 vaddr=3ff80000 size=0001ch (    28) load
I (141) esp_image: segment 2: paddr=0003409c vaddr=3ffb0000 size=040d8h ( 16600) load
I (150) esp_image: segment 3: paddr=0003817c vaddr=40080000 size=07e9ch ( 32412) load
I (164) esp_image: segment 4: paddr=00040020 vaddr=400d0020 size=9d6cch (644812) map
I (385) esp_image: segment 5: paddr=000dd6f4 vaddr=40087e9c size=0f0f8h ( 61688) load
I (420) boot: Loaded app from partition at offset 0x10000
I (420) boot: Disabling RNG early entropy source...
I (431) cpu_start: Multicore app
I (439) cpu_start: Pro cpu start user code
I (439) cpu_start: cpu freq: 160000000 Hz
I (439) app_init: Application information:
I (439) app_init: Project name:     test
I (443) app_init: App version:      5fe6660-dirty
I (447) app_init: Compile time:     Oct 18 2025 00:04:44
I (452) app_init: ELF file SHA256:  94e521e3d...
I (456) app_init: ESP-IDF:          v5.4.1
I (460) efuse_init: Min chip rev:     v0.0
I (464) efuse_init: Max chip rev:     v3.99 
I (468) efuse_init: Chip rev:         v3.1
I (472) heap_init: Initializing. RAM available for dynamic allocation:
I (478) heap_init: At 3FFAE6E0 len 00001920 (6 KiB): DRAM
I (483) heap_init: At 3FFBBB88 len 00024478 (145 KiB): DRAM
I (489) heap_init: At 3FFE0440 len 00003AE0 (14 KiB): D/IRAM
I (494) heap_init: At 3FFE4350 len 0001BCB0 (111 KiB): D/IRAM
I (499) heap_init: At 40096F94 len 0000906C (36 KiB): IRAM
I (506) spi_flash: detected chip: generic
I (508) spi_flash: flash io: dio
W (511) spi_flash: Detected size(8192k) larger than the size in the binary image header(4096k). Using the size in the binary image header.
I (524) main_task: Started on CPU0
I (534) main_task: Calling app_main()
[5n
Type 'help' to get the list of commands.
Use UP/DOWN arrows to navigate through command history.
Press TAB when typing command name to auto-complete.

Your terminal application does not support escape sequences.

Line editing and history features are disabled.

On Windows, try using Putty instead.
esp32> W (1044) hil_test: WiFi and Golioth credentials are not set. Use the shell settings commands to set them.

esp32> 
esp32> 
esp32> 
esp32> settings set wifi/ssid "***SAMS_ORANGE_PI_WIFI_SSID***"
Setting wifi/ssid saved
esp32> 
esp32> 
esp32> 
esp32> 
esp32> 
esp32> settings set wifi/psk "***SAMS_ORANGE_PI_WIFI_PSK***"
Setting wifi/psk saved
esp32> 
esp32> ::add-mask::generated-WYukaDKRMfQvryCu

esp32> 
esp32> 
esp32> 
esp32> settings set golioth/psk-id "generated-WYukaDKRMfQvryCu@firmware_ci"
Setting golioth/psk-id saved
esp32> 
esp32> 
esp32> 
esp32> 
esp32> 
esp32> settings set golioth/psk "generated-WYukaDKRMfQvryCu"
Setting golioth/psk saved
esp32> 
esp32> I (8094) wifi_init: rx ba win: 6
I (8094) wifi_init: accept mbox: 6
I (8094) wifi_init: tcpip mbox: 32
I (8094) wifi_init: udp mbox: 6
I (8094) wifi_init: tcp mbox: 6
I (8114) wifi_init: tcp tx win: 5760
I (8114) wifi_init: tcp rx win: 5760
I (8114) wifi_init: tcp mss: 1440
I (8114) wifi_init: WiFi IRAM OP enabled
I (8124) wifi_init: WiFi RX IRAM OP enabled
I (8124) phy_init: phy_version 4860,6b7a6e5,Feb  6 2025,14:47:07
W (8124) phy_init: failed to load RF calibration data (0x1102), falling back to full calibration
I (8204) phy_init: Saving new calibration data due to checksum failure or outdated calibration data, mode(2)
I (10174) esp_netif_handlers: sta ip: 192.168.0.119, mask: 255.255.255.0, gw: 192.168.0.1
I (10174) example_wifi: WiFi Connected. Got IP:192.168.0.119
I (10174) example_wifi: Connected to AP SSID: ***SAMS_ORANGE_PI_WIFI_SSID***
I (10184) golioth_mbox: Mbox created, bufsize: 2688, num_items: 20, item_size: 128
I (10214) golioth_coap_client_libcoap: Start CoAP session with host: coaps://coap.golioth.io
I (10214) golioth_coap_client_libcoap: Session PSK-ID: generated-WYukaDKRMfQvryCu@firmware_ci
I (10234) libcoap: Setting PSK key

I (10244) golioth_coap_client_libcoap: Entering CoAP I/O loop
I (10594) golioth_coap_client_libcoap: Golioth CoAP client connected
I (10804) golioth_rpc: RPC observation established
