esptool.py v4.8.1
Serial port /dev/serial/by-id/usb-Silicon_Labs_CP2102N_USB_to_UART_Bridge_Controller_ee6375f01ce7ec11973dbed05adebb74-if00-port0
Connecting....
Detecting chip type... ESP32-C3
Chip is ESP32-C3 (QFN32) (revision v0.4)
Features: WiFi, BLE, Embedded Flash 4MB (XMC)
Crystal is 40MHz
MAC: ec:da:3b:0d:18:84
Uploading stub...
Running stub...
Stub running...
Changing baud rate to 460800
Changed.
Configuring flash size...
Erasing flash (this may take a while)...
Chip erase completed successfully in 18.1s
Compressed 1021520 bytes to 597863...
Writing at 0x00000000... (2 %)
Writing at 0x00011c77... (5 %)
Writing at 0x0001e944... (8 %)
Writing at 0x0002aa0d... (10 %)
Writing at 0x00033fc5... (13 %)
Writing at 0x0003bca7... (16 %)
Writing at 0x00041e78... (18 %)
Writing at 0x0004834d... (21 %)
Writing at 0x0004e737... (24 %)
Writing at 0x00054e21... (27 %)
Writing at 0x0005a661... (29 %)
Writing at 0x000602a6... (32 %)
Writing at 0x00066c7b... (35 %)
Writing at 0x0006c7f8... (37 %)
Writing at 0x00072717... (40 %)
Writing at 0x000789a1... (43 %)
Writing at 0x0007e7a1... (45 %)
Writing at 0x0008476a... (48 %)
Writing at 0x00089bbc... (51 %)
Writing at 0x0008f743... (54 %)
Writing at 0x0009591e... (56 %)
Writing at 0x0009b36c... (59 %)
Writing at 0x000a0c61... (62 %)
Writing at 0x000a6bc1... (64 %)
Writing at 0x000ad1fc... (67 %)
Writing at 0x000b33cc... (70 %)
Writing at 0x000b965c... (72 %)
Writing at 0x000bf6ae... (75 %)
Writing at 0x000c52f1... (78 %)
Writing at 0x000ca9b9... (81 %)
Writing at 0x000d06f5... (83 %)
Writing at 0x000d63e1... (86 %)
Writing at 0x000dd3fe... (89 %)
Writing at 0x000e394f... (91 %)
Writing at 0x000ea525... (94 %)
Writing at 0x000f06c8... (97 %)
Writing at 0x000f6478... (100 %)
Wrote 1021520 bytes (597863 compressed) at 0x00000000 in 19.0 seconds (effective 430.2 kbit/s)...
Hash of data verified.

Leaving...
Hard resetting via RTS pin...
ESP-ROM:esp32c3-api1-20210207
Build:Feb  7 2021
rst:0x1 (POWERON),boot:0xc (SPI_FAST_FLASH_BOOT)
SPIWP:0xee
mode:DIO, clock div:1
load:0x3fcd5820,len:0x1574
load:0x403cc710,len:0xc30
load:0x403ce710,len:0x2fe4
entry 0x403cc71a
I (30) boot: ESP-IDF v5.4 2nd stage bootloader
I (30) boot: compile time Jan 16 2025 07:52:51
I (30) boot: chip revision: v0.4
I (30) boot: efuse block revision: v1.2
I (34) boot.esp32c3: SPI Speed      : 80MHz
I (38) boot.esp32c3: SPI Mode       : DIO
I (41) boot.esp32c3: SPI Flash Size : 4MB
I (45) boot: Enabling RNG early entropy source...
I (50) boot: Partition Table:
I (52) boot: ## Label            Usage          Type ST Offset   Length
I (58) boot:  0 nvs              WiFi data        01 02 00009000 00006000
I (65) boot:  1 phy_init         RF data          01 01 0000f000 00001000
I (72) boot:  2 factory          factory app      00 00 00010000 00100000
I (78) boot: End of partition table
I (81) esp_image: segment 0: paddr=00010020 vaddr=3c0b0020 size=25454h (152660) map
I (113) esp_image: segment 1: paddr=0003547c vaddr=3fc93200 size=03018h ( 12312) load
I (116) esp_image: segment 2: paddr=0003849c vaddr=40380000 size=07b7ch ( 31612) load
I (123) esp_image: segment 3: paddr=00040020 vaddr=42000020 size=adf90h (712592) map
I (238) esp_image: segment 4: paddr=000edfb8 vaddr=40387b7c size=0b648h ( 46664) load
I (247) esp_image: segment 5: paddr=000f9608 vaddr=50000200 size=0001ch (    28) load
I (253) boot: Loaded app from partition at offset 0x10000
I (253) boot: Disabling RNG early entropy source...
I (264) cpu_start: Unicore app
I (273) cpu_start: Pro cpu start user code
I (273) cpu_start: cpu freq: 160000000 Hz
I (273) app_init: Application information:
I (273) app_init: Project name:     test
I (276) app_init: App version:      ae03125-dirty
I (281) app_init: Compile time:     Jan 16 2025 07:52:45
I (286) app_init: ELF file SHA256:  4916f9164...
I (290) app_init: ESP-IDF:          v5.4
I (294) efuse_init: Min chip rev:     v0.3
I (298) efuse_init: Max chip rev:     v1.99 
I (302) efuse_init: Chip rev:         v0.4
I (306) heap_init: Initializing. RAM available for dynamic allocation:
I (312) heap_init: At 3FC9DBB0 len 00022450 (137 KiB): RAM
I (317) heap_init: At 3FCC0000 len 0001C710 (113 KiB): Retention RAM
I (323) heap_init: At 3FCDC710 len 00002950 (10 KiB): Retention RAM
I (329) heap_init: At 5000021C len 00001DCC (7 KiB): RTCRAM
I (335) spi_flash: detected chip: generic
I (338) spi_flash: flash io: dio
I (341) sleep_gpio: Configure to isolate all GPIO pins in sleep state
I (347) sleep_gpio: Enable automatic switching of GPIO sleep configuration
I (354) main_task: Started on CPU0
I (384) main_task: Calling app_main()
[5n
Type 'help' to get the list of commands.
Use UP/DOWN arrows to navigate through command history.
Press TAB when typing command name to auto-complete.

Your terminal application does not support escape sequences.

Line editing and history features are disabled.

On Windows, try using Putty instead.
esp32> W (884) hil_test: WiFi and Golioth credentials are not set. Use the shell settings commands to set them.

esp32> 
esp32> 
esp32> 
esp32> settings set wifi/ssid "***MIKES_ORANGE_PI_WIFI_SSID***"
Setting wifi/ssid saved
esp32> 
esp32> 
esp32> 
esp32> 
esp32> 
esp32> settings set wifi/psk "***MIKES_ORANGE_PI_WIFI_PSK***"
Setting wifi/psk saved
esp32> 
esp32> ::add-mask::generated-mMYLtxCDsUqnevph

esp32> 
esp32> 
esp32> 
esp32> settings set golioth/psk-id "generated-mMYLtxCDsUqnevph@firmware_ci"
Setting golioth/psk-id saved
esp32> 
esp32> 
esp32> 
esp32> 
esp32> 
esp32> settings set golioth/psk "generated-mMYLtxCDsUqnevph"
Setting golioth/psk saved
esp32> 
esp32> I (14904) pp: pp rom version: 9387209
I (14904) net80211: net80211 rom version: 9387209
I (14924) wifi_init: rx ba win: 6
I (14924) wifi_init: accept mbox: 6
I (14924) wifi_init: tcpip mbox: 32
I (14924) wifi_init: udp mbox: 6
I (14924) wifi_init: tcp mbox: 6
I (14934) wifi_init: tcp tx win: 5760
I (14934) wifi_init: tcp rx win: 5760
I (14934) wifi_init: tcp mss: 1440
I (14944) wifi_init: WiFi IRAM OP enabled
I (14944) wifi_init: WiFi RX IRAM OP enabled
I (14944) phy_init: phy_version 1180,01f2a49,Jun  4 2024,16:34:25
W (14954) phy_init: failed to load RF calibration data (0x1102), falling back to full calibration
W (14994) phy_init: saving new calibration data because of checksum failure, mode(2)
I (16404) esp_netif_handlers: sta ip: 192.168.8.239, mask: 255.255.255.0, gw: 192.168.8.1
I (16404) example_wifi: WiFi Connected. Got IP:192.168.8.239
I (16414) example_wifi: Connected to AP SSID: ***MIKES_ORANGE_PI_WIFI_SSID***
I (16414) golioth_mbox: Mbox created, bufsize: 2520, num_items: 20, item_size: 120
I (16434) golioth_coap_client_libcoap: Start CoAP session with host: coaps://coap.golioth.io
I (16434) golioth_coap_client_libcoap: Session PSK-ID: generated-mMYLtxCDsUqnevph@firmware_ci
I (16444) libcoap: Setting PSK key

I (16454) golioth_coap_client_libcoap: Entering CoAP I/O loop
I (16844) golioth_coap_client_libcoap: Golioth CoAP client connected
I (16894) test_settings: Received test_int_range: 1
I (16894) test_settings: Received test_int: 1
I (16894) test_settings: Received test_bool: false
I (16904) test_settings: Received test_string: foo
I (16914) test_settings: Received test_restart: false
I (16914) test_settings: Received test_cancel: 0
I (16914) test_settings: Received test_float: 1.230000
I (16974) test_settings: Received test_bool: false
I (16984) test_settings: Received test_float: 1.230000
I (16984) test_settings: Received test_int: 1
I (16984) test_settings: Received test_restart: false
I (16994) test_settings: Received test_cancel: 0
I (16994) test_settings: Received test_string: foo
I (17004) test_settings: Received test_int_range: 1
E (17004) golioth_settings: Failed to send a response to server: 10
I (17054) test_settings: Received test_int: 1
I (17064) test_settings: Received test_cancel: 0
I (17064) test_settings: Received test_int_range: 1
I (17064) test_settings: Received test_float: 1.230000
I (17074) test_settings: Received test_bool: false
I (17074) test_settings: Received test_restart: false
I (17084) test_settings: Received test_string: foo
E (17084) golioth_settings: Failed to send a response to server: 10
I (17144) test_settings: Received test_float: 1.230000
I (17144) test_settings: Received test_int: 1
I (17144) test_settings: Received test_bool: false
I (17144) test_settings: Received test_string: foo
I (17154) test_settings: Received test_int_range: 1
I (17154) test_settings: Received test_restart: false
I (17164) test_settings: Received test_cancel: 0
E (17164) golioth_settings: Failed to send a response to server: 10
I (17414) test_settings: Received test_bool: false
I (17414) test_settings: Received test_int: 1
I (17414) test_settings: Received test_cancel: 0
I (17414) test_settings: Received test_restart: false
I (17424) test_settings: Received test_string: foo
I (17424) test_settings: Received test_float: 1.230000
I (17434) test_settings: Received test_int_range: 1
E (17434) golioth_settings: Failed to send a response to server: 10
I (17494) test_settings: Received test_restart: false
I (17494) test_settings: Received test_float: 1.230000
I (17494) test_settings: Received test_int: 1
I (17494) test_settings: Received test_int_range: 1
I (17504) test_settings: Received test_string: foo
I (17504) test_settings: Received test_bool: false
I (17514) test_settings: Received test_cancel: 0
E (17514) golioth_settings: Failed to send a response to server: 10
I (17574) test_settings: Received test_bool: false
I (17574) test_settings: Received test_restart: false
I (17574) test_settings: Received test_cancel: 0
I (17584) test_settings: Received test_float: 1.230000
I (17594) test_settings: Received test_int_range: 1
I (17594) test_settings: Received test_string: foo
I (17604) test_settings: Received test_int: 1
E (17604) golioth_settings: Failed to send a response to server: 10
I (17654) test_settings: Received test_float: 1.230000
I (17654) test_settings: Received test_int: 1
I (17654) test_settings: Received test_string: foo
I (17674) test_settings: Received test_bool: false
I (17674) test_settings: Received test_cancel: 0
I (17674) test_settings: Received test_int_range: 1
I (17684) test_settings: Received test_restart: false
E (17684) golioth_settings: Failed to send a response to server: 10
I (17744) test_settings: Received test_cancel: 0
I (17744) test_settings: Received test_float: 1.230000
I (17754) test_settings: Received test_int_range: 1
I (17754) test_settings: Received test_string: foo
I (17764) test_settings: Received test_restart: false
I (17764) test_settings: Received test_bool: false
I (17774) test_settings: Received test_int: 1
E (17774) golioth_settings: Failed to send a response to server: 10
I (18334) test_settings: Received test_int: 42
I (18344) test_s