esptool.py v4.8.1
Serial port /dev/serial/by-id/usb-Silicon_Labs_CP2102N_USB_to_UART_Bridge_Controller_6a5ea5870128ee11b6e611d8f49e3369-if00-port0
Connecting....
Detecting chip type... ESP32-S3
Chip is ESP32-S3 (QFN56) (revision v0.2)
Features: WiFi, BLE, Embedded PSRAM 2MB (AP_3v3)
Crystal is 40MHz
MAC: dc:da:0c:61:9f:74
Uploading stub...
Running stub...
Stub running...
Changing baud rate to 460800
Changed.
Configuring flash size...
Erasing flash (this may take a while)...
Chip erase completed successfully in 2.0s
Compressed 985072 bytes to 607331...
Writing at 0x00000000... (2 %)
Writing at 0x00011529... (5 %)
Writing at 0x0001e78f... (7 %)
Writing at 0x0002b0a5... (10 %)
Writing at 0x0003305c... (13 %)
Writing at 0x0003f0b0... (15 %)
Writing at 0x00044f7a... (18 %)
Writing at 0x0004a821... (21 %)
Writing at 0x000501c0... (23 %)
Writing at 0x0005573c... (26 %)
Writing at 0x0005aaf2... (28 %)
Writing at 0x0006034f... (31 %)
Writing at 0x00065a2c... (34 %)
Writing at 0x0006ac14... (36 %)
Writing at 0x0006fe9f... (39 %)
Writing at 0x0007520d... (42 %)
Writing at 0x0007a562... (44 %)
Writing at 0x0007f67f... (47 %)
Writing at 0x00084e03... (50 %)
Writing at 0x0008a333... (52 %)
Writing at 0x0008f811... (55 %)
Writing at 0x00094757... (57 %)
Writing at 0x00099a65... (60 %)
Writing at 0x0009ee8e... (63 %)
Writing at 0x000a3fb2... (65 %)
Writing at 0x000a926c... (68 %)
Writing at 0x000aec02... (71 %)
Writing at 0x000b3d84... (73 %)
Writing at 0x000b9232... (76 %)
Writing at 0x000be4d9... (78 %)
Writing at 0x000c55a4... (81 %)
Writing at 0x000cb22c... (84 %)
Writing at 0x000d36fb... (86 %)
Writing at 0x000d96de... (89 %)
Writing at 0x000df11f... (92 %)
Writing at 0x000e4be6... (94 %)
Writing at 0x000eab91... (97 %)
Writing at 0x000f01a6... (100 %)
Wrote 985072 bytes (607331 compressed) at 0x00000000 in 14.0 seconds (effective 561.2 kbit/s)...
Hash of data verified.

Leaving...
Hard resetting via RTS pin...
Build:Mar 27 2021
rst:0x1 (POWERON),boot:0x8 (SPI_FAST_FLASH_BOOT)
SPIWP:0xee
mode:DIO, clock div:1
load:0x3fce2810,len:0x15a0
load:0x403c8700,len:0x4
load:0x403c8704,len:0xd20
load:0x403cb700,len:0x2f3c
entry 0x403c8928
I (27) boot: ESP-IDF v5.4 2nd stage bootloader
I (27) boot: compile time Jan 16 2025 07:57:09
I (27) boot: Multicore bootloader
I (27) boot: chip revision: v0.2
I (30) boot: efuse block revision: v1.3
I (33) boot.esp32s3: Boot SPI Speed : 80MHz
I (37) boot.esp32s3: SPI Mode       : DIO
I (41) boot.esp32s3: SPI Flash Size : 4MB
I (45) boot: Enabling RNG early entropy source...
I (49) boot: Partition Table:
I (52) boot: ## Label            Usage          Type ST Offset   Length
I (58) boot:  0 nvs              WiFi data        01 02 00009000 00004000
I (65) boot:  1 otadata          OTA data         01 00 0000d000 00002000
I (71) boot:  2 phy_init         RF data          01 01 0000f000 00001000
I (78) boot:  3 factory          factory app      00 00 00010000 00100000
I (84) boot:  4 ota_0            OTA app          00 10 00110000 00100000
I (91) boot:  5 ota_1            OTA app          00 11 00210000 00100000
I (97) boot: End of partition table
I (100) boot: Defaulting to factory image
I (104) esp_image: segment 0: paddr=00010020 vaddr=3c0a0020 size=290cch (168140) map
I (141) esp_image: segment 1: paddr=000390f4 vaddr=3fc99300 size=04bach ( 19372) load
I (146) esp_image: segment 2: paddr=0003dca8 vaddr=40374000 size=02370h (  9072) load
I (148) esp_image: segment 3: paddr=00040020 vaddr=42000020 size=9d870h (645232) map
I (266) esp_image: segment 4: paddr=000dd898 vaddr=40376370 size=12f04h ( 77572) load
I (283) esp_image: segment 5: paddr=000f07a4 vaddr=600fe100 size=0001ch (    28) load
I (292) boot: Loaded app from partition at offset 0x10000
I (292) boot: Disabling RNG early entropy source...
I (302) cpu_start: Multicore app
D (302) cpu_start: Pro cpu up
D (302) cpu_start: Starting app cpu, entry point is 0x4037533c
D (0) cpu_start: App cpu up
D (311) clk: RTC_SLOW_CLK calibration value: 3694566
D (321) cpu_start: calling init function: 0x42003500 on core: 0
D (321) cpu_start: calling init function: 0x4200391c on core: 0
I (321) cpu_start: Pro cpu start user code
I (325) cpu_start: cpu freq: 160000000 Hz
D (329) cpu_start: calling init function: 0x42003420 on core: 0
I (334) app_init: Application information:
I (338) app_init: Project name:     certificate_auth
I (343) app_init: App version:      ae03125-dirty
I (347) app_init: Compile time:     Jan 16 2025 07:57:03
I (352) app_init: ELF file SHA256:  a62bdc840...
I (357) app_init: ESP-IDF:          v5.4
D (360) cpu_start: calling init function: 0x42003514 on core: 0
I (366) efuse_init: Min chip rev:     v0.0
I (370) efuse_init: Max chip rev:     v0.99 
I (374) efuse_init: Chip rev:         v0.2
D (378) cpu_start: calling init function: 0x420055a0 on core: 0
D (383) memory_layout: Checking 6 reserved memory ranges:
D (388) memory_layout: Reserved memory range 0x3fc84000 - 0x3fc99300
D (395) memory_layout: Reserved memory range 0x3fc99300 - 0x3fca5148
D (401) memory_layout: Reserved memory range 0x3fceee34 - 0x3fcf0000
D (407) memory_layout: Reserved memory range 0x40374000 - 0x40389300
D (413) memory_layout: Reserved memory range 0x600fe000 - 0x600fe11c
D (419) memory_layout: Reserved memory range 0x600fffe8 - 0x60100000
D (425) memory_layout: Building list of available memory regions:
D (431) memory_layout: Available memory region 0x3fca5148 - 0x3fcb0000
D (437) memory_layout: Available memory region 0x3fcb0000 - 0x3fcc0000
D (443) memory_layout: Available memory region 0x3fcc0000 - 0x3fcd0000
D (449) memory_layout: Available memory region 0x3fcd0000 - 0x3fce0000
D (456) memory_layout: Available memory region 0x3fce0000 - 0x3fce9710
D (462) memory_layout: Available memory region 0x3fce9710 - 0x3fceee34
D (468) memory_layout: Available memory region 0x3fcf0000 - 0x3fcf8000
D (474) memory_layout: Available memory region 0x600fe11c - 0x600fffe8
I (481) heap_init: Initializing. RAM available for dynamic allocation:
D (487) heap_init: New heap initialised at 0x3fca5148
I (492) heap_init: At 3FCA5148 len 000445C8 (273 KiB): RAM
I (497) heap_init: At 3FCE9710 len 00005724 (21 KiB): RAM
D (502) heap_init: New heap initialised at 0x3fcf0000
I (507) heap_init: At 3FCF0000 len 00008000 (32 KiB): DRAM
D (512) heap_init: New heap initialised at 0x600fe11c
I (517) heap_init: At 600FE11C len 00001ECC (7 KiB): RTCRAM
D (522) cpu_start: calling init function: 0x42008018 on core: 0
D (528) cpu_start: calli
esp32> 
esp32> 
esp32> 
esp32> settings set wifi/ssid "***JONS_ORANGE_PI_WIFI_SSID***"
D (6032) nvs: nvs_open_from_partition example 1
D (6032) nvs: nvs_set_str w_ssid ***JONS_ORANGE_PI_WIFI_SSID***
D (6032) nvs: nvs_close 7
Setting wifi/ssid saved
esp32> 
esp32> 
esp32> 
esp32> 
esp32> 
esp32> settings set wifi/psk "***JONS_ORANGE_PI_WIFI_PSK***"
D (6062) nvs: nvs_open_from_partition example 1
D (6062) nvs: nvs_set_str w_pass ***JONS_ORANGE_PI_WIFI_PSK***
D (6062) nvs: nvs_close 8
Setting wifi/psk saved
esp32> 
esp32> D (6342) nvs: nvs_open_from_partition example 1
D (6342) nvs: nvs_get_str_or_blob w_ssid
D (6342) nvs: nvs_close 9
D (6342) nvs: nvs_open_from_partition example 1
D (6352) nvs: nvs_get_str_or_blob w_pass
D (6352) nvs: nvs_close 10
D (6352) nvs: nvs_open_from_partition example 1
D (6352) nvs: nvs_get_str_or_blob w_ssid
D (6362) nvs: nvs_close 11
D (6362) nvs: nvs_open_from_partition example 1
D (6362) nvs: nvs_get_str_or_blob w_pass
D (6362) nvs: nvs_close 12
D (6382) esp_netif_lwip: LwIP stack has been initialized
D (6382) esp_netif_lwip: esp-netif has been successfully initialized
D (6382) event: running task for loop 0x3fcae1e4
D (6382) event: created task for loop 0x3fcae1e4
D (6392) event: created event loop 0x3fcae1e4
D (6392) esp_netif_lwip: check: remote, if=0x3fca8aa4 fn=0x42037b04
D (6402) esp_netif_objects: esp_netif_add_to_list_unsafe netif added successfully (total netifs: 1)
D (6412) esp_netif_lwip: call api in lwip: ret=0x0, give sem
I (6412) pp: pp rom version: e7ae62f
I (6422) net80211: net80211 rom version: e7ae62f
D (6432) nvs: nvs_open_from_partition misc 1
D (6442) efuse: BLK1 REG1 [8-15], len=8 bits
D (6442) efuse: BLK1 REG1 [0-7], len=8 bits
D (6442) efuse: BLK1 REG0 [24-31], len=8 bits
D (6442) efuse: BLK1 REG0 [16-23], len=8 bits
D (6442) efuse: BLK1 REG0 [8-15], len=8 bits
D (6442) efuse: BLK1 REG0 [0-7], len=8 bits
D (6452) nvs: nvs_open_from_partition nvs.net80211 1
D (6462) nvs: nvs_get opmode 1
D (6462) nvs: nvs_get_str_or_blob sta.ssid
D (6462) nvs: nvs_get sta.authmode 1
D (6472) nvs: nvs_get_str_or_blob sta.pswd
D (6472) nvs: nvs_get_str_or_blob sta.pmk
D (6472) nvs: nvs_get sta.chan 1
D (6472) nvs: nvs_get auto.conn 1
D (6492) nvs: nvs_get bssid.set 1
D (6492) nvs: nvs_get_str_or_blob sta.bssid
D (6492) nvs: nvs_get sta.lis_intval 2
D (6492) nvs: nvs_get sta.phym 1
D (6502) nvs: nvs_get sta.phybw 1
D (6502) nvs: nvs_get_str_or_blob sta.apsw
D (6502) nvs: nvs_get_str_or_blob sta.apinfo
D (6512) nvs: nvs_get sta.scan_method 1
D (6512) nvs: nvs_get sta.sort_method 1
D (6512) nvs: nvs_get sta.minrssi 1
D (6512) nvs: nvs_get sta.minauth 1
D (6522) nvs: nvs_get sta.pmf_e 1
D (6522) nvs: nvs_get sta.pmf_r 1
D (6522) nvs: nvs_get sta.btm_e 1
D (6522) nvs: nvs_get sta.rrm_e 1
D (6542) nvs: nvs_get sta.mbo_e 1
D (6542) nvs: nvs_get_str_or_blob ap.ssid
D (6542) nvs: nvs_get_str_or_blob ap.passwd
D (6542) nvs: nvs_get_str_or_blob ap.pmk
D (6552) nvs: nvs_get ap.chan 1
D (6552) nvs: nvs_get ap.authmode 1
D (6552) nvs: nvs_get ap.hidden 1
D (6552) nvs: nvs_get ap.max.conn 1
D (6562) nvs: nvs_get bcn.interval 2
D (6562) nvs: nvs_get ap.phym 1
D (6562) nvs: nvs_get ap.phybw 1
D (6562) nvs: nvs_get ap.sndchan 1
D (6572) nvs: nvs_get ap.pmf_e 1
D (6572) nvs: nvs_get ap.pmf_r 1
D (6572) nvs: nvs_get ap.p_cipher 1
D (6572) nvs: nvs_get lorate 1
D (6592) nvs: nvs_get_str_or_blob country
D (6592) nvs: nvs_get ap.ftm_r 1
D (6592) nvs: nvs_get sta.ft 1
D (6592) nvs: nvs_get sta.owe 1
D (6602) nvs: nvs_get sta.trans_d 1
D (6602) nvs: nvs_get sta.sae_h2e 1
D (6602) nvs: nvs_get sta.sae_pk_mode 1
D (6602) nvs: nvs_get sta.bss_retry 1
D (6612) nvs: nvs_get_str_or_blob sta.owe_data
D (6612) nvs: nvs_get sta.he_dcm 1
D (6612) nvs: nvs_get sta.he_dcm_c_tx 1
D (6622) nvs: nvs_get sta.he_dcm_c_rx 1
D (6622) nvs: nvs_get sta.he_mcs9_d 1
D (6622) nvs: nvs_get sta.he_su_b_d 1
D (6622) nvs: nvs_get sta.he_su_b_f_d 1
D (6642) nvs: nvs_get sta.he_mu_b_f_d 1
D (6642) nvs: nvs_get sta.he_cqi_f_d 1
D (6642) nvs: nvs_get_str_or_blob sta.sae_h2e_id
D (6652) nvs: nvs_get ap.sae_h2e 1
D (6652) nvs: nvs_get_str_or_blob ap.pmk_info
D (6652) nvs: nvs_get nan.phym 1
D (6652) nvs: nvs_get sta.pwr_reset 1
D (6662) nvs: nvs_get band_mode 1
D (6662) nvs: nvs_get sta.phym5g 1
D (6662) nvs: nvs_get ap.phym5g 1
D (6662) nvs: nvs_get sta.phybw5g 1
D (6672) nvs: nvs_get ap.phybw5g 1
D (6672) nvs: nvs_get ap.sndchan5g 1
D (6672) nvs: nvs_get ap.chan5g 1
D (6672) nvs: nvs_get ap.chanisset 1
D (6692) nvs: nvs_get ap.chan5gisset 1
D (6692) nvs: nvs_get sta.rssi_5g_adj 1
D (6692) nvs: nvs_get ap.csa_count 1
D (6702) nvs: nvs_get ap.dtim_period 1
D (6702) nvs: nvs_set ap.sndchan 1 1
I (6702) wifi_init: rx ba win: 6
I (6702) wifi_init: accept mbox: 6
I (6702) wifi_init: tcpip mbox: 32
I (6702) wifi_init: udp mbox: 6
I (6712) wifi_init: tcp mbox: 6
I (6712) wifi_init: tcp tx win: 5760
I (6722) wifi_init: tcp rx win: 5760
I (6722) wifi_init: tcp mss: 1440
I (6732) wifi_init: WiFi IRAM OP enabled
I (6732) wifi_init: WiFi RX IRAM OP enabled
I (6732) phy_init: phy_version 680,D (7472) intr_alloc: Connected src 77 to int 12 (cpu 0)
D (7482) event: running post WIFI_EVENT:4 with handler 0x42039d20 and context 0x3fcaf39c on loop 0x3fcae1e4
D (7482) esp_netif_handlers: esp_netif action connected with netif0x3fcaf12c from event_id=4
D (7492) esp_netif_lwip: check: remote, if=0x3fcaf12c fn=0x42038054
D (7492) esp_netif_lwip: esp_netif_up_api esp_netif:0x3fcaf12c
D (7502) esp_netif_lwip: call api in lwip: ret=0x0, give sem
D (7502) esp_netif_lwip: check: remote, if=0x3fcaf12c fn=0x42037824
D (7512) esp_netif_lwip: esp_netif_dhcpc_start_api esp_netif:0x3fcaf12c
D (7522) esp_netif_lwip: esp_netif_start_ip_lost_timer esp_netif:0x3fcaf12c
D (7532) esp_netif_lwip: if0x3fcaf12c start ip lost tmr: interval=120
D (7532) esp_netif_lwip: starting dhcp client
D (7542) esp_netif_lwip: call api in lwip: ret=0x0, give sem
D (7542) event: running post WIFI_EVENT:4 with handler 0x4200d620 and context 0x3fcb0130 on loop 0x3fcae1e4
D (8552) esp_netif_lwip: esp_netif_internal_dhcpc_cb lwip-netif:0x3fcaf1b8
D (8552) esp_netif_lwip: check: local, if=0x3fcaf12c fn=0x42038610
D (8552) esp_netif_lwip: esp_netif_update_default_netif_lwip 0x3fcaf12c
D (8562) esp_netif_lwip: if0x3fcaf12c ip changed=1
D (8562) event: running post IP_EVENT:0 with handler 0x42039e90 and context 0x3fcaf410 on loop 0x3fcae1e4
D (8572) wifi_init_default: Got IP wifi default handler entered
D (8582) esp_netif_handlers: esp_netif action got_ip with netif0x3fcaf12c from event_id=0
I (8582) esp_netif_handlers: sta ip: 192.168.8.168, mask: 255.255.255.0, gw: 192.168.8.1
D (8602) event: running post IP_EVENT:0 with handler 0x4200d620 and context 0x3fcb82e8 on loop 0x3fcae1e4
I (8612) example_wifi: WiFi Connected. Got IP:192.168.8.168
I (8612) example_wifi: Connected to AP SSID: ***JONS_ORANGE_PI_WIFI_SSID***
I (8612) golioth_mbox: Mbox created, bufsize: 2520, num_items: 20, item_size: 120
I (8622) certificate_auth: Counter = 0
I (8632) golioth_coap_client_libcoap: Start CoAP session with host: coaps://coap.golioth.io
D (8632) RANDOM: getrandom(buf=0x3fcbc1a4, buflen=2, flags=0)
D (8632) RANDOM: getrandom returns 2
D (8642) RANDOM: getrandom(buf=0x3fcbc248, buflen=4, flags=0)
D (8642) RANDOM: getrandom returns 4
I (8672) golioth_coap_client_libcoap: Entering CoAP I/O loop
D (8672) RANDOM: getrandom(buf=0x3fcbb740, buflen=1, flags=0)
D (8672) RANDOM: getrandom returns 1
D (9472) intr_alloc: Connected src 76 to int 13 (cpu 0)
I (10462) golioth_coap_client_libcoap: Golioth CoAP client connected
I (10462) certificate_auth: Golioth client connected
D (10462) RANDOM: getrandom(buf=0x3fcbb790, buflen=1, flags=0)
D (10472) RANDOM: getrandom returns 1
D (10522) RANDOM: getrandom(buf=0x3fcbb790, buflen=1, flags=0)
D (10522) RANDOM: getrandom returns 1
D (10672) RANDOM: getrandom(buf=0x3fcbb790, buflen=1, flags=0)
D (10672) RANDOM: getrandom returns 1
I (13632) certificate_auth: Counter = 1
D (13632) RANDOM: getrandom(buf=0x3fcbb790, buflen=1, flags=0)
D (13632) RANDOM: getrandom returns 1
I (18632) certificate_auth: Counter = 2
D (18632) RANDOM: getrandom(buf=0x3fcbb790, buflen=1, flags=0)
D (18632) RANDOM: getrandom returns 1
I (23632) certificate_auth: Counter = 3
D (23632) RANDOM: getra