esptool.py v4.9.0
Serial port /dev/serial/by-id/usb-Silicon_Labs_CP2102N_USB_to_UART_Bridge_Controller_ca317d585c76eb11ba0a87abb7be2ba5-if00-port0
Connecting....
Detecting chip type... ESP32-C3
Chip is ESP32-C3 (QFN32) (revision v0.3)
Features: WiFi, BLE, Embedded Flash 4MB (XMC)
Crystal is 40MHz
MAC: 84:f7:03:09:96:10
Uploading stub...
Running stub...
Stub running...
Changing baud rate to 460800
Changed.
Configuring flash size...
Erasing flash (this may take a while)...
Chip erase completed successfully in 22.3 seconds.
Compressed 1022560 bytes to 599017...
Writing at 0x00000000... (2 %)
Writing at 0x00011bff... (5 %)
Writing at 0x0001e940... (8 %)
Writing at 0x0002aa4a... (10 %)
Writing at 0x00033fc6... (13 %)
Writing at 0x0003bcd3... (16 %)
Writing at 0x00041e17... (18 %)
Writing at 0x0004819f... (21 %)
Writing at 0x0004e6e0... (24 %)
Writing at 0x00054e4b... (27 %)
Writing at 0x0005a6d3... (29 %)
Writing at 0x000602c1... (32 %)
Writing at 0x0006695f... (35 %)
Writing at 0x0006c4d4... (37 %)
Writing at 0x0007238e... (40 %)
Writing at 0x00078671... (43 %)
Writing at 0x0007e441... (45 %)
Writing at 0x000843cf... (48 %)
Writing at 0x000898ef... (51 %)
Writing at 0x0008f3df... (54 %)
Writing at 0x000955fa... (56 %)
Writing at 0x0009b01a... (59 %)
Writing at 0x000a095a... (62 %)
Writing at 0x000a68de... (64 %)
Writing at 0x000ace76... (67 %)
Writing at 0x000b2f36... (70 %)
Writing at 0x000b93de... (72 %)
Writing at 0x000bf36a... (75 %)
Writing at 0x000c50ac... (78 %)
Writing at 0x000ca6c7... (81 %)
Writing at 0x000d04f0... (83 %)
Writing at 0x000d620e... (86 %)
Writing at 0x000dd1e6... (89 %)
Writing at 0x000e3676... (91 %)
Writing at 0x000ea31b... (94 %)
Writing at 0x000f03c2... (97 %)
Writing at 0x000f626d... (100 %)
Wrote 1022560 bytes (599017 compressed) at 0x00000000 in 20.4 seconds (effective 401.6 kbit/s)...
Hash of data verified.

Leaving...
Hard resetting via RTS pin...
Build:Feb  7 2021
rst:0x1 (POWERON),boot:0xc (SPI_FAST_FLASH_BOOT)
SPIWP:0xee
mode:DIO, clock div:1
load:0x3fcd5820,len:0x1574
load:0x403cc710,len:0xc30
load:0x403ce710,len:0x2ff0
entry 0x403cc71a
I (30) boot: ESP-IDF v5.4.1 2nd stage bootloader
I (30) boot: compile time Oct 16 2025 20:32:23
I (30) boot: chip revision: v0.3
I (30) boot: efuse block revision: v1.1
I (34) boot.esp32c3: SPI Speed      : 80MHz
I (38) boot.esp32c3: SPI Mode       : DIO
I (41) boot.esp32c3: SPI Flash Size : 4MB
I (45) boot: Enabling RNG early entropy source...
I (50) boot: Partition Table:
I (52) boot: ## Label            Usage          Type ST Offset   Length
I (59) boot:  0 nvs              WiFi data        01 02 00009000 00006000
I (65) boot:  1 phy_init         RF data          01 01 0000f000 00001000
I (72) boot:  2 factory          factory app      00 00 00010000 00100000
I (78) boot: End of partition table
I (81) esp_image: segment 0: paddr=00010020 vaddr=3c0b0020 size=254b0h (152752) map
I (113) esp_image: segment 1: paddr=000354d8 vaddr=3fc93400 size=03048h ( 12360) load
I (116) esp_image: segment 2: paddr=00038528 vaddr=40380000 size=07af0h ( 31472) load
I (123) esp_image: segment 3: paddr=00040020 vaddr=42000020 size=ae16ch (713068) map
I (238) esp_image: segment 4: paddr=000ee194 vaddr=40387af0 size=0b880h ( 47232) load
I (247) esp_image: segment 5: paddr=000f9a1c vaddr=50000200 size=0001ch (    28) load
I (253) boot: Loaded app from partition at offset 0x10000
I (254) boot: Disabling RNG early entropy source...
I (265) cpu_start: Unicore app
I (273) cpu_start: Pro cpu start user code
I (273) cpu_start: cpu freq: 160000000 Hz
I (273) app_init: Application information:
I (273) app_init: Project name:     test
I (277) app_init: App version:      6473c38-dirty
I (281) app_init: Compile time:     Oct 16 2025 20:32:16
I (286) app_init: ELF file SHA256:  4b99ed720...
I (291) app_init: ESP-IDF:          v5.4.1
I (295) efuse_init: Min chip rev:     v0.3
I (298) efuse_init: Max chip rev:     v1.99 
I (302) efuse_init: Chip rev:         v0.3
I (306) heap_init: Initializing. RAM available for dynamic allocation:
I (313) heap_init: At 3FC9DE20 len 000221E0 (136 KiB): RAM
I (318) heap_init: At 3FCC0000 len 0001C710 (113 KiB): Retention RAM
I (324) heap_init: At 3FCDC710 len 00002950 (10 KiB): Retention RAM
I (330) heap_init: At 5000021C len 00001DCC (7 KiB): RTCRAM
I (336) spi_flash: detected chip: generic
I (339) spi_flash: flash io: dio
I (342) sleep_gpio: Configure to isolate all GPIO pins in sleep state
I (348) sleep_gpio: Enable automatic switching of GPIO sleep configuration
I (355) main_task: Started on CPU0
I (385) main_task: Calling app_main()
[5n
Type 'help' to get the list of commands.
Use UP/DOWN arrows to navigate through command history.
Press TAB when typing command name to auto-complete.

Your terminal application does not support escape sequences.

Line editing and history features are disabled.

On Windows, try using Putty instead.
esp32> W (885) hil_test: WiFi and Golioth credentials are not set. Use the shell settings commands to set them.

esp32> 
esp32> 
esp32> 
esp32> settings set wifi/ssid "***JONS_ORANGE_PI_WIFI_SSID***"
Setting wifi/ssid saved
esp32> 
esp32> 
esp32> 
esp32> 
esp32> 
esp32> settings set wifi/psk "***JONS_ORANGE_PI_WIFI_PSK***"
Setting wifi/psk saved
es::add-mask::generated-QIBcrbgYLjNdaWhF
p32> 
esp32> 
esp32> 
esp32> 
esp32> 
esp32> settings set golioth/psk-id "generated-QIBcrbgYLjNdaWhF@firmware_ci"
Setting golioth/psk-id saved
esp32> 
esp32> 
esp32> 
esp32> 
esp32> 
esp32> settings set golioth/psk "generated-QIBcrbgYLjNdaWhF"
Setting golioth/psk saved
esp32> 
esp32> I (14905) pp: pp rom version: 9387209
I (14905) net80211: net80211 rom version: 9387209
I (14925) wifi_init: rx ba win: 6
I (14925) wifi_init: accept mbox: 6
I (14925) wifi_init: tcpip mbox: 32
I (14925) wifi_init: udp mbox: 6
I (14925) wifi_init: tcp mbox: 6
I (14935) wifi_init: tcp tx win: 5760
I (14935) wifi_init: tcp rx win: 5760
I (14935) wifi_init: tcp mss: 1440
I (14945) wifi_init: WiFi IRAM OP enabled
I (14945) wifi_init: WiFi RX IRAM OP enabled
I (14945) phy_init: phy_version 1200,2b7123f9,Feb 18 2025,15:22:21
W (14955) phy_init: failed to load RF calibration data (0x1102), falling back to full calibration
I (14985) phy_init: Saving new calibration data due to checksum failure or outdated calibration data, mode(2)
I (16405) esp_netif_handlers: sta ip: 192.168.8.141, mask: 255.255.255.0, gw: 192.168.8.1
I (16405) example_wifi: WiFi Connected. Got IP:192.168.8.141
I (16415) example_wifi: Connected to AP SSID: ***JONS_ORANGE_PI_WIFI_SSID***
I (16415) golioth_mbox: Mbox created, bufsize: 2688, num_items: 20, item_size: 128
I (16435) golioth_coap_client_libcoap: Start CoAP session with host: coaps://coap.golioth.io
I (16435) golioth_coap_client_libcoap: Session PSK-ID: generated-QIBcrbgYLjNdaWhF@firmware_ci
I (16445) libcoap: Setting PSK key

I (16455) golioth_coap_client_libcoap: Entering CoAP I/O loop
I (16905) golioth_coap_client_libcoap: Golioth CoAP client connected
I (17155) test_settings: Received test_int_range: 1
I (17155) test_settings: Received test_bool: false
I (17155) test_settings: Received test_cancel: 0
I (17165) test_settings: Received test_int: 1
I (17175) test_settings: Received test_restart: false
I (17175) test_settings: Received test_float: 1.230000
I (17185) test_settings: Received test_string: foo
I (17365) test_settings: Received test_float: 1.230000
I (17365) test_settings: Received test_int_range: 1
I (17365) test_settings: Received test_restart: false
I (17375) test_settings: Received test_string: foo
I (17375) test_settings: Received test_bool: false
I (17375) test_settings: Received test_cancel: 0
I (17385) test_settings: Received test_int: 1
E (17385) golioth_settings: Failed to send a response to server: 10
I (17565) test_settings: Received test_cancel: 0
I (17565) test_settings: Received test_string: foo
I (17575) test_settings: Received test_int: 1
I (17575) test_settings: Received test_int_range: 1
I (17585) test_settings: Received test_bool: false
I (17585) test_settings: Received test_restart: false
I (17595) test_settings: Received test_float: 1.230000
E (17595) golioth_settings: Failed to send a response to server: 10
I (18075) test_settings: Received test_cancel: 0
I (18075) test_settings: Received test_int: 1
I (18075) test_settings: Received test_restart: false
I (18075) test_settings: Received test_string: foo
I (18085) test_settings: Received test_int_range: 1
I (18085) test_settings: Received test_bool: false
I (18095) test_settings: Received test_float: 1.230000
E (18095) golioth_settings: Failed to send a response to server: 10
I (18185) test_settings: Received test_float: 1.230000
I (18185) test_settings: Received test_int: 1
I (18185) test_settings: Received test_string: foo
I (18185) test_settings: Received test_restart: false
I (18195) test_settings: Received test_bool: false
I (18195) test_settings: Received test_cancel: 0
I (18205) test_settings: Received test_int_range: 1
E (18205) golioth_settings: Failed to send a response to server: 10
I (18385) test_settings: Received test_bool: false
I (18385) test_settings: Received test_string: foo
I (18385) test_settings: Received test_int: 1
I (18385) test_settings: Received test_int_range: 1
I (18395) test_settings: Received test_restart: false
I (18405) test_settings: Received test_cancel: 0
I (18415) test_settings: Received test_float: 1.230000
E (18415) golioth_settings: Failed to send a response to server: 10
I (18595) test_settings: Received test_cancel: 0
I (18595) test_settings: Received test_int: 1
I (18595) test_settings: Received test_string: foo
I (18595) test_settings: Received test_bool: false
I (18605) test_settings: Received test_float: 1.230000
I (18605) test_settings: Received test_restart: false
I (18615) test_settings: Received test_int_range: 1
E (18615) golioth_settings: Failed to send a response to server: 10
I (18795) test_settings: Received test_bool: false
I (18795) test_settings: Received test_restart: false
I (18795) test_settings: Received test_string: foo
I (18805) test_settings: Received test_cancel: 0
I (18805) test_settings: Received test_float: 1.230000
I (18815) test_settings: Received test_int_range: 1
I (18825) test_settings: Received test_int: 1
E (18825) golioth_settings: Failed to send a response to server: 10
I (18905) test_settings: Received test_cancel: 0
I (18905) test_settings: Received test_string: foo
I (18905) test_settings: Received test_int: 1
I (18905) test_settings: Received test_int_range: 1
I (18915) test_settings: Received test_restart: false
I (18915) test_settings: Received test_bool: false
I (18925) test_settings: Received test_float: 1.230000
E (18935) golioth_settings: Failed to send a response to server: 10
I (21905) test_settings: Settings registration complete
I (23685) test_settings: Received test_float: 1.230000
I (23685) test_settings: Received test_restart: false
I (23685) test_settings: Received test_cancel: 0
I (23695) test_settings: Received test_bool: false
I (23695) test_settings: Received test_int: 42
I (23695) test_settings: Received test_int_range: 1
I (237