esptool.py v4.9.0
Serial port /dev/serial/by-id/usb-Silicon_Labs_CP2102N_USB_to_UART_Bridge_Controller_90568bbbd827ee11b31a14d8f49e3369-if00-port0
Connecting..........
Detecting chip type... Unsupported detection protocol, switching and trying again...
Connecting....
Detecting chip type... ESP32
Chip is ESP32-D0WD-V3 (revision v3.1)
Features: WiFi, BT, Dual Core, 240MHz, VRef calibration in efuse, Coding Scheme None
Crystal is 40MHz
MAC: a0:a3:b3:8b:38:c0
Uploading stub...
Running stub...
Stub running...
Changing baud rate to 460800
Changed.
Configuring flash size...
Erasing flash (this may take a while)...
Chip erase completed successfully in 2.2 seconds.
Compressed 968320 bytes to 608521...
Writing at 0x00000000... (2 %)
Writing at 0x000074b0... (5 %)
Writing at 0x0001bff1... (7 %)
Writing at 0x00028c16... (10 %)
Writing at 0x00031728... (13 %)
Writing at 0x0003aea1... (15 %)
Writing at 0x0004058c... (18 %)
Writing at 0x00045f58... (21 %)
Writing at 0x0004b77b... (23 %)
Writing at 0x00050d0e... (26 %)
Writing at 0x00055fc8... (28 %)
Writing at 0x0005b2e5... (31 %)
Writing at 0x00060a07... (34 %)
Writing at 0x00065aba... (36 %)
Writing at 0x0006ad5c... (39 %)
Writing at 0x0006fff1... (42 %)
Writing at 0x0007513c... (44 %)
Writing at 0x0007a430... (47 %)
Writing at 0x0007f951... (50 %)
Writing at 0x00085289... (52 %)
Writing at 0x0008ab65... (55 %)
Writing at 0x0008fddd... (57 %)
Writing at 0x0009504f... (60 %)
Writing at 0x0009a789... (63 %)
Writing at 0x0009fea5... (65 %)
Writing at 0x000a518f... (68 %)
Writing at 0x000aa916... (71 %)
Writing at 0x000b0215... (73 %)
Writing at 0x000b52d5... (76 %)
Writing at 0x000ba73b... (78 %)
Writing at 0x000c002c... (81 %)
Writing at 0x000c7931... (84 %)
Writing at 0x000cdfd1... (86 %)
Writing at 0x000d57bb... (89 %)
Writing at 0x000dae16... (92 %)
Writing at 0x000e08b0... (94 %)
Writing at 0x000e643c... (97 %)
Writing at 0x000eb783... (100 %)
Wrote 968320 bytes (608521 compressed) at 0x00000000 in 14.2 seconds (effective 547.1 kbit/s)...
Hash of data verified.

Leaving...
Hard resetting via RTS pin...
x00,d_drv:0x00,cs0_drv:0x00,hd_drv:0x00,wp_drv:0x00
mode:DIO, clock div:2
load:0x3fff0030,len:6276
load:0x40078000,len:15828
load:0x40080400,len:4
ho 8 tail 4 room 4
load:0x40080404,len:3860
entry 0x4008063c
I (31) boot: ESP-IDF v5.4.1 2nd stage bootloader
I (31) boot: compile time Oct 16 2025 20:32:51
I (31) boot: Multicore bootloader
I (32) boot: chip revision: v3.1
I (35) boot.esp32: SPI Speed      : 40MHz
I (39) boot.esp32: SPI Mode       : DIO
I (43) boot.esp32: SPI Flash Size : 4MB
I (46) boot: Enabling RNG early entropy source...
I (51) boot: Partition Table:
I (53) boot: ## Label            Usage          Type ST Offset   Length
I (60) boot:  0 nvs              WiFi data        01 02 00009000 00006000
I (66) boot:  1 phy_init         RF data          01 01 0000f000 00001000
I (73) boot:  2 factory          factory app      00 00 00010000 00100000
I (79) boot: End of partition table
I (82) esp_image: segment 0: paddr=00010020 vaddr=3f400020 size=24100h (147712) map
I (140) esp_image: segment 1: paddr=00034128 vaddr=3ff80000 size=0001ch (    28) load
I (141) esp_image: segment 2: paddr=0003414c vaddr=3ffb0000 size=040d8h ( 16600) load
I (150) esp_image: segment 3: paddr=0003822c vaddr=40080000 size=07dech ( 32236) load
I (164) esp_image: segment 4: paddr=00040020 vaddr=400d0020 size=9d484h (644228) map
I (385) esp_image: segment 5: paddr=000dd4ac vaddr=40087dec size=0f1a8h ( 61864) load
I (420) boot: Loaded app from partition at offset 0x10000
I (420) boot: Disabling RNG early entropy source...
I (430) cpu_start: Multicore app
I (439) cpu_start: Pro cpu start user code
I (439) cpu_start: cpu freq: 160000000 Hz
I (439) app_init: Application information:
I (439) app_init: Project name:     test
I (442) app_init: App version:      6473c38-dirty
I (447) app_init: Compile time:     Oct 16 2025 20:32:44
I (452) app_init: ELF file SHA256:  bd54b5985...
I (456) app_init: ESP-IDF:          v5.4.1
I (460) efuse_init: Min chip rev:     v0.0
I (464) efuse_init: Max chip rev:     v3.99 
I (468) efuse_init: Chip rev:         v3.1
I (472) heap_init: Initializing. RAM available for dynamic allocation:
I (478) heap_init: At 3FFAE6E0 len 00001920 (6 KiB): DRAM
I (483) heap_init: At 3FFBC0B8 len 00023F48 (143 KiB): DRAM
I (488) heap_init: At 3FFE0440 len 00003AE0 (14 KiB): D/IRAM
I (494) heap_init: At 3FFE4350 len 0001BCB0 (111 KiB): D/IRAM
I (499) heap_init: At 40096F94 len 0000906C (36 KiB): IRAM
I (506) spi_flash: detected chip: generic
I (508) spi_flash: flash io: dio
W (511) spi_flash: Detected size(8192k) larger than the size in the binary image header(4096k). Using the size in the binary image header.
I (524) main_task: Started on CPU0
I (534) main_task: Calling app_main()
[5n
Type 'help' to get the list of commands.
Use UP/DOWN arrows to navigate through command history.
Press TAB when typing command name to auto-complete.

Your terminal application does not support escape sequences.

Line editing and history features are disabled.

On Windows, try using Putty instead.
esp32> W (1044) hil_test: WiFi and Golioth credentials are not set. Use the shell settings commands to set them.

esp32> 
esp32> 
esp32> 
esp32> settings set wifi/ssid "***SAMS_ORANGE_PI_WIFI_SSID***"
Setting wifi/ssid saved
esp32> 
esp32> 
esp32> 
esp32> 
esp32> 
esp32> settings set wifi/psk "***SAMS_ORANGE_PI_WIFI_PSK***"
Setting wifi/psk saved
esp32> 
esp32> ::add-mask::generated-jbuVtPNnFTyaJtLF

esp32> 
esp32> 
esp32> 
esp32> settings set golioth/psk-id "generated-jbuVtPNnFTyaJtLF@firmware_ci"
Setting golioth/psk-id saved
esp32> 
esp32> 
esp32> 
esp32> 
esp32> 
esp32> settings set golioth/psk "generated-jbuVtPNnFTyaJtLF"
Setting golioth/psk saved
esp32> 
esp32> I (8094) wifi_init: rx ba win: 6
I (8094) wifi_init: accept mbox: 6
I (8094) wifi_init: tcpip mbox: 32
I (8094) wifi_init: udp mbox: 6
I (8094) wifi_init: tcp mbox: 6
I (8114) wifi_init: tcp tx win: 5760
I (8114) wifi_init: tcp rx win: 5760
I (8114) wifi_init: tcp mss: 1440
I (8114) wifi_init: WiFi IRAM OP enabled
I (8124) wifi_init: WiFi RX IRAM OP enabled
I (8124) phy_init: phy_version 4860,6b7a6e5,Feb  6 2025,14:47:07
W (8124) phy_init: failed to load RF calibration data (0x1102), falling back to full calibration
I (8204) phy_init: Saving new calibration data due to checksum failure or outdated calibration data, mode(2)
I (10204) esp_netif_handlers: sta ip: 192.168.0.118, mask: 255.255.255.0, gw: 192.168.0.1
I (10204) example_wifi: WiFi Connected. Got IP:192.168.0.118
I (10204) example_wifi: Connected to AP SSID: ***SAMS_ORANGE_PI_WIFI_SSID***
I (10214) golioth_mbox: Mbox created, bufsize: 2688, num_items: 20, item_size: 128
I (10244) golioth_coap_client_libcoap: Start CoAP session with host: coaps://coap.golioth.io
I (10254) golioth_coap_client_libcoap: Session PSK-ID: generated-jbuVtPNnFTyaJtLF@firmware_ci
I (10264) libcoap: Setting PSK key

I (10274) golioth_coap_client_libcoap: Entering CoAP I/O loop
I (10474) golioth_coap_client_libcoap: Golioth CoAP client connected
I (13604) test_lightdb: LightDB State desired data is ready
W (16544) golioth_coap_client_libcoap: CoAP message retransmitted
W (18794) golioth_coap_client_libcoap: CoAP message retransmitted
W (21734) golioth_coap_client_libcoap: CoAP message retransmitted
W (22844) golioth_coap_client_libcoap: 4.00 (req type: 3, path: .d/hil/lightdb/invalid/dot), len 0
I (22944) test_lightdb: LightDB State reported data is ready
