esptool.py v4.9.0
Serial port /dev/serial/by-id/usb-Silicon_Labs_CP2102N_USB_to_UART_Bridge_Controller_061a7f3b498bef11918522ccef8776e9-if00-port0
Connecting....
Detecting chip type... ESP32-C3
Chip is ESP32-C3 AZ (QFN32) (revision v1.1)
Features: WiFi, BLE, Embedded Flash 4MB (XMC)
Crystal is 40MHz
MAC: 18:8b:0e:af:95:48
Uploading stub...
Running stub...
Stub running...
Changing baud rate to 460800
Changed.
Configuring flash size...
Erasing flash (this may take a while)...
Chip erase completed successfully in 0.3 seconds.
Compressed 1011200 bytes to 593282...
Writing at 0x00000000... (2 %)
Writing at 0x00011bff... (5 %)
Writing at 0x0001e5bc... (8 %)
Writing at 0x0002a59c... (10 %)
Writing at 0x00033b93... (13 %)
Writing at 0x0003b69f... (16 %)
Writing at 0x000417ef... (18 %)
Writing at 0x00047a07... (21 %)
Writing at 0x0004dfc8... (24 %)
Writing at 0x0005409e... (27 %)
Writing at 0x00059a79... (29 %)
Writing at 0x0005f641... (32 %)
Writing at 0x00065eac... (35 %)
Writing at 0x0006ba3a... (37 %)
Writing at 0x00071b55... (40 %)
Writing at 0x00077949... (43 %)
Writing at 0x0007da79... (45 %)
Writing at 0x000835d2... (48 %)
Writing at 0x00088c8a... (51 %)
Writing at 0x0008e75a... (54 %)
Writing at 0x00094875... (56 %)
Writing at 0x0009a566... (59 %)
Writing at 0x0009fdc1... (62 %)
Writing at 0x000a5d27... (64 %)
Writing at 0x000ac481... (67 %)
Writing at 0x000b2633... (70 %)
Writing at 0x000b8712... (72 %)
Writing at 0x000be95e... (75 %)
Writing at 0x000c42ec... (78 %)
Writing at 0x000c9a08... (81 %)
Writing at 0x000cf7ae... (83 %)
Writing at 0x000d555c... (86 %)
Writing at 0x000dc57a... (89 %)
Writing at 0x000e304f... (91 %)
Writing at 0x000e96b3... (94 %)
Writing at 0x000ef8d0... (97 %)
Writing at 0x000f5704... (100 %)
Wrote 1011200 bytes (593282 compressed) at 0x00000000 in 14.3 seconds (effective 567.5 kbit/s)...
Hash of data verified.

Leaving...
Hard resetting via RTS pin...
Build:Jul 20 2023
rst:0x1 (POWERON),boot:0xc (SPI_FAST_FLASH_BOOT)
SPIWP:0xee
mode:DIO, clock div:1
load:0x3fcd5820,len:0x1574
load:0x403cc710,len:0xc30
load:0x403ce710,len:0x2ff0
entry 0x403cc71a
I (31) boot: ESP-IDF v5.4.1 2nd stage bootloader
I (31) boot: compile time Sep 29 2025 00:04:23
I (31) boot: chip revision: v1.1
I (31) boot: efuse block revision: v1.3
I (35) boot.esp32c3: SPI Speed      : 80MHz
I (39) boot.esp32c3: SPI Mode       : DIO
I (42) boot.esp32c3: SPI Flash Size : 4MB
I (46) boot: Enabling RNG early entropy source...
I (51) boot: Partition Table:
I (53) boot: ## Label            Usage          Type ST Offset   Length
I (60) boot:  0 nvs              WiFi data        01 02 00009000 00006000
I (66) boot:  1 phy_init         RF data          01 01 0000f000 00001000
I (73) boot:  2 factory          factory app      00 00 00010000 00100000
I (79) boot: End of partition table
I (82) esp_image: segment 0: paddr=00010020 vaddr=3c0b0020 size=24b88h (150408) map
I (114) esp_image: segment 1: paddr=00034bb0 vaddr=3fc93400 size=03048h ( 12360) load
I (116) esp_image: segment 2: paddr=00037c00 vaddr=40380000 size=08418h ( 33816) load
I (124) esp_image: segment 3: paddr=00040020 vaddr=42000020 size=abe30h (704048) map
I (237) esp_image: segment 4: paddr=000ebe58 vaddr=40388418 size=0af58h ( 44888) load
I (246) esp_image: segment 5: paddr=000f6db8 vaddr=50000200 size=0001ch (    28) load
I (252) boot: Loaded app from partition at offset 0x10000
I (252) boot: Disabling RNG early entropy source...
I (263) cpu_start: Unicore app
I (272) cpu_start: Pro cpu start user code
I (272) cpu_start: cpu freq: 160000000 Hz
I (272) app_init: Application information:
I (272) app_init: Project name:     test
I (276) app_init: App version:      1fc16f4-dirty
I (280) app_init: Compile time:     Sep 29 2025 00:04:17
I (285) app_init: ELF file SHA256:  40df254b2...
I (289) app_init: ESP-IDF:          v5.4.1
I (293) efuse_init: Min chip rev:     v0.3
I (297) efuse_init: Max chip rev:     v1.99 
I (301) efuse_init: Chip rev:         v1.1
I (305) heap_init: Initializing. RAM available for dynamic allocation:
I (311) heap_init: At 3FC9DE10 len 000221F0 (136 KiB): RAM
I (316) heap_init: At 3FCC0000 len 0001C710 (113 KiB): Retention RAM
I (322) heap_init: At 3FCDC710 len 0000294C (10 KiB): Retention RAM
I (328) heap_init: At 5000021C len 00001DCC (7 KiB): RTCRAM
I (334) spi_flash: detected chip: generic
I (337) spi_flash: flash io: dio
I (341) sleep_gpio: Configure to isolate all GPIO pins in sleep state
I (347) sleep_gpio: Enable automatic switching of GPIO sleep configuration
I (353) main_task: Started on CPU0
I (383) main_task: Calling app_main()
[5n
Type 'help' to get the list of commands.
Use UP/DOWN arrows to navigate through command history.
Press TAB when typing command name to auto-complete.

Your terminal application does not support escape sequences.

Line editing and history features are disabled.

On Windows, try using Putty instead.
esp32> W (883) hil_test: WiFi and Golioth credentials are not set. Use the shell settings commands to set them.

esp32> 
esp32> 
esp32> 
esp32> settings set wifi/ssid "***SAMS_ORANGE_PI_WIFI_SSID***"
Setting wifi/ssid saved
esp32> 
esp32> 
esp32> 
esp32> 
esp32> 
esp32> settings set wifi/psk "***SAMS_ORANGE_PI_WIFI_PSK***"
Setting wifi/psk saved
esp32> 
esp32> ::add-mask::generated-kbChMfmOhLczkSYm

esp32> 
esp32> 
esp32> 
esp32> settings set golioth/psk-id "generated-kbChMfmOhLczkSYm@firmware_ci"
Setting golioth/psk-id saved
esp32> 
esp32> 
esp32> 
esp32> 
esp32> 
esp32> settings set golioth/psk "generated-kbChMfmOhLczkSYm"
Setting golioth/psk saved
esp32> 
esp32> I (8903) pp: pp rom version: 74f9620
I (8903) net80211: net80211 rom version: 74f9620
I (8923) wifi_init: rx ba win: 6
I (8923) wifi_init: accept mbox: 6
I (8923) wifi_init: tcpip mbox: 32
I (8923) wifi_init: udp mbox: 6
I (8923) wifi_init: tcp mbox: 6
I (8933) wifi_init: tcp tx win: 5760
I (8933) wifi_init: tcp rx win: 5760
I (8933) wifi_init: tcp mss: 1440
I (8943) wifi_init: WiFi IRAM OP enabled
I (8943) wifi_init: WiFi RX IRAM OP enabled
I (8943) phy_init: phy_version 1200,2b7123f9,Feb 18 2025,15:22:21
W (8953) phy_init: failed to load RF calibration data (0x1102), falling back to full calibration
I (8993) phy_init: Saving new calibration data due to checksum failure or outdated calibration data, mode(2)
I (10903) esp_netif_handlers: sta ip: 192.168.0.118, mask: 255.255.255.0, gw: 192.168.0.1
I (10903) example_wifi: WiFi Connected. Got IP:192.168.0.118
I (10913) example_wifi: Connected to AP SSID: ***SAMS_ORANGE_PI_WIFI_SSID***
I (10913) golioth_mbox: Mbox created, bufsize: 2688, num_items: 20, item_size: 128
I (10973) golioth_coap_client_libcoap: Start CoAP session with host: coaps://coap.golioth.io
I (10973) golioth_coap_client_libcoap: Session PSK-ID: generated-kbChMfmOhLczkSYm@firmware_ci
I (10983) libcoap: Setting PSK key

I (10993) golioth_coap_client_libcoap: Entering CoAP I/O loop
I (11193) golioth_coap_client_libcoap: Golioth CoAP client connected
I (11193) test_connect: Golioth client connected
I (12193) test_connect: Stopping client
I (12193) golioth_coap_client_libcoap: Attempting to stop client
I (12243) golioth_coap_client_libcoap: Stopping
I (12243) golioth_coap_client_libcoap: Ending session
I (12243) test_connect: Golioth client disconnected
I (23293) test_connect: Starting client
I (23293) golioth_coap_client_libcoap: Start CoAP session with host: coaps://coap.golioth.io
I (23293) golioth_coap_client_libcoap: Session PSK-ID: generated-kbChMfmOhLczkSYm@firmware_ci
I (23303) libcoap: Setting PSK key

I (23303) golioth_coap_client_libcoap: Entering CoAP I/O loop
I (23483) golioth_coap_client_libcoap: Golioth CoAP client connected
I (23483) test_connect: Golioth client connected
I (24483) test_connect: Destroying client
I (24483) golioth_coap_client_libcoap: Attempting to stop client
I (24523) golioth_coap_client_libcoap: Stopping
I (24523) golioth_coap_client_libcoap: Ending session
I (24533) test_connect: Golioth client disconnected
I (35583) test_connect: Starting client
I (35583) golioth_mbox: Mbox created, bufsize: 2688, num_items: 20, item_size: 128
I (35583) golioth_coap_client_libcoap: Start CoAP session with host: coaps://coap.golioth.io
I (35593) golioth_coap_client_libcoap: Session PSK-ID: generated-kbChMfmOhLczkSYm@firmware_ci
I (35603) libcoap: Setting PSK key

I (35603) golioth_coap_client_libcoap: Entering CoAP I/O loop
I (35813) golioth_coap_client_libcoap: Golioth CoAP client connected
