esptool.py v4.9.0
Serial port /dev/serial/by-id/usb-Silicon_Labs_CP2102N_USB_to_UART_Bridge_Controller_18a5eb8de0faeb11a1553ea4c6d924ec-if00-port0
Connecting....
Detecting chip type... ESP32-C3
Chip is ESP32-C3 (QFN32) (revision v0.3)
Features: WiFi, BLE
Crystal is 40MHz
MAC: 7c:df:a1:da:77:ac
Uploading stub...
Running stub...
Stub running...
Changing baud rate to 460800
Changed.
Configuring flash size...
Erasing flash (this may take a while)...
Chip erase completed successfully in 10.4 seconds.
Compressed 1026352 bytes to 602527...
Writing at 0x00000000... (2 %)
Writing at 0x00011d41... (5 %)
Writing at 0x0001e897... (8 %)
Writing at 0x0002ad14... (10 %)
Writing at 0x00033826... (13 %)
Writing at 0x0003bdb5... (16 %)
Writing at 0x00041dcb... (18 %)
Writing at 0x000481cc... (21 %)
Writing at 0x0004e59a... (24 %)
Writing at 0x0005495e... (27 %)
Writing at 0x0005a1b0... (29 %)
Writing at 0x0005fe2a... (32 %)
Writing at 0x00066500... (35 %)
Writing at 0x0006c0dd... (37 %)
Writing at 0x00071fed... (40 %)
Writing at 0x00078158... (43 %)
Writing at 0x0007e149... (45 %)
Writing at 0x00083e98... (48 %)
Writing at 0x000893db... (51 %)
Writing at 0x0008ef60... (54 %)
Writing at 0x0009513c... (56 %)
Writing at 0x0009aadc... (59 %)
Writing at 0x000a039f... (62 %)
Writing at 0x000a621e... (64 %)
Writing at 0x000ac6d8... (67 %)
Writing at 0x000b29e5... (70 %)
Writing at 0x000b8cf6... (72 %)
Writing at 0x000bee07... (75 %)
Writing at 0x000c4af4... (78 %)
Writing at 0x000ca13c... (81 %)
Writing at 0x000cfe5d... (83 %)
Writing at 0x000d5aa1... (86 %)
Writing at 0x000dcb0f... (89 %)
Writing at 0x000e2e70... (91 %)
Writing at 0x000e9e27... (94 %)
Writing at 0x000efd1c... (97 %)
Writing at 0x000f5dbe... (100 %)
Wrote 1026352 bytes (602527 compressed) at 0x00000000 in 17.2 seconds (effective 478.2 kbit/s)...
Hash of data verified.

Leaving...
Hard resetting via RTS pin...
ESP-ROM:esp32c3-api1-20210207
Build:Feb  7 2021
rst:0x1 (POWERON),boot:0xc (SPI_FAST_FLASH_BOOT)
SPIWP:0xee
mode:DIO, clock div:1
load:0x3fcd5820,len:0x1574
load:0x403cc710,len:0xc30
load:0x403ce710,len:0x2f64
entry 0x403cc71a
I (30) boot: ESP-IDF v5.4.1 2nd stage bootloader
I (30) boot: compile time Oct  1 2025 00:08:32
I (30) boot: chip revision: v0.3
I (30) boot: efuse block revision: v1.1
I (34) boot.esp32c3: SPI Speed      : 80MHz
I (38) boot.esp32c3: SPI Mode       : DIO
I (41) boot.esp32c3: SPI Flash Size : 2MB
I (45) boot: Enabling RNG early entropy source...
I (50) boot: Partition Table:
I (52) boot: ## Label            Usage          Type ST Offset   Length
I (59) boot:  0 nvs              WiFi data        01 02 00009000 00006000
I (65) boot:  1 phy_init         RF data          01 01 0000f000 00001000
I (72) boot:  2 factory          factory app      00 00 00010000 00100000
I (78) boot: End of partition table
I (81) esp_image: segment 0: paddr=00010020 vaddr=3c0b0020 size=25d50h (154960) map
I (114) esp_image: segment 1: paddr=00035d78 vaddr=3fc93400 size=03050h ( 12368) load
I (116) esp_image: segment 2: paddr=00038dd0 vaddr=40380000 size=07248h ( 29256) load
I (123) esp_image: segment 3: paddr=00040020 vaddr=42000020 size=ae78ch (714636) map
I (239) esp_image: segment 4: paddr=000ee7b4 vaddr=40387248 size=0c128h ( 49448) load
I (248) esp_image: segment 5: paddr=000fa8e4 vaddr=50000200 size=0001ch (    28) load
I (255) boot: Loaded app from partition at offset 0x10000
I (255) boot: Disabling RNG early entropy source...
I (266) cpu_start: Unicore app
I (274) cpu_start: Pro cpu start user code
I (274) cpu_start: cpu freq: 160000000 Hz
I (274) app_init: Application information:
I (274) app_init: Project name:     rpc
I (278) app_init: App version:      1fc16f4-dirty
I (282) app_init: Compile time:     Oct  1 2025 00:08:25
I (287) app_init: ELF file SHA256:  eff08d777...
I (291) app_init: ESP-IDF:          v5.4.1
I (295) efuse_init: Min chip rev:     v0.3
I (299) efuse_init: Max chip rev:     v1.99 
I (303) efuse_init: Chip rev:         v0.3
I (307) heap_init: Initializing. RAM available for dynamic allocation:
I (313) heap_init: At 3FC9DFB0 len 00022050 (136 KiB): RAM
I (318) heap_init: At 3FCC0000 len 0001C710 (113 KiB): Retention RAM
I (324) heap_init: At 3FCDC710 len 00002950 (10 KiB): Retention RAM
I (330) heap_init: At 5000021C len 00001DCC (7 KiB): RTCRAM
I (337) spi_flash: detected chip: generic
I (339) spi_flash: flash io: dio
W (342) spi_flash: Detected size(4096k) larger than the size in the binary image header(2048k). Using the size in the binary image header.
I (355) sleep_gpio: Configure to isolate all GPIO pins in sleep state
I (361) sleep_gpio: Enable automatic switching of GPIO sleep configuration
I (368) main_task: Started on CPU0
I (378) main_task: Calling app_main()
I (378) rpc: Start RPC sample
[5n
Type 'help' to get the list of commands.
Use UP/DOWN arrows to navigate through command history.
Press TAB when typing command name to auto-complete.

Your terminal application does not support escape sequences.

Line editing and history features are disabled.

On Windows, try using Putty instead.
esp32> W (888) rpc: WiFi and Golioth credentials are not set. Use the shell settings commands to set them.

esp32> 
esp32> 
esp32> 
esp32> settings set wifi/ssid "***MIKES_ORANGE_PI_WIFI_SSID***"
Setting wifi/ssid saved
esp32> 
esp32> 
esp32> 
esp32> 
esp32> 
esp32> settings set wifi/psk "***MIKES_ORANGE_PI_WIFI_PSK***"
Setting wifi/psk saved
esp32> 
esp32> ::add-mask::generated-DrHiYBWifgJCbHWZ

esp32> 
esp32> 
esp32> 
esp32> settings set golioth/psk-id "generated-DrHiYBWifgJCbHWZ@firmware_ci"
Setting golioth/psk-id saved
esp32> 
esp32> 
esp32> 
esp32> 
esp32> 
esp32> settings set golioth/psk "generated-DrHiYBWifgJCbHWZ"
Setting golioth/psk saved
esp32> 
esp32> I (7908) pp: pp rom version: 9387209
I (7908) net80211: net80211 rom version: 9387209
I (7928) wifi_init: rx ba win: 6
I (7928) wifi_init: accept mbox: 6
I (7928) wifi_init: tcpip mbox: 32
I (7928) wifi_init: udp mbox: 6
I (7928) wifi_init: tcp mbox: 6
I (7938) wifi_init: tcp tx win: 5760
I (7938) wifi_init: tcp rx win: 5760
I (7938) wifi_init: tcp mss: 1440
I (7948) wifi_init: WiFi IRAM OP enabled
I (7948) wifi_init: WiFi RX IRAM OP enabled
I (7948) phy_init: phy_version 1200,2b7123f9,Feb 18 2025,15:22:21
W (7958) phy_init: failed to load RF calibration data (0x1102), falling back to full calibration
I (7998) phy_init: Saving new calibration data due to checksum failure or outdated calibration data, mode(2)
I (9998) esp_netif_handlers: sta ip: 192.168.8.119, mask: 255.255.255.0, gw: 192.168.8.1
I (9998) example_wifi: WiFi Connected. Got IP:192.168.8.119
I (10008) example_wifi: Connected to AP SSID: ***MIKES_ORANGE_PI_WIFI_SSID***
I (10008) golioth_mbox: Mbox created, bufsize: 2688, num_items: 20, item_size: 128
W (10018) rpc: Waiting for connection to Golioth...
I (10028) golioth_coap_client_libcoap: Start CoAP session with host: coaps://coap.golioth.io
I (10028) golioth_coap_client_libcoap: Session PSK-ID: generated-DrHiYBWifgJCbHWZ@firmware_ci
I (10038) libcoap: Setting PSK key

I (10048) golioth_coap_client_libcoap: Entering CoAP I/O loop
I (10468) golioth_coap_client_libcoap: Golioth CoAP client connected
I (10468) rpc: Golioth client connected
I (10468) rpc: RPC successfully registered
I (10908) golioth_rpc: RPC observation established
