esptool.py v4.8.1
Serial port /dev/serial/by-id/usb-Silicon_Labs_CP2102N_USB_to_UART_Bridge_Controller_6a5ea5870128ee11b6e611d8f49e3369-if00-port0
Connecting....
Detecting chip type... ESP32-S3
Chip is ESP32-S3 (QFN56) (revision v0.2)
Features: WiFi, BLE, Embedded PSRAM 2MB (AP_3v3)
Crystal is 40MHz
MAC: dc:da:0c:61:9f:74
Uploading stub...
Running stub...
Stub running...
Changing baud rate to 460800
Changed.
Configuring flash size...
Erasing flash (this may take a while)...
Chip erase completed successfully in 1.9s
Compressed 962240 bytes to 597061...
Writing at 0x00000000... (2 %)
Writing at 0x0001161a... (5 %)
Writing at 0x0001e4a4... (8 %)
Writing at 0x0002a1c4... (10 %)
Writing at 0x00033954... (13 %)
Writing at 0x0003d0f1... (16 %)
Writing at 0x00043210... (18 %)
Writing at 0x0004893c... (21 %)
Writing at 0x0004e607... (24 %)
Writing at 0x00053b75... (27 %)
Writing at 0x00058e24... (29 %)
Writing at 0x0005e1fb... (32 %)
Writing at 0x00063de9... (35 %)
Writing at 0x00068edf... (37 %)
Writing at 0x0006e24e... (40 %)
Writing at 0x0007345a... (43 %)
Writing at 0x0007872a... (45 %)
Writing at 0x0007d82c... (48 %)
Writing at 0x00082f54... (51 %)
Writing at 0x0008845a... (54 %)
Writing at 0x0008da2c... (56 %)
Writing at 0x000929d4... (59 %)
Writing at 0x00097b29... (62 %)
Writing at 0x0009cfbd... (64 %)
Writing at 0x000a221e... (67 %)
Writing at 0x000a7462... (70 %)
Writing at 0x000accb6... (72 %)
Writing at 0x000b1f31... (75 %)
Writing at 0x000b71b3... (78 %)
Writing at 0x000bc6b3... (81 %)
Writing at 0x000c2afa... (83 %)
Writing at 0x000c942d... (86 %)
Writing at 0x000d157a... (89 %)
Writing at 0x000d788c... (91 %)
Writing at 0x000dd386... (94 %)
Writing at 0x000e2fff... (97 %)
Writing at 0x000e8418... (100 %)
Wrote 962240 bytes (597061 compressed) at 0x00000000 in 13.7 seconds (effective 561.5 kbit/s)...
Hash of data verified.

Leaving...
Hard resetting via RTS pin...
Build:Mar 27 2021
rst:0x1 (POWERON),boot:0x8 (SPI_FAST_FLASH_BOOT)
SPIWP:0xee
mode:DIO, clock div:1
load:0x3fce2810,len:0x15a0
load:0x403c8700,len:0x4
load:0x403c8704,len:0xd20
load:0x403cb700,len:0x2f3c
entry 0x403c8928
I (27) boot: ESP-IDF v5.4 2nd stage bootloader
I (27) boot: compile time Jan 15 2025 16:26:36
I (27) boot: Multicore bootloader
I (27) boot: chip revision: v0.2
I (30) boot: efuse block revision: v1.3
I (33) boot.esp32s3: Boot SPI Speed : 80MHz
I (37) boot.esp32s3: SPI Mode       : DIO
I (41) boot.esp32s3: SPI Flash Size : 4MB
I (45) boot: Enabling RNG early entropy source...
I (49) boot: Partition Table:
I (52) boot: ## Label            Usage          Type ST Offset   Length
I (58) boot:  0 nvs              WiFi data        01 02 00009000 00006000
I (65) boot:  1 phy_init         RF data          01 01 0000f000 00001000
I (71) boot:  2 factory          factory app      00 00 00010000 00100000
I (78) boot: End of partition table
I (81) esp_image: segment 0: paddr=00010020 vaddr=3c0a0020 size=2424ch (148044) map
I (114) esp_image: segment 1: paddr=00034274 vaddr=3fc99200 size=05994h ( 22932) load
I (119) esp_image: segment 2: paddr=00039c10 vaddr=40374000 size=06408h ( 25608) load
I (125) esp_image: segment 3: paddr=00040020 vaddr=42000020 size=9c0a4h (639140) map
I (238) esp_image: segment 4: paddr=000dc0cc vaddr=4037a408 size=0eda4h ( 60836) load
I (252) esp_image: segment 5: paddr=000eae78 vaddr=600fe100 size=0001ch (    28) load
I (261) boot: Loaded app from partition at offset 0x10000
I (261) boot: Disabling RNG early entropy source...
I (271) cpu_start: Multicore app
I (280) cpu_start: Pro cpu start user code
I (280) cpu_start: cpu freq: 160000000 Hz
I (280) app_init: Application information:
I (280) app_init: Project name:     test
I (283) app_init: App version:      d158042-dirty
I (288) app_init: Compile time:     Jan 15 2025 16:26:30
I (293) app_init: ELF file SHA256:  f47733c01...
I (297) app_init: ESP-IDF:          v5.4
I (301) efuse_init: Min chip rev:     v0.0
I (305) efuse_init: Max chip rev:     v0.99 
I (309) efuse_init: Chip rev:         v0.2
I (313) heap_init: Initializing. RAM available for dynamic allocation:
I (319) heap_init: At 3FCA5EC8 len 00043848 (270 KiB): RAM
I (324) heap_init: At 3FCE9710 len 00005724 (21 KiB): RAM
I (329) heap_init: At 3FCF0000 len 00008000 (32 KiB): DRAM
I (334) heap_init: At 600FE11C len 00001ECC (7 KiB): RTCRAM
I (341) spi_flash: detected chip: gd
I (343) spi_flash: flash io: dio
W (346) spi_flash: Detected size(8192k) larger than the size in the binary image header(4096k). Using the size in the binary image header.
I (358) sleep_gpio: Configure to isolate all GPIO pins in sleep state
I (365) sleep_gpio: Enable automatic switching of GPIO sleep configuration
I (371) main_task: Started on CPU0
I (391) main_task: Calling app_main()
[5n
Type 'help' to get the list of commands.
Use UP/DOWN arrows to navigate through command history.
Press TAB when typing command name to auto-complete.

Your terminal application does not support escape sequences.

Line editing and history features are disabled.

On Windows, try using Putty instead.
esp32> W (901) hil_test: WiFi and Golioth credentials are not set. Use the shell settings commands to set them.

esp32> 
esp32> 
esp32> 
esp32> settings set wifi/ssid "***JONS_ORANGE_PI_WIFI_SSID***"
Setting wifi/ssid saved
esp32> 
esp32> 
esp32> 
esp32> 
esp32> 
esp32> settings set wifi/psk "***JONS_ORANGE_PI_WIFI_PSK***"
Setting wifi/psk saved
es::add-mask::generated-kdfIqjNURHnvDfMx
p32> 
esp32> 
esp32> 
esp32> 
esp32> 
esp32> settings set golioth/psk-id "generated-kdfIqjNURHnvDfMx@firmware_ci"
Setting golioth/psk-id saved
esp32> 
esp32> 
esp32> 
esp32> 
esp32> 
esp32> settings set golioth/psk "generated-kdfIqjNURHnvDfMx"
Setting golioth/psk saved
esp32> 
esp32> I (7941) pp: pp rom version: e7ae62f
I (7941) net80211: net80211 rom version: e7ae62f
I (7961) wifi_init: rx ba win: 6
I (7961) wifi_init: accept mbox: 6
I (7961) wifi_init: tcpip mbox: 32
I (7961) wifi_init: udp mbox: 6
I (7961) wifi_init: tcp mbox: 6
I (7971) wifi_init: tcp tx win: 5760
I (7971) wifi_init: tcp rx win: 5760
I (7971) wifi_init: tcp mss: 1440
I (7971) wifi_init: WiFi IRAM OP enabled
I (7981) wifi_init: WiFi RX IRAM OP enabled
I (7981) phy_init: phy_version 680,a6008b2,Jun  4 2024,16:41:10
W (7991) phy_init: failed to load RF calibration data (0x1102), falling back to full calibration
W (8031) phy_init: saving new calibration data because of checksum failure, mode(2)
I (9601) esp_netif_handlers: sta ip: 192.168.8.168, mask: 255.255.255.0, gw: 192.168.8.1
I (9601) example_wifi: WiFi Connected. Got IP:192.168.8.168
I (9601) example_wifi: Connected to AP SSID: ***JONS_ORANGE_PI_WIFI_SSID***
I (9611) golioth_mbox: Mbox created, bufsize: 2520, num_items: 20, item_size: 120
I (9621) golioth_coap_client_libcoap: Start CoAP session with host: coaps://coap.golioth.io
I (9621) golioth_coap_client_libcoap: Session PSK-ID: generated-kdfIqjNURHnvDfMx@firmware_ci
I (9641) libcoap: Setting PSK key

I (9651) golioth_coap_client_libcoap: Entering CoAP I/O loop
I (10501) golioth_coap_client_libcoap: Golioth CoAP client connected
I (11501) test_stream: block-idx: 0 bu_offset: 0 bytes_remaining: 3666
I (11881) test_stream: block-idx: 1 bu_offset: 1024 bytes_remaining: 2642
I (12081) test_stream: block-idx: 2 bu_offset: 2048 bytes_remaining: 1618
I (12491) test_stream: block-idx: 3 bu_offset: 3072 bytes_remaining: 594
I (12901) test_stream: Block upload successful!
{'list': [{'data': {'block_upload': {'0': 'zero', '1': 'one', '10': 'ten', '100': 'one hundred', '101': 'one hundred and one', '102': 'one hundred and two', '103': 'one hundred and three', '104': 'one hundred and four', '105': 'one hundred and five', '106': 'one hundred and six', '107': 'one hundred and seven', '108': 'one hundred and eight', '109': 'one hundred and nine', '11': 'eleven', '110': 'one hundred and ten', '111': 'one hundred and eleven', '112': 'one hundred and twelve', '113': 'one hundred and thirteen', '114': 'one hundred and fourteen', '115': 'one hundred and fifteen', '116': 'one hundred and sixteen', '117': 'one hundred and seventeen', '118': 'one hundred and eighteen', '119': 'one hundred and nineteen', '12': 'twelve', '120': 'one hundred and twenty', '121': 'one hundred and twenty-one', '122': 'one hundred and twenty-two', '123': 'one hundred and twenty-three', '124': 'one hundred and twenty-four', '125': 'one hundred and twenty-five', '126': 'one hundred and twenty-six', '127': 'one hundred and twenty-seven', '128': 'one hundred and twenty-eight', '129': 'one hundred and twenty-nine', '13': 'thirteen', '130': 'one hundred and thirty', '131': 'one hundred and thirty-one', '132': 'one hundred and thirty-two', '133': 'one hundred and thirty-three', '134': 'one hundred and thirty-four', '135': 'one hundred and thirty-five', '136': 'one hundred and thirty-six', '137': 'one hundred and thirty-seven', '138': 'one hundred and thirty-eight', '139': 'one hundred and thirty-nine', '14': 'fourteen', '140': 'one hundred and forty', '141': 'one hundred and forty-one', '15': 'fifteen', '16': 'sixteen', '17': 'seventeen', '18': 'eighteen', '19': 'nineteen', '2': 'two', '20': 'twenty', '21': 'twenty-one', '22': 'twenty-two', '23': 'twenty-three', '24': 'twenty-four', '25': 'twenty-five', '26': 'twenty-six', '27': 'twenty-seven', '28': 'twenty-eight', '29': 'twenty-nine', '3': 'three', '30': 'thirty', '31': 'thirty-one', '32': 'thirty-two', '33': 'thirty-three', '34': 'thirty-four', '35': 'thirty-five', '36': 'thirty-six', '37': 'thirty-seven', '38': 'thirty-eight', '39': 'thirty-nine', '4': 'four', '40': 'forty', '41': 'forty-one', '42': 'forty-two', '43': 'forty-three', '44': 'forty-four', '45': 'forty-five', '46': 'forty-six', '47': 'forty-seven', '48': 'forty-eight', '49': 'forty-nine', '5': 'five', '50': 'fifty', '51': 'fifty-one', '52': 'fifty-two', '53': 'fifty-three', '54': 'fifty-four', '55': 'fifty-five', '56': 'fifty-six', '57': 'fifty-seven', '58': 'fifty-eight', '59': 'fifty-nine', '6': 'six', '60': 'sixty', '61': 'sixty-one', '62': 'sixty-two', '63': 'sixty-three', '64': 'sixty-four', '65': 'sixty-five', '66': 'sixty-six', '67': 'sixty-seven', '68': 'sixty-eight', '69': 'sixty-nine', '7': 'seven', '70': 'seventy', '71': 'seventy-one', '72': 'seventy-two', '73': 'seventy-three', '74': 'seventy-four', '75': 'seventy-five', '76': 'seventy-six', '77': 'seventy-seven', '78': 'seventy-eight', '79': 'seventy-nine', '8': 'eight', '80': 'eighty', '81': 'eighty-one', '82': 'eighty-two', '83': 'eighty-three', '84': 'eighty-four', '85': 'eighty-five', '86': 'eighty-six', '87': 'eighty-seven', '88': 'eighty-eight', '89': 'eighty-nine', '9': 'nine', '90': 'ninety', '91': 'ninety-one', '92': 'ninety-two', '93': 'ninety-three', '94': 'ninety-four', '95': 'ninety-five', '96': 'ninety-six', '97': 'ninety-seven', '98': 'ninety-eight', '99': 'ninety-nine'}}, 'device_id': '6787e805e7f18576acc92c6c', 'time': '2025-01-15T16:53:31.423458+00:00'}], 'page': 0, 'perPage': 10, 'total': 0}
Golioth data hash: 28540341b9655161a00b3a7193a8e2e2261d21ea3e3f2117fc9c7f18a5733681
Test data hash: 28540341b9655161a00b3a7193a8e2e2261d21ea3e3f2117fc9c7f18a5733681
