esptool.py v4.8.1
Serial port /dev/serial/by-id/usb-Silicon_Labs_CP2102N_USB_to_UART_Bridge_Controller_6a5ea5870128ee11b6e611d8f49e3369-if00-port0
Connecting...
Detecting chip type... ESP32-S3
Chip is ESP32-S3 (QFN56) (revision v0.2)
Features: WiFi, BLE, Embedded PSRAM 2MB (AP_3v3)
Crystal is 40MHz
MAC: dc:da:0c:61:9f:74
Uploading stub...
Running stub...
Stub running...
Changing baud rate to 460800
Changed.
Configuring flash size...
Erasing flash (this may take a while)...
Chip erase completed successfully in 1.9s
Compressed 965056 bytes to 599228...
Writing at 0x00000000... (2 %)
Writing at 0x0001161a... (5 %)
Writing at 0x0001e828... (8 %)
Writing at 0x0002a6cb... (10 %)
Writing at 0x00033dc6... (13 %)
Writing at 0x0003cdc7... (16 %)
Writing at 0x00042f58... (18 %)
Writing at 0x000486e6... (21 %)
Writing at 0x0004e37c... (24 %)
Writing at 0x00053cb4... (27 %)
Writing at 0x00058f12... (29 %)
Writing at 0x0005e1c6... (32 %)
Writing at 0x00063fbb... (35 %)
Writing at 0x0006906f... (37 %)
Writing at 0x0006e2f9... (40 %)
Writing at 0x00073644... (43 %)
Writing at 0x00078751... (45 %)
Writing at 0x0007dac0... (48 %)
Writing at 0x00082fcb... (51 %)
Writing at 0x000885c8... (54 %)
Writing at 0x0008dc7c... (56 %)
Writing at 0x00092bd4... (59 %)
Writing at 0x00097b56... (62 %)
Writing at 0x0009d17f... (64 %)
Writing at 0x000a2212... (67 %)
Writing at 0x000a756f... (70 %)
Writing at 0x000acb99... (72 %)
Writing at 0x000b20ff... (75 %)
Writing at 0x000b71a0... (78 %)
Writing at 0x000bc7ed... (81 %)
Writing at 0x000c2057... (83 %)
Writing at 0x000c95fd... (86 %)
Writing at 0x000d0b5f... (89 %)
Writing at 0x000d790c... (91 %)
Writing at 0x000dd1d6... (94 %)
Writing at 0x000e2cd7... (97 %)
Writing at 0x000e8454... (100 %)
Wrote 965056 bytes (599228 compressed) at 0x00000000 in 13.7 seconds (effective 561.9 kbit/s)...
Hash of data verified.

Leaving...
Hard resetting via RTS pin...
Build:Mar 27 2021
rst:0x1 (POWERON),boot:0x8 (SPI_FAST_FLASH_BOOT)
SPIWP:0xee
mode:DIO, clock div:1
load:0x3fce2810,len:0x15a0
load:0x403c8700,len:0x4
load:0x403c8704,len:0xd20
load:0x403cb700,len:0x2f3c
entry 0x403c8928
I (27) boot: ESP-IDF v5.4 2nd stage bootloader
I (27) boot: compile time Jan 15 2025 16:26:36
I (27) boot: Multicore bootloader
I (27) boot: chip revision: v0.2
I (30) boot: efuse block revision: v1.3
I (33) boot.esp32s3: Boot SPI Speed : 80MHz
I (37) boot.esp32s3: SPI Mode       : DIO
I (41) boot.esp32s3: SPI Flash Size : 4MB
I (45) boot: Enabling RNG early entropy source...
I (49) boot: Partition Table:
I (52) boot: ## Label            Usage          Type ST Offset   Length
I (58) boot:  0 nvs              WiFi data        01 02 00009000 00006000
I (65) boot:  1 phy_init         RF data          01 01 0000f000 00001000
I (71) boot:  2 factory          factory app      00 00 00010000 00100000
I (78) boot: End of partition table
I (81) esp_image: segment 0: paddr=00010020 vaddr=3c0a0020 size=24a6ch (150124) map
I (115) esp_image: segment 1: paddr=00034a94 vaddr=3fc99200 size=04b44h ( 19268) load
I (119) esp_image: segment 2: paddr=000395e0 vaddr=40374000 size=06a38h ( 27192) load
I (125) esp_image: segment 3: paddr=00040020 vaddr=42000020 size=9d1d8h (643544) map
I (240) esp_image: segment 4: paddr=000dd200 vaddr=4037aa38 size=0e774h ( 59252) load
I (253) esp_image: segment 5: paddr=000eb97c vaddr=600fe100 size=0001ch (    28) load
I (261) boot: Loaded app from partition at offset 0x10000
I (261) boot: Disabling RNG early entropy source...
I (271) cpu_start: Multicore app
I (280) cpu_start: Pro cpu start user code
I (280) cpu_start: cpu freq: 160000000 Hz
I (280) app_init: Application information:
I (280) app_init: Project name:     test
I (284) app_init: App version:      d158042-dirty
I (288) app_init: Compile time:     Jan 15 2025 16:26:30
I (293) app_init: ELF file SHA256:  fe6d757e5...
I (298) app_init: ESP-IDF:          v5.4
I (301) efuse_init: Min chip rev:     v0.0
I (305) efuse_init: Max chip rev:     v0.99 
I (309) efuse_init: Chip rev:         v0.2
I (313) heap_init: Initializing. RAM available for dynamic allocation:
I (319) heap_init: At 3FCA56B0 len 00044060 (272 KiB): RAM
I (325) heap_init: At 3FCE9710 len 00005724 (21 KiB): RAM
I (330) heap_init: At 3FCF0000 len 00008000 (32 KiB): DRAM
I (335) heap_init: At 600FE11C len 00001ECC (7 KiB): RTCRAM
I (341) spi_flash: detected chip: gd
I (343) spi_flash: flash io: dio
W (346) spi_flash: Detected size(8192k) larger than the size in the binary image header(4096k). Using the size in the binary image header.
I (359) sleep_gpio: Configure to isolate all GPIO pins in sleep state
I (365) sleep_gpio: Enable automatic switching of GPIO sleep configuration
I (372) main_task: Started on CPU0
I (392) main_task: Calling app_main()
[5n
Type 'help' to get the list of commands.
Use UP/DOWN arrows to navigate through command history.
Press TAB when typing command name to auto-complete.

Your terminal application does not support escape sequences.

Line editing and history features are disabled.

On Windows, try using Putty instead.
esp32> W (902) hil_test: WiFi and Golioth credentials are not set. Use the shell settings commands to set them.

esp32> 
esp32> 
esp32> 
esp32> settings set wifi/ssid "***JONS_ORANGE_PI_WIFI_SSID***"
Setting wifi/ssid saved
esp32> 
esp32> 
esp32> 
esp32> 
esp32> 
esp32> settings set wifi/psk "***JONS_ORANGE_PI_WIFI_PSK***"
Setting wifi/psk saved
es::add-mask::generated-fVslnLCeDvApUBpn
p32> 
esp32> 
esp32> 
esp32> 
esp32> 
esp32> settings set golioth/psk-id "generated-fVslnLCeDvApUBpn@firmware_ci"
Setting golioth/psk-id saved
esp32> 
esp32> 
esp32> 
esp32> 
esp32> 
esp32> settings set golioth/psk "generated-fVslnLCeDvApUBpn"
Setting golioth/psk saved
esp32> 
esp32> I (7932) pp: pp rom version: e7ae62f
I (7932) net80211: net80211 rom version: e7ae62f
I (7952) wifi_init: rx ba win: 6
I (7952) wifi_init: accept mbox: 6
I (7952) wifi_init: tcpip mbox: 32
I (7952) wifi_init: udp mbox: 6
I (7952) wifi_init: tcp mbox: 6
I (7962) wifi_init: tcp tx win: 5760
I (7962) wifi_init: tcp rx win: 5760
I (7962) wifi_init: tcp mss: 1440
I (7962) wifi_init: WiFi IRAM OP enabled
I (7982) wifi_init: WiFi RX IRAM OP enabled
I (7982) phy_init: phy_version 680,a6008b2,Jun  4 2024,16:41:10
W (7982) phy_init: failed to load RF calibration data (0x1102), falling back to full calibration
W (8022) phy_init: saving new calibration data because of checksum failure, mode(2)
I (9602) esp_netif_handlers: sta ip: 192.168.8.168, mask: 255.255.255.0, gw: 192.168.8.1
I (9602) example_wifi: WiFi Connected. Got IP:192.168.8.168
I (9602) example_wifi: Connected to AP SSID: ***JONS_ORANGE_PI_WIFI_SSID***
I (9612) golioth_mbox: Mbox created, bufsize: 2520, num_items: 20, item_size: 120
I (9622) golioth_coap_client_libcoap: Start CoAP session with host: coaps://coap.golioth.io
I (9622) golioth_coap_client_libcoap: Session PSK-ID: generated-fVslnLCeDvApUBpn@firmware_ci
I (9642) libcoap: Setting PSK key

I (9642) golioth_coap_client_libcoap: Entering CoAP I/O loop
I (10042) golioth_coap_client_libcoap: Golioth CoAP client connected
I (16192) test_lightdb: LightDB State desired data is ready
W (25202) golioth_coap_client_libcoap: 4.00 (req type: 3, path: .d/hil/lightdb/invalid/dot), len 0
I (25612) test_lightdb: LightDB State reported data is ready
