esptool.py v4.8.1
Serial port /dev/serial/by-id/usb-Silicon_Labs_CP2102N_USB_to_UART_Bridge_Controller_ca317d585c76eb11ba0a87abb7be2ba5-if00-port0
Connecting....
Detecting chip type... ESP32-C3
Chip is ESP32-C3 (QFN32) (revision v0.3)
Features: WiFi, BLE, Embedded Flash 4MB (XMC)
Crystal is 40MHz
MAC: 84:f7:03:09:96:10
Uploading stub...
Running stub...
Stub running...
Changing baud rate to 460800
Changed.
Configuring flash size...
Erasing flash (this may take a while)...
Chip erase completed successfully in 20.0s
Compressed 1010528 bytes to 592318...
Writing at 0x00000000... (2 %)
Writing at 0x00011c5c... (5 %)
Writing at 0x0001e630... (8 %)
Writing at 0x0002a5ae... (10 %)
Writing at 0x00033bbb... (13 %)
Writing at 0x0003b6b4... (16 %)
Writing at 0x00041854... (18 %)
Writing at 0x00047b11... (21 %)
Writing at 0x0004dfbf... (24 %)
Writing at 0x000540b0... (27 %)
Writing at 0x00059a77... (29 %)
Writing at 0x0005f84a... (32 %)
Writing at 0x00066227... (35 %)
Writing at 0x0006bdcc... (37 %)
Writing at 0x00071eca... (40 %)
Writing at 0x00077d12... (43 %)
Writing at 0x0007dddf... (45 %)
Writing at 0x0008396c... (48 %)
Writing at 0x00088ffc... (51 %)
Writing at 0x0008eaa9... (54 %)
Writing at 0x00094bf7... (56 %)
Writing at 0x0009a8e2... (59 %)
Writing at 0x000a01a5... (62 %)
Writing at 0x000a6122... (64 %)
Writing at 0x000ac7a0... (67 %)
Writing at 0x000b2956... (70 %)
Writing at 0x000b8a2d... (72 %)
Writing at 0x000bed12... (75 %)
Writing at 0x000c460b... (78 %)
Writing at 0x000c9d4b... (81 %)
Writing at 0x000cfbd0... (83 %)
Writing at 0x000d5987... (86 %)
Writing at 0x000dc7e8... (89 %)
Writing at 0x000e32b8... (91 %)
Writing at 0x000e9a26... (94 %)
Writing at 0x000efca2... (97 %)
Writing at 0x000f5a5b... (100 %)
Wrote 1010528 bytes (592318 compressed) at 0x00000000 in 19.1 seconds (effective 422.6 kbit/s)...
Hash of data verified.

Leaving...
Hard resetting via RTS pin...
Build:Feb  7 2021
rst:0x1 (POWERON),boot:0xc (SPI_FAST_FLASH_BOOT)
SPIWP:0xee
mode:DIO, clock div:1
load:0x3fcd5820,len:0x1574
load:0x403cc710,len:0xc30
load:0x403ce710,len:0x2fe4
entry 0x403cc71a
I (30) boot: ESP-IDF v5.4 2nd stage bootloader
I (30) boot: compile time Jan 15 2025 16:26:49
I (30) boot: chip revision: v0.3
I (30) boot: efuse block revision: v1.1
I (34) boot.esp32c3: SPI Speed      : 80MHz
I (38) boot.esp32c3: SPI Mode       : DIO
I (41) boot.esp32c3: SPI Flash Size : 4MB
I (45) boot: Enabling RNG early entropy source...
I (50) boot: Partition Table:
I (52) boot: ## Label            Usage          Type ST Offset   Length
I (58) boot:  0 nvs              WiFi data        01 02 00009000 00006000
I (65) boot:  1 phy_init         RF data          01 01 0000f000 00001000
I (72) boot:  2 factory          factory app      00 00 00010000 00100000
I (78) boot: End of partition table
I (81) esp_image: segment 0: paddr=00010020 vaddr=3c0b0020 size=24b64h (150372) map
I (113) esp_image: segment 1: paddr=00034b8c vaddr=3fc93200 size=03018h ( 12312) load
I (115) esp_image: segment 2: paddr=00037bac vaddr=40380000 size=0846ch ( 33900) load
I (123) esp_image: segment 3: paddr=00040020 vaddr=42000020 size=abd8ch (703884) map
I (236) esp_image: segment 4: paddr=000ebdb4 vaddr=4038846c size=0ad58h ( 44376) load
I (245) esp_image: segment 5: paddr=000f6b14 vaddr=50000200 size=0001ch (    28) load
I (251) boot: Loaded app from partition at offset 0x10000
I (251) boot: Disabling RNG early entropy source...
I (262) cpu_start: Unicore app
I (271) cpu_start: Pro cpu start user code
I (271) cpu_start: cpu freq: 160000000 Hz
I (271) app_init: Application information:
I (271) app_init: Project name:     test
I (274) app_init: App version:      d158042-dirty
I (279) app_init: Compile time:     Jan 15 2025 16:26:42
I (284) app_init: ELF file SHA256:  673041668...
I (288) app_init: ESP-IDF:          v5.4
I (292) efuse_init: Min chip rev:     v0.3
I (296) efuse_init: Max chip rev:     v1.99 
I (300) efuse_init: Chip rev:         v0.3
I (303) heap_init: Initializing. RAM available for dynamic allocation:
I (310) heap_init: At 3FC9DBB0 len 00022450 (137 KiB): RAM
I (315) heap_init: At 3FCC0000 len 0001C710 (113 KiB): Retention RAM
I (321) heap_init: At 3FCDC710 len 00002950 (10 KiB): Retention RAM
I (327) heap_init: At 5000021C len 00001DCC (7 KiB): RTCRAM
I (333) spi_flash: detected chip: generic
I (336) spi_flash: flash io: dio
I (339) sleep_gpio: Configure to isolate all GPIO pins in sleep state
I (345) sleep_gpio: Enable automatic switching of GPIO sleep configuration
I (352) main_task: Started on CPU0
I (382) main_task: Calling app_main()
[5n
Type 'help' to get the list of commands.
Use UP/DOWN arrows to navigate through command history.
Press TAB when typing command name to auto-complete.

Your terminal application does not support escape sequences.

Line editing and history features are disabled.

On Windows, try using Putty instead.
esp32> W (882) hil_test: WiFi and Golioth credentials are not set. Use the shell settings commands to set them.

esp32> 
esp32> 
esp32> 
esp32> settings set wifi/ssid "***JONS_ORANGE_PI_WIFI_SSID***"
Setting wifi/ssid saved
esp32> 
esp32> 
esp32> 
esp32> 
esp32> 
esp32> settings set wifi/psk "***JONS_ORANGE_PI_WIFI_PSK***"
Setting wifi/psk saved
es::add-mask::generated-pRTlvitQgehPUJJI
p32> 
esp32> 
esp32> 
esp32> 
esp32> 
esp32> settings set golioth/psk-id "generated-pRTlvitQgehPUJJI@firmware_ci"
Setting golioth/psk-id saved
esp32> 
esp32> 
esp32> 
esp32> 
esp32> 
esp32> settings set golioth/psk "generated-pRTlvitQgehPUJJI"
Setting golioth/psk saved
esp32> 
esp32> I (8902) pp: pp rom version: 9387209
I (8902) net80211: net80211 rom version: 9387209
I (8922) wifi_init: rx ba win: 6
I (8922) wifi_init: accept mbox: 6
I (8922) wifi_init: tcpip mbox: 32
I (8922) wifi_init: udp mbox: 6
I (8922) wifi_init: tcp mbox: 6
I (8932) wifi_init: tcp tx win: 5760
I (8932) wifi_init: tcp rx win: 5760
I (8932) wifi_init: tcp mss: 1440
I (8942) wifi_init: WiFi IRAM OP enabled
I (8942) wifi_init: WiFi RX IRAM OP enabled
I (8942) phy_init: phy_version 1180,01f2a49,Jun  4 2024,16:34:25
W (8952) phy_init: failed to load RF calibration data (0x1102), falling back to full calibration
W (8992) phy_init: saving new calibration data because of checksum failure, mode(2)
I (10362) esp_netif_handlers: sta ip: 192.168.8.141, mask: 255.255.255.0, gw: 192.168.8.1
I (10362) example_wifi: WiFi Connected. Got IP:192.168.8.141
I (10372) example_wifi: Connected to AP SSID: ***JONS_ORANGE_PI_WIFI_SSID***
I (10372) golioth_mbox: Mbox created, bufsize: 2520, num_items: 20, item_size: 120
I (10402) golioth_coap_client_libcoap: Start CoAP session with host: coaps://coap.golioth.io
I (10402) golioth_coap_client_libcoap: Session PSK-ID: generated-pRTlvitQgehPUJJI@firmware_ci
I (10412) libcoap: Setting PSK key

I (10422) golioth_coap_client_libcoap: Entering CoAP I/O loop
I (10852) golioth_coap_client_libcoap: Golioth CoAP client connected
I (10852) test_connect: Golioth client connected
I (11852) test_connect: Stopping client
I (11852) golioth_coap_client_libcoap: Attempting to stop client
I (11902) golioth_coap_client_libcoap: Stopping
I (11912) golioth_coap_client_libcoap: Ending session
I (11912) test_connect: Golioth client disconnected
I (22952) test_connect: Starting client
I (22952) golioth_coap_client_libcoap: Start CoAP session with host: coaps://coap.golioth.io
I (22952) golioth_coap_client_libcoap: Session PSK-ID: generated-pRTlvitQgehPUJJI@firmware_ci
I (22962) libcoap: Setting PSK key

I (22962) golioth_coap_client_libcoap: Entering CoAP I/O loop
E (32982) golioth_coap_client_libcoap: Timeout: never got a response from the server
E (32982) golioth_coap_client_libcoap: DTLS handshake failed. Maybe your PSK-ID or PSK is incorrect?
I (32992) golioth_coap_client_libcoap: Ending session
E (32992) golioth_coap_client_libcoap: Received nack reason: COAP_NACK_TLS_FAILED
I (34002) golioth_coap_client_libcoap: Start CoAP session with host: coaps://coap.golioth.io
I (34002) golioth_coap_client_libcoap: Session PSK-ID: generated-pRTlvitQgehPUJJI@firmware_ci
I (34012) libcoap: Setting PSK key

I (34012) golioth_coap_client_libcoap: Entering CoAP I/O loop
I (34542) golioth_coap_client_libcoap: Golioth CoAP client connected
I (34552) test_connect: Golioth client connected
I (35552) test_connect: Destroying client
I (35552) golioth_coap_client_libcoap: Attempting to stop client
I (35772) golioth_coap_client_libcoap: Stopping
I (35782) golioth_coap_client_libcoap: Ending session
I (35782) test_connect: Golioth client disconnected
I (46852) test_connect: Starting client
I (46852) golioth_mbox: Mbox created, bufsize: 2520, num_items: 20, item_size: 120
I (46852) golioth_coap_client_libcoap: Start CoAP session with host: coaps://coap.golioth.io
I (46862) golioth_coap_client_libcoap: Session PSK-ID: generated-pRTlvitQgehPUJJI@firmware_ci
I (46872) libcoap: Setting PSK key

I (46872) golioth_coap_client_libcoap: Entering CoAP I/O loop
I (47452) golioth_coap_client_libcoap: Golioth CoAP client connected
