esptool.py v4.8.1
Serial port /dev/serial/by-id/usb-Silicon_Labs_CP2102N_USB_to_UART_Bridge_Controller_08bd8600facfec119c501d2686bdcd52-if00-port0
Connecting....
Detecting chip type... ESP32-S3
Chip is ESP32-S3 (QFN56) (revision v0.1)
Features: WiFi, BLE, Embedded PSRAM 8MB (AP_3v3)
Crystal is 40MHz
MAC: 34:85:18:6d:04:5c
Uploading stub...
Running stub...
Stub running...
Changing baud rate to 460800
Changed.
Configuring flash size...
Erasing flash (this may take a while)...
Chip erase completed successfully in 2.0s
Compressed 963120 bytes to 597953...
Writing at 0x00000000... (2 %)
Writing at 0x00011723... (5 %)
Writing at 0x0001e63d... (8 %)
Writing at 0x0002a7b5... (10 %)
Writing at 0x00033f00... (13 %)
Writing at 0x0003cf60... (16 %)
Writing at 0x00043078... (18 %)
Writing at 0x000487b8... (21 %)
Writing at 0x0004e42d... (24 %)
Writing at 0x00053af8... (27 %)
Writing at 0x00058d6d... (29 %)
Writing at 0x0005e192... (32 %)
Writing at 0x00063d6b... (35 %)
Writing at 0x00068e31... (37 %)
Writing at 0x0006e197... (40 %)
Writing at 0x0007338b... (43 %)
Writing at 0x0007866d... (45 %)
Writing at 0x0007d851... (48 %)
Writing at 0x00082ec1... (51 %)
Writing at 0x000883a7... (54 %)
Writing at 0x0008d9ff... (56 %)
Writing at 0x00092997... (59 %)
Writing at 0x000979c5... (62 %)
Writing at 0x0009cf8d... (64 %)
Writing at 0x000a21e4... (67 %)
Writing at 0x000a73d9... (70 %)
Writing at 0x000acbde... (72 %)
Writing at 0x000b1ee9... (75 %)
Writing at 0x000b6fae... (78 %)
Writing at 0x000bc661... (81 %)
Writing at 0x000c28b8... (83 %)
Writing at 0x000c93cd... (86 %)
Writing at 0x000d1329... (89 %)
Writing at 0x000d784f... (91 %)
Writing at 0x000dd18d... (94 %)
Writing at 0x000e2d58... (97 %)
Writing at 0x000e831d... (100 %)
Wrote 963120 bytes (597953 compressed) at 0x00000000 in 13.7 seconds (effective 561.2 kbit/s)...
Hash of data verified.

Leaving...
Hard resetting via RTS pin...
ESP-ROM:esp32s3-20210327
Build:Mar 27 2021
rst:0x1 (POWERON),boot:0x8 (SPI_FAST_FLASH_BOOT)
SPIWP:0xee
mode:DIO, clock div:1
load:0x3fce2810,len:0x15a0
load:0x403c8700,len:0x4
load:0x403c8704,len:0xd20
load:0x403cb700,len:0x2ee4
entry 0x403c8928
I (27) boot: ESP-IDF v5.4 2nd stage bootloader
I (27) boot: compile time Jan  7 2025 23:59:11
I (27) boot: Multicore bootloader
I (27) boot: chip revision: v0.1
I (30) boot: efuse block revision: v1.2
I (33) boot.esp32s3: Boot SPI Speed : 80MHz
I (37) boot.esp32s3: SPI Mode       : DIO
I (41) boot.esp32s3: SPI Flash Size : 2MB
I (45) boot: Enabling RNG early entropy source...
I (49) boot: Partition Table:
I (52) boot: ## Label            Usage          Type ST Offset   Length
I (58) boot:  0 nvs              WiFi data        01 02 00009000 00006000
I (65) boot:  1 phy_init         RF data          01 01 0000f000 00001000
I (71) boot:  2 factory          factory app      00 00 00010000 00100000
I (78) boot: End of partition table
I (81) esp_image: segment 0: paddr=00010020 vaddr=3c0a0020 size=24ce4h (150756) map
I (115) esp_image: segment 1: paddr=00034d0c vaddr=3fc99200 size=04b54h ( 19284) load
I (119) esp_image: segment 2: paddr=00039868 vaddr=40374000 size=067b0h ( 26544) load
I (125) esp_image: segment 3: paddr=00040020 vaddr=42000020 size=9c7b8h (640952) map
I (239) esp_image: segment 4: paddr=000dc7e0 vaddr=4037a7b0 size=0e9fch ( 59900) load
I (252) esp_image: segment 5: paddr=000eb1e4 vaddr=600fe100 size=0001ch (    28) load
I (261) boot: Loaded app from partition at offset 0x10000
I (261) boot: Disabling RNG early entropy source...
I (271) cpu_start: Multicore app
I (280) cpu_start: Pro cpu start user code
I (280) cpu_start: cpu freq: 160000000 Hz
I (281) app_init: Application information:
I (281) app_init: Project name:     stream
I (284) app_init: App version:      35bfb28-dirty
I (289) app_init: Compile time:     Jan  7 2025 23:59:05
I (294) app_init: ELF file SHA256:  488f9b8e2...
I (298) app_init: ESP-IDF:          v5.4
I (302) efuse_init: Min chip rev:     v0.0
I (306) efuse_init: Max chip rev:     v0.99 
I (310) efuse_init: Chip rev:         v0.1
I (313) heap_init: Initializing. RAM available for dynamic allocation:
I (320) heap_init: At 3FCA5120 len 000445F0 (273 KiB): RAM
I (325) heap_init: At 3FCE9710 len 00005724 (21 KiB): RAM
I (330) heap_init: At 3FCF0000 len 00008000 (32 KiB): DRAM
I (335) heap_init: At 600FE11C len 00001ECC (7 KiB): RTCRAM
I (341) spi_flash: detected chip: gd
I (344) spi_flash: flash io: dio
W (347) spi_flash: Detected size(8192k) larger than the size in the binary image header(2048k). Using the size in the binary image header.
I (359) sleep_gpio: Configure to isolate all GPIO pins in sleep state
I (365) sleep_gpio: Enable automatic switching of GPIO sleep configuration
I (372) main_task: Started on CPU0
I (392) main_task: Calling app_main()
I (392) stream: Start Stream sample
[5n
Type 'help' to get the list of commands.
Use UP/DOWN arrows to navigate through command history.
Press TAB when typing command name to auto-complete.

Your terminal application does not support escape sequences.

Line editing and history features are disabled.

On Windows, try using Putty instead.
esp32> W (902) stream: WiFi and Golioth credentials are not set. Use the shell settings commands to set them.

esp32> 
esp32> 
esp32> 
esp32> settings set wifi/ssid "***MIKES_ORANGE_PI_WIFI_SSID***"
Setting wifi/ssid saved
esp32> 
esp32> 
esp32> 
esp32> 
esp32> 
esp32> settings set wifi/psk "***MIKES_ORANGE_PI_WIFI_PSK***"
Setting wifi/psk saved
esp32> 
esp32> ::add-mask::generated-ecOSAsxzlBIRlnTd

esp32> 
esp32> 
esp32> 
esp32> settings set golioth/psk-id "generated-ecOSAsxzlBIRlnTd@firmware_ci"
Setting golioth/psk-id saved
esp32> 
esp32> 
esp32> 
esp32> 
esp32> 
esp32> settings set golioth/psk "generated-ecOSAsxzlBIRlnTd"
Setting golioth/psk saved
esp32> 
esp32> I (9932) pp: pp rom version: e7ae62f
I (9932) net80211: net80211 rom version: e7ae62f
I (9952) wifi_init: rx ba win: 6
I (9952) wifi_init: accept mbox: 6
I (9952) wifi_init: tcpip mbox: 32
I (9952) wifi_init: udp mbox: 6
I (9952) wifi_init: tcp mbox: 6
I (9962) wifi_init: tcp tx win: 5760
I (9962) wifi_init: tcp rx win: 5760
I (9962) wifi_init: tcp mss: 1440
I (9962) wifi_init: WiFi IRAM OP enabled
I (9982) wifi_init: WiFi RX IRAM OP enabled
I (9982) phy_init: phy_version 680,a6008b2,Jun  4 2024,16:41:10
W (9982) phy_init: failed to load RF calibration data (0x1102), falling back to full calibration
W (10022) phy_init: saving new calibration data because of checksum failure, mode(2)
I (11622) esp_netif_handlers: sta ip: 192.168.8.235, mask: 255.255.255.0, gw: 192.168.8.1
I (11622) example_wifi: WiFi Connected. Got IP:192.168.8.235
I (11622) example_wifi: Connected to AP SSID: ***MIKES_ORANGE_PI_WIFI_SSID***
I (11632) golioth_mbox: Mbox created, bufsize: 2520, num_items: 20, item_size: 120
W (11632) stream: Waiting for connection to Golioth...
I (11642) golioth_coap_client_libcoap: Start CoAP session with host: coaps://coap.golioth.io
I (11652) golioth_coap_client_libcoap: Session PSK-ID: generated-ecOSAsxzlBIRlnTd@firmware_ci
I (11672) libcoap: Setting PSK key

I (11672) golioth_coap_client_libcoap: Entering CoAP I/O loop
E (21692) golioth_coap_client_libcoap: Timeout: never got a response from the server
E (21692) golioth_coap_client_libcoap: DTLS handshake failed. Maybe your PSK-ID or PSK is incorrect?
I (21702) golioth_coap_client_libcoap: Ending session
E (21702) golioth_coap_client_libcoap: Received nack reason: COAP_NACK_TLS_FAILED
I (22712) golioth_coap_client_libcoap: Start CoAP session with host: coaps://coap.golioth.io
I (22712) golioth_coap_client_libcoap: Session PSK-ID: generated-ecOSAsxzlBIRlnTd@firmware_ci
I (22722) libcoap: Setting PSK key

I (22732) golioth_coap_client_libcoap: Entering CoAP I/O loop
I (22962) golioth_coap_client_libcoap: Golioth CoAP client connected
I (22962) stream: Golioth client connected
I (22962) stre