esptool.py v4.8.1
Serial port /dev/serial/by-id/usb-Silicon_Labs_CP2102N_USB_to_UART_Bridge_Controller_08bd8600facfec119c501d2686bdcd52-if00-port0
Connecting....
Detecting chip type... ESP32-S3
Chip is ESP32-S3 (QFN56) (revision v0.1)
Features: WiFi, BLE, Embedded PSRAM 8MB (AP_3v3)
Crystal is 40MHz
MAC: 34:85:18:6d:04:5c
Uploading stub...
Running stub...
Stub running...
Changing baud rate to 460800
Changed.
Configuring flash size...
Erasing flash (this may take a while)...
Chip erase completed successfully in 1.3s
Compressed 964656 bytes to 598548...
Writing at 0x00000000... (2 %)
Writing at 0x00011726... (5 %)
Writing at 0x0001e722... (8 %)
Writing at 0x0002a8f1... (10 %)
Writing at 0x00033fe5... (13 %)
Writing at 0x0003d0c6... (16 %)
Writing at 0x00043245... (18 %)
Writing at 0x00048958... (21 %)
Writing at 0x0004e6be... (24 %)
Writing at 0x00053d96... (27 %)
Writing at 0x00059029... (29 %)
Writing at 0x0005e460... (32 %)
Writing at 0x00064025... (35 %)
Writing at 0x000690d6... (37 %)
Writing at 0x0006e424... (40 %)
Writing at 0x00073649... (43 %)
Writing at 0x0007890e... (45 %)
Writing at 0x0007db0f... (48 %)
Writing at 0x00083183... (51 %)
Writing at 0x0008863d... (54 %)
Writing at 0x0008dca6... (56 %)
Writing at 0x00092c28... (59 %)
Writing at 0x00097c81... (62 %)
Writing at 0x0009d25b... (64 %)
Writing at 0x000a24a0... (67 %)
Writing at 0x000a768a... (70 %)
Writing at 0x000ace06... (72 %)
Writing at 0x000b2183... (75 %)
Writing at 0x000b7252... (78 %)
Writing at 0x000bc8fb... (81 %)
Writing at 0x000c2ace... (83 %)
Writing at 0x000c966e... (86 %)
Writing at 0x000d15b3... (89 %)
Writing at 0x000d7ad8... (91 %)
Writing at 0x000dd3e6... (94 %)
Writing at 0x000e2f93... (97 %)
Writing at 0x000e8658... (100 %)
Wrote 964656 bytes (598548 compressed) at 0x00000000 in 13.8 seconds (effective 560.5 kbit/s)...
Hash of data verified.

Leaving...
Hard resetting via RTS pin...
ESP-ROM:esp32s3-20210327
Build:Mar 27 2021
rst:0x1 (POWERON),boot:0x8 (SPI_FAST_FLASH_BOOT)
SPIWP:0xee
mode:DIO, clock div:1
load:0x3fce2810,len:0x15a0
load:0x403c8700,len:0x4
load:0x403c8704,len:0xd20
load:0x403cb700,len:0x2ee4
entry 0x403c8928
I (27) boot: ESP-IDF v5.4 2nd stage bootloader
I (27) boot: compile time Jan  7 2025 23:54:49
I (27) boot: Multicore bootloader
I (27) boot: chip revision: v0.1
I (30) boot: efuse block revision: v1.2
I (33) boot.esp32s3: Boot SPI Speed : 80MHz
I (37) boot.esp32s3: SPI Mode       : DIO
I (41) boot.esp32s3: SPI Flash Size : 2MB
I (45) boot: Enabling RNG early entropy source...
I (49) boot: Partition Table:
I (52) boot: ## Label            Usage          Type ST Offset   Length
I (58) boot:  0 nvs              WiFi data        01 02 00009000 00006000
I (65) boot:  1 phy_init         RF data          01 01 0000f000 00001000
I (71) boot:  2 factory          factory app      00 00 00010000 00100000
I (78) boot: End of partition table
I (81) esp_image: segment 0: paddr=00010020 vaddr=3c0a0020 size=24ef4h (151284) map
I (115) esp_image: segment 1: paddr=00034f1c vaddr=3fc99200 size=04b54h ( 19284) load
I (119) esp_image: segment 2: paddr=00039a78 vaddr=40374000 size=065a0h ( 26016) load
I (125) esp_image: segment 3: paddr=00040020 vaddr=42000020 size=9cba8h (641960) map
I (239) esp_image: segment 4: paddr=000dcbd0 vaddr=4037a5a0 size=0ec0ch ( 60428) load
I (253) esp_image: segment 5: paddr=000eb7e4 vaddr=600fe100 size=0001ch (    28) load
I (261) boot: Loaded app from partition at offset 0x10000
I (262) boot: Disabling RNG early entropy source...
I (272) cpu_start: Multicore app
I (281) cpu_start: Pro cpu start user code
I (281) cpu_start: cpu freq: 160000000 Hz
I (281) app_init: Application information:
I (281) app_init: Project name:     set
I (284) app_init: App version:      35bfb28-dirty
I (289) app_init: Compile time:     Jan  7 2025 23:54:42
I (294) app_init: ELF file SHA256:  51901baa2...
I (298) app_init: ESP-IDF:          v5.4
I (302) efuse_init: Min chip rev:     v0.0
I (306) efuse_init: Max chip rev:     v0.99 
I (310) efuse_init: Chip rev:         v0.1
I (314) heap_init: Initializing. RAM available for dynamic allocation:
I (320) heap_init: At 3FCA5120 len 000445F0 (273 KiB): RAM
I (325) heap_init: At 3FCE9710 len 00005724 (21 KiB): RAM
I (330) heap_init: At 3FCF0000 len 00008000 (32 KiB): DRAM
I (335) heap_init: At 600FE11C len 00001ECC (7 KiB): RTCRAM
I (341) spi_flash: detected chip: gd
I (344) spi_flash: flash io: dio
W (347) spi_flash: Detected size(8192k) larger than the size in the binary image header(2048k). Using the size in the binary image header.
I (359) sleep_gpio: Configure to isolate all GPIO pins in sleep state
I (365) sleep_gpio: Enable automatic switching of GPIO sleep configuration
I (372) main_task: Started on CPU0
I (392) main_task: Calling app_main()
I (392) lightdb: Start LightDB set sample
[5n
Type 'help' to get the list of commands.
Use UP/DOWN arrows to navigate through command history.
Press TAB when typing command name to auto-complete.

Your terminal application does not support escape sequences.

Line editing and history features are disabled.

On Windows, try using Putty instead.
esp32> W (902) lightdb: WiFi and Golioth credentials are not set. Use the shell settings commands to set them.

esp32> 
esp32> 
esp32> 
esp32> settings set wifi/ssid "***MIKES_ORANGE_PI_WIFI_SSID***"
Setting wifi/ssid saved
esp32> 
esp32> 
esp32> 
esp32> 
esp32> 
esp32> settings set wifi/psk "***MIKES_ORANGE_PI_WIFI_PSK***"
Setting wifi/psk saved
esp32> 
esp32> ::add-mask::generated-UeZSHablvMUqugOs

esp32> 
esp32> 
esp32> 
esp32> settings set golioth/psk-id "generated-UeZSHablvMUqugOs@firmware_ci"
Setting golioth/psk-id saved
esp32> 
esp32> 
esp32> 
esp32> 
esp32> 
esp32> settings set golioth/psk "generated-UeZSHablvMUqugOs"
Setting golioth/psk saved
esp32> 
esp32> I (10932) pp: pp rom version: e7ae62f
I (10932) net80211: net80211 rom version: e7ae62f
I (10952) wifi_init: rx ba win: 6
I (10952) wifi_init: accept mbox: 6
I (10952) wifi_init: tcpip mbox: 32
I (10952) wifi_init: udp mbox: 6
I (10952) wifi_init: tcp mbox: 6
I (10962) wifi_init: tcp tx win: 5760
I (10962) wifi_init: tcp rx win: 5760
I (10962) wifi_init: tcp mss: 1440
I (10962) wifi_init: WiFi IRAM OP enabled
I (10982) wifi_init: WiFi RX IRAM OP enabled
I (10982) phy_init: phy_version 680,a6008b2,Jun  4 2024,16:41:10
W (10982) phy_init: failed to load RF calibration data (0x1102), falling back to full calibration
W (11022) phy_init: saving new calibration data because of checksum failure, mode(2)
I (12612) esp_netif_handlers: sta ip: 192.168.8.235, mask: 255.255.255.0, gw: 192.168.8.1
I (12612) example_wifi: WiFi Connected. Got IP:192.168.8.235
I (12612) example_wifi: Connected to AP SSID: ***MIKES_ORANGE_PI_WIFI_SSID***
I (12622) golioth_mbox: Mbox created, bufsize: 2520, num_items: 20, item_size: 120
W (12622) lightdb: Waiting for connection to Golioth...
I (12632) golioth_coap_client_libcoap: Start CoAP session with host: coaps://coap.golioth.io
I (12642) golioth_coap_client_libcoap: Session PSK-ID: generated-UeZSHablvMUqugOs@firmware_ci
I (12662) libcoap: Setting PSK key

I (12662) golioth_coap_client_libcoap: Entering CoAP I/O loop
I (12962) golioth_coap_client_libcoap: Golioth CoAP client connected
I (12962) lightdb: Golioth client connected
I (12972) lightdb: Setting counter to 0
I (12972) lightdb: Before request (async)
I (12972) lightdb: After request (async)
I (13572) lightdb: Counter successfully set
I (17982) lightdb: Setting counter to 1
I (17982) lightdb: Before request (sync)
I (18132) lightdb: Counter successfully set
I (18132) lightdb: After request (sync)
I (23132) lightdb: Setting counter to 2
I (23132) lightdb: Before request (json async)
I (23132) lightdb: After request (json async)
I (23272) lightdb: Counter successfully set
I (28132) lightdb: Setting counter to 3
I (28132) lightdb: Before request (cbor sync)
I (28272) lightdb: Counter successfully set
I (28282) lightdb: 