esptool.py v4.8.1
Serial port /dev/serial/by-id/usb-Silicon_Labs_CP2102N_USB_to_UART_Bridge_Controller_08bd8600facfec119c501d2686bdcd52-if00-port0
Connecting....
Detecting chip type... ESP32-S3
Chip is ESP32-S3 (QFN56) (revision v0.1)
Features: WiFi, BLE, Embedded PSRAM 8MB (AP_3v3)
Crystal is 40MHz
MAC: 34:85:18:6d:04:5c
Uploading stub...
Running stub...
Stub running...
Changing baud rate to 460800
Changed.
Configuring flash size...
Erasing flash (this may take a while)...
Chip erase completed successfully in 1.3s
Compressed 968928 bytes to 601303...
Writing at 0x00000000... (2 %)
Writing at 0x00011721... (5 %)
Writing at 0x0001e7a7... (8 %)
Writing at 0x0002a9dc... (10 %)
Writing at 0x00033f80... (13 %)
Writing at 0x0003d200... (16 %)
Writing at 0x00043370... (18 %)
Writing at 0x00048aa3... (21 %)
Writing at 0x0004e781... (24 %)
Writing at 0x00053f50... (27 %)
Writing at 0x00059182... (29 %)
Writing at 0x0005e43c... (32 %)
Writing at 0x0006422a... (35 %)
Writing at 0x000692d8... (37 %)
Writing at 0x0006e568... (40 %)
Writing at 0x000738a9... (43 %)
Writing at 0x000789dc... (45 %)
Writing at 0x0007ddb0... (48 %)
Writing at 0x000832b3... (51 %)
Writing at 0x0008885b... (54 %)
Writing at 0x0008de34... (56 %)
Writing at 0x00092e75... (59 %)
Writing at 0x00097e87... (62 %)
Writing at 0x0009d3bc... (64 %)
Writing at 0x000a2505... (67 %)
Writing at 0x000a77df... (70 %)
Writing at 0x000acd26... (72 %)
Writing at 0x000b23ec... (75 %)
Writing at 0x000b749c... (78 %)
Writing at 0x000bcadb... (81 %)
Writing at 0x000c232f... (83 %)
Writing at 0x000c985c... (86 %)
Writing at 0x000d0c5d... (89 %)
Writing at 0x000d7ae2... (91 %)
Writing at 0x000dd529... (94 %)
Writing at 0x000e2f95... (97 %)
Writing at 0x000e8943... (100 %)
Wrote 968928 bytes (601303 compressed) at 0x00000000 in 13.9 seconds (effective 558.9 kbit/s)...
Hash of data verified.

Leaving...
Hard resetting via RTS pin...
ESP-ROM:esp32s3-20210327
Build:Mar 27 2021
rst:0x1 (POWERON),boot:0x8 (SPI_FAST_FLASH_BOOT)
SPIWP:0xee
mode:DIO, clock div:1
load:0x3fce2810,len:0x15a0
load:0x403c8700,len:0x4
load:0x403c8704,len:0xd20
load:0x403cb700,len:0x2ee4
entry 0x403c8928
I (27) boot: ESP-IDF v5.4 2nd stage bootloader
I (27) boot: compile time Jan  7 2025 23:51:53
I (27) boot: Multicore bootloader
I (27) boot: chip revision: v0.1
I (30) boot: efuse block revision: v1.2
I (33) boot.esp32s3: Boot SPI Speed : 80MHz
I (37) boot.esp32s3: SPI Mode       : DIO
I (41) boot.esp32s3: SPI Flash Size : 2MB
I (45) boot: Enabling RNG early entropy source...
I (49) boot: Partition Table:
I (52) boot: ## Label            Usage          Type ST Offset   Length
I (58) boot:  0 nvs              WiFi data        01 02 00009000 00006000
I (65) boot:  1 phy_init         RF data          01 01 0000f000 00001000
I (71) boot:  2 factory          factory app      00 00 00010000 00100000
I (78) boot: End of partition table
I (81) esp_image: segment 0: paddr=00010020 vaddr=3c0a0020 size=25134h (151860) map
I (115) esp_image: segment 1: paddr=0003515c vaddr=3fc99200 size=04b54h ( 19284) load
I (119) esp_image: segment 2: paddr=00039cb8 vaddr=40374000 size=06360h ( 25440) load
I (125) esp_image: segment 3: paddr=00040020 vaddr=42000020 size=9da18h (645656) map
I (240) esp_image: segment 4: paddr=000dda40 vaddr=4037a360 size=0ee4ch ( 61004) load
I (254) esp_image: segment 5: paddr=000ec894 vaddr=600fe100 size=0001ch (    28) load
I (262) boot: Loaded app from partition at offset 0x10000
I (262) boot: Disabling RNG early entropy source...
I (272) cpu_start: Multicore app
I (281) cpu_start: Pro cpu start user code
I (282) cpu_start: cpu freq: 160000000 Hz
I (282) app_init: Application information:
I (282) app_init: Project name:     settings
I (286) app_init: App version:      35bfb28-dirty
I (290) app_init: Compile time:     Jan  7 2025 23:51:47
I (295) app_init: ELF file SHA256:  634486078...
I (299) app_init: ESP-IDF:          v5.4
I (303) efuse_init: Min chip rev:     v0.0
I (307) efuse_init: Max chip rev:     v0.99 
I (311) efuse_init: Chip rev:         v0.1
I (315) heap_init: Initializing. RAM available for dynamic allocation:
I (321) heap_init: At 3FCA5120 len 000445F0 (273 KiB): RAM
I (326) heap_init: At 3FCE9710 len 00005724 (21 KiB): RAM
I (331) heap_init: At 3FCF0000 len 00008000 (32 KiB): DRAM
I (336) heap_init: At 600FE11C len 00001ECC (7 KiB): RTCRAM
I (343) spi_flash: detected chip: gd
I (345) spi_flash: flash io: dio
W (348) spi_flash: Detected size(8192k) larger than the size in the binary image header(2048k). Using the size in the binary image header.
I (360) sleep_gpio: Configure to isolate all GPIO pins in sleep state
I (367) sleep_gpio: Enable automatic switching of GPIO sleep configuration
I (373) main_task: Started on CPU0
I (393) main_task: Calling app_main()
I (393) settings: Start Golioth Device Settings sample
[5n
Type 'help' to get the list of commands.
Use UP/DOWN arrows to navigate through command history.
Press TAB when typing command name to auto-complete.

Your terminal application does not support escape sequences.

Line editing and history features are disabled.

On Windows, try using Putty instead.
esp32> W (1903) settings: WiFi and golioth credentials are not set
W (1903) settings: Use the shell settings commands to set them, then restart

esp32> 
esp32> 
esp32> 
esp32> settings set wifi/ssid "***MIKES_ORANGE_PI_WIFI_SSID***"
Setting wifi/ssid saved
esp32> 
esp32> 
esp32> 
esp32> 
esp32> 
esp32> settings set wifi/psk "***MIKES_ORANGE_PI_WIFI_PSK***"
Setting wifi/psk saved
esp32> 
esp32> ::add-mask::generated-XJMYIwpcFystHaWv

esp32> 
esp32> 
esp32> 
esp32> settings set golioth/psk-id "generated-XJMYIwpcFystHaWv@firmware_ci"
Setting golioth/psk-id saved
esp32> 
esp32> 
esp32> 
esp32> 
esp32> 
esp32> settings set golioth/psk "generated-XJMYIwpcFystHaWv"
Setting golioth/psk saved
esp32> 
esp32> 
esp32> 
esp32> 
esp32> 
esp32> reset
I (11203) shell: Resetting
ESP-ROM:esp32s3-20210327
Build:Mar 27 2021
rst:0xc (RTC_SW_CPU_RST),boot:0x8 (SPI_FAST_FLASH_BOOT)
Saved PC:0x40375ac5
SPIWP:0xee
mode:DIO, clock div:1
load:0x3fce2810,len:0x15a0
load:0x403c8700,len:0x4
load:0x403c8704,len:0xd20
load:0x403cb700,len:0x2ee4
entry 0x403c8928
I (31) boot: ESP-IDF v5.4 2nd stage bootloader
I (31) boot: compile time Jan  7 2025 23:51:53
I (31) boot: Multicore bootloader
I (31) boot: chip revision: v0.1
I (34) boot: efuse block revision: v1.2
I (38) boot.esp32s3: Boot SPI Speed : 80MHz
I (42) boot.esp32s3: SPI Mode       : DIO
I (45) boot.esp32s3: SPI Flash Size : 2MB
I (49) boot: Enabling RNG early entropy source...
I (54) boot: Partition Table:
I (56) boot: ## Label            Usage          Type ST Offset   Length
I (62) boot:  0 nvs              WiFi data        01 02 00009000 00006000
I (69) boot:  1 phy_init         RF data          01 01 0000f000 00001000
I (75) boot:  2 factory          factory app      00 00 00010000 00100000
I (82) boot: End of partition table
I (85) esp_image: segment 0: paddr=00010020 vaddr=3c0a0020 size=25134h (151860) map
I (119) esp_image: segment 1: paddr=0003515c vaddr=3fc99200 size=04b54h ( 19284) load
I (124) esp_image: segment 2: paddr=00039cb8 vaddr=40374000 size=06360h ( 25440) load
I (130) esp_image: segment 3: paddr=00040020 vaddr=42000020 size=9da18h (645656) map
I (245) esp_image: segment 4: paddr=000dda40 vaddr=4037a360 size=0ee4ch ( 61004) load
I (258) esp_image: segment 5: paddr=000ec894 vaddr=600fe100 size=0001ch (    28) load
I (267) boot: Loaded app from partition at offset 0x10000
I (267) boot: Disabling RNG early entropy source...
I (277) cpu_start: Multicore app
I (286) cpu_start: Pro cpu start user code
I (286) cpu_start: cpu freq: 160000000 Hz
I (286) app_init: Application information:
I (286) app_init: Project name:     settings
I (290) app_init: App version:      35bfb28-dirty
I (294) app_init: Compile time:     Jan  7 2025 23:51:47
I (299) app_init: ELF file SHA256:  634486078...
I (304) app_init: ESP-IDF:          v5.4
I (307) efuse_init: Min chip rev:     v0.0
I (311) efuse_init: Max chip rev:     v0.99 
I (315) efuse_init: Chip rev:         v0.1
I (319) heap_init: Initializing. RAM available for dynamic allocation:
I (325) heap_init: At 3FCA5120 len 000445F0 (273 KiB): RAM
I (331) heap_init: At 3FCE9710 len 00005724 (21 KiB): RAM
I (336) heap_init: At 3FCF0000 len 00008000 (32 KiB): DRAM
I (341) heap_init: At 600FE11C len 00001ECC (7 KiB): RTCRAM
I (347) spi_flash: detected chip: gd
I (349) spi_flash: flash io: dio
W (352) spi_flash: Detected size(8192k) larger than the size in the binary image header(2048k). Using the size in the binary image header.
I (365) sleep_gpio: Configure to isolate all GPIO pins in sleep state
I (371) sleep_gpio: Enable automatic switching of GPIO sleep configuration
I (378) main_task: Started on CPU0
I (398) main_task: Calling app_main()
I (398) settings: Start Golioth Device Settings sample
[5n
Type 'help' to get the list of commands.
Use UP/DOWN arrows to navigate through command history.
Press TAB when typing command name to auto-complete.

Your terminal application does not support escape sequences.

Line editing and history features are disabled.

On Windows, try using Putty instead.
esp32> I (908) pp: pp rom version: e7ae62f
I (928) net80211: net80211 rom version: e7ae62f
I (948) wifi_init: rx ba win: 6
I (948) wifi_init: accept mbox: 6
I (948) wifi_init: tcpip mbox: 32
I (948) wifi_init: udp mbox: 6
I (948) wifi_init: tcp mbox: 6
I (958) wifi_init: tcp tx win: 5760
I (958) wifi_init: tcp rx win: 5760
I (958) wifi_init: tcp mss: 1440
I (958) wifi_init: WiFi IRAM OP enabled
I (978) wifi_init: WiFi RX IRAM OP enabled
I (978) phy_init: phy_version 680,a6008b2,Jun  4 2024,16:41:10
W (978) phy_init: failed to load RF calibration data (0x1102), falling back to full calibration
W (1018) phy_init: saving new calibration data because of checksum failure, mode(2)
I (2598) esp_netif_handlers: sta ip: 192.168.8.235, mask: 255.255.255.0, gw: 192.168.8.1
I (2598) example_wifi: WiFi Connected. Got IP:192.168.8.235
I (2598) example_wifi: Connected to AP SSID: ***MIKES_ORANGE_PI_WIFI_SSID***
I (2608) golioth_mbox: Mbox created, bufsize: 2520, num_items: 20, item_size: 120
W (2608) settings: Waiting for connection to Golioth...
I (2618) golioth_coap_client_libcoap: Start CoAP session with host: coaps://coap.golioth.io
I (2628) golioth_coap_client_libcoap: Session PSK-ID: generated-XJMYIwpcFystHaWv@firmware_ci
I (2648) libcoap: Setting PSK key

I (2648) golioth_coap_client_libcoap: Entering CoAP I/O loop
I (2948) golioth_coap_client_libcoap: Golioth CoAP client connected
I (2948) settings: Golioth client connected
I (2948) settings: Sending hello! 0
I (3288) settings: Setting loop delay to 1 s
E (3288) golioth_settings: Failed to send a response to server: -12
I (3338) settings: Setting loop delay to 1 s
E (3348) golioth_settings: Failed to send a response to server: -12
I (4578) settings: Setting loop delay to 5 s
E (4578) golioth_s