esptool.py v4.8.1
Serial port /dev/serial/by-id/usb-Silicon_Labs_CP2102N_USB_to_UART_Bridge_Controller_6a5ea5870128ee11b6e611d8f49e3369-if00-port0
Connecting....
Detecting chip type... ESP32-S3
Chip is ESP32-S3 (QFN56) (revision v0.2)
Features: WiFi, BLE, Embedded PSRAM 2MB (AP_3v3)
Crystal is 40MHz
MAC: dc:da:0c:61:9f:74
Uploading stub...
Running stub...
Stub running...
Changing baud rate to 460800
Changed.
Configuring flash size...
Erasing flash (this may take a while)...
Chip erase completed successfully in 2.0s
Compressed 995120 bytes to 617263...
Writing at 0x00000000... (2 %)
Writing at 0x00011b2a... (5 %)
Writing at 0x0001f53b... (7 %)
Writing at 0x0002b894... (10 %)
Writing at 0x00031e9d... (13 %)
Writing at 0x000374cd... (15 %)
Writing at 0x00042005... (18 %)
Writing at 0x00047998... (21 %)
Writing at 0x0004d60d... (23 %)
Writing at 0x00052d35... (26 %)
Writing at 0x00057f8a... (28 %)
Writing at 0x0005d34c... (31 %)
Writing at 0x00063062... (34 %)
Writing at 0x0006826a... (36 %)
Writing at 0x0006d47e... (39 %)
Writing at 0x000728c9... (42 %)
Writing at 0x00077a08... (44 %)
Writing at 0x0007cd43... (47 %)
Writing at 0x00082129... (50 %)
Writing at 0x00087df1... (52 %)
Writing at 0x0008d31e... (55 %)
Writing at 0x0009251d... (57 %)
Writing at 0x00097435... (60 %)
Writing at 0x0009c8c9... (63 %)
Writing at 0x000a19ba... (65 %)
Writing at 0x000a6c92... (68 %)
Writing at 0x000ac34b... (71 %)
Writing at 0x000b1912... (73 %)
Writing at 0x000b6984... (76 %)
Writing at 0x000bc024... (78 %)
Writing at 0x000c1b4f... (81 %)
Writing at 0x000c900b... (84 %)
Writing at 0x000d1473... (86 %)
Writing at 0x000d813a... (89 %)
Writing at 0x000dda45... (92 %)
Writing at 0x000e3bde... (94 %)
Writing at 0x000e976b... (97 %)
Writing at 0x000ef13b... (100 %)
Wrote 995120 bytes (617263 compressed) at 0x00000000 in 14.3 seconds (effective 556.3 kbit/s)...
Hash of data verified.

Leaving...
Hard resetting via RTS pin...
Build:Mar 27 2021
rst:0x1 (POWERON),boot:0x8 (SPI_FAST_FLASH_BOOT)
SPIWP:0xee
mode:DIO, clock div:1
load:0x3fce2810,len:0x178c
load:0x403c8700,len:0x4
load:0x403c8704,len:0xcb8
load:0x403cb700,len:0x2df4
entry 0x403c8914
[0;32mI (27) boot: ESP-IDF v5.3 2nd stage bootloader[0m
[0;32mI (27) boot: compile time Jan  2 2025 19:53:15[0m
[0;32mI (27) boot: Multicore bootloader[0m
[0;32mI (30) boot: chip revision: v0.2[0m
[0;32mI (34) boot.esp32s3: Boot SPI Speed : 80MHz[0m
[0;32mI (38) boot.esp32s3: SPI Mode       : DIO[0m
[0;32mI (43) boot.esp32s3: SPI Flash Size : 4MB[0m
[0;32mI (48) boot: Enabling RNG early entropy source...[0m
[0;32mI (53) boot: Partition Table:[0m
[0;32mI (57) boot: ## Label            Usage          Type ST Offset   Length[0m
[0;32mI (64) boot:  0 nvs              WiFi data        01 02 00009000 00006000[0m
[0;32mI (71) boot:  1 phy_init         RF data          01 01 0000f000 00001000[0m
[0;32mI (79) boot:  2 factory          factory app      00 00 00010000 00100000[0m
[0;32mI (86) boot: End of partition table[0m
[0;32mI (91) esp_image: segment 0: paddr=00010020 vaddr=3c0a0020 size=2c598h (181656) map[0m
[0;32mI (132) esp_image: segment 1: paddr=0003c5c0 vaddr=3fc98800 size=03a58h ( 14936) load[0m
[0;32mI (135) esp_image: segment 2: paddr=00040020 vaddr=42000020 size=9d754h (644948) map[0m
[0;32mI (253) esp_image: segment 3: paddr=000dd77c vaddr=3fc9c258 size=01020h (  4128) load[0m
[0;32mI (254) esp_image: segment 4: paddr=000de7a4 vaddr=40374000 size=14760h ( 83808) load[0m
[0;32mI (286) boot: Loaded app from partition at offset 0x10000[0m
[0;32mI (286) boot: Disabling RNG early entropy source...[0m
[0;32mI (297) cpu_start: Multicore app[0m
[0;32mI (307) cpu_start: Pro cpu start user code[0m
[0;32mI (307) cpu_start: cpu freq: 160000000 Hz[0m
[0;32mI (307) app_init: Application information:[0m
[0;32mI (310) app_init: Project name:     test[0m
[0;32mI (314) app_init: App version:      52f05a7-dirty[0m
[0;32mI (320) app_init: Compile time:     Jan  2 2025 19:53:09[0m
[0;32mI (326) app_init: ELF file SHA256:  d43f37bf7...[0m
[0;32mI (331) app_init: ESP-IDF:          v5.3[0m
[0;32mI (335) efuse_init: Min chip rev:     v0.0[0m
[0;32mI (340) efuse_init: Max chip rev:     v0.99 [0m
[0;32mI (345) efuse_init: Chip rev:         v0.2[0m
[0;32mI (350) heap_init: Initializing. RAM available for dynamic allocation:[0m
[0;32mI (357) heap_init: At 3FCA4E30 len 000448E0 (274 KiB): RAM[0m
[0;32mI (363) heap_init: At 3FCE9710 len 00005724 (21 KiB): RAM[0m
[0;32mI (369) heap_init: At 3FCF0000 len 00008000 (32 KiB): DRAM[0m
[0;32mI (376) heap_init: At 600FE100 len 00001EE8 (7 KiB): RTCRAM[0m
[0;32mI (383) spi_flash: detected chip: gd[0m
[0;32mI (386) spi_flash: flash io: dio[0m
[0;33mW (390) spi_flash: Detected size(8192k) larger than the size in the binary image header(4096k). Using the size in the binary image header.[0m
[0;32mI (403) sleep: Configure to isolate all GPIO pins in sleep state[0m
[0;32mI (410) sleep: Enable automatic switching of GPIO sleep configuration[0m
[0;32mI (417) main_task: Started on CPU0[0m
[0;32mI (437) main_task: Calling app_main()[0m
[5n
Type 'help' to get the list of commands.
Use UP/DOWN arrows to navigate through command history.
Press TAB when typing command name to auto-complete.

Your terminal application does not support escape sequences.

Line editing and history features are disabled.

On Windows, try using Putty instead.
esp32> [0;33mW (947) hil_test: WiFi and Golioth credentials are not set. Use the shell settings commands to set them.[0m

esp32> 
esp32> 
esp32> 
esp32> settings set wifi/ssid "***JONS_ORANGE_PI_WIFI_SSID***"
Setting wifi/ssid saved
esp32> 
esp32> 
esp32> 
esp32> 
esp32> 
esp32> settings set wifi/psk "***JONS_ORANGE_PI_WIFI_PSK***"
Setting wifi/psk saved
es::add-mask::generated-MdoJxpXMUvaHrRzV
p32> 
esp32> 
esp32> 
esp32> 
esp32> 
esp32> settings set golioth/psk-id "generated-MdoJxpXMUvaHrRzV@firmware_ci"
Setting golioth/psk-id saved
esp32> 
esp32> 
esp32> 
esp32> 
esp32> 
esp32> settings set golioth/psk "generated-MdoJxpXMUvaHrRzV"
Setting golioth/psk saved
esp32> 
esp32> [0;32mI (8977) pp: pp rom version: e7ae62f[0m
[0;32mI (8977) net80211: net80211 rom version: e7ae62f[0m
[0;32mI (8997) wifi_init: rx ba win: 6[0m
[0;32mI (8997) wifi_init: accept mbox: 6[0m
[0;32mI (8997) wifi_init: tcpip mbox: 32[0m
[0;32mI (8997) wifi_init: udp mbox: 6[0m
[0;32mI (9007) wifi_init: tcp mbox: 6[0m
[0;32mI (9007) wifi_init: tcp tx win: 5760[0m
[0;32mI (9007) wifi_init: tcp rx win: 5760[0m
[0;32mI (9017) wifi_init: tcp mss: 1440[0m
[0;32mI (9027) wifi_init: WiFi IRAM OP enabled[0m
[0;32mI (9027) wifi_init: WiFi RX IRAM OP enabled[0m
[0;32mI (9037) phy_init: phy_version 680,a6008b2,Jun  4 2024,16:41:10[0m
[0;33mW (9037) phy_init: failed to load RF calibration data (0x1102), falling back to full calibration[0m
[0;33mW (9077) phy_init: saving new calibration data because of checksum failure, mode(2)[0m
[0;32mI (10667) esp_netif_handlers: sta ip: 192.168.8.168, mask: 255.255.255.0, gw: 192.168.8.1[0m
[0;32mI (10667) example_wifi: WiFi Connected. Got IP:192.168.8.168[0m
[0;32mI (10677) example_wifi: Connected to AP SSID: ***JONS_ORANGE_PI_WIFI_SSID***[0m
[0;32mI (10677) golioth_mbox: Mbox created, bufsize: 2520, num_items: 20, item_size: 120[0m
[0;32mI (10697) golioth_coap_client_libcoap: Start CoAP session with host: coaps://coap.golioth.io[0m
[0;32mI (10697) golioth_coap_client_libcoap: Session PSK-ID: generated-MdoJxpXMUvaHrRzV@firmware_ci[0m
[0;32mI (10717) libcoap: Setting PSK key
[0m
[0;32mI (10717) golioth_coap_client_libcoap: Entering CoAP I/O loop[0m
[0;32mI (11197) golioth_coap_client_libcoap: Golioth CoAP client connected[0m
[0;32mI (11397) test_ota: Manifest received[0m
[0;32mI (11407) test_ota: Manifest successfully decoded[0m
[0;32mI (11407) test_ota: Manifest doesn't have main or walrus components, skipping this one.[0m
[0;32mI (13877) test_ota: Manifest received[0m
[0;32mI (13877) test_ota: Manifest successfully decoded[0m
[0;32mI (13877) test_ota: Manifest doesn't have main or walrus components, skipping this one.[0m
[0;32mI (13977) test_ota: Manifest received[0m
[0;32mI (13977) test_ota: Manifest successfully decoded[0m
[0;32mI (13977) test_ota: Manifest doesn't have main or walrus components, skipping this one.[0m
[0;32mI (14067) test_ota: Manifest received[0m
[0;32mI (14067) test_ota: Manifest successfully decoded[0m
[0;32mI (14067) test_ota: Manifest doesn't have main or walrus components, skipping this one.[0m
[0;32mI (14717) test_ota: Manifest received[0m
[0;32mI (14727) test_ota: Manifest successfully decoded[0m
[0;32mI (14727) test_ota: Manifest doesn't have main or walrus components, skipping this one.[0m
[0;32mI (15097) test_ota: Manifest received[0m
[0;32mI (15097) test_ota: Manifest successfully decoded[0m
[0;32mI (15097) test_ota: Manifest doesn't have main or walrus components, skipping this one.[0m
[0;32mI (15307) test_ota: Manifest received[0m
[0;32mI (15307) test_ota: Manifest successfully decoded[0m
[0;32mI (15307) test_ota: Found main component[0m
[0;32mI (15317) test_ota: No absent component found[0m
[0;32mI (15317) test_ota: component.package: main[0m
[0;32mI (15317) test_ota: component.version: 1.2.2[0m
[0;32mI (15327) test_ota: component.size: 16147[0m
[0;32mI (15327) test_ota: component.hash: 62c035ff42d6c61ad9d1caf9ee3425dae3ef360eb9d145061d3f76092e266018[0m
[0;32mI (15347) test_ota: component.uri: /.u/c/main@1.2.2[0m
[0;32mI (15347) test_ota: component.bootloader: default[0m
