esptool.py v4.8.1
Serial port /dev/serial/by-id/usb-Silicon_Labs_CP2102N_USB_to_UART_Bridge_Controller_ca317d585c76eb11ba0a87abb7be2ba5-if00-port0
Connecting....
Detecting chip type... ESP32-C3
Chip is ESP32-C3 (QFN32) (revision v0.3)
Features: WiFi, BLE, Embedded Flash 4MB (XMC)
Crystal is 40MHz
MAC: 84:f7:03:09:96:10
Uploading stub...
Running stub...
Stub running...
Changing baud rate to 460800
Changed.
Configuring flash size...
Erasing flash (this may take a while)...
Chip erase completed successfully in 20.0s
Compressed 1042288 bytes to 612637...
Writing at 0x00000000... (2 %)
Writing at 0x00012144... (5 %)
Writing at 0x0001f43b... (7 %)
Writing at 0x0002bbc9... (10 %)
Writing at 0x00032227... (13 %)
Writing at 0x00037239... (15 %)
Writing at 0x00041056... (18 %)
Writing at 0x00047041... (21 %)
Writing at 0x0004d694... (23 %)
Writing at 0x000539d3... (26 %)
Writing at 0x0005945b... (28 %)
Writing at 0x0005f0a6... (31 %)
Writing at 0x00065c0e... (34 %)
Writing at 0x0006b84c... (36 %)
Writing at 0x0007193a... (39 %)
Writing at 0x000778c0... (42 %)
Writing at 0x0007da3e... (44 %)
Writing at 0x000835cc... (47 %)
Writing at 0x00088b5a... (50 %)
Writing at 0x0008e6f6... (52 %)
Writing at 0x00094e1a... (55 %)
Writing at 0x0009a7fa... (57 %)
Writing at 0x000a018b... (60 %)
Writing at 0x000a5ef0... (63 %)
Writing at 0x000ac5b2... (65 %)
Writing at 0x000b279f... (68 %)
Writing at 0x000b8687... (71 %)
Writing at 0x000be901... (73 %)
Writing at 0x000c4448... (76 %)
Writing at 0x000c9c5c... (78 %)
Writing at 0x000cfab5... (81 %)
Writing at 0x000d55e6... (84 %)
Writing at 0x000dc57f... (86 %)
Writing at 0x000e3296... (89 %)
Writing at 0x000e9b0f... (92 %)
Writing at 0x000efb96... (94 %)
Writing at 0x000f5f7c... (97 %)
Writing at 0x000fbf2f... (100 %)
Wrote 1042288 bytes (612637 compressed) at 0x00000000 in 19.7 seconds (effective 423.1 kbit/s)...
Hash of data verified.

Leaving...
Hard resetting via RTS pin...
Build:Feb  7 2021
rst:0x1 (POWERON),boot:0xc (SPI_FAST_FLASH_BOOT)
SPIWP:0xee
mode:DIO, clock div:1
load:0x3fcd5820,len:0x1738
load:0x403cc710,len:0xb9c
load:0x403ce710,len:0x2e4c
entry 0x403cc71a
[0;32mI (30) boot: ESP-IDF v5.3 2nd stage bootloader[0m
[0;32mI (30) boot: compile time Dec 10 2024 23:09:04[0m
[0;32mI (30) boot: chip revision: v0.3[0m
[0;32mI (33) boot.esp32c3: SPI Speed      : 80MHz[0m
[0;32mI (38) boot.esp32c3: SPI Mode       : DIO[0m
[0;32mI (43) boot.esp32c3: SPI Flash Size : 2MB[0m
[0;32mI (47) boot: Enabling RNG early entropy source...[0m
[0;32mI (53) boot: Partition Table:[0m
[0;32mI (56) boot: ## Label            Usage          Type ST Offset   Length[0m
[0;32mI (64) boot:  0 nvs              WiFi data        01 02 00009000 00006000[0m
[0;32mI (71) boot:  1 phy_init         RF data          01 01 0000f000 00001000[0m
[0;32mI (78) boot:  2 factory          factory app      00 00 00010000 00100000[0m
[0;32mI (86) boot: End of partition table[0m
[0;32mI (90) esp_image: segment 0: paddr=00010020 vaddr=3c0b0020 size=2d16ch (184684) map[0m
[0;32mI (127) esp_image: segment 1: paddr=0003d194 vaddr=3fc92800 size=02e84h ( 11908) load[0m
[0;32mI (130) esp_image: segment 2: paddr=00040020 vaddr=42000020 size=abe90h (704144) map[0m
[0;32mI (243) esp_image: segment 3: paddr=000ebeb8 vaddr=3fc95684 size=00144h (   324) load[0m
[0;32mI (243) esp_image: segment 4: paddr=000ec004 vaddr=40380000 size=12740h ( 75584) load[0m
[0;32mI (269) boot: Loaded app from partition at offset 0x10000[0m
[0;32mI (269) boot: Disabling RNG early entropy source...[0m
[0;32mI (281) cpu_start: Unicore app[0m
[0;32mI (289) cpu_start: Pro cpu start user code[0m
[0;32mI (289) cpu_start: cpu freq: 160000000 Hz[0m
[0;32mI (289) app_init: Application information:[0m
[0;32mI (292) app_init: Project name:     rpc[0m
[0;32mI (297) app_init: App version:      b9d2368-dirty[0m
[0;32mI (302) app_init: Compile time:     Dec 10 2024 23:08:58[0m
[0;32mI (308) app_init: ELF file SHA256:  1fcc35b1f...[0m
[0;32mI (313) app_init: ESP-IDF:          v5.3[0m
[0;32mI (318) efuse_init: Min chip rev:     v0.3[0m
[0;32mI (323) efuse_init: Max chip rev:     v1.99 [0m
[0;32mI (328) efuse_init: Chip rev:         v0.3[0m
[0;32mI (333) heap_init: Initializing. RAM available for dynamic allocation:[0m
[0;32mI (340) heap_init: At 3FC9D6E0 len 00022920 (138 KiB): RAM[0m
[0;32mI (346) heap_init: At 3FCC0000 len 0001C710 (113 KiB): Retention RAM[0m
[0;32mI (353) heap_init: At 3FCDC710 len 00002950 (10 KiB): Retention RAM[0m
[0;32mI (360) heap_init: At 50000200 len 00001DE8 (7 KiB): RTCRAM[0m
[0;32mI (367) spi_flash: detected chip: generic[0m
[0;32mI (371) spi_flash: flash io: dio[0m
[0;33mW (375) spi_flash: Detected size(4096k) larger than the size in the binary image header(2048k). Using the size in the binary image header.[0m
[0;32mI (388) sleep: Configure to isolate all GPIO pins in sleep state[0m
[0;32mI (395) sleep: Enable automatic switching of GPIO sleep configuration[0m
[0;32mI (402) main_task: Started on CPU0[0m
[0;32mI (412) main_task: Calling app_main()[0m
[0;32mI (412) rpc: Start RPC sample[0m
[5n
Type 'help' to get the list of commands.
Use UP/DOWN arrows to navigate through command history.
Press TAB when typing command name to auto-complete.

Your terminal application does not support escape sequences.

Line editing and history features are disabled.

On Windows, try using Putty instead.
esp32> [0;33mW (922) rpc: WiFi and Golioth credentials are not set. Use the shell settings commands to set them.[0m

esp32> 
esp32> 
esp32> 
esp32> settings set wifi/ssid "***JONS_ORANGE_PI_WIFI_SSID***"
Setting wifi/ssid saved
esp32> 
esp32> 
esp32> 
esp32> 
esp32> 
esp32> settings set wifi/psk "***JONS_ORANGE_PI_WIFI_PSK***"
Setting wifi/psk saved
es::add-mask::generated-iUdKTsnSNRnEkcBW
p32> 
esp32> 
esp32> 
esp32> 
esp32> 
esp32> settings set golioth/psk-id "generated-iUdKTsnSNRnEkcBW@firmware_ci"
Setting golioth/psk-id saved
esp32> 
esp32> 
esp32> 
esp32> 
esp32> 
esp32> settings set golioth/psk "generated-iUdKTsnSNRnEkcBW"
Setting golioth/psk saved
esp32> 
esp32> [0;32mI (7942) pp: pp rom version: 9387209[0m
[0;32mI (7942) net80211: net80211 rom version: 9387209[0m
[0;32mI (7962) wifi_init: rx ba win: 6[0m
[0;32mI (7962) wifi_init: accept mbox: 6[0m
[0;32mI (7962) wifi_init: tcpip mbox: 32[0m
[0;32mI (7962) wifi_init: udp mbox: 6[0m
[0;32mI (7972) wifi_init: tcp mbox: 6[0m
[0;32mI (7972) wifi_init: tcp tx win: 5760[0m
[0;32mI (7982) wifi_init: tcp rx win: 5760[0m
[0;32mI (7982) wifi_init: tcp mss: 1440[0m
[0;32mI (7982) wifi_init: WiFi IRAM OP enabled[0m
[0;32mI (7992) wifi_init: WiFi RX IRAM OP enabled[0m
[0;32mI (7992) phy_init: phy_version 1180,01f2a49,Jun  4 2024,16:34:25[0m
[0;33mW (8002) phy_init: failed to load RF calibration data (0x1102), falling back to full calibration[0m
[0;33mW (8032) phy_init: saving new calibration data because of checksum failure, mode(2)[0m
[0;32mI (9412) esp_netif_handlers: sta ip: 192.168.8.141, mask: 255.255.255.0, gw: 192.168.8.1[0m
[0;32mI (9412) example_wifi: WiFi Connected. Got IP:192.168.8.141[0m
[0;32mI (9422) example_wifi: Connected to AP SSID: ***JONS_ORANGE_PI_WIFI_SSID***[0m
[0;32mI (9422) golioth_mbox: Mbox created, bufsize: 2520, num_items: 20, item_size: 120[0m
[0;33mW (9432) rpc: Waiting for connection to Golioth...[0m
[0;32mI (9442) golioth_coap_client_libcoap: Start CoAP session with host: coaps://coap.golioth.io[0m
[0;32mI (9452) golioth_coap_client_libcoap: Session PSK-ID: generated-iUdKTsnSNRnEkcBW@firmware_ci[0m
[0;32mI (9452) libcoap: Setting PSK key
[0m
[0;32mI (9462) golioth_coap_client_libcoap: Entering CoAP I/O loop[0m
[0;32mI (9942) golioth_coap_client_libcoap: Golioth CoAP client connected[0m
[0;32mI (9942) rpc: Golioth client connected[0m
[0;32mI (9952) rpc: RPC successfully registered[0m
[0;32mI (10762) golioth_rpc: RPC observation established[0m
