esptool.py v4.9.0
Serial port /dev/serial/by-id/usb-Silicon_Labs_CP2102N_USB_to_UART_Bridge_Controller_18a5eb8de0faeb11a1553ea4c6d924ec-if00-port0
Connecting....
Detecting chip type... ESP32-C3
Chip is ESP32-C3 (QFN32) (revision v0.3)
Features: WiFi, BLE
Crystal is 40MHz
MAC: 7c:df:a1:da:77:ac
Uploading stub...
Running stub...
Stub running...
Changing baud rate to 460800
Changed.
Configuring flash size...
Erasing flash (this may take a while)...
Chip erase completed successfully in 10.5 seconds.
Compressed 1019552 bytes to 598976...
Writing at 0x00000000... (2 %)
Writing at 0x00011d27... (5 %)
Writing at 0x0001e6f4... (8 %)
Writing at 0x0002aa01... (10 %)
Writing at 0x00033728... (13 %)
Writing at 0x0003b960... (16 %)
Writing at 0x00041ab2... (18 %)
Writing at 0x00047da0... (21 %)
Writing at 0x0004e21e... (24 %)
Writing at 0x000542d4... (27 %)
Writing at 0x00059cb3... (29 %)
Writing at 0x0005fa0d... (32 %)
Writing at 0x00066118... (35 %)
Writing at 0x0006bcb4... (37 %)
Writing at 0x00071d8f... (40 %)
Writing at 0x00077c00... (43 %)
Writing at 0x0007dcb0... (45 %)
Writing at 0x00083823... (48 %)
Writing at 0x00088f1c... (51 %)
Writing at 0x0008e978... (54 %)
Writing at 0x00094af2... (56 %)
Writing at 0x0009a56d... (59 %)
Writing at 0x0009fd9a... (62 %)
Writing at 0x000a5d46... (64 %)
Writing at 0x000ac3ec... (67 %)
Writing at 0x000b2473... (70 %)
Writing at 0x000b886f... (72 %)
Writing at 0x000be80a... (75 %)
Writing at 0x000c44d7... (78 %)
Writing at 0x000c9b4b... (81 %)
Writing at 0x000cf90b... (83 %)
Writing at 0x000d560a... (86 %)
Writing at 0x000dc638... (89 %)
Writing at 0x000e2b8a... (91 %)
Writing at 0x000e974f... (94 %)
Writing at 0x000ef82e... (97 %)
Writing at 0x000f56f3... (100 %)
Wrote 1019552 bytes (598976 compressed) at 0x00000000 in 16.9 seconds (effective 483.3 kbit/s)...
Hash of data verified.

Leaving...
Hard resetting via RTS pin...
ESP-ROM:esp32c3-api1-20210207
Build:Feb  7 2021
rst:0x1 (POWERON),boot:0xc (SPI_FAST_FLASH_BOOT)
SPIWP:0xee
mode:DIO, clock div:1
load:0x3fcd5820,len:0x1574
load:0x403cc710,len:0xc30
load:0x403ce710,len:0x2f64
entry 0x403cc71a
I (30) boot: ESP-IDF v5.4.1 2nd stage bootloader
I (30) boot: compile time Oct  6 2025 20:00:12
I (30) boot: chip revision: v0.3
I (30) boot: efuse block revision: v1.1
I (34) boot.esp32c3: SPI Speed      : 80MHz
I (38) boot.esp32c3: SPI Mode       : DIO
I (41) boot.esp32c3: SPI Flash Size : 2MB
I (45) boot: Enabling RNG early entropy source...
I (50) boot: Partition Table:
I (52) boot: ## Label            Usage          Type ST Offset   Length
I (59) boot:  0 nvs              WiFi data        01 02 00009000 00006000
I (65) boot:  1 phy_init         RF data          01 01 0000f000 00001000
I (72) boot:  2 factory          factory app      00 00 00010000 00100000
I (78) boot: End of partition table
I (81) esp_image: segment 0: paddr=00010020 vaddr=3c0b0020 size=25710h (153360) map
I (113) esp_image: segment 1: paddr=00035738 vaddr=3fc93400 size=03050h ( 12368) load
I (116) esp_image: segment 2: paddr=00038790 vaddr=40380000 size=07888h ( 30856) load
I (123) esp_image: segment 3: paddr=00040020 vaddr=42000020 size=ad348h (709448) map
I (238) esp_image: segment 4: paddr=000ed370 vaddr=40387888 size=0bae8h ( 47848) load
I (247) esp_image: segment 5: paddr=000f8e60 vaddr=50000200 size=0001ch (    28) load
I (253) boot: Loaded app from partition at offset 0x10000
I (253) boot: Disabling RNG early entropy source...
I (264) cpu_start: Unicore app
I (273) cpu_start: Pro cpu start user code
I (273) cpu_start: cpu freq: 160000000 Hz
I (273) app_init: Application information:
I (273) app_init: Project name:     hello
I (276) app_init: App version:      633c80a-dirty
I (281) app_init: Compile time:     Oct  6 2025 20:00:05
I (286) app_init: ELF file SHA256:  636e11e6f...
I (290) app_init: ESP-IDF:          v5.4.1
I (294) efuse_init: Min chip rev:     v0.3
I (298) efuse_init: Max chip rev:     v1.99 
I (302) efuse_init: Chip rev:         v0.3
I (306) heap_init: Initializing. RAM available for dynamic allocation:
I (312) heap_init: At 3FC9DEB0 len 00022150 (136 KiB): RAM
I (317) heap_init: At 3FCC0000 len 0001C710 (113 KiB): Retention RAM
I (323) heap_init: At 3FCDC710 len 00002950 (10 KiB): Retention RAM
I (329) heap_init: At 5000021C len 00001DCC (7 KiB): RTCRAM
I (335) spi_flash: detected chip: generic
I (338) spi_flash: flash io: dio
W (341) spi_flash: Detected size(4096k) larger than the size in the binary image header(2048k). Using the size in the binary image header.
I (354) sleep_gpio: Configure to isolate all GPIO pins in sleep state
I (360) sleep_gpio: Enable automatic switching of GPIO sleep configuration
I (367) main_task: Started on CPU0
I (377) main_task: Calling app_main()
[5n
Type 'help' to get the list of commands.
Use UP/DOWN arrows to navigate through command history.
Press TAB when typing command name to auto-complete.

Your terminal application does not support escape sequences.

Line editing and history features are disabled.

On Windows, try using Putty instead.
esp32> W (887) hello: WiFi credentials are not set. Use the shell settings commands to set them.

esp32> 
esp32> 
esp32> 
esp32> settings set wifi/ssid "***MIKES_ORANGE_PI_WIFI_SSID***"
Setting wifi/ssid saved
esp32> 
esp32> 
esp32> 
esp32> 
esp32> 
esp32> settings set wifi/psk "***MIKES_ORANGE_PI_WIFI_PSK***"
Setting wifi/psk saved
esp32> 
esp32> ::add-mask::generated-FQxtgfRWXKQqpYpi

esp32> 
esp32> 
esp32> 
esp32> settings set golioth/psk-id "generated-FQxtgfRWXKQqpYpi@firmware_ci"
Setting golioth/psk-id saved
esp32> 
esp32> 
esp32> 
esp32> 
esp32> 
esp32> settings set golioth/psk "generated-FQxtgfRWXKQqpYpi"
Setting golioth/psk saved
esp32> 
esp32> I (7907) pp: pp rom version: 9387209
I (7907) net80211: net80211 rom version: 9387209
I (7927) wifi_init: rx ba win: 6
I (7927) wifi_init: accept mbox: 6
I (7927) wifi_init: tcpip mbox: 32
I (7927) wifi_init: udp mbox: 6
I (7927) wifi_init: tcp mbox: 6
I (7937) wifi_init: tcp tx win: 5760
I (7937) wifi_init: tcp rx win: 5760
I (7937) wifi_init: tcp mss: 1440
I (7947) wifi_init: WiFi IRAM OP enabled
I (7947) wifi_init: WiFi RX IRAM OP enabled
I (7947) phy_init: phy_version 1200,2b7123f9,Feb 18 2025,15:22:21
W (7957) phy_init: failed to load RF calibration data (0x1102), falling back to full calibration
I (7987) phy_init: Saving new calibration data due to checksum failure or outdated calibration data, mode(2)
I (9997) esp_netif_handlers: sta ip: 192.168.8.119, mask: 255.255.255.0, gw: 192.168.8.1
I (9997) example_wifi: WiFi Connected. Got IP:192.168.8.119
I (10007) example_wifi: Connected to AP SSID: ***MIKES_ORANGE_PI_WIFI_SSID***
I (10007) golioth_mbox: Mbox created, bufsize: 2688, num_items: 20, item_size: 128
W (10017) hello: Waiting for connection to Golioth...
I (10027) golioth_coap_client_libcoap: Start CoAP session with host: coaps://coap.golioth.io
I (10027) golioth_coap_client_libcoap: Session PSK-ID: generated-FQxtgfRWXKQqpYpi@firmware_ci
I (10047) libcoap: Setting PSK key

I (10047) golioth_coap_client_libcoap: Entering CoAP I/O loop
I (10907) golioth_coap_client_libcoap: Golioth CoAP client connected
I (10907) hello: Golioth client connected
I (10907) hello: Sending hello! 0
I (15907) hello: Sending hello! 1
I (20907) hello: Sending hello! 2
I (25907) hello: Sending hello! 3
